2026-10-08T21:31:45.3367633Z Current runner version: '2.337.0'
2026-10-08T21:31:45.3401280Z ##[group]Runner Image Provisioner
2026-10-08T21:31:45.3402725Z Hosted Compute Agent
2026-10-08T21:31:45.3403942Z Version: 20261002.596
2026-10-08T21:31:45.3405079Z Commit: c3d12f3313a95f25162a1503be624f3b0617f8c0
2026-10-08T21:31:45.3406276Z Build Date: 2026-10-02T22:28:27Z
2026-10-08T21:31:45.3407458Z Worker ID: {7ed8d785-feb2-4518-a7a6-132668a7a133}
2026-10-08T21:31:45.3408905Z Region: eastus2
2026-10-08T21:31:45.3409895Z Cloud: Azure
2026-10-08T21:31:45.3410773Z ##[endgroup]
2026-10-08T21:31:45.3413190Z ##[group]Operating System
2026-10-08T21:31:45.3414355Z Ubuntu
2026-10-08T21:31:45.3415224Z 24.04.5
2026-10-08T21:31:45.3416122Z LTS
2026-10-08T21:31:45.3416968Z ##[endgroup]
2026-10-08T21:31:45.3417969Z ##[group]Runner Image
2026-10-08T21:31:45.3419302Z Image: ubuntu-24.04
2026-10-08T21:31:45.3420200Z Version: 20261004.327.1
2026-10-08T21:31:45.3422444Z Included Software: https://github.com/actions/runner-images/blob/ubuntu24/20261004.327/images/ubuntu/Ubuntu2404-Readme.md
2026-10-08T21:31:45.3425190Z Image Release: https://github.com/actions/runner-images/releases/tag/ubuntu24%2F20261004.327
2026-10-08T21:31:45.3426846Z ##[endgroup]
2026-10-08T21:31:45.3428977Z ##[group]GITHUB_TOKEN Permissions
2026-10-08T21:31:45.3431581Z Contents: read
2026-10-08T21:31:45.3432509Z Metadata: read
2026-10-08T21:31:45.3433494Z ##[endgroup]
2026-10-08T21:31:45.3436458Z Secret source: Actions
2026-10-08T21:31:45.3438037Z Cache mode: write
2026-10-08T21:31:45.3439458Z Prepare workflow directory
2026-10-08T21:31:45.3995164Z Prepare all required actions
2026-10-08T21:31:45.4066936Z Getting action download info
2026-10-08T21:31:45.6201975Z Download action repository 'actions/checkout@v4' (SHA:11d5960a326750d5838078e36cf38b85af677262)
2026-10-08T21:31:45.7235977Z Download action repository 'dtolnay/rust-toolchain@1.95.0' (SHA:eb0a44f258ec94ab9ee0f14f998f4cf332c25d3a)
2026-10-08T21:31:45.8199524Z Download action repository 'actions/upload-artifact@v4' (SHA:ea165f8d65b6e75b540449e92b4886f43607fa02)
2026-10-08T21:31:46.0540941Z Complete job name: offline (default)
2026-10-08T21:31:46.1400615Z ##[group]Run actions/checkout@v4
2026-10-08T21:31:46.1401487Z with:
2026-10-08T21:31:46.1401955Z   ref: 29682890c89511dd6f477a6bf48bd969aa1537af
2026-10-08T21:31:46.1402548Z   repository: jyqj/codecortex
2026-10-08T21:31:46.1406262Z   token: ***
2026-10-08T21:31:46.1406684Z   ssh-strict: true
2026-10-08T21:31:46.1407124Z   ssh-user: git
2026-10-08T21:31:46.1407559Z   persist-credentials: true
2026-10-08T21:31:46.1408028Z   clean: true
2026-10-08T21:31:46.1408653Z   sparse-checkout-cone-mode: true
2026-10-08T21:31:46.1409192Z   fetch-depth: 1
2026-10-08T21:31:46.1409621Z   fetch-tags: false
2026-10-08T21:31:46.1410064Z   show-progress: true
2026-10-08T21:31:46.1410509Z   lfs: false
2026-10-08T21:31:46.1410916Z   submodules: false
2026-10-08T21:31:46.1411362Z   set-safe-directory: true
2026-10-08T21:31:46.1411861Z   allow-unsafe-pr-checkout: false
2026-10-08T21:31:46.1412631Z env:
2026-10-08T21:31:46.1413078Z   CARGO_TERM_COLOR: never
2026-10-08T21:31:46.1413609Z   PYTHONDONTWRITEBYTECODE: 1
2026-10-08T21:31:46.1414117Z   CARGO_INCREMENTAL: 0
2026-10-08T21:31:46.1414581Z   CARGO_PROFILE_DEV_DEBUG: 0
2026-10-08T21:31:46.1415077Z   CARGO_PROFILE_TEST_DEBUG: 0
2026-10-08T21:31:46.1415559Z   CARGO_BUILD_JOBS: 2
2026-10-08T21:31:46.1416017Z   RUSTFLAGS: -D warnings
2026-10-08T21:31:46.1416476Z ##[endgroup]
2026-10-08T21:31:46.2376865Z Syncing repository: jyqj/codecortex
2026-10-08T21:31:46.2379263Z ##[group]Getting Git version info
2026-10-08T21:31:46.2380061Z Working directory is '/home/runner/work/codecortex/codecortex'
2026-10-08T21:31:46.2381093Z [command]/usr/bin/git version
2026-10-08T21:31:46.2472374Z git version 2.55.0
2026-10-08T21:31:46.2494094Z ##[endgroup]
2026-10-08T21:31:46.2507520Z Temporarily overriding HOME='/home/runner/work/_temp/77899e39-1d6d-4249-9747-c4f6ce7c7cc7' before making global git config changes
2026-10-08T21:31:46.2509650Z Adding repository directory to the temporary git global config as a safe directory
2026-10-08T21:31:46.2513442Z [command]/usr/bin/git config --global --add safe.directory /home/runner/work/codecortex/codecortex
2026-10-08T21:31:46.2573715Z Deleting the contents of '/home/runner/work/codecortex/codecortex'
2026-10-08T21:31:46.2577675Z ##[group]Initializing the repository
2026-10-08T21:31:46.2581890Z [command]/usr/bin/git init /home/runner/work/codecortex/codecortex
2026-10-08T21:31:46.2724815Z hint: Using 'master' as the name for the initial branch. This default branch name
2026-10-08T21:31:46.2726487Z hint: will change to "main" in Git 3.0. To configure the initial branch name
2026-10-08T21:31:46.2727718Z hint: to use in all of your new repositories, which will suppress this warning,
2026-10-08T21:31:46.2728968Z hint: call:
2026-10-08T21:31:46.2729780Z hint:
2026-10-08T21:31:46.2730439Z hint: 	git config --global init.defaultBranch <name>
2026-10-08T21:31:46.2731475Z hint:
2026-10-08T21:31:46.2732623Z hint: Names commonly chosen instead of 'master' are 'main', 'trunk' and
2026-10-08T21:31:46.2818824Z hint: 'development'. The just-created branch can be renamed via this command:
2026-10-08T21:31:46.2820407Z hint:
2026-10-08T21:31:46.2821129Z hint: 	git branch -m <name>
2026-10-08T21:31:46.2822006Z hint:
2026-10-08T21:31:46.2822899Z hint: Disable this message with "git config set advice.defaultBranchName false"
2026-10-08T21:31:46.2824192Z Initialized empty Git repository in /home/runner/work/codecortex/codecortex/.git/
2026-10-08T21:31:46.2827185Z [command]/usr/bin/git remote add origin https://github.com/jyqj/codecortex
2026-10-08T21:31:46.2830601Z ##[endgroup]
2026-10-08T21:31:46.2831990Z ##[group]Disabling automatic garbage collection
2026-10-08T21:31:46.2833217Z [command]/usr/bin/git config --local gc.auto 0
2026-10-08T21:31:46.2835775Z ##[endgroup]
2026-10-08T21:31:46.2837000Z ##[group]Setting up auth
2026-10-08T21:31:46.2840183Z [command]/usr/bin/git config --local --name-only --get-regexp core\.sshCommand
2026-10-08T21:31:46.2871482Z [command]/usr/bin/git submodule foreach --recursive sh -c "git config --local --name-only --get-regexp 'core\.sshCommand' && git config --local --unset-all 'core.sshCommand' || :"
2026-10-08T21:31:46.3228881Z [command]/usr/bin/git config --local --name-only --get-regexp http\.https\:\/\/github\.com\/\.extraheader
2026-10-08T21:31:46.3261292Z [command]/usr/bin/git submodule foreach --recursive sh -c "git config --local --name-only --get-regexp 'http\.https\:\/\/github\.com\/\.extraheader' && git config --local --unset-all 'http.https://github.com/.extraheader' || :"
2026-10-08T21:31:46.3486813Z [command]/usr/bin/git config --local --name-only --get-regexp ^includeIf\.gitdir:
2026-10-08T21:31:46.3519529Z [command]/usr/bin/git submodule foreach --recursive git config --local --show-origin --name-only --get-regexp remote.origin.url
2026-10-08T21:31:46.3759360Z [command]/usr/bin/git config --local http.https://github.com/.extraheader AUTHORIZATION: basic ***
2026-10-08T21:31:46.3815757Z ##[endgroup]
2026-10-08T21:31:46.3817278Z ##[group]Fetching the repository
2026-10-08T21:31:46.3825731Z [command]/usr/bin/git -c protocol.version=2 fetch --no-tags --prune --no-recurse-submodules --depth=1 origin 29682890c89511dd6f477a6bf48bd969aa1537af
2026-10-08T21:31:59.5812641Z From https://github.com/jyqj/codecortex
2026-10-08T21:31:59.5814828Z  * branch            29682890c89511dd6f477a6bf48bd969aa1537af -> FETCH_HEAD
2026-10-08T21:31:59.5820310Z ##[endgroup]
2026-10-08T21:31:59.5822230Z ##[group]Determining the checkout info
2026-10-08T21:31:59.5824400Z ##[endgroup]
2026-10-08T21:31:59.5827154Z [command]/usr/bin/git sparse-checkout disable
2026-10-08T21:31:59.5885234Z [command]/usr/bin/git config --local --unset-all extensions.worktreeConfig
2026-10-08T21:31:59.5912508Z ##[group]Checking out the ref
2026-10-08T21:31:59.5915870Z [command]/usr/bin/git checkout --progress --force 29682890c89511dd6f477a6bf48bd969aa1537af
2026-10-08T21:32:00.6182520Z Updating files:  51% (11094/21461)
2026-10-08T21:32:00.6679215Z Updating files:  52% (11160/21461)
2026-10-08T21:32:00.6852729Z Updating files:  53% (11375/21461)
2026-10-08T21:32:00.7329572Z Updating files:  54% (11589/21461)
2026-10-08T21:32:00.7446863Z Updating files:  55% (11804/21461)
2026-10-08T21:32:00.7602506Z Updating files:  56% (12019/21461)
2026-10-08T21:32:00.7713752Z Updating files:  57% (12233/21461)
2026-10-08T21:32:00.7939073Z Updating files:  58% (12448/21461)
2026-10-08T21:32:00.8072523Z Updating files:  59% (12662/21461)
2026-10-08T21:32:00.8167055Z Updating files:  60% (12877/21461)
2026-10-08T21:32:00.8286847Z Updating files:  61% (13092/21461)
2026-10-08T21:32:00.8386175Z Updating files:  62% (13306/21461)
2026-10-08T21:32:00.8484889Z Updating files:  63% (13521/21461)
2026-10-08T21:32:00.8582734Z Updating files:  64% (13736/21461)
2026-10-08T21:32:00.8674755Z Updating files:  65% (13950/21461)
2026-10-08T21:32:00.8772585Z Updating files:  66% (14165/21461)
2026-10-08T21:32:00.8859721Z Updating files:  67% (14379/21461)
2026-10-08T21:32:00.8948774Z Updating files:  68% (14594/21461)
2026-10-08T21:32:00.9081905Z Updating files:  69% (14809/21461)
2026-10-08T21:32:00.9240254Z Updating files:  70% (15023/21461)
2026-10-08T21:32:00.9529988Z Updating files:  71% (15238/21461)
2026-10-08T21:32:00.9937096Z Updating files:  72% (15452/21461)
2026-10-08T21:32:01.0175032Z Updating files:  73% (15667/21461)
2026-10-08T21:32:01.1150783Z Updating files:  74% (15882/21461)
2026-10-08T21:32:01.1386921Z Updating files:  75% (16096/21461)
2026-10-08T21:32:01.1564003Z Updating files:  76% (16311/21461)
2026-10-08T21:32:01.1782078Z Updating files:  77% (16525/21461)
2026-10-08T21:32:01.2132238Z Updating files:  78% (16740/21461)
2026-10-08T21:32:01.2376647Z Updating files:  79% (16955/21461)
2026-10-08T21:32:01.2603318Z Updating files:  80% (17169/21461)
2026-10-08T21:32:01.2812470Z Updating files:  81% (17384/21461)
2026-10-08T21:32:01.2972894Z Updating files:  82% (17599/21461)
2026-10-08T21:32:01.3182654Z Updating files:  83% (17813/21461)
2026-10-08T21:32:01.3931742Z Updating files:  84% (18028/21461)
2026-10-08T21:32:01.4798690Z Updating files:  85% (18242/21461)
2026-10-08T21:32:01.5611977Z Updating files:  86% (18457/21461)
2026-10-08T21:32:01.5856185Z Updating files:  87% (18672/21461)
2026-10-08T21:32:01.6009309Z Updating files:  88% (18886/21461)
2026-10-08T21:32:01.6142392Z Updating files:  89% (19101/21461)
2026-10-08T21:32:01.6157873Z Updating files:  90% (19315/21461)
2026-10-08T21:32:01.6325799Z Updating files:  90% (19320/21461)
2026-10-08T21:32:02.0169364Z Updating files:  91% (19530/21461)
2026-10-08T21:32:02.3438693Z Updating files:  92% (19745/21461)
2026-10-08T21:32:02.3620992Z Updating files:  93% (19959/21461)
2026-10-08T21:32:02.3762677Z Updating files:  94% (20174/21461)
2026-10-08T21:32:02.3951006Z Updating files:  95% (20388/21461)
2026-10-08T21:32:02.4165690Z Updating files:  96% (20603/21461)
2026-10-08T21:32:02.4403708Z Updating files:  97% (20818/21461)
2026-10-08T21:32:02.4609118Z Updating files:  98% (21032/21461)
2026-10-08T21:32:02.4850620Z Updating files:  99% (21247/21461)
2026-10-08T21:32:02.4851864Z Updating files: 100% (21461/21461)
2026-10-08T21:32:02.4879296Z Updating files: 100% (21461/21461), done.
2026-10-08T21:32:02.5311806Z Note: switching to '29682890c89511dd6f477a6bf48bd969aa1537af'.
2026-10-08T21:32:02.5312412Z 
2026-10-08T21:32:02.5312851Z You are in 'detached HEAD' state. You can look around, make experimental
2026-10-08T21:32:02.5313489Z changes and commit them, and you can discard any commits you make in this
2026-10-08T21:32:02.5314110Z state without impacting any branches by switching back to a branch.
2026-10-08T21:32:02.5314467Z 
2026-10-08T21:32:02.5314710Z If you want to create a new branch to retain commits you create, you may
2026-10-08T21:32:02.5315287Z do so (now or later) by using -c with the switch command. Example:
2026-10-08T21:32:02.5315611Z 
2026-10-08T21:32:02.5315748Z   git switch -c <new-branch-name>
2026-10-08T21:32:02.5315970Z 
2026-10-08T21:32:02.5316094Z Or undo this operation with:
2026-10-08T21:32:02.5316429Z 
2026-10-08T21:32:02.5316600Z   git switch -
2026-10-08T21:32:02.5317269Z 
2026-10-08T21:32:02.5317562Z Turn off this advice by setting config variable advice.detachedHead to false
2026-10-08T21:32:02.5317975Z 
2026-10-08T21:32:02.5318589Z HEAD is now at 2968289 build: pin independently reviewed runtime cleanup source
2026-10-08T21:32:02.5441639Z ##[endgroup]
2026-10-08T21:32:02.5488835Z [command]/usr/bin/git log -1 --format=%H
2026-10-08T21:32:02.5512915Z 29682890c89511dd6f477a6bf48bd969aa1537af
2026-10-08T21:32:02.6725033Z ##[group]Run dtolnay/rust-toolchain@1.95.0
2026-10-08T21:32:02.6725357Z with:
2026-10-08T21:32:02.6725553Z env:
2026-10-08T21:32:02.6725751Z   CARGO_TERM_COLOR: never
2026-10-08T21:32:02.6726000Z   PYTHONDONTWRITEBYTECODE: 1
2026-10-08T21:32:02.6726250Z   CARGO_INCREMENTAL: 0
2026-10-08T21:32:02.6726473Z   CARGO_PROFILE_DEV_DEBUG: 0
2026-10-08T21:32:02.6726711Z   CARGO_PROFILE_TEST_DEBUG: 0
2026-10-08T21:32:02.6727032Z   CARGO_BUILD_JOBS: 2
2026-10-08T21:32:02.6727419Z   RUSTFLAGS: -D warnings
2026-10-08T21:32:02.6727822Z ##[endgroup]
2026-10-08T21:32:02.6792485Z ##[start-action display=Parse toolchain version;id=__dtolnay_rust-toolchain.parse]
2026-10-08T21:32:02.7860222Z ##[group]Run if [[ -z $toolchain ]]; then
2026-10-08T21:32:02.7860629Z [36;1mif [[ -z $toolchain ]]; then[0m
2026-10-08T21:32:02.7861349Z [36;1m  # GitHub does not enforce `required: true` inputs itself. https://github.com/actions/runner/issues/1070[0m
2026-10-08T21:32:02.7861983Z [36;1m  echo "'toolchain' is a required input" >&2[0m
2026-10-08T21:32:02.7862288Z [36;1m  exit 1[0m
2026-10-08T21:32:02.7862922Z [36;1melif [[ $toolchain =~ ^stable' '[0-9]+' '(year|month|week|day)s?' 'ago$ ]]; then[0m
2026-10-08T21:32:02.7863359Z [36;1m  if [[ Linux == macOS ]]; then[0m
2026-10-08T21:32:02.7863916Z [36;1m    echo "toolchain=1.$((($(date -v-$(sed 's/stable \([0-9]*\) \(.\).*/\1\2/' <<< $toolchain) +%s)/60/60/24-16569)/7/6))" >> $GITHUB_OUTPUT[0m
2026-10-08T21:32:02.7864500Z [36;1m  else[0m
2026-10-08T21:32:02.7864920Z [36;1m    echo "toolchain=1.$((($(date --date "${toolchain#stable }" +%s)/60/60/24-16569)/7/6))" >> $GITHUB_OUTPUT[0m
2026-10-08T21:32:02.7865405Z [36;1m  fi[0m
2026-10-08T21:32:02.7865710Z [36;1melif [[ $toolchain =~ ^stable' 'minus' '[0-9]+' 'releases?$ ]]; then[0m
2026-10-08T21:32:02.7866308Z [36;1m  echo "toolchain=1.$((($(date +%s)/60/60/24-16569)/7/6-${toolchain//[^0-9]/}))" >> $GITHUB_OUTPUT[0m
2026-10-08T21:32:02.7866781Z [36;1melif [[ $toolchain =~ ^1\.[0-9]+$ ]]; then[0m
2026-10-08T21:32:02.7867323Z [36;1m  echo "toolchain=1.$((i=${toolchain#1.}, c=($(date +%s)/60/60/24-16569)/7/6, i+9*i*(10*i<=c)+90*i*(100*i<=c)))" >> $GITHUB_OUTPUT[0m
2026-10-08T21:32:02.7867827Z [36;1melse[0m
2026-10-08T21:32:02.7868089Z [36;1m  echo "toolchain=$toolchain" >> $GITHUB_OUTPUT[0m
2026-10-08T21:32:02.7868545Z [36;1mfi[0m
2026-10-08T21:32:03.0334244Z shell: /usr/bin/bash --noprofile --norc -e -o pipefail {0}
2026-10-08T21:32:03.0334666Z env:
2026-10-08T21:32:03.0334913Z   CARGO_TERM_COLOR: never
2026-10-08T21:32:03.0335210Z   PYTHONDONTWRITEBYTECODE: 1
2026-10-08T21:32:03.0335725Z   CARGO_INCREMENTAL: 0
2026-10-08T21:32:03.0335999Z   CARGO_PROFILE_DEV_DEBUG: 0
2026-10-08T21:32:03.0336285Z   CARGO_PROFILE_TEST_DEBUG: 0
2026-10-08T21:32:03.0336565Z   CARGO_BUILD_JOBS: 2
2026-10-08T21:32:03.0336823Z   RUSTFLAGS: -D warnings
2026-10-08T21:32:03.0337100Z   toolchain: 1.95.0
2026-10-08T21:32:03.0337348Z ##[endgroup]
2026-10-08T21:32:03.0478763Z ##[end-action id=__dtolnay_rust-toolchain.parse;outcome=success;conclusion=success;duration_ms=368]
2026-10-08T21:32:03.0485947Z ##[start-action display=Construct rustup command line;id=__dtolnay_rust-toolchain.flags]
2026-10-08T21:32:03.0859774Z ##[group]Run echo "targets=$(for t in ${targets//,/ }; do echo -n ' --target' $t; done)" >> $GITHUB_OUTPUT
2026-10-08T21:32:03.0860483Z [36;1mecho "targets=$(for t in ${targets//,/ }; do echo -n ' --target' $t; done)" >> $GITHUB_OUTPUT[0m
2026-10-08T21:32:03.0861136Z [36;1mecho "components=$(for c in ${components//,/ }; do echo -n ' --component' $c; done)" >> $GITHUB_OUTPUT[0m
2026-10-08T21:32:03.0861834Z [36;1mecho "downgrade=" >> $GITHUB_OUTPUT[0m
2026-10-08T21:32:03.0922782Z shell: /usr/bin/bash --noprofile --norc -e -o pipefail {0}
2026-10-08T21:32:03.0923132Z env:
2026-10-08T21:32:03.0923335Z   CARGO_TERM_COLOR: never
2026-10-08T21:32:03.0923593Z   PYTHONDONTWRITEBYTECODE: 1
2026-10-08T21:32:03.0923843Z   CARGO_INCREMENTAL: 0
2026-10-08T21:32:03.0924066Z   CARGO_PROFILE_DEV_DEBUG: 0
2026-10-08T21:32:03.0924503Z   CARGO_PROFILE_TEST_DEBUG: 0
2026-10-08T21:32:03.0924744Z   CARGO_BUILD_JOBS: 2
2026-10-08T21:32:03.0924972Z   RUSTFLAGS: -D warnings
2026-10-08T21:32:03.0925200Z   targets: 
2026-10-08T21:32:03.0925397Z   components: 
2026-10-08T21:32:03.0925597Z ##[endgroup]
2026-10-08T21:32:03.1020853Z ##[end-action id=__dtolnay_rust-toolchain.flags;outcome=success;conclusion=success;duration_ms=53]
2026-10-08T21:32:03.1023087Z ##[start-action display=Set $CARGO_HOME;id=__dtolnay_rust-toolchain.__run]
2026-10-08T21:32:03.1044457Z ##[group]Run echo CARGO_HOME=${CARGO_HOME:-"$HOME/.cargo"} >> $GITHUB_ENV
2026-10-08T21:32:03.1044949Z [36;1mecho CARGO_HOME=${CARGO_HOME:-"$HOME/.cargo"} >> $GITHUB_ENV[0m
2026-10-08T21:32:03.1103764Z shell: /usr/bin/bash --noprofile --norc -e -o pipefail {0}
2026-10-08T21:32:03.1104105Z env:
2026-10-08T21:32:03.1104306Z   CARGO_TERM_COLOR: never
2026-10-08T21:32:03.1104558Z   PYTHONDONTWRITEBYTECODE: 1
2026-10-08T21:32:03.1104803Z   CARGO_INCREMENTAL: 0
2026-10-08T21:32:03.1105042Z   CARGO_PROFILE_DEV_DEBUG: 0
2026-10-08T21:32:03.1105290Z   CARGO_PROFILE_TEST_DEBUG: 0
2026-10-08T21:32:03.1105532Z   CARGO_BUILD_JOBS: 2
2026-10-08T21:32:03.1105752Z   RUSTFLAGS: -D warnings
2026-10-08T21:32:03.1105973Z ##[endgroup]
2026-10-08T21:32:03.1189906Z ##[end-action id=__dtolnay_rust-toolchain.__run;outcome=success;conclusion=success;duration_ms=16]
2026-10-08T21:32:03.1192039Z ##[start-action display=Install rustup if needed;id=__dtolnay_rust-toolchain.__run_2]
2026-10-08T21:32:03.1218723Z ##[group]Run if ! command -v rustup &>/dev/null; then
2026-10-08T21:32:03.1219131Z [36;1mif ! command -v rustup &>/dev/null; then[0m
2026-10-08T21:32:03.1219898Z [36;1m  curl --proto '=https' --tlsv1.2 --retry 10 --retry-connrefused --location --silent --show-error --fail https://sh.rustup.rs | sh -s -- --default-toolchain none -y[0m
2026-10-08T21:32:03.1220642Z [36;1m  echo "$CARGO_HOME/bin" >> $GITHUB_PATH[0m
2026-10-08T21:32:03.1220928Z [36;1mfi[0m
2026-10-08T21:32:03.1278678Z shell: /usr/bin/bash --noprofile --norc -e -o pipefail {0}
2026-10-08T21:32:03.1279030Z env:
2026-10-08T21:32:03.1279232Z   CARGO_TERM_COLOR: never
2026-10-08T21:32:03.1279488Z   PYTHONDONTWRITEBYTECODE: 1
2026-10-08T21:32:03.1279733Z   CARGO_INCREMENTAL: 0
2026-10-08T21:32:03.1279959Z   CARGO_PROFILE_DEV_DEBUG: 0
2026-10-08T21:32:03.1280197Z   CARGO_PROFILE_TEST_DEBUG: 0
2026-10-08T21:32:03.1280434Z   CARGO_BUILD_JOBS: 2
2026-10-08T21:32:03.1280662Z   RUSTFLAGS: -D warnings
2026-10-08T21:32:03.1280912Z   CARGO_HOME: /home/runner/.cargo
2026-10-08T21:32:03.1281164Z ##[endgroup]
2026-10-08T21:32:03.1389790Z ##[end-action id=__dtolnay_rust-toolchain.__run_2;outcome=success;conclusion=success;duration_ms=19]
2026-10-08T21:32:03.1393711Z ##[start-action display=Install rustup if needed on windows;id=__dtolnay_rust-toolchain.__run_3]
2026-10-08T21:32:03.1401858Z ##[end-action id=__dtolnay_rust-toolchain.__run_3;outcome=skipped;conclusion=skipped;duration_ms=0]
2026-10-08T21:32:03.1412470Z ##[start-action display=rustup toolchain install 1.95.0;id=__dtolnay_rust-toolchain.__run_4]
2026-10-08T21:32:03.1434481Z ##[group]Run log=$(mktemp)
2026-10-08T21:32:03.1434744Z [36;1mlog=$(mktemp)[0m
2026-10-08T21:32:03.1434981Z [36;1mtrap 'rm -f "$log"' EXIT[0m
2026-10-08T21:32:03.1435247Z [36;1mfor attempt in 1 2 3 4 5; do[0m
2026-10-08T21:32:03.1435785Z [36;1m  if rustup toolchain install 1.95.0 --profile minimal --no-self-update --force-non-host 2>&1 | tee "$log"; then[0m
2026-10-08T21:32:03.1436316Z [36;1m    break[0m
2026-10-08T21:32:03.1436524Z [36;1m  else[0m
2026-10-08T21:32:03.1436927Z [36;1m    status=$?[0m
2026-10-08T21:32:03.1437151Z [36;1m  fi[0m
2026-10-08T21:32:03.1437448Z [36;1m  if [[ $attempt == 5 ]] || ! grep -Fq 'checksum failed for ' "$log" \[0m
2026-10-08T21:32:03.1438017Z [36;1m      || ! grep -Fq 'this is likely due to an ongoing update of the official release server' "$log"; then[0m
2026-10-08T21:32:03.1438784Z [36;1m    exit "$status"[0m
2026-10-08T21:32:03.1439025Z [36;1m  fi[0m
2026-10-08T21:32:03.1439576Z [36;1m  echo "Retrying rustup toolchain install in 30 seconds (retry $attempt of 4)" >&2[0m
2026-10-08T21:32:03.1440055Z [36;1m  sleep 30[0m
2026-10-08T21:32:03.1440268Z [36;1mdone[0m
2026-10-08T21:32:03.1496532Z shell: /usr/bin/bash --noprofile --norc -e -o pipefail {0}
2026-10-08T21:32:03.1496879Z env:
2026-10-08T21:32:03.1497077Z   CARGO_TERM_COLOR: never
2026-10-08T21:32:03.1497331Z   PYTHONDONTWRITEBYTECODE: 1
2026-10-08T21:32:03.1497579Z   CARGO_INCREMENTAL: 0
2026-10-08T21:32:03.1497805Z   CARGO_PROFILE_DEV_DEBUG: 0
2026-10-08T21:32:03.1498063Z   CARGO_PROFILE_TEST_DEBUG: 0
2026-10-08T21:32:03.1498301Z   CARGO_BUILD_JOBS: 2
2026-10-08T21:32:03.1498705Z   RUSTFLAGS: -D warnings
2026-10-08T21:32:03.1498941Z   CARGO_HOME: /home/runner/.cargo
2026-10-08T21:32:03.1499203Z   RUSTUP_PERMIT_COPY_RENAME: 1
2026-10-08T21:32:03.1499440Z ##[endgroup]
2026-10-08T21:32:03.2054231Z info: syncing channel updates for 1.95.0-x86_64-unknown-linux-gnu
2026-10-08T21:32:03.3704183Z info: latest update on 2026-04-16 for version 1.95.0 (59807616e 2026-04-14)
2026-10-08T21:32:03.3705116Z info: downloading 3 components
2026-10-08T21:32:10.7546725Z 
2026-10-08T21:32:10.7616756Z   1.95.0-x86_64-unknown-linux-gnu installed - rustc 1.95.0 (59807616e 2026-04-14)
2026-10-08T21:32:10.7619228Z 
2026-10-08T21:32:10.7699099Z ##[end-action id=__dtolnay_rust-toolchain.__run_4;outcome=success;conclusion=success;duration_ms=7628]
2026-10-08T21:32:10.7707246Z ##[start-action display=rustup default 1.95.0;id=__dtolnay_rust-toolchain.__run_5]
2026-10-08T21:32:10.7735764Z ##[group]Run rustup default 1.95.0 --force-non-host
2026-10-08T21:32:10.7736162Z [36;1mrustup default 1.95.0 --force-non-host[0m
2026-10-08T21:32:10.7799656Z shell: /usr/bin/bash --noprofile --norc -e -o pipefail {0}
2026-10-08T21:32:10.7800010Z env:
2026-10-08T21:32:10.7800213Z   CARGO_TERM_COLOR: never
2026-10-08T21:32:10.7800469Z   PYTHONDONTWRITEBYTECODE: 1
2026-10-08T21:32:10.7800726Z   CARGO_INCREMENTAL: 0
2026-10-08T21:32:10.7800951Z   CARGO_PROFILE_DEV_DEBUG: 0
2026-10-08T21:32:10.7801214Z   CARGO_PROFILE_TEST_DEBUG: 0
2026-10-08T21:32:10.7801453Z   CARGO_BUILD_JOBS: 2
2026-10-08T21:32:10.7801674Z   RUSTFLAGS: -D warnings
2026-10-08T21:32:10.7801911Z   CARGO_HOME: /home/runner/.cargo
2026-10-08T21:32:10.7802157Z ##[endgroup]
2026-10-08T21:32:10.7923190Z info: using existing install for 1.95.0-x86_64-unknown-linux-gnu
2026-10-08T21:32:10.7928186Z info: default toolchain set to 1.95.0-x86_64-unknown-linux-gnu
2026-10-08T21:32:10.7928794Z 
2026-10-08T21:32:10.7995706Z   1.95.0-x86_64-unknown-linux-gnu unchanged - rustc 1.95.0 (59807616e 2026-04-14)
2026-10-08T21:32:10.7996336Z 
2026-10-08T21:32:10.8013669Z ##[end-action id=__dtolnay_rust-toolchain.__run_5;outcome=success;conclusion=success;duration_ms=30]
2026-10-08T21:32:10.8016602Z ##[start-action display=Create cachekey;id=__dtolnay_rust-toolchain.rustc-version]
2026-10-08T21:32:10.8043608Z ##[group]Run DATE=$(rustc +1.95.0 --version --verbose | sed -ne 's/^commit-date: \(20[0-9][0-9]\)-\([01][0-9]\)-\([0-3][0-9]\)$/\1\2\3/p')
2026-10-08T21:32:10.8044465Z [36;1mDATE=$(rustc +1.95.0 --version --verbose | sed -ne 's/^commit-date: \(20[0-9][0-9]\)-\([01][0-9]\)-\([0-3][0-9]\)$/\1\2\3/p')[0m
2026-10-08T21:32:10.8045133Z [36;1mHASH=$(rustc +1.95.0 --version --verbose | sed -ne 's/^commit-hash: //p')[0m
2026-10-08T21:32:10.8045642Z [36;1mecho "cachekey=$(echo $DATE$HASH | head -c12)" >> $GITHUB_OUTPUT[0m
2026-10-08T21:32:10.8109684Z shell: /usr/bin/bash --noprofile --norc -e -o pipefail {0}
2026-10-08T21:32:10.8110033Z env:
2026-10-08T21:32:10.8110239Z   CARGO_TERM_COLOR: never
2026-10-08T21:32:10.8110693Z   PYTHONDONTWRITEBYTECODE: 1
2026-10-08T21:32:10.8110945Z   CARGO_INCREMENTAL: 0
2026-10-08T21:32:10.8111170Z   CARGO_PROFILE_DEV_DEBUG: 0
2026-10-08T21:32:10.8111416Z   CARGO_PROFILE_TEST_DEBUG: 0
2026-10-08T21:32:10.8111656Z   CARGO_BUILD_JOBS: 2
2026-10-08T21:32:10.8111873Z   RUSTFLAGS: -D warnings
2026-10-08T21:32:10.8112117Z   CARGO_HOME: /home/runner/.cargo
2026-10-08T21:32:10.8112367Z ##[endgroup]
2026-10-08T21:32:10.8468674Z ##[end-action id=__dtolnay_rust-toolchain.rustc-version;outcome=success;conclusion=success;duration_ms=45]
2026-10-08T21:32:10.8471784Z ##[start-action display=Disable incremental compilation;id=__dtolnay_rust-toolchain.__run_6]
2026-10-08T21:32:10.8497986Z ##[group]Run if [ -z "${CARGO_INCREMENTAL+set}" ]; then
2026-10-08T21:32:10.8498667Z [36;1mif [ -z "${CARGO_INCREMENTAL+set}" ]; then[0m
2026-10-08T21:32:10.8499049Z [36;1m  echo CARGO_INCREMENTAL=0 >> $GITHUB_ENV[0m
2026-10-08T21:32:10.8499345Z [36;1mfi[0m
2026-10-08T21:32:10.8566505Z shell: /usr/bin/bash --noprofile --norc -e -o pipefail {0}
2026-10-08T21:32:10.8566864Z env:
2026-10-08T21:32:10.8567072Z   CARGO_TERM_COLOR: never
2026-10-08T21:32:10.8567330Z   PYTHONDONTWRITEBYTECODE: 1
2026-10-08T21:32:10.8567581Z   CARGO_INCREMENTAL: 0
2026-10-08T21:32:10.8567809Z   CARGO_PROFILE_DEV_DEBUG: 0
2026-10-08T21:32:10.8568051Z   CARGO_PROFILE_TEST_DEBUG: 0
2026-10-08T21:32:10.8568295Z   CARGO_BUILD_JOBS: 2
2026-10-08T21:32:10.8568845Z   RUSTFLAGS: -D warnings
2026-10-08T21:32:10.8569108Z   CARGO_HOME: /home/runner/.cargo
2026-10-08T21:32:10.8569363Z ##[endgroup]
2026-10-08T21:32:10.8666112Z ##[end-action id=__dtolnay_rust-toolchain.__run_6;outcome=success;conclusion=success;duration_ms=19]
2026-10-08T21:32:10.8669242Z ##[start-action display=Enable colors in Cargo output;id=__dtolnay_rust-toolchain.__run_7]
2026-10-08T21:32:10.8694765Z ##[group]Run if [ -z "${CARGO_TERM_COLOR+set}" ]; then
2026-10-08T21:32:10.8695155Z [36;1mif [ -z "${CARGO_TERM_COLOR+set}" ]; then[0m
2026-10-08T21:32:10.8695523Z [36;1m  echo CARGO_TERM_COLOR=always >> $GITHUB_ENV[0m
2026-10-08T21:32:10.8695822Z [36;1mfi[0m
2026-10-08T21:32:10.8761375Z shell: /usr/bin/bash --noprofile --norc -e -o pipefail {0}
2026-10-08T21:32:10.8761735Z env:
2026-10-08T21:32:10.8761942Z   CARGO_TERM_COLOR: never
2026-10-08T21:32:10.8762198Z   PYTHONDONTWRITEBYTECODE: 1
2026-10-08T21:32:10.8762448Z   CARGO_INCREMENTAL: 0
2026-10-08T21:32:10.8762674Z   CARGO_PROFILE_DEV_DEBUG: 0
2026-10-08T21:32:10.8762935Z   CARGO_PROFILE_TEST_DEBUG: 0
2026-10-08T21:32:10.8763173Z   CARGO_BUILD_JOBS: 2
2026-10-08T21:32:10.8763396Z   RUSTFLAGS: -D warnings
2026-10-08T21:32:10.8763634Z   CARGO_HOME: /home/runner/.cargo
2026-10-08T21:32:10.8763888Z ##[endgroup]
2026-10-08T21:32:10.8857012Z ##[end-action id=__dtolnay_rust-toolchain.__run_7;outcome=success;conclusion=success;duration_ms=18]
2026-10-08T21:32:10.8859942Z ##[start-action display=Enable Cargo sparse registry;id=__dtolnay_rust-toolchain.__run_8]
2026-10-08T21:32:10.8886866Z ##[group]Run # implemented in 1.66, stabilized in 1.68, made default in 1.70
2026-10-08T21:32:10.8887393Z [36;1m# implemented in 1.66, stabilized in 1.68, made default in 1.70[0m
2026-10-08T21:32:10.8888109Z [36;1mif [ -z "${CARGO_REGISTRIES_CRATES_IO_PROTOCOL+set}" -o -f "/home/runner/work/_temp"/.implicit_cargo_registries_crates_io_protocol ]; then[0m
2026-10-08T21:32:10.8889145Z [36;1m  if rustc +1.95.0 --version --verbose | grep -q '^release: 1\.6[89]\.'; then[0m
2026-10-08T21:32:10.8889738Z [36;1m    touch "/home/runner/work/_temp"/.implicit_cargo_registries_crates_io_protocol || true[0m
2026-10-08T21:32:10.8890300Z [36;1m    echo CARGO_REGISTRIES_CRATES_IO_PROTOCOL=sparse >> $GITHUB_ENV[0m
2026-10-08T21:32:10.8890803Z [36;1m  elif rustc +1.95.0 --version --verbose | grep -q '^release: 1\.6[67]\.'; then[0m
2026-10-08T21:32:10.8891366Z [36;1m    touch "/home/runner/work/_temp"/.implicit_cargo_registries_crates_io_protocol || true[0m
2026-10-08T21:32:10.8891893Z [36;1m    echo CARGO_REGISTRIES_CRATES_IO_PROTOCOL=git >> $GITHUB_ENV[0m
2026-10-08T21:32:10.8892444Z [36;1m  fi[0m
2026-10-08T21:32:10.8892642Z [36;1mfi[0m
2026-10-08T21:32:10.8957215Z shell: /usr/bin/bash --noprofile --norc -e -o pipefail {0}
2026-10-08T21:32:10.8957560Z env:
2026-10-08T21:32:10.8957764Z   CARGO_TERM_COLOR: never
2026-10-08T21:32:10.8958019Z   PYTHONDONTWRITEBYTECODE: 1
2026-10-08T21:32:10.8958272Z   CARGO_INCREMENTAL: 0
2026-10-08T21:32:10.8958765Z   CARGO_PROFILE_DEV_DEBUG: 0
2026-10-08T21:32:10.8959187Z   CARGO_PROFILE_TEST_DEBUG: 0
2026-10-08T21:32:10.8959432Z   CARGO_BUILD_JOBS: 2
2026-10-08T21:32:10.8959653Z   RUSTFLAGS: -D warnings
2026-10-08T21:32:10.8959897Z   CARGO_HOME: /home/runner/.cargo
2026-10-08T21:32:10.8960163Z ##[endgroup]
2026-10-08T21:32:10.9280689Z ##[end-action id=__dtolnay_rust-toolchain.__run_8;outcome=success;conclusion=success;duration_ms=41]
2026-10-08T21:32:10.9283517Z ##[start-action display=Work around spurious network errors in curl 8.0;id=__dtolnay_rust-toolchain.__run_9]
2026-10-08T21:32:10.9310812Z ##[group]Run # https://rust-lang.zulipchat.com/#narrow/stream/246057-t-cargo/topic/timeout.20investigation
2026-10-08T21:32:10.9311586Z [36;1m# https://rust-lang.zulipchat.com/#narrow/stream/246057-t-cargo/topic/timeout.20investigation[0m
2026-10-08T21:32:10.9312201Z [36;1mif rustc +1.95.0 --version --verbose | grep -q '^release: 1\.7[01]\.'; then[0m
2026-10-08T21:32:10.9312665Z [36;1m  echo CARGO_HTTP_MULTIPLEXING=false >> $GITHUB_ENV[0m
2026-10-08T21:32:10.9312994Z [36;1mfi[0m
2026-10-08T21:32:10.9379138Z shell: /usr/bin/bash --noprofile --norc -e -o pipefail {0}
2026-10-08T21:32:10.9379492Z env:
2026-10-08T21:32:10.9379717Z   CARGO_TERM_COLOR: never
2026-10-08T21:32:10.9379982Z   PYTHONDONTWRITEBYTECODE: 1
2026-10-08T21:32:10.9380237Z   CARGO_INCREMENTAL: 0
2026-10-08T21:32:10.9380466Z   CARGO_PROFILE_DEV_DEBUG: 0
2026-10-08T21:32:10.9380708Z   CARGO_PROFILE_TEST_DEBUG: 0
2026-10-08T21:32:10.9380945Z   CARGO_BUILD_JOBS: 2
2026-10-08T21:32:10.9381162Z   RUSTFLAGS: -D warnings
2026-10-08T21:32:10.9381420Z   CARGO_HOME: /home/runner/.cargo
2026-10-08T21:32:10.9381668Z ##[endgroup]
2026-10-08T21:32:10.9591176Z ##[end-action id=__dtolnay_rust-toolchain.__run_9;outcome=success;conclusion=success;duration_ms=30]
2026-10-08T21:32:10.9596490Z ##[start-action display=rustc +1.95.0 --version --verbose;id=__dtolnay_rust-toolchain.__run_10]
2026-10-08T21:32:10.9658070Z ##[group]Run rustc +1.95.0 --version --verbose
2026-10-08T21:32:10.9658776Z [36;1mrustc +1.95.0 --version --verbose[0m
2026-10-08T21:32:10.9724218Z shell: /usr/bin/bash --noprofile --norc -e -o pipefail {0}
2026-10-08T21:32:10.9724576Z env:
2026-10-08T21:32:10.9724781Z   CARGO_TERM_COLOR: never
2026-10-08T21:32:10.9725045Z   PYTHONDONTWRITEBYTECODE: 1
2026-10-08T21:32:10.9725308Z   CARGO_INCREMENTAL: 0
2026-10-08T21:32:10.9725541Z   CARGO_PROFILE_DEV_DEBUG: 0
2026-10-08T21:32:10.9725793Z   CARGO_PROFILE_TEST_DEBUG: 0
2026-10-08T21:32:10.9726046Z   CARGO_BUILD_JOBS: 2
2026-10-08T21:32:10.9726272Z   RUSTFLAGS: -D warnings
2026-10-08T21:32:10.9726531Z   CARGO_HOME: /home/runner/.cargo
2026-10-08T21:32:10.9726783Z ##[endgroup]
2026-10-08T21:32:10.9917639Z rustc 1.95.0 (59807616e 2026-04-14)
2026-10-08T21:32:10.9919488Z binary: rustc
2026-10-08T21:32:10.9920270Z commit-hash: 59807616e1fa2540724bfbac14d7976d7e4a3860
2026-10-08T21:32:10.9921097Z commit-date: 2026-04-14
2026-10-08T21:32:10.9921753Z host: x86_64-unknown-linux-gnu
2026-10-08T21:32:10.9922402Z release: 1.95.0
2026-10-08T21:32:10.9923016Z LLVM version: 22.1.2
2026-10-08T21:32:10.9935205Z ##[end-action id=__dtolnay_rust-toolchain.__run_10;outcome=success;conclusion=success;duration_ms=33]
2026-10-08T21:32:10.9993124Z ##[group]Run set -o pipefail
2026-10-08T21:32:10.9993450Z [36;1mset -o pipefail[0m
2026-10-08T21:32:10.9993723Z [36;1mmkdir -p "$RUNNER_TEMP/p7-offline"[0m
2026-10-08T21:32:10.9994187Z [36;1mpython3 -m unittest discover -s scripts/tests -p test_p7_offline_network.py -v \[0m
2026-10-08T21:32:10.9994716Z [36;1m  2>&1 | tee "$RUNNER_TEMP/p7-offline/network-controls.log"[0m
2026-10-08T21:32:10.9995386Z [36;1mrustc --edition 2021 --test crates/cc-eval/tests/support/p7_procfs.rs \[0m
2026-10-08T21:32:10.9995857Z [36;1m  -o "$RUNNER_TEMP/p7-offline/procfs-controls"[0m
2026-10-08T21:32:10.9996257Z [36;1m"$RUNNER_TEMP/p7-offline/procfs-controls" --nocapture \[0m
2026-10-08T21:32:10.9996683Z [36;1m  2>&1 | tee "$RUNNER_TEMP/p7-offline/procfs-controls.log"[0m
2026-10-08T21:32:11.0062141Z shell: /usr/bin/bash -e {0}
2026-10-08T21:32:11.0062397Z env:
2026-10-08T21:32:11.0062601Z   CARGO_TERM_COLOR: never
2026-10-08T21:32:11.0062861Z   PYTHONDONTWRITEBYTECODE: 1
2026-10-08T21:32:11.0063156Z   CARGO_INCREMENTAL: 0
2026-10-08T21:32:11.0063397Z   CARGO_PROFILE_DEV_DEBUG: 0
2026-10-08T21:32:11.0063648Z   CARGO_PROFILE_TEST_DEBUG: 0
2026-10-08T21:32:11.0063886Z   CARGO_BUILD_JOBS: 2
2026-10-08T21:32:11.0064106Z   RUSTFLAGS: -D warnings
2026-10-08T21:32:11.0064350Z   CARGO_HOME: /home/runner/.cargo
2026-10-08T21:32:11.0064621Z ##[endgroup]
2026-10-08T21:32:11.5485797Z test_actual_ipv4_ipv6_socket_attempts_are_process_fatal (test_p7_offline_network.NetworkGuardTests.test_actual_ipv4_ipv6_socket_attempts_are_process_fatal) ... ok
2026-10-08T21:32:13.2852966Z test_addressed_receives_wrong_flags_and_descriptor_import_remain_fatal (test_p7_offline_network.NetworkGuardTests.test_addressed_receives_wrong_flags_and_descriptor_import_remain_fatal) ... ok
2026-10-08T21:32:13.5250423Z test_anonymous_unix_stream_ipc_works_under_both_network_policies (test_p7_offline_network.NetworkGuardTests.test_anonymous_unix_stream_ipc_works_under_both_network_policies) ... ok
2026-10-08T21:32:13.5252817Z test_early_sigsys_cannot_pass_without_reaching_the_socket (test_p7_offline_network.NetworkGuardTests.test_early_sigsys_cannot_pass_without_reaching_the_socket) ... ok
2026-10-08T21:32:13.6398843Z test_errno_parent_policy_is_inherited_across_exec (test_p7_offline_network.NetworkGuardTests.test_errno_parent_policy_is_inherited_across_exec) ... ok
2026-10-08T21:32:13.7093535Z test_existing_receipt_is_rejected_without_overwrite (test_p7_offline_network.NetworkGuardTests.test_existing_receipt_is_rejected_without_overwrite) ... ok
2026-10-08T21:32:15.0378790Z test_external_pair_addressable_unix_socket_and_connect_are_still_fatal (test_p7_offline_network.NetworkGuardTests.test_external_pair_addressable_unix_socket_and_connect_are_still_fatal) ... ok
2026-10-08T21:32:15.1349284Z test_kill_policy_runs_a_non_network_command_with_distinct_identity (test_p7_offline_network.NetworkGuardTests.test_kill_policy_runs_a_non_network_command_with_distinct_identity) ... ok
2026-10-08T21:32:15.1366374Z test_normal_exit_cannot_pass_the_kill_positive_control (test_p7_offline_network.NetworkGuardTests.test_normal_exit_cannot_pass_the_kill_positive_control) ... ok
2026-10-08T21:32:15.7117502Z test_probes_reach_explicit_ipv4_ipv6_syscalls_with_the_actual_empty_environment (test_p7_offline_network.NetworkGuardTests.test_probes_reach_explicit_ipv4_ipv6_syscalls_with_the_actual_empty_environment) ... ok
2026-10-08T21:32:16.1181900Z test_rust_spawn_anonymous_seqpacket_eof_and_eight_byte_error_under_both_policies (test_p7_offline_network.NetworkGuardTests.test_rust_spawn_anonymous_seqpacket_eof_and_eight_byte_error_under_both_policies) ... ok
2026-10-08T21:32:16.1209019Z 
2026-10-08T21:32:16.1209494Z ----------------------------------------------------------------------
2026-10-08T21:32:16.1210052Z Ran 11 tests in 4.969s
2026-10-08T21:32:16.1210270Z 
2026-10-08T21:32:16.1210382Z OK
2026-10-08T21:32:16.3795855Z 
2026-10-08T21:32:16.3805674Z running 7 tests
2026-10-08T21:32:16.3826753Z test tests::missing_proc_or_child_is_not_an_isolation_pass ... ok
2026-10-08T21:32:16.3828347Z test tests::namespace_child_resolves_to_host_proc_pid ... ok
2026-10-08T21:32:16.3829944Z test tests::unrelated_numeric_pid_cannot_supply_security_evidence ... ok
2026-10-08T21:32:16.3831108Z test tests::same_namespace_proc_mount_is_supported ... ok
2026-10-08T21:32:16.3833748Z test tests::wrong_namespace_or_parent_is_rejected ... ok
2026-10-08T21:32:16.3840019Z test tests::wrong_observer_and_ambiguous_child_are_rejected ... ok
2026-10-08T21:32:16.4043559Z P7_PROC_CHILD_IDENTITY {"NSpid": "2709", "NoNewPrivs": "0", "ObserverProcPid": "2703", "PidNamespace": "pid:[4026531836]", "ProcPid": "2709", "RequestedPid": "2709", "Seccomp": "0", "Seccomp_filters": "0", "identity": "same_pid_namespace_and_direct_parent"}
2026-10-08T21:32:16.4050004Z test tests::actual_sleep_child_has_bound_proc_identity ... ok
2026-10-08T21:32:16.4066663Z 
2026-10-08T21:32:16.4067470Z test result: ok. 7 passed; 0 failed; 0 ignored; 0 measured; 0 filtered out; finished in 0.02s
2026-10-08T21:32:16.4068285Z 
2026-10-08T21:32:16.4113055Z ##[group]Run sudo apt-get update -qq
2026-10-08T21:32:16.4113614Z [36;1msudo apt-get update -qq[0m
2026-10-08T21:32:16.4114064Z [36;1msudo apt-get install -y strace[0m
2026-10-08T21:32:16.4114884Z [36;1mpython3 scripts/p7_offline_trace.py controls --output "$RUNNER_TEMP/p7-offline/trace-controls"[0m
2026-10-08T21:32:16.4198241Z shell: /usr/bin/bash -e {0}
2026-10-08T21:32:16.4198946Z env:
2026-10-08T21:32:16.4199277Z   CARGO_TERM_COLOR: never
2026-10-08T21:32:16.4199695Z   PYTHONDONTWRITEBYTECODE: 1
2026-10-08T21:32:16.4200119Z   CARGO_INCREMENTAL: 0
2026-10-08T21:32:16.4200496Z   CARGO_PROFILE_DEV_DEBUG: 0
2026-10-08T21:32:16.4200891Z   CARGO_PROFILE_TEST_DEBUG: 0
2026-10-08T21:32:16.4201283Z   CARGO_BUILD_JOBS: 2
2026-10-08T21:32:16.4201647Z   RUSTFLAGS: -D warnings
2026-10-08T21:32:16.4202028Z   CARGO_HOME: /home/runner/.cargo
2026-10-08T21:32:16.4202434Z ##[endgroup]
2026-10-08T21:32:23.1887732Z Reading package lists...
2026-10-08T21:32:23.5389327Z Building dependency tree...
2026-10-08T21:32:23.5409459Z Reading state information...
2026-10-08T21:32:24.0420133Z strace is already the newest version (6.8-0ubuntu2).
2026-10-08T21:32:24.0439308Z strace set to manually installed.
2026-10-08T21:32:24.0449644Z 0 upgraded, 0 newly installed, 0 to remove and 23 not upgraded.
2026-10-08T21:32:24.8039623Z {"status": "passed", "output": "/home/runner/work/_temp/p7-offline/trace-controls"}
2026-10-08T21:32:24.8188183Z ##[group]Run python3 scripts/p7_stdio_build_receipt.py --package-kind 'default' \
2026-10-08T21:32:24.8189346Z [36;1mpython3 scripts/p7_stdio_build_receipt.py --package-kind 'default' \[0m
2026-10-08T21:32:24.8190052Z [36;1m  --output-dir "$RUNNER_TEMP/p7-offline/product" \[0m
2026-10-08T21:32:24.8190655Z [36;1m  > "$RUNNER_TEMP/p7-offline/product-build-summary.json"[0m
2026-10-08T21:32:24.8268327Z shell: /usr/bin/bash -e {0}
2026-10-08T21:32:24.8269004Z env:
2026-10-08T21:32:24.8269323Z   CARGO_TERM_COLOR: never
2026-10-08T21:32:24.8269738Z   PYTHONDONTWRITEBYTECODE: 1
2026-10-08T21:32:24.8270174Z   CARGO_INCREMENTAL: 0
2026-10-08T21:32:24.8270575Z   CARGO_PROFILE_DEV_DEBUG: 0
2026-10-08T21:32:24.8270985Z   CARGO_PROFILE_TEST_DEBUG: 0
2026-10-08T21:32:24.8271361Z   CARGO_BUILD_JOBS: 2
2026-10-08T21:32:24.8271690Z   RUSTFLAGS: -D warnings
2026-10-08T21:32:24.8272036Z   CARGO_HOME: /home/runner/.cargo
2026-10-08T21:32:24.8272405Z ##[endgroup]
2026-10-08T21:33:32.3827702Z ##[group]Run python3 - <<'PY'
2026-10-08T21:33:32.3828081Z [36;1mpython3 - <<'PY'[0m
2026-10-08T21:33:32.3828333Z [36;1mimport os, pathlib, sys[0m
2026-10-08T21:33:32.3828991Z [36;1msys.path.insert(0, 'scripts')[0m
2026-10-08T21:33:32.3829363Z [36;1mfrom p7_build_identity import json_bytes, source_snapshot[0m
2026-10-08T21:33:32.3829822Z [36;1mout = pathlib.Path(os.environ['RUNNER_TEMP']) / 'p7-offline'[0m
2026-10-08T21:33:32.3830402Z [36;1m(out / 'runner-source-before.json').write_bytes(json_bytes(source_snapshot(pathlib.Path.cwd())))[0m
2026-10-08T21:33:32.3830891Z [36;1mPY[0m
2026-10-08T21:33:32.3831266Z [36;1mcargo test -p cc-eval --test benchmark_adapters --locked --no-run \[0m
2026-10-08T21:33:32.3832037Z [36;1m  --message-format=json-render-diagnostics \[0m
2026-10-08T21:33:32.3832665Z [36;1m  > "$RUNNER_TEMP/p7-offline/runner-build.jsonl" \[0m
2026-10-08T21:33:32.3833076Z [36;1m  2> "$RUNNER_TEMP/p7-offline/runner-build.stderr.log"[0m
2026-10-08T21:33:32.3833438Z [36;1mpython3 - <<'PY'[0m
2026-10-08T21:33:32.3833935Z [36;1mimport hashlib, json, os, pathlib, sys[0m
2026-10-08T21:33:32.3834249Z [36;1msys.path.insert(0, 'scripts')[0m
2026-10-08T21:33:32.3834602Z [36;1mfrom p7_build_identity import json_bytes, source_snapshot[0m
2026-10-08T21:33:32.3835045Z [36;1mout = pathlib.Path(os.environ['RUNNER_TEMP']) / 'p7-offline'[0m
2026-10-08T21:33:32.3835518Z [36;1mbefore = json.loads((out / 'runner-source-before.json').read_text())[0m
2026-10-08T21:33:32.3835958Z [36;1mafter = source_snapshot(pathlib.Path.cwd())[0m
2026-10-08T21:33:32.3836375Z [36;1massert before == after, 'runner source changed during compilation'[0m
2026-10-08T21:33:32.3836900Z [36;1m(out / 'runner-source-inputs.json').write_bytes(json_bytes(before['inputs']))[0m
2026-10-08T21:33:32.3837508Z [36;1mrows = [json.loads(line) for line in (out / 'runner-build.jsonl').read_text().splitlines()][0m
2026-10-08T21:33:32.3838076Z [36;1martifacts = [x for x in rows if x.get('reason') == 'compiler-artifact'[0m
2026-10-08T21:33:32.3838947Z [36;1m             and x.get('target', {}).get('name') == 'benchmark_adapters'[0m
2026-10-08T21:33:32.3839394Z [36;1m             and x.get('executable')][0m
2026-10-08T21:33:32.3839708Z [36;1massert len(artifacts) == 1, artifacts[0m
2026-10-08T21:33:32.3840055Z [36;1mbinary = pathlib.Path(artifacts[0]['executable'])[0m
2026-10-08T21:33:32.3840419Z [36;1mreceipt = {'cargo_artifact': artifacts[0],[0m
2026-10-08T21:33:32.3840808Z [36;1m           'sha256': hashlib.sha256(binary.read_bytes()).hexdigest(),[0m
2026-10-08T21:33:32.3841276Z [36;1m           'source_before': {k:v for k,v in before.items() if k != 'inputs'},[0m
2026-10-08T21:33:32.3841746Z [36;1m           'source_after': {k:v for k,v in after.items() if k != 'inputs'}}[0m
2026-10-08T21:33:32.3842263Z [36;1m(out / 'runner-identity.json').write_text(json.dumps(receipt, indent=2) + '\n')[0m
2026-10-08T21:33:32.3842736Z [36;1mwith open(os.environ['GITHUB_ENV'], 'a') as env:[0m
2026-10-08T21:33:32.3843142Z [36;1m    env.write('P7_OFFLINE_RUNNER=' + str(binary) + '\n')[0m
2026-10-08T21:33:32.3843487Z [36;1mPY[0m
2026-10-08T21:33:32.3903315Z shell: /usr/bin/bash -e {0}
2026-10-08T21:33:32.3903572Z env:
2026-10-08T21:33:32.3903778Z   CARGO_TERM_COLOR: never
2026-10-08T21:33:32.3904036Z   PYTHONDONTWRITEBYTECODE: 1
2026-10-08T21:33:32.3904286Z   CARGO_INCREMENTAL: 0
2026-10-08T21:33:32.3904521Z   CARGO_PROFILE_DEV_DEBUG: 0
2026-10-08T21:33:32.3904766Z   CARGO_PROFILE_TEST_DEBUG: 0
2026-10-08T21:33:32.3905006Z   CARGO_BUILD_JOBS: 2
2026-10-08T21:33:32.3905224Z   RUSTFLAGS: -D warnings
2026-10-08T21:33:32.3905463Z   CARGO_HOME: /home/runner/.cargo
2026-10-08T21:33:32.3905824Z   CARGO_TARGET_DIR: /home/runner/work/_temp/p7-offline-runner-target
2026-10-08T21:33:32.3906191Z ##[endgroup]
2026-10-08T21:34:45.6866907Z ##[group]Run set -o pipefail
2026-10-08T21:34:45.6867470Z [36;1mset -o pipefail[0m
2026-10-08T21:34:45.6868121Z [36;1mpython3 scripts/p7_offline_trace.py run --package-kind 'default' \[0m
2026-10-08T21:34:45.6869237Z [36;1m  --product "$RUNNER_TEMP/p7-offline/product/codecortex" \[0m
2026-10-08T21:34:45.6870116Z [36;1m  --build-receipt "$RUNNER_TEMP/p7-offline/product/build-receipt.json" \[0m
2026-10-08T21:34:45.6871200Z [36;1m  --runner "$P7_OFFLINE_RUNNER" --runner-receipt "$RUNNER_TEMP/p7-offline/runner-identity.json" \[0m
2026-10-08T21:34:45.6872178Z [36;1m  --output "$RUNNER_TEMP/p7-offline/trace-matrix" \[0m
2026-10-08T21:34:45.6872896Z [36;1m  2>&1 | tee "$RUNNER_TEMP/p7-offline/product-matrix.log"[0m
2026-10-08T21:34:45.6951087Z shell: /usr/bin/bash -e {0}
2026-10-08T21:34:45.6951356Z env:
2026-10-08T21:34:45.6951570Z   CARGO_TERM_COLOR: never
2026-10-08T21:34:45.6951833Z   PYTHONDONTWRITEBYTECODE: 1
2026-10-08T21:34:45.6952103Z   CARGO_INCREMENTAL: 0
2026-10-08T21:34:45.6952380Z   CARGO_PROFILE_DEV_DEBUG: 0
2026-10-08T21:34:45.6952776Z   CARGO_PROFILE_TEST_DEBUG: 0
2026-10-08T21:34:45.6953236Z   CARGO_BUILD_JOBS: 2
2026-10-08T21:34:45.6953569Z   RUSTFLAGS: -D warnings
2026-10-08T21:34:45.6953901Z   CARGO_HOME: /home/runner/.cargo
2026-10-08T21:34:45.6954872Z   P7_OFFLINE_RUNNER: /home/runner/work/_temp/p7-offline-runner-target/debug/deps/benchmark_adapters-230576f9c95c95fb
2026-10-08T21:34:45.6955664Z   CODECORTEX_BENCH_BINARY: /home/runner/work/_temp/p7-offline/product/codecortex
2026-10-08T21:34:45.7013082Z   P7_017_PACKAGE_KIND: default
2026-10-08T21:34:45.7013773Z   P7_017_BUILD_RECEIPT: /home/runner/work/_temp/p7-offline/product/build-receipt.json
2026-10-08T21:34:45.7014687Z   CODECORTEX_BENCH_OBSERVATIONS: /home/runner/work/_temp/p7-offline/observations.jsonl
2026-10-08T21:34:45.7015339Z ##[endgroup]
2026-10-08T21:35:01.8405454Z {"status": "passed", "output": "/home/runner/work/_temp/p7-offline/trace-matrix"}
2026-10-08T21:35:01.8533630Z ##[group]Run python3 -B scripts/p8_candidate_execution.py build-runner \
2026-10-08T21:35:01.8534205Z [36;1mpython3 -B scripts/p8_candidate_execution.py build-runner \[0m
2026-10-08T21:35:01.8534668Z [36;1m  --output "$RUNNER_TEMP/p7-offline/p8-runner-build" \[0m
2026-10-08T21:35:01.8535132Z [36;1m  --target-dir "$RUNNER_TEMP/p7-offline/product/cargo-target"[0m
2026-10-08T21:35:01.8595245Z shell: /usr/bin/bash -e {0}
2026-10-08T21:35:01.8595505Z env:
2026-10-08T21:35:01.8595708Z   CARGO_TERM_COLOR: never
2026-10-08T21:35:01.8595964Z   PYTHONDONTWRITEBYTECODE: 1
2026-10-08T21:35:01.8596217Z   CARGO_INCREMENTAL: 0
2026-10-08T21:35:01.8596444Z   CARGO_PROFILE_DEV_DEBUG: 0
2026-10-08T21:35:01.8596687Z   CARGO_PROFILE_TEST_DEBUG: 0
2026-10-08T21:35:01.8596931Z   CARGO_BUILD_JOBS: 2
2026-10-08T21:35:01.8597154Z   RUSTFLAGS: -D warnings
2026-10-08T21:35:01.8597391Z   CARGO_HOME: /home/runner/.cargo
2026-10-08T21:35:01.8598084Z   P7_OFFLINE_RUNNER: /home/runner/work/_temp/p7-offline-runner-target/debug/deps/benchmark_adapters-230576f9c95c95fb
2026-10-08T21:35:01.8599245Z ##[endgroup]
2026-10-08T21:35:35.7324966Z {"status": "runner_built", "binary": "/home/runner/work/_temp/p7-offline/p8-runner-build/cc-eval", "receipt": "/home/runner/work/_temp/p7-offline/p8-runner-build/build-receipt.json", "source": {"source_commit": "29682890c89511dd6f477a6bf48bd969aa1537af", "source_tree": "c75038d358e6c8b881a246bfd3c3111cda86dde0", "input_count": 1087, "manifest_sha256": "ac7421155638a64b3690cb63d5434e562f1b0645f0145d298e9594ef62175a59"}}
2026-10-08T21:35:35.7432863Z ##[group]Run python3 -B scripts/p8_candidate_execution.py run \
2026-10-08T21:35:35.7433363Z [36;1mpython3 -B scripts/p8_candidate_execution.py run \[0m
2026-10-08T21:35:35.7433801Z [36;1m  --product "$RUNNER_TEMP/p7-offline/product/codecortex" \[0m
2026-10-08T21:35:35.7434332Z [36;1m  --product-build-receipt "$RUNNER_TEMP/p7-offline/product/build-receipt.json" \[0m
2026-10-08T21:35:35.7434868Z [36;1m  --runner "$RUNNER_TEMP/p7-offline/p8-runner-build/cc-eval" \[0m
2026-10-08T21:35:35.7435419Z [36;1m  --runner-build-receipt "$RUNNER_TEMP/p7-offline/p8-runner-build/build-receipt.json" \[0m
2026-10-08T21:35:35.7435925Z [36;1m  --expected-source-commit "$EXACT_SOURCE" \[0m
2026-10-08T21:35:35.7436315Z [36;1m  --output "$RUNNER_TEMP/p7-offline/p8-candidate-execution"[0m
2026-10-08T21:35:35.7495378Z shell: /usr/bin/bash -e {0}
2026-10-08T21:35:35.7495633Z env:
2026-10-08T21:35:35.7495831Z   CARGO_TERM_COLOR: never
2026-10-08T21:35:35.7496083Z   PYTHONDONTWRITEBYTECODE: 1
2026-10-08T21:35:35.7496366Z   CARGO_INCREMENTAL: 0
2026-10-08T21:35:35.7496596Z   CARGO_PROFILE_DEV_DEBUG: 0
2026-10-08T21:35:35.7496841Z   CARGO_PROFILE_TEST_DEBUG: 0
2026-10-08T21:35:35.7497079Z   CARGO_BUILD_JOBS: 2
2026-10-08T21:35:35.7497293Z   RUSTFLAGS: -D warnings
2026-10-08T21:35:35.7497532Z   CARGO_HOME: /home/runner/.cargo
2026-10-08T21:35:35.7498064Z   P7_OFFLINE_RUNNER: /home/runner/work/_temp/p7-offline-runner-target/debug/deps/benchmark_adapters-230576f9c95c95fb
2026-10-08T21:35:35.7498857Z   EXACT_SOURCE: 29682890c89511dd6f477a6bf48bd969aa1537af
2026-10-08T21:35:35.7499166Z ##[endgroup]
2026-10-08T21:36:04.2727802Z {"actual_build_profile": "dev", "archive": {"archive": "/home/runner/work/_temp/p7-offline/p8-candidate-execution/archives/p8-candidate-750200462abe-2b47586fb69b-9602d8f208c3-9cdeefbe4306", "archive_sha256": "972365ea5ff0042cf107a23f6f16c683070a98037733fcbac62c4461a8adf05e", "corpus_content_status": "verified_explicit_corpus_files", "gate": {"candidate_sha256": "750200462abe10ec82167ce4d32cd009101bfd6048511999d7328a480e4b4749", "exit_code": 0, "status": "baseline_recorded_not_quality_certified"}, "latest_updated": false, "scope": "local_engineering_only", "status": "archived_local_evidence"}, "candidate_sha256": "750200462abe10ec82167ce4d32cd009101bfd6048511999d7328a480e4b4749", "measured_rows": 1, "release_certified": false, "status": "executed_frozen_candidate"}
2026-10-08T21:36:04.2871102Z ##[group]Run actions/upload-artifact@v4
2026-10-08T21:36:04.2871415Z with:
2026-10-08T21:36:04.2871727Z   name: p7-offline-default-29682890c89511dd6f477a6bf48bd969aa1537af
2026-10-08T21:36:04.2872321Z   path: /home/runner/work/_temp/p7-offline
!/home/runner/work/_temp/p7-offline/product/cargo-target

2026-10-08T21:36:04.2872823Z   include-hidden-files: true
2026-10-08T21:36:04.2873096Z   if-no-files-found: error
2026-10-08T21:36:04.2873332Z   compression-level: 6
2026-10-08T21:36:04.2873548Z   overwrite: false
2026-10-08T21:36:04.2873746Z env:
2026-10-08T21:36:04.2873932Z   CARGO_TERM_COLOR: never
2026-10-08T21:36:04.2874169Z   PYTHONDONTWRITEBYTECODE: 1
2026-10-08T21:36:04.2874406Z   CARGO_INCREMENTAL: 0
2026-10-08T21:36:04.2874621Z   CARGO_PROFILE_DEV_DEBUG: 0
2026-10-08T21:36:04.2874856Z   CARGO_PROFILE_TEST_DEBUG: 0
2026-10-08T21:36:04.2875094Z   CARGO_BUILD_JOBS: 2
2026-10-08T21:36:04.2875310Z   RUSTFLAGS: -D warnings
2026-10-08T21:36:04.2875565Z   CARGO_HOME: /home/runner/.cargo
2026-10-08T21:36:04.2876080Z   P7_OFFLINE_RUNNER: /home/runner/work/_temp/p7-offline-runner-target/debug/deps/benchmark_adapters-230576f9c95c95fb
2026-10-08T21:36:04.2876604Z ##[endgroup]
2026-10-08T21:36:04.4567193Z (node:13050) [DEP0040] DeprecationWarning: The `punycode` module is deprecated. Please use a userland alternative instead.
2026-10-08T21:36:04.4568161Z (Use `node --trace-deprecation ...` to show where the warning was created)
2026-10-08T21:36:05.1690786Z With the provided path, there will be 2744 files uploaded
2026-10-08T21:36:05.1696686Z Artifact name is valid!
2026-10-08T21:36:05.1697398Z Root directory input is valid!
2026-10-08T21:36:05.4263620Z Beginning upload of artifact content to blob storage
2026-10-08T21:36:06.4072054Z (node:13050) [DEP0169] DeprecationWarning: `url.parse()` behavior is not standardized and prone to errors that have security implications. Use the WHATWG URL API instead. CVEs are not issued for `url.parse()` vulnerabilities.
2026-10-08T21:36:06.6379478Z Uploaded bytes 8388608
2026-10-08T21:36:07.5512929Z Uploaded bytes 16777216
2026-10-08T21:36:08.6346910Z Uploaded bytes 25165824
2026-10-08T21:36:09.7537441Z Uploaded bytes 33554432
2026-10-08T21:36:10.5587263Z Uploaded bytes 41943040
2026-10-08T21:36:11.5684119Z Uploaded bytes 50331648
2026-10-08T21:36:12.4547570Z Uploaded bytes 58720256
2026-10-08T21:36:13.4854217Z Uploaded bytes 67108864
2026-10-08T21:36:14.8860528Z Uploaded bytes 75497472
2026-10-08T21:36:15.9123663Z Uploaded bytes 83886080
2026-10-08T21:36:16.8758196Z Uploaded bytes 92274688
2026-10-08T21:36:17.8278810Z Uploaded bytes 100663296
2026-10-08T21:36:18.7740752Z Uploaded bytes 109051904
2026-10-08T21:36:19.6630838Z Uploaded bytes 117440512
2026-10-08T21:36:20.7509783Z Uploaded bytes 125829120
2026-10-08T21:36:21.4671432Z Uploaded bytes 134217728
2026-10-08T21:36:22.4804387Z Uploaded bytes 142606336
2026-10-08T21:36:22.8607358Z Uploaded bytes 145999292
2026-10-08T21:36:22.8775265Z Finished uploading artifact content to blob storage!
2026-10-08T21:36:22.8778889Z SHA256 digest of uploaded artifact zip is dad7d600ca1ef2e7661823329120b1d1bf7c0d3d7eb4b8ec0105c65bd0c6e865
2026-10-08T21:36:22.8781623Z Finalizing artifact upload
2026-10-08T21:36:23.3986982Z Artifact p7-offline-default-29682890c89511dd6f477a6bf48bd969aa1537af.zip successfully finalized. Artifact ID 11580358188
2026-10-08T21:36:23.3990353Z Artifact p7-offline-default-29682890c89511dd6f477a6bf48bd969aa1537af has been successfully uploaded! Final size is 145999292 bytes. Artifact ID is 11580358188
2026-10-08T21:36:23.3999155Z Artifact download URL: https://github.com/jyqj/codecortex/actions/runs/37844310901/artifacts/11580358188
2026-10-08T21:36:23.4312411Z Post job cleanup.
2026-10-08T21:36:23.5188601Z [command]/usr/bin/git version
2026-10-08T21:36:23.5226982Z git version 2.55.0
2026-10-08T21:36:23.5267199Z Temporarily overriding HOME='/home/runner/work/_temp/5af022ab-8703-4152-9d60-96df023dfa35' before making global git config changes
2026-10-08T21:36:23.5268806Z Adding repository directory to the temporary git global config as a safe directory
2026-10-08T21:36:23.5273950Z [command]/usr/bin/git config --global --add safe.directory /home/runner/work/codecortex/codecortex
2026-10-08T21:36:23.5312513Z [command]/usr/bin/git config --local --name-only --get-regexp core\.sshCommand
2026-10-08T21:36:23.5346613Z [command]/usr/bin/git submodule foreach --recursive sh -c "git config --local --name-only --get-regexp 'core\.sshCommand' && git config --local --unset-all 'core.sshCommand' || :"
2026-10-08T21:36:23.5591982Z [command]/usr/bin/git config --local --name-only --get-regexp http\.https\:\/\/github\.com\/\.extraheader
2026-10-08T21:36:23.5617725Z http.https://github.com/.extraheader
2026-10-08T21:36:23.5630588Z [command]/usr/bin/git config --local --unset-all http.https://github.com/.extraheader
2026-10-08T21:36:23.5667191Z [command]/usr/bin/git submodule foreach --recursive sh -c "git config --local --name-only --get-regexp 'http\.https\:\/\/github\.com\/\.extraheader' && git config --local --unset-all 'http.https://github.com/.extraheader' || :"
2026-10-08T21:36:23.5914449Z [command]/usr/bin/git config --local --name-only --get-regexp ^includeIf\.gitdir:
2026-10-08T21:36:23.5949447Z [command]/usr/bin/git submodule foreach --recursive git config --local --show-origin --name-only --get-regexp remote.origin.url
2026-10-08T21:36:23.6354612Z Cleaning up orphan processes
2026-10-08T21:36:23.6714378Z ##[warning]Node.js 20 is deprecated. The following actions target Node.js 20 but are being forced to run on Node.js 24: actions/checkout@v4, actions/upload-artifact@v4. For more information see: https://github.blog/changelog/2025-09-19-deprecation-of-node-20-on-github-actions-runners/
