   Compiling cc-eval v1.0.0 (/workspace/codecortex/crates/cc-eval)
error[E0407]: method `recall_response` is not a member of trait `SemanticRecall`
  --> crates/cc-eval/tests/ci_generation_guard_contract.rs:41:5
   |
41 | /     fn recall_response(
42 | |         &self,
43 | |         request: SemanticRequest,
44 | |         control: QueryControl,
...  |
52 | |         })
53 | |     }
   | |_____^ not a member of trait `SemanticRecall`

error[E0599]: no variant or associated item named `Hybrid` found for enum `RetrievalStrategy` in the current scope
  --> crates/cc-eval/tests/ci_generation_guard_contract.rs:74:57
   |
74 |             retrieval_strategy: Some(RetrievalStrategy::Hybrid),
   |                                                         ^^^^^^ variant or associated item not found in `RetrievalStrategy`

Some errors have detailed explanations: E0407, E0599.
For more information about an error, try `rustc --explain E0407`.
error: could not compile `cc-eval` (test "ci_generation_guard_contract") due to 2 previous errors
