test_compiler_proxy_keeps_its_invocation_basename (test_p7_build_identity.BuildIdentityTests.test_compiler_proxy_keeps_its_invocation_basename) ... ok
test_dirty_missing_extra_and_ignored_inputs_are_rejected (test_p7_build_identity.BuildIdentityTests.test_dirty_missing_extra_and_ignored_inputs_are_rejected) ... ok
test_equal_byte_symlink_inventory_root_is_rejected (test_p7_build_identity.BuildIdentityTests.test_equal_byte_symlink_inventory_root_is_rejected) ... ok
test_existing_evidence_is_unchanged_on_retry (test_p7_build_identity.BuildIdentityTests.test_existing_evidence_is_unchanged_on_retry) ... ok
test_foreign_checkout_and_test_artifacts_are_rejected (test_p7_build_identity.BuildIdentityTests.test_foreign_checkout_and_test_artifacts_are_rejected) ... ok
test_receipt_captures_source_compiler_profile_and_binary (test_p7_build_identity.BuildIdentityTests.test_receipt_captures_source_compiler_profile_and_binary) ... ok
test_selected_compiler_and_disabled_wrappers_reach_actual_build (test_p7_build_identity.BuildIdentityTests.test_selected_compiler_and_disabled_wrappers_reach_actual_build) ... ok
test_shared_target_is_overridden_and_foreign_product_rejected (test_p7_build_identity.BuildIdentityTests.test_shared_target_is_overridden_and_foreign_product_rejected) ... ok
test_snapshot_is_bound_to_commit_and_exact_unicode_bytes (test_p7_build_identity.BuildIdentityTests.test_snapshot_is_bound_to_commit_and_exact_unicode_bytes) ... ok
test_source_mutation_and_compiler_failure_cannot_produce_receipt (test_p7_build_identity.BuildIdentityTests.test_source_mutation_and_compiler_failure_cannot_produce_receipt) ... ok
test_symlink_cannot_stand_in_for_equal_source_bytes (test_p7_build_identity.BuildIdentityTests.test_symlink_cannot_stand_in_for_equal_source_bytes) ... ok
test_authority_drift_and_changed_original_acceptance_are_rejected (test_p7_gate_report.GateReportTests.test_authority_drift_and_changed_original_acceptance_are_rejected) ... ok
test_cli_refuses_to_overwrite_previous_review_dossier (test_p7_gate_report.GateReportTests.test_cli_refuses_to_overwrite_previous_review_dossier) ... ok
test_done_cannot_skip_hard_dependencies_or_reclassify_live_as_implementation (test_p7_gate_report.GateReportTests.test_done_cannot_skip_hard_dependencies_or_reclassify_live_as_implementation) ... ok
test_duplicate_or_nonfinite_json_and_incomplete_wiring_are_rejected (test_p7_gate_report.GateReportTests.test_duplicate_or_nonfinite_json_and_incomplete_wiring_are_rejected) ... ok
test_incomplete_dossier_is_never_gate_or_live_approval (test_p7_gate_report.GateReportTests.test_incomplete_dossier_is_never_gate_or_live_approval) ... ok
test_old_source_remains_mixed_and_dirty_current_source_is_rejected (test_p7_gate_report.GateReportTests.test_old_source_remains_mixed_and_dirty_current_source_is_rejected) ... ok
test_progress_separates_acceptance_audit_and_blocked_disposition (test_p7_gate_report.GateReportTests.test_progress_separates_acceptance_audit_and_blocked_disposition) ... ok
test_wrong_artifact_bytes_and_symlink_or_traversal_cannot_enter_report (test_p7_gate_report.GateReportTests.test_wrong_artifact_bytes_and_symlink_or_traversal_cannot_enter_report) ... ok

----------------------------------------------------------------------
Ran 19 tests in 12.422s

OK
