{
  "sqlite_runtime": "3.53.1",
  "results": [
    {
      "n": 1000,
      "done": 0,
      "pending": 1000,
      "plan": [
        [
          4,
          0,
          46,
          "SEARCH semantic_outbox USING COVERING INDEX semantic_outbox_ready (state=? AND available_at<?)"
        ],
        [
          22,
          0,
          0,
          "USE TEMP B-TREE FOR ORDER BY"
        ]
      ],
      "vm_steps_one_query": 9017,
      "repetitions": 128,
      "latency_ms_mean": 0.062734546875,
      "latency_ms_min": 0.057448,
      "latency_ms_max": 0.266774,
      "source_bytes_aggregate_sha256": "b46c85c3edcc28718201e239e710c889763307772f5ae72c3f9435f12225c7f8"
    },
    {
      "n": 1000,
      "done": 250,
      "pending": 750,
      "plan": [
        [
          4,
          0,
          46,
          "SEARCH semantic_outbox USING COVERING INDEX semantic_outbox_ready (state=? AND available_at<?)"
        ],
        [
          22,
          0,
          0,
          "USE TEMP B-TREE FOR ORDER BY"
        ]
      ],
      "vm_steps_one_query": 6767,
      "repetitions": 128,
      "latency_ms_mean": 0.0466297421875,
      "latency_ms_min": 0.044223,
      "latency_ms_max": 0.101849,
      "source_bytes_aggregate_sha256": "b46c85c3edcc28718201e239e710c889763307772f5ae72c3f9435f12225c7f8"
    },
    {
      "n": 1000,
      "done": 750,
      "pending": 250,
      "plan": [
        [
          4,
          0,
          46,
          "SEARCH semantic_outbox USING COVERING INDEX semantic_outbox_ready (state=? AND available_at<?)"
        ],
        [
          22,
          0,
          0,
          "USE TEMP B-TREE FOR ORDER BY"
        ]
      ],
      "vm_steps_one_query": 2267,
      "repetitions": 128,
      "latency_ms_mean": 0.017242921875,
      "latency_ms_min": 0.016303,
      "latency_ms_max": 0.039676,
      "source_bytes_aggregate_sha256": "b46c85c3edcc28718201e239e710c889763307772f5ae72c3f9435f12225c7f8"
    },
    {
      "n": 1000,
      "done": 900,
      "pending": 100,
      "plan": [
        [
          4,
          0,
          46,
          "SEARCH semantic_outbox USING COVERING INDEX semantic_outbox_ready (state=? AND available_at<?)"
        ],
        [
          22,
          0,
          0,
          "USE TEMP B-TREE FOR ORDER BY"
        ]
      ],
      "vm_steps_one_query": 917,
      "repetitions": 128,
      "latency_ms_mean": 0.0086488125,
      "latency_ms_min": 0.007975,
      "latency_ms_max": 0.023863,
      "source_bytes_aggregate_sha256": "b46c85c3edcc28718201e239e710c889763307772f5ae72c3f9435f12225c7f8"
    },
    {
      "n": 5000,
      "done": 0,
      "pending": 5000,
      "plan": [
        [
          4,
          0,
          46,
          "SEARCH semantic_outbox USING COVERING INDEX semantic_outbox_ready (state=? AND available_at<?)"
        ],
        [
          22,
          0,
          0,
          "USE TEMP B-TREE FOR ORDER BY"
        ]
      ],
      "vm_steps_one_query": 45017,
      "repetitions": 128,
      "latency_ms_mean": 0.295659484375,
      "latency_ms_min": 0.274042,
      "latency_ms_max": 0.543532,
      "source_bytes_aggregate_sha256": "54f782848efec359990d45450f8a40f51c29dbf043b0ad7117e5008ff73669de"
    },
    {
      "n": 5000,
      "done": 1250,
      "pending": 3750,
      "plan": [
        [
          4,
          0,
          46,
          "SEARCH semantic_outbox USING COVERING INDEX semantic_outbox_ready (state=? AND available_at<?)"
        ],
        [
          22,
          0,
          0,
          "USE TEMP B-TREE FOR ORDER BY"
        ]
      ],
      "vm_steps_one_query": 33767,
      "repetitions": 128,
      "latency_ms_mean": 0.2364967890625,
      "latency_ms_min": 0.208322,
      "latency_ms_max": 0.814215,
      "source_bytes_aggregate_sha256": "54f782848efec359990d45450f8a40f51c29dbf043b0ad7117e5008ff73669de"
    },
    {
      "n": 5000,
      "done": 3750,
      "pending": 1250,
      "plan": [
        [
          4,
          0,
          46,
          "SEARCH semantic_outbox USING COVERING INDEX semantic_outbox_ready (state=? AND available_at<?)"
        ],
        [
          22,
          0,
          0,
          "USE TEMP B-TREE FOR ORDER BY"
        ]
      ],
      "vm_steps_one_query": 11267,
      "repetitions": 128,
      "latency_ms_mean": 0.0778368984375,
      "latency_ms_min": 0.071577,
      "latency_ms_max": 0.351676,
      "source_bytes_aggregate_sha256": "54f782848efec359990d45450f8a40f51c29dbf043b0ad7117e5008ff73669de"
    },
    {
      "n": 5000,
      "done": 4500,
      "pending": 500,
      "plan": [
        [
          4,
          0,
          46,
          "SEARCH semantic_outbox USING COVERING INDEX semantic_outbox_ready (state=? AND available_at<?)"
        ],
        [
          22,
          0,
          0,
          "USE TEMP B-TREE FOR ORDER BY"
        ]
      ],
      "vm_steps_one_query": 4517,
      "repetitions": 128,
      "latency_ms_mean": 0.033995203125,
      "latency_ms_min": 0.030334,
      "latency_ms_max": 0.217251,
      "source_bytes_aggregate_sha256": "54f782848efec359990d45450f8a40f51c29dbf043b0ad7117e5008ff73669de"
    }
  ]
}
