2026-10-08T09:32:14.5113300Z Current runner version: '2.337.0'
2026-10-08T09:32:14.5133761Z ##[group]Runner Image Provisioner
2026-10-08T09:32:14.5134421Z Hosted Compute Agent
2026-10-08T09:32:14.5134806Z Version: 20261002.596
2026-10-08T09:32:14.5135243Z Commit: c3d12f3313a95f25162a1503be624f3b0617f8c0
2026-10-08T09:32:14.5135810Z Build Date: 2026-10-02T22:28:27Z
2026-10-08T09:32:14.5136260Z Worker ID: {f4b8d061-e93e-4591-bb41-87ca7612202e}
2026-10-08T09:32:14.5136744Z Region: westus2
2026-10-08T09:32:14.5137147Z Cloud: Azure
2026-10-08T09:32:14.5137522Z ##[endgroup]
2026-10-08T09:32:14.5138485Z ##[group]Operating System
2026-10-08T09:32:14.5138882Z Ubuntu
2026-10-08T09:32:14.5139274Z 24.04.5
2026-10-08T09:32:14.5139799Z LTS
2026-10-08T09:32:14.5140191Z ##[endgroup]
2026-10-08T09:32:14.5140587Z ##[group]Runner Image
2026-10-08T09:32:14.5140991Z Image: ubuntu-24.04
2026-10-08T09:32:14.5141352Z Version: 20261004.327.1
2026-10-08T09:32:14.5142274Z Included Software: https://github.com/actions/runner-images/blob/ubuntu24/20261004.327/images/ubuntu/Ubuntu2404-Readme.md
2026-10-08T09:32:14.5143271Z Image Release: https://github.com/actions/runner-images/releases/tag/ubuntu24%2F20261004.327
2026-10-08T09:32:14.5143884Z ##[endgroup]
2026-10-08T09:32:14.5144973Z ##[group]GITHUB_TOKEN Permissions
2026-10-08T09:32:14.5146485Z Contents: read
2026-10-08T09:32:14.5146899Z Metadata: read
2026-10-08T09:32:14.5147276Z ##[endgroup]
2026-10-08T09:32:14.5148793Z Secret source: Actions
2026-10-08T09:32:14.5149430Z Cache mode: write
2026-10-08T09:32:14.5150212Z Prepare workflow directory
2026-10-08T09:32:14.5427140Z Prepare all required actions
2026-10-08T09:32:14.5462643Z Getting action download info
2026-10-08T09:32:14.8574614Z Download action repository 'actions/checkout@v4' (SHA:11d5960a326750d5838078e36cf38b85af677262)
2026-10-08T09:32:14.9431412Z Download action repository 'actions/upload-artifact@v4' (SHA:ea165f8d65b6e75b540449e92b4886f43607fa02)
2026-10-08T09:32:15.1418041Z Complete job name: rust-probe
2026-10-08T09:32:15.1952630Z ##[group]Run actions/checkout@v4
2026-10-08T09:32:15.1953130Z with:
2026-10-08T09:32:15.1953393Z   path: utility
2026-10-08T09:32:15.1953676Z   persist-credentials: false
2026-10-08T09:32:15.1953992Z   repository: jyqj/codecortex
2026-10-08T09:32:15.1956248Z   token: ***
2026-10-08T09:32:15.1956510Z   ssh-strict: true
2026-10-08T09:32:15.1956778Z   ssh-user: git
2026-10-08T09:32:15.1957038Z   clean: true
2026-10-08T09:32:15.1957317Z   sparse-checkout-cone-mode: true
2026-10-08T09:32:15.1957639Z   fetch-depth: 1
2026-10-08T09:32:15.1957904Z   fetch-tags: false
2026-10-08T09:32:15.1958179Z   show-progress: true
2026-10-08T09:32:15.1958452Z   lfs: false
2026-10-08T09:32:15.1958703Z   submodules: false
2026-10-08T09:32:15.1958979Z   set-safe-directory: true
2026-10-08T09:32:15.1959293Z   allow-unsafe-pr-checkout: false
2026-10-08T09:32:15.1959793Z env:
2026-10-08T09:32:15.1960058Z   PYTHONDONTWRITEBYTECODE: 1
2026-10-08T09:32:15.1960366Z   RUSTUP_TOOLCHAIN: 1.95.0
2026-10-08T09:32:15.1960701Z   RUSTUP_HOME: /home/runner/.rustup
2026-10-08T09:32:15.1961031Z   CARGO_HOME: /home/runner/.cargo
2026-10-08T09:32:15.1961335Z ##[endgroup]
2026-10-08T09:32:15.2670418Z Syncing repository: jyqj/codecortex
2026-10-08T09:32:15.2671647Z ##[group]Getting Git version info
2026-10-08T09:32:15.2672107Z Working directory is '/home/runner/work/codecortex/codecortex/utility'
2026-10-08T09:32:15.2672744Z [command]/usr/bin/git version
2026-10-08T09:32:15.2745152Z git version 2.55.0
2026-10-08T09:32:15.2758488Z ##[endgroup]
2026-10-08T09:32:15.2768942Z Temporarily overriding HOME='/home/runner/work/_temp/4be942f0-913e-4dd7-a13d-a5e6c2370a98' before making global git config changes
2026-10-08T09:32:15.2770025Z Adding repository directory to the temporary git global config as a safe directory
2026-10-08T09:32:15.2773299Z [command]/usr/bin/git config --global --add safe.directory /home/runner/work/codecortex/codecortex/utility
2026-10-08T09:32:15.2818526Z ##[group]Initializing the repository
2026-10-08T09:32:15.2821760Z [command]/usr/bin/git init /home/runner/work/codecortex/codecortex/utility
2026-10-08T09:32:15.2920419Z hint: Using 'master' as the name for the initial branch. This default branch name
2026-10-08T09:32:15.2921093Z hint: will change to "main" in Git 3.0. To configure the initial branch name
2026-10-08T09:32:15.2921727Z hint: to use in all of your new repositories, which will suppress this warning,
2026-10-08T09:32:15.2922184Z hint: call:
2026-10-08T09:32:15.2922427Z hint:
2026-10-08T09:32:15.2922748Z hint: 	git config --global init.defaultBranch <name>
2026-10-08T09:32:15.2923124Z hint:
2026-10-08T09:32:15.2923478Z hint: Names commonly chosen instead of 'master' are 'main', 'trunk' and
2026-10-08T09:32:15.2924301Z hint: 'development'. The just-created branch can be renamed via this command:
2026-10-08T09:32:15.2924895Z hint:
2026-10-08T09:32:15.2925149Z hint: 	git branch -m <name>
2026-10-08T09:32:15.2925432Z hint:
2026-10-08T09:32:15.2925849Z hint: Disable this message with "git config set advice.defaultBranchName false"
2026-10-08T09:32:15.2926503Z Initialized empty Git repository in /home/runner/work/codecortex/codecortex/utility/.git/
2026-10-08T09:32:15.2933035Z [command]/usr/bin/git remote add origin https://github.com/jyqj/codecortex
2026-10-08T09:32:15.2978520Z ##[endgroup]
2026-10-08T09:32:15.2979010Z ##[group]Disabling automatic garbage collection
2026-10-08T09:32:15.2981772Z [command]/usr/bin/git config --local gc.auto 0
2026-10-08T09:32:15.3008657Z ##[endgroup]
2026-10-08T09:32:15.3009112Z ##[group]Setting up auth
2026-10-08T09:32:15.3014367Z [command]/usr/bin/git config --local --name-only --get-regexp core\.sshCommand
2026-10-08T09:32:15.3042835Z [command]/usr/bin/git submodule foreach --recursive sh -c "git config --local --name-only --get-regexp 'core\.sshCommand' && git config --local --unset-all 'core.sshCommand' || :"
2026-10-08T09:32:15.3376802Z [command]/usr/bin/git config --local --name-only --get-regexp http\.https\:\/\/github\.com\/\.extraheader
2026-10-08T09:32:15.3405621Z [command]/usr/bin/git submodule foreach --recursive sh -c "git config --local --name-only --get-regexp 'http\.https\:\/\/github\.com\/\.extraheader' && git config --local --unset-all 'http.https://github.com/.extraheader' || :"
2026-10-08T09:32:15.3595621Z [command]/usr/bin/git config --local --name-only --get-regexp ^includeIf\.gitdir:
2026-10-08T09:32:15.3623301Z [command]/usr/bin/git submodule foreach --recursive git config --local --show-origin --name-only --get-regexp remote.origin.url
2026-10-08T09:32:15.3813000Z [command]/usr/bin/git config --local http.https://github.com/.extraheader AUTHORIZATION: basic ***
2026-10-08T09:32:15.3846237Z ##[endgroup]
2026-10-08T09:32:15.3846881Z ##[group]Fetching the repository
2026-10-08T09:32:15.3853317Z [command]/usr/bin/git -c protocol.version=2 fetch --no-tags --prune --no-recurse-submodules --depth=1 origin +8806369943936d4f4e3885196cce7a32070d8be1:refs/remotes/origin/work/p8-rust-probe-996727-20261008
2026-10-08T09:32:39.9806878Z From https://github.com/jyqj/codecortex
2026-10-08T09:32:39.9807701Z  * [new ref]         8806369943936d4f4e3885196cce7a32070d8be1 -> origin/work/p8-rust-probe-996727-20261008
2026-10-08T09:32:39.9812918Z ##[endgroup]
2026-10-08T09:32:39.9813360Z ##[group]Determining the checkout info
2026-10-08T09:32:39.9813835Z ##[endgroup]
2026-10-08T09:32:39.9817263Z [command]/usr/bin/git sparse-checkout disable
2026-10-08T09:32:39.9861490Z [command]/usr/bin/git config --local --unset-all extensions.worktreeConfig
2026-10-08T09:32:39.9952247Z ##[group]Checking out the ref
2026-10-08T09:32:39.9953008Z [command]/usr/bin/git checkout --progress --force -B work/p8-rust-probe-996727-20261008 refs/remotes/origin/work/p8-rust-probe-996727-20261008
2026-10-08T09:32:41.0140412Z Updating files:  84% (13539/15951)
2026-10-08T09:32:41.0195137Z Updating files:  85% (13559/15951)
2026-10-08T09:32:41.0275436Z Updating files:  86% (13718/15951)
2026-10-08T09:32:41.0374482Z Updating files:  87% (13878/15951)
2026-10-08T09:32:41.0548861Z Updating files:  88% (14037/15951)
2026-10-08T09:32:41.3485146Z Updating files:  89% (14197/15951)
2026-10-08T09:32:41.5892161Z Updating files:  90% (14356/15951)
2026-10-08T09:32:41.6000834Z Updating files:  91% (14516/15951)
2026-10-08T09:32:41.6082288Z Updating files:  92% (14675/15951)
2026-10-08T09:32:41.6169064Z Updating files:  93% (14835/15951)
2026-10-08T09:32:41.6274696Z Updating files:  94% (14994/15951)
2026-10-08T09:32:41.6395238Z Updating files:  95% (15154/15951)
2026-10-08T09:32:41.6515146Z Updating files:  96% (15313/15951)
2026-10-08T09:32:41.6603206Z Updating files:  97% (15473/15951)
2026-10-08T09:32:41.6710174Z Updating files:  98% (15632/15951)
2026-10-08T09:32:41.6840638Z Updating files:  99% (15792/15951)
2026-10-08T09:32:41.6841021Z Updating files: 100% (15951/15951)
2026-10-08T09:32:41.6841300Z Updating files: 100% (15951/15951), done.
2026-10-08T09:32:41.8379104Z Switched to a new branch 'work/p8-rust-probe-996727-20261008'
2026-10-08T09:32:41.8402064Z branch 'work/p8-rust-probe-996727-20261008' set up to track 'origin/work/p8-rust-probe-996727-20261008'.
2026-10-08T09:32:41.8501904Z ##[endgroup]
2026-10-08T09:32:41.8597413Z [command]/usr/bin/git log -1 --format=%H
2026-10-08T09:32:41.8618180Z 8806369943936d4f4e3885196cce7a32070d8be1
2026-10-08T09:32:41.8627174Z ##[group]Removing auth
2026-10-08T09:32:41.8630098Z [command]/usr/bin/git config --local --name-only --get-regexp core\.sshCommand
2026-10-08T09:32:41.8659501Z [command]/usr/bin/git submodule foreach --recursive sh -c "git config --local --name-only --get-regexp 'core\.sshCommand' && git config --local --unset-all 'core.sshCommand' || :"
2026-10-08T09:32:41.8869178Z [command]/usr/bin/git config --local --name-only --get-regexp http\.https\:\/\/github\.com\/\.extraheader
2026-10-08T09:32:41.8894579Z http.https://github.com/.extraheader
2026-10-08T09:32:41.8900969Z [command]/usr/bin/git config --local --unset-all http.https://github.com/.extraheader
2026-10-08T09:32:41.9018680Z [command]/usr/bin/git submodule foreach --recursive sh -c "git config --local --name-only --get-regexp 'http\.https\:\/\/github\.com\/\.extraheader' && git config --local --unset-all 'http.https://github.com/.extraheader' || :"
2026-10-08T09:32:41.9223114Z [command]/usr/bin/git config --local --name-only --get-regexp ^includeIf\.gitdir:
2026-10-08T09:32:41.9253805Z [command]/usr/bin/git submodule foreach --recursive git config --local --show-origin --name-only --get-regexp remote.origin.url
2026-10-08T09:32:41.9451043Z ##[endgroup]
2026-10-08T09:32:42.0291618Z ##[group]Run rustup toolchain install 1.95.0 --profile minimal
2026-10-08T09:32:42.0292012Z [36;1mrustup toolchain install 1.95.0 --profile minimal[0m
2026-10-08T09:32:42.0292242Z [36;1mif ! command -v rg >/dev/null; then[0m
2026-10-08T09:32:42.0292427Z [36;1m  sudo apt-get update[0m
2026-10-08T09:32:42.0292602Z [36;1m  sudo apt-get install --yes ripgrep[0m
2026-10-08T09:32:42.0292775Z [36;1mfi[0m
2026-10-08T09:32:42.0292921Z [36;1mtest -x /usr/bin/rg[0m
2026-10-08T09:32:42.0293074Z [36;1m/usr/bin/rg --version[0m
2026-10-08T09:32:42.0293230Z [36;1mpython3 -I -S --version[0m
2026-10-08T09:32:42.1317791Z shell: /usr/bin/bash -e {0}
2026-10-08T09:32:42.1317995Z env:
2026-10-08T09:32:42.1318148Z   PYTHONDONTWRITEBYTECODE: 1
2026-10-08T09:32:42.1318316Z   RUSTUP_TOOLCHAIN: 1.95.0
2026-10-08T09:32:42.1318480Z   RUSTUP_HOME: /home/runner/.rustup
2026-10-08T09:32:42.1318652Z   CARGO_HOME: /home/runner/.cargo
2026-10-08T09:32:42.1318809Z ##[endgroup]
2026-10-08T09:32:42.2010168Z info: syncing channel updates for 1.95.0-x86_64-unknown-linux-gnu
2026-10-08T09:32:42.6312976Z info: latest update on 2026-04-16 for version 1.95.0 (59807616e 2026-04-14)
2026-10-08T09:32:42.6313430Z info: downloading 3 components
2026-10-08T09:32:49.6520430Z 
2026-10-08T09:32:49.6584348Z   1.95.0-x86_64-unknown-linux-gnu installed - rustc 1.95.0 (59807616e 2026-04-14)
2026-10-08T09:32:49.6584785Z 
2026-10-08T09:32:49.7178022Z Get:1 file:/etc/apt/apt-mirrors.txt Mirrorlist [144 B]
2026-10-08T09:32:49.7585155Z Get:6 https://packages.microsoft.com/ubuntu/24.04/prod noble InRelease [3600 B]
2026-10-08T09:32:49.7663880Z Hit:2 http://azure.archive.ubuntu.com/ubuntu noble InRelease
2026-10-08T09:32:49.7677462Z Get:3 http://azure.archive.ubuntu.com/ubuntu noble-updates InRelease [126 kB]
2026-10-08T09:32:49.7726783Z Get:4 http://azure.archive.ubuntu.com/ubuntu noble-backports InRelease [126 kB]
2026-10-08T09:32:49.7762356Z Get:5 http://azure.archive.ubuntu.com/ubuntu noble-security InRelease [126 kB]
2026-10-08T09:32:49.8212704Z Get:7 https://packages.microsoft.com/ubuntu/24.04/prod noble/main all Packages [640 B]
2026-10-08T09:32:49.8296544Z Get:8 https://packages.microsoft.com/ubuntu/24.04/prod noble/main amd64 Packages [530 kB]
2026-10-08T09:32:49.8372602Z Get:9 https://packages.microsoft.com/ubuntu/24.04/prod noble/main armhf Packages [12.3 kB]
2026-10-08T09:32:49.8400413Z Get:10 https://packages.microsoft.com/ubuntu/24.04/prod noble/main arm64 Packages [475 kB]
2026-10-08T09:32:49.9003539Z Get:11 http://azure.archive.ubuntu.com/ubuntu noble-updates/main amd64 Packages [1375 kB]
2026-10-08T09:32:49.9071978Z Get:12 http://azure.archive.ubuntu.com/ubuntu noble-updates/main Translation-en [306 kB]
2026-10-08T09:32:49.9092241Z Get:13 http://azure.archive.ubuntu.com/ubuntu noble-updates/universe amd64 Packages [1702 kB]
2026-10-08T09:32:49.9171006Z Get:14 http://azure.archive.ubuntu.com/ubuntu noble-updates/universe Translation-en [341 kB]
2026-10-08T09:32:49.9186053Z Get:15 http://azure.archive.ubuntu.com/ubuntu noble-updates/restricted amd64 Packages [1761 kB]
2026-10-08T09:32:49.9257725Z Get:16 http://azure.archive.ubuntu.com/ubuntu noble-updates/restricted Translation-en [401 kB]
2026-10-08T09:32:49.9280757Z Get:17 http://azure.archive.ubuntu.com/ubuntu noble-updates/multiverse amd64 Packages [55.0 kB]
2026-10-08T09:32:49.9293632Z Get:18 http://azure.archive.ubuntu.com/ubuntu noble-updates/multiverse Translation-en [14.3 kB]
2026-10-08T09:32:49.9842315Z Get:19 http://azure.archive.ubuntu.com/ubuntu noble-security/main amd64 Packages [1074 kB]
2026-10-08T09:32:49.9895478Z Get:20 http://azure.archive.ubuntu.com/ubuntu noble-security/main Translation-en [223 kB]
2026-10-08T09:32:50.0341276Z Get:21 http://azure.archive.ubuntu.com/ubuntu noble-security/universe amd64 Packages [1218 kB]
2026-10-08T09:32:50.0397339Z Get:22 http://azure.archive.ubuntu.com/ubuntu noble-security/universe Translation-en [245 kB]
2026-10-08T09:32:50.0415721Z Get:23 http://azure.archive.ubuntu.com/ubuntu noble-security/multiverse Translation-en [11.6 kB]
2026-10-08T09:32:54.9291506Z Fetched 10.1 MB in 1s (11.6 MB/s)
2026-10-08T09:32:55.4882476Z Reading package lists...
2026-10-08T09:32:55.5139136Z Reading package lists...
2026-10-08T09:32:55.6450250Z Building dependency tree...
2026-10-08T09:32:55.6456283Z Reading state information...
2026-10-08T09:32:55.7689064Z The following NEW packages will be installed:
2026-10-08T09:32:55.7689473Z   ripgrep
2026-10-08T09:32:55.7823887Z 0 upgraded, 1 newly installed, 0 to remove and 17 not upgraded.
2026-10-08T09:32:55.7824285Z Need to get 1551 kB of archives.
2026-10-08T09:32:55.7824627Z After this operation, 5335 kB of additional disk space will be used.
2026-10-08T09:32:55.7825078Z Get:1 file:/etc/apt/apt-mirrors.txt Mirrorlist [144 B]
2026-10-08T09:32:56.0188693Z Get:2 http://azure.archive.ubuntu.com/ubuntu noble/universe amd64 ripgrep amd64 14.1.0-1 [1551 kB]
2026-10-08T09:32:56.2220726Z Fetched 1551 kB in 0s (6064 kB/s)
2026-10-08T09:32:56.2391240Z Selecting previously unselected package ripgrep.
2026-10-08T09:32:56.2638301Z (Reading database ... 
2026-10-08T09:32:56.2638646Z (Reading database ... 5%
2026-10-08T09:32:56.2638994Z (Reading database ... 10%
2026-10-08T09:32:56.2639244Z (Reading database ... 15%
2026-10-08T09:32:56.2639429Z (Reading database ... 20%
2026-10-08T09:32:56.2639562Z (Reading database ... 25%
2026-10-08T09:32:56.2639856Z (Reading database ... 30%
2026-10-08T09:32:56.2639990Z (Reading database ... 35%
2026-10-08T09:32:56.2698863Z (Reading database ... 40%
2026-10-08T09:32:56.2699105Z (Reading database ... 45%
2026-10-08T09:32:56.2699318Z (Reading database ... 50%
2026-10-08T09:32:56.2699917Z (Reading database ... 55%
2026-10-08T09:32:56.3565572Z (Reading database ... 60%
2026-10-08T09:32:56.5596841Z (Reading database ... 65%
2026-10-08T09:32:56.7469802Z (Reading database ... 70%
2026-10-08T09:32:56.9095814Z (Reading database ... 75%
2026-10-08T09:32:57.0435805Z (Reading database ... 80%
2026-10-08T09:32:57.1543764Z (Reading database ... 85%
2026-10-08T09:32:57.2613897Z (Reading database ... 90%
2026-10-08T09:32:57.3918480Z (Reading database ... 95%
2026-10-08T09:32:57.3918706Z (Reading database ... 100%
2026-10-08T09:32:57.3918926Z (Reading database ... 203191 files and directories currently installed.)
2026-10-08T09:32:57.3958571Z Preparing to unpack .../ripgrep_14.1.0-1_amd64.deb ...
2026-10-08T09:32:57.3980725Z Unpacking ripgrep (14.1.0-1) ...
2026-10-08T09:32:57.4656744Z Setting up ripgrep (14.1.0-1) ...
2026-10-08T09:32:57.4681610Z Processing triggers for man-db (2.12.0-4build2) ...
2026-10-08T09:32:57.4706696Z Not building database; man-db/auto-update is not 'true'.
2026-10-08T09:32:57.9931843Z 
2026-10-08T09:32:57.9932404Z Running kernel seems to be up-to-date.
2026-10-08T09:32:57.9932649Z 
2026-10-08T09:32:57.9932758Z No services need to be restarted.
2026-10-08T09:32:57.9932920Z 
2026-10-08T09:32:57.9933017Z No containers need to be restarted.
2026-10-08T09:32:57.9933180Z 
2026-10-08T09:32:57.9933299Z No user sessions are running outdated binaries.
2026-10-08T09:32:57.9933492Z 
2026-10-08T09:32:57.9933682Z No VM guests are running outdated hypervisor (qemu) binaries on this host.
2026-10-08T09:32:58.6357718Z ripgrep 14.1.0
2026-10-08T09:32:58.6357904Z 
2026-10-08T09:32:58.6358081Z features:-simd-accel,+pcre2
2026-10-08T09:32:58.6358344Z simd(compile):+SSE2,-SSSE3,-AVX2
2026-10-08T09:32:58.6358591Z simd(runtime):+SSE2,+SSSE3,+AVX2
2026-10-08T09:32:58.6358738Z 
2026-10-08T09:32:58.6358855Z PCRE2 10.42 is available (JIT is available)
2026-10-08T09:32:58.6367550Z Python 3.12.3
2026-10-08T09:32:58.6405904Z ##[group]Run python3 -I -S "$GITHUB_WORKSPACE/utility/artifacts/checkpoints/p8-temporal-preseal-environment-20261008/shared_rust.py"
2026-10-08T09:32:58.6406502Z [36;1mpython3 -I -S "$GITHUB_WORKSPACE/utility/artifacts/checkpoints/p8-temporal-preseal-environment-20261008/shared_rust.py"[0m
2026-10-08T09:32:58.6464530Z shell: /usr/bin/bash -e {0}
2026-10-08T09:32:58.6464681Z env:
2026-10-08T09:32:58.6464812Z   PYTHONDONTWRITEBYTECODE: 1
2026-10-08T09:32:58.6464967Z   RUSTUP_TOOLCHAIN: 1.95.0
2026-10-08T09:32:58.6465125Z   RUSTUP_HOME: /home/runner/.rustup
2026-10-08T09:32:58.6465291Z   CARGO_HOME: /home/runner/.cargo
2026-10-08T09:32:58.6465439Z ##[endgroup]
2026-10-08T09:32:58.8717703Z P8_SHARED_RUST_RUNTIME {"actual_command_entrypoints": {"cargo": {"child": {"bytes": 21113232, "mode": 493, "path": "/home/runner/.cargo/bin/rustup", "sha256": "dda7234360b7f578ca8b0ddcb80145646fa61a67c1720a5abc7051b35c9fcb71"}, "child_lookup": "/home/runner/.cargo/bin/cargo", "parent": {"bytes": 21113232, "mode": 493, "path": "/home/runner/.cargo/bin/rustup", "sha256": "dda7234360b7f578ca8b0ddcb80145646fa61a67c1720a5abc7051b35c9fcb71"}, "parent_lookup": "/home/runner/.cargo/bin/cargo"}, "rustc": {"child": {"bytes": 21113232, "mode": 493, "path": "/home/runner/.cargo/bin/rustup", "sha256": "dda7234360b7f578ca8b0ddcb80145646fa61a67c1720a5abc7051b35c9fcb71"}, "child_lookup": "/home/runner/.cargo/bin/rustc", "parent": {"bytes": 21113232, "mode": 493, "path": "/home/runner/.cargo/bin/rustup", "sha256": "dda7234360b7f578ca8b0ddcb80145646fa61a67c1720a5abc7051b35c9fcb71"}, "parent_lookup": "/home/runner/.cargo/bin/rustc"}, "rustup": {"child": {"bytes": 21113232, "mode": 493, "path": "/home/runner/.cargo/bin/rustup", "sha256": "dda7234360b7f578ca8b0ddcb80145646fa61a67c1720a5abc7051b35c9fcb71"}, "child_lookup": "/home/runner/.cargo/bin/rustup", "parent": {"bytes": 21113232, "mode": 493, "path": "/home/runner/.cargo/bin/rustup", "sha256": "dda7234360b7f578ca8b0ddcb80145646fa61a67c1720a5abc7051b35c9fcb71"}, "parent_lookup": "/home/runner/.cargo/bin/rustup"}}, "cargo_home": "/home/runner/.cargo", "child_environment_keys": ["CARGO_HOME", "GIT_CONFIG_NOSYSTEM", "GIT_NO_LAZY_FETCH", "GIT_TERMINAL_PROMPT", "HOME", "LANG", "LC_ALL", "PATH", "PYTHONDONTWRITEBYTECODE", "PYTHONNOUSERSITE", "RUSTUP_HOME", "RUSTUP_TOOLCHAIN", "TZ", "XDG_CACHE_HOME", "XDG_CONFIG_HOME"], "child_path_prefix": "/usr/bin", "execution_env_origin": {"exact_function_text_sha256": "c3a53760f03ae6294b440cdbc73db37942e0c72f8c53b8d8b2730b39e94bc722", "operator_git_blob": "41ce2df9fd364de00bf2265aac6f4f791235e6a8"}, "ld_library_path_forwarded": false, "new_product_queries": 0, "rustup_home": "/home/runner/.rustup", "schema_version": 1, "scope": "Actual parent and isolated-HOME probes use an exact text copy of unchanged temporal3.1 execution_env, including resolved /usr/bin rg PATH prefix and optional LD_LIBRARY_PATH. No claim of complete OS shared-library isolation.", "status": "same_fixed_parent_and_child_rust_paths_verified", "toolchain": "1.95.0", "tools": {"cargo": {"actual_binary": {"bytes": 42185192, "mode": 493, "path": "/home/runner/.rustup/toolchains/1.95.0-x86_64-unknown-linux-gnu/bin/cargo", "sha256": "841072d1d92f9e841d9ba5b0814182a0adf064acf4527cd120967b7bc49dcb66"}, "child_entrypoint": {"bytes": 21113232, "mode": 493, "path": "/home/runner/.cargo/bin/rustup", "sha256": "dda7234360b7f578ca8b0ddcb80145646fa61a67c1720a5abc7051b35c9fcb71"}, "direct_binary_version": "cargo 1.95.0 (f2d3ce0bd 2026-03-21)\nrelease: 1.95.0\ncommit-hash: f2d3ce0bd7f24a49f8f72d9000448f8838c4e850\ncommit-date: 2026-03-21\nhost: x86_64-unknown-linux-gnu\nlibgit2: 1.9.2 (sys:0.20.4 vendored)\nlibcurl: 8.15.0-DEV (sys:0.4.83+curl-8.15.0 vendored ssl:OpenSSL/3.5.4)\nssl: OpenSSL 3.5.4 30 Sep 2025\nos: Ubuntu 24.4.0 (noble) [64-bit]\n", "isolated_child_version": "cargo 1.95.0 (f2d3ce0bd 2026-03-21)\nrelease: 1.95.0\ncommit-hash: f2d3ce0bd7f24a49f8f72d9000448f8838c4e850\ncommit-date: 2026-03-21\nhost: x86_64-unknown-linux-gnu\nlibgit2: 1.9.2 (sys:0.20.4 vendored)\nlibcurl: 8.15.0-DEV (sys:0.4.83+curl-8.15.0 vendored ssl:OpenSSL/3.5.4)\nssl: OpenSSL 3.5.4 30 Sep 2025\nos: Ubuntu 24.4.0 (noble) [64-bit]\n", "parent_entrypoint": {"bytes": 21113232, "mode": 493, "path": "/home/runner/.cargo/bin/rustup", "sha256": "dda7234360b7f578ca8b0ddcb80145646fa61a67c1720a5abc7051b35c9fcb71"}, "parent_version": "cargo 1.95.0 (f2d3ce0bd 2026-03-21)\nrelease: 1.95.0\ncommit-hash: f2d3ce0bd7f24a49f8f72d9000448f8838c4e850\ncommit-date: 2026-03-21\nhost: x86_64-unknown-linux-gnu\nlibgit2: 1.9.2 (sys:0.20.4 vendored)\nlibcurl: 8.15.0-DEV (sys:0.4.83+curl-8.15.0 vendored ssl:OpenSSL/3.5.4)\nssl: OpenSSL 3.5.4 30 Sep 2025\nos: Ubuntu 24.4.0 (noble) [64-bit]\n"}, "rustc": {"actual_binary": {"bytes": 644784, "mode": 493, "path": "/home/runner/.rustup/toolchains/1.95.0-x86_64-unknown-linux-gnu/bin/rustc", "sha256": "bff349e72704ff70bc08a234a3847338e797065bbedde5e556808bc87b7bf7c6"}, "child_entrypoint": {"bytes": 21113232, "mode": 493, "path": "/home/runner/.cargo/bin/rustup", "sha256": "dda7234360b7f578ca8b0ddcb80145646fa61a67c1720a5abc7051b35c9fcb71"}, "direct_binary_version": "rustc 1.95.0 (59807616e 2026-04-14)\nbinary: rustc\ncommit-hash: 59807616e1fa2540724bfbac14d7976d7e4a3860\ncommit-date: 2026-04-14\nhost: x86_64-unknown-linux-gnu\nrelease: 1.95.0\nLLVM version: 22.1.2\n", "isolated_child_version": "rustc 1.95.0 (59807616e 2026-04-14)\nbinary: rustc\ncommit-hash: 59807616e1fa2540724bfbac14d7976d7e4a3860\ncommit-date: 2026-04-14\nhost: x86_64-unknown-linux-gnu\nrelease: 1.95.0\nLLVM version: 22.1.2\n", "parent_entrypoint": {"bytes": 21113232, "mode": 493, "path": "/home/runner/.cargo/bin/rustup", "sha256": "dda7234360b7f578ca8b0ddcb80145646fa61a67c1720a5abc7051b35c9fcb71"}, "parent_version": "rustc 1.95.0 (59807616e 2026-04-14)\nbinary: rustc\ncommit-hash: 59807616e1fa2540724bfbac14d7976d7e4a3860\ncommit-date: 2026-04-14\nhost: x86_64-unknown-linux-gnu\nrelease: 1.95.0\nLLVM version: 22.1.2\n"}}}
2026-10-08T09:32:58.9276130Z ##[group]Run actions/upload-artifact@v4
2026-10-08T09:32:58.9276316Z with:
2026-10-08T09:32:58.9276455Z   name: p8-exact-child-rust-probe
2026-10-08T09:32:58.9276667Z   path: /home/runner/work/_temp/ptv2-shared-rust-environment.json
2026-10-08T09:32:58.9277017Z   if-no-files-found: error
2026-10-08T09:32:58.9277162Z   compression-level: 6
2026-10-08T09:32:58.9277292Z   overwrite: false
2026-10-08T09:32:58.9277426Z   include-hidden-files: false
2026-10-08T09:32:58.9277568Z env:
2026-10-08T09:32:58.9277692Z   PYTHONDONTWRITEBYTECODE: 1
2026-10-08T09:32:58.9277843Z   RUSTUP_TOOLCHAIN: 1.95.0
2026-10-08T09:32:58.9277992Z   RUSTUP_HOME: /home/runner/.rustup
2026-10-08T09:32:58.9278152Z   CARGO_HOME: /home/runner/.cargo
2026-10-08T09:32:58.9278300Z ##[endgroup]
2026-10-08T09:32:59.0415668Z (node:2736) [DEP0040] DeprecationWarning: The `punycode` module is deprecated. Please use a userland alternative instead.
2026-10-08T09:32:59.0416164Z (Use `node --trace-deprecation ...` to show where the warning was created)
2026-10-08T09:32:59.0446096Z With the provided path, there will be 1 file uploaded
2026-10-08T09:32:59.0449507Z Artifact name is valid!
2026-10-08T09:32:59.0449922Z Root directory input is valid!
2026-10-08T09:32:59.4432787Z Beginning upload of artifact content to blob storage
2026-10-08T09:32:59.4551881Z (node:2736) [DEP0169] DeprecationWarning: `url.parse()` behavior is not standardized and prone to errors that have security implications. Use the WHATWG URL API instead. CVEs are not issued for `url.parse()` vulnerabilities.
2026-10-08T09:32:59.7339350Z Uploaded bytes 1501
2026-10-08T09:32:59.8093816Z Finished uploading artifact content to blob storage!
2026-10-08T09:32:59.8094253Z SHA256 digest of uploaded artifact zip is d59c9dc261edd5c4da048085630bc293c4ee988034b271b43d977030f267ad61
2026-10-08T09:32:59.8095627Z Finalizing artifact upload
2026-10-08T09:33:00.0706447Z Artifact p8-exact-child-rust-probe.zip successfully finalized. Artifact ID 11541355356
2026-10-08T09:33:00.0707337Z Artifact p8-exact-child-rust-probe has been successfully uploaded! Final size is 1501 bytes. Artifact ID is 11541355356
2026-10-08T09:33:00.0712580Z Artifact download URL: https://github.com/jyqj/codecortex/actions/runs/37757323019/artifacts/11541355356
2026-10-08T09:33:00.0880444Z Post job cleanup.
2026-10-08T09:33:00.1463811Z [command]/usr/bin/git version
2026-10-08T09:33:00.1524882Z git version 2.55.0
2026-10-08T09:33:00.1547545Z Temporarily overriding HOME='/home/runner/work/_temp/a204c55a-887e-4728-aa14-487fa513652f' before making global git config changes
2026-10-08T09:33:00.1548519Z Adding repository directory to the temporary git global config as a safe directory
2026-10-08T09:33:00.1551736Z [command]/usr/bin/git config --global --add safe.directory /home/runner/work/codecortex/codecortex/utility
2026-10-08T09:33:00.1579847Z [command]/usr/bin/git config --local --name-only --get-regexp core\.sshCommand
2026-10-08T09:33:00.1606870Z [command]/usr/bin/git submodule foreach --recursive sh -c "git config --local --name-only --get-regexp 'core\.sshCommand' && git config --local --unset-all 'core.sshCommand' || :"
2026-10-08T09:33:00.1805864Z [command]/usr/bin/git config --local --name-only --get-regexp http\.https\:\/\/github\.com\/\.extraheader
2026-10-08T09:33:00.1831076Z [command]/usr/bin/git submodule foreach --recursive sh -c "git config --local --name-only --get-regexp 'http\.https\:\/\/github\.com\/\.extraheader' && git config --local --unset-all 'http.https://github.com/.extraheader' || :"
2026-10-08T09:33:00.2025538Z [command]/usr/bin/git config --local --name-only --get-regexp ^includeIf\.gitdir:
2026-10-08T09:33:00.2070530Z [command]/usr/bin/git submodule foreach --recursive git config --local --show-origin --name-only --get-regexp remote.origin.url
2026-10-08T09:33:00.2391249Z Cleaning up orphan processes
2026-10-08T09:33:00.2608806Z ##[warning]Node.js 20 is deprecated. The following actions target Node.js 20 but are being forced to run on Node.js 24: actions/checkout@v4, actions/upload-artifact@v4. For more information see: https://github.blog/changelog/2025-09-19-deprecation-of-node-20-on-github-actions-runners/
