2026-10-09T09:13:14.1063418Z Current runner version: '2.337.0'
2026-10-09T09:13:14.1087850Z ##[group]Runner Image Provisioner
2026-10-09T09:13:14.1088797Z Hosted Compute Agent
2026-10-09T09:13:14.1089489Z Version: 20261002.596
2026-10-09T09:13:14.1090119Z Commit: c3d12f3313a95f25162a1503be624f3b0617f8c0
2026-10-09T09:13:14.1090824Z Build Date: 2026-10-02T22:28:27Z
2026-10-09T09:13:14.1091577Z Worker ID: {4762eca6-d0ed-423e-94c1-6e024351987a}
2026-10-09T09:13:14.1092287Z Region: westus
2026-10-09T09:13:14.1092899Z Cloud: Azure
2026-10-09T09:13:14.1093499Z ##[endgroup]
2026-10-09T09:13:14.1095044Z ##[group]Operating System
2026-10-09T09:13:14.1095761Z Ubuntu
2026-10-09T09:13:14.1096313Z 24.04.5
2026-10-09T09:13:14.1096894Z LTS
2026-10-09T09:13:14.1097428Z ##[endgroup]
2026-10-09T09:13:14.1098298Z ##[group]Runner Image
2026-10-09T09:13:14.1098971Z Image: ubuntu-24.04
2026-10-09T09:13:14.1099539Z Version: 20261004.327.1
2026-10-09T09:13:14.1100893Z Included Software: https://github.com/actions/runner-images/blob/ubuntu24/20261004.327/images/ubuntu/Ubuntu2404-Readme.md
2026-10-09T09:13:14.1102486Z Image Release: https://github.com/actions/runner-images/releases/tag/ubuntu24%2F20261004.327
2026-10-09T09:13:14.1103529Z ##[endgroup]
2026-10-09T09:13:14.1104740Z ##[group]GITHUB_TOKEN Permissions
2026-10-09T09:13:14.1106665Z Contents: read
2026-10-09T09:13:14.1107321Z Metadata: read
2026-10-09T09:13:14.1108249Z ##[endgroup]
2026-10-09T09:13:14.1110332Z Secret source: Actions
2026-10-09T09:13:14.1111350Z Cache mode: write
2026-10-09T09:13:14.1112163Z Prepare workflow directory
2026-10-09T09:13:14.1505123Z Prepare all required actions
2026-10-09T09:13:14.1576536Z Getting action download info
2026-10-09T09:13:14.5275279Z Download action repository 'actions/checkout@v4' (SHA:11d5960a326750d5838078e36cf38b85af677262)
2026-10-09T09:13:14.6382326Z Download action repository 'actions/download-artifact@v4' (SHA:d3f86a106a0bac45b974a628896c90dbdf5c8093)
2026-10-09T09:13:15.0958764Z Download action repository 'actions/upload-artifact@v4' (SHA:ea165f8d65b6e75b540449e92b4886f43607fa02)
2026-10-09T09:13:15.2886681Z Complete job name: all eight platform cells
2026-10-09T09:13:15.3651705Z ##[group]Run actions/checkout@v4
2026-10-09T09:13:15.3652621Z with:
2026-10-09T09:13:15.3653112Z   ref: c8be5afaac568ffd40ef86d3795423c3b73c9f39
2026-10-09T09:13:15.3653729Z   repository: jyqj/codecortex
2026-10-09T09:13:15.3657845Z   token: ***
2026-10-09T09:13:15.3658300Z   ssh-strict: true
2026-10-09T09:13:15.3658745Z   ssh-user: git
2026-10-09T09:13:15.3659202Z   persist-credentials: true
2026-10-09T09:13:15.3659693Z   clean: true
2026-10-09T09:13:15.3660140Z   sparse-checkout-cone-mode: true
2026-10-09T09:13:15.3660659Z   fetch-depth: 1
2026-10-09T09:13:15.3661096Z   fetch-tags: false
2026-10-09T09:13:15.3661548Z   show-progress: true
2026-10-09T09:13:15.3662004Z   lfs: false
2026-10-09T09:13:15.3662428Z   submodules: false
2026-10-09T09:13:15.3662883Z   set-safe-directory: true
2026-10-09T09:13:15.3663386Z   allow-unsafe-pr-checkout: false
2026-10-09T09:13:15.3664158Z env:
2026-10-09T09:13:15.3664606Z   CARGO_TERM_COLOR: never
2026-10-09T09:13:15.3665120Z   CARGO_INCREMENTAL: 0
2026-10-09T09:13:15.3665599Z   PYTHONDONTWRITEBYTECODE: 1
2026-10-09T09:13:15.3666089Z ##[endgroup]
2026-10-09T09:13:15.4637471Z Syncing repository: jyqj/codecortex
2026-10-09T09:13:15.4640044Z ##[group]Getting Git version info
2026-10-09T09:13:15.4640850Z Working directory is '/home/runner/work/codecortex/codecortex'
2026-10-09T09:13:15.4641905Z [command]/usr/bin/git version
2026-10-09T09:13:15.4744987Z git version 2.55.0
2026-10-09T09:13:15.4766816Z ##[endgroup]
2026-10-09T09:13:15.4780934Z Temporarily overriding HOME='/home/runner/work/_temp/a5634c4d-ed74-4a41-9579-9ecf1a4775ef' before making global git config changes
2026-10-09T09:13:15.4785518Z Adding repository directory to the temporary git global config as a safe directory
2026-10-09T09:13:15.4787347Z [command]/usr/bin/git config --global --add safe.directory /home/runner/work/codecortex/codecortex
2026-10-09T09:13:15.4838669Z Deleting the contents of '/home/runner/work/codecortex/codecortex'
2026-10-09T09:13:15.4842807Z ##[group]Initializing the repository
2026-10-09T09:13:15.4846656Z [command]/usr/bin/git init /home/runner/work/codecortex/codecortex
2026-10-09T09:13:15.4972849Z hint: Using 'master' as the name for the initial branch. This default branch name
2026-10-09T09:13:15.4975043Z hint: will change to "main" in Git 3.0. To configure the initial branch name
2026-10-09T09:13:15.4977192Z hint: to use in all of your new repositories, which will suppress this warning,
2026-10-09T09:13:15.4979605Z hint: call:
2026-10-09T09:13:15.4980475Z hint:
2026-10-09T09:13:15.4981363Z hint: 	git config --global init.defaultBranch <name>
2026-10-09T09:13:15.4982859Z hint:
2026-10-09T09:13:15.4983978Z hint: Names commonly chosen instead of 'master' are 'main', 'trunk' and
2026-10-09T09:13:15.4985259Z hint: 'development'. The just-created branch can be renamed via this command:
2026-10-09T09:13:15.4986505Z hint:
2026-10-09T09:13:15.4987197Z hint: 	git branch -m <name>
2026-10-09T09:13:15.4988300Z hint:
2026-10-09T09:13:15.4989182Z hint: Disable this message with "git config set advice.defaultBranchName false"
2026-10-09T09:13:15.4990408Z Initialized empty Git repository in /home/runner/work/codecortex/codecortex/.git/
2026-10-09T09:13:15.4992064Z [command]/usr/bin/git remote add origin https://github.com/jyqj/codecortex
2026-10-09T09:13:15.5039823Z ##[endgroup]
2026-10-09T09:13:15.5040698Z ##[group]Disabling automatic garbage collection
2026-10-09T09:13:15.5044920Z [command]/usr/bin/git config --local gc.auto 0
2026-10-09T09:13:15.5075207Z ##[endgroup]
2026-10-09T09:13:15.5076572Z ##[group]Setting up auth
2026-10-09T09:13:15.5083038Z [command]/usr/bin/git config --local --name-only --get-regexp core\.sshCommand
2026-10-09T09:13:15.5114561Z [command]/usr/bin/git submodule foreach --recursive sh -c "git config --local --name-only --get-regexp 'core\.sshCommand' && git config --local --unset-all 'core.sshCommand' || :"
2026-10-09T09:13:15.5474789Z [command]/usr/bin/git config --local --name-only --get-regexp http\.https\:\/\/github\.com\/\.extraheader
2026-10-09T09:13:15.5506618Z [command]/usr/bin/git submodule foreach --recursive sh -c "git config --local --name-only --get-regexp 'http\.https\:\/\/github\.com\/\.extraheader' && git config --local --unset-all 'http.https://github.com/.extraheader' || :"
2026-10-09T09:13:15.5723721Z [command]/usr/bin/git config --local --name-only --get-regexp ^includeIf\.gitdir:
2026-10-09T09:13:15.5753192Z [command]/usr/bin/git submodule foreach --recursive git config --local --show-origin --name-only --get-regexp remote.origin.url
2026-10-09T09:13:15.5971611Z [command]/usr/bin/git config --local http.https://github.com/.extraheader AUTHORIZATION: basic ***
2026-10-09T09:13:15.6005352Z ##[endgroup]
2026-10-09T09:13:15.6006306Z ##[group]Fetching the repository
2026-10-09T09:13:15.6014624Z [command]/usr/bin/git -c protocol.version=2 fetch --no-tags --prune --no-recurse-submodules --depth=1 origin c8be5afaac568ffd40ef86d3795423c3b73c9f39
2026-10-09T09:13:28.5526871Z From https://github.com/jyqj/codecortex
2026-10-09T09:13:28.5538823Z  * branch            c8be5afaac568ffd40ef86d3795423c3b73c9f39 -> FETCH_HEAD
2026-10-09T09:13:28.5542532Z ##[endgroup]
2026-10-09T09:13:28.5543701Z ##[group]Determining the checkout info
2026-10-09T09:13:28.5544933Z ##[endgroup]
2026-10-09T09:13:28.5551535Z [command]/usr/bin/git sparse-checkout disable
2026-10-09T09:13:28.5606531Z [command]/usr/bin/git config --local --unset-all extensions.worktreeConfig
2026-10-09T09:13:28.5635949Z ##[group]Checking out the ref
2026-10-09T09:13:28.5640400Z [command]/usr/bin/git checkout --progress --force c8be5afaac568ffd40ef86d3795423c3b73c9f39
2026-10-09T09:13:29.6464322Z Updating files:  48% (10960/22710)
2026-10-09T09:13:29.6685030Z Updating files:  49% (11128/22710)
2026-10-09T09:13:29.7042771Z Updating files:  50% (11355/22710)
2026-10-09T09:13:29.7523463Z Updating files:  51% (11583/22710)
2026-10-09T09:13:29.7717921Z Updating files:  52% (11810/22710)
2026-10-09T09:13:29.8209403Z Updating files:  53% (12037/22710)
2026-10-09T09:13:29.8356428Z Updating files:  54% (12264/22710)
2026-10-09T09:13:29.8513327Z Updating files:  55% (12491/22710)
2026-10-09T09:13:29.8662019Z Updating files:  56% (12718/22710)
2026-10-09T09:13:29.8882618Z Updating files:  57% (12945/22710)
2026-10-09T09:13:29.9009696Z Updating files:  58% (13172/22710)
2026-10-09T09:13:29.9111817Z Updating files:  59% (13399/22710)
2026-10-09T09:13:29.9228912Z Updating files:  60% (13626/22710)
2026-10-09T09:13:29.9321892Z Updating files:  61% (13854/22710)
2026-10-09T09:13:29.9462917Z Updating files:  62% (14081/22710)
2026-10-09T09:13:29.9620360Z Updating files:  63% (14308/22710)
2026-10-09T09:13:29.9717037Z Updating files:  64% (14535/22710)
2026-10-09T09:13:29.9810479Z Updating files:  65% (14762/22710)
2026-10-09T09:13:29.9903886Z Updating files:  66% (14989/22710)
2026-10-09T09:13:30.0038128Z Updating files:  67% (15216/22710)
2026-10-09T09:13:30.0243790Z Updating files:  68% (15443/22710)
2026-10-09T09:13:30.0483429Z Updating files:  69% (15670/22710)
2026-10-09T09:13:30.0995146Z Updating files:  70% (15897/22710)
2026-10-09T09:13:30.1271854Z Updating files:  71% (16125/22710)
2026-10-09T09:13:30.2244971Z Updating files:  72% (16352/22710)
2026-10-09T09:13:30.2442962Z Updating files:  73% (16579/22710)
2026-10-09T09:13:30.5141455Z Updating files:  74% (16806/22710)
2026-10-09T09:13:30.5375545Z Updating files:  75% (17033/22710)
2026-10-09T09:13:30.5606214Z Updating files:  76% (17260/22710)
2026-10-09T09:13:30.5919390Z Updating files:  77% (17487/22710)
2026-10-09T09:13:30.5964953Z Updating files:  77% (17661/22710)
2026-10-09T09:13:30.6208105Z Updating files:  78% (17714/22710)
2026-10-09T09:13:30.6432873Z Updating files:  79% (17941/22710)
2026-10-09T09:13:30.6641078Z Updating files:  80% (18168/22710)
2026-10-09T09:13:30.6791366Z Updating files:  81% (18396/22710)
2026-10-09T09:13:30.7006709Z Updating files:  82% (18623/22710)
2026-10-09T09:13:30.7624938Z Updating files:  83% (18850/22710)
2026-10-09T09:13:30.8613750Z Updating files:  84% (19077/22710)
2026-10-09T09:13:30.9319588Z Updating files:  85% (19304/22710)
2026-10-09T09:13:31.0558953Z Updating files:  86% (19531/22710)
2026-10-09T09:13:31.1060777Z Updating files:  87% (19758/22710)
2026-10-09T09:13:31.1227666Z Updating files:  88% (19985/22710)
2026-10-09T09:13:31.1337007Z Updating files:  89% (20212/22710)
2026-10-09T09:13:31.1534210Z Updating files:  90% (20439/22710)
2026-10-09T09:13:31.1904471Z Updating files:  91% (20667/22710)
2026-10-09T09:13:31.6388853Z Updating files:  92% (20894/22710)
2026-10-09T09:13:31.8318395Z Updating files:  92% (21050/22710)
2026-10-09T09:13:31.8555584Z Updating files:  93% (21121/22710)
2026-10-09T09:13:31.8789998Z Updating files:  94% (21348/22710)
2026-10-09T09:13:31.8969341Z Updating files:  95% (21575/22710)
2026-10-09T09:13:31.9178276Z Updating files:  96% (21802/22710)
2026-10-09T09:13:31.9388578Z Updating files:  97% (22029/22710)
2026-10-09T09:13:31.9553722Z Updating files:  98% (22256/22710)
2026-10-09T09:13:31.9824571Z Updating files:  99% (22483/22710)
2026-10-09T09:13:31.9825367Z Updating files: 100% (22710/22710)
2026-10-09T09:13:31.9825931Z Updating files: 100% (22710/22710), done.
2026-10-09T09:13:32.0083719Z Note: switching to 'c8be5afaac568ffd40ef86d3795423c3b73c9f39'.
2026-10-09T09:13:32.0084262Z 
2026-10-09T09:13:32.0084528Z You are in 'detached HEAD' state. You can look around, make experimental
2026-10-09T09:13:32.0085025Z changes and commit them, and you can discard any commits you make in this
2026-10-09T09:13:32.0085499Z state without impacting any branches by switching back to a branch.
2026-10-09T09:13:32.0085829Z 
2026-10-09T09:13:32.0086174Z If you want to create a new branch to retain commits you create, you may
2026-10-09T09:13:32.0087091Z do so (now or later) by using -c with the switch command. Example:
2026-10-09T09:13:32.0087820Z 
2026-10-09T09:13:32.0088019Z   git switch -c <new-branch-name>
2026-10-09T09:13:32.0088357Z 
2026-10-09T09:13:32.0088532Z Or undo this operation with:
2026-10-09T09:13:32.0089126Z 
2026-10-09T09:13:32.0089289Z   git switch -
2026-10-09T09:13:32.0089554Z 
2026-10-09T09:13:32.0089967Z Turn off this advice by setting config variable advice.detachedHead to false
2026-10-09T09:13:32.0090520Z 
2026-10-09T09:13:32.0090948Z HEAD is now at c8be5af chore(p8): bind independently reviewed atomic ready-signal source
2026-10-09T09:13:32.0223428Z ##[endgroup]
2026-10-09T09:13:32.0270762Z [command]/usr/bin/git log -1 --format=%H
2026-10-09T09:13:32.0292287Z c8be5afaac568ffd40ef86d3795423c3b73c9f39
2026-10-09T09:13:32.0543086Z ##[group]Run actions/download-artifact@v4
2026-10-09T09:13:32.0543393Z with:
2026-10-09T09:13:32.0543707Z   pattern: p8-platform-cell-*-c8be5afaac568ffd40ef86d3795423c3b73c9f39
2026-10-09T09:13:32.0544132Z   path: /home/runner/work/_temp/p8-platform-cells
2026-10-09T09:13:32.0544449Z   merge-multiple: false
2026-10-09T09:13:32.0544686Z   repository: jyqj/codecortex
2026-10-09T09:13:32.0544926Z   run-id: 37901931021
2026-10-09T09:13:32.0545128Z env:
2026-10-09T09:13:32.0545336Z   CARGO_TERM_COLOR: never
2026-10-09T09:13:32.0545571Z   CARGO_INCREMENTAL: 0
2026-10-09T09:13:32.0545805Z   PYTHONDONTWRITEBYTECODE: 1
2026-10-09T09:13:32.0546044Z ##[endgroup]
2026-10-09T09:13:32.2244768Z (node:2325) [DEP0040] DeprecationWarning: The `punycode` module is deprecated. Please use a userland alternative instead.
2026-10-09T09:13:32.2246430Z (Use `node --trace-deprecation ...` to show where the warning was created)
2026-10-09T09:13:32.5035648Z Found 17 artifact(s)
2026-10-09T09:13:32.5037146Z Filtering artifacts by pattern 'p8-platform-cell-*-c8be5afaac568ffd40ef86d3795423c3b73c9f39'
2026-10-09T09:13:32.5057736Z Preparing to download the following artifacts:
2026-10-09T09:13:32.5059950Z - p8-platform-cell-macos-stable-semantic-c8be5afaac568ffd40ef86d3795423c3b73c9f39 (ID: 11606000257, Size: 8613412, Expected Digest: sha256:68684e3fcefc39a40b3047f28b35fbe2de12148b1fc12cc91d26ef08aa1fab7b)
2026-10-09T09:13:32.5062313Z - p8-platform-cell-linux-1.95-semantic-c8be5afaac568ffd40ef86d3795423c3b73c9f39 (ID: 11605680909, Size: 9032518, Expected Digest: sha256:4fc119a26c76c271ee8c2f5b0321bff67bfb2da6aa7cfada3ff890e923567e66)
2026-10-09T09:13:32.5064557Z - p8-platform-cell-linux-1.95-default-c8be5afaac568ffd40ef86d3795423c3b73c9f39 (ID: 11605445357, Size: 8777710, Expected Digest: sha256:c65a52087c428746391077166161c1b7e68bbb12e3dc8846d53f76265ab6a8c2)
2026-10-09T09:13:32.5067054Z - p8-platform-cell-linux-stable-default-c8be5afaac568ffd40ef86d3795423c3b73c9f39 (ID: 11605395767, Size: 8728129, Expected Digest: sha256:aa2e54cbe9bcb58f4f8a44e45cc0780e6a681559f5c3536c7e9ef003ab516f01)
2026-10-09T09:13:32.5069937Z - p8-platform-cell-linux-stable-semantic-c8be5afaac568ffd40ef86d3795423c3b73c9f39 (ID: 11604784110, Size: 8977980, Expected Digest: sha256:3367caa259598085b38d2d1f8652d4d703049ec6d447e8ee14bc675d390af9a4)
2026-10-09T09:13:32.5071636Z - p8-platform-cell-macos-1.95-default-c8be5afaac568ffd40ef86d3795423c3b73c9f39 (ID: 11604777455, Size: 8038037, Expected Digest: sha256:913e5f9112c523410a418c9749e386e4230d4b91d8693b26786ab2dda993ac25)
2026-10-09T09:13:32.5073410Z - p8-platform-cell-macos-1.95-semantic-c8be5afaac568ffd40ef86d3795423c3b73c9f39 (ID: 11604775379, Size: 8278624, Expected Digest: sha256:afa38199824bd4e9f4f3f8402aafb758986f3d3e2deb35890e6e0da5c45f3573)
2026-10-09T09:13:32.5074940Z - p8-platform-cell-macos-stable-default-c8be5afaac568ffd40ef86d3795423c3b73c9f39 (ID: 11604252892, Size: 8362708, Expected Digest: sha256:a922ee3ab5b446a0d416607a7638aa67bd2738fc2f5cf453bb0f5024429c860f)
2026-10-09T09:13:32.7668539Z Redirecting to blob download url: https://productionresultssa5.blob.core.windows.net/actions-results/2bcdf121-e620-88a4-bb04-0d856106ae88/workflow-job-run-e9f0d5de-86d7-5744-85e9-bb6ca2974d74/artifacts/b3bb00a6a74408958e55640d999c2cacf5ff5b162916115f824ab111117185d4.zip
2026-10-09T09:13:32.7672571Z Starting download of artifact to: /home/runner/work/_temp/p8-platform-cells/p8-platform-cell-macos-stable-semantic-c8be5afaac568ffd40ef86d3795423c3b73c9f39
2026-10-09T09:13:32.8938927Z Redirecting to blob download url: https://productionresultssa5.blob.core.windows.net/actions-results/2bcdf121-e620-88a4-bb04-0d856106ae88/workflow-job-run-8cd9db9a-01bf-5b8f-9915-9d6fa8ca232e/artifacts/c0c61331d88565eddf92ddad59ca4bf67384ccc776afab3d9061583243337978.zip
2026-10-09T09:13:32.8942474Z Starting download of artifact to: /home/runner/work/_temp/p8-platform-cells/p8-platform-cell-macos-1.95-semantic-c8be5afaac568ffd40ef86d3795423c3b73c9f39
2026-10-09T09:13:32.8964345Z Redirecting to blob download url: https://productionresultssa5.blob.core.windows.net/actions-results/2bcdf121-e620-88a4-bb04-0d856106ae88/workflow-job-run-ad725ef5-474d-59f4-b01d-ea1509047263/artifacts/f03dfae692bde85d65bf3231f7e29032c5e5d57a33ec8c8279bb41fb0f2b2607.zip
2026-10-09T09:13:32.8966979Z Starting download of artifact to: /home/runner/work/_temp/p8-platform-cells/p8-platform-cell-linux-1.95-default-c8be5afaac568ffd40ef86d3795423c3b73c9f39
2026-10-09T09:13:32.9047696Z Redirecting to blob download url: https://productionresultssa5.blob.core.windows.net/actions-results/2bcdf121-e620-88a4-bb04-0d856106ae88/workflow-job-run-37d76632-5af4-5b79-a075-4fc10c490a87/artifacts/a058421b6b2f751094a23b397c9fe7727ef88b9eb6102d621a2b2e8682ffa81b.zip
2026-10-09T09:13:32.9050190Z Starting download of artifact to: /home/runner/work/_temp/p8-platform-cells/p8-platform-cell-linux-1.95-semantic-c8be5afaac568ffd40ef86d3795423c3b73c9f39
2026-10-09T09:13:32.9053778Z Redirecting to blob download url: https://productionresultssa5.blob.core.windows.net/actions-results/2bcdf121-e620-88a4-bb04-0d856106ae88/workflow-job-run-a62bc51e-4279-57bf-8cd6-93d3925c5a6e/artifacts/0a542e7329a3c55f5f75a5f37a63dbcdc3fa75ad958227907a18c8076f577df2.zip
2026-10-09T09:13:32.9055658Z Starting download of artifact to: /home/runner/work/_temp/p8-platform-cells/p8-platform-cell-linux-stable-default-c8be5afaac568ffd40ef86d3795423c3b73c9f39
2026-10-09T09:13:32.9141857Z Redirecting to blob download url: https://productionresultssa5.blob.core.windows.net/actions-results/2bcdf121-e620-88a4-bb04-0d856106ae88/workflow-job-run-f43af6e7-635e-5e2a-a33c-a22fc36969b6/artifacts/4b03050f778c06e7b6f739fc18e98ff712b741a1fe955ac14aa6f6084781e3e5.zip
2026-10-09T09:13:32.9144820Z Starting download of artifact to: /home/runner/work/_temp/p8-platform-cells/p8-platform-cell-linux-stable-semantic-c8be5afaac568ffd40ef86d3795423c3b73c9f39
2026-10-09T09:13:32.9241238Z Redirecting to blob download url: https://productionresultssa5.blob.core.windows.net/actions-results/2bcdf121-e620-88a4-bb04-0d856106ae88/workflow-job-run-a0a7747c-1f9a-572f-aa0d-5d1fd6903e66/artifacts/eb3adfbcc90123a05ffe524e2483690d556042ff5abe8b4f548bdb5e5c24798b.zip
2026-10-09T09:13:32.9242909Z Starting download of artifact to: /home/runner/work/_temp/p8-platform-cells/p8-platform-cell-macos-1.95-default-c8be5afaac568ffd40ef86d3795423c3b73c9f39
2026-10-09T09:13:32.9361715Z Redirecting to blob download url: https://productionresultssa5.blob.core.windows.net/actions-results/2bcdf121-e620-88a4-bb04-0d856106ae88/workflow-job-run-4ef31a03-0865-53d0-9a1e-9d5c25ed72a7/artifacts/103588eb123d3208165da093927e24b2c3d5578062e8db6433b49c3a9a887d69.zip
2026-10-09T09:13:32.9364990Z Starting download of artifact to: /home/runner/work/_temp/p8-platform-cells/p8-platform-cell-macos-stable-default-c8be5afaac568ffd40ef86d3795423c3b73c9f39
2026-10-09T09:13:33.0803062Z (node:2325) [DEP0005] DeprecationWarning: Buffer() is deprecated due to security and usability issues. Please use the Buffer.alloc(), Buffer.allocUnsafe(), or Buffer.from() methods instead.
2026-10-09T09:13:34.1422729Z SHA256 digest of downloaded artifact is 68684e3fcefc39a40b3047f28b35fbe2de12148b1fc12cc91d26ef08aa1fab7b
2026-10-09T09:13:34.1423943Z Artifact download completed successfully.
2026-10-09T09:13:34.4259189Z SHA256 digest of downloaded artifact is 4fc119a26c76c271ee8c2f5b0321bff67bfb2da6aa7cfada3ff890e923567e66
2026-10-09T09:13:34.4260326Z Artifact download completed successfully.
2026-10-09T09:13:34.5201080Z SHA256 digest of downloaded artifact is 913e5f9112c523410a418c9749e386e4230d4b91d8693b26786ab2dda993ac25
2026-10-09T09:13:34.5202439Z Artifact download completed successfully.
2026-10-09T09:13:34.5206057Z SHA256 digest of downloaded artifact is afa38199824bd4e9f4f3f8402aafb758986f3d3e2deb35890e6e0da5c45f3573
2026-10-09T09:13:34.5208878Z Artifact download completed successfully.
2026-10-09T09:13:34.5404064Z SHA256 digest of downloaded artifact is aa2e54cbe9bcb58f4f8a44e45cc0780e6a681559f5c3536c7e9ef003ab516f01
2026-10-09T09:13:34.5405234Z Artifact download completed successfully.
2026-10-09T09:13:34.5440280Z SHA256 digest of downloaded artifact is 3367caa259598085b38d2d1f8652d4d703049ec6d447e8ee14bc675d390af9a4
2026-10-09T09:13:34.5441388Z Artifact download completed successfully.
2026-10-09T09:13:34.5850733Z SHA256 digest of downloaded artifact is c65a52087c428746391077166161c1b7e68bbb12e3dc8846d53f76265ab6a8c2
2026-10-09T09:13:34.5851398Z Artifact download completed successfully.
2026-10-09T09:13:34.6000015Z SHA256 digest of downloaded artifact is a922ee3ab5b446a0d416607a7638aa67bd2738fc2f5cf453bb0f5024429c860f
2026-10-09T09:13:34.6000681Z Artifact download completed successfully.
2026-10-09T09:13:34.6001026Z Total of 8 artifact(s) downloaded
2026-10-09T09:13:34.6007387Z Download artifact has finished successfully
2026-10-09T09:13:34.6175908Z ##[group]Run python3 scripts/p8_cold_build.py \
2026-10-09T09:13:34.6176412Z [36;1mpython3 scripts/p8_cold_build.py \[0m
2026-10-09T09:13:34.6176872Z [36;1m  --collect-cells "$RUNNER_TEMP/p8-platform-cells" \[0m
2026-10-09T09:13:34.6177308Z [36;1m  --expected-commit "$EXACT_SOURCE" \[0m
2026-10-09T09:13:34.6178060Z [36;1m  --output-dir "$RUNNER_TEMP/p8-platform-complete"[0m
2026-10-09T09:13:34.6440762Z shell: /usr/bin/bash -e {0}
2026-10-09T09:13:34.6441153Z env:
2026-10-09T09:13:34.6441465Z   CARGO_TERM_COLOR: never
2026-10-09T09:13:34.6441835Z   CARGO_INCREMENTAL: 0
2026-10-09T09:13:34.6442204Z   PYTHONDONTWRITEBYTECODE: 1
2026-10-09T09:13:34.6442681Z   EXACT_SOURCE: c8be5afaac568ffd40ef86d3795423c3b73c9f39
2026-10-09T09:13:34.6443168Z ##[endgroup]
2026-10-09T09:13:35.5811093Z {"status": "passed", "exit_code": 0, "counts": {"passed": 8, "failed": 0, "not_run": 0}}
2026-10-09T09:13:35.5978338Z ##[group]Run actions/upload-artifact@v4
2026-10-09T09:13:35.5978714Z with:
2026-10-09T09:13:35.5979100Z   name: p8-platform-complete-c8be5afaac568ffd40ef86d3795423c3b73c9f39
2026-10-09T09:13:35.5979604Z   path: /home/runner/work/_temp/p8-platform-complete
2026-10-09T09:13:35.5979978Z   if-no-files-found: error
2026-10-09T09:13:35.5980264Z   compression-level: 6
2026-10-09T09:13:35.5980533Z   overwrite: false
2026-10-09T09:13:35.5980798Z   include-hidden-files: false
2026-10-09T09:13:35.5981090Z env:
2026-10-09T09:13:35.5981323Z   CARGO_TERM_COLOR: never
2026-10-09T09:13:35.5981601Z   CARGO_INCREMENTAL: 0
2026-10-09T09:13:35.5981881Z   PYTHONDONTWRITEBYTECODE: 1
2026-10-09T09:13:35.5982175Z ##[endgroup]
2026-10-09T09:13:35.7576473Z (node:2418) [DEP0040] DeprecationWarning: The `punycode` module is deprecated. Please use a userland alternative instead.
2026-10-09T09:13:35.7577283Z (Use `node --trace-deprecation ...` to show where the warning was created)
2026-10-09T09:13:35.7624432Z With the provided path, there will be 1 file uploaded
2026-10-09T09:13:35.7630338Z Artifact name is valid!
2026-10-09T09:13:35.7630995Z Root directory input is valid!
2026-10-09T09:13:36.1281606Z Beginning upload of artifact content to blob storage
2026-10-09T09:13:36.1465289Z (node:2418) [DEP0169] DeprecationWarning: `url.parse()` behavior is not standardized and prone to errors that have security implications. Use the WHATWG URL API instead. CVEs are not issued for `url.parse()` vulnerabilities.
2026-10-09T09:13:36.4027912Z Uploaded bytes 1488
2026-10-09T09:13:36.4750803Z Finished uploading artifact content to blob storage!
2026-10-09T09:13:36.4751991Z SHA256 digest of uploaded artifact zip is 80193516518fccfd6b01f58093e49d0ec148bb0b6ffa9349886371102a02fa4f
2026-10-09T09:13:36.4753583Z Finalizing artifact upload
2026-10-09T09:13:36.7269357Z Artifact p8-platform-complete-c8be5afaac568ffd40ef86d3795423c3b73c9f39.zip successfully finalized. Artifact ID 11605154697
2026-10-09T09:13:36.7272245Z Artifact p8-platform-complete-c8be5afaac568ffd40ef86d3795423c3b73c9f39 has been successfully uploaded! Final size is 1488 bytes. Artifact ID is 11605154697
2026-10-09T09:13:36.7274419Z Artifact download URL: https://github.com/jyqj/codecortex/actions/runs/37901931021/artifacts/11605154697
2026-10-09T09:13:36.7467427Z Post job cleanup.
2026-10-09T09:13:36.8292202Z [command]/usr/bin/git version
2026-10-09T09:13:36.8330527Z git version 2.55.0
2026-10-09T09:13:36.8371006Z Temporarily overriding HOME='/home/runner/work/_temp/78fd6fab-adcb-4947-90a1-79139fd91328' before making global git config changes
2026-10-09T09:13:36.8372555Z Adding repository directory to the temporary git global config as a safe directory
2026-10-09T09:13:36.8378075Z [command]/usr/bin/git config --global --add safe.directory /home/runner/work/codecortex/codecortex
2026-10-09T09:13:36.8416514Z [command]/usr/bin/git config --local --name-only --get-regexp core\.sshCommand
2026-10-09T09:13:36.8451204Z [command]/usr/bin/git submodule foreach --recursive sh -c "git config --local --name-only --get-regexp 'core\.sshCommand' && git config --local --unset-all 'core.sshCommand' || :"
2026-10-09T09:13:36.8700541Z [command]/usr/bin/git config --local --name-only --get-regexp http\.https\:\/\/github\.com\/\.extraheader
2026-10-09T09:13:36.8722722Z http.https://github.com/.extraheader
2026-10-09T09:13:36.8732794Z [command]/usr/bin/git config --local --unset-all http.https://github.com/.extraheader
2026-10-09T09:13:36.8765601Z [command]/usr/bin/git submodule foreach --recursive sh -c "git config --local --name-only --get-regexp 'http\.https\:\/\/github\.com\/\.extraheader' && git config --local --unset-all 'http.https://github.com/.extraheader' || :"
2026-10-09T09:13:36.9011666Z [command]/usr/bin/git config --local --name-only --get-regexp ^includeIf\.gitdir:
2026-10-09T09:13:36.9044460Z [command]/usr/bin/git submodule foreach --recursive git config --local --show-origin --name-only --get-regexp remote.origin.url
2026-10-09T09:13:36.9446032Z Cleaning up orphan processes
2026-10-09T09:13:36.9726544Z ##[warning]Node.js 20 is deprecated. The following actions target Node.js 20 but are being forced to run on Node.js 24: actions/checkout@v4, actions/download-artifact@v4, actions/upload-artifact@v4. For more information see: https://github.blog/changelog/2025-09-19-deprecation-of-node-20-on-github-actions-runners/
