   Compiling cc-search v1.0.0 (/Users/jin/Desktop/codecortex-rust/crates/cc-search)
   Compiling cc-server v1.0.0 (/Users/jin/Desktop/codecortex-rust/crates/cc-server)
   Compiling cc-eval v1.0.0 (/Users/jin/Desktop/codecortex-rust/crates/cc-eval)
    Finished `test` profile [unoptimized + debuginfo] target(s) in 13.11s
     Running tests/p5a_boundaries.rs (target/p0-dev/debug/deps/p5a_boundaries-d35bf121b525c42d)

running 16 tests
test lexical_diagnostics_retain_native_bm25_not_reciprocal_rank ... ok
test exact_ambiguity_and_limit_are_scoped_before_truncation ... ok
test finite_but_overflowing_ranking_config_cannot_emit_nonfinite_scores ... ok
test same_line_sibling_definitions_do_not_share_exact_identity ... ok
test prose_short_words_cannot_cast_path_votes_but_short_path_queries_work ... ok
test literal_function_signature_uses_byte_columns_after_unicode_crlf_prefix ... ok
test absent_parser_method_signatures_are_not_fabricated_by_exact_lane ... ok
test qualified_same_line_methods_do_not_promote_another_owner ... ok
test exact_paths_preserve_document_type_and_case_sensitive_scope ... ok
test grep_execution_receipt_matches_zero_weight_and_empty_scope ... ok
test path_token_budget_is_not_consumed_by_files_without_documents ... ok
test exact_lane_finds_a_split_definition_and_its_literal_signature ... ok
test path_token_truncation_is_explicit_and_bounded ... ok
test graph_lane_read_failure_is_visible_and_not_result_cached ... ok
test graph_internal_seed_and_neighbor_limits_never_claim_complete ... ok
test identity_materialization_rejects_corruption_before_reranking ... ok

test result: ok. 16 passed; 0 failed; 0 ignored; 0 measured; 0 filtered out; finished in 1.01s

     Running tests/p5e_graph_anchor.rs (target/p0-dev/debug/deps/p5e_graph_anchor-821b3bcbc1cd83f0)

running 1 test
test graph_neighbor_of_a_long_function_has_a_real_declaration_document ... ok

test result: ok. 1 passed; 0 failed; 0 ignored; 0 measured; 0 filtered out; finished in 0.15s

