   Compiling cc-eval v1.0.0 (/Users/jin/Desktop/codecortex-rust/crates/cc-eval)
    Finished `test` profile [unoptimized + debuginfo] target(s) in 5.16s
     Running tests/p5e_graph_anchor.rs (target/p0-dev/debug/deps/p5e_graph_anchor-821b3bcbc1cd83f0)

running 8 tests
test nested_and_duplicate_file_uids_respect_hard_scope_and_cancellation ... ok
test same_line_same_name_methods_keep_their_container_uids ... ok
test graph_neighbor_of_a_long_function_has_a_real_declaration_document ... ok
test same_line_unicode_siblings_do_not_share_the_graph_declaration_anchor ... ok
test edited_then_deleted_graph_anchors_do_not_keep_old_document_versions ... ok
test graph_candidates_reject_a_corrupted_document_manifest ... ok
test real_bidirectional_fanout_maps_all_twenty_seeds_and_four_hundred_neighbors ... FAILED
test four_hundred_twenty_real_uids_use_batched_projection_and_bounded_prefix_reads ... ok

failures:

---- real_bidirectional_fanout_maps_all_twenty_seeds_and_four_hundred_neighbors stdout ----

thread 'real_bidirectional_fanout_maps_all_twenty_seeds_and_four_hundred_neighbors' (2116519) panicked at crates/cc-eval/tests/p5e_graph_anchor.rs:405:5:
assertion `left == right` failed
  left: 0
 right: 20
note: run with `RUST_BACKTRACE=1` environment variable to display a backtrace


failures:
    real_bidirectional_fanout_maps_all_twenty_seeds_and_four_hundred_neighbors

test result: FAILED. 7 passed; 1 failed; 0 ignored; 0 measured; 0 filtered out; finished in 4.83s

error: test failed, to rerun pass `-p cc-eval --test p5e_graph_anchor`
