   Compiling cc-db v1.0.0 (/Users/jin/Desktop/codecortex-rust/crates/cc-db)
   Compiling cc-index v1.0.0 (/Users/jin/Desktop/codecortex-rust/crates/cc-index)
   Compiling cc-search v1.0.0 (/Users/jin/Desktop/codecortex-rust/crates/cc-search)
error[E0308]: mismatched types
    --> crates/cc-search/src/engine.rs:1385:29
     |
1385 |                     source: source.identity(),
     |                             ^^^^^^^^^^^^^^^^^ expected `SourceIdentity`, found `&SourceIdentity`
     |
help: consider using clone here
     |
1385 |                     source: source.identity().clone(),
     |                                              ++++++++

error[E0308]: mismatched types
   --> crates/cc-search/src/engine_lane_tests.rs:695:25
    |
695 |                 source: source.identity(),
    |                         ^^^^^^^^^^^^^^^^^ expected `SourceIdentity`, found `&SourceIdentity`
    |
help: consider using clone here
    |
695 |                 source: source.identity().clone(),
    |                                          ++++++++

For more information about this error, try `rustc --explain E0308`.
error: could not compile `cc-search` (lib test) due to 2 previous errors
