RUN format
{"label": "format", "exit_code": 1, "tests": {"passed": 0, "failed": 0, "ignored": 0}, "seconds": 1.062}
Diff in /Users/jin/Desktop/codecortex-rust/crates/cc-eval/src/benchmark/sampler.rs:108:
             #[cfg(target_os = "linux")]
             {
                 let status = std::fs::read_to_string(format!("/proc/{pid}/status")).ok()?;
-                status.lines().find_map(|line| {
-                    line.strip_prefix("Threads:")?.trim().parse::<u64>().ok()
-                })
+                status
+                    .lines()
+                    .find_map(|line| line.strip_prefix("Threads:")?.trim().parse::<u64>().ok())
             }
             #[cfg(target_os = "macos")]
             {

Traceback (most recent call last):
  File "/Users/jin/Desktop/codecortex-rust/artifacts/benchmarks/p5d-20260930-resume/verify.py", line 42, in <module>
    save();run('format',['cargo','+stable','fmt','--all','--','--check'])
  File "/Users/jin/Desktop/codecortex-rust/artifacts/benchmarks/p5d-20260930-resume/verify.py", line 37, in run
    print(text[-12000:],flush=True);raise RuntimeError('failed: '+label)
RuntimeError: failed: format
