2026-10-08T09:00:47.0768199Z Current runner version: '2.337.0'
2026-10-08T09:00:47.0792907Z ##[group]Runner Image Provisioner
2026-10-08T09:00:47.0793842Z Hosted Compute Agent
2026-10-08T09:00:47.0794490Z Version: 20260901.588
2026-10-08T09:00:47.0795151Z Commit: f88ec8081b781fac6c440065ac7ff9e710ce3d0b
2026-10-08T09:00:47.0795853Z Build Date: 2026-09-01T19:56:44Z
2026-10-08T09:00:47.0796495Z Worker ID: {be3c4300-fc3f-4ace-964b-9245d51bf44c}
2026-10-08T09:00:47.0797247Z Azure Region: westcentralus
2026-10-08T09:00:47.0797885Z ##[endgroup]
2026-10-08T09:00:47.0799503Z ##[group]Operating System
2026-10-08T09:00:47.0800103Z Ubuntu
2026-10-08T09:00:47.0800585Z 24.04.5
2026-10-08T09:00:47.0801134Z LTS
2026-10-08T09:00:47.0801631Z ##[endgroup]
2026-10-08T09:00:47.0802166Z ##[group]Runner Image
2026-10-08T09:00:47.0802739Z Image: ubuntu-24.04
2026-10-08T09:00:47.0803280Z Version: 20260927.320.1
2026-10-08T09:00:47.0804513Z Included Software: https://github.com/actions/runner-images/blob/ubuntu24/20260927.320/images/ubuntu/Ubuntu2404-Readme.md
2026-10-08T09:00:47.0806314Z Image Release: https://github.com/actions/runner-images/releases/tag/ubuntu24%2F20260927.320
2026-10-08T09:00:47.0807267Z ##[endgroup]
2026-10-08T09:00:47.0808703Z ##[group]GITHUB_TOKEN Permissions
2026-10-08T09:00:47.0811165Z Actions: read
2026-10-08T09:00:47.0811740Z Contents: read
2026-10-08T09:00:47.0812342Z Metadata: read
2026-10-08T09:00:47.0812903Z ##[endgroup]
2026-10-08T09:00:47.0814993Z Secret source: Actions
2026-10-08T09:00:47.0815891Z Cache mode: write
2026-10-08T09:00:47.0816559Z Prepare workflow directory
2026-10-08T09:00:47.1184443Z Prepare all required actions
2026-10-08T09:00:47.1234354Z Getting action download info
2026-10-08T09:00:47.3808015Z Download action repository 'actions/checkout@v4' (SHA:11d5960a326750d5838078e36cf38b85af677262)
2026-10-08T09:00:47.5764785Z Complete job name: inventory (synthetic-control, 11538793031)
2026-10-08T09:00:47.6472440Z ##[group]Run actions/checkout@v4
2026-10-08T09:00:47.6473357Z with:
2026-10-08T09:00:47.6473892Z   persist-credentials: false
2026-10-08T09:00:47.6474508Z   repository: jyqj/codecortex
2026-10-08T09:00:47.6478955Z   token: ***
2026-10-08T09:00:47.6479487Z   ssh-strict: true
2026-10-08T09:00:47.6480028Z   ssh-user: git
2026-10-08T09:00:47.6480658Z   clean: true
2026-10-08T09:00:47.6481210Z   sparse-checkout-cone-mode: true
2026-10-08T09:00:47.6481855Z   fetch-depth: 1
2026-10-08T09:00:47.6482367Z   fetch-tags: false
2026-10-08T09:00:47.6482896Z   show-progress: true
2026-10-08T09:00:47.6483430Z   lfs: false
2026-10-08T09:00:47.6483964Z   submodules: false
2026-10-08T09:00:47.6484521Z   set-safe-directory: true
2026-10-08T09:00:47.6485098Z   allow-unsafe-pr-checkout: false
2026-10-08T09:00:47.6485883Z ##[endgroup]
2026-10-08T09:00:47.7474916Z Syncing repository: jyqj/codecortex
2026-10-08T09:00:47.7476946Z ##[group]Getting Git version info
2026-10-08T09:00:47.7477877Z Working directory is '/home/runner/work/codecortex/codecortex'
2026-10-08T09:00:47.7479329Z [command]/usr/bin/git version
2026-10-08T09:00:47.7532506Z git version 2.55.0
2026-10-08T09:00:47.7548990Z ##[endgroup]
2026-10-08T09:00:47.7562566Z Temporarily overriding HOME='/home/runner/work/_temp/4e9d4379-44c2-4709-b60b-595ae5335b33' before making global git config changes
2026-10-08T09:00:47.7564581Z Adding repository directory to the temporary git global config as a safe directory
2026-10-08T09:00:47.7567400Z [command]/usr/bin/git config --global --add safe.directory /home/runner/work/codecortex/codecortex
2026-10-08T09:00:47.7617238Z Deleting the contents of '/home/runner/work/codecortex/codecortex'
2026-10-08T09:00:47.7621943Z ##[group]Initializing the repository
2026-10-08T09:00:47.7625333Z [command]/usr/bin/git init /home/runner/work/codecortex/codecortex
2026-10-08T09:00:47.7717331Z hint: Using 'master' as the name for the initial branch. This default branch name
2026-10-08T09:00:47.7718986Z hint: will change to "main" in Git 3.0. To configure the initial branch name
2026-10-08T09:00:47.7720488Z hint: to use in all of your new repositories, which will suppress this warning,
2026-10-08T09:00:47.7721877Z hint: call:
2026-10-08T09:00:47.7722688Z hint:
2026-10-08T09:00:47.7723394Z hint: 	git config --global init.defaultBranch <name>
2026-10-08T09:00:47.7724387Z hint:
2026-10-08T09:00:47.7725256Z hint: Names commonly chosen instead of 'master' are 'main', 'trunk' and
2026-10-08T09:00:47.7726536Z hint: 'development'. The just-created branch can be renamed via this command:
2026-10-08T09:00:47.7731696Z hint:
2026-10-08T09:00:47.7732470Z hint: 	git branch -m <name>
2026-10-08T09:00:47.7733345Z hint:
2026-10-08T09:00:47.7734699Z hint: Disable this message with "git config set advice.defaultBranchName false"
2026-10-08T09:00:47.7736239Z Initialized empty Git repository in /home/runner/work/codecortex/codecortex/.git/
2026-10-08T09:00:47.7738999Z [command]/usr/bin/git remote add origin https://github.com/jyqj/codecortex
2026-10-08T09:00:47.7780035Z ##[endgroup]
2026-10-08T09:00:47.7781278Z ##[group]Disabling automatic garbage collection
2026-10-08T09:00:47.7783199Z [command]/usr/bin/git config --local gc.auto 0
2026-10-08T09:00:47.7814091Z ##[endgroup]
2026-10-08T09:00:47.7815122Z ##[group]Setting up auth
2026-10-08T09:00:47.7819875Z [command]/usr/bin/git config --local --name-only --get-regexp core\.sshCommand
2026-10-08T09:00:47.7846449Z [command]/usr/bin/git submodule foreach --recursive sh -c "git config --local --name-only --get-regexp 'core\.sshCommand' && git config --local --unset-all 'core.sshCommand' || :"
2026-10-08T09:00:47.8145712Z [command]/usr/bin/git config --local --name-only --get-regexp http\.https\:\/\/github\.com\/\.extraheader
2026-10-08T09:00:47.8172217Z [command]/usr/bin/git submodule foreach --recursive sh -c "git config --local --name-only --get-regexp 'http\.https\:\/\/github\.com\/\.extraheader' && git config --local --unset-all 'http.https://github.com/.extraheader' || :"
2026-10-08T09:00:47.8362492Z [command]/usr/bin/git config --local --name-only --get-regexp ^includeIf\.gitdir:
2026-10-08T09:00:47.8389494Z [command]/usr/bin/git submodule foreach --recursive git config --local --show-origin --name-only --get-regexp remote.origin.url
2026-10-08T09:00:47.8574021Z [command]/usr/bin/git config --local http.https://github.com/.extraheader AUTHORIZATION: basic ***
2026-10-08T09:00:47.8799580Z ##[endgroup]
2026-10-08T09:00:47.8800873Z ##[group]Fetching the repository
2026-10-08T09:00:47.8808743Z [command]/usr/bin/git -c protocol.version=2 fetch --no-tags --prune --no-recurse-submodules --depth=1 origin +415665bea5b55d2148a71d2acc2ae66634556528:refs/remotes/origin/work/p8-temporal-readback-996727-20261008
2026-10-08T09:01:08.1916880Z From https://github.com/jyqj/codecortex
2026-10-08T09:01:08.1918224Z  * [new ref]         415665bea5b55d2148a71d2acc2ae66634556528 -> origin/work/p8-temporal-readback-996727-20261008
2026-10-08T09:01:08.1921476Z ##[endgroup]
2026-10-08T09:01:08.1922551Z ##[group]Determining the checkout info
2026-10-08T09:01:08.1923728Z ##[endgroup]
2026-10-08T09:01:08.1927939Z [command]/usr/bin/git sparse-checkout disable
2026-10-08T09:01:08.1976814Z [command]/usr/bin/git config --local --unset-all extensions.worktreeConfig
2026-10-08T09:01:08.2005872Z ##[group]Checking out the ref
2026-10-08T09:01:08.2009575Z [command]/usr/bin/git checkout --progress --force -B work/p8-temporal-readback-996727-20261008 refs/remotes/origin/work/p8-temporal-readback-996727-20261008
2026-10-08T09:01:09.2205854Z Updating files:  82% (13233/15949)
2026-10-08T09:01:09.2377827Z Updating files:  83% (13238/15949)
2026-10-08T09:01:09.2442360Z Updating files:  84% (13398/15949)
2026-10-08T09:01:09.2489729Z Updating files:  85% (13557/15949)
2026-10-08T09:01:09.2570221Z Updating files:  86% (13717/15949)
2026-10-08T09:01:09.2679508Z Updating files:  87% (13876/15949)
2026-10-08T09:01:09.2883119Z Updating files:  88% (14036/15949)
2026-10-08T09:01:09.7788212Z Updating files:  89% (14195/15949)
2026-10-08T09:01:10.1817790Z Updating files:  90% (14355/15949)
2026-10-08T09:01:10.1947383Z Updating files:  91% (14514/15949)
2026-10-08T09:01:10.2024194Z Updating files:  92% (14674/15949)
2026-10-08T09:01:10.2111891Z Updating files:  93% (14833/15949)
2026-10-08T09:01:10.2200255Z Updating files:  94% (14993/15949)
2026-10-08T09:01:10.2231217Z Updating files:  94% (15102/15949)
2026-10-08T09:01:10.2360753Z Updating files:  95% (15152/15949)
2026-10-08T09:01:10.2501760Z Updating files:  96% (15312/15949)
2026-10-08T09:01:10.2597774Z Updating files:  97% (15471/15949)
2026-10-08T09:01:10.2708709Z Updating files:  98% (15631/15949)
2026-10-08T09:01:10.2893828Z Updating files:  99% (15790/15949)
2026-10-08T09:01:10.2894682Z Updating files: 100% (15949/15949)
2026-10-08T09:01:10.2895220Z Updating files: 100% (15949/15949), done.
2026-10-08T09:01:10.3098290Z Switched to a new branch 'work/p8-temporal-readback-996727-20261008'
2026-10-08T09:01:10.3105237Z branch 'work/p8-temporal-readback-996727-20261008' set up to track 'origin/work/p8-temporal-readback-996727-20261008'.
2026-10-08T09:01:10.3157344Z ##[endgroup]
2026-10-08T09:01:10.3200782Z [command]/usr/bin/git log -1 --format=%H
2026-10-08T09:01:10.3223192Z 415665bea5b55d2148a71d2acc2ae66634556528
2026-10-08T09:01:10.3233809Z ##[group]Removing auth
2026-10-08T09:01:10.3238200Z [command]/usr/bin/git config --local --name-only --get-regexp core\.sshCommand
2026-10-08T09:01:10.3273797Z [command]/usr/bin/git submodule foreach --recursive sh -c "git config --local --name-only --get-regexp 'core\.sshCommand' && git config --local --unset-all 'core.sshCommand' || :"
2026-10-08T09:01:10.3520310Z [command]/usr/bin/git config --local --name-only --get-regexp http\.https\:\/\/github\.com\/\.extraheader
2026-10-08T09:01:10.3532260Z http.https://github.com/.extraheader
2026-10-08T09:01:10.3539868Z [command]/usr/bin/git config --local --unset-all http.https://github.com/.extraheader
2026-10-08T09:01:10.3567367Z [command]/usr/bin/git submodule foreach --recursive sh -c "git config --local --name-only --get-regexp 'http\.https\:\/\/github\.com\/\.extraheader' && git config --local --unset-all 'http.https://github.com/.extraheader' || :"
2026-10-08T09:01:10.3775786Z [command]/usr/bin/git config --local --name-only --get-regexp ^includeIf\.gitdir:
2026-10-08T09:01:10.3806228Z [command]/usr/bin/git submodule foreach --recursive git config --local --show-origin --name-only --get-regexp remote.origin.url
2026-10-08T09:01:10.4009550Z ##[endgroup]
2026-10-08T09:01:10.4214664Z ##[group]Run mkdir "$RUNNER_TEMP/ptv2-readback"
2026-10-08T09:01:10.4215314Z [36;1mmkdir "$RUNNER_TEMP/ptv2-readback"[0m
2026-10-08T09:01:10.4216007Z [36;1mgh api "repos/jyqj/codecortex/actions/artifacts/$ARTIFACT_ID" > "$RUNNER_TEMP/ptv2-readback/artifact.json"[0m
2026-10-08T09:01:10.4216811Z [36;1mgh api repos/jyqj/codecortex/actions/runs/37752995462 > "$RUNNER_TEMP/ptv2-readback/run.json"[0m
2026-10-08T09:01:10.4217572Z [36;1mgh api "repos/jyqj/codecortex/actions/artifacts/$ARTIFACT_ID/zip" > "$RUNNER_TEMP/ptv2-readback/original.zip"[0m
2026-10-08T09:01:10.4410412Z shell: /usr/bin/bash -e {0}
2026-10-08T09:01:10.4410820Z env:
2026-10-08T09:01:10.4413788Z   GH_TOKEN: ***
2026-10-08T09:01:10.4414160Z   ARTIFACT_ID: 11538793031
2026-10-08T09:01:10.4414517Z ##[endgroup]
2026-10-08T09:01:19.1565568Z ##[group]Run python3 -I -S artifacts/checkpoints/p8-temporal-readback-20261008/inventory.py
2026-10-08T09:01:19.1566322Z [36;1mpython3 -I -S artifacts/checkpoints/p8-temporal-readback-20261008/inventory.py[0m
2026-10-08T09:01:19.1609426Z shell: /usr/bin/bash -e {0}
2026-10-08T09:01:19.1609874Z env:
2026-10-08T09:01:19.1610255Z   READBACK_ROOT: /home/runner/work/_temp/ptv2-readback
2026-10-08T09:01:19.1610728Z   READBACK_MODE: synthetic-control
2026-10-08T09:01:19.1611129Z   PYTHONDONTWRITEBYTECODE: 1
2026-10-08T09:01:19.1611459Z ##[endgroup]
2026-10-08T09:01:19.7225175Z Traceback (most recent call last):
2026-10-08T09:01:19.7226842Z   File "/home/runner/work/codecortex/codecortex/artifacts/checkpoints/p8-temporal-readback-20261008/inventory.py", line 36, in <module>
2026-10-08T09:01:19.7229525Z     need(len(entries)<=50000 and sum(x.file_size for x in entries)<=8*1024**3,"bounded original member closure")
2026-10-08T09:01:19.7232452Z   File "/home/runner/work/codecortex/codecortex/artifacts/checkpoints/p8-temporal-readback-20261008/inventory.py", line 10, in need
2026-10-08T09:01:19.7233822Z     if not value: raise ValueError(message)
2026-10-08T09:01:19.7234331Z                   ^^^^^^^^^^^^^^^^^^^^^^^^^
2026-10-08T09:01:19.7234861Z ValueError: bounded original member closure
2026-10-08T09:01:19.7660679Z ##[error]Process completed with exit code 1.
2026-10-08T09:01:19.7803957Z Post job cleanup.
2026-10-08T09:01:19.8650902Z [command]/usr/bin/git version
2026-10-08T09:01:19.8683495Z git version 2.55.0
2026-10-08T09:01:19.8716414Z Temporarily overriding HOME='/home/runner/work/_temp/7954d25a-09d2-43a0-9be5-84ed203c76b7' before making global git config changes
2026-10-08T09:01:19.8717740Z Adding repository directory to the temporary git global config as a safe directory
2026-10-08T09:01:19.8721465Z [command]/usr/bin/git config --global --add safe.directory /home/runner/work/codecortex/codecortex
2026-10-08T09:01:19.8754979Z [command]/usr/bin/git config --local --name-only --get-regexp core\.sshCommand
2026-10-08T09:01:19.8787203Z [command]/usr/bin/git submodule foreach --recursive sh -c "git config --local --name-only --get-regexp 'core\.sshCommand' && git config --local --unset-all 'core.sshCommand' || :"
2026-10-08T09:01:19.8992545Z [command]/usr/bin/git config --local --name-only --get-regexp http\.https\:\/\/github\.com\/\.extraheader
2026-10-08T09:01:19.9019484Z [command]/usr/bin/git submodule foreach --recursive sh -c "git config --local --name-only --get-regexp 'http\.https\:\/\/github\.com\/\.extraheader' && git config --local --unset-all 'http.https://github.com/.extraheader' || :"
2026-10-08T09:01:19.9220694Z [command]/usr/bin/git config --local --name-only --get-regexp ^includeIf\.gitdir:
2026-10-08T09:01:19.9245686Z [command]/usr/bin/git submodule foreach --recursive git config --local --show-origin --name-only --get-regexp remote.origin.url
2026-10-08T09:01:19.9569149Z Cleaning up orphan processes
2026-10-08T09:01:19.9806525Z ##[warning]Node.js 20 is deprecated. The following actions target Node.js 20 but are being forced to run on Node.js 24: actions/checkout@v4. For more information see: https://github.blog/changelog/2025-09-19-deprecation-of-node-20-on-github-actions-runners/
