    Updating crates.io index
   Compiling serde_core v1.0.228
   Compiling cc v1.2.58
   Compiling serde_json v1.0.149
   Compiling getrandom v0.4.2
   Compiling serde v1.0.228
   Compiling tracing-core v0.1.36
   Compiling memchr v2.8.0
   Compiling tracing v0.1.44
   Compiling blake3 v1.8.4
   Compiling tempfile v3.27.0
   Compiling cc-model v1.0.0 (/workspace/codecortex-integration/crates/cc-model)
    Finished `test` profile [unoptimized + debuginfo] target(s) in 9.51s
     Running tests/declaration_identity_independent_review.rs (/workspace/codecortex/target/debug/deps/declaration_identity_independent_review-62c5e6e3c2edbb19)

running 11 tests
test absent_default_duplicate_disjoint_roots_and_collection_semantics ... ok
test config_source_owner_and_inventory_changes_invalidate ... ok
test legacy_wire_and_uid_have_independent_expected_values ... ok
test fingerprints_are_order_independent_and_portable_inputs_normalize ... ok
test missing_marker_collision_and_incomplete_inventory_assertion ... ok
test nested_classes_and_runtime_failure_are_legitimate_logical_addresses ... ok
test same_name_conditional_occurrences_have_distinct_binding ... ok
test paths_and_constructor_limits_reject_bad_evidence ... ok
test semantic_assertions_are_not_proven_by_matching_bytes ... ok
test bounded_resource_controls_and_duplicate_map_semantics ... ok
test exhaustive_small_and_extreme_range_mutations_do_not_panic ... ok

test result: ok. 11 passed; 0 failed; 0 ignored; 0 measured; 0 filtered out; finished in 0.03s

     Running tests/declaration_identity_v1.rs (/workspace/codecortex/target/debug/deps/declaration_identity_v1-32bc0a9682ea4014)

running 15 tests
test config_evidence_must_be_bound_to_captured_bytes ... ok
test initializer_denotes_package_and_root_initializer_is_unavailable ... ok
test current_guard_rejects_root_package_and_inventory_mutations ... ok
test namespace_and_file_package_collisions_are_explicit ... ok
test lexical_qname_uid_and_legacy_symbol_wire_remain_unchanged ... ok
test dotted_invalid_and_non_python_filenames_are_not_guessed ... ok
test nested_local_function_and_local_class_are_not_runtime_names ... ok
test regular_package_method_has_typed_source_bound_address ... ok
test normalization_and_inventory_aliases_obey_repository_path_contract ... ok
test owner_and_occurrence_are_not_conflated_with_logical_address ... ok
test source_and_parser_witnesses_are_validated ... ok
test relative_imports_and_reexports_do_not_mint_alias_addresses ... ok
test top_level_module_empty_root_and_nested_regular_packages ... ok
test roots_never_use_defaults_order_or_longest_prefix ... ok
test rename_boundary_config_and_source_mutations_invalidate_binding ... ok

test result: ok. 15 passed; 0 failed; 0 ignored; 0 measured; 0 filtered out; finished in 0.00s

     Running tests/provenance_compatibility.rs (/workspace/codecortex/target/debug/deps/provenance_compatibility-a371ea5eaf7ce5ba)

running 1 test
test production_empty_root_is_accepted ... ok

test result: ok. 1 passed; 0 failed; 0 ignored; 0 measured; 0 filtered out; finished in 0.00s

