2026-10-09T16:41:06.4147742Z Current runner version: '2.337.0'
2026-10-09T16:41:06.4182154Z ##[group]Runner Image Provisioner
2026-10-09T16:41:06.4183584Z Hosted Compute Agent
2026-10-09T16:41:06.4184561Z Version: 20261002.596
2026-10-09T16:41:06.4185758Z Commit: c3d12f3313a95f25162a1503be624f3b0617f8c0
2026-10-09T16:41:06.4186994Z Build Date: 2026-10-02T22:28:27Z
2026-10-09T16:41:06.4188454Z Worker ID: {ebf6386d-f4b0-45f7-8eef-f0614a8d2b07}
2026-10-09T16:41:06.4189681Z Region: eastus
2026-10-09T16:41:06.4190594Z Cloud: Azure
2026-10-09T16:41:06.4191588Z ##[endgroup]
2026-10-09T16:41:06.4194509Z ##[group]Operating System
2026-10-09T16:41:06.4195512Z Ubuntu
2026-10-09T16:41:06.4196439Z 24.04.5
2026-10-09T16:41:06.4197283Z LTS
2026-10-09T16:41:06.4198503Z ##[endgroup]
2026-10-09T16:41:06.4199497Z ##[group]Runner Image
2026-10-09T16:41:06.4200584Z Image: ubuntu-24.04
2026-10-09T16:41:06.4201586Z Version: 20261004.327.1
2026-10-09T16:41:06.4203715Z Included Software: https://github.com/actions/runner-images/blob/ubuntu24/20261004.327/images/ubuntu/Ubuntu2404-Readme.md
2026-10-09T16:41:06.4206534Z Image Release: https://github.com/actions/runner-images/releases/tag/ubuntu24%2F20261004.327
2026-10-09T16:41:06.4208596Z ##[endgroup]
2026-10-09T16:41:06.4210635Z ##[group]GITHUB_TOKEN Permissions
2026-10-09T16:41:06.4213596Z Contents: read
2026-10-09T16:41:06.4214611Z Metadata: read
2026-10-09T16:41:06.4215485Z Packages: read
2026-10-09T16:41:06.4216479Z ##[endgroup]
2026-10-09T16:41:06.4219804Z Secret source: Actions
2026-10-09T16:41:06.4221526Z Cache mode: write
2026-10-09T16:41:06.4222904Z Prepare workflow directory
2026-10-09T16:41:06.4792121Z Prepare all required actions
2026-10-09T16:41:06.4864887Z Getting action download info
2026-10-09T16:41:06.7075809Z Download action repository 'actions/checkout@v4' (SHA:11d5960a326750d5838078e36cf38b85af677262)
2026-10-09T16:41:06.8025517Z Download action repository 'dtolnay/rust-toolchain@stable' (SHA:686976e191b89faba57d3206551f0f330d8cb249)
2026-10-09T16:41:06.9174708Z Download action repository 'Swatinem/rust-cache@v2' (SHA:6323deb102c322ba6fcbdcafc7e3dddab59af2b6)
2026-10-09T16:41:07.2294735Z Complete job name: check
2026-10-09T16:41:07.3262186Z ##[group]Run actions/checkout@v4
2026-10-09T16:41:07.3263087Z with:
2026-10-09T16:41:07.3263531Z   repository: jyqj/codecortex
2026-10-09T16:41:07.3267334Z   token: ***
2026-10-09T16:41:07.3267781Z   ssh-strict: true
2026-10-09T16:41:07.3268431Z   ssh-user: git
2026-10-09T16:41:07.3268890Z   persist-credentials: true
2026-10-09T16:41:07.3269389Z   clean: true
2026-10-09T16:41:07.3269848Z   sparse-checkout-cone-mode: true
2026-10-09T16:41:07.3270491Z   fetch-depth: 1
2026-10-09T16:41:07.3271163Z   fetch-tags: false
2026-10-09T16:41:07.3271637Z   show-progress: true
2026-10-09T16:41:07.3272103Z   lfs: false
2026-10-09T16:41:07.3272520Z   submodules: false
2026-10-09T16:41:07.3272987Z   set-safe-directory: true
2026-10-09T16:41:07.3273517Z   allow-unsafe-pr-checkout: false
2026-10-09T16:41:07.3274361Z env:
2026-10-09T16:41:07.3274796Z   CARGO_TERM_COLOR: always
2026-10-09T16:41:07.3275317Z   RUSTFLAGS: -D warnings
2026-10-09T16:41:07.3275791Z ##[endgroup]
2026-10-09T16:41:07.4311912Z Syncing repository: jyqj/codecortex
2026-10-09T16:41:07.4314476Z ##[group]Getting Git version info
2026-10-09T16:41:07.4315370Z Working directory is '/home/runner/work/codecortex/codecortex'
2026-10-09T16:41:07.4316630Z [command]/usr/bin/git version
2026-10-09T16:41:07.4390402Z git version 2.55.0
2026-10-09T16:41:07.4445322Z ##[endgroup]
2026-10-09T16:41:07.4460559Z Temporarily overriding HOME='/home/runner/work/_temp/9c1083e8-8a0d-435e-a01f-9fca2a028152' before making global git config changes
2026-10-09T16:41:07.4463217Z Adding repository directory to the temporary git global config as a safe directory
2026-10-09T16:41:07.4466066Z [command]/usr/bin/git config --global --add safe.directory /home/runner/work/codecortex/codecortex
2026-10-09T16:41:07.4523555Z Deleting the contents of '/home/runner/work/codecortex/codecortex'
2026-10-09T16:41:07.4528912Z ##[group]Initializing the repository
2026-10-09T16:41:07.4533822Z [command]/usr/bin/git init /home/runner/work/codecortex/codecortex
2026-10-09T16:41:07.4668759Z hint: Using 'master' as the name for the initial branch. This default branch name
2026-10-09T16:41:07.4670831Z hint: will change to "main" in Git 3.0. To configure the initial branch name
2026-10-09T16:41:07.4672868Z hint: to use in all of your new repositories, which will suppress this warning,
2026-10-09T16:41:07.4675419Z hint: call:
2026-10-09T16:41:07.4676541Z hint:
2026-10-09T16:41:07.4677637Z hint: 	git config --global init.defaultBranch <name>
2026-10-09T16:41:07.4679121Z hint:
2026-10-09T16:41:07.4680357Z hint: Names commonly chosen instead of 'master' are 'main', 'trunk' and
2026-10-09T16:41:07.4681997Z hint: 'development'. The just-created branch can be renamed via this command:
2026-10-09T16:41:07.4683246Z hint:
2026-10-09T16:41:07.4684453Z hint: 	git branch -m <name>
2026-10-09T16:41:07.4685486Z hint:
2026-10-09T16:41:07.4686697Z hint: Disable this message with "git config set advice.defaultBranchName false"
2026-10-09T16:41:07.4688858Z Initialized empty Git repository in /home/runner/work/codecortex/codecortex/.git/
2026-10-09T16:41:07.4692377Z [command]/usr/bin/git remote add origin https://github.com/jyqj/codecortex
2026-10-09T16:41:07.4745330Z ##[endgroup]
2026-10-09T16:41:07.4746636Z ##[group]Disabling automatic garbage collection
2026-10-09T16:41:07.4750303Z [command]/usr/bin/git config --local gc.auto 0
2026-10-09T16:41:07.4780315Z ##[endgroup]
2026-10-09T16:41:07.4781639Z ##[group]Setting up auth
2026-10-09T16:41:07.4788356Z [command]/usr/bin/git config --local --name-only --get-regexp core\.sshCommand
2026-10-09T16:41:07.4821236Z [command]/usr/bin/git submodule foreach --recursive sh -c "git config --local --name-only --get-regexp 'core\.sshCommand' && git config --local --unset-all 'core.sshCommand' || :"
2026-10-09T16:41:07.5206810Z [command]/usr/bin/git config --local --name-only --get-regexp http\.https\:\/\/github\.com\/\.extraheader
2026-10-09T16:41:07.5238138Z [command]/usr/bin/git submodule foreach --recursive sh -c "git config --local --name-only --get-regexp 'http\.https\:\/\/github\.com\/\.extraheader' && git config --local --unset-all 'http.https://github.com/.extraheader' || :"
2026-10-09T16:41:07.5453934Z [command]/usr/bin/git config --local --name-only --get-regexp ^includeIf\.gitdir:
2026-10-09T16:41:07.5484935Z [command]/usr/bin/git submodule foreach --recursive git config --local --show-origin --name-only --get-regexp remote.origin.url
2026-10-09T16:41:07.5705239Z [command]/usr/bin/git config --local http.https://github.com/.extraheader AUTHORIZATION: basic ***
2026-10-09T16:41:07.5742988Z ##[endgroup]
2026-10-09T16:41:07.5743820Z ##[group]Fetching the repository
2026-10-09T16:41:07.5752470Z [command]/usr/bin/git -c protocol.version=2 fetch --no-tags --prune --no-recurse-submodules --depth=1 origin +f36edfef8cee6710bbc1b9b5034f03623187d7f6:refs/remotes/pull/191/merge
2026-10-09T16:41:30.2553935Z From https://github.com/jyqj/codecortex
2026-10-09T16:41:30.2555011Z  * [new ref]           f36edfef8cee6710bbc1b9b5034f03623187d7f6 -> pull/191/merge
2026-10-09T16:41:30.2558214Z ##[endgroup]
2026-10-09T16:41:30.2559216Z ##[group]Determining the checkout info
2026-10-09T16:41:30.2560849Z ##[endgroup]
2026-10-09T16:41:30.2566341Z [command]/usr/bin/git sparse-checkout disable
2026-10-09T16:41:30.2616081Z [command]/usr/bin/git config --local --unset-all extensions.worktreeConfig
2026-10-09T16:41:30.2651650Z ##[group]Checking out the ref
2026-10-09T16:41:30.2655177Z [command]/usr/bin/git checkout --progress --force refs/remotes/pull/191/merge
2026-10-09T16:41:31.2950776Z Updating files:  44% (10815/24185)
2026-10-09T16:41:31.3088438Z Updating files:  45% (10884/24185)
2026-10-09T16:41:31.3809635Z Updating files:  46% (11126/24185)
2026-10-09T16:41:31.4177030Z Updating files:  47% (11367/24185)
2026-10-09T16:41:31.4512282Z Updating files:  48% (11609/24185)
2026-10-09T16:41:31.4860676Z Updating files:  49% (11851/24185)
2026-10-09T16:41:31.5375055Z Updating files:  50% (12093/24185)
2026-10-09T16:41:31.5521377Z Updating files:  51% (12335/24185)
2026-10-09T16:41:31.5687202Z Updating files:  52% (12577/24185)
2026-10-09T16:41:31.5857174Z Updating files:  53% (12819/24185)
2026-10-09T16:41:31.6053090Z Updating files:  54% (13060/24185)
2026-10-09T16:41:31.6186705Z Updating files:  55% (13302/24185)
2026-10-09T16:41:31.6310980Z Updating files:  56% (13544/24185)
2026-10-09T16:41:31.6417678Z Updating files:  57% (13786/24185)
2026-10-09T16:41:31.6543757Z Updating files:  58% (14028/24185)
2026-10-09T16:41:31.6713438Z Updating files:  59% (14270/24185)
2026-10-09T16:41:31.6870404Z Updating files:  60% (14511/24185)
2026-10-09T16:41:31.6972970Z Updating files:  61% (14753/24185)
2026-10-09T16:41:31.7086885Z Updating files:  62% (14995/24185)
2026-10-09T16:41:31.7257402Z Updating files:  63% (15237/24185)
2026-10-09T16:41:31.7410672Z Updating files:  64% (15479/24185)
2026-10-09T16:41:31.8635787Z Updating files:  65% (15721/24185)
2026-10-09T16:41:31.8939843Z Updating files:  66% (15963/24185)
2026-10-09T16:41:31.9660076Z Updating files:  67% (16204/24185)
2026-10-09T16:41:32.0100721Z Updating files:  68% (16446/24185)
2026-10-09T16:41:32.0362345Z Updating files:  69% (16688/24185)
2026-10-09T16:41:32.0761970Z Updating files:  70% (16930/24185)
2026-10-09T16:41:32.2644578Z Updating files:  71% (17172/24185)
2026-10-09T16:41:32.2924317Z Updating files:  72% (17414/24185)
2026-10-09T16:41:32.3255846Z Updating files:  72% (17466/24185)
2026-10-09T16:41:32.5963600Z Updating files:  73% (17656/24185)
2026-10-09T16:41:32.6151621Z Updating files:  74% (17897/24185)
2026-10-09T16:41:32.6396330Z Updating files:  75% (18139/24185)
2026-10-09T16:41:32.6693088Z Updating files:  76% (18381/24185)
2026-10-09T16:41:32.7043544Z Updating files:  77% (18623/24185)
2026-10-09T16:41:33.3039757Z Updating files:  78% (18865/24185)
2026-10-09T16:41:33.3200954Z Updating files:  78% (19106/24185)
2026-10-09T16:41:34.3009139Z Updating files:  79% (19107/24185)
2026-10-09T16:41:34.6816954Z Updating files:  79% (19206/24185)
2026-10-09T16:41:34.7079351Z Updating files:  80% (19348/24185)
2026-10-09T16:41:34.7295105Z Updating files:  81% (19590/24185)
2026-10-09T16:41:34.7462461Z Updating files:  82% (19832/24185)
2026-10-09T16:41:34.7781320Z Updating files:  83% (20074/24185)
2026-10-09T16:41:34.8883233Z Updating files:  84% (20316/24185)
2026-10-09T16:41:34.9939274Z Updating files:  85% (20558/24185)
2026-10-09T16:41:35.0342040Z Updating files:  86% (20800/24185)
2026-10-09T16:41:35.1881140Z Updating files:  87% (21041/24185)
2026-10-09T16:41:35.2103429Z Updating files:  88% (21283/24185)
2026-10-09T16:41:35.2263898Z Updating files:  89% (21525/24185)
2026-10-09T16:41:35.2389334Z Updating files:  90% (21767/24185)
2026-10-09T16:41:35.2614745Z Updating files:  91% (22009/24185)
2026-10-09T16:41:35.2932430Z Updating files:  92% (22251/24185)
2026-10-09T16:41:35.6425477Z Updating files:  92% (22379/24185)
2026-10-09T16:41:35.9445945Z Updating files:  93% (22493/24185)
2026-10-09T16:41:35.9650900Z Updating files:  94% (22734/24185)
2026-10-09T16:41:35.9803789Z Updating files:  95% (22976/24185)
2026-10-09T16:41:35.9995231Z Updating files:  96% (23218/24185)
2026-10-09T16:41:36.0231931Z Updating files:  97% (23460/24185)
2026-10-09T16:41:36.0401393Z Updating files:  98% (23702/24185)
2026-10-09T16:41:36.0678663Z Updating files:  99% (23944/24185)
2026-10-09T16:41:36.0679911Z Updating files: 100% (24185/24185)
2026-10-09T16:41:36.0680524Z Updating files: 100% (24185/24185), done.
2026-10-09T16:41:36.0956927Z Note: switching to 'refs/remotes/pull/191/merge'.
2026-10-09T16:41:36.0957440Z 
2026-10-09T16:41:36.0957864Z You are in 'detached HEAD' state. You can look around, make experimental
2026-10-09T16:41:36.0958981Z changes and commit them, and you can discard any commits you make in this
2026-10-09T16:41:36.0959603Z state without impacting any branches by switching back to a branch.
2026-10-09T16:41:36.0959971Z 
2026-10-09T16:41:36.0960208Z If you want to create a new branch to retain commits you create, you may
2026-10-09T16:41:36.0961202Z do so (now or later) by using -c with the switch command. Example:
2026-10-09T16:41:36.0961631Z 
2026-10-09T16:41:36.0961790Z   git switch -c <new-branch-name>
2026-10-09T16:41:36.0962012Z 
2026-10-09T16:41:36.0962141Z Or undo this operation with:
2026-10-09T16:41:36.0962342Z 
2026-10-09T16:41:36.0962452Z   git switch -
2026-10-09T16:41:36.0962604Z 
2026-10-09T16:41:36.0962882Z Turn off this advice by setting config variable advice.detachedHead to false
2026-10-09T16:41:36.0963293Z 
2026-10-09T16:41:36.0963755Z HEAD is now at f36edfef Merge 87c2274e497c3d0c9d40de4b538794318672e028 into fffd950d5b34b0180f308db1428a57d5bf358bf1
2026-10-09T16:41:36.1196100Z ##[endgroup]
2026-10-09T16:41:36.1242747Z [command]/usr/bin/git log -1 --format=%H
2026-10-09T16:41:36.1266142Z f36edfef8cee6710bbc1b9b5034f03623187d7f6
2026-10-09T16:41:36.1618953Z ##[group]Run dtolnay/rust-toolchain@stable
2026-10-09T16:41:36.1619278Z with:
2026-10-09T16:41:36.1619490Z   components: clippy, rustfmt
2026-10-09T16:41:36.1619743Z   toolchain: stable
2026-10-09T16:41:36.1619959Z env:
2026-10-09T16:41:36.1620148Z   CARGO_TERM_COLOR: always
2026-10-09T16:41:36.1620387Z   RUSTFLAGS: -D warnings
2026-10-09T16:41:36.1620607Z ##[endgroup]
2026-10-09T16:41:36.1683836Z ##[start-action display=Parse toolchain version;id=__dtolnay_rust-toolchain.parse]
2026-10-09T16:41:36.1741922Z ##[group]Run if [[ -z $toolchain ]]; then
2026-10-09T16:41:36.1742411Z [36;1mif [[ -z $toolchain ]]; then[0m
2026-10-09T16:41:36.1743070Z [36;1m  # GitHub does not enforce `required: true` inputs itself. https://github.com/actions/runner/issues/1070[0m
2026-10-09T16:41:36.1743734Z [36;1m  echo "'toolchain' is a required input" >&2[0m
2026-10-09T16:41:36.1744120Z [36;1m  exit 1[0m
2026-10-09T16:41:36.1744599Z [36;1melif [[ $toolchain =~ ^stable' '[0-9]+' '(year|month|week|day)s?' 'ago$ ]]; then[0m
2026-10-09T16:41:36.1745096Z [36;1m  if [[ Linux == macOS ]]; then[0m
2026-10-09T16:41:36.1745722Z [36;1m    echo "toolchain=1.$((($(date -v-$(sed 's/stable \([0-9]*\) \(.\).*/\1\2/' <<< $toolchain) +%s)/60/60/24-16569)/7/6))" >> $GITHUB_OUTPUT[0m
2026-10-09T16:41:36.1746327Z [36;1m  else[0m
2026-10-09T16:41:36.1746814Z [36;1m    echo "toolchain=1.$((($(date --date "${toolchain#stable }" +%s)/60/60/24-16569)/7/6))" >> $GITHUB_OUTPUT[0m
2026-10-09T16:41:36.1747346Z [36;1m  fi[0m
2026-10-09T16:41:36.1747726Z [36;1melif [[ $toolchain =~ ^stable' 'minus' '[0-9]+' 'releases?$ ]]; then[0m
2026-10-09T16:41:36.1748522Z [36;1m  echo "toolchain=1.$((($(date +%s)/60/60/24-16569)/7/6-${toolchain//[^0-9]/}))" >> $GITHUB_OUTPUT[0m
2026-10-09T16:41:36.1749111Z [36;1melif [[ $toolchain =~ ^1\.[0-9]+$ ]]; then[0m
2026-10-09T16:41:36.1749716Z [36;1m  echo "toolchain=1.$((i=${toolchain#1.}, c=($(date +%s)/60/60/24-16569)/7/6, i+9*i*(10*i<=c)+90*i*(100*i<=c)))" >> $GITHUB_OUTPUT[0m
2026-10-09T16:41:36.1750292Z [36;1melse[0m
2026-10-09T16:41:36.1750585Z [36;1m  delimiter=EOF[0m
2026-10-09T16:41:36.1750980Z [36;1m  while [[ $toolchain == *$delimiter* ]]; do delimiter+=_; done[0m
2026-10-09T16:41:36.1751584Z [36;1m  printf 'toolchain<<%s\n%s\n%s\n' "$delimiter" "$toolchain" "$delimiter" >> $GITHUB_OUTPUT[0m
2026-10-09T16:41:36.1752083Z [36;1mfi[0m
2026-10-09T16:41:36.2034369Z shell: /usr/bin/bash --noprofile --norc -e -o pipefail {0}
2026-10-09T16:41:36.2034905Z env:
2026-10-09T16:41:36.2035253Z   CARGO_TERM_COLOR: always
2026-10-09T16:41:36.2035645Z   RUSTFLAGS: -D warnings
2026-10-09T16:41:36.2036006Z   toolchain: stable
2026-10-09T16:41:36.2036329Z ##[endgroup]
2026-10-09T16:41:36.2169715Z ##[end-action id=__dtolnay_rust-toolchain.parse;outcome=success;conclusion=success;duration_ms=48]
2026-10-09T16:41:36.2174171Z ##[start-action display=Set $CARGO_HOME;id=__dtolnay_rust-toolchain.__run]
2026-10-09T16:41:36.2210068Z ##[group]Run echo CARGO_HOME=${CARGO_HOME:-"$HOME/.cargo"} >> $GITHUB_ENV
2026-10-09T16:41:36.2210547Z [36;1mecho CARGO_HOME=${CARGO_HOME:-"$HOME/.cargo"} >> $GITHUB_ENV[0m
2026-10-09T16:41:36.2268111Z shell: /usr/bin/bash --noprofile --norc -e -o pipefail {0}
2026-10-09T16:41:36.2268665Z env:
2026-10-09T16:41:36.2268867Z   CARGO_TERM_COLOR: always
2026-10-09T16:41:36.2269104Z   RUSTFLAGS: -D warnings
2026-10-09T16:41:36.2269496Z ##[endgroup]
2026-10-09T16:41:36.2384068Z ##[end-action id=__dtolnay_rust-toolchain.__run;outcome=success;conclusion=success;duration_ms=20]
2026-10-09T16:41:36.2386803Z ##[start-action display=Install rustup if needed;id=__dtolnay_rust-toolchain.__run_2]
2026-10-09T16:41:36.2418652Z ##[group]Run if ! command -v rustup &>/dev/null; then
2026-10-09T16:41:36.2419021Z [36;1mif ! command -v rustup &>/dev/null; then[0m
2026-10-09T16:41:36.2419798Z [36;1m  curl --proto '=https' --tlsv1.2 --retry 10 --retry-connrefused --location --silent --show-error --fail https://sh.rustup.rs | sh -s -- --default-toolchain none -y[0m
2026-10-09T16:41:36.2420942Z [36;1m  echo "$CARGO_HOME/bin" >> $GITHUB_PATH[0m
2026-10-09T16:41:36.2421378Z [36;1mfi[0m
2026-10-09T16:41:36.2481209Z shell: /usr/bin/bash --noprofile --norc -e -o pipefail {0}
2026-10-09T16:41:36.2481569Z env:
2026-10-09T16:41:36.2481788Z   CARGO_TERM_COLOR: always
2026-10-09T16:41:36.2482040Z   RUSTFLAGS: -D warnings
2026-10-09T16:41:36.2482279Z   CARGO_HOME: /home/runner/.cargo
2026-10-09T16:41:36.2482530Z ##[endgroup]
2026-10-09T16:41:36.2568889Z ##[end-action id=__dtolnay_rust-toolchain.__run_2;outcome=success;conclusion=success;duration_ms=18]
2026-10-09T16:41:36.2571242Z ##[start-action display=Install rustup if needed on windows;id=__dtolnay_rust-toolchain.__run_3]
2026-10-09T16:41:36.2578179Z ##[end-action id=__dtolnay_rust-toolchain.__run_3;outcome=skipped;conclusion=skipped;duration_ms=0]
2026-10-09T16:41:36.2593914Z ##[start-action display=rustup toolchain install stable;id=__dtolnay_rust-toolchain.__run_4]
2026-10-09T16:41:36.2614786Z ##[group]Run set -f  # split targets and components on commas and whitespace, without glob expansion
2026-10-09T16:41:36.2615449Z [36;1mset -f  # split targets and components on commas and whitespace, without glob expansion[0m
2026-10-09T16:41:36.2615900Z [36;1mflags=()[0m
2026-10-09T16:41:36.2616177Z [36;1mfor t in ${targets//,/ }; do flags+=(--target "$t"); done[0m
2026-10-09T16:41:36.2616620Z [36;1mfor c in ${components//,/ }; do flags+=(--component "$c"); done[0m
2026-10-09T16:41:36.2617166Z [36;1mif [[ $toolchain == nightly && -n $components ]]; then flags+=(--allow-downgrade); fi[0m
2026-10-09T16:41:36.2617588Z [36;1mlog=$(mktemp)[0m
2026-10-09T16:41:36.2617831Z [36;1mtrap 'rm -f "$log"' EXIT[0m
2026-10-09T16:41:36.2618388Z [36;1mfor attempt in 1 2 3 4 5; do[0m
2026-10-09T16:41:36.2618978Z [36;1m  if rustup toolchain install "$toolchain" "${flags[@]}" --profile minimal --no-self-update --force-non-host 2>&1 | tee "$log"; then[0m
2026-10-09T16:41:36.2619548Z [36;1m    break[0m
2026-10-09T16:41:36.2619752Z [36;1m  else[0m
2026-10-09T16:41:36.2619959Z [36;1m    status=$?[0m
2026-10-09T16:41:36.2620176Z [36;1m  fi[0m
2026-10-09T16:41:36.2620469Z [36;1m  if [[ $attempt == 5 ]] || ! grep -Fq 'checksum failed for ' "$log" \[0m
2026-10-09T16:41:36.2621033Z [36;1m      || ! grep -Fq 'this is likely due to an ongoing update of the official release server' "$log"; then[0m
2026-10-09T16:41:36.2621496Z [36;1m    exit "$status"[0m
2026-10-09T16:41:36.2621722Z [36;1m  fi[0m
2026-10-09T16:41:36.2622078Z [36;1m  echo "Retrying rustup toolchain install in 30 seconds (retry $attempt of 4)" >&2[0m
2026-10-09T16:41:36.2622512Z [36;1m  sleep 30[0m
2026-10-09T16:41:36.2622720Z [36;1mdone[0m
2026-10-09T16:41:36.2679955Z shell: /usr/bin/bash --noprofile --norc -e -o pipefail {0}
2026-10-09T16:41:36.2680300Z env:
2026-10-09T16:41:36.2680504Z   CARGO_TERM_COLOR: always
2026-10-09T16:41:36.2680750Z   RUSTFLAGS: -D warnings
2026-10-09T16:41:36.2680991Z   CARGO_HOME: /home/runner/.cargo
2026-10-09T16:41:36.2681237Z   toolchain: stable
2026-10-09T16:41:36.2681444Z   targets: 
2026-10-09T16:41:36.2681644Z   components: clippy, rustfmt
2026-10-09T16:41:36.2681892Z   RUSTUP_PERMIT_COPY_RENAME: 1
2026-10-09T16:41:36.2682126Z ##[endgroup]
2026-10-09T16:41:36.4726075Z info: syncing channel updates for stable-x86_64-unknown-linux-gnu
2026-10-09T16:41:36.5869589Z info: latest update on 2026-10-01 for version 1.99.0 (b940084d7 2026-09-28)
2026-10-09T16:41:36.6006192Z info: component clippy is up to date
2026-10-09T16:41:36.6006742Z info: component rustfmt is up to date
2026-10-09T16:41:36.6019844Z 
2026-10-09T16:41:36.6098310Z   stable-x86_64-unknown-linux-gnu unchanged - rustc 1.99.0 (b940084d7 2026-09-28)
2026-10-09T16:41:36.6098966Z 
2026-10-09T16:41:36.6145025Z ##[end-action id=__dtolnay_rust-toolchain.__run_4;outcome=success;conclusion=success;duration_ms=355]
2026-10-09T16:41:36.6151921Z ##[start-action display=rustup default stable;id=__dtolnay_rust-toolchain.__run_5]
2026-10-09T16:41:36.6174398Z ##[group]Run rustup default "$toolchain" --force-non-host
2026-10-09T16:41:36.6174832Z [36;1mrustup default "$toolchain" --force-non-host[0m
2026-10-09T16:41:36.6235745Z shell: /usr/bin/bash --noprofile --norc -e -o pipefail {0}
2026-10-09T16:41:36.6236103Z env:
2026-10-09T16:41:36.6236299Z   CARGO_TERM_COLOR: always
2026-10-09T16:41:36.6236537Z   RUSTFLAGS: -D warnings
2026-10-09T16:41:36.6236779Z   CARGO_HOME: /home/runner/.cargo
2026-10-09T16:41:36.6237023Z   toolchain: stable
2026-10-09T16:41:36.6237225Z ##[endgroup]
2026-10-09T16:41:36.6357407Z info: using existing install for stable-x86_64-unknown-linux-gnu
2026-10-09T16:41:36.6367203Z info: default toolchain set to stable-x86_64-unknown-linux-gnu
2026-10-09T16:41:36.6367707Z 
2026-10-09T16:41:36.6441531Z   stable-x86_64-unknown-linux-gnu unchanged - rustc 1.99.0 (b940084d7 2026-09-28)
2026-10-09T16:41:36.6441970Z 
2026-10-09T16:41:36.6460084Z ##[end-action id=__dtolnay_rust-toolchain.__run_5;outcome=success;conclusion=success;duration_ms=30]
2026-10-09T16:41:36.6464209Z ##[start-action display=Create cachekey;id=__dtolnay_rust-toolchain.rustc-version]
2026-10-09T16:41:36.6487780Z ##[group]Run DATE=$(rustc +"$toolchain" --version --verbose | sed -ne 's/^commit-date: \(20[0-9][0-9]\)-\([01][0-9]\)-\([0-3][0-9]\)$/\1\2\3/p')
2026-10-09T16:41:36.6489019Z [36;1mDATE=$(rustc +"$toolchain" --version --verbose | sed -ne 's/^commit-date: \(20[0-9][0-9]\)-\([01][0-9]\)-\([0-3][0-9]\)$/\1\2\3/p')[0m
2026-10-09T16:41:36.6489701Z [36;1mHASH=$(rustc +"$toolchain" --version --verbose | sed -ne 's/^commit-hash: //p')[0m
2026-10-09T16:41:36.6490220Z [36;1mecho "cachekey=$(echo $DATE$HASH | head -c12)" >> $GITHUB_OUTPUT[0m
2026-10-09T16:41:36.6553629Z shell: /usr/bin/bash --noprofile --norc -e -o pipefail {0}
2026-10-09T16:41:36.6553981Z env:
2026-10-09T16:41:36.6554184Z   CARGO_TERM_COLOR: always
2026-10-09T16:41:36.6554434Z   RUSTFLAGS: -D warnings
2026-10-09T16:41:36.6554673Z   CARGO_HOME: /home/runner/.cargo
2026-10-09T16:41:36.6554927Z   toolchain: stable
2026-10-09T16:41:36.6555134Z ##[endgroup]
2026-10-09T16:41:36.6917567Z ##[end-action id=__dtolnay_rust-toolchain.rustc-version;outcome=success;conclusion=success;duration_ms=45]
2026-10-09T16:41:36.6920732Z ##[start-action display=Disable incremental compilation;id=__dtolnay_rust-toolchain.__run_6]
2026-10-09T16:41:36.6942834Z ##[group]Run if [ -z "${CARGO_INCREMENTAL+set}" ]; then
2026-10-09T16:41:36.6943212Z [36;1mif [ -z "${CARGO_INCREMENTAL+set}" ]; then[0m
2026-10-09T16:41:36.6943540Z [36;1m  echo CARGO_INCREMENTAL=0 >> $GITHUB_ENV[0m
2026-10-09T16:41:36.6943825Z [36;1mfi[0m
2026-10-09T16:41:36.7004816Z shell: /usr/bin/bash --noprofile --norc -e -o pipefail {0}
2026-10-09T16:41:36.7005179Z env:
2026-10-09T16:41:36.7005395Z   CARGO_TERM_COLOR: always
2026-10-09T16:41:36.7005644Z   RUSTFLAGS: -D warnings
2026-10-09T16:41:36.7005893Z   CARGO_HOME: /home/runner/.cargo
2026-10-09T16:41:36.7006152Z ##[endgroup]
2026-10-09T16:41:36.7086689Z ##[end-action id=__dtolnay_rust-toolchain.__run_6;outcome=success;conclusion=success;duration_ms=16]
2026-10-09T16:41:36.7089202Z ##[start-action display=Enable colors in Cargo output;id=__dtolnay_rust-toolchain.__run_7]
2026-10-09T16:41:36.7109416Z ##[group]Run if [ -z "${CARGO_TERM_COLOR+set}" ]; then
2026-10-09T16:41:36.7109943Z [36;1mif [ -z "${CARGO_TERM_COLOR+set}" ]; then[0m
2026-10-09T16:41:36.7110285Z [36;1m  echo CARGO_TERM_COLOR=always >> $GITHUB_ENV[0m
2026-10-09T16:41:36.7110586Z [36;1mfi[0m
2026-10-09T16:41:36.7165236Z shell: /usr/bin/bash --noprofile --norc -e -o pipefail {0}
2026-10-09T16:41:36.7165590Z env:
2026-10-09T16:41:36.7165789Z   CARGO_TERM_COLOR: always
2026-10-09T16:41:36.7166035Z   RUSTFLAGS: -D warnings
2026-10-09T16:41:36.7166270Z   CARGO_HOME: /home/runner/.cargo
2026-10-09T16:41:36.7166524Z   CARGO_INCREMENTAL: 0
2026-10-09T16:41:36.7166741Z ##[endgroup]
2026-10-09T16:41:36.7246661Z ##[end-action id=__dtolnay_rust-toolchain.__run_7;outcome=success;conclusion=success;duration_ms=15]
2026-10-09T16:41:36.7250582Z ##[start-action display=Enable Cargo sparse registry;id=__dtolnay_rust-toolchain.__run_8]
2026-10-09T16:41:36.7272677Z ##[group]Run # implemented in 1.66, stabilized in 1.68, made default in 1.70
2026-10-09T16:41:36.7273209Z [36;1m# implemented in 1.66, stabilized in 1.68, made default in 1.70[0m
2026-10-09T16:41:36.7273937Z [36;1mif [ -z "${CARGO_REGISTRIES_CRATES_IO_PROTOCOL+set}" -o -f "/home/runner/work/_temp"/.implicit_cargo_registries_crates_io_protocol ]; then[0m
2026-10-09T16:41:36.7274679Z [36;1m  if rustc +"$toolchain" --version --verbose | grep -q '^release: 1\.6[89]\.'; then[0m
2026-10-09T16:41:36.7275270Z [36;1m    touch "/home/runner/work/_temp"/.implicit_cargo_registries_crates_io_protocol || true[0m
2026-10-09T16:41:36.7275808Z [36;1m    echo CARGO_REGISTRIES_CRATES_IO_PROTOCOL=sparse >> $GITHUB_ENV[0m
2026-10-09T16:41:36.7276327Z [36;1m  elif rustc +"$toolchain" --version --verbose | grep -q '^release: 1\.6[67]\.'; then[0m
2026-10-09T16:41:36.7277090Z [36;1m    touch "/home/runner/work/_temp"/.implicit_cargo_registries_crates_io_protocol || true[0m
2026-10-09T16:41:36.7277652Z [36;1m    echo CARGO_REGISTRIES_CRATES_IO_PROTOCOL=git >> $GITHUB_ENV[0m
2026-10-09T16:41:36.7278238Z [36;1m  fi[0m
2026-10-09T16:41:36.7278432Z [36;1mfi[0m
2026-10-09T16:41:36.7333470Z shell: /usr/bin/bash --noprofile --norc -e -o pipefail {0}
2026-10-09T16:41:36.7333811Z env:
2026-10-09T16:41:36.7334014Z   CARGO_TERM_COLOR: always
2026-10-09T16:41:36.7334258Z   RUSTFLAGS: -D warnings
2026-10-09T16:41:36.7334504Z   CARGO_HOME: /home/runner/.cargo
2026-10-09T16:41:36.7334758Z   CARGO_INCREMENTAL: 0
2026-10-09T16:41:36.7334971Z   toolchain: stable
2026-10-09T16:41:36.7335176Z ##[endgroup]
2026-10-09T16:41:36.7655289Z ##[end-action id=__dtolnay_rust-toolchain.__run_8;outcome=success;conclusion=success;duration_ms=40]
2026-10-09T16:41:36.7660207Z ##[start-action display=Work around spurious network errors in curl 8.0;id=__dtolnay_rust-toolchain.__run_9]
2026-10-09T16:41:36.7701875Z ##[group]Run # https://rust-lang.zulipchat.com/#narrow/stream/246057-t-cargo/topic/timeout.20investigation
2026-10-09T16:41:36.7702648Z [36;1m# https://rust-lang.zulipchat.com/#narrow/stream/246057-t-cargo/topic/timeout.20investigation[0m
2026-10-09T16:41:36.7703289Z [36;1mif rustc +"$toolchain" --version --verbose | grep -q '^release: 1\.7[01]\.'; then[0m
2026-10-09T16:41:36.7703790Z [36;1m  echo CARGO_HTTP_MULTIPLEXING=false >> $GITHUB_ENV[0m
2026-10-09T16:41:36.7704112Z [36;1mfi[0m
2026-10-09T16:41:36.7765959Z shell: /usr/bin/bash --noprofile --norc -e -o pipefail {0}
2026-10-09T16:41:36.7766321Z env:
2026-10-09T16:41:36.7766529Z   CARGO_TERM_COLOR: always
2026-10-09T16:41:36.7766776Z   RUSTFLAGS: -D warnings
2026-10-09T16:41:36.7767027Z   CARGO_HOME: /home/runner/.cargo
2026-10-09T16:41:36.7767299Z   CARGO_INCREMENTAL: 0
2026-10-09T16:41:36.7767525Z   toolchain: stable
2026-10-09T16:41:36.7767739Z ##[endgroup]
2026-10-09T16:41:36.7974724Z ##[end-action id=__dtolnay_rust-toolchain.__run_9;outcome=success;conclusion=success;duration_ms=31]
2026-10-09T16:41:36.7980745Z ##[start-action display=rustc +stable --version --verbose;id=__dtolnay_rust-toolchain.__run_10]
2026-10-09T16:41:36.8002304Z ##[group]Run rustc +"$toolchain" --version --verbose
2026-10-09T16:41:36.8002682Z [36;1mrustc +"$toolchain" --version --verbose[0m
2026-10-09T16:41:36.8064149Z shell: /usr/bin/bash --noprofile --norc -e -o pipefail {0}
2026-10-09T16:41:36.8064500Z env:
2026-10-09T16:41:36.8064702Z   CARGO_TERM_COLOR: always
2026-10-09T16:41:36.8064942Z   RUSTFLAGS: -D warnings
2026-10-09T16:41:36.8065195Z   CARGO_HOME: /home/runner/.cargo
2026-10-09T16:41:36.8065456Z   CARGO_INCREMENTAL: 0
2026-10-09T16:41:36.8065676Z   toolchain: stable
2026-10-09T16:41:36.8065879Z ##[endgroup]
2026-10-09T16:41:36.8264518Z rustc 1.99.0 (b940084d7 2026-09-28)
2026-10-09T16:41:36.8265482Z binary: rustc
2026-10-09T16:41:36.8266340Z commit-hash: b940084d7eb6a299eb4bfeb8e34901bc051e7ac4
2026-10-09T16:41:36.8266933Z commit-date: 2026-09-28
2026-10-09T16:41:36.8267367Z host: x86_64-unknown-linux-gnu
2026-10-09T16:41:36.8267716Z release: 1.99.0
2026-10-09T16:41:36.8268537Z LLVM version: 23.1.1
2026-10-09T16:41:36.8290472Z ##[end-action id=__dtolnay_rust-toolchain.__run_10;outcome=success;conclusion=success;duration_ms=30]
2026-10-09T16:41:36.8409727Z ##[group]Run Swatinem/rust-cache@v2
2026-10-09T16:41:36.8410049Z with:
2026-10-09T16:41:36.8410254Z   prefix-key: v0-rust
2026-10-09T16:41:36.8410484Z   add-job-id-key: true
2026-10-09T16:41:36.8410733Z   add-rust-environment-hash-key: true
2026-10-09T16:41:36.8411020Z   cache-targets: true
2026-10-09T16:41:36.8411241Z   cache-all-crates: false
2026-10-09T16:41:36.8411489Z   cache-workspace-crates: false
2026-10-09T16:41:36.8411749Z   save-if: true
2026-10-09T16:41:36.8411964Z   cache-provider: github
2026-10-09T16:41:36.8412194Z   cache-bin: true
2026-10-09T16:41:36.8412398Z   lookup-only: false
2026-10-09T16:41:36.8412605Z   cmd-format: {0}
2026-10-09T16:41:36.8412800Z env:
2026-10-09T16:41:36.8412986Z   CARGO_TERM_COLOR: always
2026-10-09T16:41:36.8413221Z   RUSTFLAGS: -D warnings
2026-10-09T16:41:36.8413454Z   CARGO_HOME: /home/runner/.cargo
2026-10-09T16:41:36.8413704Z   CARGO_INCREMENTAL: 0
2026-10-09T16:41:36.8413918Z ##[endgroup]
2026-10-09T16:41:39.3819735Z ##[group]Cache Configuration
2026-10-09T16:41:39.3828833Z Cache Provider:
2026-10-09T16:41:39.3838467Z     github
2026-10-09T16:41:39.3839003Z Workspaces:
2026-10-09T16:41:39.3839409Z     /home/runner/work/codecortex/codecortex
2026-10-09T16:41:39.3839904Z Cache Paths:
2026-10-09T16:41:39.3840261Z     /home/runner/.cargo/bin
2026-10-09T16:41:39.3840690Z     /home/runner/.cargo/.crates.toml
2026-10-09T16:41:39.3841168Z     /home/runner/.cargo/.crates2.json
2026-10-09T16:41:39.3841644Z     /home/runner/.cargo/registry
2026-10-09T16:41:39.3842075Z     /home/runner/.cargo/git
2026-10-09T16:41:39.3842540Z     /home/runner/work/codecortex/codecortex/target
2026-10-09T16:41:39.3843053Z Restore Key:
2026-10-09T16:41:39.3843423Z     v0-rust-check-Linux-x64-cbcac849
2026-10-09T16:41:39.3843864Z Cache Key:
2026-10-09T16:41:39.3844262Z     v0-rust-check-Linux-x64-cbcac849-015a28e6
2026-10-09T16:41:39.3844748Z .. Prefix:
2026-10-09T16:41:39.3845059Z   - v0-rust-check-Linux-x64
2026-10-09T16:41:39.3845312Z .. Environment considered:
2026-10-09T16:41:39.3845574Z   - Rust Versions:
2026-10-09T16:41:39.3845917Z     - 1.99.0 x86_64-unknown-linux-gnu b940084d7eb6a299eb4bfeb8e34901bc051e7ac4
2026-10-09T16:41:39.3846303Z   - CARGO_HOME
2026-10-09T16:41:39.3846509Z   - CARGO_INCREMENTAL
2026-10-09T16:41:39.3846722Z   - CARGO_TERM_COLOR
2026-10-09T16:41:39.3846923Z   - RUSTFLAGS
2026-10-09T16:41:39.3847138Z .. Lockfiles considered:
2026-10-09T16:41:39.3847427Z   - /home/runner/work/codecortex/codecortex/Cargo.lock
2026-10-09T16:41:39.3847829Z   - /home/runner/work/codecortex/codecortex/crates/cc-db/Cargo.toml
2026-10-09T16:41:39.3848923Z   - /home/runner/work/codecortex/codecortex/crates/cc-eval/Cargo.toml
2026-10-09T16:41:39.3849630Z   - /home/runner/work/codecortex/codecortex/crates/cc-index/Cargo.toml
2026-10-09T16:41:39.3850097Z   - /home/runner/work/codecortex/codecortex/crates/cc-model/Cargo.toml
2026-10-09T16:41:39.3850781Z   - /home/runner/work/codecortex/codecortex/crates/cc-parsers/Cargo.toml
2026-10-09T16:41:39.3851480Z   - /home/runner/work/codecortex/codecortex/crates/cc-search/Cargo.toml
2026-10-09T16:41:39.3852766Z   - /home/runner/work/codecortex/codecortex/crates/cc-semantic/Cargo.toml
2026-10-09T16:41:39.3853460Z   - /home/runner/work/codecortex/codecortex/crates/cc-server/Cargo.toml
2026-10-09T16:41:39.3854220Z ##[endgroup]
2026-10-09T16:41:39.3854349Z 
2026-10-09T16:41:39.3854439Z ... Restoring cache ...
2026-10-09T16:41:39.4588647Z Cache hit for restore-key: v0-rust-check-Linux-x64-cbcac849-14b538d7
2026-10-09T16:41:40.5205248Z Received 234881024 of 554473071 (42.4%), 222.0 MBs/sec
2026-10-09T16:41:41.5256416Z Received 528482304 of 554473071 (95.3%), 250.2 MBs/sec
2026-10-09T16:41:41.6819210Z Received 554473071 of 554473071 (100.0%), 243.7 MBs/sec
2026-10-09T16:41:41.6820460Z Cache Size: ~529 MB (554473071 B)
2026-10-09T16:41:41.6928616Z [command]/usr/bin/tar -xf /home/runner/work/_temp/ff8e8bc9-56f1-43b9-8788-67bb2515e69e/cache.tzst -P -C /home/runner/work/codecortex/codecortex --use-compress-program unzstd
2026-10-09T16:41:45.4286954Z Cache restored successfully
2026-10-09T16:41:45.5915479Z Restored from cache key "v0-rust-check-Linux-x64-cbcac849-14b538d7" full match: false.
2026-10-09T16:41:45.7842976Z ##[group]Run cargo fmt --all -- --check
2026-10-09T16:41:45.7843613Z [36;1mcargo fmt --all -- --check[0m
2026-10-09T16:41:45.7931865Z shell: /usr/bin/bash -e {0}
2026-10-09T16:41:45.7932291Z env:
2026-10-09T16:41:45.7932627Z   CARGO_TERM_COLOR: always
2026-10-09T16:41:45.7933046Z   RUSTFLAGS: -D warnings
2026-10-09T16:41:45.7933463Z   CARGO_HOME: /home/runner/.cargo
2026-10-09T16:41:45.7933916Z   CARGO_INCREMENTAL: 0
2026-10-09T16:41:45.7934312Z   CACHE_ON_FAILURE: false
2026-10-09T16:41:45.7934710Z ##[endgroup]
2026-10-09T16:41:48.0999902Z Diff in /home/runner/work/codecortex/codecortex/crates/cc-db/src/index_db_write_batch.rs:956:
2026-10-09T16:41:48.1000978Z                  // payload pre-compressed during prepare (off the write lock);
2026-10-09T16:41:48.1001831Z                  // fall back to compressing here for callers without a side-car.
2026-10-09T16:41:48.1002520Z                  let fallback;
2026-10-09T16:41:48.1003316Z -                let use_compressed: Option<&[u8]> = match chunk_blobs.and_then(|b| b.get(chunk_idx)) {
2026-10-09T16:41:48.1004393Z +                let use_compressed: Option<&[u8]> = match chunk_blobs.and_then(|b| b.get(chunk_idx))
2026-10-09T16:41:48.1005150Z +                {
2026-10-09T16:41:48.1005628Z                      Some(precomputed) => precomputed.as_deref(),
2026-10-09T16:41:48.1006214Z                      None => {
2026-10-09T16:41:48.1006723Z                          fallback = compress_chunk_text(&c.text);
2026-10-09T16:41:48.1115812Z Diff in /home/runner/work/codecortex/codecortex/crates/cc-db/src/rebuild_chunk_statement_tests.rs:203:
2026-10-09T16:41:48.1116742Z  
2026-10-09T16:41:48.1117062Z  #[test]
2026-10-09T16:41:48.1117636Z  fn rebuild_chunks_keep_lazy_empty_missing_fts_and_source_error_prefixes() {
2026-10-09T16:41:48.1118635Z -    let (_, empty) = compare_prefix(
2026-10-09T16:41:48.1119123Z -        &unit(0),
2026-10-09T16:41:48.1119501Z -        None,
2026-10-09T16:41:48.1119935Z -        "DROP TABLE chunks_fts; DROP TABLE chunks;",
2026-10-09T16:41:48.1120464Z -    );
2026-10-09T16:41:48.1121113Z +    let (_, empty) = compare_prefix(&unit(0), None, "DROP TABLE chunks_fts; DROP TABLE chunks;");
2026-10-09T16:41:48.1121933Z      assert!(empty.is_ok());
2026-10-09T16:41:48.1122351Z  
2026-10-09T16:41:48.1122911Z      let (conn, missing) = compare_prefix(&unit(2), None, "DROP TABLE chunks_fts;");
2026-10-09T16:41:48.1124051Z Diff in /home/runner/work/codecortex/codecortex/crates/cc-db/src/rebuild_chunk_statement_tests.rs:216:
2026-10-09T16:41:48.1124920Z  
2026-10-09T16:41:48.1125252Z      let mut invalid = unit(2);
2026-10-09T16:41:48.1125970Z      invalid.outcome.chunks[0].source = Some(source(&invalid.outcome.chunks[0].text));
2026-10-09T16:41:48.1127006Z -    invalid.outcome.chunks[0].source.as_mut().unwrap().slice_digest = "invalid".into();
2026-10-09T16:41:48.1127801Z +    invalid.outcome.chunks[0]
2026-10-09T16:41:48.1128921Z +        .source
2026-10-09T16:41:48.1129281Z +        .as_mut()
2026-10-09T16:41:48.1129659Z +        .unwrap()
2026-10-09T16:41:48.1130064Z +        .slice_digest = "invalid".into();
2026-10-09T16:41:48.1130779Z      let (conn, early) = compare_prefix(&invalid, None, "DROP TABLE chunks_fts;");
2026-10-09T16:41:48.1131874Z      assert!(early.unwrap_err().contains("invalid chunk source evidence"));
2026-10-09T16:41:48.1132634Z      assert!(rows(&conn, "chunks").is_empty());
2026-10-09T16:41:48.1133555Z Diff in /home/runner/work/codecortex/codecortex/crates/cc-db/src/rebuild_chunk_statement_tests.rs:323:
2026-10-09T16:41:48.1139148Z      let old = Connection::open_in_memory().unwrap();
2026-10-09T16:41:48.1139816Z      let new = Connection::open_in_memory().unwrap();
2026-10-09T16:41:48.1140376Z      for conn in [&old, &new] {
2026-10-09T16:41:48.1140983Z -        conn.execute_batch("CREATE TABLE sample(a INTEGER)").unwrap();
2026-10-09T16:41:48.1141766Z +        conn.execute_batch("CREATE TABLE sample(a INTEGER)")
2026-10-09T16:41:48.1142351Z +            .unwrap();
2026-10-09T16:41:48.1143054Z      }
2026-10-09T16:41:48.1143481Z      let sql = "INSERT INTO sample(a) VALUES(?1)";
2026-10-09T16:41:48.1144019Z      let mut slot = None;
2026-10-09T16:41:50.5373335Z ##[error]Process completed with exit code 1.
2026-10-09T16:41:50.5625626Z Post job cleanup.
2026-10-09T16:41:50.6482091Z [command]/usr/bin/git version
2026-10-09T16:41:50.6518302Z git version 2.55.0
2026-10-09T16:41:50.6555060Z Temporarily overriding HOME='/home/runner/work/_temp/45f9a137-7d89-483f-a123-8d21a4277e8d' before making global git config changes
2026-10-09T16:41:50.6556003Z Adding repository directory to the temporary git global config as a safe directory
2026-10-09T16:41:50.6561702Z [command]/usr/bin/git config --global --add safe.directory /home/runner/work/codecortex/codecortex
2026-10-09T16:41:50.6597194Z [command]/usr/bin/git config --local --name-only --get-regexp core\.sshCommand
2026-10-09T16:41:50.6628817Z [command]/usr/bin/git submodule foreach --recursive sh -c "git config --local --name-only --get-regexp 'core\.sshCommand' && git config --local --unset-all 'core.sshCommand' || :"
2026-10-09T16:41:50.6885465Z [command]/usr/bin/git config --local --name-only --get-regexp http\.https\:\/\/github\.com\/\.extraheader
2026-10-09T16:41:50.6908963Z http.https://github.com/.extraheader
2026-10-09T16:41:50.6921549Z [command]/usr/bin/git config --local --unset-all http.https://github.com/.extraheader
2026-10-09T16:41:50.6955183Z [command]/usr/bin/git submodule foreach --recursive sh -c "git config --local --name-only --get-regexp 'http\.https\:\/\/github\.com\/\.extraheader' && git config --local --unset-all 'http.https://github.com/.extraheader' || :"
2026-10-09T16:41:50.7202306Z [command]/usr/bin/git config --local --name-only --get-regexp ^includeIf\.gitdir:
2026-10-09T16:41:50.7233998Z [command]/usr/bin/git submodule foreach --recursive git config --local --show-origin --name-only --get-regexp remote.origin.url
2026-10-09T16:41:50.7599349Z Cleaning up orphan processes
2026-10-09T16:41:50.7973978Z ##[warning]Node.js 20 is deprecated. The following actions target Node.js 20 but are being forced to run on Node.js 24: actions/checkout@v4. For more information see: https://github.blog/changelog/2025-09-19-deprecation-of-node-20-on-github-actions-runners/
