   Compiling cc-db v1.0.0 (/Users/jin/Desktop/codecortex-rust/crates/cc-db)
error[E0308]: mismatched types
    --> /Users/jin/Desktop/codecortex-rust/crates/cc-db/src/index_db_retrieval.rs:1397:74
     |
1397 |         let prefix: cc_model::source::ChunkSource = serde_json::from_str(raw)?;
     |                                                     -------------------- ^^^ expected `&str`, found `String`
     |                                                     |
     |                                                     arguments to this function are incorrect
     |
note: function defined here
    --> /Users/jin/.cargo/registry/src/index.crates.io-1949cf8c6b5b557f/serde_json-1.0.149/src/de.rs:2699:8
     |
2699 | pub fn from_str<'a, T>(s: &'a str) -> Result<T>
     |        ^^^^^^^^
help: consider borrowing here
     |
1397 |         let prefix: cc_model::source::ChunkSource = serde_json::from_str(&raw)?;
     |                                                                          +

For more information about this error, try `rustc --explain E0308`.
error: could not compile `cc-db` (lib) due to 1 previous error
