2026-10-09T04:13:48.5487791Z Current runner version: '2.337.0'
2026-10-09T04:13:48.5524219Z ##[group]Runner Image Provisioner
2026-10-09T04:13:48.5525585Z Hosted Compute Agent
2026-10-09T04:13:48.5526936Z Version: 20261002.596
2026-10-09T04:13:48.5528193Z Commit: c3d12f3313a95f25162a1503be624f3b0617f8c0
2026-10-09T04:13:48.5529574Z Build Date: 2026-10-02T22:28:27Z
2026-10-09T04:13:48.5531018Z Worker ID: {4f5d4ae3-6439-4d26-84fd-e7ef0fca29c7}
2026-10-09T04:13:48.5532385Z Region: eastus2
2026-10-09T04:13:48.5533800Z Cloud: Azure
2026-10-09T04:13:48.5534881Z ##[endgroup]
2026-10-09T04:13:48.5537513Z ##[group]Operating System
2026-10-09T04:13:48.5538767Z Ubuntu
2026-10-09T04:13:48.5539646Z 24.04.5
2026-10-09T04:13:48.5540664Z LTS
2026-10-09T04:13:48.5541618Z ##[endgroup]
2026-10-09T04:13:48.5542607Z ##[group]Runner Image
2026-10-09T04:13:48.5543845Z Image: ubuntu-24.04
2026-10-09T04:13:48.5544852Z Version: 20261004.327.1
2026-10-09T04:13:48.5547421Z Included Software: https://github.com/actions/runner-images/blob/ubuntu24/20261004.327/images/ubuntu/Ubuntu2404-Readme.md
2026-10-09T04:13:48.5550527Z Image Release: https://github.com/actions/runner-images/releases/tag/ubuntu24%2F20261004.327
2026-10-09T04:13:48.5552378Z ##[endgroup]
2026-10-09T04:13:48.5554465Z ##[group]GITHUB_TOKEN Permissions
2026-10-09T04:13:48.5557740Z Contents: read
2026-10-09T04:13:48.5558874Z Metadata: read
2026-10-09T04:13:48.5559895Z ##[endgroup]
2026-10-09T04:13:48.5562783Z Secret source: Actions
2026-10-09T04:13:48.5564473Z Cache mode: write
2026-10-09T04:13:48.5566178Z Prepare workflow directory
2026-10-09T04:13:48.6148511Z Prepare all required actions
2026-10-09T04:13:48.6221037Z Getting action download info
2026-10-09T04:13:48.8006139Z Download action repository 'actions/checkout@v4' (SHA:11d5960a326750d5838078e36cf38b85af677262)
2026-10-09T04:13:48.9146779Z Download action repository 'actions/upload-artifact@v4' (SHA:ea165f8d65b6e75b540449e92b4886f43607fa02)
2026-10-09T04:13:49.1633714Z Complete job name: synthetic_controls
2026-10-09T04:13:49.2393555Z ##[group]Run actions/checkout@v4
2026-10-09T04:13:49.2394487Z with:
2026-10-09T04:13:49.2394987Z   ref: 281c8badb4e3d7ea6835289d9d47f106a697d648
2026-10-09T04:13:49.2395631Z   sparse-checkout-cone-mode: false
2026-10-09T04:13:49.2396649Z   sparse-checkout: /artifacts/checkpoints/p8-bounded-zip-transport-20261009/

2026-10-09T04:13:49.2397493Z   repository: jyqj/codecortex
2026-10-09T04:13:49.2401124Z   token: ***
2026-10-09T04:13:49.2401577Z   ssh-strict: true
2026-10-09T04:13:49.2402029Z   ssh-user: git
2026-10-09T04:13:49.2402492Z   persist-credentials: true
2026-10-09T04:13:49.2402988Z   clean: true
2026-10-09T04:13:49.2403428Z   fetch-depth: 1
2026-10-09T04:13:49.2403866Z   fetch-tags: false
2026-10-09T04:13:49.2404319Z   show-progress: true
2026-10-09T04:13:49.2404772Z   lfs: false
2026-10-09T04:13:49.2405191Z   submodules: false
2026-10-09T04:13:49.2405656Z   set-safe-directory: true
2026-10-09T04:13:49.2406322Z   allow-unsafe-pr-checkout: false
2026-10-09T04:13:49.2407152Z env:
2026-10-09T04:13:49.2407604Z   PYTHONDONTWRITEBYTECODE: 1
2026-10-09T04:13:49.2408135Z ##[endgroup]
2026-10-09T04:13:49.3432255Z Syncing repository: jyqj/codecortex
2026-10-09T04:13:49.3434039Z ##[group]Getting Git version info
2026-10-09T04:13:49.3434825Z Working directory is '/home/runner/work/codecortex/codecortex'
2026-10-09T04:13:49.3436089Z [command]/usr/bin/git version
2026-10-09T04:13:49.3537524Z git version 2.55.0
2026-10-09T04:13:49.3559374Z ##[endgroup]
2026-10-09T04:13:49.3575264Z Temporarily overriding HOME='/home/runner/work/_temp/97475099-b391-4b0d-bb30-ae7e50a91ba9' before making global git config changes
2026-10-09T04:13:49.3578079Z Adding repository directory to the temporary git global config as a safe directory
2026-10-09T04:13:49.3581261Z [command]/usr/bin/git config --global --add safe.directory /home/runner/work/codecortex/codecortex
2026-10-09T04:13:49.3632049Z Deleting the contents of '/home/runner/work/codecortex/codecortex'
2026-10-09T04:13:49.3636527Z ##[group]Initializing the repository
2026-10-09T04:13:49.3641320Z [command]/usr/bin/git init /home/runner/work/codecortex/codecortex
2026-10-09T04:13:49.3777183Z hint: Using 'master' as the name for the initial branch. This default branch name
2026-10-09T04:13:49.3778774Z hint: will change to "main" in Git 3.0. To configure the initial branch name
2026-10-09T04:13:49.3779858Z hint: to use in all of your new repositories, which will suppress this warning,
2026-10-09T04:13:49.3781153Z hint: call:
2026-10-09T04:13:49.3781921Z hint:
2026-10-09T04:13:49.3782686Z hint: 	git config --global init.defaultBranch <name>
2026-10-09T04:13:49.3783399Z hint:
2026-10-09T04:13:49.3784067Z hint: Names commonly chosen instead of 'master' are 'main', 'trunk' and
2026-10-09T04:13:49.3785147Z hint: 'development'. The just-created branch can be renamed via this command:
2026-10-09T04:13:49.3786344Z hint:
2026-10-09T04:13:49.3786831Z hint: 	git branch -m <name>
2026-10-09T04:13:49.3787454Z hint:
2026-10-09T04:13:49.3788557Z hint: Disable this message with "git config set advice.defaultBranchName false"
2026-10-09T04:13:49.3789791Z Initialized empty Git repository in /home/runner/work/codecortex/codecortex/.git/
2026-10-09T04:13:49.3792403Z [command]/usr/bin/git remote add origin https://github.com/jyqj/codecortex
2026-10-09T04:13:49.3843026Z ##[endgroup]
2026-10-09T04:13:49.3843845Z ##[group]Disabling automatic garbage collection
2026-10-09T04:13:49.3846973Z [command]/usr/bin/git config --local gc.auto 0
2026-10-09T04:13:49.3874819Z ##[endgroup]
2026-10-09T04:13:49.3875584Z ##[group]Setting up auth
2026-10-09T04:13:49.3881816Z [command]/usr/bin/git config --local --name-only --get-regexp core\.sshCommand
2026-10-09T04:13:49.3911098Z [command]/usr/bin/git submodule foreach --recursive sh -c "git config --local --name-only --get-regexp 'core\.sshCommand' && git config --local --unset-all 'core.sshCommand' || :"
2026-10-09T04:13:49.4294136Z [command]/usr/bin/git config --local --name-only --get-regexp http\.https\:\/\/github\.com\/\.extraheader
2026-10-09T04:13:49.4324291Z [command]/usr/bin/git submodule foreach --recursive sh -c "git config --local --name-only --get-regexp 'http\.https\:\/\/github\.com\/\.extraheader' && git config --local --unset-all 'http.https://github.com/.extraheader' || :"
2026-10-09T04:13:49.4539879Z [command]/usr/bin/git config --local --name-only --get-regexp ^includeIf\.gitdir:
2026-10-09T04:13:49.4570858Z [command]/usr/bin/git submodule foreach --recursive git config --local --show-origin --name-only --get-regexp remote.origin.url
2026-10-09T04:13:49.4784758Z [command]/usr/bin/git config --local http.https://github.com/.extraheader AUTHORIZATION: basic ***
2026-10-09T04:13:49.4819660Z ##[endgroup]
2026-10-09T04:13:49.4820565Z ##[group]Fetching the repository
2026-10-09T04:13:49.4828857Z [command]/usr/bin/git -c protocol.version=2 fetch --no-tags --prune --no-recurse-submodules --filter=blob:none --depth=1 origin 281c8badb4e3d7ea6835289d9d47f106a697d648
2026-10-09T04:13:49.7503058Z From https://github.com/jyqj/codecortex
2026-10-09T04:13:49.7506378Z  * branch            281c8badb4e3d7ea6835289d9d47f106a697d648 -> FETCH_HEAD
2026-10-09T04:13:49.7509175Z ##[endgroup]
2026-10-09T04:13:49.7510108Z ##[group]Determining the checkout info
2026-10-09T04:13:49.7511553Z ##[endgroup]
2026-10-09T04:13:49.7512361Z ##[group]Setting up sparse checkout
2026-10-09T04:13:49.7516547Z [command]/usr/bin/git config core.sparseCheckout true
2026-10-09T04:13:49.7550037Z [command]/usr/bin/git rev-parse --git-path info/sparse-checkout
2026-10-09T04:13:49.7569376Z .git/info/sparse-checkout
2026-10-09T04:13:49.7585321Z ##[endgroup]
2026-10-09T04:13:49.7587007Z ##[group]Checking out the ref
2026-10-09T04:13:49.7591216Z [command]/usr/bin/git checkout --progress --force 281c8badb4e3d7ea6835289d9d47f106a697d648
2026-10-09T04:13:50.0467864Z Note: switching to '281c8badb4e3d7ea6835289d9d47f106a697d648'.
2026-10-09T04:13:50.0469382Z 
2026-10-09T04:13:50.0470227Z You are in 'detached HEAD' state. You can look around, make experimental
2026-10-09T04:13:50.0471762Z changes and commit them, and you can discard any commits you make in this
2026-10-09T04:13:50.0473906Z state without impacting any branches by switching back to a branch.
2026-10-09T04:13:50.0474760Z 
2026-10-09T04:13:50.0475467Z If you want to create a new branch to retain commits you create, you may
2026-10-09T04:13:50.0477252Z do so (now or later) by using -c with the switch command. Example:
2026-10-09T04:13:50.0478120Z 
2026-10-09T04:13:50.0478496Z   git switch -c <new-branch-name>
2026-10-09T04:13:50.0479113Z 
2026-10-09T04:13:50.0479477Z Or undo this operation with:
2026-10-09T04:13:50.0480037Z 
2026-10-09T04:13:50.0480396Z   git switch -
2026-10-09T04:13:50.0480923Z 
2026-10-09T04:13:50.0481658Z Turn off this advice by setting config variable advice.detachedHead to false
2026-10-09T04:13:50.0482825Z 
2026-10-09T04:13:50.0483572Z HEAD is now at 281c8ba test(p8): preserve and run bounded ZIP synthetic controls
2026-10-09T04:13:50.0492946Z ##[endgroup]
2026-10-09T04:13:50.0537005Z [command]/usr/bin/git log -1 --format=%H
2026-10-09T04:13:50.0559648Z 281c8badb4e3d7ea6835289d9d47f106a697d648
2026-10-09T04:13:50.0821749Z ##[group]Run test "$GITHUB_RUN_ATTEMPT" = 1
2026-10-09T04:13:50.0823270Z [36;1mtest "$GITHUB_RUN_ATTEMPT" = 1[0m
2026-10-09T04:13:50.0825514Z [36;1mpython3 -B -u artifacts/checkpoints/p8-bounded-zip-transport-20261009/run_controls.py \[0m
2026-10-09T04:13:50.0828208Z [36;1m  "$RUNNER_TEMP/p8-bounded-zip-controls"[0m
2026-10-09T04:13:50.1117142Z shell: /usr/bin/bash --noprofile --norc -e -o pipefail {0}
2026-10-09T04:13:50.1118924Z env:
2026-10-09T04:13:50.1119980Z   PYTHONDONTWRITEBYTECODE: 1
2026-10-09T04:13:50.1121299Z ##[endgroup]
2026-10-09T04:13:50.6170898Z {"TODO_closed": 0, "TODO_remaining": 29, "actual_product_or_network_execution": false, "actual_test_ids": ["test_verified_range.RangeControls.test_200_is_not_a_range", "test_verified_range.RangeControls.test_changed_etag_rejected", "test_verified_range.RangeControls.test_cross_block_tail_and_bounded_read_all", "test_verified_range.RangeControls.test_deferred_initial_headers", "test_verified_range.RangeControls.test_duplicate_header_content_length_and_encoding_rejected", "test_verified_range.RangeControls.test_each_content_range_coordinate_is_exact", "test_verified_range.RangeControls.test_initial_full_digest_length_and_status", "test_verified_range.RangeControls.test_lru_eviction_revalidates_and_stays_bounded", "test_verified_range.RangeControls.test_negative_seek_and_oversized_read_rejected", "test_verified_range.RangeControls.test_request_total_bytes_and_deadline_budgets", "test_verified_range.RangeControls.test_same_etag_changed_bytes_rejected_by_initial_block_sha", "test_verified_range.RangeControls.test_short_and_long_range_bodies", "test_verified_range.ZipControls.test_corrupt_crc_rejected_even_when_corrupt_zip_digest_is_registered", "test_verified_range.ZipControls.test_descriptor_and_forced_local_zip64_via_stdlib", "test_verified_range.ZipControls.test_duplicate_escape_directory_and_nonregular_rejected", "test_verified_range.ZipControls.test_encryption_and_unknown_compression_rejected", "test_verified_range.ZipControls.test_large_nested_stored_and_incompressible_deflate_bound_every_seek_read", "test_verified_range.ZipControls.test_nested_no_whole_zip_buffer_and_expanded_identity", "test_verified_range.ZipControls.test_original_seal_complete_population_and_mutation", "test_verified_range.ZipControls.test_selected_file_and_combined_budgets_and_missing_member", "test_verified_range.ZipControls.test_stored_and_deflated_all_bytes_match_stdlib", "test_curl_transport.CurlTransportControls.test_early_generator_abandonment_is_cleaned_by_context", "test_curl_transport.CurlTransportControls.test_invalid_origin_authority_never_starts_curl", "test_curl_transport.CurlTransportControls.test_invalid_range_and_etag_never_start_curl", "test_curl_transport.CurlTransportControls.test_malformed_folded_oversized_and_interim_headers_fail_closed", "test_curl_transport.CurlTransportControls.test_origin_complete_bounded_chunks_exact_headers_and_metrics", "test_curl_transport.CurlTransportControls.test_origin_short_and_extra_are_rejected_and_reaped", "test_curl_transport.CurlTransportControls.test_process_spawn_and_nonzero_errors_do_not_expose_URL", "test_curl_transport.CurlTransportControls.test_range_exact_inclusive_bounds_if_match_and_full_response", "test_curl_transport.CurlTransportControls.test_range_wrong_status_short_and_extra_are_rejected", "test_curl_transport.CurlTransportControls.test_redirect_headers_are_not_followed_or_published", "test_curl_transport.CurlTransportControls.test_second_origin_or_concurrent_curl_is_refused", "test_curl_transport.CurlTransportControls.test_timeout_is_sanitized_and_owned_kill_is_bounded"], "controller_commit": "281c8badb4e3d7ea6835289d9d47f106a697d648", "errors": 0, "exit_code": 0, "expected_failures": 0, "expected_test_ids": ["test_verified_range.RangeControls.test_initial_full_digest_length_and_status", "test_verified_range.RangeControls.test_deferred_initial_headers", "test_verified_range.RangeControls.test_cross_block_tail_and_bounded_read_all", "test_verified_range.RangeControls.test_lru_eviction_revalidates_and_stays_bounded", "test_verified_range.RangeControls.test_200_is_not_a_range", "test_verified_range.RangeControls.test_each_content_range_coordinate_is_exact", "test_verified_range.RangeControls.test_short_and_long_range_bodies", "test_verified_range.RangeControls.test_same_etag_changed_bytes_rejected_by_initial_block_sha", "test_verified_range.RangeControls.test_changed_etag_rejected", "test_verified_range.RangeControls.test_duplicate_header_content_length_and_encoding_rejected", "test_verified_range.RangeControls.test_request_total_bytes_and_deadline_budgets", "test_verified_range.RangeControls.test_negative_seek_and_oversized_read_rejected", "test_verified_range.ZipControls.test_stored_and_deflated_all_bytes_match_stdlib", "test_verified_range.ZipControls.test_descriptor_and_forced_local_zip64_via_stdlib", "test_verified_range.ZipControls.test_nested_no_whole_zip_buffer_and_expanded_identity", "test_verified_range.ZipControls.test_large_nested_stored_and_incompressible_deflate_bound_every_seek_read", "test_verified_range.ZipControls.test_corrupt_crc_rejected_even_when_corrupt_zip_digest_is_registered", "test_verified_range.ZipControls.test_duplicate_escape_directory_and_nonregular_rejected", "test_verified_range.ZipControls.test_encryption_and_unknown_compression_rejected", "test_verified_range.ZipControls.test_selected_file_and_combined_budgets_and_missing_member", "test_verified_range.ZipControls.test_original_seal_complete_population_and_mutation", "test_curl_transport.CurlTransportControls.test_origin_complete_bounded_chunks_exact_headers_and_metrics", "test_curl_transport.CurlTransportControls.test_range_exact_inclusive_bounds_if_match_and_full_response", "test_curl_transport.CurlTransportControls.test_origin_short_and_extra_are_rejected_and_reaped", "test_curl_transport.CurlTransportControls.test_range_wrong_status_short_and_extra_are_rejected", "test_curl_transport.CurlTransportControls.test_invalid_origin_authority_never_starts_curl", "test_curl_transport.CurlTransportControls.test_invalid_range_and_etag_never_start_curl", "test_curl_transport.CurlTransportControls.test_early_generator_abandonment_is_cleaned_by_context", "test_curl_transport.CurlTransportControls.test_second_origin_or_concurrent_curl_is_refused", "test_curl_transport.CurlTransportControls.test_malformed_folded_oversized_and_interim_headers_fail_closed", "test_curl_transport.CurlTransportControls.test_redirect_headers_are_not_followed_or_published", "test_curl_transport.CurlTransportControls.test_process_spawn_and_nonzero_errors_do_not_expose_URL", "test_curl_transport.CurlTransportControls.test_timeout_is_sanitized_and_owned_kill_is_bounded"], "failures": 0, "input_after": {"curl_transport.py": {"bytes": 9583, "git_blob": "4725f963a98f73c876422948b94e1dc628bb746b", "sha256": "96c7c6e5fe6ca24893f597cf756a410834d3beb0e64c34d8d9784d3861ae7f22"}, "test_curl_transport.py": {"bytes": 12856, "git_blob": "bb6444f2c58e6331265eebc9ae6297dd18bcfb09", "sha256": "2a531521abe174dc8c284427c6f6302815f871656d775a961922f57430c727a6"}, "test_verified_range.py": {"bytes": 14437, "git_blob": "b0c1d0ab1c2401110cd07ee272a51eb1394e59d0", "sha256": "559b9a4a8c4dd0240ac7d9353818ce1de7e494f1bb6fffa1e03f6f5d4d4bbca2"}, "verified_range.py": {"bytes": 9051, "git_blob": "039058250749aab034954d7db310d6ec4ca4647b", "sha256": "900072eb28bbf56f747fcb2b976f87f84b06b1b99562de696be2d0f526c7043a"}, "zip_intake.py": {"bytes": 9959, "git_blob": "3708ef78539e3af92afe11752d622f244c4fa856", "sha256": "e784a9bea2246d13eef400741c03e18a3912e65eb4f2d915ed993d1395d5fc58"}}, "input_before": {"curl_transport.py": {"bytes": 9583, "git_blob": "4725f963a98f73c876422948b94e1dc628bb746b", "sha256": "96c7c6e5fe6ca24893f597cf756a410834d3beb0e64c34d8d9784d3861ae7f22"}, "test_curl_transport.py": {"bytes": 12856, "git_blob": "bb6444f2c58e6331265eebc9ae6297dd18bcfb09", "sha256": "2a531521abe174dc8c284427c6f6302815f871656d775a961922f57430c727a6"}, "test_verified_range.py": {"bytes": 14437, "git_blob": "b0c1d0ab1c2401110cd07ee272a51eb1394e59d0", "sha256": "559b9a4a8c4dd0240ac7d9353818ce1de7e494f1bb6fffa1e03f6f5d4d4bbca2"}, "verified_range.py": {"bytes": 9051, "git_blob": "039058250749aab034954d7db310d6ec4ca4647b", "sha256": "900072eb28bbf56f747fcb2b976f87f84b06b1b99562de696be2d0f526c7043a"}, "zip_intake.py": {"bytes": 9959, "git_blob": "3708ef78539e3af92afe11752d622f244c4fa856", "sha256": "e784a9bea2246d13eef400741c03e18a3912e65eb4f2d915ed993d1395d5fc58"}}, "local_actual_artifact_reception": false, "skipped": 0, "source_P_R_G_changed": false, "status": "passed_synthetic_controls_only", "tests_run": 33, "unexpected_successes": 0, "wall_seconds": 0.4154611189999997}
2026-10-09T04:13:50.6202890Z 
2026-10-09T04:13:50.6203121Z BEGIN P8_SYNTHETIC tests.stderr.log
2026-10-09T04:13:50.6203403Z 
2026-10-09T04:13:50.6203604Z END P8_SYNTHETIC tests.stderr.log
2026-10-09T04:13:50.6203868Z 
2026-10-09T04:13:50.6204071Z BEGIN P8_SYNTHETIC tests.stdout.log
2026-10-09T04:13:50.6204726Z test_200_is_not_a_range (test_verified_range.RangeControls.test_200_is_not_a_range) ... ok
2026-10-09T04:13:50.6205634Z test_changed_etag_rejected (test_verified_range.RangeControls.test_changed_etag_rejected) ... ok
2026-10-09T04:13:50.6206834Z test_cross_block_tail_and_bounded_read_all (test_verified_range.RangeControls.test_cross_block_tail_and_bounded_read_all) ... ok
2026-10-09T04:13:50.6207903Z test_deferred_initial_headers (test_verified_range.RangeControls.test_deferred_initial_headers) ... ok
2026-10-09T04:13:50.6209109Z test_duplicate_header_content_length_and_encoding_rejected (test_verified_range.RangeControls.test_duplicate_header_content_length_and_encoding_rejected) ... ok
2026-10-09T04:13:50.6210401Z test_each_content_range_coordinate_is_exact (test_verified_range.RangeControls.test_each_content_range_coordinate_is_exact) ... ok
2026-10-09T04:13:50.6211565Z test_initial_full_digest_length_and_status (test_verified_range.RangeControls.test_initial_full_digest_length_and_status) ... ok
2026-10-09T04:13:50.6212789Z test_lru_eviction_revalidates_and_stays_bounded (test_verified_range.RangeControls.test_lru_eviction_revalidates_and_stays_bounded) ... ok
2026-10-09T04:13:50.6214056Z test_negative_seek_and_oversized_read_rejected (test_verified_range.RangeControls.test_negative_seek_and_oversized_read_rejected) ... ok
2026-10-09T04:13:50.6215268Z test_request_total_bytes_and_deadline_budgets (test_verified_range.RangeControls.test_request_total_bytes_and_deadline_budgets) ... ok
2026-10-09T04:13:50.6216765Z test_same_etag_changed_bytes_rejected_by_initial_block_sha (test_verified_range.RangeControls.test_same_etag_changed_bytes_rejected_by_initial_block_sha) ... ok
2026-10-09T04:13:50.6217934Z test_short_and_long_range_bodies (test_verified_range.RangeControls.test_short_and_long_range_bodies) ... ok
2026-10-09T04:13:50.6219189Z test_corrupt_crc_rejected_even_when_corrupt_zip_digest_is_registered (test_verified_range.ZipControls.test_corrupt_crc_rejected_even_when_corrupt_zip_digest_is_registered) ... ok
2026-10-09T04:13:50.6220555Z test_descriptor_and_forced_local_zip64_via_stdlib (test_verified_range.ZipControls.test_descriptor_and_forced_local_zip64_via_stdlib) ... ok
2026-10-09T04:13:50.6222028Z test_duplicate_escape_directory_and_nonregular_rejected (test_verified_range.ZipControls.test_duplicate_escape_directory_and_nonregular_rejected) ... ok
2026-10-09T04:13:50.6223319Z test_encryption_and_unknown_compression_rejected (test_verified_range.ZipControls.test_encryption_and_unknown_compression_rejected) ... ok
2026-10-09T04:13:50.6224782Z test_large_nested_stored_and_incompressible_deflate_bound_every_seek_read (test_verified_range.ZipControls.test_large_nested_stored_and_incompressible_deflate_bound_every_seek_read) ... ok
2026-10-09T04:13:50.6226506Z test_nested_no_whole_zip_buffer_and_expanded_identity (test_verified_range.ZipControls.test_nested_no_whole_zip_buffer_and_expanded_identity) ... ok
2026-10-09T04:13:50.6227930Z test_original_seal_complete_population_and_mutation (test_verified_range.ZipControls.test_original_seal_complete_population_and_mutation) ... ok
2026-10-09T04:13:50.6229518Z test_selected_file_and_combined_budgets_and_missing_member (test_verified_range.ZipControls.test_selected_file_and_combined_budgets_and_missing_member) ... ok
2026-10-09T04:13:50.6230950Z test_stored_and_deflated_all_bytes_match_stdlib (test_verified_range.ZipControls.test_stored_and_deflated_all_bytes_match_stdlib) ... ok
2026-10-09T04:13:50.6232393Z test_early_generator_abandonment_is_cleaned_by_context (test_curl_transport.CurlTransportControls.test_early_generator_abandonment_is_cleaned_by_context) ... ok
2026-10-09T04:13:50.6233891Z test_invalid_origin_authority_never_starts_curl (test_curl_transport.CurlTransportControls.test_invalid_origin_authority_never_starts_curl) ... ok
2026-10-09T04:13:50.6235300Z test_invalid_range_and_etag_never_start_curl (test_curl_transport.CurlTransportControls.test_invalid_range_and_etag_never_start_curl) ... ok
2026-10-09T04:13:50.6236988Z test_malformed_folded_oversized_and_interim_headers_fail_closed (test_curl_transport.CurlTransportControls.test_malformed_folded_oversized_and_interim_headers_fail_closed) ... ok
2026-10-09T04:13:50.6238666Z test_origin_complete_bounded_chunks_exact_headers_and_metrics (test_curl_transport.CurlTransportControls.test_origin_complete_bounded_chunks_exact_headers_and_metrics) ... ok
2026-10-09T04:13:50.6240249Z test_origin_short_and_extra_are_rejected_and_reaped (test_curl_transport.CurlTransportControls.test_origin_short_and_extra_are_rejected_and_reaped) ... ok
2026-10-09T04:13:50.6241813Z test_process_spawn_and_nonzero_errors_do_not_expose_URL (test_curl_transport.CurlTransportControls.test_process_spawn_and_nonzero_errors_do_not_expose_URL) ... ok
2026-10-09T04:13:50.6243421Z test_range_exact_inclusive_bounds_if_match_and_full_response (test_curl_transport.CurlTransportControls.test_range_exact_inclusive_bounds_if_match_and_full_response) ... ok
2026-10-09T04:13:50.6244981Z test_range_wrong_status_short_and_extra_are_rejected (test_curl_transport.CurlTransportControls.test_range_wrong_status_short_and_extra_are_rejected) ... ok
2026-10-09T04:13:50.6246795Z test_redirect_headers_are_not_followed_or_published (test_curl_transport.CurlTransportControls.test_redirect_headers_are_not_followed_or_published) ... ok
2026-10-09T04:13:50.6248288Z test_second_origin_or_concurrent_curl_is_refused (test_curl_transport.CurlTransportControls.test_second_origin_or_concurrent_curl_is_refused) ... ok
2026-10-09T04:13:50.6249755Z test_timeout_is_sanitized_and_owned_kill_is_bounded (test_curl_transport.CurlTransportControls.test_timeout_is_sanitized_and_owned_kill_is_bounded) ... ok
2026-10-09T04:13:50.6250530Z 
2026-10-09T04:13:50.6250873Z ----------------------------------------------------------------------
2026-10-09T04:13:50.6251571Z Ran 33 tests in 0.301s
2026-10-09T04:13:50.6251880Z 
2026-10-09T04:13:50.6252094Z OK
2026-10-09T04:13:50.6252346Z 
2026-10-09T04:13:50.6252605Z END P8_SYNTHETIC tests.stdout.log
2026-10-09T04:13:50.6372900Z ##[group]Run actions/upload-artifact@v4
2026-10-09T04:13:50.6373451Z with:
2026-10-09T04:13:50.6373926Z   name: p8-bounded-zip-synthetic-controls-37882881654
2026-10-09T04:13:50.6374740Z   path: /home/runner/work/_temp/p8-bounded-zip-controls
2026-10-09T04:13:50.6375310Z   include-hidden-files: true
2026-10-09T04:13:50.6375977Z   if-no-files-found: error
2026-10-09T04:13:50.6439902Z   retention-days: 21
2026-10-09T04:13:50.6440403Z   compression-level: 6
2026-10-09T04:13:50.6440907Z   overwrite: false
2026-10-09T04:13:50.6441391Z env:
2026-10-09T04:13:50.6441849Z   PYTHONDONTWRITEBYTECODE: 1
2026-10-09T04:13:50.6442318Z ##[endgroup]
2026-10-09T04:13:50.8091662Z (node:2284) [DEP0040] DeprecationWarning: The `punycode` module is deprecated. Please use a userland alternative instead.
2026-10-09T04:13:50.8092833Z (Use `node --trace-deprecation ...` to show where the warning was created)
2026-10-09T04:13:50.8145680Z With the provided path, there will be 3 files uploaded
2026-10-09T04:13:50.8152089Z Artifact name is valid!
2026-10-09T04:13:50.8153000Z Root directory input is valid!
2026-10-09T04:13:51.0245737Z Beginning upload of artifact content to blob storage
2026-10-09T04:13:51.0469108Z (node:2284) [DEP0169] DeprecationWarning: `url.parse()` behavior is not standardized and prone to errors that have security implications. Use the WHATWG URL API instead. CVEs are not issued for `url.parse()` vulnerabilities.
2026-10-09T04:13:51.0990612Z Uploaded bytes 3093
2026-10-09T04:13:51.1143918Z Finished uploading artifact content to blob storage!
2026-10-09T04:13:51.1145175Z SHA256 digest of uploaded artifact zip is df3820803ecf3a1929d586eef3ac3736f2ea444eb5534cb8c05af664de9f9d3b
2026-10-09T04:13:51.1146779Z Finalizing artifact upload
2026-10-09T04:13:51.3402174Z Artifact p8-bounded-zip-synthetic-controls-37882881654.zip successfully finalized. Artifact ID 11595401364
2026-10-09T04:13:51.3406389Z Artifact p8-bounded-zip-synthetic-controls-37882881654 has been successfully uploaded! Final size is 3093 bytes. Artifact ID is 11595401364
2026-10-09T04:13:51.3410422Z Artifact download URL: https://github.com/jyqj/codecortex/actions/runs/37882881654/artifacts/11595401364
2026-10-09T04:13:51.3640752Z Post job cleanup.
2026-10-09T04:13:51.4484570Z [command]/usr/bin/git version
2026-10-09T04:13:51.4521829Z git version 2.55.0
2026-10-09T04:13:51.4559251Z Temporarily overriding HOME='/home/runner/work/_temp/099518f3-dd33-4e9c-958b-bb9d66dcbc11' before making global git config changes
2026-10-09T04:13:51.4561254Z Adding repository directory to the temporary git global config as a safe directory
2026-10-09T04:13:51.4564641Z [command]/usr/bin/git config --global --add safe.directory /home/runner/work/codecortex/codecortex
2026-10-09T04:13:51.4600653Z [command]/usr/bin/git config --local --name-only --get-regexp core\.sshCommand
2026-10-09T04:13:51.4634511Z [command]/usr/bin/git submodule foreach --recursive sh -c "git config --local --name-only --get-regexp 'core\.sshCommand' && git config --local --unset-all 'core.sshCommand' || :"
2026-10-09T04:13:51.4912213Z [command]/usr/bin/git config --local --name-only --get-regexp http\.https\:\/\/github\.com\/\.extraheader
2026-10-09T04:13:51.4936866Z http.https://github.com/.extraheader
2026-10-09T04:13:51.4947298Z [command]/usr/bin/git config --local --unset-all http.https://github.com/.extraheader
2026-10-09T04:13:51.4979260Z [command]/usr/bin/git submodule foreach --recursive sh -c "git config --local --name-only --get-regexp 'http\.https\:\/\/github\.com\/\.extraheader' && git config --local --unset-all 'http.https://github.com/.extraheader' || :"
2026-10-09T04:13:51.5222071Z [command]/usr/bin/git config --local --name-only --get-regexp ^includeIf\.gitdir:
2026-10-09T04:13:51.5255257Z [command]/usr/bin/git submodule foreach --recursive git config --local --show-origin --name-only --get-regexp remote.origin.url
2026-10-09T04:13:51.5632630Z Cleaning up orphan processes
2026-10-09T04:13:51.5943393Z ##[warning]Node.js 20 is deprecated. The following actions target Node.js 20 but are being forced to run on Node.js 24: actions/checkout@v4, actions/upload-artifact@v4. For more information see: https://github.blog/changelog/2025-09-19-deprecation-of-node-20-on-github-actions-runners/
