test_151_prior_attempts_admit_only_the_registered_final_ordinal (test_recovery.FixedCapacityControls.test_151_prior_attempts_admit_only_the_registered_final_ordinal) ... ok
test_actual_package_hashes_workflow_all_inputs_and_original_budget (test_recovery.FixedCapacityControls.test_actual_package_hashes_workflow_all_inputs_and_original_budget) ... ok
test_current_artifact_digest_or_availability_cannot_drift (test_recovery.FixedCapacityControls.test_current_artifact_digest_or_availability_cannot_drift) ... ok
test_current_proof_is_required_not_a_historical_annotation (test_recovery.FixedCapacityControls.test_current_proof_is_required_not_a_historical_annotation) ... ok
test_embedded_original_zip_byte_change_is_rejected_before_parsing (test_recovery.FixedCapacityControls.test_embedded_original_zip_byte_change_is_rejected_before_parsing) ... ok
test_execute_step_or_status_change_is_rejected (test_recovery.FixedCapacityControls.test_execute_step_or_status_change_is_rejected) ... ok
test_known_native_error_is_never_excused_by_capacity_classification (test_recovery.FixedCapacityControls.test_known_native_error_is_never_excused_by_capacity_classification) ... ok
test_late_log_evidence_revokes_even_with_unchanged_archive (test_recovery.FixedCapacityControls.test_late_log_evidence_revokes_even_with_unchanged_archive) ... ok
test_missing_initial_queued_job_cannot_shrink_denominator (test_recovery.FixedCapacityControls.test_missing_initial_queued_job_cannot_shrink_denominator) ... ok
test_new_or_missing_artifact_revokes_qualification (test_recovery.FixedCapacityControls.test_new_or_missing_artifact_revokes_qualification) ... ok
test_no_third_attempt_renaming_or_duplicate_global_job (test_recovery.FixedCapacityControls.test_no_third_attempt_renaming_or_duplicate_global_job) ... ok
test_old_ordinal1_requires_its_original143_predecessor (test_recovery.FixedCapacityControls.test_old_ordinal1_requires_its_original143_predecessor) ... ok
test_original_shutdown_late_raw_still_revokes (test_recovery.FixedCapacityControls.test_original_shutdown_late_raw_still_revokes) ... ok
test_original_success_pending_or_known_failure_never_gets_replaced (test_recovery.FixedCapacityControls.test_original_success_pending_or_known_failure_never_gets_replaced) ... ok
test_policy_cannot_discount_space_change_source_or_expand_ordinal (test_recovery.FixedCapacityControls.test_policy_cannot_discount_space_change_source_or_expand_ordinal) ... ok
test_preserved_error_cannot_be_deleted_or_rewritten_to_clean_unknown (test_recovery.FixedCapacityControls.test_preserved_error_cannot_be_deleted_or_rewritten_to_clean_unknown) ... ok
test_prior_late_revocation_is_not_reset (test_recovery.FixedCapacityControls.test_prior_late_revocation_is_not_reset) ... ok
test_real_original_capacity_proof_preserves_invalid_and_every_error (test_recovery.FixedCapacityControls.test_real_original_capacity_proof_preserves_invalid_and_every_error) ... ok
test_registration_binds_prior_failed_receiver_and_unreconciled_capture (test_recovery.FixedCapacityControls.test_registration_binds_prior_failed_receiver_and_unreconciled_capture) ... ok
test_wrong_job_controller_or_attempt_cannot_substitute (test_recovery.FixedCapacityControls.test_wrong_job_controller_or_attempt_cannot_substitute) ... ok
test_complete_prior_API_and_synthetic_current_wave_keep_150_151_152_separate (test_recovery.SyntheticCurrentAPIControls.test_complete_prior_API_and_synthetic_current_wave_keep_150_151_152_separate) ... ok
test_current_job_duplicate_or_wrong_source_rejects (test_recovery.SyntheticCurrentAPIControls.test_current_job_duplicate_or_wrong_source_rejects) ... ok
test_duplicate_wave_run_and_old_rerun_block_before_execution (test_recovery.SyntheticCurrentAPIControls.test_duplicate_wave_run_and_old_rerun_block_before_execution) ... ok
test_latest_original_log_and_new_raw_revoke_before_launch (test_recovery.SyntheticCurrentAPIControls.test_latest_original_log_and_new_raw_revoke_before_launch) ... ok
test_previously_running_original_cannot_regress_to_queued (test_recovery.SyntheticCurrentAPIControls.test_previously_running_original_cannot_regress_to_queued) ... ok
test_prior_original_artifact_is_not_silently_forgotten (test_recovery.SyntheticCurrentAPIControls.test_prior_original_artifact_is_not_silently_forgotten) ... ok

----------------------------------------------------------------------
Ran 26 tests in 0.416s

OK
