   Compiling libc v0.2.183
   Compiling shlex v1.3.0
   Compiling find-msvc-tools v0.1.9
   Compiling cfg-if v1.0.4
   Compiling proc-macro2 v1.0.106
   Compiling jobserver v0.1.34
   Compiling cc v1.2.58
   Compiling unicode-ident v1.0.24
   Compiling quote v1.0.45
   Compiling pkg-config v0.3.32
   Compiling parking_lot_core v0.9.12
   Compiling getrandom v0.4.2
   Compiling rand_core v0.10.0
   Compiling syn v2.0.117
   Compiling smallvec v1.15.1
   Compiling serde_core v1.0.228
   Compiling zstd-sys v2.0.16+zstd.1.5.7
   Compiling scopeguard v1.2.0
   Compiling vcpkg v0.2.15
   Compiling memchr v2.8.0
   Compiling libsqlite3-sys v0.38.1
   Compiling lock_api v0.4.14
   Compiling bitflags v2.11.0
   Compiling once_cell v1.21.4
   Compiling zmij v1.0.21
   Compiling foldhash v0.2.0
   Compiling serde v1.0.228
   Compiling autocfg v1.5.0
   Compiling num-traits v0.2.19
   Compiling hashbrown v0.17.1
   Compiling parking_lot v0.12.5
   Compiling serde_derive v1.0.228
   Compiling chacha20 v0.10.2
   Compiling blake3 v1.8.4
   Compiling rustix v1.1.4
   Compiling thiserror v2.0.18
   Compiling serde_json v1.0.149
   Compiling zstd-safe v7.2.4
   Compiling rand v0.10.3
   Compiling scheduled-thread-pool v0.2.7
   Compiling hashlink v0.12.1
   Compiling tracing-core v0.1.36
   Compiling tracing-attributes v0.1.31
   Compiling thiserror-impl v2.0.18
   Compiling aho-corasick v1.1.4
   Compiling errno v0.3.14
   Compiling regex-syntax v0.8.10
   Compiling constant_time_eq v0.4.2
   Compiling fallible-streaming-iterator v0.1.9
   Compiling itoa v1.0.18
   Compiling log v0.4.29
   Compiling core-foundation-sys v0.8.7
   Compiling arrayvec v0.7.6
   Compiling arrayref v0.3.9
   Compiling pin-project-lite v0.2.17
   Compiling fallible-iterator v0.3.0
   Compiling rusqlite v0.40.1
   Compiling tracing v0.1.44
   Compiling iana-time-zone v0.1.65
   Compiling r2d2 v0.8.10
   Compiling regex-automata v0.4.14
   Compiling uuid v1.23.0
   Compiling fastrand v2.3.0
   Compiling chrono v0.4.44
   Compiling tempfile v3.27.0
   Compiling zstd v0.13.3
   Compiling r2d2_sqlite v0.35.0
   Compiling cc-model v1.0.0 (/Users/jin/Desktop/codecortex-rust/artifacts/benchmarks/p8-bfccb8494ba0/candidate-fts/crates/cc-model)
   Compiling regex v1.12.3
   Compiling cc-db v1.0.0 (/Users/jin/Desktop/codecortex-rust/artifacts/benchmarks/p8-bfccb8494ba0/candidate-fts/crates/cc-db)
    Finished `test` profile [unoptimized + debuginfo] target(s) in 30.21s
     Running unittests src/lib.rs (/Users/jin/Desktop/codecortex-rust/artifacts/benchmarks/p8-bfccb8494ba0/fts-prototype-target/debug/deps/cc_db-3413f1f6e5dcc03e)
{"foreign_key_errors":0,"integrity":"ok","point":"sidecars-removed","recovered":true,"seed":163}
{"foreign_key_errors":0,"integrity":"ok","point":"renamed","recovered":true,"seed":163}
{"foreign_key_errors":0,"integrity":"ok","point":"sidecars-removed","recovered":true,"seed":167}
{"foreign_key_errors":0,"integrity":"ok","point":"renamed","recovered":true,"seed":167}
{"foreign_key_errors":0,"integrity":"ok","point":"sidecars-removed","recovered":true,"seed":173}
{"foreign_key_errors":0,"integrity":"ok","point":"renamed","recovered":true,"seed":173}
snapshot FTS diagnostic: original mirror runs=514 candidate=4; query_plan=["SEARCH literal_index USING INTEGER PRIMARY KEY (rowid>? AND rowid<?)"]
actual SQLite statement runs: original=73, snapshot=3
