
running 202 tests
test capability_read::tests::all_fields_keep_the_pinned_snapshot_across_a_committed_publication ... ok
test capability_read::tests::incarnation_validation_rejects_in_place_replacement_but_not_epoch_churn ... ok
test capability_read::tests::missing_count_table_errors_are_not_zero_or_a_partial_ready_snapshot ... ok
test capability_read::tests::normal_rename_checks_the_actual_open_file_without_rebuild_or_wal ... ok
test capability_read::tests::unsupported_error_and_undefined_identity_results_are_never_unmoved ... ok
test capability_read::tests::unwired_read_skips_semantic_counts_and_does_not_write ... ok
test direct_writer::tests::direct_writer_bulk_insert_perf ... ok
test direct_writer::tests::direct_writer_creates_valid_db ... ok
test direct_writer::tests::direct_writer_handles_fts_tables ... ok
test direct_writer::tests::direct_writer_write_fn_error_propagates ... ok
test direct_writer::tests::drop_index_stmts_match_create_set ... ok
test direct_writer::tests::extract_index_stmts ... ok
test direct_writer::tests::full_schema_preserves_seed_views_triggers_and_defers_explicit_indexes ... ok
test direct_writer::tests::schema_and_deferred_unique_errors_propagate_without_dropping_input ... ok
test direct_writer::tests::split_sql_handles_comments_and_strings ... ok
test direct_writer::tests::sqlite_boundaries_preserve_triggers_quotes_comments_and_tail ... ok
test epoch_rules::tests::auxiliary_commit_advances_no_clock ... ok
test epoch_rules::tests::boost_http_edge_confidence_bumps_evidence_clock ... ok
test epoch_rules::tests::combined_index_and_semantic_commit_bumps_each_exactly_once ... ok
test epoch_rules::tests::declared_clock_matches_observed_bump_for_every_table ... ok
test epoch_rules::tests::effect_set_membership_and_union_are_exact ... ok
test epoch_rules::tests::empty_effect_set_commits_without_touching_any_clock ... ok
test epoch_rules::tests::evidence_method_family_bumps_evidence_only ... ok
test epoch_rules::tests::lookup_covers_known_tables_and_rejects_metadata ... ok
test epoch_rules::tests::semantic_effect_starts_the_clock_from_none_to_one ... ok
test epoch_rules::tests::unit_of_work_commit_bumps_index_exactly_once ... ok
test file_state_cache::tests::batch_delta_matches_direct_load ... ok
test file_state_cache::tests::cache_hit_shares_the_same_allocation ... ok
test file_state_cache::tests::foreign_files_writer_invalidates_then_rewarns ... ok
test file_state_cache::tests::held_snapshot_is_immutable_across_batches ... ok
test fts::tests::camel_case_split ... ok
test fts::tests::expand_query ... ok
test fts::tests::expand_query_snake_case ... ok
test fts::tests::fts_sanitize_basic ... ok
test index_db::tests::app_maintained_fts_rowids_align_with_base_tables ... ok
test index_db::tests::batched_fts_deletes_cover_all_paths_across_chunk_boundary ... ok
test index_db::tests::chunk_text_encoding_reads_plain_and_zstd ... ok
test index_db::tests::direct_rebuild_callback_and_index_errors_leave_live_database_unchanged ... ok
test index_db::tests::direct_rebuild_canonical_schema_matches_normal_temp_path ... ok
test index_db::tests::empty_file_state ... ok
test index_db::tests::full_rebuild_advances_both_epochs_past_previous_values ... ok
test index_db::tests::generation_starts_at_zero_and_index_writes_bump_index_epoch ... ok
test index_db::tests::http_call_cross_service_chain ... ok
test index_db::tests::live_checkpoint_busy_preserves_committed_wal_and_refuses_replacement ... ok
test index_db::tests::metadata_round_trip ... ok
test index_db::tests::mismatch_rebuild_stress_loop ... ignored
test index_db::tests::open_creates_schema ... ok
test index_db::tests::precompressed_chunk_payloads_match_in_transaction_compression ... ok
test index_db::tests::read_pool_connections_reject_writes ... ok
test index_db::tests::rebuild_generation_exceeds_writes_committed_during_rebuild ... ok
test index_db::tests::replace_in_place_keeps_test_edges_removal_cascades ... ok
test index_db::tests::resolver_seed_symbols_excludes_requested_files ... ok
test index_db::tests::route_edge_resolution_provenance_round_trips ... ok
test index_db::tests::schema_mismatch_rebuild_advances_generation_past_old_values ... ok
test index_db::tests::staging_checkpoint_busy_preserves_wal_and_refuses_replacement ... ok
test index_db::tests::test_find_symbol_safe_with_injection_string ... ok
test index_db::tests::test_find_symbol_safe_with_null_byte ... ok
test index_db::tests::test_find_symbol_safe_with_unicode_injection ... ok
test index_db::tests::test_find_symbol_safe_with_union_injection ... ok
test index_db::tests::test_metadata_safe_with_injection_key ... ok
test index_db_arch::tests::test_adr_crud ... ok
test index_db_arch::tests::test_adr_upsert_conflict ... ok
test index_db_arch::tests::test_architecture_entry_points ... ok
test index_db_arch::tests::test_architecture_languages ... ok
test index_db_arch::tests::test_architecture_routes ... ok
test index_db_arch::tests::test_extract_package_from_path ... ok
test index_db_edges::tests::evidence_writes_bump_only_evidence_epoch ... ok
test index_db_edges::tests::full_rebuild_matches_incremental_like_semantics ... ok
test index_db_edges::tests::http_edge_match_prefers_method_then_falls_back_to_path ... ok
test index_db_edges::tests::postprocess_writes_bump_index_epoch ... ok
test index_db_edges::tests::route_id_for_normalized_path_returns_first_match ... ok
test index_db_edges::tests::test_co_change_edges_roundtrip ... ok
test index_db_edges::tests::test_dispatch_sites_roundtrip ... ok
test index_db_edges::tests::test_rebuild_test_edges_for_files ... ok
test index_db_edges::tests::test_runtime_evidence_lifecycle ... ok
test index_db_edges::tests::test_semantic_edges_roundtrip ... ok
test index_db_edges::tests::test_stem_to_base_clean ... ok
test index_db_frontier::tests::test_http_calls_by_caller_uid ... ok
test index_db_frontier::tests::test_route_nodes_by_normalized_path ... ok
test index_db_frontier::tests::test_route_rows_by_path ... ok
test index_db_graph::tests::step_error_after_side_connection_drop_is_err_not_empty_ok ... ok
test index_db_graph::tests::test_caller_callee_rows ... ok
test index_db_graph::tests::test_caller_callee_rows_by_uids_match_single_uid_queries ... ok
test index_db_graph::tests::test_find_symbols_by_names_and_kinds_matches_single ... ok
test index_db_graph::tests::test_get_export_fingerprints_batch_matches_single ... ok
test index_db_graph::tests::test_get_export_fingerprints_empty_input ... ok
test index_db_graph::tests::test_reexport_targets_for_files ... ok
test index_db_graph::tests::test_reexport_targets_for_files_empty_input ... ok
test index_db_graph::tests::test_symbol_degree_details ... ok
test index_db_graph::tests::test_symbol_degree_details_batch_matches_single ... ok
test index_db_graph::tests::test_symbols_covering ... ok
test index_db_graph::tests::test_update_communities ... ok
test index_db_graph_read::tests::async_consumer_rows_match_topic_in_name_or_properties ... ok
test index_db_graph_read::tests::call_edge_provenance_counts_breakdowns ... ok
test index_db_graph_read::tests::callees_with_nonself_callers_excludes_self_loops ... ok
test index_db_graph_read::tests::child_symbol_outline_rows_ordered_by_start_line ... ok
test index_db_graph_read::tests::community_adjacency_pairs_cross_community_only ... ok
test index_db_graph_read::tests::cross_file_call_file_pairs_skip_same_file_edges ... ok
test index_db_graph_read::tests::dead_code_symbol_scan_applies_scope_like_filter ... ok
test index_db_graph_read::tests::direct_importers_exclude_self_and_respect_limit ... ok
test index_db_graph_read::tests::env_access_rows_filter_by_key_and_file_patterns ... ok
test index_db_graph_read::tests::file_import_pairs_returns_only_resolved_distinct_pairs ... ok
test index_db_graph_read::tests::import_witness_rows_keeps_import_string ... ok
test index_db_graph_read::tests::importers_of_paths_batches_into_single_query ... ok
test index_db_graph_read::tests::param_counts_for_uids_maps_null_to_none ... ok
test index_db_graph_read::tests::reverse_callers_applies_confidence_and_limit ... ok
test index_db_graph_read::tests::route_handler_rows_filters_by_path_substring ... ok
test index_db_graph_read::tests::service_binding_rows_match_nodes_routes_and_edges ... ok
test index_db_graph_read::tests::suggested_test_files_distinct_and_ordered ... ok
test index_db_graph_read::tests::symbol_kind_counts_orders_by_frequency ... ok
test index_db_graph_read::tests::symbol_names_for_uids_skips_missing ... ok
test index_db_graph_read::tests::symbol_ref_containers_for_targets_returns_uid_container_pairs ... ok
test index_db_graph_read::tests::symbol_source_candidates_rank_exact_before_fuzzy ... ok
test index_db_graph_read::tests::symbols_lite_in_files_skips_files_not_requested_and_uidless ... ok
test index_db_query::tests::count_table_rows_counts_and_errors_on_missing_table ... ok
test index_db_query::tests::read_pool_supports_explicit_read_transaction ... ok
test index_db_query::tests::test_file_summary ... ok
test index_db_query::tests::test_file_symbols ... ok
test index_db_query::tests::test_find_symbol_exact_and_like ... ok
test index_db_query::tests::test_query_json ... ok
test index_db_rebuild::fault_tests::failed_read_pool_reopen_leaves_no_partially_installed_writer_or_stale_reads ... ok
test index_db_rebuild::fault_tests::failed_writer_reopen_leaves_no_writable_ghost_or_stale_read_pool ... ok
test index_db_rebuild::fault_tests::owned_process_kill_between_sidecar_cleanup_rename_and_reopen_preserves_database ... ok
test index_db_rebuild::fault_tests::rebuild_swap_child ... ignored, child entry; executed by the owning test with a private temporary database
test index_db_rebuild::fault_tests::writer_mutex_spans_rename_reopen_and_connection_installation ... ok
test index_db_retrieval::tests::chunk_rows_by_ids_empty_input ... ok
test index_db_retrieval::tests::chunk_rows_by_ids_fetches_batch ... ok
test index_db_retrieval::tests::chunk_rows_by_ids_rejects_unverified_cached_text ... ok
test index_db_retrieval::tests::chunk_rows_by_ids_spans_multiple_in_batches ... ok
test index_db_retrieval::tests::chunk_spans_for_files_groups_by_file ... ok
test index_db_retrieval::tests::fts_chunk_candidates_applies_scope_and_limit ... ok
test index_db_retrieval::tests::fts_file_summaries_applies_prefix_and_limit ... ok
test index_db_retrieval::tests::fts_file_summaries_empty_for_no_match ... ok
test index_db_retrieval::tests::fts_file_summaries_orders_by_bm25 ... ok
test index_db_retrieval::tests::fts_file_summaries_prefix_treats_underscore_as_literal ... ok
test index_db_retrieval::tests::path_token_file_hits_many_substring_match_per_token ... ok
test index_db_retrieval::tests::path_token_file_hits_many_treats_underscore_as_literal ... ok
test index_db_retrieval::tests::recent_indexed_files_newest_first ... ok
test index_db_retrieval::tests::scan_chunks_for_grep_recency_order_early_stop_and_prefix_escaping ... ok
test index_db_retrieval::tests::symbol_seed_hits_exact_first_and_skips_null_uid ... ok
test index_db_retrieval::tests::symbol_seed_hits_mixed_case_token_exact_first ... ok
test index_db_retrieval::tests::symbol_seed_hits_treats_underscore_as_literal ... ok
test index_db_retrieval::tests::symbol_token_hits_many_exact_name_first_per_token ... ok
test index_db_retrieval::tests::symbol_token_hits_many_prefixed_keeps_exact_name_first_ordering ... ok
test index_db_retrieval::tests::symbol_token_hits_many_treats_underscore_as_literal ... ok
test index_db_retrieval::tests::symbol_uids_by_exact_names_matches_only_listed_names ... ok
test index_db_snapshot_insert::snapshot_fts_tests::autocommit_keeps_original_partial_failure_and_immediate_mirrors ... ok
test index_db_snapshot_insert::snapshot_fts_tests::checked_capacity_and_near_maximum_rowids_use_original_fallback ... ok
test index_db_snapshot_insert::snapshot_fts_tests::late_failure_rolls_back_flushed_windows_and_preserves_live_generation ... ok
test index_db_snapshot_insert::snapshot_fts_tests::noncanonical_or_temp_schema_falls_back_without_losing_mirrors ... ok
test index_db_snapshot_insert::snapshot_fts_tests::rowid_range_uses_primary_key_and_reduces_mirror_statement_runs ... ok
test index_db_snapshot_insert::snapshot_fts_tests::windows_preserve_all_rows_fts_search_and_cross_path_survivors ... ok
test index_db_snapshot_insert::tests::bound_payload_measures_sql_values_and_keeps_large_rows_legal ... ok
test index_db_snapshot_insert::tests::failed_window_stops_before_later_rows_or_tables ... ok
test index_db_snapshot_insert::tests::semantic_leaf_batches_reduce_actual_sqlite_statement_runs ... ok
test index_migrate::tests::fresh_db_initializes_schema ... ok
test index_migrate::tests::legacy_parse_and_resolution_versions_require_rebuild ... ok
test index_migrate::tests::matching_version_returns_up_to_date ... ok
test index_migrate::tests::non_adjacent_versions_keep_rebuild_on_mismatch ... ok
test index_migrate::tests::old_version_returns_mismatch ... ok
test read_generation::tests::identity_and_epoch_corruption_never_become_zero_generation ... ok
test read_generation::tests::persisted_identity_survives_reopen_and_differs_at_equal_epochs ... ok
test read_generation::tests::staged_rebuild_gets_fresh_persistent_identity ... ok
test seed_symbol_cache::tests::batch_delta_matches_direct_load ... ok
test seed_symbol_cache::tests::batch_duplicate_uid_folds_like_sql ... ok
test seed_symbol_cache::tests::build_respects_capacity_cap ... ok
test seed_symbol_cache::tests::foreign_symbol_writer_invalidates_then_rewarns ... ok
test seed_symbol_cache::tests::materialize_orders_and_excludes ... ok
test seed_symbol_cache::tests::projection_strips_non_seed_fields ... ok
test semantic_coverage::tests::coverage_reads_are_pure_and_zero_limit_is_rejected ... ok
test semantic_coverage::tests::failed_counts_only_active_space_failures ... ok
test semantic_coverage::tests::foreign_space_rows_never_count_as_published ... ok
test semantic_coverage::tests::full_coverage_reports_no_gap_and_no_reason ... ok
test semantic_coverage::tests::partial_coverage_reports_the_gap_and_the_uncovered_list ... ok
test semantic_coverage::tests::stale_counts_live_tasks_lagging_the_base_manifest ... ok
test semantic_coverage::tests::uncovered_projects_authoritative_language_without_dropping_missing_files ... ok
test semantic_coverage::tests::unwired_semantic_reports_zero_coverage_without_inflating ... ok
test semantic_coverage::tests::zero_eligible_is_explained_by_documents_and_encoding ... ok
test semantic_gc_reads::tests::exact_ref_mark_is_reflexive_and_checksum_scoped ... ok
test semantic_gc_reads::tests::live_task_mark_covers_pending_and_claimed_but_not_terminal_states ... ok
test semantic_gc_reads::tests::pair_mark_holds_across_spec_and_checksum_and_spaces_are_separate ... ok
test semantic_manifest_reads::tests::deleted_document_cascades_out_of_the_candidate_stream ... ok
test semantic_manifest_reads::tests::empty_space_scans_empty_and_zero_batch_is_rejected ... ok
test semantic_manifest_reads::tests::published_row_reads_the_single_current_publication_whatever_space ... ok
test semantic_manifest_reads::tests::scan_is_keyset_paginated_and_ordered ... ok
test semantic_manifest_reads::tests::scan_is_space_isolated_at_the_load_layer ... ok
test semantic_manifest_reads::tests::scan_joins_language_and_carries_provenance_columns ... ok
test signature_agg::tests::empty_batch_initializes_missing_baseline ... ok
test signature_agg::tests::file_scoped_writers_converge ... ok
test signature_agg::tests::incremental_batch_add_modify_remove_converges ... ok
test signature_agg::tests::row_agg_add_remove_round_trips ... ok
test signature_agg::tests::row_agg_distinguishes_duplicate_multisets ... ok
test signature_agg::tests::serialize_round_trips_and_rejects_other_versions ... ok
test signature_agg::tests::synthetic_call_edge_lifecycle_converges ... ok
test signature_agg::tests::unit_of_work_synthesis_writes_converge ... ok
test sql_util::tests::escape_like_escapes_wildcards_and_backslash ... ok
test unit_of_work::tests::commit_applies_all_writes_and_bumps_epoch_once ... ok
test unit_of_work::tests::commit_with_evidence_bumps_evidence_only ... ok
test unit_of_work::tests::commit_with_index_and_semantic_bumps_both_exactly_once ... ok
test unit_of_work::tests::default_commit_keeps_index_only_semantics_and_semantic_absent ... ok
test unit_of_work::tests::drop_without_commit_rolls_back_and_leaves_epoch_untouched ... ok
test unit_of_work::tests::repeat_ack_without_visible_change_does_not_bump_semantic_epoch ... ok

test result: ok. 200 passed; 0 failed; 2 ignored; 0 measured; 0 filtered out; finished in 45.63s

