test_actual_zero_exit_fake_evaluator_cannot_fake_a_completed_run (test_p8_compat.CompatLockTests.test_actual_zero_exit_fake_evaluator_cannot_fake_a_completed_run) ... ok
test_bound_synthetic_control_is_explicitly_a_control (test_p8_compat.CompatLockTests.test_bound_synthetic_control_is_explicitly_a_control) ... ok
test_cli_requires_the_named_opt_in (test_p8_compat.CompatLockTests.test_cli_requires_the_named_opt_in) ... ok
test_comparison_identity_difference_is_nonzero_before_comparator (test_p8_compat.CompatLockTests.test_comparison_identity_difference_is_nonzero_before_comparator) ... ok
test_compat_native_require_the_same_explicit_configuration (test_p8_compat.CompatLockTests.test_compat_native_require_the_same_explicit_configuration) ... ok
test_existing_output_is_never_overwritten (test_p8_compat.CompatLockTests.test_existing_output_is_never_overwritten) ... ok
test_explicit_mode_still_rejects_zero_exit_without_real_artifacts (test_p8_compat.CompatLockTests.test_explicit_mode_still_rejects_zero_exit_without_real_artifacts) ... ok
test_external_git_head_and_dirty_state_are_actually_checked (test_p8_compat.CompatLockTests.test_external_git_head_and_dirty_state_are_actually_checked) ... ok
test_external_name_cannot_relabel_control_source_as_flask (test_p8_compat.CompatLockTests.test_external_name_cannot_relabel_control_source_as_flask) ... ok
test_holdout_file_pointer_and_symlink_source_are_rejected (test_p8_compat.CompatLockTests.test_holdout_file_pointer_and_symlink_source_are_rejected) ... ok
test_native_profile_cannot_use_compat_scorer (test_p8_compat.CompatLockTests.test_native_profile_cannot_use_compat_scorer) ... ok
test_negative_signal_exit_cannot_be_maxed_into_a_green_comparison (test_p8_compat.CompatLockTests.test_negative_signal_exit_cannot_be_maxed_into_a_green_comparison) ... ok
test_original_default_profile_keeps_original_identity_and_predicate (test_p8_compat.CompatLockTests.test_original_default_profile_keeps_original_identity_and_predicate) ... ok
test_output_cannot_overlap_or_replace_inputs (test_p8_compat.CompatLockTests.test_output_cannot_overlap_or_replace_inputs) ... ok
test_platform_and_glob_policy_mismatch_are_rejected (test_p8_compat.CompatLockTests.test_platform_and_glob_policy_mismatch_are_rejected) ... ok
test_query_or_binary_or_scorer_mutation_rejects_before_spawn (test_p8_compat.CompatLockTests.test_query_or_binary_or_scorer_mutation_rejects_before_spawn) ... ok
test_raw_copy_preserves_original_and_rejects_later_drift (test_p8_compat.CompatLockTests.test_raw_copy_preserves_original_and_rejects_later_drift) ... ok
test_source_manifest_extra_or_omitted_file_is_rejected (test_p8_compat.CompatLockTests.test_source_manifest_extra_or_omitted_file_is_rejected) ... ok
test_text_hidden_is_explicit_and_does_not_widen_default_inspection (test_p8_compat.CompatLockTests.test_text_hidden_is_explicit_and_does_not_widen_default_inspection) ... ok
test_text_hidden_profile_rejects_missing_extra_or_network_configuration (test_p8_compat.CompatLockTests.test_text_hidden_profile_rejects_missing_extra_or_network_configuration) ... ok
test_unknown_configuration_mode_is_rejected_before_process_creation (test_p8_compat.CompatLockTests.test_unknown_configuration_mode_is_rejected_before_process_creation) ... ok
test_wrong_external_commit_is_not_accepted (test_p8_compat.CompatLockTests.test_wrong_external_commit_is_not_accepted) ... ok
test_zero_exit_comparator_must_emit_a_comparison_artifact (test_p8_compat.CompatLockTests.test_zero_exit_comparator_must_emit_a_comparison_artifact) ... ok
test_duplicate_case_and_repetition_is_rejected (test_p8_compat.CompatRunIdentityTests.test_duplicate_case_and_repetition_is_rejected) ... ok
test_duplicate_output_query_cannot_replace_another_locked_query (test_p8_compat.CompatRunIdentityTests.test_duplicate_output_query_cannot_replace_another_locked_query) ... ok
test_exit_code_and_gate_status_must_both_match (test_p8_compat.CompatRunIdentityTests.test_exit_code_and_gate_status_must_both_match) ... ok
test_missing_case_cannot_be_hidden_by_extra_repetition_of_another_case (test_p8_compat.CompatRunIdentityTests.test_missing_case_cannot_be_hidden_by_extra_repetition_of_another_case) ... ok
test_missing_request_cannot_pass_with_smaller_metrics_denominator (test_p8_compat.CompatRunIdentityTests.test_missing_request_cannot_pass_with_smaller_metrics_denominator) ... ok
test_native_gold_span_and_primary_changes_are_rejected (test_p8_compat.CompatRunIdentityTests.test_native_gold_span_and_primary_changes_are_rejected) ... ok
test_optional_native_symbol_and_span_defaults_preserve_identity (test_p8_compat.CompatRunIdentityTests.test_optional_native_symbol_and_span_defaults_preserve_identity) ... ok
test_optional_query_defaults_do_not_change_locked_identity (test_p8_compat.CompatRunIdentityTests.test_optional_query_defaults_do_not_change_locked_identity) ... ok
test_original_locked_query_and_complete_request_matrix_are_accepted (test_p8_compat.CompatRunIdentityTests.test_original_locked_query_and_complete_request_matrix_are_accepted) ... ok
test_out_of_range_and_wrongly_typed_repetitions_are_rejected (test_p8_compat.CompatRunIdentityTests.test_out_of_range_and_wrongly_typed_repetitions_are_rejected) ... ok
test_pinned_backend_and_profile_cannot_be_relabelled (test_p8_compat.CompatRunIdentityTests.test_pinned_backend_and_profile_cannot_be_relabelled) ... ok
test_raw_response_path_cannot_be_reused_for_distinct_requests (test_p8_compat.CompatRunIdentityTests.test_raw_response_path_cannot_be_reused_for_distinct_requests) ... ok
test_same_count_query_identity_replacement_is_rejected (test_p8_compat.CompatRunIdentityTests.test_same_count_query_identity_replacement_is_rejected) ... ok
test_same_count_query_text_and_gold_changes_are_rejected (test_p8_compat.CompatRunIdentityTests.test_same_count_query_text_and_gold_changes_are_rejected) ... ok
test_shuffled_complete_request_matrix_is_still_accepted (test_p8_compat.CompatRunIdentityTests.test_shuffled_complete_request_matrix_is_still_accepted) ... ok
test_unknown_case_cannot_replace_missing_case_at_same_denominator (test_p8_compat.CompatRunIdentityTests.test_unknown_case_cannot_replace_missing_case_at_same_denominator) ... ok

----------------------------------------------------------------------
Ran 39 tests in 0.473s

OK
{"status": "invalid_inputs", "exit_code": 2, "error_type": "Invalid", "release_certified": false}
{"status": "validated_inputs_only", "exit_code": 0, "release_certified": false}
