    Updating crates.io index
 Downloading crates ...
  Downloaded crypto-common v0.1.7
  Downloaded cpufeatures v0.2.17
  Downloaded chacha20 v0.10.2
  Downloaded sha2 v0.10.9
  Downloaded notify-types v2.1.0
  Downloaded inotify v0.11.5
  Downloaded digest v0.10.7
  Downloaded lru v0.18.2
  Downloaded notify v8.2.0
  Downloaded typenum v1.20.1
  Downloaded block-buffer v0.10.4
  Downloaded generic-array v0.14.7
  Downloaded crossbeam-epoch v0.9.20
  Downloaded version_check v0.9.5
  Downloaded inotify-sys v0.1.8
  Downloaded rand v0.10.3
   Compiling serde_json v1.0.149
   Compiling crossbeam-epoch v0.9.20
   Compiling hashbrown v0.17.1
   Compiling chacha20 v0.10.2
   Compiling rand v0.10.3
   Compiling hashlink v0.12.1
   Compiling crossbeam-deque v0.8.6
   Compiling version_check v0.9.5
   Compiling rusqlite v0.40.1
   Compiling uuid v1.23.0
   Compiling generic-array v0.14.7
   Compiling inotify-sys v0.1.8
   Compiling rayon-core v1.13.0
   Compiling typenum v1.20.1
   Compiling cc-model v1.0.0 (/workspace/codecortex/crates/cc-model)
   Compiling r2d2_sqlite v0.35.0
   Compiling rayon v1.11.0
   Compiling lru v0.18.2
   Compiling schemars v1.2.1
   Compiling inotify v0.11.5
   Compiling ignore v0.4.25
   Compiling notify-types v2.1.0
   Compiling rmcp v2.2.0
   Compiling notify v8.2.0
   Compiling crypto-common v0.1.7
   Compiling block-buffer v0.10.4
   Compiling digest v0.10.7
   Compiling cpufeatures v0.2.17
   Compiling sha2 v0.10.9
   Compiling cc-db v1.0.0 (/workspace/codecortex/crates/cc-db)
   Compiling cc-parsers v1.0.0 (/workspace/codecortex/crates/cc-parsers)
   Compiling cc-search v1.0.0 (/workspace/codecortex/crates/cc-search)
   Compiling cc-index v1.0.0 (/workspace/codecortex/crates/cc-index)
   Compiling cc-server v1.0.0 (/workspace/codecortex/crates/cc-server)
   Compiling cc-eval v1.0.0 (/workspace/codecortex/crates/cc-eval)
    Finished `dev` profile [unoptimized + debuginfo] target(s) in 28.38s
