{
  "base": {
    "rows": 273,
    "unique_queries": 91,
    "alternatives": 141,
    "hits": 603,
    "qname_nonnull": 0,
    "status": {
      "partial": 273
    },
    "answer_rows": 249,
    "no_answer_rows": 24,
    "no_answer_empty_rows": 0,
    "gold_qname_required_alternatives": 141,
    "cumulative_order": [
      "path",
      "proof",
      "name",
      "kind",
      "span",
      "qname"
    ],
    "pair_counts": {
      "path": 573,
      "proof": 573,
      "name": 189,
      "kind": 189,
      "span": 171
    },
    "hit_counts": {
      "proof": 432,
      "path": 432,
      "name": 189,
      "kind": 189,
      "span": 171
    },
    "row_counts": {
      "proof": 213,
      "path": 213,
      "name": 159,
      "kind": 159,
      "span": 159
    },
    "unique_query_counts": {
      "path": 71,
      "proof": 71,
      "name": 53,
      "kind": 53,
      "span": 53,
      "qname": 0
    },
    "answer_groups_across_rows": 423,
    "all_hits_source_verified": 603,
    "all_hits_span_present": 603,
    "group_counts": {
      "path": 300,
      "proof": 300,
      "name": 171,
      "kind": 171,
      "span": 168
    },
    "first_fail_scorer_order_pairs": {
      "name": 384,
      "qname": 189,
      "path": 324
    },
    "failure_mask_pairs": {
      "name,kind,span,qname": 261,
      "name,span,qname": 123,
      "qname": 171,
      "path,name,kind,span,qname": 222,
      "path,kind,span,qname": 12,
      "path,name,span,qname": 78,
      "span,qname": 18,
      "path,name,kind,qname": 9,
      "path,name,qname": 3
    },
    "qname_at_other_fields_pass_pairs": {
      "missing": 171
    },
    "module_namespace_only": {
      "pairs": 0,
      "hits": 0,
      "rows": 0
    },
    "raw_to_normalized_identity_mismatches": 0
  },
  "candidate": {
    "rows": 273,
    "unique_queries": 91,
    "alternatives": 141,
    "hits": 609,
    "qname_nonnull": 597,
    "status": {
      "partial": 273
    },
    "answer_rows": 249,
    "no_answer_rows": 24,
    "no_answer_empty_rows": 0,
    "gold_qname_required_alternatives": 141,
    "cumulative_order": [
      "path",
      "proof",
      "name",
      "kind",
      "span",
      "qname"
    ],
    "pair_counts": {
      "path": 573,
      "proof": 573,
      "name": 189,
      "kind": 189,
      "span": 171
    },
    "hit_counts": {
      "proof": 432,
      "path": 432,
      "name": 189,
      "kind": 189,
      "span": 171
    },
    "row_counts": {
      "proof": 213,
      "path": 213,
      "name": 159,
      "kind": 159,
      "span": 159
    },
    "unique_query_counts": {
      "path": 71,
      "proof": 71,
      "name": 53,
      "kind": 53,
      "span": 53,
      "qname": 0
    },
    "answer_groups_across_rows": 423,
    "all_hits_source_verified": 609,
    "all_hits_span_present": 609,
    "group_counts": {
      "path": 300,
      "proof": 300,
      "name": 171,
      "kind": 171,
      "span": 168
    },
    "first_fail_scorer_order_pairs": {
      "name": 384,
      "qname": 189,
      "path": 342
    },
    "failure_mask_pairs": {
      "name,kind,span,qname": 261,
      "name,span,qname": 123,
      "qname": 171,
      "path,name,kind,span,qname": 222,
      "path,kind,span,qname": 12,
      "path,name,span,qname": 96,
      "span,qname": 18,
      "path,name,kind,qname": 9,
      "path,name,qname": 3
    },
    "qname_at_other_fields_pass_pairs": {
      "module_plus_lexical": 171
    },
    "module_namespace_only": {
      "pairs": 171,
      "hits": 171,
      "rows": 159
    },
    "raw_to_normalized_identity_mismatches": 0
  }
}
