   Compiling libc v0.2.183
   Compiling jobserver v0.1.34
   Compiling cc v1.2.58
    Checking cfg-if v1.0.4
    Checking cpufeatures v0.3.0
    Checking smallvec v1.15.1
    Checking rand_core v0.10.0
   Compiling zstd-sys v2.0.16+zstd.1.5.7
    Checking memchr v2.8.0
    Checking scopeguard v1.2.0
    Checking lock_api v0.4.14
   Compiling libsqlite3-sys v0.38.1
    Checking parking_lot_core v0.9.12
    Checking serde_core v1.0.228
    Checking getrandom v0.4.2
    Checking once_cell v1.21.4
    Checking bitflags v2.11.0
    Checking foldhash v0.2.0
    Checking hashbrown v0.17.1
    Checking parking_lot v0.12.5
    Checking chacha20 v0.10.2
   Compiling blake3 v1.8.4
   Compiling zstd-safe v7.2.4
    Checking serde v1.0.228
    Checking rand v0.10.3
    Checking scheduled-thread-pool v0.2.7
    Checking zmij v1.0.21
    Checking hashlink v0.12.1
    Checking tracing-core v0.1.36
    Checking aho-corasick v1.1.4
    Checking arrayvec v0.7.6
    Checking regex-syntax v0.8.10
    Checking arrayref v0.3.9
    Checking pin-project-lite v0.2.17
    Checking itoa v1.0.18
    Checking fallible-streaming-iterator v0.1.9
    Checking log v0.4.29
    Checking fallible-iterator v0.3.0
    Checking constant_time_eq v0.4.2
    Checking rusqlite v0.40.1
    Checking r2d2 v0.8.10
    Checking serde_json v1.0.149
    Checking tracing v0.1.44
    Checking regex-automata v0.4.14
    Checking thiserror v2.0.18
    Checking num-traits v0.2.19
    Checking uuid v1.23.0
    Checking linux-raw-sys v0.12.1
    Checking iana-time-zone v0.1.65
    Checking chrono v0.4.44
    Checking rustix v1.1.4
    Checking r2d2_sqlite v0.35.0
    Checking zstd v0.13.3
    Checking cc-model v1.0.0 (/workspace/codecortex/crates/cc-model)
    Checking regex v1.12.3
    Checking fastrand v2.3.0
    Checking tempfile v3.27.0
    Checking cc-db v1.0.0 (/workspace/codecortex/crates/cc-db)
    Finished `dev` profile [unoptimized + debuginfo] target(s) in 34.87s
