   Compiling libc v0.2.183
   Compiling jobserver v0.1.34
   Compiling find-msvc-tools v0.1.9
   Compiling shlex v1.3.0
   Compiling cc v1.2.58
   Compiling proc-macro2 v1.0.106
   Compiling cfg-if v1.0.4
   Compiling quote v1.0.45
   Compiling pkg-config v0.3.32
   Compiling unicode-ident v1.0.24
   Compiling syn v2.0.117
   Compiling smallvec v1.15.1
   Compiling cpufeatures v0.3.0
   Compiling parking_lot_core v0.9.12
   Compiling getrandom v0.4.2
   Compiling serde_core v1.0.228
   Compiling rand_core v0.10.0
   Compiling zstd-sys v2.0.16+zstd.1.5.7
   Compiling vcpkg v0.2.15
   Compiling scopeguard v1.2.0
   Compiling memchr v2.8.0
   Compiling lock_api v0.4.14
   Compiling libsqlite3-sys v0.38.1
   Compiling zmij v1.0.21
   Compiling bitflags v2.11.0
   Compiling foldhash v0.2.0
   Compiling autocfg v1.5.0
   Compiling once_cell v1.21.4
   Compiling serde v1.0.228
   Compiling num-traits v0.2.19
   Compiling hashbrown v0.17.1
   Compiling parking_lot v0.12.5
   Compiling chacha20 v0.10.2
   Compiling serde_derive v1.0.228
   Compiling blake3 v1.8.4
   Compiling thiserror v2.0.18
   Compiling zstd-safe v7.2.4
   Compiling serde_json v1.0.149
   Compiling rand v0.10.3
   Compiling scheduled-thread-pool v0.2.7
   Compiling hashlink v0.12.1
   Compiling tracing-core v0.1.36
   Compiling aho-corasick v1.1.4
   Compiling tracing-attributes v0.1.31
   Compiling thiserror-impl v2.0.18
   Compiling constant_time_eq v0.4.2
   Compiling rustix v1.1.4
   Compiling regex-syntax v0.8.10
   Compiling arrayref v0.3.9
   Compiling fallible-iterator v0.3.0
   Compiling arrayvec v0.7.6
   Compiling fallible-streaming-iterator v0.1.9
   Compiling log v0.4.29
   Compiling pin-project-lite v0.2.17
   Compiling itoa v1.0.18
   Compiling tracing v0.1.44
   Compiling r2d2 v0.8.10
   Compiling rusqlite v0.40.1
   Compiling regex-automata v0.4.14
   Compiling uuid v1.23.0
   Compiling iana-time-zone v0.1.65
   Compiling linux-raw-sys v0.12.1
   Compiling chrono v0.4.44
   Compiling r2d2_sqlite v0.35.0
   Compiling zstd v0.13.3
   Compiling cc-model v1.0.0 (/workspace/codecortex/crates/cc-model)
   Compiling regex v1.12.3
   Compiling fastrand v2.3.0
   Compiling tempfile v3.27.0
   Compiling cc-db v1.0.0 (/workspace/codecortex/crates/cc-db)
    Finished `test` profile [unoptimized + debuginfo] target(s) in 1m 00s
     Running tests/resolver_bind_independent_review.rs (/tmp/resolver-bind-independent-target/debug/deps/resolver_bind_independent_review-f7d975c6f953b8b7)

running 4 tests
test actual_legacy_overflow_or_fixed_large_inputs ... REVIEW {"case":"fixed-large-API","elapsed_ms":74,"excluded_count":50003,"json_bytes":950043,"returned_rows":40}
REVIEW {"case":"fixed-large-API","elapsed_ms":304,"excluded_count":200003,"json_bytes":3800043,"returned_rows":40}
REVIEW {"case":"single-4MiB-string","elapsed_ms":185}
ok
test embedded_nul_api_observation ... REVIEW {"OS_path_supported":false,"case":"embedded-NUL","exact_set_semantics":true,"returned_paths":["prefix","prefix"]}
ok
test fifty_thousand_file_database_real_queries ... REVIEW {"all_excluded_ms":196,"baseline_absent":true,"case":"50k-file-database","empty_exclusion_ms":421,"files":50000,"half_excluded_ms":390,"setup_ms":10833,"symbols":100000}
ok
test literal_set_semantics_null_safety_and_order ... REVIEW {"NULL_path_rejected":true,"case":"literal-matrix","oracle_cases":27,"rows":44,"sql_injection_no_mutation":true}
ok

test result: ok. 4 passed; 0 failed; 0 ignored; 0 measured; 0 filtered out; finished in 12.74s

