   Compiling cc-model v1.0.0 (/workspace/codecortex/crates/cc-model)
   Compiling toml v0.8.23
   Compiling tempfile v3.27.0
   Compiling cc-db v1.0.0 (/workspace/codecortex/crates/cc-db)
   Compiling cc-parsers v1.0.0 (/workspace/codecortex/crates/cc-parsers)
   Compiling cc-index v1.0.0 (/workspace/codecortex/crates/cc-index)
    Finished `test` profile [unoptimized + debuginfo] target(s) in 23.15s
     Running tests/python_identity_resource_integration.rs (target/debug/deps/python_identity_resource_integration-286544104bd547fb)

running 6 tests
test config_only_explicit_capture_does_not_prove_source_inventory ... ok
test config_marker_source_and_whole_inventory_changes_invalidate_bindings ... ok
test adapter_and_model_refusals_are_independent_and_leave_no_partial_binding ... ok
test initializer_and_root_initializer_keep_module_semantics ... ok
test leading_trivia_bom_and_crlf_keep_fixed_absolute_bytes_through_model ... ok
test actual_config_and_ast_bind_regular_package_nested_and_duplicate_occurrences ... ok

test result: ok. 6 passed; 0 failed; 0 ignored; 0 measured; 0 filtered out; finished in 0.03s

     Running tests/python_inventory_capture.rs (target/debug/deps/python_inventory_capture-6d655101118bd6c1)

running 11 tests
test actual_inventory_raw_directives_and_same_source_admission ... ok
test canonical_project_root_alias_is_explicitly_accepted_below_root_aliases_refused ... ok
test defaults_partial_duplicate_toml_and_unsupported_collection_policies_refuse ... ok
test explicit_project_root_and_root_initializer_are_supported_without_defaults ... ok
test fifo_is_rejected_without_blocking_and_syntax_failure_has_no_partial_result ... ok
test exact_and_one_over_inventory_and_aggregate_output_bounds ... ok
test native_non_utf8_portable_and_hardlink_aliases_are_rejected ... ok
test ignores_do_not_hide_markers_and_exclusions_or_partial_scopes_are_refused ... ok
test explicit_find_cannot_borrow_completeness_from_package_dir ... ok
test full_scope_content_marker_absence_and_collision_are_bound ... ok
test standalone_and_combined_explicit_roots_keep_all_supporting_evidence ... ok

test result: ok. 11 passed; 0 failed; 0 ignored; 0 measured; 0 filtered out; finished in 0.02s

     Running tests/python_inventory_resource_integration.rs (target/debug/deps/python_inventory_resource_integration-561ffd86c665183b)

running 3 tests
test fresh_capture_matches_actual_ast_and_borrowed_model_with_literal_names ... ok
test whole_scope_recapture_preserves_old_bytes_and_changes_marker_and_git_binding ... ok
test combined_capture_ast_model_and_aggregate_fail_closed ... ok

test result: ok. 3 passed; 0 failed; 0 ignored; 0 measured; 0 filtered out; finished in 0.01s
