   Compiling libc v0.2.183
   Compiling serde_core v1.0.228
   Compiling serde v1.0.228
   Compiling regex-automata v0.4.14
   Compiling log v0.4.29
   Compiling serde_json v1.0.149
   Compiling tracing-core v0.1.36
   Compiling jobserver v0.1.34
   Compiling cc v1.2.58
   Compiling getrandom v0.4.2
   Compiling parking_lot_core v0.9.12
   Compiling parking_lot v0.12.5
   Compiling tracing v0.1.44
   Compiling rand v0.10.3
   Compiling zstd-sys v2.0.16+zstd.1.5.7
   Compiling blake3 v1.8.4
   Compiling libsqlite3-sys v0.38.1
   Compiling tree-sitter-javascript v0.23.1
   Compiling tree-sitter-python v0.23.6
   Compiling tree-sitter-java v0.23.5
   Compiling tree-sitter-rust v0.23.3
   Compiling tree-sitter-go v0.23.4
   Compiling tree-sitter v0.24.7
   Compiling tree-sitter-c v0.23.4
   Compiling tree-sitter-cpp v0.23.4
   Compiling tree-sitter-typescript v0.23.2
   Compiling regex v1.12.3
   Compiling scheduled-thread-pool v0.2.7
   Compiling r2d2 v0.8.10
   Compiling cc-model v1.0.0 (/workspace/codecortex/crates/cc-model)
   Compiling rusqlite v0.40.1
   Compiling toml_datetime v0.6.11
   Compiling serde_spanned v0.6.9
   Compiling uuid v1.23.0
   Compiling chrono v0.4.44
   Compiling r2d2_sqlite v0.35.0
   Compiling toml_edit v0.22.27
   Compiling globset v0.4.18
   Compiling zstd-safe v7.2.4
   Compiling cc-parsers v1.0.0 (/workspace/codecortex/crates/cc-parsers)
   Compiling zstd v0.13.3
   Compiling cc-db v1.0.0 (/workspace/codecortex/crates/cc-db)
   Compiling ignore v0.4.25
   Compiling toml v0.8.23
error: failed to build archive at `/workspace/codecortex/target/debug/deps/libcc_model-e2dfe120a1e16ca1.rlib`: couldn't create a directory for the temp file: No space left on device (os error 28) at path "/workspace/codecortex/target/debug/deps/.tmp4TQ5Bv.temp-archive"

error: could not compile `cc-model` (lib) due to 1 previous error
warning: build failed, waiting for other jobs to finish...
error: couldn't create a temp dir: No space left on device (os error 28) at path "/workspace/codecortex/target/debug/deps/rustcCzhI9W"

error: could not compile `toml` (lib) due to 1 previous error
error: couldn't create a temp dir: No space left on device (os error 28) at path "/workspace/codecortex/target/debug/deps/rmetaOxyVWR"

error: could not compile `cc-db` (lib) due to 1 previous error
error: couldn't create a temp dir: No space left on device (os error 28) at path "/workspace/codecortex/target/debug/deps/rustcOSpSRm"

error: could not compile `cc-parsers` (lib) due to 1 previous error
