   Compiling cc v1.2.58
   Compiling getrandom v0.4.2
   Compiling memchr v2.8.0
   Compiling tempfile v3.27.0
   Compiling serde_json v1.0.149
   Compiling blake3 v1.8.4
   Compiling cc-model v1.0.0 (/workspace/codecortex/crates/cc-model)
    Finished `test` profile [unoptimized + debuginfo] target(s) in 11.17s
     Running tests/declaration_identity_independent_review.rs (target/debug/deps/declaration_identity_independent_review-ffc29a63624e02e1)

running 11 tests
test absent_default_duplicate_disjoint_roots_and_collection_semantics ... ok
test config_source_owner_and_inventory_changes_invalidate ... ok
test fingerprints_are_order_independent_and_portable_inputs_normalize ... ok
test legacy_wire_and_uid_have_independent_expected_values ... ok
test missing_marker_collision_and_incomplete_inventory_assertion ... ok
test nested_classes_and_runtime_failure_are_legitimate_logical_addresses ... ok
test paths_and_constructor_limits_reject_bad_evidence ... ok
test semantic_assertions_are_not_proven_by_matching_bytes ... ok
test same_name_conditional_occurrences_have_distinct_binding ... ok
test bounded_resource_controls_and_duplicate_map_semantics ... ok
test exhaustive_small_and_extreme_range_mutations_do_not_panic ... ok

test result: ok. 11 passed; 0 failed; 0 ignored; 0 measured; 0 filtered out; finished in 0.03s

     Running tests/declaration_identity_resources.rs (target/debug/deps/declaration_identity_resources-4401944637a83e98)

running 9 tests
test each_inventory_budget_refuses_one_over ... ok
test evidence_depth_and_identifier_one_over_are_typed ... ok
test multibyte_identifier_budget_counts_bytes_before_ascii_policy ... ok
test exact_admission_and_resolution_boundaries_preserve_fingerprints ... ok
test size_preflight_checks_overflow_without_allocating_bytes ... ok
test partial_failures_leave_borrowed_inventory_and_success_deterministic ... ok
test deep_assertions_are_iterative_and_bounded_before_traversal ... ok
test zero_budgets_and_fixed_metadata_boundaries ... ok
test compatibility_constructor_has_a_real_finite_count_policy ... ok

test result: ok. 9 passed; 0 failed; 0 ignored; 0 measured; 0 filtered out; finished in 0.00s

     Running tests/declaration_identity_v1.rs (target/debug/deps/declaration_identity_v1-a988203365ec817f)

running 15 tests
test config_evidence_must_be_bound_to_captured_bytes ... ok
test initializer_denotes_package_and_root_initializer_is_unavailable ... ok
test lexical_qname_uid_and_legacy_symbol_wire_remain_unchanged ... ok
test namespace_and_file_package_collisions_are_explicit ... ok
test nested_local_function_and_local_class_are_not_runtime_names ... ok
test dotted_invalid_and_non_python_filenames_are_not_guessed ... ok
test current_guard_rejects_root_package_and_inventory_mutations ... ok
test normalization_and_inventory_aliases_obey_repository_path_contract ... ok
test regular_package_method_has_typed_source_bound_address ... ok
test owner_and_occurrence_are_not_conflated_with_logical_address ... ok
test relative_imports_and_reexports_do_not_mint_alias_addresses ... ok
test source_and_parser_witnesses_are_validated ... ok
test roots_never_use_defaults_order_or_longest_prefix ... ok
test rename_boundary_config_and_source_mutations_invalidate_binding ... ok
test top_level_module_empty_root_and_nested_regular_packages ... ok

test result: ok. 15 passed; 0 failed; 0 ignored; 0 measured; 0 filtered out; finished in 0.00s

     Running tests/declaration_resource_independent.rs (target/debug/deps/declaration_resource_independent-e850afa68e690cc2)

running 7 tests
test allocation_free_resource_checks_precede_ancestry_clone_and_path_work ... ok
test independent_exact_and_one_over_matrix_and_prototype_constants ... ok
test logical_bytes_ignore_capacity_and_preflight_overflow_and_order_are_typed ... ok
test package_and_module_utf8_limits_precede_missing_stale_and_unsupported_reasons ... ok
test stale_config_marker_owner_and_unrelated_inventory_invalidate_complete_binding ... ok
test frozen_baseline_full_wire_and_fingerprint_match_under_distinct_policies ... ok
test every_raw_metadata_field_has_4096_byte_ceiling_before_normalization ... ok

test result: ok. 7 passed; 0 failed; 0 ignored; 0 measured; 0 filtered out; finished in 0.00s

     Running tests/provenance_compatibility.rs (target/debug/deps/provenance_compatibility-29ade9da550827a3)

running 1 test
test production_empty_root_is_accepted ... ok

test result: ok. 1 passed; 0 failed; 0 ignored; 0 measured; 0 filtered out; finished in 0.00s
