   Compiling proc-macro2 v1.0.106
   Compiling unicode-ident v1.0.24
   Compiling quote v1.0.45
   Compiling libc v0.2.183
   Compiling find-msvc-tools v0.1.9
   Compiling shlex v1.3.0
   Compiling cfg-if v1.0.4
   Compiling memchr v2.8.0
   Compiling jobserver v0.1.34
   Compiling smallvec v1.15.1
   Compiling syn v2.0.117
   Compiling pin-project-lite v0.2.17
   Compiling log v0.4.29
   Compiling cc v1.2.58
   Compiling parking_lot_core v0.9.12
   Compiling tree-sitter-language v0.1.7
   Compiling syn v3.0.6
   Compiling scopeguard v1.2.0
   Compiling lock_api v0.4.14
   Compiling itoa v1.0.18
   Compiling parking_lot v0.12.5
   Compiling serde_core v1.0.228
   Compiling once_cell v1.21.4
   Compiling serde v1.0.228
   Compiling futures-core v0.3.32
   Compiling bitflags v2.11.0
   Compiling synstructure v0.14.0
   Compiling bytes v1.11.1
   Compiling zerofrom-derive v0.1.8
   Compiling yoke-derive v0.8.4
   Compiling serde_derive v1.0.228
   Compiling zerofrom v0.1.8
   Compiling stable_deref_trait v1.2.1
   Compiling pkg-config v0.3.32
   Compiling yoke v0.8.3
   Compiling tracing-core v0.1.36
   Compiling errno v0.3.14
   Compiling mio v1.2.0
   Compiling equivalent v1.0.2
   Compiling signal-hook-registry v1.4.8
   Compiling tokio-macros v2.6.1
   Compiling tracing-attributes v0.1.31
   Compiling zerovec-derive v0.11.6
   Compiling socket2 v0.6.3
   Compiling futures-sink v0.3.32
   Compiling zmij v1.0.21
   Compiling futures-channel v0.3.32
   Compiling tokio v1.50.0
   Compiling zerovec v0.11.8
   Compiling tracing v0.1.44
   Compiling displaydoc v0.2.7
   Compiling aho-corasick v1.1.4
   Compiling regex-syntax v0.8.10
   Compiling futures-macro v0.3.32
   Compiling futures-io v0.3.32
   Compiling cpufeatures v0.3.0
   Compiling futures-task v0.3.32
   Compiling slab v0.4.12
   Compiling rand_core v0.10.0
   Compiling regex-automata v0.4.14
   Compiling futures-util v0.3.32
   Compiling getrandom v0.4.2
   Compiling autocfg v1.5.0
   Compiling serde_json v1.0.149
   Compiling num-traits v0.2.19
   Compiling tinystr v0.8.4
   Compiling zstd-sys v2.0.16+zstd.1.5.7
   Compiling thiserror v2.0.18
   Compiling litemap v0.8.3
   Compiling writeable v0.6.4
   Compiling foldhash v0.2.0
   Compiling crossbeam-utils v0.8.21
   Compiling allocator-api2 v0.2.21
   Compiling vcpkg v0.2.15
   Compiling hashbrown v0.17.1
   Compiling icu_locale_core v2.3.0
   Compiling libsqlite3-sys v0.38.1
   Compiling zerotrie v0.2.5
   Compiling potential_utf v0.1.6
   Compiling thiserror-impl v2.0.18
   Compiling blake3 v1.8.4
   Compiling ring v0.17.14
   Compiling icu_normalizer_data v2.3.0
   Compiling crossbeam-epoch v0.9.20
   Compiling icu_properties_data v2.3.0
   Compiling utf8_iter v1.0.4
   Compiling icu_collections v2.3.0
   Compiling icu_provider v2.3.1
   Compiling chacha20 v0.10.2
   Compiling http v1.5.0
   Compiling zstd-safe v7.2.4
   Compiling iana-time-zone v0.1.65
   Compiling zeroize v1.9.0
   Compiling constant_time_eq v0.4.2
   Compiling percent-encoding v2.3.2
   Compiling arrayvec v0.7.6
   Compiling arrayref v0.3.9
   Compiling strsim v0.11.1
   Compiling rustls-pki-types v1.15.1
   Compiling chrono v0.4.44
   Compiling http-body v1.1.0
   Compiling rand v0.10.3
   Compiling hashlink v0.12.1
   Compiling regex v1.12.3
   Compiling scheduled-thread-pool v0.2.7
   Compiling getrandom v0.2.17
   Compiling untrusted v0.9.0
   Compiling hashbrown v0.16.1
   Compiling fallible-streaming-iterator v0.1.9
   Compiling fallible-iterator v0.3.0
   Compiling httparse v1.10.1
   Compiling indexmap v2.13.0
   Compiling r2d2 v0.8.10
   Compiling icu_properties v2.3.0
   Compiling rusqlite v0.40.1
   Compiling icu_normalizer v2.3.0
   Compiling crossbeam-deque v0.8.6
   Compiling uuid v1.23.0
   Compiling cc-model v1.0.0 (/workspace/retry-review/artifacts/checkpoints/independent-retry-liveness-review-20261003/source/old/crates/cc-model)
   Compiling rustls v0.23.45
   Compiling ident_case v1.0.1
   Compiling try-lock v0.2.5
   Compiling tower-service v0.3.3
   Compiling rayon-core v1.13.0
   Compiling cfg_aliases v0.2.1
   Compiling nix v0.31.2
   Compiling want v0.3.1
   Compiling darling_core v0.23.0
   Compiling r2d2_sqlite v0.35.0
   Compiling idna_adapter v1.2.2
   Compiling rustls-webpki v0.103.15
   Compiling zstd v0.13.3
   Compiling form_urlencoded v1.2.2
   Compiling tree-sitter-typescript v0.23.2
   Compiling tree-sitter-go v0.23.4
   Compiling tree-sitter-rust v0.23.3
   Compiling tree-sitter-c v0.23.4
   Compiling tree-sitter-python v0.23.6
   Compiling tree-sitter v0.24.7
   Compiling tree-sitter-javascript v0.23.1
   Compiling tree-sitter-java v0.23.5
   Compiling tree-sitter-cpp v0.23.4
   Compiling same-file v1.0.6
   Compiling atomic-waker v1.1.2
   Compiling subtle v2.6.1
   Compiling inotify-sys v0.1.8
   Compiling ref-cast v1.0.25
   Compiling utf8parse v0.2.2
   Compiling darling_macro v0.23.0
   Compiling anstyle-parse v1.0.0
   Compiling hyper v1.11.1
   Compiling walkdir v2.5.0
   Compiling cc-db v1.0.0 (/workspace/retry-review/artifacts/checkpoints/independent-retry-liveness-review-20261003/source/old/crates/cc-db)
   Compiling idna v1.1.0
   Compiling futures-executor v0.3.32
   Compiling toml_datetime v0.6.11
   Compiling serde_spanned v0.6.9
   Compiling ref-cast-impl v1.0.25
   Compiling serde_derive_internals v0.29.1
   Compiling sync_wrapper v1.0.2
   Compiling bstr v1.12.1
   Compiling ipnet v2.12.2
   Compiling streaming-iterator v0.1.9
   Compiling winnow v0.7.15
   Compiling either v1.15.0
   Compiling is_terminal_polyfill v1.70.2
   Compiling toml_write v0.1.2
   Compiling anstyle v1.0.14
   Compiling rustix v1.1.4
   Compiling anstyle-query v1.1.5
   Compiling base64 v0.23.1
   Compiling tower-layer v0.3.3
   Compiling colorchoice v1.0.5
   Compiling tower v0.5.3
   Compiling anstream v1.0.0
   Compiling toml_edit v0.22.27
   Compiling hyper-util v0.1.21
   Compiling rayon v1.11.0
   Compiling schemars_derive v1.2.1
   Compiling globset v0.4.18
   Compiling futures v0.3.32
   Compiling url v2.5.8
   Compiling tokio-rustls v0.26.5
   Compiling darling v0.23.0
   Compiling webpki-roots v1.0.9
   Compiling lru v0.18.2
   Compiling heck v0.5.0
   Compiling ryu v1.0.23
   Compiling option-ext v0.2.0
   Compiling linux-raw-sys v0.12.1
   Compiling rmcp v2.2.0
   Compiling base64 v0.22.1
   Compiling lazy_static v1.5.0
   Compiling dyn-clone v1.0.20
   Compiling clap_lex v1.0.0
   Compiling schemars v1.2.1
   Compiling clap_builder v4.6.0
   Compiling process-wrap v9.1.0
   Compiling sharded-slab v0.1.7
   Compiling clap_derive v4.6.0
   Compiling dirs-sys v0.4.1
   Compiling serde_urlencoded v0.7.1
   Compiling hyper-rustls v0.27.10
   Compiling inotify v0.11.5
   Compiling rmcp-macros v2.2.0
   Compiling cc-parsers v1.0.0 (/workspace/retry-review/artifacts/checkpoints/independent-retry-liveness-review-20261003/source/old/crates/cc-parsers)
   Compiling tower-http v0.6.11
   Compiling ignore v0.4.25
   Compiling toml v0.8.23
   Compiling http-body-util v0.1.5
   Compiling tokio-util v0.7.18
   Compiling matchers v0.2.0
   Compiling tokio-stream v0.1.18
   Compiling tracing-log v0.2.0
   Compiling async-trait v0.1.89
   Compiling notify-types v2.1.0
   Compiling thread_local v1.1.9
   Compiling pastey v0.2.1
   Compiling fastrand v2.3.0
   Compiling nu-ansi-term v0.50.3
   Compiling tempfile v3.27.0
   Compiling tracing-subscriber v0.3.23
   Compiling notify v8.2.0
   Compiling cc-index v1.0.0 (/workspace/retry-review/artifacts/checkpoints/independent-retry-liveness-review-20261003/source/old/crates/cc-index)
   Compiling reqwest v0.12.28
   Compiling clap v4.6.0
   Compiling dirs v5.0.1
   Compiling cc-search v1.0.0 (/workspace/retry-review/artifacts/checkpoints/independent-retry-liveness-review-20261003/source/old/crates/cc-search)
   Compiling cc-semantic v1.0.0 (/workspace/retry-review/artifacts/checkpoints/independent-retry-liveness-review-20261003/source/old/crates/cc-semantic)
   Compiling cc-server v1.0.0 (/workspace/retry-review/artifacts/checkpoints/independent-retry-liveness-review-20261003/source/old/crates/cc-server)
error[E0308]: mismatched types
  --> crates/cc-server/src/fresh_retry_oracle.rs:50:208
   |
50 | ...emantic_coverage().unwrap().coverage.published==n-1;
   |                                                    ^^^ expected `u64`, found `usize`

error[E0277]: can't compare `u64` with `usize`
   --> crates/cc-server/src/fresh_retry_oracle.rs:50:206
    |
 50 | ...antic_coverage().unwrap().coverage.published==n-1;
    |                                                ^^ no implementation for `u64 == usize`
    |
    = help: the trait `PartialEq<usize>` is not implemented for `u64`
help: the following other types implement trait `PartialEq<Rhs>`
   --> /rustc/59807616e1fa2540724bfbac14d7976d7e4a3860/library/core/src/cmp.rs:1876:12
    |
    = note: `u64` implements `PartialEq`
   ::: /rustc/59807616e1fa2540724bfbac14d7976d7e4a3860/library/core/src/cmp.rs:1900:5
    |
    = note: in this macro invocation
    |
   ::: /workspace/.cargo/registry/src/index.crates.io-1949cf8c6b5b557f/serde_json-1.0.149/src/value/partial_eq.rs:76:13
    |
 76 |               impl PartialEq<Value> for $ty {
    |               ^^^^^^^^^^^^^^^^^^^^^^^^^^^^^ `u64` implements `PartialEq<serde_json::Value>`
...
 97 | / partialeq_numeric! {
 98 | |     eq_i64[i8 i16 i32 i64 isize]
 99 | |     eq_u64[u8 u16 u32 u64 usize]
100 | |     eq_f32[f32]
101 | |     eq_f64[f64]
102 | |     eq_bool[bool]
103 | | }
    | |_- in this macro invocation
    = note: this error originates in the macro `partial_eq_impl` which comes from the expansion of the macro `partialeq_numeric` (in Nightly builds, run with -Z macro-backtrace for more info)

error[E0308]: mismatched types
   --> crates/cc-server/src/fresh_retry_oracle.rs:81:259
    |
 81 | ...t report=drain_pending_parallel_with_lifecycle(&f.worker.db,"fresh-cancel",&limit,Some(&f.worker.lifecycle),width,&|g|{assert!(g...
    |             ------------------------------------- arguments to this function are incorrect                     ^^^^^ expected `usize`, found `u32`
    |
note: function defined here
   --> crates/cc-semantic/src/queue.rs:375:8
    |
375 | pub fn drain_pending_parallel_with_lifecycle(
    |        ^^^^^^^^^^^^^^^^^^^^^^^^^^^^^^^^^^^^^
help: you can convert a `u32` to a `usize` and panic if the converted value doesn't fit
    |
 81 |  for width in [0,2] {let f=fixture(6,width,0,None,false);let seen=Mutex::new(Vec::new());let limit=WorkerLimits::validated(16,60.0,30.0,3).unwrap();let report=drain_pending_parallel_with_lifecycle(&f.worker.db,"fresh-cancel",&limit,Some(&f.worker.lifecycle),width.try_into().unwrap(),&|g|{assert!(g.renew()?);assert!(!f.worker.db.renew_semantic_lease(g.task().task_id,"wrong-token",60.0)?);seen.lock().unwrap().push((g.task().task_id,g.task().token.clone()));Ok(TaskExit::Cancelled{started:false})}).unwrap();assert!(report.claimed>=1&&report.claimed<=if width==0{1}else{2});assert!(rows(&f.worker).iter().all(|x|x.attempt==0&&x.state=="pending"&&x.token.is_none()));for(id,token)in seen.lock().unwrap().iter(){assert!(!f.worker.db.renew_semantic_lease(*id,token,60.0).unwrap());assert!(!f.worker.db.hand_back_cancelled_semantic_task(*id,token,true).unwrap());}println!("CANCEL width={width} claims={} charged=0 stale_renew=false stale_handback=false",report.claimed);f.worker.close();}
    |                                                                                                                                                                                                                                                                        ++++++++++++++++++++

warning: unused variable: `g`
  --> crates/cc-server/src/fresh_retry_oracle.rs:86:160
   |
86 | ...,Some(&f.worker.lifecycle),2,&|g|{if ordinal.fetch_add(1,Ordering::SeqCst)==0 {b.wait(1);tx.send(()).unwrap();Err(cc_model::CcErr...
   |                                   ^ help: if this is intentional, prefix it with an underscore: `_g`
   |
   = note: `#[warn(unused_variables)]` (part of `#[warn(unused)]`) on by default

Some errors have detailed explanations: E0277, E0308.
For more information about an error, try `rustc --explain E0277`.
warning: `cc-server` (lib test) generated 1 warning
error: could not compile `cc-server` (lib test) due to 3 previous errors; 1 warning emitted
