artifacts/checkpoints/independent-retry-liveness-review-20261003/fixed-ignored-fixture-run.log:6: trailing whitespace.
+test semantic_runtime::fresh_retry_oracle::fresh_close_join_with_success_and_server_error ... 
artifacts/checkpoints/independent-retry-liveness-review-20261003/fixed-ignored-fixture-run.log:16: trailing whitespace.
+test semantic_runtime::fresh_retry_oracle::fresh_closed_needs_retry_hands_back_claims_without_continuation ... 
artifacts/checkpoints/independent-retry-liveness-review-20261003/fixed-ignored-fixture-run.log:22: trailing whitespace.
+test semantic_runtime::fresh_retry_oracle::fresh_retry_matrix_same_acceptance_old_and_fixed ... 
artifacts/checkpoints/independent-retry-liveness-review-20261003/fixed-ignored-fixture-run.log:31: trailing whitespace.
+test semantic_runtime::fresh_retry_oracle::fresh_retry_round_budget_16 ... 
artifacts/checkpoints/independent-retry-liveness-review-20261003/fixed-ignored-fixture-run.log:37: trailing whitespace.
+test semantic_runtime::fresh_retry_oracle::fresh_unhandled_error_waits_for_companion_join ... 
artifacts/checkpoints/independent-retry-liveness-review-20261003/fixed-ignored-fixture-run.log:43: trailing whitespace.
+test semantic_runtime::fresh_retry_oracle::fresh_unstarted_cancel_and_stale_token_fence ... 
artifacts/checkpoints/independent-retry-liveness-review-20261003/fixed-inactive-space-run.log:6: trailing whitespace.
+test semantic_runtime::fresh_retry_oracle::fresh_close_join_with_success_and_server_error ... 
artifacts/checkpoints/independent-retry-liveness-review-20261003/fixed-inactive-space-run.log:16: trailing whitespace.
+test semantic_runtime::fresh_retry_oracle::fresh_closed_needs_retry_hands_back_claims_without_continuation ... 
artifacts/checkpoints/independent-retry-liveness-review-20261003/fixed-inactive-space-run.log:22: trailing whitespace.
+test semantic_runtime::fresh_retry_oracle::fresh_minimal_12_document_reproduction ... 
artifacts/checkpoints/independent-retry-liveness-review-20261003/fixed-inactive-space-run.log:31: trailing whitespace.
+test semantic_runtime::fresh_retry_oracle::fresh_retry_matrix_same_acceptance_old_and_fixed ... 
artifacts/checkpoints/independent-retry-liveness-review-20261003/fixed-inactive-space-run.log:40: trailing whitespace.
+test semantic_runtime::fresh_retry_oracle::fresh_retry_round_budget_16 ... 
artifacts/checkpoints/independent-retry-liveness-review-20261003/fixed-inactive-space-run.log:46: trailing whitespace.
+test semantic_runtime::fresh_retry_oracle::fresh_unhandled_error_waits_for_companion_join ... 
artifacts/checkpoints/independent-retry-liveness-review-20261003/fixed-inactive-space-run.log:52: trailing whitespace.
+test semantic_runtime::fresh_retry_oracle::fresh_unstarted_cancel_and_stale_token_fence ... 
artifacts/checkpoints/independent-retry-liveness-review-20261003/fixed-minimal.log:10: new blank line at EOF.
artifacts/checkpoints/independent-retry-liveness-review-20261003/fixed-no-enqueue-run.log:6: trailing whitespace.
+test semantic_runtime::fresh_retry_oracle::fresh_close_join_with_success_and_server_error ... 
artifacts/checkpoints/independent-retry-liveness-review-20261003/fixed-no-enqueue-run.log:16: trailing whitespace.
+test semantic_runtime::fresh_retry_oracle::fresh_closed_needs_retry_hands_back_claims_without_continuation ... 
artifacts/checkpoints/independent-retry-liveness-review-20261003/fixed-no-enqueue-run.log:22: trailing whitespace.
+test semantic_runtime::fresh_retry_oracle::fresh_minimal_12_document_reproduction ... 
artifacts/checkpoints/independent-retry-liveness-review-20261003/fixed-no-enqueue-run.log:31: trailing whitespace.
+test semantic_runtime::fresh_retry_oracle::fresh_retry_matrix_same_acceptance_old_and_fixed ... 
artifacts/checkpoints/independent-retry-liveness-review-20261003/fixed-no-enqueue-run.log:40: trailing whitespace.
+test semantic_runtime::fresh_retry_oracle::fresh_retry_round_budget_16 ... 
artifacts/checkpoints/independent-retry-liveness-review-20261003/fixed-no-enqueue-run.log:46: trailing whitespace.
+test semantic_runtime::fresh_retry_oracle::fresh_unhandled_error_waits_for_companion_join ... 
artifacts/checkpoints/independent-retry-liveness-review-20261003/fixed-no-enqueue-run.log:52: trailing whitespace.
+test semantic_runtime::fresh_retry_oracle::fresh_unstarted_cancel_and_stale_token_fence ... 
artifacts/checkpoints/independent-retry-liveness-review-20261003/fixed-run.log:88: new blank line at EOF.
artifacts/checkpoints/independent-retry-liveness-review-20261003/old-ignored-fixture-run.log:6: trailing whitespace.
+test semantic_runtime::fresh_retry_oracle::fresh_close_join_with_success_and_server_error ... 
artifacts/checkpoints/independent-retry-liveness-review-20261003/old-ignored-fixture-run.log:16: trailing whitespace.
+test semantic_runtime::fresh_retry_oracle::fresh_closed_needs_retry_hands_back_claims_without_continuation ... 
artifacts/checkpoints/independent-retry-liveness-review-20261003/old-ignored-fixture-run.log:22: trailing whitespace.
+test semantic_runtime::fresh_retry_oracle::fresh_retry_matrix_same_acceptance_old_and_fixed ... 
artifacts/checkpoints/independent-retry-liveness-review-20261003/old-ignored-fixture-run.log:31: trailing whitespace.
+test semantic_runtime::fresh_retry_oracle::fresh_retry_round_budget_16 ... 
artifacts/checkpoints/independent-retry-liveness-review-20261003/old-ignored-fixture-run.log:37: trailing whitespace.
+test semantic_runtime::fresh_retry_oracle::fresh_unhandled_error_waits_for_companion_join ... 
artifacts/checkpoints/independent-retry-liveness-review-20261003/old-ignored-fixture-run.log:43: trailing whitespace.
+test semantic_runtime::fresh_retry_oracle::fresh_unstarted_cancel_and_stale_token_fence ... 
artifacts/checkpoints/independent-retry-liveness-review-20261003/old-inactive-space-run.log:6: trailing whitespace.
+test semantic_runtime::fresh_retry_oracle::fresh_close_join_with_success_and_server_error ... 
artifacts/checkpoints/independent-retry-liveness-review-20261003/old-inactive-space-run.log:16: trailing whitespace.
+test semantic_runtime::fresh_retry_oracle::fresh_closed_needs_retry_hands_back_claims_without_continuation ... 
artifacts/checkpoints/independent-retry-liveness-review-20261003/old-inactive-space-run.log:22: trailing whitespace.
+test semantic_runtime::fresh_retry_oracle::fresh_minimal_12_document_reproduction ... 
artifacts/checkpoints/independent-retry-liveness-review-20261003/old-inactive-space-run.log:31: trailing whitespace.
+test semantic_runtime::fresh_retry_oracle::fresh_retry_matrix_same_acceptance_old_and_fixed ... 
artifacts/checkpoints/independent-retry-liveness-review-20261003/old-inactive-space-run.log:40: trailing whitespace.
+test semantic_runtime::fresh_retry_oracle::fresh_retry_round_budget_16 ... 
artifacts/checkpoints/independent-retry-liveness-review-20261003/old-inactive-space-run.log:46: trailing whitespace.
+test semantic_runtime::fresh_retry_oracle::fresh_unhandled_error_waits_for_companion_join ... 
artifacts/checkpoints/independent-retry-liveness-review-20261003/old-inactive-space-run.log:52: trailing whitespace.
+test semantic_runtime::fresh_retry_oracle::fresh_unstarted_cancel_and_stale_token_fence ... 
artifacts/checkpoints/independent-retry-liveness-review-20261003/old-minimal.log:17: new blank line at EOF.
artifacts/checkpoints/independent-retry-liveness-review-20261003/old-no-enqueue-run.log:6: trailing whitespace.
+test semantic_runtime::fresh_retry_oracle::fresh_close_join_with_success_and_server_error ... 
artifacts/checkpoints/independent-retry-liveness-review-20261003/old-no-enqueue-run.log:16: trailing whitespace.
+test semantic_runtime::fresh_retry_oracle::fresh_closed_needs_retry_hands_back_claims_without_continuation ... 
artifacts/checkpoints/independent-retry-liveness-review-20261003/old-no-enqueue-run.log:22: trailing whitespace.
+test semantic_runtime::fresh_retry_oracle::fresh_minimal_12_document_reproduction ... 
artifacts/checkpoints/independent-retry-liveness-review-20261003/old-no-enqueue-run.log:31: trailing whitespace.
+test semantic_runtime::fresh_retry_oracle::fresh_retry_matrix_same_acceptance_old_and_fixed ... 
artifacts/checkpoints/independent-retry-liveness-review-20261003/old-no-enqueue-run.log:40: trailing whitespace.
+test semantic_runtime::fresh_retry_oracle::fresh_retry_round_budget_16 ... 
artifacts/checkpoints/independent-retry-liveness-review-20261003/old-no-enqueue-run.log:46: trailing whitespace.
+test semantic_runtime::fresh_retry_oracle::fresh_unhandled_error_waits_for_companion_join ... 
artifacts/checkpoints/independent-retry-liveness-review-20261003/old-no-enqueue-run.log:52: trailing whitespace.
+test semantic_runtime::fresh_retry_oracle::fresh_unstarted_cancel_and_stale_token_fence ... 
artifacts/checkpoints/independent-retry-liveness-review-20261003/pr120-retained-counterexample.log:12: new blank line at EOF.
