test_all_stopped_seal_contract (test_p8_runtime.OwnedWriterSealControls.test_all_stopped_seal_contract) ... ok
test_comparison_construction_failure_seal_contract (test_p8_runtime.OwnedWriterSealControls.test_comparison_construction_failure_seal_contract) ... ok
test_comparison_reader_alive_seal_contract (test_p8_runtime.OwnedWriterSealControls.test_comparison_reader_alive_seal_contract) ... ok
test_comparison_watcher_alive_seal_contract (test_p8_runtime.OwnedWriterSealControls.test_comparison_watcher_alive_seal_contract) ... ok
test_main_construction_failure_seal_contract (test_p8_runtime.OwnedWriterSealControls.test_main_construction_failure_seal_contract) ... ok
test_main_reader_alive_seal_contract (test_p8_runtime.OwnedWriterSealControls.test_main_reader_alive_seal_contract) ... ok
test_main_watcher_alive_seal_contract (test_p8_runtime.OwnedWriterSealControls.test_main_watcher_alive_seal_contract) ... ok
test_sampler_alive_seal_contract (test_p8_runtime.OwnedWriterSealControls.test_sampler_alive_seal_contract) ... ok
test_stopped_close_error_seal_contract (test_p8_runtime.OwnedWriterSealControls.test_stopped_close_error_seal_contract) ... ok
test_worker_unfinished_seal_contract (test_p8_runtime.OwnedWriterSealControls.test_worker_unfinished_seal_contract) ... ok
test_completed_unequal_oracle_preserves_gate_failure_and_all_statistics (test_p8_runtime.RuntimeDriverControls.test_completed_unequal_oracle_preserves_gate_failure_and_all_statistics) ... ok
test_equal_oracle_retains_successful_observation (test_p8_runtime.RuntimeDriverControls.test_equal_oracle_retains_successful_observation) ... ok
test_existing_drain_deadline_preserves_canceled_outcomes_and_bounds (test_p8_runtime.RuntimeDriverControls.test_existing_drain_deadline_preserves_canceled_outcomes_and_bounds) ... ok
test_keyboard_interrupt_records_failure_before_and_after_drain (test_p8_runtime.RuntimeDriverControls.test_keyboard_interrupt_records_failure_before_and_after_drain) ... ok
test_oracle_execution_error_remains_driver_failure (test_p8_runtime.RuntimeDriverControls.test_oracle_execution_error_remains_driver_failure) ... ok
test_raw_budget_failure_cancels_and_joins_before_sealing (test_p8_runtime.RuntimeDriverControls.test_raw_budget_failure_cancels_and_joins_before_sealing) ... ok
test_submit_failure_retains_offered_attempt_and_releases_slot (test_p8_runtime.RuntimeDriverControls.test_submit_failure_retains_offered_attempt_and_releases_slot) ... ok
test_clustered_rss_cannot_certify_an_hour (test_p8_runtime.RuntimeEvidenceTests.test_clustered_rss_cannot_certify_an_hour) ... ok
test_exact_public_hit_rejects_query_echo_and_wrong_path (test_p8_runtime.RuntimeEvidenceTests.test_exact_public_hit_rejects_query_echo_and_wrong_path) ... ok
test_existing_memory_threshold_is_preserved (test_p8_runtime.RuntimeEvidenceTests.test_existing_memory_threshold_is_preserved) ... ok
test_failed_outcomes_still_enter_latency_denominator (test_p8_runtime.RuntimeEvidenceTests.test_failed_outcomes_still_enter_latency_denominator) ... ok
test_mutations_use_real_git_and_do_not_grow_source (test_p8_runtime.RuntimeEvidenceTests.test_mutations_use_real_git_and_do_not_grow_source) ... ok
test_raw_is_exclusive_and_preserves_every_row (test_p8_runtime.RuntimeEvidenceTests.test_raw_is_exclusive_and_preserves_every_row) ... ok
test_unowned_git_mutation_is_refused (test_p8_runtime.RuntimeEvidenceTests.test_unowned_git_mutation_is_refused) ... ok
test_zero_or_missing_rss_cannot_pass (test_p8_runtime.RuntimeEvidenceTests.test_zero_or_missing_rss_cannot_pass) ... ok
test_equal_oracle_still_keeps_passing_statistics (test_p8_runtime.RuntimeFailureLifecycleTests.test_equal_oracle_still_keeps_passing_statistics) ... ok
test_oracle_difference_keeps_statistics_and_failure_exit_one (test_p8_runtime.RuntimeFailureLifecycleTests.test_oracle_difference_keeps_statistics_and_failure_exit_one) ... ok
test_oracle_infrastructure_failure_stays_exit_two (test_p8_runtime.RuntimeFailureLifecycleTests.test_oracle_infrastructure_failure_stays_exit_two) ... ok
test_original_drain_deadline_has_one_cleanup_wait_and_all_terminal_rows (test_p8_runtime.RuntimeFailureLifecycleTests.test_original_drain_deadline_has_one_cleanup_wait_and_all_terminal_rows) ... ok
test_raw_budget_abort_drains_actual_worker_before_sealing (test_p8_runtime.RuntimeFailureLifecycleTests.test_raw_budget_abort_drains_actual_worker_before_sealing) ... ok
test_unconfirmed_worker_shutdown_cannot_create_a_seal (test_p8_runtime.RuntimeFailureLifecycleTests.test_unconfirmed_worker_shutdown_cannot_create_a_seal) ... ok
test_exhausted_raw_sidecar_keeps_metadata_without_nested_response_bodies (test_p8_runtime_cache.CacheTerminalRetentionTests.test_exhausted_raw_sidecar_keeps_metadata_without_nested_response_bodies) ... ok
test_failed_request_prefix_and_non_cache_terminal_metadata_are_preserved (test_p8_runtime_cache.CacheTerminalRetentionTests.test_failed_request_prefix_and_non_cache_terminal_metadata_are_preserved) ... ok
test_cache_hit_cannot_hide_stale_source_or_wrong_entity (test_p8_runtime_cache.SoakCacheProtocolTests.test_cache_hit_cannot_hide_stale_source_or_wrong_entity) ... ok
test_clustered_cache_receipts_cannot_certify_temporal_reuse (test_p8_runtime_cache.SoakCacheProtocolTests.test_clustered_cache_receipts_cannot_certify_temporal_reuse) ... ok
test_cross_generation_or_server_cannot_be_cache_receipt (test_p8_runtime_cache.SoakCacheProtocolTests.test_cross_generation_or_server_cannot_be_cache_receipt) ... ok
test_each_failed_request_prefix_keeps_actual_counts_no_invented_attempts (test_p8_runtime_cache.SoakCacheProtocolTests.test_each_failed_request_prefix_keeps_actual_counts_no_invented_attempts) ... ok
test_missing_original_call_or_changed_request_is_rejected (test_p8_runtime_cache.SoakCacheProtocolTests.test_missing_original_call_or_changed_request_is_rejected) ... ok
test_observed_wire_status_has_outer_and_nested_matching_freshness (test_p8_runtime_cache.SoakCacheProtocolTests.test_observed_wire_status_has_outer_and_nested_matching_freshness) ... ok
test_real_generation_rule_includes_noop_hit_and_refill_then_hit (test_p8_runtime_cache.SoakCacheProtocolTests.test_real_generation_rule_includes_noop_hit_and_refill_then_hit) ... ok
test_shared_pool_counters_must_progress_without_reset_or_rejection (test_p8_runtime_cache.SoakCacheProtocolTests.test_shared_pool_counters_must_progress_without_reset_or_rejection) ... ok
test_spread_offers_with_clustered_actual_calls_do_not_cover_four_quarters (test_p8_runtime_cache.SoakCacheProtocolTests.test_spread_offers_with_clustered_actual_calls_do_not_cover_four_quarters) ... ok
test_summary_keeps_original_operation_N_and_explicit_rpc_totals_and_quarters (test_p8_runtime_cache.SoakCacheProtocolTests.test_summary_keeps_original_operation_N_and_explicit_rpc_totals_and_quarters) ... ok
test_summary_rejects_missing_raw_changed_receipt_or_preceding_mutation (test_p8_runtime_cache.SoakCacheProtocolTests.test_summary_rejects_missing_raw_changed_receipt_or_preceding_mutation) ... ok
test_wrong_hit_after_invalidation_and_wrong_miss_same_generation_fail (test_p8_runtime_cache.SoakCacheProtocolTests.test_wrong_hit_after_invalidation_and_wrong_miss_same_generation_fail) ... ok
test_zero_ambiguous_reset_missing_and_boolean_counters_rejected (test_p8_runtime_cache.SoakCacheProtocolTests.test_zero_ambiguous_reset_missing_and_boolean_counters_rejected) ... ok
test_every_decision_input_including_stderr_plan_rpc_and_sqlite_is_sealed (test_p8_runtime_evidence.RuntimeArtifactSealTests.test_every_decision_input_including_stderr_plan_rpc_and_sqlite_is_sealed) ... ok
test_missing_extra_and_symlink_artifacts_are_rejected (test_p8_runtime_evidence.RuntimeArtifactSealTests.test_missing_extra_and_symlink_artifacts_are_rejected) ... ok
test_complete_contract_checks_every_original_and_retained_artifact (test_p8_runtime_evidence.RuntimeBuildBindingTests.test_complete_contract_checks_every_original_and_retained_artifact) ... ok
test_deleted_original_target_does_not_gain_cross_job_build_approval (test_p8_runtime_evidence.RuntimeBuildBindingTests.test_deleted_original_target_does_not_gain_cross_job_build_approval) ... ok
test_different_compiler_or_rewritten_compiler_bytes_are_rejected (test_p8_runtime_evidence.RuntimeBuildBindingTests.test_different_compiler_or_rewritten_compiler_bytes_are_rejected) ... ok
test_foreign_checkout_with_identical_suffix_is_rejected (test_p8_runtime_evidence.RuntimeBuildBindingTests.test_foreign_checkout_with_identical_suffix_is_rejected) ... ok
test_loaded_foreign_module_cannot_borrow_a_committed_file_hash (test_p8_runtime_evidence.RuntimeBuildBindingTests.test_loaded_foreign_module_cannot_borrow_a_committed_file_hash) ... ok
test_missing_or_outside_target_original_executable_is_rejected (test_p8_runtime_evidence.RuntimeBuildBindingTests.test_missing_or_outside_target_original_executable_is_rejected) ... ok
test_original_log_mutation_is_detected_by_the_build_seal (test_p8_runtime_evidence.RuntimeBuildBindingTests.test_original_log_mutation_is_detected_by_the_build_seal) ... ok
test_private_environment_rejects_existing_target_and_overrides_build_configuration (test_p8_runtime_evidence.RuntimeBuildBindingTests.test_private_environment_rejects_existing_target_and_overrides_build_configuration) ... ok
test_replaced_binary_cannot_be_rebound_with_only_a_self_reported_hash (test_p8_runtime_evidence.RuntimeBuildBindingTests.test_replaced_binary_cannot_be_rebound_with_only_a_self_reported_hash) ... ok
test_rewritten_command_or_missing_statistics_artifact_is_rejected (test_p8_runtime_evidence.RuntimeBuildBindingTests.test_rewritten_command_or_missing_statistics_artifact_is_rejected) ... ok
test_second_check_rejects_original_executable_changed_after_admission (test_p8_runtime_evidence.RuntimeBuildBindingTests.test_second_check_rejects_original_executable_changed_after_admission) ... ok
test_shared_target_or_fresh_workspace_artifact_cannot_pass (test_p8_runtime_evidence.RuntimeBuildBindingTests.test_shared_target_or_fresh_workspace_artifact_cannot_pass) ... ok
test_source_and_observer_changes_are_rejected_after_initial_verification (test_p8_runtime_evidence.RuntimeBuildBindingTests.test_source_and_observer_changes_are_rejected_after_initial_verification) ... ok
test_failed_seal_fingerprint_error_does_not_block_final_failure_report (test_p8_runtime_finalization.FinalizationFailureControls.test_failed_seal_fingerprint_error_does_not_block_final_failure_report) ... ok
test_failed_stopped_observation_remains_exit_one_with_valid_failure_seal (test_p8_runtime_finalization.FinalizationFailureControls.test_failed_stopped_observation_remains_exit_one_with_valid_failure_seal) ... ok
test_inventory_enoent_before_seal_retains_final_failure_and_original_report (test_p8_runtime_finalization.FinalizationFailureControls.test_inventory_enoent_before_seal_retains_final_failure_and_original_report) ... ok
test_lost_output_keeps_cli_two_and_explicit_metadata_failure_stderr (test_p8_runtime_finalization.FinalizationFailureControls.test_lost_output_keeps_cli_two_and_explicit_metadata_failure_stderr) ... ok
test_occupied_backup_is_not_overwritten_or_retried (test_p8_runtime_finalization.FinalizationFailureControls.test_occupied_backup_is_not_overwritten_or_retried) ... ok
test_successful_stopped_observation_keeps_original_valid_seal (test_p8_runtime_finalization.FinalizationFailureControls.test_successful_stopped_observation_keeps_original_valid_seal) ... ok
test_verify_inventory_mismatch_preserves_original_failed_seal_bytes (test_p8_runtime_finalization.FinalizationFailureControls.test_verify_inventory_mismatch_preserves_original_failed_seal_bytes) ... ok

----------------------------------------------------------------------
Ran 68 tests in 20.992s

OK
