    Updating crates.io index
 Downloading crates ...
  Downloaded percent-encoding v2.3.2
  Downloaded sync_wrapper v1.0.2
  Downloaded atomic-waker v1.1.2
  Downloaded rand_pcg v0.10.2
  Downloaded notify v8.2.0
  Downloaded http-body-util v0.1.5
  Downloaded form_urlencoded v1.2.2
  Downloaded displaydoc v0.2.7
  Downloaded synstructure v0.14.0
  Downloaded untrusted v0.9.0
  Downloaded lru v0.18.2
  Downloaded inotify-sys v0.1.8
  Downloaded lru-slab v0.1.3
  Downloaded inotify v0.11.5
  Downloaded hyper-rustls v0.27.10
  Downloaded http-body v1.1.0
  Downloaded idna_adapter v1.2.2
  Downloaded serde_urlencoded v0.7.1
  Downloaded quinn-udp v0.5.15
  Downloaded stable_deref_trait v1.2.1
  Downloaded zerofrom-derive v0.1.8
  Downloaded rustc-hash v2.1.3
  Downloaded subtle v2.6.1
  Downloaded tower-service v0.3.3
  Downloaded litemap v0.8.3
  Downloaded try-lock v0.2.5
  Downloaded want v0.3.1
  Downloaded icu_provider v2.3.1
  Downloaded tower-layer v0.3.3
  Downloaded icu_locale_core v2.3.0
  Downloaded utf8_iter v1.0.4
  Downloaded zerofrom v0.1.8
  Downloaded icu_collections v2.3.0
  Downloaded tower v0.5.3
  Downloaded potential_utf v0.1.6
  Downloaded ipnet v2.12.2
  Downloaded yoke-derive v0.8.4
  Downloaded icu_properties_data v2.3.0
  Downloaded writeable v0.6.4
  Downloaded tinystr v0.8.4
  Downloaded zeroize v1.9.0
  Downloaded quinn-proto v0.11.18
  Downloaded notify-types v2.1.0
  Downloaded crossbeam-epoch v0.9.20
  Downloaded httparse v1.10.1
  Downloaded chacha20 v0.10.2
  Downloaded tokio-rustls v0.26.5
  Downloaded yoke v0.8.3
  Downloaded zerovec-derive v0.11.6
  Downloaded rustls-pki-types v1.15.1
  Downloaded ryu v1.0.23
  Downloaded tinyvec v1.13.3
  Downloaded icu_normalizer_data v2.3.0
  Downloaded url v2.5.8
  Downloaded zerotrie v0.2.5
  Downloaded rustls-webpki v0.103.15
  Downloaded base64 v0.23.1
  Downloaded rand v0.10.3
  Downloaded icu_properties v2.3.0
  Downloaded http v1.5.0
  Downloaded quinn v0.11.12
  Downloaded hyper-util v0.1.21
  Downloaded zerovec v0.11.8
  Downloaded tower-http v0.6.11
  Downloaded reqwest v0.12.28
  Downloaded hyper v1.11.1
  Downloaded webpki-roots v1.0.9
  Downloaded idna v1.1.0
  Downloaded syn v3.0.6
  Downloaded rustls v0.23.45
  Downloaded icu_normalizer v2.3.0
  Downloaded ring v0.17.14
   Compiling libc v0.2.183
    Checking smallvec v1.15.1
   Compiling syn v3.0.6
    Checking stable_deref_trait v1.2.1
    Checking futures-channel v0.3.32
    Checking bitflags v2.11.0
   Compiling serde_json v1.0.149
    Checking futures-util v0.3.32
   Compiling jobserver v0.1.34
    Checking parking_lot_core v0.9.12
   Compiling cc v1.2.58
    Checking parking_lot v0.12.5
    Checking errno v0.3.14
    Checking mio v1.2.0
    Checking signal-hook-registry v1.4.8
    Checking socket2 v0.6.3
    Checking tokio v1.50.0
   Compiling synstructure v0.14.0
   Compiling zstd-sys v2.0.16+zstd.1.5.7
   Compiling zerofrom-derive v0.1.8
   Compiling yoke-derive v0.8.4
   Compiling zerovec-derive v0.11.6
    Checking zerofrom v0.1.8
   Compiling displaydoc v0.2.7
    Checking yoke v0.8.3
    Checking writeable v0.6.4
    Checking litemap v0.8.3
    Checking zerovec v0.11.8
   Compiling libsqlite3-sys v0.38.1
    Checking zerotrie v0.2.5
    Checking hashbrown v0.17.1
    Checking tinystr v0.8.4
    Checking potential_utf v0.1.6
    Checking icu_locale_core v2.3.0
   Compiling ring v0.17.14
   Compiling blake3 v1.8.4
    Checking utf8_iter v1.0.4
   Compiling crossbeam-epoch v0.9.20
   Compiling icu_properties_data v2.3.0
   Compiling icu_normalizer_data v2.3.0
    Checking icu_collections v2.3.0
    Checking icu_provider v2.3.1
    Checking getrandom v0.4.2
    Checking chacha20 v0.10.2
    Checking http v1.5.0
    Checking zeroize v1.9.0
    Checking percent-encoding v2.3.2
    Checking rustls-pki-types v1.15.1
    Checking http-body v1.1.0
    Checking rand v0.10.3
    Checking hashlink v0.12.1
    Checking scheduled-thread-pool v0.2.7
    Checking getrandom v0.2.17
   Compiling httparse v1.10.1
    Checking untrusted v0.9.0
    Checking r2d2 v0.8.10
    Checking icu_properties v2.3.0
    Checking icu_normalizer v2.3.0
    Checking crossbeam-deque v0.8.6
    Checking uuid v1.23.0
    Checking cc-model v1.0.0 (/workspace/bounded-parallel/crates/cc-model)
   Compiling rustls v0.23.45
    Checking tower-service v0.3.3
    Checking try-lock v0.2.5
    Checking want v0.3.1
    Checking rustls-webpki v0.103.15
    Checking idna_adapter v1.2.2
    Checking form_urlencoded v1.2.2
   Compiling tree-sitter-c v0.23.4
   Compiling tree-sitter-java v0.23.5
   Compiling tree-sitter v0.24.7
   Compiling tree-sitter-rust v0.23.3
   Compiling tree-sitter-cpp v0.23.4
   Compiling tree-sitter-javascript v0.23.1
   Compiling tree-sitter-python v0.23.6
    Checking rusqlite v0.40.1
   Compiling tree-sitter-go v0.23.4
   Compiling tree-sitter-typescript v0.23.2
   Compiling inotify-sys v0.1.8
    Checking subtle v2.6.1
    Checking atomic-waker v1.1.2
    Checking hyper v1.11.1
    Checking r2d2_sqlite v0.35.0
   Compiling zstd-safe v7.2.4
    Checking idna v1.1.0
    Checking zstd v0.13.3
    Checking rayon-core v1.13.0
    Checking cc-db v1.0.0 (/workspace/bounded-parallel/crates/cc-db)
    Checking sync_wrapper v1.0.2
    Checking serde_spanned v0.6.9
    Checking toml_datetime v0.6.11
    Checking base64 v0.23.1
    Checking tower-layer v0.3.3
    Checking toml_write v0.1.2
    Checking ipnet v2.12.2
    Checking winnow v0.7.15
    Checking hyper-util v0.1.21
    Checking rayon v1.11.0
    Checking tower v0.5.3
    Checking toml_edit v0.22.27
    Checking ref-cast v1.0.25
   Compiling darling v0.23.0
    Checking url v2.5.8
    Checking tokio-rustls v0.26.5
    Checking webpki-roots v1.0.9
    Checking lru v0.18.2
    Checking futures-executor v0.3.32
    Checking dyn-clone v1.0.20
    Checking lazy_static v1.5.0
    Checking strsim v0.11.1
    Checking option-ext v0.2.0
    Checking ryu v1.0.23
    Checking clap_lex v1.0.0
   Compiling rmcp v2.2.0
    Checking base64 v0.22.1
    Checking serde_urlencoded v0.7.1
    Checking clap_builder v4.6.0
    Checking dirs-sys v0.4.1
    Checking schemars v1.2.1
    Checking sharded-slab v0.1.7
    Checking futures v0.3.32
    Checking toml v0.8.23
    Checking hyper-rustls v0.27.10
    Checking inotify v0.11.5
    Checking cc-parsers v1.0.0 (/workspace/bounded-parallel/crates/cc-parsers)
    Checking tower-http v0.6.11
   Compiling rmcp-macros v2.2.0
    Checking ignore v0.4.25
    Checking http-body-util v0.1.5
    Checking tokio-util v0.7.18
    Checking notify-types v2.1.0
    Checking matchers v0.2.0
    Checking tracing-log v0.2.0
    Checking thread_local v1.1.9
    Checking nu-ansi-term v0.50.3
    Checking notify v8.2.0
    Checking tracing-subscriber v0.3.23
    Checking cc-index v1.0.0 (/workspace/bounded-parallel/crates/cc-index)
    Checking reqwest v0.12.28
    Checking clap v4.6.0
    Checking dirs v5.0.1
    Checking cc-search v1.0.0 (/workspace/bounded-parallel/crates/cc-search)
    Checking cc-semantic v1.0.0 (/workspace/bounded-parallel/crates/cc-semantic)
error[E0433]: cannot find module or crate `tracing` in this scope
   --> crates/cc-semantic/src/queue.rs:485:21
    |
485 |                     tracing::warn!(%error, "bounded parallel attempt failed");
    |                     ^^^^^^^ use of unresolved module or unlinked crate `tracing`

error[E0609]: no field `space_id` on type `&ClaimedTask`
   --> crates/cc-semantic/src/queue.rs:413:81
    |
413 |                 if cancelled() || initial_space.as_deref() != Some(guard.task().space_id.as_str())
    |                                                                                 ^^^^^^^^ unknown field
    |
    = note: available fields are: `task_id`, `token`, `doc_key`, `doc_version`, `input_digest` ... and 2 others

Some errors have detailed explanations: E0433, E0609.
For more information about an error, try `rustc --explain E0433`.
error: could not compile `cc-semantic` (lib) due to 2 previous errors
warning: build failed, waiting for other jobs to finish...
