    Checking smallvec v1.15.1
   Compiling syn v3.0.6
    Checking stable_deref_trait v1.2.1
    Checking futures-channel v0.3.32
    Checking litemap v0.8.3
    Checking parking_lot_core v0.9.12
    Checking rusqlite v0.40.1
    Checking futures-util v0.3.32
    Checking parking_lot v0.12.5
    Checking scheduled-thread-pool v0.2.7
    Checking r2d2 v0.8.10
    Checking tokio v1.50.0
    Checking r2d2_sqlite v0.35.0
    Checking cc-db v1.0.0 (/workspace/codecortex/crates/cc-db)
   Compiling synstructure v0.14.0
   Compiling zerovec-derive v0.11.6
   Compiling zerofrom-derive v0.1.8
   Compiling yoke-derive v0.8.4
    Checking zerofrom v0.1.8
   Compiling displaydoc v0.2.7
    Checking writeable v0.6.4
   Compiling ring v0.17.14
    Checking yoke v0.8.3
    Checking utf8_iter v1.0.4
    Checking zerovec v0.11.8
    Checking zerotrie v0.2.5
   Compiling icu_properties_data v2.3.0
   Compiling icu_normalizer_data v2.3.0
    Checking cc-semantic v1.0.0 (/workspace/codecortex/crates/cc-semantic)
    Checking cc-index v1.0.0 (/workspace/codecortex/crates/cc-index)
    Checking tinystr v0.8.4
    Checking icu_locale_core v2.3.0
    Checking potential_utf v0.1.6
    Checking icu_collections v2.3.0
    Checking icu_provider v2.3.1
    Checking http v1.5.0
    Checking percent-encoding v2.3.2
    Checking zeroize v1.9.0
    Checking rustls-pki-types v1.15.1
    Checking http-body v1.1.0
    Checking getrandom v0.2.17
    Checking untrusted v0.9.0
   Compiling httparse v1.10.1
    Checking icu_properties v2.3.0
    Checking icu_normalizer v2.3.0
   Compiling rustls v0.23.45
    Checking tower-service v0.3.3
    Checking try-lock v0.2.5
    Checking want v0.3.1
    Checking form_urlencoded v1.2.2
    Checking atomic-waker v1.1.2
    Checking subtle v2.6.1
    Checking hyper v1.11.1
    Checking idna_adapter v1.2.2
    Checking idna v1.1.0
    Checking futures-executor v0.3.32
    Checking sync_wrapper v1.0.2
    Checking tower-layer v0.3.3
    Checking base64 v0.23.1
    Checking ipnet v2.12.2
    Checking tower v0.5.3
    Checking hyper-util v0.1.21
    Checking futures v0.3.32
    Checking url v2.5.8
    Checking webpki-roots v1.0.9
    Checking ryu v1.0.23
    Checking serde_urlencoded v0.7.1
    Checking tower-http v0.6.11
    Checking process-wrap v9.1.0
    Checking http-body-util v0.1.5
    Checking tokio-stream v0.1.18
    Checking tokio-util v0.7.18
    Checking tracing-subscriber v0.3.23
    Checking cc-search v1.0.0 (/workspace/codecortex/crates/cc-search)
    Checking rmcp v2.2.0
    Checking rustls-webpki v0.103.15
    Checking tokio-rustls v0.26.5
    Checking hyper-rustls v0.27.10
    Checking reqwest v0.12.28
    Checking cc-server v1.0.0 (/workspace/codecortex/crates/cc-server)
    Checking cc-eval v1.0.0 (/workspace/codecortex/crates/cc-eval)
    Finished `dev` profile [unoptimized + debuginfo] target(s) in 31.64s
