    Updating crates.io index
 Downloading crates ...
  Downloaded version_check v0.9.5
  Downloaded crypto-common v0.1.7
  Downloaded digest v0.10.7
  Downloaded sha2 v0.10.9
  Downloaded anyhow v1.0.103
  Downloaded generic-array v0.14.7
  Downloaded zeroize v1.9.0
  Downloaded block-buffer v0.10.4
  Downloaded cpufeatures v0.2.17
  Downloaded rustls-pki-types v1.15.1
  Downloaded typenum v1.20.1
  Downloaded webpki-roots v1.0.9
  Downloaded web-time v1.1.0
  Downloaded reqwest v0.12.28
  Downloaded zerofrom-derive v0.1.8
  Downloaded idna_adapter v1.2.2
  Downloaded synstructure v0.14.0
  Downloaded zerofrom v0.1.8
  Downloaded utf8_iter v1.0.4
  Downloaded icu_properties v2.3.0
  Downloaded idna v1.1.0
  Downloaded url v2.5.8
  Downloaded wasm-bindgen-futures v0.4.66
  Downloaded web-sys v0.3.93
  Downloaded percent-encoding v2.3.2
  Downloaded potential_utf v0.1.6
  Downloaded zerotrie v0.2.5
  Downloaded icu_locale_core v2.3.0
  Downloaded litemap v0.8.3
  Downloaded form_urlencoded v1.2.2
  Downloaded icu_collections v2.3.0
  Downloaded icu_properties_data v2.3.0
  Downloaded tinystr v0.8.4
  Downloaded writeable v0.6.4
  Downloaded icu_provider v2.3.1
  Downloaded displaydoc v0.2.7
  Downloaded tokio-rustls v0.26.5
  Downloaded http v1.5.0
  Downloaded tower-layer v0.3.3
  Downloaded tower-service v0.3.3
  Downloaded icu_normalizer_data v2.3.0
  Downloaded icu_normalizer v2.3.0
  Downloaded sync_wrapper v1.0.2
  Downloaded stable_deref_trait v1.2.1
  Downloaded yoke-derive v0.8.4
  Downloaded yoke v0.8.3
  Downloaded syn v3.0.6
  Downloaded zerovec-derive v0.11.6
  Downloaded zerovec v0.11.8
  Downloaded http-body v1.1.0
  Downloaded tower-http v0.6.11
  Downloaded rustc-hash v2.1.3
  Downloaded ryu v1.0.23
  Downloaded untrusted v0.9.0
  Downloaded rustls-webpki v0.103.15
  Downloaded subtle v2.6.1
  Downloaded rustls v0.23.45
  Downloaded tower v0.5.3
  Downloaded quinn-udp v0.5.15
  Downloaded serde_urlencoded v0.7.1
  Downloaded ring v0.17.14
  Downloaded chacha20 v0.10.2
  Downloaded rand_pcg v0.10.2
  Downloaded tinyvec v1.13.3
  Downloaded quinn-proto v0.11.18
  Downloaded quinn v0.11.12
  Downloaded rand v0.10.3
  Downloaded try-lock v0.2.5
  Downloaded ipnet v2.12.2
  Downloaded hyper-util v0.1.21
  Downloaded httparse v1.10.1
  Downloaded lru-slab v0.1.3
  Downloaded want v0.3.1
  Downloaded hyper v1.11.1
  Downloaded atomic-waker v1.1.2
  Downloaded base64 v0.23.1
  Downloaded notify v8.2.0
  Downloaded windows-targets v0.53.5
  Downloaded http-body-util v0.1.5
  Downloaded hyper-rustls v0.27.10
  Downloaded windows_x86_64_msvc v0.53.1
  Downloaded notify-types v2.1.0
  Downloaded windows_x86_64_gnu v0.53.1
  Downloaded windows_i686_msvc v0.53.1
  Downloaded windows_aarch64_gnullvm v0.53.1
  Downloaded windows_i686_gnullvm v0.53.1
  Downloaded windows_x86_64_gnullvm v0.53.1
  Downloaded inotify-sys v0.1.8
  Downloaded windows_i686_gnu v0.53.1
  Downloaded lru v0.18.2
  Downloaded inotify v0.11.5
  Downloaded windows_aarch64_msvc v0.53.1
  Downloaded crossbeam-epoch v0.9.20
  Downloaded windows-sys v0.60.2
