2026-10-09T06:51:24.2532260Z Current runner version: '2.337.0'
2026-10-09T06:51:24.2558260Z ##[group]Runner Image Provisioner
2026-10-09T06:51:24.2559125Z Hosted Compute Agent
2026-10-09T06:51:24.2559713Z Version: 20261002.596
2026-10-09T06:51:24.2560466Z Commit: c3d12f3313a95f25162a1503be624f3b0617f8c0
2026-10-09T06:51:24.2561244Z Build Date: 2026-10-02T22:28:27Z
2026-10-09T06:51:24.2561966Z Worker ID: {2557d010-7445-4851-bcfe-fc4ff0916915}
2026-10-09T06:51:24.2562716Z Region: northcentralus
2026-10-09T06:51:24.2563651Z Cloud: Azure
2026-10-09T06:51:24.2564350Z ##[endgroup]
2026-10-09T06:51:24.2565924Z ##[group]Operating System
2026-10-09T06:51:24.2567051Z Ubuntu
2026-10-09T06:51:24.2567799Z 24.04.5
2026-10-09T06:51:24.2568346Z LTS
2026-10-09T06:51:24.2568951Z ##[endgroup]
2026-10-09T06:51:24.2569523Z ##[group]Runner Image
2026-10-09T06:51:24.2570125Z Image: ubuntu-24.04
2026-10-09T06:51:24.2570807Z Version: 20261004.327.1
2026-10-09T06:51:24.2572134Z Included Software: https://github.com/actions/runner-images/blob/ubuntu24/20261004.327/images/ubuntu/Ubuntu2404-Readme.md
2026-10-09T06:51:24.2573800Z Image Release: https://github.com/actions/runner-images/releases/tag/ubuntu24%2F20261004.327
2026-10-09T06:51:24.2574797Z ##[endgroup]
2026-10-09T06:51:24.2576385Z ##[group]GITHUB_TOKEN Permissions
2026-10-09T06:51:24.2578852Z Contents: read
2026-10-09T06:51:24.2579497Z Metadata: read
2026-10-09T06:51:24.2580067Z Packages: read
2026-10-09T06:51:24.2580663Z ##[endgroup]
2026-10-09T06:51:24.2582880Z Secret source: Actions
2026-10-09T06:51:24.2583964Z Cache mode: write
2026-10-09T06:51:24.2584939Z Prepare workflow directory
2026-10-09T06:51:24.3119059Z Prepare all required actions
2026-10-09T06:51:24.3194301Z Getting action download info
2026-10-09T06:51:24.5646356Z Download action repository 'actions/checkout@v4' (SHA:11d5960a326750d5838078e36cf38b85af677262)
2026-10-09T06:51:24.6748323Z Download action repository 'dtolnay/rust-toolchain@1.95.0' (SHA:1d64bbcee8ef0c191a54710c227fd268a0d5014b)
2026-10-09T06:51:24.8285666Z Download action repository 'Swatinem/rust-cache@v2' (SHA:6323deb102c322ba6fcbdcafc7e3dddab59af2b6)
2026-10-09T06:51:25.3458368Z Complete job name: msrv
2026-10-09T06:51:25.4317469Z ##[group]Run actions/checkout@v4
2026-10-09T06:51:25.4318521Z with:
2026-10-09T06:51:25.4319035Z   repository: jyqj/codecortex
2026-10-09T06:51:25.4323360Z   token: ***
2026-10-09T06:51:25.4323860Z   ssh-strict: true
2026-10-09T06:51:25.4324346Z   ssh-user: git
2026-10-09T06:51:25.4324842Z   persist-credentials: true
2026-10-09T06:51:25.4325386Z   clean: true
2026-10-09T06:51:25.4325880Z   sparse-checkout-cone-mode: true
2026-10-09T06:51:25.4326654Z   fetch-depth: 1
2026-10-09T06:51:25.4327141Z   fetch-tags: false
2026-10-09T06:51:25.4327630Z   show-progress: true
2026-10-09T06:51:25.4328123Z   lfs: false
2026-10-09T06:51:25.4328835Z   submodules: false
2026-10-09T06:51:25.4329529Z   set-safe-directory: true
2026-10-09T06:51:25.4330204Z   allow-unsafe-pr-checkout: false
2026-10-09T06:51:25.4331314Z env:
2026-10-09T06:51:25.4331904Z   CARGO_TERM_COLOR: always
2026-10-09T06:51:25.4332666Z   RUSTFLAGS: -D warnings
2026-10-09T06:51:25.4333356Z ##[endgroup]
2026-10-09T06:51:25.5398383Z Syncing repository: jyqj/codecortex
2026-10-09T06:51:25.5401150Z ##[group]Getting Git version info
2026-10-09T06:51:25.5402337Z Working directory is '/home/runner/work/codecortex/codecortex'
2026-10-09T06:51:25.5404292Z [command]/usr/bin/git version
2026-10-09T06:51:25.5468861Z git version 2.55.0
2026-10-09T06:51:25.5492478Z ##[endgroup]
2026-10-09T06:51:25.5507985Z Temporarily overriding HOME='/home/runner/work/_temp/36d8cec7-dd24-4704-acb2-052aa7403350' before making global git config changes
2026-10-09T06:51:25.5509853Z Adding repository directory to the temporary git global config as a safe directory
2026-10-09T06:51:25.5514181Z [command]/usr/bin/git config --global --add safe.directory /home/runner/work/codecortex/codecortex
2026-10-09T06:51:25.5563504Z Deleting the contents of '/home/runner/work/codecortex/codecortex'
2026-10-09T06:51:25.5568076Z ##[group]Initializing the repository
2026-10-09T06:51:25.5572281Z [command]/usr/bin/git init /home/runner/work/codecortex/codecortex
2026-10-09T06:51:25.5689065Z hint: Using 'master' as the name for the initial branch. This default branch name
2026-10-09T06:51:25.5690843Z hint: will change to "main" in Git 3.0. To configure the initial branch name
2026-10-09T06:51:25.5692142Z hint: to use in all of your new repositories, which will suppress this warning,
2026-10-09T06:51:25.5693142Z hint: call:
2026-10-09T06:51:25.5693704Z hint:
2026-10-09T06:51:25.5694498Z hint: 	git config --global init.defaultBranch <name>
2026-10-09T06:51:25.5695350Z hint:
2026-10-09T06:51:25.5696464Z hint: Names commonly chosen instead of 'master' are 'main', 'trunk' and
2026-10-09T06:51:25.5698709Z hint: 'development'. The just-created branch can be renamed via this command:
2026-10-09T06:51:25.5700376Z hint:
2026-10-09T06:51:25.5701587Z hint: 	git branch -m <name>
2026-10-09T06:51:25.5702679Z hint:
2026-10-09T06:51:25.5703803Z hint: Disable this message with "git config set advice.defaultBranchName false"
2026-10-09T06:51:25.5705334Z Initialized empty Git repository in /home/runner/work/codecortex/codecortex/.git/
2026-10-09T06:51:25.5713062Z [command]/usr/bin/git remote add origin https://github.com/jyqj/codecortex
2026-10-09T06:51:25.5798361Z ##[endgroup]
2026-10-09T06:51:25.5799477Z ##[group]Disabling automatic garbage collection
2026-10-09T06:51:25.5802162Z [command]/usr/bin/git config --local gc.auto 0
2026-10-09T06:51:25.5835159Z ##[endgroup]
2026-10-09T06:51:25.5836577Z ##[group]Setting up auth
2026-10-09T06:51:25.5842238Z [command]/usr/bin/git config --local --name-only --get-regexp core\.sshCommand
2026-10-09T06:51:25.5873515Z [command]/usr/bin/git submodule foreach --recursive sh -c "git config --local --name-only --get-regexp 'core\.sshCommand' && git config --local --unset-all 'core.sshCommand' || :"
2026-10-09T06:51:25.6223668Z [command]/usr/bin/git config --local --name-only --get-regexp http\.https\:\/\/github\.com\/\.extraheader
2026-10-09T06:51:25.6257637Z [command]/usr/bin/git submodule foreach --recursive sh -c "git config --local --name-only --get-regexp 'http\.https\:\/\/github\.com\/\.extraheader' && git config --local --unset-all 'http.https://github.com/.extraheader' || :"
2026-10-09T06:51:25.6483385Z [command]/usr/bin/git config --local --name-only --get-regexp ^includeIf\.gitdir:
2026-10-09T06:51:25.6515430Z [command]/usr/bin/git submodule foreach --recursive git config --local --show-origin --name-only --get-regexp remote.origin.url
2026-10-09T06:51:25.6745555Z [command]/usr/bin/git config --local http.https://github.com/.extraheader AUTHORIZATION: basic ***
2026-10-09T06:51:25.6784102Z ##[endgroup]
2026-10-09T06:51:25.6785601Z ##[group]Fetching the repository
2026-10-09T06:51:25.6794626Z [command]/usr/bin/git -c protocol.version=2 fetch --no-tags --prune --no-recurse-submodules --depth=1 origin +79989b25dc90e067d2f85b605780cfe93aa6c60c:refs/remotes/pull/175/merge
2026-10-09T06:51:58.0449010Z From https://github.com/jyqj/codecortex
2026-10-09T06:51:58.0450219Z  * [new ref]           79989b25dc90e067d2f85b605780cfe93aa6c60c -> pull/175/merge
2026-10-09T06:51:58.0459247Z ##[endgroup]
2026-10-09T06:51:58.0460076Z ##[group]Determining the checkout info
2026-10-09T06:51:58.0533592Z ##[endgroup]
2026-10-09T06:51:58.0535493Z [command]/usr/bin/git sparse-checkout disable
2026-10-09T06:51:58.0554447Z [command]/usr/bin/git config --local --unset-all extensions.worktreeConfig
2026-10-09T06:51:58.0560422Z ##[group]Checking out the ref
2026-10-09T06:51:58.0565235Z [command]/usr/bin/git checkout --progress --force refs/remotes/pull/175/merge
2026-10-09T06:51:59.0885638Z Updating files:  45% (10649/23398)
2026-10-09T06:51:59.0997158Z Updating files:  46% (10764/23398)
2026-10-09T06:51:59.1723860Z Updating files:  47% (10998/23398)
2026-10-09T06:51:59.1842805Z Updating files:  48% (11232/23398)
2026-10-09T06:51:59.2212456Z Updating files:  49% (11466/23398)
2026-10-09T06:51:59.2778262Z Updating files:  50% (11699/23398)
2026-10-09T06:51:59.2945797Z Updating files:  51% (11933/23398)
2026-10-09T06:51:59.3432477Z Updating files:  52% (12167/23398)
2026-10-09T06:51:59.3535476Z Updating files:  53% (12401/23398)
2026-10-09T06:51:59.3699241Z Updating files:  54% (12635/23398)
2026-10-09T06:51:59.3911223Z Updating files:  55% (12869/23398)
2026-10-09T06:51:59.4088790Z Updating files:  56% (13103/23398)
2026-10-09T06:51:59.4222192Z Updating files:  57% (13337/23398)
2026-10-09T06:51:59.4343678Z Updating files:  58% (13571/23398)
2026-10-09T06:51:59.4451276Z Updating files:  59% (13805/23398)
2026-10-09T06:51:59.4557880Z Updating files:  60% (14039/23398)
2026-10-09T06:51:59.4664683Z Updating files:  61% (14273/23398)
2026-10-09T06:51:59.4764930Z Updating files:  62% (14507/23398)
2026-10-09T06:51:59.4867189Z Updating files:  63% (14741/23398)
2026-10-09T06:51:59.4961146Z Updating files:  64% (14975/23398)
2026-10-09T06:51:59.5088443Z Updating files:  65% (15209/23398)
2026-10-09T06:51:59.5228294Z Updating files:  66% (15443/23398)
2026-10-09T06:51:59.6447530Z Updating files:  67% (15677/23398)
2026-10-09T06:51:59.6737722Z Updating files:  68% (15911/23398)
2026-10-09T06:51:59.7345112Z Updating files:  69% (16145/23398)
2026-10-09T06:51:59.7757435Z Updating files:  70% (16379/23398)
2026-10-09T06:51:59.8012815Z Updating files:  71% (16613/23398)
2026-10-09T06:51:59.9092931Z Updating files:  72% (16847/23398)
2026-10-09T06:51:59.9825589Z Updating files:  73% (17081/23398)
2026-10-09T06:52:00.0838350Z Updating files:  74% (17315/23398)
2026-10-09T06:52:00.2184676Z Updating files:  74% (17471/23398)
2026-10-09T06:52:00.2775432Z Updating files:  75% (17549/23398)
2026-10-09T06:52:00.3016637Z Updating files:  76% (17783/23398)
2026-10-09T06:52:00.3346830Z Updating files:  77% (18017/23398)
2026-10-09T06:52:00.4462694Z Updating files:  78% (18251/23398)
2026-10-09T06:52:01.0832645Z Updating files:  79% (18485/23398)
2026-10-09T06:52:02.0940795Z Updating files:  79% (18556/23398)
2026-10-09T06:52:02.2866707Z Updating files:  79% (18666/23398)
2026-10-09T06:52:02.3101830Z Updating files:  80% (18719/23398)
2026-10-09T06:52:02.3312702Z Updating files:  81% (18953/23398)
2026-10-09T06:52:02.3473051Z Updating files:  82% (19187/23398)
2026-10-09T06:52:02.3882623Z Updating files:  83% (19421/23398)
2026-10-09T06:52:02.4781459Z Updating files:  84% (19655/23398)
2026-10-09T06:52:02.5830969Z Updating files:  85% (19889/23398)
2026-10-09T06:52:02.6885357Z Updating files:  86% (20123/23398)
2026-10-09T06:52:02.7690994Z Updating files:  87% (20357/23398)
2026-10-09T06:52:02.7903009Z Updating files:  88% (20591/23398)
2026-10-09T06:52:02.8055719Z Updating files:  89% (20825/23398)
2026-10-09T06:52:02.8235222Z Updating files:  90% (21059/23398)
2026-10-09T06:52:02.8495706Z Updating files:  91% (21293/23398)
2026-10-09T06:52:03.1724999Z Updating files:  92% (21527/23398)
2026-10-09T06:52:03.4990356Z Updating files:  92% (21656/23398)
2026-10-09T06:52:03.5233924Z Updating files:  93% (21761/23398)
2026-10-09T06:52:03.5430392Z Updating files:  94% (21995/23398)
2026-10-09T06:52:03.5594008Z Updating files:  95% (22229/23398)
2026-10-09T06:52:03.5787549Z Updating files:  96% (22463/23398)
2026-10-09T06:52:03.6012261Z Updating files:  97% (22697/23398)
2026-10-09T06:52:03.6179760Z Updating files:  98% (22931/23398)
2026-10-09T06:52:03.6448982Z Updating files:  99% (23165/23398)
2026-10-09T06:52:03.6449601Z Updating files: 100% (23398/23398)
2026-10-09T06:52:03.6450073Z Updating files: 100% (23398/23398), done.
2026-10-09T06:52:03.6721348Z Note: switching to 'refs/remotes/pull/175/merge'.
2026-10-09T06:52:03.6721784Z 
2026-10-09T06:52:03.6722038Z You are in 'detached HEAD' state. You can look around, make experimental
2026-10-09T06:52:03.6722546Z changes and commit them, and you can discard any commits you make in this
2026-10-09T06:52:03.6723025Z state without impacting any branches by switching back to a branch.
2026-10-09T06:52:03.6723298Z 
2026-10-09T06:52:03.6723485Z If you want to create a new branch to retain commits you create, you may
2026-10-09T06:52:03.6723949Z do so (now or later) by using -c with the switch command. Example:
2026-10-09T06:52:03.6724457Z 
2026-10-09T06:52:03.6724566Z   git switch -c <new-branch-name>
2026-10-09T06:52:03.6724753Z 
2026-10-09T06:52:03.6724852Z Or undo this operation with:
2026-10-09T06:52:03.6725016Z 
2026-10-09T06:52:03.6725105Z   git switch -
2026-10-09T06:52:03.6725226Z 
2026-10-09T06:52:03.6725441Z Turn off this advice by setting config variable advice.detachedHead to false
2026-10-09T06:52:03.6725745Z 
2026-10-09T06:52:03.6726307Z HEAD is now at 79989b25 Merge 840fa2e0a26ab60c138747a4309aba5df506edc1 into 60e5ce3ccc86f5cccb40f6f9c32bbc7b77bf1e9d
2026-10-09T06:52:03.6969450Z ##[endgroup]
2026-10-09T06:52:03.7019861Z [command]/usr/bin/git log -1 --format=%H
2026-10-09T06:52:03.7043373Z 79989b25dc90e067d2f85b605780cfe93aa6c60c
2026-10-09T06:52:03.7400433Z ##[group]Run dtolnay/rust-toolchain@1.95.0
2026-10-09T06:52:03.7400761Z with:
2026-10-09T06:52:03.7400943Z env:
2026-10-09T06:52:03.7401133Z   CARGO_TERM_COLOR: always
2026-10-09T06:52:03.7401369Z   RUSTFLAGS: -D warnings
2026-10-09T06:52:03.7401606Z ##[endgroup]
2026-10-09T06:52:03.7464410Z ##[start-action display=Parse toolchain version;id=__dtolnay_rust-toolchain.parse]
2026-10-09T06:52:03.7530276Z ##[group]Run if [[ -z $toolchain ]]; then
2026-10-09T06:52:03.7530665Z [36;1mif [[ -z $toolchain ]]; then[0m
2026-10-09T06:52:03.7531225Z [36;1m  # GitHub does not enforce `required: true` inputs itself. https://github.com/actions/runner/issues/1070[0m
2026-10-09T06:52:03.7531789Z [36;1m  echo "'toolchain' is a required input" >&2[0m
2026-10-09T06:52:03.7532092Z [36;1m  exit 1[0m
2026-10-09T06:52:03.7532427Z [36;1melif [[ $toolchain =~ ^stable' '[0-9]+' '(year|month|week|day)s?' 'ago$ ]]; then[0m
2026-10-09T06:52:03.7532841Z [36;1m  if [[ Linux == macOS ]]; then[0m
2026-10-09T06:52:03.7533425Z [36;1m    echo "toolchain=1.$((($(date -v-$(sed 's/stable \([0-9]*\) \(.\).*/\1\2/' <<< $toolchain) +%s)/60/60/24-16569)/7/6))" >> $GITHUB_OUTPUT[0m
2026-10-09T06:52:03.7533961Z [36;1m  else[0m
2026-10-09T06:52:03.7534364Z [36;1m    echo "toolchain=1.$((($(date --date "${toolchain#stable }" +%s)/60/60/24-16569)/7/6))" >> $GITHUB_OUTPUT[0m
2026-10-09T06:52:03.7534837Z [36;1m  fi[0m
2026-10-09T06:52:03.7535141Z [36;1melif [[ $toolchain =~ ^stable' 'minus' '[0-9]+' 'releases?$ ]]; then[0m
2026-10-09T06:52:03.7535678Z [36;1m  echo "toolchain=1.$((($(date +%s)/60/60/24-16569)/7/6-${toolchain//[^0-9]/}))" >> $GITHUB_OUTPUT[0m
2026-10-09T06:52:03.7536350Z [36;1melif [[ $toolchain =~ ^1\.[0-9]+$ ]]; then[0m
2026-10-09T06:52:03.7536877Z [36;1m  echo "toolchain=1.$((i=${toolchain#1.}, c=($(date +%s)/60/60/24-16569)/7/6, i+9*i*(10*i<=c)+90*i*(100*i<=c)))" >> $GITHUB_OUTPUT[0m
2026-10-09T06:52:03.7537367Z [36;1melse[0m
2026-10-09T06:52:03.7537566Z [36;1m  delimiter=EOF[0m
2026-10-09T06:52:03.7537876Z [36;1m  while [[ $toolchain == *$delimiter* ]]; do delimiter+=_; done[0m
2026-10-09T06:52:03.7538377Z [36;1m  printf 'toolchain<<%s\n%s\n%s\n' "$delimiter" "$toolchain" "$delimiter" >> $GITHUB_OUTPUT[0m
2026-10-09T06:52:03.7538798Z [36;1mfi[0m
2026-10-09T06:52:03.7804805Z shell: /usr/bin/bash --noprofile --norc -e -o pipefail {0}
2026-10-09T06:52:03.7805238Z env:
2026-10-09T06:52:03.7805503Z   CARGO_TERM_COLOR: always
2026-10-09T06:52:03.7805786Z   RUSTFLAGS: -D warnings
2026-10-09T06:52:03.7806272Z   toolchain: 1.95.0
2026-10-09T06:52:03.7806523Z ##[endgroup]
2026-10-09T06:52:03.7953213Z ##[end-action id=__dtolnay_rust-toolchain.parse;outcome=success;conclusion=success;duration_ms=48]
2026-10-09T06:52:03.7958055Z ##[start-action display=Set $CARGO_HOME;id=__dtolnay_rust-toolchain.__run]
2026-10-09T06:52:03.7994895Z ##[group]Run echo CARGO_HOME=${CARGO_HOME:-"$HOME/.cargo"} >> $GITHUB_ENV
2026-10-09T06:52:03.7995405Z [36;1mecho CARGO_HOME=${CARGO_HOME:-"$HOME/.cargo"} >> $GITHUB_ENV[0m
2026-10-09T06:52:03.8059823Z shell: /usr/bin/bash --noprofile --norc -e -o pipefail {0}
2026-10-09T06:52:03.8060171Z env:
2026-10-09T06:52:03.8060378Z   CARGO_TERM_COLOR: always
2026-10-09T06:52:03.8060618Z   RUSTFLAGS: -D warnings
2026-10-09T06:52:03.8061042Z ##[endgroup]
2026-10-09T06:52:03.8158458Z ##[end-action id=__dtolnay_rust-toolchain.__run;outcome=success;conclusion=success;duration_ms=19]
2026-10-09T06:52:03.8161040Z ##[start-action display=Install rustup if needed;id=__dtolnay_rust-toolchain.__run_2]
2026-10-09T06:52:03.8193055Z ##[group]Run if ! command -v rustup &>/dev/null; then
2026-10-09T06:52:03.8193427Z [36;1mif ! command -v rustup &>/dev/null; then[0m
2026-10-09T06:52:03.8194233Z [36;1m  curl --proto '=https' --tlsv1.2 --retry 10 --retry-connrefused --location --silent --show-error --fail https://sh.rustup.rs | sh -s -- --default-toolchain none -y[0m
2026-10-09T06:52:03.8195046Z [36;1m  echo "$CARGO_HOME/bin" >> $GITHUB_PATH[0m
2026-10-09T06:52:03.8195349Z [36;1mfi[0m
2026-10-09T06:52:03.8263617Z shell: /usr/bin/bash --noprofile --norc -e -o pipefail {0}
2026-10-09T06:52:03.8263982Z env:
2026-10-09T06:52:03.8264185Z   CARGO_TERM_COLOR: always
2026-10-09T06:52:03.8264423Z   RUSTFLAGS: -D warnings
2026-10-09T06:52:03.8264695Z   CARGO_HOME: /home/runner/.cargo
2026-10-09T06:52:03.8264946Z ##[endgroup]
2026-10-09T06:52:03.8361927Z ##[end-action id=__dtolnay_rust-toolchain.__run_2;outcome=success;conclusion=success;duration_ms=20]
2026-10-09T06:52:03.8364419Z ##[start-action display=Install rustup if needed on windows;id=__dtolnay_rust-toolchain.__run_3]
2026-10-09T06:52:03.8372405Z ##[end-action id=__dtolnay_rust-toolchain.__run_3;outcome=skipped;conclusion=skipped;duration_ms=0]
2026-10-09T06:52:03.8387568Z ##[start-action display=rustup toolchain install 1.95.0;id=__dtolnay_rust-toolchain.__run_4]
2026-10-09T06:52:03.8411068Z ##[group]Run set -f  # split targets and components on commas and whitespace, without glob expansion
2026-10-09T06:52:03.8411825Z [36;1mset -f  # split targets and components on commas and whitespace, without glob expansion[0m
2026-10-09T06:52:03.8412375Z [36;1mflags=()[0m
2026-10-09T06:52:03.8412663Z [36;1mfor t in ${targets//,/ }; do flags+=(--target "$t"); done[0m
2026-10-09T06:52:03.8413100Z [36;1mfor c in ${components//,/ }; do flags+=(--component "$c"); done[0m
2026-10-09T06:52:03.8413635Z [36;1mif [[ $toolchain == nightly && -n $components ]]; then flags+=(--allow-downgrade); fi[0m
2026-10-09T06:52:03.8414066Z [36;1mlog=$(mktemp)[0m
2026-10-09T06:52:03.8414303Z [36;1mtrap 'rm -f "$log"' EXIT[0m
2026-10-09T06:52:03.8414565Z [36;1mfor attempt in 1 2 3 4 5; do[0m
2026-10-09T06:52:03.8415157Z [36;1m  if rustup toolchain install "$toolchain" "${flags[@]}" --profile minimal --no-self-update --force-non-host 2>&1 | tee "$log"; then[0m
2026-10-09T06:52:03.8415767Z [36;1m    break[0m
2026-10-09T06:52:03.8415973Z [36;1m  else[0m
2026-10-09T06:52:03.8416457Z [36;1m    status=$?[0m
2026-10-09T06:52:03.8416690Z [36;1m  fi[0m
2026-10-09T06:52:03.8416995Z [36;1m  if [[ $attempt == 5 ]] || ! grep -Fq 'checksum failed for ' "$log" \[0m
2026-10-09T06:52:03.8417571Z [36;1m      || ! grep -Fq 'this is likely due to an ongoing update of the official release server' "$log"; then[0m
2026-10-09T06:52:03.8418045Z [36;1m    exit "$status"[0m
2026-10-09T06:52:03.8418282Z [36;1m  fi[0m
2026-10-09T06:52:03.8418635Z [36;1m  echo "Retrying rustup toolchain install in 30 seconds (retry $attempt of 4)" >&2[0m
2026-10-09T06:52:03.8419055Z [36;1m  sleep 30[0m
2026-10-09T06:52:03.8419259Z [36;1mdone[0m
2026-10-09T06:52:03.8484927Z shell: /usr/bin/bash --noprofile --norc -e -o pipefail {0}
2026-10-09T06:52:03.8485270Z env:
2026-10-09T06:52:03.8485471Z   CARGO_TERM_COLOR: always
2026-10-09T06:52:03.8485715Z   RUSTFLAGS: -D warnings
2026-10-09T06:52:03.8485955Z   CARGO_HOME: /home/runner/.cargo
2026-10-09T06:52:03.8486489Z   toolchain: 1.95.0
2026-10-09T06:52:03.8486699Z   targets: 
2026-10-09T06:52:03.8486888Z   components: 
2026-10-09T06:52:03.8487109Z   RUSTUP_PERMIT_COPY_RENAME: 1
2026-10-09T06:52:03.8487351Z ##[endgroup]
2026-10-09T06:52:03.9045603Z info: syncing channel updates for 1.95.0-x86_64-unknown-linux-gnu
2026-10-09T06:52:04.0171000Z info: latest update on 2026-04-16 for version 1.95.0 (59807616e 2026-04-14)
2026-10-09T06:52:04.0171718Z info: downloading 3 components
2026-10-09T06:52:11.4412689Z 
2026-10-09T06:52:11.4485591Z   1.95.0-x86_64-unknown-linux-gnu installed - rustc 1.95.0 (59807616e 2026-04-14)
2026-10-09T06:52:11.4486358Z 
2026-10-09T06:52:11.4564218Z ##[end-action id=__dtolnay_rust-toolchain.__run_4;outcome=success;conclusion=success;duration_ms=7617]
2026-10-09T06:52:11.4570801Z ##[start-action display=rustup default 1.95.0;id=__dtolnay_rust-toolchain.__run_5]
2026-10-09T06:52:11.4615447Z ##[group]Run rustup default "$toolchain" --force-non-host
2026-10-09T06:52:11.4615848Z [36;1mrustup default "$toolchain" --force-non-host[0m
2026-10-09T06:52:11.4676561Z shell: /usr/bin/bash --noprofile --norc -e -o pipefail {0}
2026-10-09T06:52:11.4677137Z env:
2026-10-09T06:52:11.4677342Z   CARGO_TERM_COLOR: always
2026-10-09T06:52:11.4677586Z   RUSTFLAGS: -D warnings
2026-10-09T06:52:11.4677823Z   CARGO_HOME: /home/runner/.cargo
2026-10-09T06:52:11.4678077Z   toolchain: 1.95.0
2026-10-09T06:52:11.4678292Z ##[endgroup]
2026-10-09T06:52:11.4805270Z info: using existing install for 1.95.0-x86_64-unknown-linux-gnu
2026-10-09T06:52:11.4812226Z info: default toolchain set to 1.95.0-x86_64-unknown-linux-gnu
2026-10-09T06:52:11.4812711Z 
2026-10-09T06:52:11.4887808Z   1.95.0-x86_64-unknown-linux-gnu unchanged - rustc 1.95.0 (59807616e 2026-04-14)
2026-10-09T06:52:11.4888311Z 
2026-10-09T06:52:11.4905988Z ##[end-action id=__dtolnay_rust-toolchain.__run_5;outcome=success;conclusion=success;duration_ms=33]
2026-10-09T06:52:11.4910532Z ##[start-action display=Create cachekey;id=__dtolnay_rust-toolchain.rustc-version]
2026-10-09T06:52:11.4930533Z ##[group]Run DATE=$(rustc +"$toolchain" --version --verbose | sed -ne 's/^commit-date: \(20[0-9][0-9]\)-\([01][0-9]\)-\([0-3][0-9]\)$/\1\2\3/p')
2026-10-09T06:52:11.4931402Z [36;1mDATE=$(rustc +"$toolchain" --version --verbose | sed -ne 's/^commit-date: \(20[0-9][0-9]\)-\([01][0-9]\)-\([0-3][0-9]\)$/\1\2\3/p')[0m
2026-10-09T06:52:11.4932094Z [36;1mHASH=$(rustc +"$toolchain" --version --verbose | sed -ne 's/^commit-hash: //p')[0m
2026-10-09T06:52:11.4932625Z [36;1mecho "cachekey=$(echo $DATE$HASH | head -c12)" >> $GITHUB_OUTPUT[0m
2026-10-09T06:52:11.4993133Z shell: /usr/bin/bash --noprofile --norc -e -o pipefail {0}
2026-10-09T06:52:11.4993481Z env:
2026-10-09T06:52:11.4993691Z   CARGO_TERM_COLOR: always
2026-10-09T06:52:11.4993940Z   RUSTFLAGS: -D warnings
2026-10-09T06:52:11.4994181Z   CARGO_HOME: /home/runner/.cargo
2026-10-09T06:52:11.4994438Z   toolchain: 1.95.0
2026-10-09T06:52:11.4994651Z ##[endgroup]
2026-10-09T06:52:11.5355076Z ##[end-action id=__dtolnay_rust-toolchain.rustc-version;outcome=success;conclusion=success;duration_ms=44]
2026-10-09T06:52:11.5358149Z ##[start-action display=Disable incremental compilation;id=__dtolnay_rust-toolchain.__run_6]
2026-10-09T06:52:11.5378461Z ##[group]Run if [ -z "${CARGO_INCREMENTAL+set}" ]; then
2026-10-09T06:52:11.5378841Z [36;1mif [ -z "${CARGO_INCREMENTAL+set}" ]; then[0m
2026-10-09T06:52:11.5379169Z [36;1m  echo CARGO_INCREMENTAL=0 >> $GITHUB_ENV[0m
2026-10-09T06:52:11.5379477Z [36;1mfi[0m
2026-10-09T06:52:11.5440914Z shell: /usr/bin/bash --noprofile --norc -e -o pipefail {0}
2026-10-09T06:52:11.5441252Z env:
2026-10-09T06:52:11.5441458Z   CARGO_TERM_COLOR: always
2026-10-09T06:52:11.5441704Z   RUSTFLAGS: -D warnings
2026-10-09T06:52:11.5441939Z   CARGO_HOME: /home/runner/.cargo
2026-10-09T06:52:11.5442191Z ##[endgroup]
2026-10-09T06:52:11.5530343Z ##[end-action id=__dtolnay_rust-toolchain.__run_6;outcome=success;conclusion=success;duration_ms=17]
2026-10-09T06:52:11.5532834Z ##[start-action display=Enable colors in Cargo output;id=__dtolnay_rust-toolchain.__run_7]
2026-10-09T06:52:11.5552263Z ##[group]Run if [ -z "${CARGO_TERM_COLOR+set}" ]; then
2026-10-09T06:52:11.5552648Z [36;1mif [ -z "${CARGO_TERM_COLOR+set}" ]; then[0m
2026-10-09T06:52:11.5552978Z [36;1m  echo CARGO_TERM_COLOR=always >> $GITHUB_ENV[0m
2026-10-09T06:52:11.5553272Z [36;1mfi[0m
2026-10-09T06:52:11.5613484Z shell: /usr/bin/bash --noprofile --norc -e -o pipefail {0}
2026-10-09T06:52:11.5614054Z env:
2026-10-09T06:52:11.5614259Z   CARGO_TERM_COLOR: always
2026-10-09T06:52:11.5614495Z   RUSTFLAGS: -D warnings
2026-10-09T06:52:11.5614727Z   CARGO_HOME: /home/runner/.cargo
2026-10-09T06:52:11.5614973Z   CARGO_INCREMENTAL: 0
2026-10-09T06:52:11.5615181Z ##[endgroup]
2026-10-09T06:52:11.5703686Z ##[end-action id=__dtolnay_rust-toolchain.__run_7;outcome=success;conclusion=success;duration_ms=17]
2026-10-09T06:52:11.5707939Z ##[start-action display=Enable Cargo sparse registry;id=__dtolnay_rust-toolchain.__run_8]
2026-10-09T06:52:11.5729163Z ##[group]Run # implemented in 1.66, stabilized in 1.68, made default in 1.70
2026-10-09T06:52:11.5729859Z [36;1m# implemented in 1.66, stabilized in 1.68, made default in 1.70[0m
2026-10-09T06:52:11.5730579Z [36;1mif [ -z "${CARGO_REGISTRIES_CRATES_IO_PROTOCOL+set}" -o -f "/home/runner/work/_temp"/.implicit_cargo_registries_crates_io_protocol ]; then[0m
2026-10-09T06:52:11.5731326Z [36;1m  if rustc +"$toolchain" --version --verbose | grep -q '^release: 1\.6[89]\.'; then[0m
2026-10-09T06:52:11.5731959Z [36;1m    touch "/home/runner/work/_temp"/.implicit_cargo_registries_crates_io_protocol || true[0m
2026-10-09T06:52:11.5732518Z [36;1m    echo CARGO_REGISTRIES_CRATES_IO_PROTOCOL=sparse >> $GITHUB_ENV[0m
2026-10-09T06:52:11.5733036Z [36;1m  elif rustc +"$toolchain" --version --verbose | grep -q '^release: 1\.6[67]\.'; then[0m
2026-10-09T06:52:11.5733619Z [36;1m    touch "/home/runner/work/_temp"/.implicit_cargo_registries_crates_io_protocol || true[0m
2026-10-09T06:52:11.5734138Z [36;1m    echo CARGO_REGISTRIES_CRATES_IO_PROTOCOL=git >> $GITHUB_ENV[0m
2026-10-09T06:52:11.5734495Z [36;1m  fi[0m
2026-10-09T06:52:11.5734687Z [36;1mfi[0m
2026-10-09T06:52:11.5794051Z shell: /usr/bin/bash --noprofile --norc -e -o pipefail {0}
2026-10-09T06:52:11.5794395Z env:
2026-10-09T06:52:11.5794597Z   CARGO_TERM_COLOR: always
2026-10-09T06:52:11.5794842Z   RUSTFLAGS: -D warnings
2026-10-09T06:52:11.5795077Z   CARGO_HOME: /home/runner/.cargo
2026-10-09T06:52:11.5795335Z   CARGO_INCREMENTAL: 0
2026-10-09T06:52:11.5795545Z   toolchain: 1.95.0
2026-10-09T06:52:11.5795745Z ##[endgroup]
2026-10-09T06:52:11.6127572Z ##[end-action id=__dtolnay_rust-toolchain.__run_8;outcome=success;conclusion=success;duration_ms=41]
2026-10-09T06:52:11.6131588Z ##[start-action display=Work around spurious network errors in curl 8.0;id=__dtolnay_rust-toolchain.__run_9]
2026-10-09T06:52:11.6151972Z ##[group]Run # https://rust-lang.zulipchat.com/#narrow/stream/246057-t-cargo/topic/timeout.20investigation
2026-10-09T06:52:11.6152757Z [36;1m# https://rust-lang.zulipchat.com/#narrow/stream/246057-t-cargo/topic/timeout.20investigation[0m
2026-10-09T06:52:11.6153410Z [36;1mif rustc +"$toolchain" --version --verbose | grep -q '^release: 1\.7[01]\.'; then[0m
2026-10-09T06:52:11.6153895Z [36;1m  echo CARGO_HTTP_MULTIPLEXING=false >> $GITHUB_ENV[0m
2026-10-09T06:52:11.6154207Z [36;1mfi[0m
2026-10-09T06:52:11.6215043Z shell: /usr/bin/bash --noprofile --norc -e -o pipefail {0}
2026-10-09T06:52:11.6215411Z env:
2026-10-09T06:52:11.6215614Z   CARGO_TERM_COLOR: always
2026-10-09T06:52:11.6215864Z   RUSTFLAGS: -D warnings
2026-10-09T06:52:11.6216366Z   CARGO_HOME: /home/runner/.cargo
2026-10-09T06:52:11.6216691Z   CARGO_INCREMENTAL: 0
2026-10-09T06:52:11.6216909Z   toolchain: 1.95.0
2026-10-09T06:52:11.6217116Z ##[endgroup]
2026-10-09T06:52:11.6427414Z ##[end-action id=__dtolnay_rust-toolchain.__run_9;outcome=success;conclusion=success;duration_ms=29]
2026-10-09T06:52:11.6432314Z ##[start-action display=rustc +1.95.0 --version --verbose;id=__dtolnay_rust-toolchain.__run_10]
2026-10-09T06:52:11.6451714Z ##[group]Run rustc +"$toolchain" --version --verbose
2026-10-09T06:52:11.6452111Z [36;1mrustc +"$toolchain" --version --verbose[0m
2026-10-09T06:52:11.6512564Z shell: /usr/bin/bash --noprofile --norc -e -o pipefail {0}
2026-10-09T06:52:11.6512911Z env:
2026-10-09T06:52:11.6513123Z   CARGO_TERM_COLOR: always
2026-10-09T06:52:11.6513362Z   RUSTFLAGS: -D warnings
2026-10-09T06:52:11.6513799Z   CARGO_HOME: /home/runner/.cargo
2026-10-09T06:52:11.6514051Z   CARGO_INCREMENTAL: 0
2026-10-09T06:52:11.6514262Z   toolchain: 1.95.0
2026-10-09T06:52:11.6514461Z ##[endgroup]
2026-10-09T06:52:11.6710052Z rustc 1.95.0 (59807616e 2026-04-14)
2026-10-09T06:52:11.6710910Z binary: rustc
2026-10-09T06:52:11.6711672Z commit-hash: 59807616e1fa2540724bfbac14d7976d7e4a3860
2026-10-09T06:52:11.6712487Z commit-date: 2026-04-14
2026-10-09T06:52:11.6713151Z host: x86_64-unknown-linux-gnu
2026-10-09T06:52:11.6713824Z release: 1.95.0
2026-10-09T06:52:11.6714434Z LLVM version: 22.1.2
2026-10-09T06:52:11.6728057Z ##[end-action id=__dtolnay_rust-toolchain.__run_10;outcome=success;conclusion=success;duration_ms=29]
2026-10-09T06:52:11.6840918Z ##[group]Run Swatinem/rust-cache@v2
2026-10-09T06:52:11.6841214Z with:
2026-10-09T06:52:11.6841417Z   prefix-key: v0-rust
2026-10-09T06:52:11.6841643Z   add-job-id-key: true
2026-10-09T06:52:11.6841878Z   add-rust-environment-hash-key: true
2026-10-09T06:52:11.6842164Z   cache-targets: true
2026-10-09T06:52:11.6842380Z   cache-all-crates: false
2026-10-09T06:52:11.6842624Z   cache-workspace-crates: false
2026-10-09T06:52:11.6842868Z   save-if: true
2026-10-09T06:52:11.6843065Z   cache-provider: github
2026-10-09T06:52:11.6843359Z   cache-bin: true
2026-10-09T06:52:11.6843650Z   lookup-only: false
2026-10-09T06:52:11.6843945Z   cmd-format: {0}
2026-10-09T06:52:11.6844352Z env:
2026-10-09T06:52:11.6844629Z   CARGO_TERM_COLOR: always
2026-10-09T06:52:11.6845028Z   RUSTFLAGS: -D warnings
2026-10-09T06:52:11.6845367Z   CARGO_HOME: /home/runner/.cargo
2026-10-09T06:52:11.6845710Z   CARGO_INCREMENTAL: 0
2026-10-09T06:52:11.6846056Z ##[endgroup]
2026-10-09T06:52:14.6508000Z ##[group]Cache Configuration
2026-10-09T06:52:14.6508507Z Cache Provider:
2026-10-09T06:52:14.6508863Z     github
2026-10-09T06:52:14.6509193Z Workspaces:
2026-10-09T06:52:14.6509578Z     /home/runner/work/codecortex/codecortex
2026-10-09T06:52:14.6510082Z Cache Paths:
2026-10-09T06:52:14.6510441Z     /home/runner/.cargo/bin
2026-10-09T06:52:14.6510890Z     /home/runner/.cargo/.crates.toml
2026-10-09T06:52:14.6511384Z     /home/runner/.cargo/.crates2.json
2026-10-09T06:52:14.6511841Z     /home/runner/.cargo/registry
2026-10-09T06:52:14.6512276Z     /home/runner/.cargo/git
2026-10-09T06:52:14.6512753Z     /home/runner/work/codecortex/codecortex/target
2026-10-09T06:52:14.6513299Z Restore Key:
2026-10-09T06:52:14.6513675Z     v0-rust-msrv-Linux-x64-5dc78561
2026-10-09T06:52:14.6514140Z Cache Key:
2026-10-09T06:52:14.6514523Z     v0-rust-msrv-Linux-x64-5dc78561-3495a27c
2026-10-09T06:52:14.6515026Z .. Prefix:
2026-10-09T06:52:14.6515381Z   - v0-rust-msrv-Linux-x64
2026-10-09T06:52:14.6515815Z .. Environment considered:
2026-10-09T06:52:14.6516469Z   - Rust Versions:
2026-10-09T06:52:14.6517025Z     - 1.95.0 x86_64-unknown-linux-gnu 59807616e1fa2540724bfbac14d7976d7e4a3860
2026-10-09T06:52:14.6517873Z     - 1.99.0 x86_64-unknown-linux-gnu b940084d7eb6a299eb4bfeb8e34901bc051e7ac4
2026-10-09T06:52:14.6518519Z   - CARGO_HOME
2026-10-09T06:52:14.6518885Z   - CARGO_INCREMENTAL
2026-10-09T06:52:14.6519264Z   - CARGO_TERM_COLOR
2026-10-09T06:52:14.6519627Z   - RUSTFLAGS
2026-10-09T06:52:14.6519982Z .. Lockfiles considered:
2026-10-09T06:52:14.6520475Z   - /home/runner/work/codecortex/codecortex/Cargo.lock
2026-10-09T06:52:14.6521183Z   - /home/runner/work/codecortex/codecortex/crates/cc-db/Cargo.toml
2026-10-09T06:52:14.6521978Z   - /home/runner/work/codecortex/codecortex/crates/cc-eval/Cargo.toml
2026-10-09T06:52:14.6522795Z   - /home/runner/work/codecortex/codecortex/crates/cc-index/Cargo.toml
2026-10-09T06:52:14.6523604Z   - /home/runner/work/codecortex/codecortex/crates/cc-model/Cargo.toml
2026-10-09T06:52:14.6524469Z   - /home/runner/work/codecortex/codecortex/crates/cc-parsers/Cargo.toml
2026-10-09T06:52:14.6525373Z   - /home/runner/work/codecortex/codecortex/crates/cc-search/Cargo.toml
2026-10-09T06:52:14.6526463Z   - /home/runner/work/codecortex/codecortex/crates/cc-semantic/Cargo.toml
2026-10-09T06:52:14.6527796Z   - /home/runner/work/codecortex/codecortex/crates/cc-server/Cargo.toml
2026-10-09T06:52:14.6528827Z ##[endgroup]
2026-10-09T06:52:14.6529027Z 
2026-10-09T06:52:14.6529174Z ... Restoring cache ...
2026-10-09T06:52:14.7820198Z Cache hit for: v0-rust-msrv-Linux-x64-5dc78561-3495a27c
2026-10-09T06:52:15.8981418Z Received 134217728 of 248590139 (54.0%), 127.5 MBs/sec
2026-10-09T06:52:16.3015931Z Received 248590139 of 248590139 (100.0%), 168.4 MBs/sec
2026-10-09T06:52:16.3017062Z Cache Size: ~237 MB (248590139 B)
2026-10-09T06:52:16.3152939Z [command]/usr/bin/tar -xf /home/runner/work/_temp/fd301e0c-dae6-453a-ac1e-039f940c189a/cache.tzst -P -C /home/runner/work/codecortex/codecortex --use-compress-program unzstd
2026-10-09T06:52:17.9283279Z Cache restored successfully
2026-10-09T06:52:17.9391874Z Restored from cache key "v0-rust-msrv-Linux-x64-5dc78561-3495a27c" full match: true.
2026-10-09T06:52:18.1171087Z ##[group]Run cargo check --workspace --all-targets --locked
2026-10-09T06:52:18.1171573Z [36;1mcargo check --workspace --all-targets --locked[0m
2026-10-09T06:52:18.1234431Z shell: /usr/bin/bash -e {0}
2026-10-09T06:52:18.1234701Z env:
2026-10-09T06:52:18.1234911Z   CARGO_TERM_COLOR: always
2026-10-09T06:52:18.1235172Z   RUSTFLAGS: -D warnings
2026-10-09T06:52:18.1235438Z   CARGO_HOME: /home/runner/.cargo
2026-10-09T06:52:18.1235718Z   CARGO_INCREMENTAL: 0
2026-10-09T06:52:18.1235959Z   CACHE_ON_FAILURE: false
2026-10-09T06:52:18.1236363Z ##[endgroup]
2026-10-09T06:52:18.4864585Z [1m[92m    Updating[0m crates.io index
2026-10-09T06:52:19.4275820Z [1m[92m    Checking[0m cc-model v1.0.0 (/home/runner/work/codecortex/codecortex/crates/cc-model)
2026-10-09T06:52:23.0632539Z [1m[92m    Checking[0m cc-db v1.0.0 (/home/runner/work/codecortex/codecortex/crates/cc-db)
2026-10-09T06:52:23.0634513Z [1m[92m    Checking[0m cc-parsers v1.0.0 (/home/runner/work/codecortex/codecortex/crates/cc-parsers)
2026-10-09T06:52:25.6637852Z [1m[92m    Checking[0m cc-index v1.0.0 (/home/runner/work/codecortex/codecortex/crates/cc-index)
2026-10-09T06:52:25.6643284Z [1m[92m    Checking[0m cc-search v1.0.0 (/home/runner/work/codecortex/codecortex/crates/cc-search)
2026-10-09T06:52:26.1068455Z [1m[92m    Checking[0m cc-semantic v1.0.0 (/home/runner/work/codecortex/codecortex/crates/cc-semantic)
2026-10-09T06:52:28.7328015Z [1m[92m    Checking[0m cc-server v1.0.0 (/home/runner/work/codecortex/codecortex/crates/cc-server)
2026-10-09T06:52:31.8338142Z [1m[92m    Checking[0m cc-eval v1.0.0 (/home/runner/work/codecortex/codecortex/crates/cc-eval)
2026-10-09T06:52:40.0832938Z [1m[92m    Finished[0m `dev` profile [unoptimized + debuginfo] target(s) in 21.94s
2026-10-09T06:52:40.1907246Z ##[group]Run cargo check -p cc-eval --all-targets --features eval-http --locked
2026-10-09T06:52:40.1907886Z [36;1mcargo check -p cc-eval --all-targets --features eval-http --locked[0m
2026-10-09T06:52:40.1968275Z shell: /usr/bin/bash -e {0}
2026-10-09T06:52:40.1968554Z env:
2026-10-09T06:52:40.1968773Z   CARGO_TERM_COLOR: always
2026-10-09T06:52:40.1969061Z   RUSTFLAGS: -D warnings
2026-10-09T06:52:40.1969320Z   CARGO_HOME: /home/runner/.cargo
2026-10-09T06:52:40.1969624Z   CARGO_INCREMENTAL: 0
2026-10-09T06:52:40.1969865Z   CACHE_ON_FAILURE: false
2026-10-09T06:52:40.1970106Z ##[endgroup]
2026-10-09T06:52:40.7053272Z [1m[92m    Checking[0m cc-db v1.0.0 (/home/runner/work/codecortex/codecortex/crates/cc-db)
2026-10-09T06:52:42.4828666Z [1m[92m    Checking[0m cc-index v1.0.0 (/home/runner/work/codecortex/codecortex/crates/cc-index)
2026-10-09T06:52:42.4830065Z [1m[92m    Checking[0m cc-search v1.0.0 (/home/runner/work/codecortex/codecortex/crates/cc-search)
2026-10-09T06:52:44.4434748Z [1m[92m    Checking[0m cc-server v1.0.0 (/home/runner/work/codecortex/codecortex/crates/cc-server)
2026-10-09T06:52:46.3262626Z [1m[92m    Checking[0m cc-eval v1.0.0 (/home/runner/work/codecortex/codecortex/crates/cc-eval)
2026-10-09T06:52:53.0666383Z [1m[92m    Finished[0m `dev` profile [unoptimized + debuginfo] target(s) in 12.85s
2026-10-09T06:52:53.1495874Z Post job cleanup.
2026-10-09T06:52:53.2760346Z Cache up-to-date.
2026-10-09T06:52:53.2910406Z Post job cleanup.
2026-10-09T06:52:53.3755241Z [command]/usr/bin/git version
2026-10-09T06:52:53.3793850Z git version 2.55.0
2026-10-09T06:52:53.3831962Z Temporarily overriding HOME='/home/runner/work/_temp/ca03b702-162e-4e88-9c6c-de1f31de75e2' before making global git config changes
2026-10-09T06:52:53.3833408Z Adding repository directory to the temporary git global config as a safe directory
2026-10-09T06:52:53.3838686Z [command]/usr/bin/git config --global --add safe.directory /home/runner/work/codecortex/codecortex
2026-10-09T06:52:53.3874325Z [command]/usr/bin/git config --local --name-only --get-regexp core\.sshCommand
2026-10-09T06:52:53.3908733Z [command]/usr/bin/git submodule foreach --recursive sh -c "git config --local --name-only --get-regexp 'core\.sshCommand' && git config --local --unset-all 'core.sshCommand' || :"
2026-10-09T06:52:53.4163818Z [command]/usr/bin/git config --local --name-only --get-regexp http\.https\:\/\/github\.com\/\.extraheader
2026-10-09T06:52:53.4192224Z http.https://github.com/.extraheader
2026-10-09T06:52:53.4203423Z [command]/usr/bin/git config --local --unset-all http.https://github.com/.extraheader
2026-10-09T06:52:53.4237119Z [command]/usr/bin/git submodule foreach --recursive sh -c "git config --local --name-only --get-regexp 'http\.https\:\/\/github\.com\/\.extraheader' && git config --local --unset-all 'http.https://github.com/.extraheader' || :"
2026-10-09T06:52:53.4496494Z [command]/usr/bin/git config --local --name-only --get-regexp ^includeIf\.gitdir:
2026-10-09T06:52:53.4538246Z [command]/usr/bin/git submodule foreach --recursive git config --local --show-origin --name-only --get-regexp remote.origin.url
2026-10-09T06:52:53.4993290Z Cleaning up orphan processes
2026-10-09T06:52:53.5271357Z ##[warning]Node.js 20 is deprecated. The following actions target Node.js 20 but are being forced to run on Node.js 24: actions/checkout@v4. For more information see: https://github.blog/changelog/2025-09-19-deprecation-of-node-20-on-github-actions-runners/
