   Compiling libc v0.2.183
   Compiling cfg-if v1.0.4
   Compiling rand_core v0.10.0
   Compiling serde_core v1.0.228
   Compiling smallvec v1.15.1
   Compiling scopeguard v1.2.0
   Compiling memchr v2.8.0
   Compiling lock_api v0.4.14
   Compiling once_cell v1.21.4
   Compiling foldhash v0.2.0
   Compiling bitflags v2.11.0
   Compiling serde v1.0.228
   Compiling hashbrown v0.17.1
   Compiling chacha20 v0.10.2
   Compiling serde_json v1.0.149
   Compiling jobserver v0.1.34
   Compiling cc v1.2.58
   Compiling parking_lot_core v0.9.12
   Compiling zstd-sys v2.0.16+zstd.1.5.7
   Compiling libsqlite3-sys v0.38.1
   Compiling getrandom v0.4.2
   Compiling parking_lot v0.12.5
   Compiling blake3 v1.8.4
   Compiling scheduled-thread-pool v0.2.7
   Compiling rand v0.10.3
   Compiling errno v0.3.14
   Compiling zmij v1.0.21
   Compiling hashlink v0.12.1
   Compiling tracing-core v0.1.36
   Compiling aho-corasick v1.1.4
   Compiling pin-project-lite v0.2.17
   Compiling arrayvec v0.7.6
   Compiling fallible-streaming-iterator v0.1.9
   Compiling itoa v1.0.18
   Compiling arrayref v0.3.9
   Compiling core-foundation-sys v0.8.7
   Compiling regex-syntax v0.8.10
   Compiling log v0.4.29
   Compiling constant_time_eq v0.4.2
   Compiling fallible-iterator v0.3.0
   Compiling rusqlite v0.40.1
   Compiling r2d2 v0.8.10
   Compiling iana-time-zone v0.1.65
   Compiling regex-automata v0.4.14
   Compiling tracing v0.1.44
   Compiling thiserror v2.0.18
   Compiling num-traits v0.2.19
   Compiling rustix v1.1.4
   Compiling uuid v1.23.0
   Compiling fastrand v2.3.0
   Compiling tempfile v3.27.0
   Compiling regex v1.12.3
   Compiling r2d2_sqlite v0.35.0
   Compiling chrono v0.4.44
   Compiling cc-model v1.0.0 (/Users/jin/Desktop/codecortex-rust/artifacts/benchmarks/p8-pr184-native-20261009-root/worktree/crates/cc-model)
   Compiling zstd-safe v7.2.4
   Compiling zstd v0.13.3
   Compiling cc-db v1.0.0 (/Users/jin/Desktop/codecortex-rust/artifacts/benchmarks/p8-pr184-native-20261009-root/worktree/crates/cc-db)
    Finished `test` profile [unoptimized + debuginfo] target(s) in 13.32s
     Running unittests src/lib.rs (/Users/jin/Desktop/codecortex-rust/artifacts/benchmarks/p8-pr184-native-20261009-root/cargo-target/debug/deps/cc_db-62f25e1dbde23701)
