2026-10-10T01:40:41.6107554Z Current runner version: '2.337.0'
2026-10-10T01:40:41.6132413Z ##[group]Runner Image Provisioner
2026-10-10T01:40:41.6133352Z Hosted Compute Agent
2026-10-10T01:40:41.6133954Z Version: 20261002.596
2026-10-10T01:40:41.6134657Z Commit: c3d12f3313a95f25162a1503be624f3b0617f8c0
2026-10-10T01:40:41.6135398Z Build Date: 2026-10-02T22:28:27Z
2026-10-10T01:40:41.6136160Z Worker ID: {9340f200-860c-40b2-8a7c-6a83b0da34fb}
2026-10-10T01:40:41.6137353Z Region: westus2
2026-10-10T01:40:41.6137931Z Cloud: Azure
2026-10-10T01:40:41.6138543Z ##[endgroup]
2026-10-10T01:40:41.6140039Z ##[group]Operating System
2026-10-10T01:40:41.6140691Z Ubuntu
2026-10-10T01:40:41.6141351Z 24.04.5
2026-10-10T01:40:41.6141877Z LTS
2026-10-10T01:40:41.6142429Z ##[endgroup]
2026-10-10T01:40:41.6143069Z ##[group]Runner Image
2026-10-10T01:40:41.6143668Z Image: ubuntu-24.04
2026-10-10T01:40:41.6144356Z Version: 20261004.327.1
2026-10-10T01:40:41.6145644Z Included Software: https://github.com/actions/runner-images/blob/ubuntu24/20261004.327/images/ubuntu/Ubuntu2404-Readme.md
2026-10-10T01:40:41.6147809Z Image Release: https://github.com/actions/runner-images/releases/tag/ubuntu24%2F20261004.327
2026-10-10T01:40:41.6148820Z ##[endgroup]
2026-10-10T01:40:41.6150055Z ##[group]GITHUB_TOKEN Permissions
2026-10-10T01:40:41.6151967Z Contents: read
2026-10-10T01:40:41.6152678Z Metadata: read
2026-10-10T01:40:41.6153241Z ##[endgroup]
2026-10-10T01:40:41.6155364Z Secret source: Actions
2026-10-10T01:40:41.6156357Z Cache mode: write
2026-10-10T01:40:41.6157467Z Prepare workflow directory
2026-10-10T01:40:41.6554241Z Prepare all required actions
2026-10-10T01:40:41.6602252Z Getting action download info
2026-10-10T01:40:42.0296108Z Download action repository 'actions/checkout@v4' (SHA:11d5960a326750d5838078e36cf38b85af677262)
2026-10-10T01:40:42.1307140Z Download action repository 'dtolnay/rust-toolchain@stable' (SHA:686976e191b89faba57d3206551f0f330d8cb249)
2026-10-10T01:40:42.3041970Z Download action repository 'actions/download-artifact@v4' (SHA:d3f86a106a0bac45b974a628896c90dbdf5c8093)
2026-10-10T01:40:42.5673310Z Download action repository 'actions/upload-artifact@v4' (SHA:ea165f8d65b6e75b540449e92b4886f43607fa02)
2026-10-10T01:40:42.8203477Z Complete job name: preflight (50000, 0)
2026-10-10T01:40:42.8980662Z ##[group]Run actions/checkout@v4
2026-10-10T01:40:42.8981552Z with:
2026-10-10T01:40:42.8982101Z   ref: 9cc6bf49f6dd81e4069a8004eed49addba0ab79b
2026-10-10T01:40:42.8982745Z   sparse-checkout-cone-mode: false
2026-10-10T01:40:42.8983316Z   sparse-checkout: /*
!/artifacts/

2026-10-10T01:40:42.8983864Z   repository: jyqj/codecortex
2026-10-10T01:40:42.8988128Z   token: ***
2026-10-10T01:40:42.8988575Z   ssh-strict: true
2026-10-10T01:40:42.8989012Z   ssh-user: git
2026-10-10T01:40:42.8989463Z   persist-credentials: true
2026-10-10T01:40:42.8989955Z   clean: true
2026-10-10T01:40:42.8990378Z   fetch-depth: 1
2026-10-10T01:40:42.8990809Z   fetch-tags: false
2026-10-10T01:40:42.8991255Z   show-progress: true
2026-10-10T01:40:42.8991710Z   lfs: false
2026-10-10T01:40:42.8992144Z   submodules: false
2026-10-10T01:40:42.8992595Z   set-safe-directory: true
2026-10-10T01:40:42.8993097Z   allow-unsafe-pr-checkout: false
2026-10-10T01:40:42.8993884Z env:
2026-10-10T01:40:42.8994340Z   CARGO_TERM_COLOR: never
2026-10-10T01:40:42.8994816Z   CARGO_INCREMENTAL: 0
2026-10-10T01:40:42.8995271Z   CARGO_BUILD_JOBS: 2
2026-10-10T01:40:42.8995713Z   RUSTFLAGS: 
2026-10-10T01:40:42.8996126Z ##[endgroup]
2026-10-10T01:40:43.0048828Z Syncing repository: jyqj/codecortex
2026-10-10T01:40:43.0050619Z ##[group]Getting Git version info
2026-10-10T01:40:43.0051395Z Working directory is '/home/runner/work/codecortex/codecortex'
2026-10-10T01:40:43.0052639Z [command]/usr/bin/git version
2026-10-10T01:40:43.0113214Z git version 2.55.0
2026-10-10T01:40:43.0139511Z ##[endgroup]
2026-10-10T01:40:43.0155251Z Temporarily overriding HOME='/home/runner/work/_temp/f146fd9d-959a-453d-914a-0bdcc4fb2ccc' before making global git config changes
2026-10-10T01:40:43.0157796Z Adding repository directory to the temporary git global config as a safe directory
2026-10-10T01:40:43.0161689Z [command]/usr/bin/git config --global --add safe.directory /home/runner/work/codecortex/codecortex
2026-10-10T01:40:43.0206561Z Deleting the contents of '/home/runner/work/codecortex/codecortex'
2026-10-10T01:40:43.0210883Z ##[group]Initializing the repository
2026-10-10T01:40:43.0214680Z [command]/usr/bin/git init /home/runner/work/codecortex/codecortex
2026-10-10T01:40:43.0317790Z hint: Using 'master' as the name for the initial branch. This default branch name
2026-10-10T01:40:43.0319457Z hint: will change to "main" in Git 3.0. To configure the initial branch name
2026-10-10T01:40:43.0322136Z hint: to use in all of your new repositories, which will suppress this warning,
2026-10-10T01:40:43.0324821Z hint: call:
2026-10-10T01:40:43.0325974Z hint:
2026-10-10T01:40:43.0327620Z hint: 	git config --global init.defaultBranch <name>
2026-10-10T01:40:43.0329508Z hint:
2026-10-10T01:40:43.0331423Z hint: Names commonly chosen instead of 'master' are 'main', 'trunk' and
2026-10-10T01:40:43.0334284Z hint: 'development'. The just-created branch can be renamed via this command:
2026-10-10T01:40:43.0335859Z hint:
2026-10-10T01:40:43.0336934Z hint: 	git branch -m <name>
2026-10-10T01:40:43.0337827Z hint:
2026-10-10T01:40:43.0338922Z hint: Disable this message with "git config set advice.defaultBranchName false"
2026-10-10T01:40:43.0340936Z Initialized empty Git repository in /home/runner/work/codecortex/codecortex/.git/
2026-10-10T01:40:43.0343912Z [command]/usr/bin/git remote add origin https://github.com/jyqj/codecortex
2026-10-10T01:40:43.0384391Z ##[endgroup]
2026-10-10T01:40:43.0385523Z ##[group]Disabling automatic garbage collection
2026-10-10T01:40:43.0389286Z [command]/usr/bin/git config --local gc.auto 0
2026-10-10T01:40:43.0418992Z ##[endgroup]
2026-10-10T01:40:43.0419766Z ##[group]Setting up auth
2026-10-10T01:40:43.0425709Z [command]/usr/bin/git config --local --name-only --get-regexp core\.sshCommand
2026-10-10T01:40:43.0457533Z [command]/usr/bin/git submodule foreach --recursive sh -c "git config --local --name-only --get-regexp 'core\.sshCommand' && git config --local --unset-all 'core.sshCommand' || :"
2026-10-10T01:40:43.0804608Z [command]/usr/bin/git config --local --name-only --get-regexp http\.https\:\/\/github\.com\/\.extraheader
2026-10-10T01:40:43.0838980Z [command]/usr/bin/git submodule foreach --recursive sh -c "git config --local --name-only --get-regexp 'http\.https\:\/\/github\.com\/\.extraheader' && git config --local --unset-all 'http.https://github.com/.extraheader' || :"
2026-10-10T01:40:43.1059138Z [command]/usr/bin/git config --local --name-only --get-regexp ^includeIf\.gitdir:
2026-10-10T01:40:43.1089689Z [command]/usr/bin/git submodule foreach --recursive git config --local --show-origin --name-only --get-regexp remote.origin.url
2026-10-10T01:40:43.1309527Z [command]/usr/bin/git config --local http.https://github.com/.extraheader AUTHORIZATION: basic ***
2026-10-10T01:40:43.1344215Z ##[endgroup]
2026-10-10T01:40:43.1345653Z ##[group]Fetching the repository
2026-10-10T01:40:43.1353394Z [command]/usr/bin/git -c protocol.version=2 fetch --no-tags --prune --no-recurse-submodules --filter=blob:none --depth=1 origin 9cc6bf49f6dd81e4069a8004eed49addba0ab79b
2026-10-10T01:40:43.4558625Z From https://github.com/jyqj/codecortex
2026-10-10T01:40:43.4563040Z  * branch            9cc6bf49f6dd81e4069a8004eed49addba0ab79b -> FETCH_HEAD
2026-10-10T01:40:43.4567659Z ##[endgroup]
2026-10-10T01:40:43.4569635Z ##[group]Determining the checkout info
2026-10-10T01:40:43.4571121Z ##[endgroup]
2026-10-10T01:40:43.4573104Z ##[group]Setting up sparse checkout
2026-10-10T01:40:43.4574777Z [command]/usr/bin/git config core.sparseCheckout true
2026-10-10T01:40:43.4607382Z [command]/usr/bin/git rev-parse --git-path info/sparse-checkout
2026-10-10T01:40:43.4628507Z .git/info/sparse-checkout
2026-10-10T01:40:43.4636336Z ##[endgroup]
2026-10-10T01:40:43.4638054Z ##[group]Checking out the ref
2026-10-10T01:40:43.4641010Z [command]/usr/bin/git checkout --progress --force 9cc6bf49f6dd81e4069a8004eed49addba0ab79b
2026-10-10T01:40:44.9213415Z Updating files:   0% (1/1674)
2026-10-10T01:40:44.9234135Z Updating files:   1% (17/1674)
2026-10-10T01:40:44.9259083Z Updating files:   2% (34/1674)
2026-10-10T01:40:44.9276206Z Updating files:   3% (51/1674)
2026-10-10T01:40:44.9290425Z Updating files:   4% (67/1674)
2026-10-10T01:40:44.9304236Z Updating files:   5% (84/1674)
2026-10-10T01:40:44.9314165Z Updating files:   6% (101/1674)
2026-10-10T01:40:44.9353619Z Updating files:   7% (118/1674)
2026-10-10T01:40:44.9381911Z Updating files:   8% (134/1674)
2026-10-10T01:40:44.9434756Z Updating files:   9% (151/1674)
2026-10-10T01:40:44.9455772Z Updating files:  10% (168/1674)
2026-10-10T01:40:44.9464008Z Updating files:  11% (185/1674)
2026-10-10T01:40:44.9476989Z Updating files:  12% (201/1674)
2026-10-10T01:40:44.9484879Z Updating files:  13% (218/1674)
2026-10-10T01:40:44.9503550Z Updating files:  14% (235/1674)
2026-10-10T01:40:44.9516194Z Updating files:  15% (252/1674)
2026-10-10T01:40:44.9535000Z Updating files:  16% (268/1674)
2026-10-10T01:40:44.9551464Z Updating files:  17% (285/1674)
2026-10-10T01:40:44.9576319Z Updating files:  18% (302/1674)
2026-10-10T01:40:44.9597960Z Updating files:  19% (319/1674)
2026-10-10T01:40:44.9625793Z Updating files:  20% (335/1674)
2026-10-10T01:40:44.9640483Z Updating files:  21% (352/1674)
2026-10-10T01:40:44.9659832Z Updating files:  22% (369/1674)
2026-10-10T01:40:44.9680901Z Updating files:  23% (386/1674)
2026-10-10T01:40:44.9700526Z Updating files:  24% (402/1674)
2026-10-10T01:40:44.9708178Z Updating files:  25% (419/1674)
2026-10-10T01:40:44.9714156Z Updating files:  26% (436/1674)
2026-10-10T01:40:44.9720970Z Updating files:  27% (452/1674)
2026-10-10T01:40:44.9727789Z Updating files:  28% (469/1674)
2026-10-10T01:40:44.9734619Z Updating files:  29% (486/1674)
2026-10-10T01:40:44.9741479Z Updating files:  30% (503/1674)
2026-10-10T01:40:44.9753059Z Updating files:  31% (519/1674)
2026-10-10T01:40:44.9760762Z Updating files:  32% (536/1674)
2026-10-10T01:40:44.9775859Z Updating files:  33% (553/1674)
2026-10-10T01:40:44.9791209Z Updating files:  34% (570/1674)
2026-10-10T01:40:44.9806678Z Updating files:  35% (586/1674)
2026-10-10T01:40:44.9821856Z Updating files:  36% (603/1674)
2026-10-10T01:40:44.9834914Z Updating files:  37% (620/1674)
2026-10-10T01:40:44.9845569Z Updating files:  38% (637/1674)
2026-10-10T01:40:44.9859901Z Updating files:  39% (653/1674)
2026-10-10T01:40:44.9875266Z Updating files:  40% (670/1674)
2026-10-10T01:40:44.9892823Z Updating files:  41% (687/1674)
2026-10-10T01:40:44.9905117Z Updating files:  42% (704/1674)
2026-10-10T01:40:44.9923458Z Updating files:  43% (720/1674)
2026-10-10T01:40:44.9942971Z Updating files:  44% (737/1674)
2026-10-10T01:40:44.9956018Z Updating files:  45% (754/1674)
2026-10-10T01:40:44.9973063Z Updating files:  46% (771/1674)
2026-10-10T01:40:44.9987062Z Updating files:  47% (787/1674)
2026-10-10T01:40:44.9999916Z Updating files:  48% (804/1674)
2026-10-10T01:40:45.0012530Z Updating files:  49% (821/1674)
2026-10-10T01:40:45.0024537Z Updating files:  50% (837/1674)
2026-10-10T01:40:45.0035080Z Updating files:  51% (854/1674)
2026-10-10T01:40:45.0048653Z Updating files:  52% (871/1674)
2026-10-10T01:40:45.0064858Z Updating files:  53% (888/1674)
2026-10-10T01:40:45.0083691Z Updating files:  54% (904/1674)
2026-10-10T01:40:45.0095923Z Updating files:  55% (921/1674)
2026-10-10T01:40:45.0119312Z Updating files:  56% (938/1674)
2026-10-10T01:40:45.0134397Z Updating files:  57% (955/1674)
2026-10-10T01:40:45.0155162Z Updating files:  58% (971/1674)
2026-10-10T01:40:45.0178405Z Updating files:  59% (988/1674)
2026-10-10T01:40:45.0196529Z Updating files:  60% (1005/1674)
2026-10-10T01:40:45.0216545Z Updating files:  61% (1022/1674)
2026-10-10T01:40:45.0233728Z Updating files:  62% (1038/1674)
2026-10-10T01:40:45.0249306Z Updating files:  63% (1055/1674)
2026-10-10T01:40:45.0269070Z Updating files:  64% (1072/1674)
2026-10-10T01:40:45.0284372Z Updating files:  65% (1089/1674)
2026-10-10T01:40:45.0300856Z Updating files:  66% (1105/1674)
2026-10-10T01:40:45.0314418Z Updating files:  67% (1122/1674)
2026-10-10T01:40:45.0327906Z Updating files:  68% (1139/1674)
2026-10-10T01:40:45.0352562Z Updating files:  69% (1156/1674)
2026-10-10T01:40:45.0362239Z Updating files:  70% (1172/1674)
2026-10-10T01:40:45.0370266Z Updating files:  71% (1189/1674)
2026-10-10T01:40:45.0394938Z Updating files:  72% (1206/1674)
2026-10-10T01:40:45.0410280Z Updating files:  73% (1223/1674)
2026-10-10T01:40:45.0425441Z Updating files:  74% (1239/1674)
2026-10-10T01:40:45.0440343Z Updating files:  75% (1256/1674)
2026-10-10T01:40:45.0450510Z Updating files:  76% (1273/1674)
2026-10-10T01:40:45.0459116Z Updating files:  77% (1289/1674)
2026-10-10T01:40:45.0471106Z Updating files:  78% (1306/1674)
2026-10-10T01:40:45.0505306Z Updating files:  79% (1323/1674)
2026-10-10T01:40:45.0515691Z Updating files:  80% (1340/1674)
2026-10-10T01:40:45.0524949Z Updating files:  81% (1356/1674)
2026-10-10T01:40:45.0535370Z Updating files:  82% (1373/1674)
2026-10-10T01:40:45.0552041Z Updating files:  83% (1390/1674)
2026-10-10T01:40:45.0562044Z Updating files:  84% (1407/1674)
2026-10-10T01:40:45.0575864Z Updating files:  85% (1423/1674)
2026-10-10T01:40:45.0608297Z Updating files:  86% (1440/1674)
2026-10-10T01:40:45.0619856Z Updating files:  87% (1457/1674)
2026-10-10T01:40:45.0631245Z Updating files:  88% (1474/1674)
2026-10-10T01:40:45.0647331Z Updating files:  89% (1490/1674)
2026-10-10T01:40:45.0661998Z Updating files:  90% (1507/1674)
2026-10-10T01:40:45.0706433Z Updating files:  91% (1524/1674)
2026-10-10T01:40:45.0724209Z Updating files:  92% (1541/1674)
2026-10-10T01:40:45.0747559Z Updating files:  93% (1557/1674)
2026-10-10T01:40:45.0760987Z Updating files:  94% (1574/1674)
2026-10-10T01:40:45.0778377Z Updating files:  95% (1591/1674)
2026-10-10T01:40:45.0794297Z Updating files:  96% (1608/1674)
2026-10-10T01:40:45.0808745Z Updating files:  97% (1624/1674)
2026-10-10T01:40:45.0824942Z Updating files:  98% (1641/1674)
2026-10-10T01:40:45.0835861Z Updating files:  99% (1658/1674)
2026-10-10T01:40:45.0836508Z Updating files: 100% (1674/1674)
2026-10-10T01:40:45.0837275Z Updating files: 100% (1674/1674), done.
2026-10-10T01:40:45.1100288Z Note: switching to '9cc6bf49f6dd81e4069a8004eed49addba0ab79b'.
2026-10-10T01:40:45.1101099Z 
2026-10-10T01:40:45.1101713Z You are in 'detached HEAD' state. You can look around, make experimental
2026-10-10T01:40:45.1103097Z changes and commit them, and you can discard any commits you make in this
2026-10-10T01:40:45.1104215Z state without impacting any branches by switching back to a branch.
2026-10-10T01:40:45.1104856Z 
2026-10-10T01:40:45.1105308Z If you want to create a new branch to retain commits you create, you may
2026-10-10T01:40:45.1106356Z do so (now or later) by using -c with the switch command. Example:
2026-10-10T01:40:45.1107171Z 
2026-10-10T01:40:45.1107471Z   git switch -c <new-branch-name>
2026-10-10T01:40:45.1107911Z 
2026-10-10T01:40:45.1108198Z Or undo this operation with:
2026-10-10T01:40:45.1108665Z 
2026-10-10T01:40:45.1108923Z   git switch -
2026-10-10T01:40:45.1109272Z 
2026-10-10T01:40:45.1109784Z Turn off this advice by setting config variable advice.detachedHead to false
2026-10-10T01:40:45.1110481Z 
2026-10-10T01:40:45.1110998Z HEAD is now at 9cc6bf4 chore(review): bind diagnostic workflow context correction
2026-10-10T01:40:45.1122576Z ##[endgroup]
2026-10-10T01:40:45.1165323Z [command]/usr/bin/git log -1 --format=%H
2026-10-10T01:40:45.1190678Z 9cc6bf49f6dd81e4069a8004eed49addba0ab79b
2026-10-10T01:40:45.1567458Z ##[group]Run dtolnay/rust-toolchain@stable
2026-10-10T01:40:45.1568016Z with:
2026-10-10T01:40:45.1568412Z   toolchain: 1.95.0
2026-10-10T01:40:45.1568810Z env:
2026-10-10T01:40:45.1569198Z   CARGO_TERM_COLOR: never
2026-10-10T01:40:45.1569645Z   CARGO_INCREMENTAL: 0
2026-10-10T01:40:45.1570072Z   CARGO_BUILD_JOBS: 2
2026-10-10T01:40:45.1570483Z   RUSTFLAGS: 
2026-10-10T01:40:45.1570874Z ##[endgroup]
2026-10-10T01:40:45.1639826Z ##[start-action display=Parse toolchain version;id=__dtolnay_rust-toolchain.parse]
2026-10-10T01:40:45.1704589Z ##[group]Run if [[ -z $toolchain ]]; then
2026-10-10T01:40:45.1705224Z [36;1mif [[ -z $toolchain ]]; then[0m
2026-10-10T01:40:45.1706008Z [36;1m  # GitHub does not enforce `required: true` inputs itself. https://github.com/actions/runner/issues/1070[0m
2026-10-10T01:40:45.1707034Z [36;1m  echo "'toolchain' is a required input" >&2[0m
2026-10-10T01:40:45.1707543Z [36;1m  exit 1[0m
2026-10-10T01:40:45.1708151Z [36;1melif [[ $toolchain =~ ^stable' '[0-9]+' '(year|month|week|day)s?' 'ago$ ]]; then[0m
2026-10-10T01:40:45.1708808Z [36;1m  if [[ Linux == macOS ]]; then[0m
2026-10-10T01:40:45.1709581Z [36;1m    echo "toolchain=1.$((($(date -v-$(sed 's/stable \([0-9]*\) \(.\).*/\1\2/' <<< $toolchain) +%s)/60/60/24-16569)/7/6))" >> $GITHUB_OUTPUT[0m
2026-10-10T01:40:45.1710336Z [36;1m  else[0m
2026-10-10T01:40:45.1710969Z [36;1m    echo "toolchain=1.$((($(date --date "${toolchain#stable }" +%s)/60/60/24-16569)/7/6))" >> $GITHUB_OUTPUT[0m
2026-10-10T01:40:45.1711671Z [36;1m  fi[0m
2026-10-10T01:40:45.1712191Z [36;1melif [[ $toolchain =~ ^stable' 'minus' '[0-9]+' 'releases?$ ]]; then[0m
2026-10-10T01:40:45.1712980Z [36;1m  echo "toolchain=1.$((($(date +%s)/60/60/24-16569)/7/6-${toolchain//[^0-9]/}))" >> $GITHUB_OUTPUT[0m
2026-10-10T01:40:45.1713702Z [36;1melif [[ $toolchain =~ ^1\.[0-9]+$ ]]; then[0m
2026-10-10T01:40:45.1714512Z [36;1m  echo "toolchain=1.$((i=${toolchain#1.}, c=($(date +%s)/60/60/24-16569)/7/6, i+9*i*(10*i<=c)+90*i*(100*i<=c)))" >> $GITHUB_OUTPUT[0m
2026-10-10T01:40:45.1715262Z [36;1melse[0m
2026-10-10T01:40:45.1715667Z [36;1m  delimiter=EOF[0m
2026-10-10T01:40:45.1716195Z [36;1m  while [[ $toolchain == *$delimiter* ]]; do delimiter+=_; done[0m
2026-10-10T01:40:45.1717182Z [36;1m  printf 'toolchain<<%s\n%s\n%s\n' "$delimiter" "$toolchain" "$delimiter" >> $GITHUB_OUTPUT[0m
2026-10-10T01:40:45.1717829Z [36;1mfi[0m
2026-10-10T01:40:45.1964547Z shell: /usr/bin/bash --noprofile --norc -e -o pipefail {0}
2026-10-10T01:40:45.1965486Z env:
2026-10-10T01:40:45.1966076Z   CARGO_TERM_COLOR: never
2026-10-10T01:40:45.1967021Z   CARGO_INCREMENTAL: 0
2026-10-10T01:40:45.1967672Z   CARGO_BUILD_JOBS: 2
2026-10-10T01:40:45.1968285Z   RUSTFLAGS: 
2026-10-10T01:40:45.1968870Z   toolchain: 1.95.0
2026-10-10T01:40:45.1969469Z ##[endgroup]
2026-10-10T01:40:45.2114627Z ##[end-action id=__dtolnay_rust-toolchain.parse;outcome=success;conclusion=success;duration_ms=47]
2026-10-10T01:40:45.2120859Z ##[start-action display=Set $CARGO_HOME;id=__dtolnay_rust-toolchain.__run]
2026-10-10T01:40:45.2160743Z ##[group]Run echo CARGO_HOME=${CARGO_HOME:-"$HOME/.cargo"} >> $GITHUB_ENV
2026-10-10T01:40:45.2161540Z [36;1mecho CARGO_HOME=${CARGO_HOME:-"$HOME/.cargo"} >> $GITHUB_ENV[0m
2026-10-10T01:40:45.2222845Z shell: /usr/bin/bash --noprofile --norc -e -o pipefail {0}
2026-10-10T01:40:45.2223495Z env:
2026-10-10T01:40:45.2223954Z   CARGO_TERM_COLOR: never
2026-10-10T01:40:45.2224463Z   CARGO_INCREMENTAL: 0
2026-10-10T01:40:45.2224963Z   CARGO_BUILD_JOBS: 2
2026-10-10T01:40:45.2225477Z   RUSTFLAGS: 
2026-10-10T01:40:45.2225952Z ##[endgroup]
2026-10-10T01:40:45.2321214Z ##[end-action id=__dtolnay_rust-toolchain.__run;outcome=success;conclusion=success;duration_ms=19]
2026-10-10T01:40:45.2324991Z ##[start-action display=Install rustup if needed;id=__dtolnay_rust-toolchain.__run_2]
2026-10-10T01:40:45.2361823Z ##[group]Run if ! command -v rustup &>/dev/null; then
2026-10-10T01:40:45.2362427Z [36;1mif ! command -v rustup &>/dev/null; then[0m
2026-10-10T01:40:45.2363675Z [36;1m  curl --proto '=https' --tlsv1.2 --retry 10 --retry-connrefused --location --silent --show-error --fail https://sh.rustup.rs | sh -s -- --default-toolchain none -y[0m
2026-10-10T01:40:45.2364711Z [36;1m  echo "$CARGO_HOME/bin" >> $GITHUB_PATH[0m
2026-10-10T01:40:45.2365210Z [36;1mfi[0m
2026-10-10T01:40:45.2425180Z shell: /usr/bin/bash --noprofile --norc -e -o pipefail {0}
2026-10-10T01:40:45.2425766Z env:
2026-10-10T01:40:45.2426164Z   CARGO_TERM_COLOR: never
2026-10-10T01:40:45.2427000Z   CARGO_INCREMENTAL: 0
2026-10-10T01:40:45.2427431Z   CARGO_BUILD_JOBS: 2
2026-10-10T01:40:45.2427846Z   RUSTFLAGS: 
2026-10-10T01:40:45.2428263Z   CARGO_HOME: /home/runner/.cargo
2026-10-10T01:40:45.2428725Z ##[endgroup]
2026-10-10T01:40:45.2550074Z ##[end-action id=__dtolnay_rust-toolchain.__run_2;outcome=success;conclusion=success;duration_ms=22]
2026-10-10T01:40:45.2553609Z ##[start-action display=Install rustup if needed on windows;id=__dtolnay_rust-toolchain.__run_3]
2026-10-10T01:40:45.2563187Z ##[end-action id=__dtolnay_rust-toolchain.__run_3;outcome=skipped;conclusion=skipped;duration_ms=0]
2026-10-10T01:40:45.2577512Z ##[start-action display=rustup toolchain install 1.95.0;id=__dtolnay_rust-toolchain.__run_4]
2026-10-10T01:40:45.2606515Z ##[group]Run set -f  # split targets and components on commas and whitespace, without glob expansion
2026-10-10T01:40:45.2607686Z [36;1mset -f  # split targets and components on commas and whitespace, without glob expansion[0m
2026-10-10T01:40:45.2608383Z [36;1mflags=()[0m
2026-10-10T01:40:45.2608877Z [36;1mfor t in ${targets//,/ }; do flags+=(--target "$t"); done[0m
2026-10-10T01:40:45.2609532Z [36;1mfor c in ${components//,/ }; do flags+=(--component "$c"); done[0m
2026-10-10T01:40:45.2610293Z [36;1mif [[ $toolchain == nightly && -n $components ]]; then flags+=(--allow-downgrade); fi[0m
2026-10-10T01:40:45.2610942Z [36;1mlog=$(mktemp)[0m
2026-10-10T01:40:45.2611380Z [36;1mtrap 'rm -f "$log"' EXIT[0m
2026-10-10T01:40:45.2611857Z [36;1mfor attempt in 1 2 3 4 5; do[0m
2026-10-10T01:40:45.2612673Z [36;1m  if rustup toolchain install "$toolchain" "${flags[@]}" --profile minimal --no-self-update --force-non-host 2>&1 | tee "$log"; then[0m
2026-10-10T01:40:45.2613484Z [36;1m    break[0m
2026-10-10T01:40:45.2613873Z [36;1m  else[0m
2026-10-10T01:40:45.2614256Z [36;1m    status=$?[0m
2026-10-10T01:40:45.2614673Z [36;1m  fi[0m
2026-10-10T01:40:45.2615181Z [36;1m  if [[ $attempt == 5 ]] || ! grep -Fq 'checksum failed for ' "$log" \[0m
2026-10-10T01:40:45.2615985Z [36;1m      || ! grep -Fq 'this is likely due to an ongoing update of the official release server' "$log"; then[0m
2026-10-10T01:40:45.2616950Z [36;1m    exit "$status"[0m
2026-10-10T01:40:45.2617389Z [36;1m  fi[0m
2026-10-10T01:40:45.2617970Z [36;1m  echo "Retrying rustup toolchain install in 30 seconds (retry $attempt of 4)" >&2[0m
2026-10-10T01:40:45.2618607Z [36;1m  sleep 30[0m
2026-10-10T01:40:45.2618998Z [36;1mdone[0m
2026-10-10T01:40:45.2678418Z shell: /usr/bin/bash --noprofile --norc -e -o pipefail {0}
2026-10-10T01:40:45.2678987Z env:
2026-10-10T01:40:45.2679384Z   CARGO_TERM_COLOR: never
2026-10-10T01:40:45.2679836Z   CARGO_INCREMENTAL: 0
2026-10-10T01:40:45.2680267Z   CARGO_BUILD_JOBS: 2
2026-10-10T01:40:45.2680677Z   RUSTFLAGS: 
2026-10-10T01:40:45.2681092Z   CARGO_HOME: /home/runner/.cargo
2026-10-10T01:40:45.2681547Z   toolchain: 1.95.0
2026-10-10T01:40:45.2681943Z   targets: 
2026-10-10T01:40:45.2682320Z   components: 
2026-10-10T01:40:45.2682725Z   RUSTUP_PERMIT_COPY_RENAME: 1
2026-10-10T01:40:45.2683176Z ##[endgroup]
2026-10-10T01:40:45.3176519Z info: syncing channel updates for 1.95.0-x86_64-unknown-linux-gnu
2026-10-10T01:40:45.4823000Z info: latest update on 2026-04-16 for version 1.95.0 (59807616e 2026-04-14)
2026-10-10T01:40:45.4823991Z info: downloading 3 components
2026-10-10T01:40:52.8538270Z 
2026-10-10T01:40:52.8611377Z   1.95.0-x86_64-unknown-linux-gnu installed - rustc 1.95.0 (59807616e 2026-04-14)
2026-10-10T01:40:52.8611942Z 
2026-10-10T01:40:52.8691832Z ##[end-action id=__dtolnay_rust-toolchain.__run_4;outcome=success;conclusion=success;duration_ms=7611]
2026-10-10T01:40:52.8701530Z ##[start-action display=rustup default 1.95.0;id=__dtolnay_rust-toolchain.__run_5]
2026-10-10T01:40:52.8728906Z ##[group]Run rustup default "$toolchain" --force-non-host
2026-10-10T01:40:52.8729346Z [36;1mrustup default "$toolchain" --force-non-host[0m
2026-10-10T01:40:52.8793652Z shell: /usr/bin/bash --noprofile --norc -e -o pipefail {0}
2026-10-10T01:40:52.8794279Z env:
2026-10-10T01:40:52.8794534Z   CARGO_TERM_COLOR: never
2026-10-10T01:40:52.8794848Z   CARGO_INCREMENTAL: 0
2026-10-10T01:40:52.8795142Z   CARGO_BUILD_JOBS: 2
2026-10-10T01:40:52.8795419Z   RUSTFLAGS: 
2026-10-10T01:40:52.8795704Z   CARGO_HOME: /home/runner/.cargo
2026-10-10T01:40:52.8796026Z   toolchain: 1.95.0
2026-10-10T01:40:52.8796295Z ##[endgroup]
2026-10-10T01:40:52.8921224Z info: using existing install for 1.95.0-x86_64-unknown-linux-gnu
2026-10-10T01:40:52.8928286Z info: default toolchain set to 1.95.0-x86_64-unknown-linux-gnu
2026-10-10T01:40:52.8928727Z 
2026-10-10T01:40:52.8997269Z   1.95.0-x86_64-unknown-linux-gnu unchanged - rustc 1.95.0 (59807616e 2026-04-14)
2026-10-10T01:40:52.8998157Z 
2026-10-10T01:40:52.9014701Z ##[end-action id=__dtolnay_rust-toolchain.__run_5;outcome=success;conclusion=success;duration_ms=31]
2026-10-10T01:40:52.9019299Z ##[start-action display=Create cachekey;id=__dtolnay_rust-toolchain.rustc-version]
2026-10-10T01:40:52.9044701Z ##[group]Run DATE=$(rustc +"$toolchain" --version --verbose | sed -ne 's/^commit-date: \(20[0-9][0-9]\)-\([01][0-9]\)-\([0-3][0-9]\)$/\1\2\3/p')
2026-10-10T01:40:52.9045664Z [36;1mDATE=$(rustc +"$toolchain" --version --verbose | sed -ne 's/^commit-date: \(20[0-9][0-9]\)-\([01][0-9]\)-\([0-3][0-9]\)$/\1\2\3/p')[0m
2026-10-10T01:40:52.9046413Z [36;1mHASH=$(rustc +"$toolchain" --version --verbose | sed -ne 's/^commit-hash: //p')[0m
2026-10-10T01:40:52.9047502Z [36;1mecho "cachekey=$(echo $DATE$HASH | head -c12)" >> $GITHUB_OUTPUT[0m
2026-10-10T01:40:52.9108759Z shell: /usr/bin/bash --noprofile --norc -e -o pipefail {0}
2026-10-10T01:40:52.9109232Z env:
2026-10-10T01:40:52.9109489Z   CARGO_TERM_COLOR: never
2026-10-10T01:40:52.9109800Z   CARGO_INCREMENTAL: 0
2026-10-10T01:40:52.9110085Z   CARGO_BUILD_JOBS: 2
2026-10-10T01:40:52.9110397Z   RUSTFLAGS: 
2026-10-10T01:40:52.9110668Z   CARGO_HOME: /home/runner/.cargo
2026-10-10T01:40:52.9110994Z   toolchain: 1.95.0
2026-10-10T01:40:52.9111265Z ##[endgroup]
2026-10-10T01:40:52.9459657Z ##[end-action id=__dtolnay_rust-toolchain.rustc-version;outcome=success;conclusion=success;duration_ms=43]
2026-10-10T01:40:52.9462907Z ##[start-action display=Disable incremental compilation;id=__dtolnay_rust-toolchain.__run_6]
2026-10-10T01:40:52.9489440Z ##[group]Run if [ -z "${CARGO_INCREMENTAL+set}" ]; then
2026-10-10T01:40:52.9489866Z [36;1mif [ -z "${CARGO_INCREMENTAL+set}" ]; then[0m
2026-10-10T01:40:52.9490234Z [36;1m  echo CARGO_INCREMENTAL=0 >> $GITHUB_ENV[0m
2026-10-10T01:40:52.9490560Z [36;1mfi[0m
2026-10-10T01:40:52.9553883Z shell: /usr/bin/bash --noprofile --norc -e -o pipefail {0}
2026-10-10T01:40:52.9554342Z env:
2026-10-10T01:40:52.9554598Z   CARGO_TERM_COLOR: never
2026-10-10T01:40:52.9554906Z   CARGO_INCREMENTAL: 0
2026-10-10T01:40:52.9555194Z   CARGO_BUILD_JOBS: 2
2026-10-10T01:40:52.9555463Z   RUSTFLAGS: 
2026-10-10T01:40:52.9555739Z   CARGO_HOME: /home/runner/.cargo
2026-10-10T01:40:52.9556065Z ##[endgroup]
2026-10-10T01:40:52.9645660Z ##[end-action id=__dtolnay_rust-toolchain.__run_6;outcome=success;conclusion=success;duration_ms=18]
2026-10-10T01:40:52.9648588Z ##[start-action display=Enable colors in Cargo output;id=__dtolnay_rust-toolchain.__run_7]
2026-10-10T01:40:52.9672806Z ##[group]Run if [ -z "${CARGO_TERM_COLOR+set}" ]; then
2026-10-10T01:40:52.9673211Z [36;1mif [ -z "${CARGO_TERM_COLOR+set}" ]; then[0m
2026-10-10T01:40:52.9673558Z [36;1m  echo CARGO_TERM_COLOR=always >> $GITHUB_ENV[0m
2026-10-10T01:40:52.9673877Z [36;1mfi[0m
2026-10-10T01:40:52.9735338Z shell: /usr/bin/bash --noprofile --norc -e -o pipefail {0}
2026-10-10T01:40:52.9735782Z env:
2026-10-10T01:40:52.9736023Z   CARGO_TERM_COLOR: never
2026-10-10T01:40:52.9736315Z   CARGO_INCREMENTAL: 0
2026-10-10T01:40:52.9736802Z   CARGO_BUILD_JOBS: 2
2026-10-10T01:40:52.9737130Z   RUSTFLAGS: 
2026-10-10T01:40:52.9737386Z   CARGO_HOME: /home/runner/.cargo
2026-10-10T01:40:52.9737688Z ##[endgroup]
2026-10-10T01:40:52.9825114Z ##[end-action id=__dtolnay_rust-toolchain.__run_7;outcome=success;conclusion=success;duration_ms=17]
2026-10-10T01:40:52.9829221Z ##[start-action display=Enable Cargo sparse registry;id=__dtolnay_rust-toolchain.__run_8]
2026-10-10T01:40:52.9855680Z ##[group]Run # implemented in 1.66, stabilized in 1.68, made default in 1.70
2026-10-10T01:40:52.9856223Z [36;1m# implemented in 1.66, stabilized in 1.68, made default in 1.70[0m
2026-10-10T01:40:52.9857306Z [36;1mif [ -z "${CARGO_REGISTRIES_CRATES_IO_PROTOCOL+set}" -o -f "/home/runner/work/_temp"/.implicit_cargo_registries_crates_io_protocol ]; then[0m
2026-10-10T01:40:52.9858161Z [36;1m  if rustc +"$toolchain" --version --verbose | grep -q '^release: 1\.6[89]\.'; then[0m
2026-10-10T01:40:52.9858813Z [36;1m    touch "/home/runner/work/_temp"/.implicit_cargo_registries_crates_io_protocol || true[0m
2026-10-10T01:40:52.9859400Z [36;1m    echo CARGO_REGISTRIES_CRATES_IO_PROTOCOL=sparse >> $GITHUB_ENV[0m
2026-10-10T01:40:52.9859968Z [36;1m  elif rustc +"$toolchain" --version --verbose | grep -q '^release: 1\.6[67]\.'; then[0m
2026-10-10T01:40:52.9860622Z [36;1m    touch "/home/runner/work/_temp"/.implicit_cargo_registries_crates_io_protocol || true[0m
2026-10-10T01:40:52.9861162Z [36;1m    echo CARGO_REGISTRIES_CRATES_IO_PROTOCOL=git >> $GITHUB_ENV[0m
2026-10-10T01:40:52.9861517Z [36;1m  fi[0m
2026-10-10T01:40:52.9861711Z [36;1mfi[0m
2026-10-10T01:40:52.9921604Z shell: /usr/bin/bash --noprofile --norc -e -o pipefail {0}
2026-10-10T01:40:52.9922020Z env:
2026-10-10T01:40:52.9922253Z   CARGO_TERM_COLOR: never
2026-10-10T01:40:52.9922556Z   CARGO_INCREMENTAL: 0
2026-10-10T01:40:52.9922820Z   CARGO_BUILD_JOBS: 2
2026-10-10T01:40:52.9923073Z   RUSTFLAGS: 
2026-10-10T01:40:52.9923318Z   CARGO_HOME: /home/runner/.cargo
2026-10-10T01:40:52.9923615Z   toolchain: 1.95.0
2026-10-10T01:40:52.9923860Z ##[endgroup]
2026-10-10T01:40:53.0250411Z ##[end-action id=__dtolnay_rust-toolchain.__run_8;outcome=success;conclusion=success;duration_ms=42]
2026-10-10T01:40:53.0254907Z ##[start-action display=Work around spurious network errors in curl 8.0;id=__dtolnay_rust-toolchain.__run_9]
2026-10-10T01:40:53.0280764Z ##[group]Run # https://rust-lang.zulipchat.com/#narrow/stream/246057-t-cargo/topic/timeout.20investigation
2026-10-10T01:40:53.0281593Z [36;1m# https://rust-lang.zulipchat.com/#narrow/stream/246057-t-cargo/topic/timeout.20investigation[0m
2026-10-10T01:40:53.0282277Z [36;1mif rustc +"$toolchain" --version --verbose | grep -q '^release: 1\.7[01]\.'; then[0m
2026-10-10T01:40:53.0282793Z [36;1m  echo CARGO_HTTP_MULTIPLEXING=false >> $GITHUB_ENV[0m
2026-10-10T01:40:53.0283149Z [36;1mfi[0m
2026-10-10T01:40:53.0346388Z shell: /usr/bin/bash --noprofile --norc -e -o pipefail {0}
2026-10-10T01:40:53.0347052Z env:
2026-10-10T01:40:53.0347324Z   CARGO_TERM_COLOR: never
2026-10-10T01:40:53.0347638Z   CARGO_INCREMENTAL: 0
2026-10-10T01:40:53.0347926Z   CARGO_BUILD_JOBS: 2
2026-10-10T01:40:53.0348204Z   RUSTFLAGS: 
2026-10-10T01:40:53.0348470Z   CARGO_HOME: /home/runner/.cargo
2026-10-10T01:40:53.0348799Z   toolchain: 1.95.0
2026-10-10T01:40:53.0349075Z ##[endgroup]
2026-10-10T01:40:53.0559549Z ##[end-action id=__dtolnay_rust-toolchain.__run_9;outcome=success;conclusion=success;duration_ms=30]
2026-10-10T01:40:53.0565741Z ##[start-action display=rustc +1.95.0 --version --verbose;id=__dtolnay_rust-toolchain.__run_10]
2026-10-10T01:40:53.0611833Z ##[group]Run rustc +"$toolchain" --version --verbose
2026-10-10T01:40:53.0612243Z [36;1mrustc +"$toolchain" --version --verbose[0m
2026-10-10T01:40:53.0676006Z shell: /usr/bin/bash --noprofile --norc -e -o pipefail {0}
2026-10-10T01:40:53.0676895Z env:
2026-10-10T01:40:53.0677175Z   CARGO_TERM_COLOR: never
2026-10-10T01:40:53.0677491Z   CARGO_INCREMENTAL: 0
2026-10-10T01:40:53.0677779Z   CARGO_BUILD_JOBS: 2
2026-10-10T01:40:53.0678087Z   RUSTFLAGS: 
2026-10-10T01:40:53.0678364Z   CARGO_HOME: /home/runner/.cargo
2026-10-10T01:40:53.0678702Z   toolchain: 1.95.0
2026-10-10T01:40:53.0678975Z ##[endgroup]
2026-10-10T01:40:53.0866265Z rustc 1.95.0 (59807616e 2026-04-14)
2026-10-10T01:40:53.0867222Z binary: rustc
2026-10-10T01:40:53.0868256Z commit-hash: 59807616e1fa2540724bfbac14d7976d7e4a3860
2026-10-10T01:40:53.0868912Z commit-date: 2026-04-14
2026-10-10T01:40:53.0869312Z host: x86_64-unknown-linux-gnu
2026-10-10T01:40:53.0869700Z release: 1.95.0
2026-10-10T01:40:53.0870312Z LLVM version: 22.1.2
2026-10-10T01:40:53.0887760Z ##[end-action id=__dtolnay_rust-toolchain.__run_10;outcome=success;conclusion=success;duration_ms=32]
2026-10-10T01:40:53.0989204Z ##[group]Run actions/download-artifact@v4
2026-10-10T01:40:53.0989533Z with:
2026-10-10T01:40:53.0989786Z   name: p8-scale-wide-dirty-build-38013753078
2026-10-10T01:40:53.0990170Z   path: /home/runner/work/_temp/p8-scale-wide-dirty-build
2026-10-10T01:40:53.0990513Z   merge-multiple: false
2026-10-10T01:40:53.0990760Z   repository: jyqj/codecortex
2026-10-10T01:40:53.0991006Z   run-id: 38013753078
2026-10-10T01:40:53.0991211Z env:
2026-10-10T01:40:53.0991404Z   CARGO_TERM_COLOR: never
2026-10-10T01:40:53.0991632Z   CARGO_INCREMENTAL: 0
2026-10-10T01:40:53.0991850Z   CARGO_BUILD_JOBS: 2
2026-10-10T01:40:53.0992074Z   RUSTFLAGS: 
2026-10-10T01:40:53.0992287Z   CARGO_HOME: /home/runner/.cargo
2026-10-10T01:40:53.0992536Z ##[endgroup]
2026-10-10T01:40:53.2479033Z Downloading single artifact
2026-10-10T01:40:53.2628146Z (node:2374) [DEP0040] DeprecationWarning: The `punycode` module is deprecated. Please use a userland alternative instead.
2026-10-10T01:40:53.2629679Z (Use `node --trace-deprecation ...` to show where the warning was created)
2026-10-10T01:40:53.5258393Z Preparing to download the following artifacts:
2026-10-10T01:40:53.5259793Z - p8-scale-wide-dirty-build-38013753078 (ID: 11655028182, Size: 9236971, Expected Digest: sha256:db774b0964b648ba12ae0afcf50827cbe43c532c336ab20f9c4c6c06b2e0d269)
2026-10-10T01:40:53.7772543Z Redirecting to blob download url: https://productionresultssa2.blob.core.windows.net/actions-results/27ceba49-fb97-8be5-985c-9d429f7d3e3c/workflow-job-run-e422e140-756b-563d-bc27-45da85003101/artifacts/de8f7296476a1a4946cf8ac6416d1f317ee9800bf19fd1725801621b16408866.zip
2026-10-10T01:40:53.7776237Z Starting download of artifact to: /home/runner/work/_temp/p8-scale-wide-dirty-build
2026-10-10T01:40:54.0871640Z (node:2374) [DEP0005] DeprecationWarning: Buffer() is deprecated due to security and usability issues. Please use the Buffer.alloc(), Buffer.allocUnsafe(), or Buffer.from() methods instead.
2026-10-10T01:40:55.3751992Z SHA256 digest of downloaded artifact is db774b0964b648ba12ae0afcf50827cbe43c532c336ab20f9c4c6c06b2e0d269
2026-10-10T01:40:55.3752738Z Artifact download completed successfully.
2026-10-10T01:40:55.3753073Z Total of 1 artifact(s) downloaded
2026-10-10T01:40:55.3758601Z Download artifact has finished successfully
2026-10-10T01:40:55.3907141Z ##[group]Run python3 scripts/p8_runner_capacity.py --scale "$SCALE" \
2026-10-10T01:40:55.3907772Z [36;1mpython3 scripts/p8_runner_capacity.py --scale "$SCALE" \[0m
2026-10-10T01:40:55.3908435Z [36;1m  --output "$RUNNER_TEMP/p8-scale-wide-dirty-capacity-$SCALE-$SHARD" --prepare-ephemeral[0m
2026-10-10T01:40:55.3970548Z shell: /usr/bin/bash -e {0}
2026-10-10T01:40:55.3970865Z env:
2026-10-10T01:40:55.3971120Z   CARGO_TERM_COLOR: never
2026-10-10T01:40:55.3971449Z   CARGO_INCREMENTAL: 0
2026-10-10T01:40:55.3971744Z   CARGO_BUILD_JOBS: 2
2026-10-10T01:40:55.3972023Z   RUSTFLAGS: 
2026-10-10T01:40:55.3972294Z   CARGO_HOME: /home/runner/.cargo
2026-10-10T01:40:55.3972624Z   SCALE: 50000
2026-10-10T01:40:55.3972871Z   SHARD: 0
2026-10-10T01:40:55.3973228Z   P8_EXPECTED_SOURCE: 9cc6bf49f6dd81e4069a8004eed49addba0ab79b
2026-10-10T01:40:55.3973702Z   P8_CAPACITY_PREPARE_ALLOWED: true
2026-10-10T01:40:55.3974041Z ##[endgroup]
2026-10-10T01:40:55.4467701Z {
2026-10-10T01:40:55.4468294Z   "status": "capacity_available",
2026-10-10T01:40:55.4468942Z   "exit_code": 0,
2026-10-10T01:40:55.4469442Z   "error": null,
2026-10-10T01:40:55.4469959Z   "required_free_bytes": 17402167296
2026-10-10T01:40:55.4470581Z }
2026-10-10T01:40:55.4575412Z ##[group]Run actions/upload-artifact@v4
2026-10-10T01:40:55.4575724Z with:
2026-10-10T01:40:55.4576192Z   name: p8-scale-wide-dirty-capacity-50000-0-38013753078
2026-10-10T01:40:55.4576929Z   path: /home/runner/work/_temp/p8-scale-wide-dirty-capacity-50000-0
2026-10-10T01:40:55.4577339Z   if-no-files-found: error
2026-10-10T01:40:55.4577587Z   compression-level: 6
2026-10-10T01:40:55.4577817Z   overwrite: false
2026-10-10T01:40:55.4578044Z   include-hidden-files: false
2026-10-10T01:40:55.4578294Z env:
2026-10-10T01:40:55.4578486Z   CARGO_TERM_COLOR: never
2026-10-10T01:40:55.4578719Z   CARGO_INCREMENTAL: 0
2026-10-10T01:40:55.4578943Z   CARGO_BUILD_JOBS: 2
2026-10-10T01:40:55.4579156Z   RUSTFLAGS: 
2026-10-10T01:40:55.4579369Z   CARGO_HOME: /home/runner/.cargo
2026-10-10T01:40:55.4579620Z ##[endgroup]
2026-10-10T01:40:55.6233480Z (node:2396) [DEP0040] DeprecationWarning: The `punycode` module is deprecated. Please use a userland alternative instead.
2026-10-10T01:40:55.6234875Z (Use `node --trace-deprecation ...` to show where the warning was created)
2026-10-10T01:40:55.6294158Z With the provided path, there will be 1 file uploaded
2026-10-10T01:40:55.6300567Z Artifact name is valid!
2026-10-10T01:40:55.6301351Z Root directory input is valid!
2026-10-10T01:40:56.0117759Z Beginning upload of artifact content to blob storage
2026-10-10T01:40:56.0305081Z (node:2396) [DEP0169] DeprecationWarning: `url.parse()` behavior is not standardized and prone to errors that have security implications. Use the WHATWG URL API instead. CVEs are not issued for `url.parse()` vulnerabilities.
2026-10-10T01:40:56.3268593Z Uploaded bytes 786
2026-10-10T01:40:56.4009273Z Finished uploading artifact content to blob storage!
2026-10-10T01:40:56.4010401Z SHA256 digest of uploaded artifact zip is 6d95a5d21cb7ccaff366e076a97c9fa8acc523fe4fb16877502258dd7fa6be9c
2026-10-10T01:40:56.4012208Z Finalizing artifact upload
2026-10-10T01:40:56.6783064Z Artifact p8-scale-wide-dirty-capacity-50000-0-38013753078.zip successfully finalized. Artifact ID 11655033359
2026-10-10T01:40:56.6786089Z Artifact p8-scale-wide-dirty-capacity-50000-0-38013753078 has been successfully uploaded! Final size is 786 bytes. Artifact ID is 11655033359
2026-10-10T01:40:56.6793350Z Artifact download URL: https://github.com/jyqj/codecortex/actions/runs/38013753078/artifacts/11655033359
2026-10-10T01:40:56.6939813Z ##[group]Run chmod +x "$RUNNER_TEMP/p8-scale-wide-dirty-build/p8-scale"
2026-10-10T01:40:56.6940440Z [36;1mchmod +x "$RUNNER_TEMP/p8-scale-wide-dirty-build/p8-scale"[0m
2026-10-10T01:40:56.6941005Z [36;1mpython3 scripts/p8_scale_matrix.py run --root "$GITHUB_WORKSPACE" \[0m
2026-10-10T01:40:56.6941555Z [36;1m  --build "$RUNNER_TEMP/p8-scale-wide-dirty-build" \[0m
2026-10-10T01:40:56.6942103Z [36;1m  --scale "$SCALE" --shard-index "$SHARD" --shard-count 30 --repetitions 30 \[0m
2026-10-10T01:40:56.6942632Z [36;1m  --capacity-profile scale_wide_dirty_v1 \[0m
2026-10-10T01:40:56.6943112Z [36;1m  --output "$RUNNER_TEMP/p8-scale-wide-dirty-shard-$SCALE-$SHARD"[0m
2026-10-10T01:40:56.7003948Z shell: /usr/bin/bash -e {0}
2026-10-10T01:40:56.7004314Z env:
2026-10-10T01:40:56.7004613Z   CARGO_TERM_COLOR: never
2026-10-10T01:40:56.7004973Z   CARGO_INCREMENTAL: 0
2026-10-10T01:40:56.7005337Z   CARGO_BUILD_JOBS: 2
2026-10-10T01:40:56.7005648Z   RUSTFLAGS: 
2026-10-10T01:40:56.7005985Z   CARGO_HOME: /home/runner/.cargo
2026-10-10T01:40:56.7006357Z   SCALE: 50000
2026-10-10T01:40:56.7006896Z   SHARD: 0
2026-10-10T01:40:56.7007185Z ##[endgroup]
2026-10-10T02:44:16.0242029Z {
2026-10-10T02:44:16.0246148Z   "status": "passed",
2026-10-10T02:44:16.0246557Z   "passed": null,
2026-10-10T02:44:16.0247308Z   "error": null,
2026-10-10T02:44:16.0247665Z   "sample_count": null
2026-10-10T02:44:16.0248021Z }
2026-10-10T02:44:16.1159649Z ##[group]Run actions/upload-artifact@v4
2026-10-10T02:44:16.1160023Z with:
2026-10-10T02:44:16.1160323Z   name: p8-scale-wide-dirty-shard-50000-0-38013753078
2026-10-10T02:44:16.1160819Z   path: /home/runner/work/_temp/p8-scale-wide-dirty-shard-50000-0
2026-10-10T02:44:16.1161263Z   if-no-files-found: error
2026-10-10T02:44:16.1161551Z   compression-level: 6
2026-10-10T02:44:16.1162025Z   overwrite: false
2026-10-10T02:44:16.1162275Z   include-hidden-files: false
2026-10-10T02:44:16.1162554Z env:
2026-10-10T02:44:16.1162773Z   CARGO_TERM_COLOR: never
2026-10-10T02:44:16.1163038Z   CARGO_INCREMENTAL: 0
2026-10-10T02:44:16.1163290Z   CARGO_BUILD_JOBS: 2
2026-10-10T02:44:16.1163527Z   RUSTFLAGS: 
2026-10-10T02:44:16.1163770Z   CARGO_HOME: /home/runner/.cargo
2026-10-10T02:44:16.1164057Z ##[endgroup]
2026-10-10T02:44:16.4259705Z (node:3417) [DEP0040] DeprecationWarning: The `punycode` module is deprecated. Please use a userland alternative instead.
2026-10-10T02:44:16.4261207Z (Use `node --trace-deprecation ...` to show where the warning was created)
2026-10-10T02:44:16.4355345Z With the provided path, there will be 13 files uploaded
2026-10-10T02:44:16.4361599Z Artifact name is valid!
2026-10-10T02:44:16.4362664Z Root directory input is valid!
2026-10-10T02:44:16.9045183Z Beginning upload of artifact content to blob storage
2026-10-10T02:44:17.2537802Z (node:3417) [DEP0169] DeprecationWarning: `url.parse()` behavior is not standardized and prone to errors that have security implications. Use the WHATWG URL API instead. CVEs are not issued for `url.parse()` vulnerabilities.
2026-10-10T02:44:18.0740644Z Uploaded bytes 2892090
2026-10-10T02:44:18.1534132Z Finished uploading artifact content to blob storage!
2026-10-10T02:44:18.1535426Z SHA256 digest of uploaded artifact zip is 575d13e2303aae7755ceec6f3f15a1a04760216baa4de73a5db8bdc47121d376
2026-10-10T02:44:18.1536963Z Finalizing artifact upload
2026-10-10T02:44:18.4165342Z Artifact p8-scale-wide-dirty-shard-50000-0-38013753078.zip successfully finalized. Artifact ID 11657735385
2026-10-10T02:44:18.4172291Z Artifact p8-scale-wide-dirty-shard-50000-0-38013753078 has been successfully uploaded! Final size is 2892090 bytes. Artifact ID is 11657735385
2026-10-10T02:44:18.4174217Z Artifact download URL: https://github.com/jyqj/codecortex/actions/runs/38013753078/artifacts/11657735385
2026-10-10T02:44:18.4471596Z Post job cleanup.
2026-10-10T02:44:18.5334068Z [command]/usr/bin/git version
2026-10-10T02:44:18.5375529Z git version 2.55.0
2026-10-10T02:44:18.5414945Z Temporarily overriding HOME='/home/runner/work/_temp/d366a128-c594-48ce-8abd-66855359ba38' before making global git config changes
2026-10-10T02:44:18.5417826Z Adding repository directory to the temporary git global config as a safe directory
2026-10-10T02:44:18.5420207Z [command]/usr/bin/git config --global --add safe.directory /home/runner/work/codecortex/codecortex
2026-10-10T02:44:18.5468184Z [command]/usr/bin/git config --local --name-only --get-regexp core\.sshCommand
2026-10-10T02:44:18.5503586Z [command]/usr/bin/git submodule foreach --recursive sh -c "git config --local --name-only --get-regexp 'core\.sshCommand' && git config --local --unset-all 'core.sshCommand' || :"
2026-10-10T02:44:18.5948144Z [command]/usr/bin/git config --local --name-only --get-regexp http\.https\:\/\/github\.com\/\.extraheader
2026-10-10T02:44:18.5974039Z http.https://github.com/.extraheader
2026-10-10T02:44:18.5985983Z [command]/usr/bin/git config --local --unset-all http.https://github.com/.extraheader
2026-10-10T02:44:18.6023307Z [command]/usr/bin/git submodule foreach --recursive sh -c "git config --local --name-only --get-regexp 'http\.https\:\/\/github\.com\/\.extraheader' && git config --local --unset-all 'http.https://github.com/.extraheader' || :"
2026-10-10T02:44:18.6287894Z [command]/usr/bin/git config --local --name-only --get-regexp ^includeIf\.gitdir:
2026-10-10T02:44:18.6324132Z [command]/usr/bin/git submodule foreach --recursive git config --local --show-origin --name-only --get-regexp remote.origin.url
2026-10-10T02:44:18.6774110Z Cleaning up orphan processes
2026-10-10T02:44:18.7355904Z ##[warning]Node.js 20 is deprecated. The following actions target Node.js 20 but are being forced to run on Node.js 24: actions/checkout@v4, actions/download-artifact@v4, actions/upload-artifact@v4. For more information see: https://github.blog/changelog/2025-09-19-deprecation-of-node-20-on-github-actions-runners/
