2026-10-08T03:11:57.2632373Z Current runner version: '2.337.0'
2026-10-08T03:11:57.2652032Z ##[group]Runner Image Provisioner
2026-10-08T03:11:57.2652715Z Hosted Compute Agent
2026-10-08T03:11:57.2653136Z Version: 20260901.588
2026-10-08T03:11:57.2653573Z Commit: f88ec8081b781fac6c440065ac7ff9e710ce3d0b
2026-10-08T03:11:57.2654048Z Build Date: 2026-09-01T19:56:44Z
2026-10-08T03:11:57.2654487Z Worker ID: {594629bc-8649-4aa8-b658-31695b2cd92f}
2026-10-08T03:11:57.2654981Z Azure Region: centralus
2026-10-08T03:11:57.2655391Z ##[endgroup]
2026-10-08T03:11:57.2656181Z ##[group]Operating System
2026-10-08T03:11:57.2656622Z Ubuntu
2026-10-08T03:11:57.2656968Z 24.04.5
2026-10-08T03:11:57.2657366Z LTS
2026-10-08T03:11:57.2657741Z ##[endgroup]
2026-10-08T03:11:57.2658398Z ##[group]Runner Image
2026-10-08T03:11:57.2658863Z Image: ubuntu-24.04
2026-10-08T03:11:57.2659230Z Version: 20260927.320.1
2026-10-08T03:11:57.2660105Z Included Software: https://github.com/actions/runner-images/blob/ubuntu24/20260927.320/images/ubuntu/Ubuntu2404-Readme.md
2026-10-08T03:11:57.2661027Z Image Release: https://github.com/actions/runner-images/releases/tag/ubuntu24%2F20260927.320
2026-10-08T03:11:57.2661672Z ##[endgroup]
2026-10-08T03:11:57.2662390Z ##[group]GITHUB_TOKEN Permissions
2026-10-08T03:11:57.2663768Z Contents: read
2026-10-08T03:11:57.2664148Z Metadata: read
2026-10-08T03:11:57.2664552Z ##[endgroup]
2026-10-08T03:11:57.2665984Z Secret source: Actions
2026-10-08T03:11:57.2666628Z Cache mode: write
2026-10-08T03:11:57.2667131Z Prepare workflow directory
2026-10-08T03:11:57.3294940Z Prepare all required actions
2026-10-08T03:11:57.3344495Z Getting action download info
2026-10-08T03:11:57.5856077Z Download action repository 'actions/checkout@v4' (SHA:11d5960a326750d5838078e36cf38b85af677262)
2026-10-08T03:11:57.8142586Z Download action repository 'dtolnay/rust-toolchain@1.95.0' (SHA:eb0a44f258ec94ab9ee0f14f998f4cf332c25d3a)
2026-10-08T03:11:58.0362778Z Download action repository 'actions/upload-artifact@v4' (SHA:ea165f8d65b6e75b540449e92b4886f43607fa02)
2026-10-08T03:11:58.5907064Z Complete job name: offline (default)
2026-10-08T03:11:58.7168470Z ##[group]Run actions/checkout@v4
2026-10-08T03:11:58.7169268Z with:
2026-10-08T03:11:58.7169810Z   ref: 2313b808d3ca95ae9917f72f6898dfd81dbae2c8
2026-10-08T03:11:58.7170527Z   repository: jyqj/codecortex
2026-10-08T03:11:58.7175437Z   token: ***
2026-10-08T03:11:58.7175926Z   ssh-strict: true
2026-10-08T03:11:58.7176431Z   ssh-user: git
2026-10-08T03:11:58.7176953Z   persist-credentials: true
2026-10-08T03:11:58.7177521Z   clean: true
2026-10-08T03:11:58.7178131Z   sparse-checkout-cone-mode: true
2026-10-08T03:11:58.7178758Z   fetch-depth: 1
2026-10-08T03:11:58.7179264Z   fetch-tags: false
2026-10-08T03:11:58.7179784Z   show-progress: true
2026-10-08T03:11:58.7180323Z   lfs: false
2026-10-08T03:11:58.7180813Z   submodules: false
2026-10-08T03:11:58.7181338Z   set-safe-directory: true
2026-10-08T03:11:58.7181942Z   allow-unsafe-pr-checkout: false
2026-10-08T03:11:58.7182628Z env:
2026-10-08T03:11:58.7183093Z   CARGO_TERM_COLOR: never
2026-10-08T03:11:58.7183743Z   PYTHONDONTWRITEBYTECODE: 1
2026-10-08T03:11:58.7184338Z   CARGO_INCREMENTAL: 0
2026-10-08T03:11:58.7184879Z   CARGO_PROFILE_DEV_DEBUG: 0
2026-10-08T03:11:58.7185469Z   CARGO_PROFILE_TEST_DEBUG: 0
2026-10-08T03:11:58.7186045Z   CARGO_BUILD_JOBS: 2
2026-10-08T03:11:58.7186594Z   RUSTFLAGS: -D warnings
2026-10-08T03:11:58.7187138Z ##[endgroup]
2026-10-08T03:11:58.7934483Z Syncing repository: jyqj/codecortex
2026-10-08T03:11:58.7936143Z ##[group]Getting Git version info
2026-10-08T03:11:58.7937005Z Working directory is '/home/runner/work/codecortex/codecortex'
2026-10-08T03:11:58.7938499Z [command]/usr/bin/git version
2026-10-08T03:11:58.8380248Z git version 2.55.0
2026-10-08T03:11:58.8394103Z ##[endgroup]
2026-10-08T03:11:58.8405301Z Temporarily overriding HOME='/home/runner/work/_temp/b8e1a88e-e766-473b-bcbf-fa3d7bc80de6' before making global git config changes
2026-10-08T03:11:58.8408210Z Adding repository directory to the temporary git global config as a safe directory
2026-10-08T03:11:58.8410823Z [command]/usr/bin/git config --global --add safe.directory /home/runner/work/codecortex/codecortex
2026-10-08T03:11:58.8457078Z Deleting the contents of '/home/runner/work/codecortex/codecortex'
2026-10-08T03:11:58.8459787Z ##[group]Initializing the repository
2026-10-08T03:11:58.8468741Z [command]/usr/bin/git init /home/runner/work/codecortex/codecortex
2026-10-08T03:11:58.9169020Z hint: Using 'master' as the name for the initial branch. This default branch name
2026-10-08T03:11:58.9170462Z hint: will change to "main" in Git 3.0. To configure the initial branch name
2026-10-08T03:11:58.9172076Z hint: to use in all of your new repositories, which will suppress this warning,
2026-10-08T03:11:58.9173113Z hint: call:
2026-10-08T03:11:58.9173758Z hint:
2026-10-08T03:11:58.9174596Z hint: 	git config --global init.defaultBranch <name>
2026-10-08T03:11:58.9175456Z hint:
2026-10-08T03:11:58.9176131Z hint: Names commonly chosen instead of 'master' are 'main', 'trunk' and
2026-10-08T03:11:58.9177369Z hint: 'development'. The just-created branch can be renamed via this command:
2026-10-08T03:11:58.9239161Z hint:
2026-10-08T03:11:58.9239762Z hint: 	git branch -m <name>
2026-10-08T03:11:58.9240388Z hint:
2026-10-08T03:11:58.9241236Z hint: Disable this message with "git config set advice.defaultBranchName false"
2026-10-08T03:11:58.9242531Z Initialized empty Git repository in /home/runner/work/codecortex/codecortex/.git/
2026-10-08T03:11:58.9244559Z [command]/usr/bin/git remote add origin https://github.com/jyqj/codecortex
2026-10-08T03:11:58.9562211Z ##[endgroup]
2026-10-08T03:11:58.9563551Z ##[group]Disabling automatic garbage collection
2026-10-08T03:11:58.9564911Z [command]/usr/bin/git config --local gc.auto 0
2026-10-08T03:11:59.0159573Z ##[endgroup]
2026-10-08T03:11:59.0160552Z ##[group]Setting up auth
2026-10-08T03:11:59.0161964Z [command]/usr/bin/git config --local --name-only --get-regexp core\.sshCommand
2026-10-08T03:11:59.0192842Z [command]/usr/bin/git submodule foreach --recursive sh -c "git config --local --name-only --get-regexp 'core\.sshCommand' && git config --local --unset-all 'core.sshCommand' || :"
2026-10-08T03:11:59.0794516Z [command]/usr/bin/git config --local --name-only --get-regexp http\.https\:\/\/github\.com\/\.extraheader
2026-10-08T03:11:59.0824860Z [command]/usr/bin/git submodule foreach --recursive sh -c "git config --local --name-only --get-regexp 'http\.https\:\/\/github\.com\/\.extraheader' && git config --local --unset-all 'http.https://github.com/.extraheader' || :"
2026-10-08T03:11:59.1014108Z [command]/usr/bin/git config --local --name-only --get-regexp ^includeIf\.gitdir:
2026-10-08T03:11:59.1040043Z [command]/usr/bin/git submodule foreach --recursive git config --local --show-origin --name-only --get-regexp remote.origin.url
2026-10-08T03:11:59.1223998Z [command]/usr/bin/git config --local http.https://github.com/.extraheader AUTHORIZATION: basic ***
2026-10-08T03:11:59.1958455Z ##[endgroup]
2026-10-08T03:11:59.1980555Z ##[group]Fetching the repository
2026-10-08T03:11:59.1982769Z [command]/usr/bin/git -c protocol.version=2 fetch --no-tags --prune --no-recurse-submodules --depth=1 origin 2313b808d3ca95ae9917f72f6898dfd81dbae2c8
2026-10-08T03:12:12.9500663Z From https://github.com/jyqj/codecortex
2026-10-08T03:12:12.9501132Z  * branch            2313b808d3ca95ae9917f72f6898dfd81dbae2c8 -> FETCH_HEAD
2026-10-08T03:12:12.9506531Z ##[endgroup]
2026-10-08T03:12:12.9506986Z ##[group]Determining the checkout info
2026-10-08T03:12:12.9507520Z ##[endgroup]
2026-10-08T03:12:12.9510980Z [command]/usr/bin/git sparse-checkout disable
2026-10-08T03:12:12.9555162Z [command]/usr/bin/git config --local --unset-all extensions.worktreeConfig
2026-10-08T03:12:12.9620045Z ##[group]Checking out the ref
2026-10-08T03:12:12.9622942Z [command]/usr/bin/git checkout --progress --force 2313b808d3ca95ae9917f72f6898dfd81dbae2c8
2026-10-08T03:12:14.2329425Z Updating files:  89% (11540/12939)
2026-10-08T03:12:14.2407613Z Updating files:  90% (11646/12939)
2026-10-08T03:12:14.2455385Z Updating files:  91% (11775/12939)
2026-10-08T03:12:14.2538597Z Updating files:  92% (11904/12939)
2026-10-08T03:12:14.2622734Z Updating files:  93% (12034/12939)
2026-10-08T03:12:14.2706120Z Updating files:  94% (12163/12939)
2026-10-08T03:12:14.2816465Z Updating files:  95% (12293/12939)
2026-10-08T03:12:14.2894809Z Updating files:  96% (12422/12939)
2026-10-08T03:12:14.2970255Z Updating files:  97% (12551/12939)
2026-10-08T03:12:14.3049121Z Updating files:  98% (12681/12939)
2026-10-08T03:12:14.3175590Z Updating files:  99% (12810/12939)
2026-10-08T03:12:14.3175887Z Updating files: 100% (12939/12939)
2026-10-08T03:12:14.3176190Z Updating files: 100% (12939/12939), done.
2026-10-08T03:12:14.3272601Z Note: switching to '2313b808d3ca95ae9917f72f6898dfd81dbae2c8'.
2026-10-08T03:12:14.3273025Z 
2026-10-08T03:12:14.3273206Z You are in 'detached HEAD' state. You can look around, make experimental
2026-10-08T03:12:14.3273644Z changes and commit them, and you can discard any commits you make in this
2026-10-08T03:12:14.3274178Z state without impacting any branches by switching back to a branch.
2026-10-08T03:12:14.3274472Z 
2026-10-08T03:12:14.3274655Z If you want to create a new branch to retain commits you create, you may
2026-10-08T03:12:14.3275098Z do so (now or later) by using -c with the switch command. Example:
2026-10-08T03:12:14.3275360Z 
2026-10-08T03:12:14.3275470Z   git switch -c <new-branch-name>
2026-10-08T03:12:14.3275638Z 
2026-10-08T03:12:14.3275744Z Or undo this operation with:
2026-10-08T03:12:14.3275933Z 
2026-10-08T03:12:14.3276021Z   git switch -
2026-10-08T03:12:14.3276135Z 
2026-10-08T03:12:14.3276326Z Turn off this advice by setting config variable advice.detachedHead to false
2026-10-08T03:12:14.3276625Z 
2026-10-08T03:12:14.3276806Z HEAD is now at 2313b80 ci(source): install immutable v13 source review pins and retain all inherited proofs
2026-10-08T03:12:14.3351443Z ##[endgroup]
2026-10-08T03:12:14.3387254Z [command]/usr/bin/git log -1 --format=%H
2026-10-08T03:12:14.3408909Z 2313b808d3ca95ae9917f72f6898dfd81dbae2c8
2026-10-08T03:12:14.3667828Z ##[group]Run dtolnay/rust-toolchain@1.95.0
2026-10-08T03:12:14.3668285Z with:
2026-10-08T03:12:14.3668449Z env:
2026-10-08T03:12:14.3668574Z   CARGO_TERM_COLOR: never
2026-10-08T03:12:14.3668727Z   PYTHONDONTWRITEBYTECODE: 1
2026-10-08T03:12:14.3668878Z   CARGO_INCREMENTAL: 0
2026-10-08T03:12:14.3669013Z   CARGO_PROFILE_DEV_DEBUG: 0
2026-10-08T03:12:14.3669160Z   CARGO_PROFILE_TEST_DEBUG: 0
2026-10-08T03:12:14.3669303Z   CARGO_BUILD_JOBS: 2
2026-10-08T03:12:14.3669514Z   RUSTFLAGS: -D warnings
2026-10-08T03:12:14.3669673Z ##[endgroup]
2026-10-08T03:12:14.3713636Z ##[start-action display=Parse toolchain version;id=__dtolnay_rust-toolchain.parse]
2026-10-08T03:12:14.3777650Z ##[group]Run if [[ -z $toolchain ]]; then
2026-10-08T03:12:14.3777907Z [36;1mif [[ -z $toolchain ]]; then[0m
2026-10-08T03:12:14.3778387Z [36;1m  # GitHub does not enforce `required: true` inputs itself. https://github.com/actions/runner/issues/1070[0m
2026-10-08T03:12:14.3778763Z [36;1m  echo "'toolchain' is a required input" >&2[0m
2026-10-08T03:12:14.3778956Z [36;1m  exit 1[0m
2026-10-08T03:12:14.3779161Z [36;1melif [[ $toolchain =~ ^stable' '[0-9]+' '(year|month|week|day)s?' 'ago$ ]]; then[0m
2026-10-08T03:12:14.3779407Z [36;1m  if [[ Linux == macOS ]]; then[0m
2026-10-08T03:12:14.3779729Z [36;1m    echo "toolchain=1.$((($(date -v-$(sed 's/stable \([0-9]*\) \(.\).*/\1\2/' <<< $toolchain) +%s)/60/60/24-16569)/7/6))" >> $GITHUB_OUTPUT[0m
2026-10-08T03:12:14.3780024Z [36;1m  else[0m
2026-10-08T03:12:14.3780269Z [36;1m    echo "toolchain=1.$((($(date --date "${toolchain#stable }" +%s)/60/60/24-16569)/7/6))" >> $GITHUB_OUTPUT[0m
2026-10-08T03:12:14.3780531Z [36;1m  fi[0m
2026-10-08T03:12:14.3780715Z [36;1melif [[ $toolchain =~ ^stable' 'minus' '[0-9]+' 'releases?$ ]]; then[0m
2026-10-08T03:12:14.3781032Z [36;1m  echo "toolchain=1.$((($(date +%s)/60/60/24-16569)/7/6-${toolchain//[^0-9]/}))" >> $GITHUB_OUTPUT[0m
2026-10-08T03:12:14.3781298Z [36;1melif [[ $toolchain =~ ^1\.[0-9]+$ ]]; then[0m
2026-10-08T03:12:14.3781783Z [36;1m  echo "toolchain=1.$((i=${toolchain#1.}, c=($(date +%s)/60/60/24-16569)/7/6, i+9*i*(10*i<=c)+90*i*(100*i<=c)))" >> $GITHUB_OUTPUT[0m
2026-10-08T03:12:14.3782064Z [36;1melse[0m
2026-10-08T03:12:14.3782217Z [36;1m  echo "toolchain=$toolchain" >> $GITHUB_OUTPUT[0m
2026-10-08T03:12:14.3782394Z [36;1mfi[0m
2026-10-08T03:12:14.4010124Z shell: /usr/bin/bash --noprofile --norc -e -o pipefail {0}
2026-10-08T03:12:14.4010345Z env:
2026-10-08T03:12:14.4010485Z   CARGO_TERM_COLOR: never
2026-10-08T03:12:14.4010638Z   PYTHONDONTWRITEBYTECODE: 1
2026-10-08T03:12:14.4010792Z   CARGO_INCREMENTAL: 0
2026-10-08T03:12:14.4010927Z   CARGO_PROFILE_DEV_DEBUG: 0
2026-10-08T03:12:14.4011071Z   CARGO_PROFILE_TEST_DEBUG: 0
2026-10-08T03:12:14.4011211Z   CARGO_BUILD_JOBS: 2
2026-10-08T03:12:14.4011344Z   RUSTFLAGS: -D warnings
2026-10-08T03:12:14.4011485Z   toolchain: 1.95.0
2026-10-08T03:12:14.4011615Z ##[endgroup]
2026-10-08T03:12:14.4134449Z ##[end-action id=__dtolnay_rust-toolchain.parse;outcome=success;conclusion=success;duration_ms=42]
2026-10-08T03:12:14.4140174Z ##[start-action display=Construct rustup command line;id=__dtolnay_rust-toolchain.flags]
2026-10-08T03:12:14.4169211Z ##[group]Run echo "targets=$(for t in ${targets//,/ }; do echo -n ' --target' $t; done)" >> $GITHUB_OUTPUT
2026-10-08T03:12:14.4169615Z [36;1mecho "targets=$(for t in ${targets//,/ }; do echo -n ' --target' $t; done)" >> $GITHUB_OUTPUT[0m
2026-10-08T03:12:14.4169981Z [36;1mecho "components=$(for c in ${components//,/ }; do echo -n ' --component' $c; done)" >> $GITHUB_OUTPUT[0m
2026-10-08T03:12:14.4170264Z [36;1mecho "downgrade=" >> $GITHUB_OUTPUT[0m
2026-10-08T03:12:14.4228368Z shell: /usr/bin/bash --noprofile --norc -e -o pipefail {0}
2026-10-08T03:12:14.4228572Z env:
2026-10-08T03:12:14.4228702Z   CARGO_TERM_COLOR: never
2026-10-08T03:12:14.4228856Z   PYTHONDONTWRITEBYTECODE: 1
2026-10-08T03:12:14.4229005Z   CARGO_INCREMENTAL: 0
2026-10-08T03:12:14.4229143Z   CARGO_PROFILE_DEV_DEBUG: 0
2026-10-08T03:12:14.4229475Z   CARGO_PROFILE_TEST_DEBUG: 0
2026-10-08T03:12:14.4229622Z   CARGO_BUILD_JOBS: 2
2026-10-08T03:12:14.4229760Z   RUSTFLAGS: -D warnings
2026-10-08T03:12:14.4229898Z   targets: 
2026-10-08T03:12:14.4230017Z   components: 
2026-10-08T03:12:14.4230141Z ##[endgroup]
2026-10-08T03:12:14.4320340Z ##[end-action id=__dtolnay_rust-toolchain.flags;outcome=success;conclusion=success;duration_ms=17]
2026-10-08T03:12:14.4322010Z ##[start-action display=Set $CARGO_HOME;id=__dtolnay_rust-toolchain.__run]
2026-10-08T03:12:14.4342384Z ##[group]Run echo CARGO_HOME=${CARGO_HOME:-"$HOME/.cargo"} >> $GITHUB_ENV
2026-10-08T03:12:14.4342677Z [36;1mecho CARGO_HOME=${CARGO_HOME:-"$HOME/.cargo"} >> $GITHUB_ENV[0m
2026-10-08T03:12:14.4398750Z shell: /usr/bin/bash --noprofile --norc -e -o pipefail {0}
2026-10-08T03:12:14.4398947Z env:
2026-10-08T03:12:14.4399077Z   CARGO_TERM_COLOR: never
2026-10-08T03:12:14.4399229Z   PYTHONDONTWRITEBYTECODE: 1
2026-10-08T03:12:14.4399377Z   CARGO_INCREMENTAL: 0
2026-10-08T03:12:14.4399534Z   CARGO_PROFILE_DEV_DEBUG: 0
2026-10-08T03:12:14.4399680Z   CARGO_PROFILE_TEST_DEBUG: 0
2026-10-08T03:12:14.4399823Z   CARGO_BUILD_JOBS: 2
2026-10-08T03:12:14.4399957Z   RUSTFLAGS: -D warnings
2026-10-08T03:12:14.4400094Z ##[endgroup]
2026-10-08T03:12:14.4479142Z ##[end-action id=__dtolnay_rust-toolchain.__run;outcome=success;conclusion=success;duration_ms=15]
2026-10-08T03:12:14.4480746Z ##[start-action display=Install rustup if needed;id=__dtolnay_rust-toolchain.__run_2]
2026-10-08T03:12:14.4505558Z ##[group]Run if ! command -v rustup &>/dev/null; then
2026-10-08T03:12:14.4505794Z [36;1mif ! command -v rustup &>/dev/null; then[0m
2026-10-08T03:12:14.4506251Z [36;1m  curl --proto '=https' --tlsv1.2 --retry 10 --retry-connrefused --location --silent --show-error --fail https://sh.rustup.rs | sh -s -- --default-toolchain none -y[0m
2026-10-08T03:12:14.4506670Z [36;1m  echo "$CARGO_HOME/bin" >> $GITHUB_PATH[0m
2026-10-08T03:12:14.4506841Z [36;1mfi[0m
2026-10-08T03:12:14.4559431Z shell: /usr/bin/bash --noprofile --norc -e -o pipefail {0}
2026-10-08T03:12:14.4559761Z env:
2026-10-08T03:12:14.4559892Z   CARGO_TERM_COLOR: never
2026-10-08T03:12:14.4560047Z   PYTHONDONTWRITEBYTECODE: 1
2026-10-08T03:12:14.4560195Z   CARGO_INCREMENTAL: 0
2026-10-08T03:12:14.4560331Z   CARGO_PROFILE_DEV_DEBUG: 0
2026-10-08T03:12:14.4560478Z   CARGO_PROFILE_TEST_DEBUG: 0
2026-10-08T03:12:14.4560623Z   CARGO_BUILD_JOBS: 2
2026-10-08T03:12:14.4560756Z   RUSTFLAGS: -D warnings
2026-10-08T03:12:14.4560900Z   CARGO_HOME: /home/runner/.cargo
2026-10-08T03:12:14.4561051Z ##[endgroup]
2026-10-08T03:12:14.4634982Z ##[end-action id=__dtolnay_rust-toolchain.__run_2;outcome=success;conclusion=success;duration_ms=15]
2026-10-08T03:12:14.4636536Z ##[start-action display=Install rustup if needed on windows;id=__dtolnay_rust-toolchain.__run_3]
2026-10-08T03:12:14.4641646Z ##[end-action id=__dtolnay_rust-toolchain.__run_3;outcome=skipped;conclusion=skipped;duration_ms=0]
2026-10-08T03:12:14.4649681Z ##[start-action display=rustup toolchain install 1.95.0;id=__dtolnay_rust-toolchain.__run_4]
2026-10-08T03:12:14.4691071Z ##[group]Run log=$(mktemp)
2026-10-08T03:12:14.4691259Z [36;1mlog=$(mktemp)[0m
2026-10-08T03:12:14.4691407Z [36;1mtrap 'rm -f "$log"' EXIT[0m
2026-10-08T03:12:14.4691570Z [36;1mfor attempt in 1 2 3 4 5; do[0m
2026-10-08T03:12:14.4691888Z [36;1m  if rustup toolchain install 1.95.0 --profile minimal --no-self-update --force-non-host 2>&1 | tee "$log"; then[0m
2026-10-08T03:12:14.4692189Z [36;1m    break[0m
2026-10-08T03:12:14.4692315Z [36;1m  else[0m
2026-10-08T03:12:14.4692443Z [36;1m    status=$?[0m
2026-10-08T03:12:14.4692575Z [36;1m  fi[0m
2026-10-08T03:12:14.4692757Z [36;1m  if [[ $attempt == 5 ]] || ! grep -Fq 'checksum failed for ' "$log" \[0m
2026-10-08T03:12:14.4693083Z [36;1m      || ! grep -Fq 'this is likely due to an ongoing update of the official release server' "$log"; then[0m
2026-10-08T03:12:14.4693350Z [36;1m    exit "$status"[0m
2026-10-08T03:12:14.4693488Z [36;1m  fi[0m
2026-10-08T03:12:14.4693840Z [36;1m  echo "Retrying rustup toolchain install in 30 seconds (retry $attempt of 4)" >&2[0m
2026-10-08T03:12:14.4694085Z [36;1m  sleep 30[0m
2026-10-08T03:12:14.4694213Z [36;1mdone[0m
2026-10-08T03:12:14.4747025Z shell: /usr/bin/bash --noprofile --norc -e -o pipefail {0}
2026-10-08T03:12:14.4747222Z env:
2026-10-08T03:12:14.4747349Z   CARGO_TERM_COLOR: never
2026-10-08T03:12:14.4747498Z   PYTHONDONTWRITEBYTECODE: 1
2026-10-08T03:12:14.4747646Z   CARGO_INCREMENTAL: 0
2026-10-08T03:12:14.4747781Z   CARGO_PROFILE_DEV_DEBUG: 0
2026-10-08T03:12:14.4747923Z   CARGO_PROFILE_TEST_DEBUG: 0
2026-10-08T03:12:14.4748214Z   CARGO_BUILD_JOBS: 2
2026-10-08T03:12:14.4748346Z   RUSTFLAGS: -D warnings
2026-10-08T03:12:14.4748487Z   CARGO_HOME: /home/runner/.cargo
2026-10-08T03:12:14.4748642Z   RUSTUP_PERMIT_COPY_RENAME: 1
2026-10-08T03:12:14.4748789Z ##[endgroup]
2026-10-08T03:12:14.5325198Z info: syncing channel updates for 1.95.0-x86_64-unknown-linux-gnu
2026-10-08T03:12:14.7594905Z info: latest update on 2026-04-16 for version 1.95.0 (59807616e 2026-04-14)
2026-10-08T03:12:14.7595361Z info: downloading 3 components
2026-10-08T03:12:21.9021092Z 
2026-10-08T03:12:21.9085534Z   1.95.0-x86_64-unknown-linux-gnu installed - rustc 1.95.0 (59807616e 2026-04-14)
2026-10-08T03:12:21.9085841Z 
2026-10-08T03:12:21.9183448Z ##[end-action id=__dtolnay_rust-toolchain.__run_4;outcome=success;conclusion=success;duration_ms=7453]
2026-10-08T03:12:21.9188882Z ##[start-action display=rustup default 1.95.0;id=__dtolnay_rust-toolchain.__run_5]
2026-10-08T03:12:21.9271509Z ##[group]Run rustup default 1.95.0 --force-non-host
2026-10-08T03:12:21.9271752Z [36;1mrustup default 1.95.0 --force-non-host[0m
2026-10-08T03:12:21.9325793Z shell: /usr/bin/bash --noprofile --norc -e -o pipefail {0}
2026-10-08T03:12:21.9325994Z env:
2026-10-08T03:12:21.9326118Z   CARGO_TERM_COLOR: never
2026-10-08T03:12:21.9326271Z   PYTHONDONTWRITEBYTECODE: 1
2026-10-08T03:12:21.9326419Z   CARGO_INCREMENTAL: 0
2026-10-08T03:12:21.9326557Z   CARGO_PROFILE_DEV_DEBUG: 0
2026-10-08T03:12:21.9326861Z   CARGO_PROFILE_TEST_DEBUG: 0
2026-10-08T03:12:21.9327002Z   CARGO_BUILD_JOBS: 2
2026-10-08T03:12:21.9327132Z   RUSTFLAGS: -D warnings
2026-10-08T03:12:21.9327280Z   CARGO_HOME: /home/runner/.cargo
2026-10-08T03:12:21.9327433Z ##[endgroup]
2026-10-08T03:12:21.9477655Z info: using existing install for 1.95.0-x86_64-unknown-linux-gnu
2026-10-08T03:12:21.9823341Z info: default toolchain set to 1.95.0-x86_64-unknown-linux-gnu
2026-10-08T03:12:21.9823617Z 
2026-10-08T03:12:21.9881400Z   1.95.0-x86_64-unknown-linux-gnu unchanged - rustc 1.95.0 (59807616e 2026-04-14)
2026-10-08T03:12:21.9881736Z 
2026-10-08T03:12:21.9898589Z ##[end-action id=__dtolnay_rust-toolchain.__run_5;outcome=success;conclusion=success;duration_ms=70]
2026-10-08T03:12:21.9900586Z ##[start-action display=Create cachekey;id=__dtolnay_rust-toolchain.rustc-version]
2026-10-08T03:12:21.9963654Z ##[group]Run DATE=$(rustc +1.95.0 --version --verbose | sed -ne 's/^commit-date: \(20[0-9][0-9]\)-\([01][0-9]\)-\([0-3][0-9]\)$/\1\2\3/p')
2026-10-08T03:12:21.9964170Z [36;1mDATE=$(rustc +1.95.0 --version --verbose | sed -ne 's/^commit-date: \(20[0-9][0-9]\)-\([01][0-9]\)-\([0-3][0-9]\)$/\1\2\3/p')[0m
2026-10-08T03:12:21.9964544Z [36;1mHASH=$(rustc +1.95.0 --version --verbose | sed -ne 's/^commit-hash: //p')[0m
2026-10-08T03:12:21.9964839Z [36;1mecho "cachekey=$(echo $DATE$HASH | head -c12)" >> $GITHUB_OUTPUT[0m
2026-10-08T03:12:22.0021113Z shell: /usr/bin/bash --noprofile --norc -e -o pipefail {0}
2026-10-08T03:12:22.0021313Z env:
2026-10-08T03:12:22.0021440Z   CARGO_TERM_COLOR: never
2026-10-08T03:12:22.0021592Z   PYTHONDONTWRITEBYTECODE: 1
2026-10-08T03:12:22.0021739Z   CARGO_INCREMENTAL: 0
2026-10-08T03:12:22.0021875Z   CARGO_PROFILE_DEV_DEBUG: 0
2026-10-08T03:12:22.0022019Z   CARGO_PROFILE_TEST_DEBUG: 0
2026-10-08T03:12:22.0022165Z   CARGO_BUILD_JOBS: 2
2026-10-08T03:12:22.0022297Z   RUSTFLAGS: -D warnings
2026-10-08T03:12:22.0022438Z   CARGO_HOME: /home/runner/.cargo
2026-10-08T03:12:22.0022590Z ##[endgroup]
2026-10-08T03:12:22.0405104Z ##[end-action id=__dtolnay_rust-toolchain.rustc-version;outcome=success;conclusion=success;duration_ms=50]
2026-10-08T03:12:22.0407102Z ##[start-action display=Disable incremental compilation;id=__dtolnay_rust-toolchain.__run_6]
2026-10-08T03:12:22.0474274Z ##[group]Run if [ -z "${CARGO_INCREMENTAL+set}" ]; then
2026-10-08T03:12:22.0474522Z [36;1mif [ -z "${CARGO_INCREMENTAL+set}" ]; then[0m
2026-10-08T03:12:22.0474723Z [36;1m  echo CARGO_INCREMENTAL=0 >> $GITHUB_ENV[0m
2026-10-08T03:12:22.0474892Z [36;1mfi[0m
2026-10-08T03:12:22.0529976Z shell: /usr/bin/bash --noprofile --norc -e -o pipefail {0}
2026-10-08T03:12:22.0530186Z env:
2026-10-08T03:12:22.0530310Z   CARGO_TERM_COLOR: never
2026-10-08T03:12:22.0530463Z   PYTHONDONTWRITEBYTECODE: 1
2026-10-08T03:12:22.0530612Z   CARGO_INCREMENTAL: 0
2026-10-08T03:12:22.0530748Z   CARGO_PROFILE_DEV_DEBUG: 0
2026-10-08T03:12:22.0530895Z   CARGO_PROFILE_TEST_DEBUG: 0
2026-10-08T03:12:22.0531037Z   CARGO_BUILD_JOBS: 2
2026-10-08T03:12:22.0531191Z   RUSTFLAGS: -D warnings
2026-10-08T03:12:22.0531334Z   CARGO_HOME: /home/runner/.cargo
2026-10-08T03:12:22.0531484Z ##[endgroup]
2026-10-08T03:12:22.2286384Z ##[end-action id=__dtolnay_rust-toolchain.__run_6;outcome=success;conclusion=success;duration_ms=187]
2026-10-08T03:12:22.2289154Z ##[start-action display=Enable colors in Cargo output;id=__dtolnay_rust-toolchain.__run_7]
2026-10-08T03:12:22.3280655Z ##[group]Run if [ -z "${CARGO_TERM_COLOR+set}" ]; then
2026-10-08T03:12:22.3280909Z [36;1mif [ -z "${CARGO_TERM_COLOR+set}" ]; then[0m
2026-10-08T03:12:22.3281114Z [36;1m  echo CARGO_TERM_COLOR=always >> $GITHUB_ENV[0m
2026-10-08T03:12:22.3281289Z [36;1mfi[0m
2026-10-08T03:12:22.3334517Z shell: /usr/bin/bash --noprofile --norc -e -o pipefail {0}
2026-10-08T03:12:22.3334718Z env:
2026-10-08T03:12:22.3334841Z   CARGO_TERM_COLOR: never
2026-10-08T03:12:22.3334997Z   PYTHONDONTWRITEBYTECODE: 1
2026-10-08T03:12:22.3335145Z   CARGO_INCREMENTAL: 0
2026-10-08T03:12:22.3335278Z   CARGO_PROFILE_DEV_DEBUG: 0
2026-10-08T03:12:22.3335591Z   CARGO_PROFILE_TEST_DEBUG: 0
2026-10-08T03:12:22.3335733Z   CARGO_BUILD_JOBS: 2
2026-10-08T03:12:22.3335863Z   RUSTFLAGS: -D warnings
2026-10-08T03:12:22.3336004Z   CARGO_HOME: /home/runner/.cargo
2026-10-08T03:12:22.3336151Z ##[endgroup]
2026-10-08T03:12:22.4503447Z ##[end-action id=__dtolnay_rust-toolchain.__run_7;outcome=success;conclusion=success;duration_ms=221]
2026-10-08T03:12:22.4505925Z ##[start-action display=Enable Cargo sparse registry;id=__dtolnay_rust-toolchain.__run_8]
2026-10-08T03:12:22.5568214Z ##[group]Run # implemented in 1.66, stabilized in 1.68, made default in 1.70
2026-10-08T03:12:22.5568747Z [36;1m# implemented in 1.66, stabilized in 1.68, made default in 1.70[0m
2026-10-08T03:12:22.5569363Z [36;1mif [ -z "${CARGO_REGISTRIES_CRATES_IO_PROTOCOL+set}" -o -f "/home/runner/work/_temp"/.implicit_cargo_registries_crates_io_protocol ]; then[0m
2026-10-08T03:12:22.5570027Z [36;1m  if rustc +1.95.0 --version --verbose | grep -q '^release: 1\.6[89]\.'; then[0m
2026-10-08T03:12:22.5570586Z [36;1m    touch "/home/runner/work/_temp"/.implicit_cargo_registries_crates_io_protocol || true[0m
2026-10-08T03:12:22.5571081Z [36;1m    echo CARGO_REGISTRIES_CRATES_IO_PROTOCOL=sparse >> $GITHUB_ENV[0m
2026-10-08T03:12:22.5571538Z [36;1m  elif rustc +1.95.0 --version --verbose | grep -q '^release: 1\.6[67]\.'; then[0m
2026-10-08T03:12:22.5572050Z [36;1m    touch "/home/runner/work/_temp"/.implicit_cargo_registries_crates_io_protocol || true[0m
2026-10-08T03:12:22.5572527Z [36;1m    echo CARGO_REGISTRIES_CRATES_IO_PROTOCOL=git >> $GITHUB_ENV[0m
2026-10-08T03:12:22.5572844Z [36;1m  fi[0m
2026-10-08T03:12:22.5573026Z [36;1mfi[0m
2026-10-08T03:12:22.5638516Z shell: /usr/bin/bash --noprofile --norc -e -o pipefail {0}
2026-10-08T03:12:22.5638729Z env:
2026-10-08T03:12:22.5638852Z   CARGO_TERM_COLOR: never
2026-10-08T03:12:22.5639008Z   PYTHONDONTWRITEBYTECODE: 1
2026-10-08T03:12:22.5639156Z   CARGO_INCREMENTAL: 0
2026-10-08T03:12:22.5639289Z   CARGO_PROFILE_DEV_DEBUG: 0
2026-10-08T03:12:22.5639647Z   CARGO_PROFILE_TEST_DEBUG: 0
2026-10-08T03:12:22.5639815Z   CARGO_BUILD_JOBS: 2
2026-10-08T03:12:22.5639945Z   RUSTFLAGS: -D warnings
2026-10-08T03:12:22.5640087Z   CARGO_HOME: /home/runner/.cargo
2026-10-08T03:12:22.5640236Z ##[endgroup]
2026-10-08T03:12:22.6777508Z ##[end-action id=__dtolnay_rust-toolchain.__run_8;outcome=success;conclusion=success;duration_ms=227]
2026-10-08T03:12:22.6779650Z ##[start-action display=Work around spurious network errors in curl 8.0;id=__dtolnay_rust-toolchain.__run_9]
2026-10-08T03:12:22.7671143Z ##[group]Run # https://rust-lang.zulipchat.com/#narrow/stream/246057-t-cargo/topic/timeout.20investigation
2026-10-08T03:12:22.7671614Z [36;1m# https://rust-lang.zulipchat.com/#narrow/stream/246057-t-cargo/topic/timeout.20investigation[0m
2026-10-08T03:12:22.7671966Z [36;1mif rustc +1.95.0 --version --verbose | grep -q '^release: 1\.7[01]\.'; then[0m
2026-10-08T03:12:22.7672236Z [36;1m  echo CARGO_HTTP_MULTIPLEXING=false >> $GITHUB_ENV[0m
2026-10-08T03:12:22.7672473Z [36;1mfi[0m
2026-10-08T03:12:22.7726750Z shell: /usr/bin/bash --noprofile --norc -e -o pipefail {0}
2026-10-08T03:12:22.7726949Z env:
2026-10-08T03:12:22.7727074Z   CARGO_TERM_COLOR: never
2026-10-08T03:12:22.7727223Z   PYTHONDONTWRITEBYTECODE: 1
2026-10-08T03:12:22.7727369Z   CARGO_INCREMENTAL: 0
2026-10-08T03:12:22.7727502Z   CARGO_PROFILE_DEV_DEBUG: 0
2026-10-08T03:12:22.7727645Z   CARGO_PROFILE_TEST_DEBUG: 0
2026-10-08T03:12:22.7727785Z   CARGO_BUILD_JOBS: 2
2026-10-08T03:12:22.7727916Z   RUSTFLAGS: -D warnings
2026-10-08T03:12:22.7728162Z   CARGO_HOME: /home/runner/.cargo
2026-10-08T03:12:22.7728310Z ##[endgroup]
2026-10-08T03:12:22.8897031Z ##[end-action id=__dtolnay_rust-toolchain.__run_9;outcome=success;conclusion=success;duration_ms=211]
2026-10-08T03:12:22.8900806Z ##[start-action display=rustc +1.95.0 --version --verbose;id=__dtolnay_rust-toolchain.__run_10]
2026-10-08T03:12:22.9873502Z ##[group]Run rustc +1.95.0 --version --verbose
2026-10-08T03:12:22.9873891Z [36;1mrustc +1.95.0 --version --verbose[0m
2026-10-08T03:12:22.9929131Z shell: /usr/bin/bash --noprofile --norc -e -o pipefail {0}
2026-10-08T03:12:22.9929335Z env:
2026-10-08T03:12:22.9929457Z   CARGO_TERM_COLOR: never
2026-10-08T03:12:22.9929609Z   PYTHONDONTWRITEBYTECODE: 1
2026-10-08T03:12:22.9929753Z   CARGO_INCREMENTAL: 0
2026-10-08T03:12:22.9929886Z   CARGO_PROFILE_DEV_DEBUG: 0
2026-10-08T03:12:22.9930028Z   CARGO_PROFILE_TEST_DEBUG: 0
2026-10-08T03:12:22.9930167Z   CARGO_BUILD_JOBS: 2
2026-10-08T03:12:22.9930298Z   RUSTFLAGS: -D warnings
2026-10-08T03:12:22.9930438Z   CARGO_HOME: /home/runner/.cargo
2026-10-08T03:12:22.9930619Z ##[endgroup]
2026-10-08T03:12:23.1071818Z rustc 1.95.0 (59807616e 2026-04-14)
2026-10-08T03:12:23.1085970Z binary: rustc
2026-10-08T03:12:23.1086275Z commit-hash: 59807616e1fa2540724bfbac14d7976d7e4a3860
2026-10-08T03:12:23.1090329Z commit-date: 2026-04-14
2026-10-08T03:12:23.1090561Z host: x86_64-unknown-linux-gnu
2026-10-08T03:12:23.1090787Z release: 1.95.0
2026-10-08T03:12:23.1091004Z LLVM version: 22.1.2
2026-10-08T03:12:23.1096286Z ##[end-action id=__dtolnay_rust-toolchain.__run_10;outcome=success;conclusion=success;duration_ms=219]
2026-10-08T03:12:23.1965622Z ##[group]Run set -o pipefail
2026-10-08T03:12:23.1965934Z [36;1mset -o pipefail[0m
2026-10-08T03:12:23.1966172Z [36;1mmkdir -p "$RUNNER_TEMP/p7-offline"[0m
2026-10-08T03:12:23.1966585Z [36;1mpython3 -m unittest discover -s scripts/tests -p test_p7_offline_network.py -v \[0m
2026-10-08T03:12:23.1967051Z [36;1m  2>&1 | tee "$RUNNER_TEMP/p7-offline/network-controls.log"[0m
2026-10-08T03:12:23.1967487Z [36;1mrustc --edition 2021 --test crates/cc-eval/tests/support/p7_procfs.rs \[0m
2026-10-08T03:12:23.1967917Z [36;1m  -o "$RUNNER_TEMP/p7-offline/procfs-controls"[0m
2026-10-08T03:12:23.1968488Z [36;1m"$RUNNER_TEMP/p7-offline/procfs-controls" --nocapture \[0m
2026-10-08T03:12:23.1968856Z [36;1m  2>&1 | tee "$RUNNER_TEMP/p7-offline/procfs-controls.log"[0m
2026-10-08T03:12:23.2025136Z shell: /usr/bin/bash -e {0}
2026-10-08T03:12:23.2025297Z env:
2026-10-08T03:12:23.2025418Z   CARGO_TERM_COLOR: never
2026-10-08T03:12:23.2025571Z   PYTHONDONTWRITEBYTECODE: 1
2026-10-08T03:12:23.2025748Z   CARGO_INCREMENTAL: 0
2026-10-08T03:12:23.2025883Z   CARGO_PROFILE_DEV_DEBUG: 0
2026-10-08T03:12:23.2026029Z   CARGO_PROFILE_TEST_DEBUG: 0
2026-10-08T03:12:23.2026171Z   CARGO_BUILD_JOBS: 2
2026-10-08T03:12:23.2026302Z   RUSTFLAGS: -D warnings
2026-10-08T03:12:23.2026444Z   CARGO_HOME: /home/runner/.cargo
2026-10-08T03:12:23.2026591Z ##[endgroup]
2026-10-08T03:12:23.9603470Z test_actual_ipv4_ipv6_socket_attempts_are_process_fatal (test_p7_offline_network.NetworkGuardTests.test_actual_ipv4_ipv6_socket_attempts_are_process_fatal) ... ok
2026-10-08T03:12:24.1024036Z test_anonymous_unix_stream_ipc_works_under_both_network_policies (test_p7_offline_network.NetworkGuardTests.test_anonymous_unix_stream_ipc_works_under_both_network_policies) ... ok
2026-10-08T03:12:24.1031149Z test_early_sigsys_cannot_pass_without_reaching_the_socket (test_p7_offline_network.NetworkGuardTests.test_early_sigsys_cannot_pass_without_reaching_the_socket) ... ok
2026-10-08T03:12:24.1714024Z test_errno_parent_policy_is_inherited_across_exec (test_p7_offline_network.NetworkGuardTests.test_errno_parent_policy_is_inherited_across_exec) ... ok
2026-10-08T03:12:24.2067518Z test_existing_receipt_is_rejected_without_overwrite (test_p7_offline_network.NetworkGuardTests.test_existing_receipt_is_rejected_without_overwrite) ... ok
2026-10-08T03:12:25.0388834Z test_external_pair_addressable_unix_socket_and_connect_are_still_fatal (test_p7_offline_network.NetworkGuardTests.test_external_pair_addressable_unix_socket_and_connect_are_still_fatal) ... ok
2026-10-08T03:12:25.1499735Z test_kill_policy_runs_a_non_network_command_with_distinct_identity (test_p7_offline_network.NetworkGuardTests.test_kill_policy_runs_a_non_network_command_with_distinct_identity) ... ok
2026-10-08T03:12:25.1539269Z test_normal_exit_cannot_pass_the_kill_positive_control (test_p7_offline_network.NetworkGuardTests.test_normal_exit_cannot_pass_the_kill_positive_control) ... ok
2026-10-08T03:12:25.1540203Z 
2026-10-08T03:12:25.1540379Z ----------------------------------------------------------------------
2026-10-08T03:12:25.1540713Z Ran 8 tests in 1.712s
2026-10-08T03:12:25.1540849Z 
2026-10-08T03:12:25.1540929Z OK
2026-10-08T03:12:25.4993293Z 
2026-10-08T03:12:25.4994461Z running 7 tests
2026-10-08T03:12:25.5049944Z test tests::missing_proc_or_child_is_not_an_isolation_pass ... ok
2026-10-08T03:12:25.5050460Z test tests::namespace_child_resolves_to_host_proc_pid ... ok
2026-10-08T03:12:25.5050890Z test tests::unrelated_numeric_pid_cannot_supply_security_evidence ... ok
2026-10-08T03:12:25.5051314Z test tests::wrong_namespace_or_parent_is_rejected ... ok
2026-10-08T03:12:25.5051694Z test tests::wrong_observer_and_ambiguous_child_are_rejected ... ok
2026-10-08T03:12:25.5052089Z test tests::same_namespace_proc_mount_is_supported ... ok
2026-10-08T03:12:25.5159077Z P7_PROC_CHILD_IDENTITY {"NSpid": "2336", "NoNewPrivs": "0", "ObserverProcPid": "2330", "PidNamespace": "pid:[4026531836]", "ProcPid": "2336", "RequestedPid": "2336", "Seccomp": "0", "Seccomp_filters": "0", "identity": "same_pid_namespace_and_direct_parent"}
2026-10-08T03:12:25.5160205Z test tests::actual_sleep_child_has_bound_proc_identity ... ok
2026-10-08T03:12:25.5160467Z 
2026-10-08T03:12:25.5160708Z test result: ok. 7 passed; 0 failed; 0 ignored; 0 measured; 0 filtered out; finished in 0.02s
2026-10-08T03:12:25.5161065Z 
2026-10-08T03:12:25.5638882Z ##[group]Run sudo apt-get update -qq
2026-10-08T03:12:25.5639431Z [36;1msudo apt-get update -qq[0m
2026-10-08T03:12:25.5639828Z [36;1msudo apt-get install -y strace[0m
2026-10-08T03:12:25.5640599Z [36;1mpython3 scripts/p7_offline_trace.py controls --output "$RUNNER_TEMP/p7-offline/trace-controls"[0m
2026-10-08T03:12:25.5747039Z shell: /usr/bin/bash -e {0}
2026-10-08T03:12:25.5747639Z env:
2026-10-08T03:12:25.5748103Z   CARGO_TERM_COLOR: never
2026-10-08T03:12:25.5748442Z   PYTHONDONTWRITEBYTECODE: 1
2026-10-08T03:12:25.5748872Z   CARGO_INCREMENTAL: 0
2026-10-08T03:12:25.5749194Z   CARGO_PROFILE_DEV_DEBUG: 0
2026-10-08T03:12:25.5749611Z   CARGO_PROFILE_TEST_DEBUG: 0
2026-10-08T03:12:25.5749970Z   CARGO_BUILD_JOBS: 2
2026-10-08T03:12:25.5750298Z   RUSTFLAGS: -D warnings
2026-10-08T03:12:25.5750716Z   CARGO_HOME: /home/runner/.cargo
2026-10-08T03:12:25.5751067Z ##[endgroup]
2026-10-08T03:12:33.6744296Z Reading package lists...
2026-10-08T03:12:33.8801866Z Building dependency tree...
2026-10-08T03:12:33.8807924Z Reading state information...
2026-10-08T03:12:34.0817432Z strace is already the newest version (6.8-0ubuntu2).
2026-10-08T03:12:34.0818234Z strace set to manually installed.
2026-10-08T03:12:34.0818646Z 0 upgraded, 0 newly installed, 0 to remove and 31 not upgraded.
2026-10-08T03:12:34.6961481Z {"status": "passed", "output": "/home/runner/work/_temp/p7-offline/trace-controls"}
2026-10-08T03:12:34.7086395Z ##[group]Run python3 scripts/p7_stdio_build_receipt.py --package-kind 'default' \
2026-10-08T03:12:34.7087074Z [36;1mpython3 scripts/p7_stdio_build_receipt.py --package-kind 'default' \[0m
2026-10-08T03:12:34.7087715Z [36;1m  --output-dir "$RUNNER_TEMP/p7-offline/product" \[0m
2026-10-08T03:12:34.7088388Z [36;1m  > "$RUNNER_TEMP/p7-offline/product-build-summary.json"[0m
2026-10-08T03:12:34.7161092Z shell: /usr/bin/bash -e {0}
2026-10-08T03:12:34.7161441Z env:
2026-10-08T03:12:34.7161661Z   CARGO_TERM_COLOR: never
2026-10-08T03:12:34.7161912Z   PYTHONDONTWRITEBYTECODE: 1
2026-10-08T03:12:34.7162151Z   CARGO_INCREMENTAL: 0
2026-10-08T03:12:34.7162366Z   CARGO_PROFILE_DEV_DEBUG: 0
2026-10-08T03:12:34.7162603Z   CARGO_PROFILE_TEST_DEBUG: 0
2026-10-08T03:12:34.7162832Z   CARGO_BUILD_JOBS: 2
2026-10-08T03:12:34.7163044Z   RUSTFLAGS: -D warnings
2026-10-08T03:12:34.7163276Z   CARGO_HOME: /home/runner/.cargo
2026-10-08T03:12:34.7163523Z ##[endgroup]
2026-10-08T03:13:27.4239589Z ##[group]Run python3 - <<'PY'
2026-10-08T03:13:27.4239825Z [36;1mpython3 - <<'PY'[0m
2026-10-08T03:13:27.4239981Z [36;1mimport os, pathlib, sys[0m
2026-10-08T03:13:27.4240301Z [36;1msys.path.insert(0, 'scripts')[0m
2026-10-08T03:13:27.4240516Z [36;1mfrom p7_build_identity import json_bytes, source_snapshot[0m
2026-10-08T03:13:27.4240784Z [36;1mout = pathlib.Path(os.environ['RUNNER_TEMP']) / 'p7-offline'[0m
2026-10-08T03:13:27.4241127Z [36;1m(out / 'runner-source-before.json').write_bytes(json_bytes(source_snapshot(pathlib.Path.cwd())))[0m
2026-10-08T03:13:27.4241410Z [36;1mPY[0m
2026-10-08T03:13:27.4241610Z [36;1mcargo test -p cc-eval --test benchmark_adapters --locked --no-run \[0m
2026-10-08T03:13:27.4241869Z [36;1m  --message-format=json-render-diagnostics \[0m
2026-10-08T03:13:27.4242094Z [36;1m  > "$RUNNER_TEMP/p7-offline/runner-build.jsonl" \[0m
2026-10-08T03:13:27.4242327Z [36;1m  2> "$RUNNER_TEMP/p7-offline/runner-build.stderr.log"[0m
2026-10-08T03:13:27.4242539Z [36;1mpython3 - <<'PY'[0m
2026-10-08T03:13:27.4242703Z [36;1mimport hashlib, json, os, pathlib, sys[0m
2026-10-08T03:13:27.4242888Z [36;1msys.path.insert(0, 'scripts')[0m
2026-10-08T03:13:27.4243102Z [36;1mfrom p7_build_identity import json_bytes, source_snapshot[0m
2026-10-08T03:13:27.4243357Z [36;1mout = pathlib.Path(os.environ['RUNNER_TEMP']) / 'p7-offline'[0m
2026-10-08T03:13:27.4243633Z [36;1mbefore = json.loads((out / 'runner-source-before.json').read_text())[0m
2026-10-08T03:13:27.4243888Z [36;1mafter = source_snapshot(pathlib.Path.cwd())[0m
2026-10-08T03:13:27.4244134Z [36;1massert before == after, 'runner source changed during compilation'[0m
2026-10-08T03:13:27.4244437Z [36;1m(out / 'runner-source-inputs.json').write_bytes(json_bytes(before['inputs']))[0m
2026-10-08T03:13:27.4244781Z [36;1mrows = [json.loads(line) for line in (out / 'runner-build.jsonl').read_text().splitlines()][0m
2026-10-08T03:13:27.4245111Z [36;1martifacts = [x for x in rows if x.get('reason') == 'compiler-artifact'[0m
2026-10-08T03:13:27.4245389Z [36;1m             and x.get('target', {}).get('name') == 'benchmark_adapters'[0m
2026-10-08T03:13:27.4245614Z [36;1m             and x.get('executable')][0m
2026-10-08T03:13:27.4245803Z [36;1massert len(artifacts) == 1, artifacts[0m
2026-10-08T03:13:27.4246010Z [36;1mbinary = pathlib.Path(artifacts[0]['executable'])[0m
2026-10-08T03:13:27.4246225Z [36;1mreceipt = {'cargo_artifact': artifacts[0],[0m
2026-10-08T03:13:27.4246456Z [36;1m           'sha256': hashlib.sha256(binary.read_bytes()).hexdigest(),[0m
2026-10-08T03:13:27.4246731Z [36;1m           'source_before': {k:v for k,v in before.items() if k != 'inputs'},[0m
2026-10-08T03:13:27.4247004Z [36;1m           'source_after': {k:v for k,v in after.items() if k != 'inputs'}}[0m
2026-10-08T03:13:27.4247303Z [36;1m(out / 'runner-identity.json').write_text(json.dumps(receipt, indent=2) + '\n')[0m
2026-10-08T03:13:27.4247577Z [36;1mwith open(os.environ['GITHUB_ENV'], 'a') as env:[0m
2026-10-08T03:13:27.4247810Z [36;1m    env.write('P7_OFFLINE_RUNNER=' + str(binary) + '\n')[0m
2026-10-08T03:13:27.4248142Z [36;1mPY[0m
2026-10-08T03:13:27.4302942Z shell: /usr/bin/bash -e {0}
2026-10-08T03:13:27.4303095Z env:
2026-10-08T03:13:27.4303219Z   CARGO_TERM_COLOR: never
2026-10-08T03:13:27.4303371Z   PYTHONDONTWRITEBYTECODE: 1
2026-10-08T03:13:27.4303520Z   CARGO_INCREMENTAL: 0
2026-10-08T03:13:27.4303657Z   CARGO_PROFILE_DEV_DEBUG: 0
2026-10-08T03:13:27.4303802Z   CARGO_PROFILE_TEST_DEBUG: 0
2026-10-08T03:13:27.4303948Z   CARGO_BUILD_JOBS: 2
2026-10-08T03:13:27.4304083Z   RUSTFLAGS: -D warnings
2026-10-08T03:13:27.4304229Z   CARGO_HOME: /home/runner/.cargo
2026-10-08T03:13:27.4304439Z   CARGO_TARGET_DIR: /home/runner/work/_temp/p7-offline-runner-target
2026-10-08T03:13:27.4304656Z ##[endgroup]
2026-10-08T03:14:17.7762098Z ##[group]Run set -o pipefail
2026-10-08T03:14:17.7762294Z [36;1mset -o pipefail[0m
2026-10-08T03:14:17.7762519Z [36;1mpython3 scripts/p7_offline_trace.py run --package-kind 'default' \[0m
2026-10-08T03:14:17.7762807Z [36;1m  --product "$RUNNER_TEMP/p7-offline/product/codecortex" \[0m
2026-10-08T03:14:17.7763096Z [36;1m  --build-receipt "$RUNNER_TEMP/p7-offline/product/build-receipt.json" \[0m
2026-10-08T03:14:17.7763619Z [36;1m  --runner "$P7_OFFLINE_RUNNER" --runner-receipt "$RUNNER_TEMP/p7-offline/runner-identity.json" \[0m
2026-10-08T03:14:17.7763936Z [36;1m  --output "$RUNNER_TEMP/p7-offline/trace-matrix" \[0m
2026-10-08T03:14:17.7764169Z [36;1m  2>&1 | tee "$RUNNER_TEMP/p7-offline/product-matrix.log"[0m
2026-10-08T03:14:17.7819976Z shell: /usr/bin/bash -e {0}
2026-10-08T03:14:17.7820134Z env:
2026-10-08T03:14:17.7820253Z   CARGO_TERM_COLOR: never
2026-10-08T03:14:17.7820403Z   PYTHONDONTWRITEBYTECODE: 1
2026-10-08T03:14:17.7820555Z   CARGO_INCREMENTAL: 0
2026-10-08T03:14:17.7820716Z   CARGO_PROFILE_DEV_DEBUG: 0
2026-10-08T03:14:17.7820861Z   CARGO_PROFILE_TEST_DEBUG: 0
2026-10-08T03:14:17.7821003Z   CARGO_BUILD_JOBS: 2
2026-10-08T03:14:17.7821132Z   RUSTFLAGS: -D warnings
2026-10-08T03:14:17.7821275Z   CARGO_HOME: /home/runner/.cargo
2026-10-08T03:14:17.7821588Z   P7_OFFLINE_RUNNER: /home/runner/work/_temp/p7-offline-runner-target/debug/deps/benchmark_adapters-8387a61e821cae35
2026-10-08T03:14:17.7821987Z   CODECORTEX_BENCH_BINARY: /home/runner/work/_temp/p7-offline/product/codecortex
2026-10-08T03:14:17.7822232Z   P7_017_PACKAGE_KIND: default
2026-10-08T03:14:17.7822462Z   P7_017_BUILD_RECEIPT: /home/runner/work/_temp/p7-offline/product/build-receipt.json
2026-10-08T03:14:17.7822790Z   CODECORTEX_BENCH_OBSERVATIONS: /home/runner/work/_temp/p7-offline/observations.jsonl
2026-10-08T03:14:17.7823036Z ##[endgroup]
2026-10-08T03:14:19.7019180Z {"schema_version": 1, "status": "failed", "error": "traced process failed or trace unavailable: 101", "network_socket_attempts": null}
2026-10-08T03:14:19.7107176Z ##[error]Process completed with exit code 1.
2026-10-08T03:14:19.7166676Z ##[group]Run python3 -B - <<'PY'
2026-10-08T03:14:19.7166929Z [36;1mpython3 -B - <<'PY'[0m
2026-10-08T03:14:19.7167078Z [36;1mimport json, os, re[0m
2026-10-08T03:14:19.7167230Z [36;1mfrom pathlib import Path[0m
2026-10-08T03:14:19.7167431Z [36;1mroot = Path(os.environ['RUNNER_TEMP']) / 'p7-offline'[0m
2026-10-08T03:14:19.7167642Z [36;1mbudget = 65536[0m
2026-10-08T03:14:19.7167781Z [36;1mdef emit(record):[0m
2026-10-08T03:14:19.7167920Z [36;1m    global budget[0m
2026-10-08T03:14:19.7168340Z [36;1m    line = json.dumps(record, ensure_ascii=True)[0m
2026-10-08T03:14:19.7168619Z [36;1m    size = len(line.encode()) + 1[0m
2026-10-08T03:14:19.7168853Z [36;1m    if size > budget:[0m
2026-10-08T03:14:19.7169046Z [36;1m        return False[0m
2026-10-08T03:14:19.7169189Z [36;1m    print(line)[0m
2026-10-08T03:14:19.7169325Z [36;1m    budget -= size[0m
2026-10-08T03:14:19.7169464Z [36;1m    return True[0m
2026-10-08T03:14:19.7169672Z [36;1memit({'diagnostic_only': True, 'network_socket_attempts': None,[0m
2026-10-08T03:14:19.7170006Z [36;1m      'scope': 'bounded failure readback; full verifier and raw artifacts remain authoritative'})[0m
2026-10-08T03:14:19.7170631Z [36;1mnetwork = re.compile(r'^(?:<\.\.\. )?(?:socket(?:pair|call)?|connect|bind|listen|accept4?|send(?:to|msg|mmsg)?|recv(?:from|msg|mmsg|mmsg_time64)?|getsockname|getpeername|setsockopt|getsockopt|shutdown|io_uring_(?:setup|enter|register))\b')[0m
2026-10-08T03:14:19.7171166Z [36;1mquoted = re.compile(r'"(?:[^"\\]|\\.)*"')[0m
2026-10-08T03:14:19.7171336Z [36;1mseen = 0[0m
2026-10-08T03:14:19.7171520Z [36;1mfor directory, dirs, names in os.walk(root, followlinks=False):[0m
2026-10-08T03:14:19.7171774Z [36;1m    dirs[:] = sorted(name for name in dirs if name not in {[0m
2026-10-08T03:14:19.7172080Z [36;1m        'cargo-target', 'candidate', 'archives', 'prepared-corpus', 'prepared-inputs', 'builds'[0m
2026-10-08T03:14:19.7172380Z [36;1m    } and not (Path(directory) / name).is_symlink())[0m
2026-10-08T03:14:19.7172580Z [36;1m    for name in sorted(names):[0m
2026-10-08T03:14:19.7172753Z [36;1m        path = Path(directory) / name[0m
2026-10-08T03:14:19.7172952Z [36;1m        if path.is_symlink() or not path.is_file():[0m
2026-10-08T03:14:19.7173136Z [36;1m            continue[0m
2026-10-08T03:14:19.7173451Z [36;1m        relative = str(path.relative_to(root))[0m
2026-10-08T03:14:19.7173643Z [36;1m        if seen >= 512 or budget < 512:[0m
2026-10-08T03:14:19.7173895Z [36;1m            print(json.dumps({'diagnostic_truncated': True, 'files_inspected': seen}))[0m
2026-10-08T03:14:19.7174145Z [36;1m            raise SystemExit(0)[0m
2026-10-08T03:14:19.7174417Z [36;1m        if not (name.endswith('.json') or name == 'stderr.log' or re.fullmatch(r'syscalls\.\d+', name)):[0m
2026-10-08T03:14:19.7174684Z [36;1m            continue[0m
2026-10-08T03:14:19.7174823Z [36;1m        seen += 1[0m
2026-10-08T03:14:19.7174959Z [36;1m        try:[0m
2026-10-08T03:14:19.7175152Z [36;1m            if name.endswith('.json') and path.stat().st_size <= 262144:[0m
2026-10-08T03:14:19.7175390Z [36;1m                value = json.loads(path.read_text())[0m
2026-10-08T03:14:19.7175693Z [36;1m                if isinstance(value, dict) and value.get('action') in ('errno', 'kill') and 'before' in value:[0m
2026-10-08T03:14:19.7176045Z [36;1m                    keys = ('action', 'result', 'before', 'after', 'socket_fds_before_exec',[0m
2026-10-08T03:14:19.7176373Z [36;1m                            'closed_socket_fds', 'ipv4', 'ipv6', 'local_ipc_policy', 'exec_sha256', 'error')[0m
2026-10-08T03:14:19.7176718Z [36;1m                    emit({'file': relative, 'guard': {key: value[key] for key in keys if key in value}})[0m
2026-10-08T03:14:19.7177024Z [36;1m                elif name == 'failure.json' and isinstance(value, dict):[0m
2026-10-08T03:14:19.7177298Z [36;1m                    emit({'file': relative, 'failure': {key: value.get(key) for key in[0m
2026-10-08T03:14:19.7177692Z [36;1m                          ('status', 'error', 'network_socket_attempts')}})[0m
2026-10-08T03:14:19.7177913Z [36;1m            elif name == 'stderr.log':[0m
2026-10-08T03:14:19.7178301Z [36;1m                with path.open('rb') as stream:[0m
2026-10-08T03:14:19.7178529Z [36;1m                    stream.seek(max(0, path.stat().st_size - 8192))[0m
2026-10-08T03:14:19.7178775Z [36;1m                    tail = stream.read(8192).decode('utf-8', 'replace')[0m
2026-10-08T03:14:19.7178980Z [36;1m                if tail:[0m
2026-10-08T03:14:19.7179194Z [36;1m                    emit({'file': relative, 'stderr_tail': tail, 'tail_only': True})[0m
2026-10-08T03:14:19.7179448Z [36;1m            elif re.fullmatch(r'syscalls\.\d+', name):[0m
2026-10-08T03:14:19.7179653Z [36;1m                with path.open('rb') as stream:[0m
2026-10-08T03:14:19.7179853Z [36;1m                    data = stream.read(2 * 1024 * 1024 + 1)[0m
2026-10-08T03:14:19.7180112Z [36;1m                for line in data[:2 * 1024 * 1024].decode('utf-8', 'replace').splitlines():[0m
2026-10-08T03:14:19.7180425Z [36;1m                    if network.match(line) or line.startswith('+++ ') or 'SIGSYS' in line:[0m
2026-10-08T03:14:19.7180765Z [36;1m                        emit({'file': relative, 'trace_diagnostic': quoted.sub('"<quoted>"', line)[:4096]})[0m
2026-10-08T03:14:19.7181037Z [36;1m                if len(data) > 2 * 1024 * 1024:[0m
2026-10-08T03:14:19.7181268Z [36;1m                    emit({'file': relative, 'diagnostic_prefix_truncated': True})[0m
2026-10-08T03:14:19.7181512Z [36;1m        except (OSError, ValueError) as error:[0m
2026-10-08T03:14:19.7181752Z [36;1m            emit({'file': relative, 'diagnostic_read_error': str(error)[:512]})[0m
2026-10-08T03:14:19.7181972Z [36;1mPY[0m
2026-10-08T03:14:19.7237562Z shell: /usr/bin/bash --noprofile --norc -e -o pipefail {0}
2026-10-08T03:14:19.7237759Z env:
2026-10-08T03:14:19.7237884Z   CARGO_TERM_COLOR: never
2026-10-08T03:14:19.7238187Z   PYTHONDONTWRITEBYTECODE: 1
2026-10-08T03:14:19.7238335Z   CARGO_INCREMENTAL: 0
2026-10-08T03:14:19.7238471Z   CARGO_PROFILE_DEV_DEBUG: 0
2026-10-08T03:14:19.7238616Z   CARGO_PROFILE_TEST_DEBUG: 0
2026-10-08T03:14:19.7238760Z   CARGO_BUILD_JOBS: 2
2026-10-08T03:14:19.7238895Z   RUSTFLAGS: -D warnings
2026-10-08T03:14:19.7239162Z   CARGO_HOME: /home/runner/.cargo
2026-10-08T03:14:19.7239473Z   P7_OFFLINE_RUNNER: /home/runner/work/_temp/p7-offline-runner-target/debug/deps/benchmark_adapters-8387a61e821cae35
2026-10-08T03:14:19.7239778Z ##[endgroup]
2026-10-08T03:14:19.7574849Z {"diagnostic_only": true, "network_socket_attempts": null, "scope": "bounded failure readback; full verifier and raw artifacts remain authoritative"}
2026-10-08T03:14:19.7577230Z {"file": "trace-controls/child-socket-parent-zero.json", "guard": {"action": "kill", "result": "filter_loaded_before_exec", "before": {"Pid": "3009", "PPid": "3006", "NSpid": "3009", "NoNewPrivs": "0", "Seccomp": "0", "Seccomp_filters": "0"}, "after": {"Pid": "3009", "PPid": "3006", "NSpid": "3009", "NoNewPrivs": "1", "Seccomp": "2", "Seccomp_filters": "1"}, "socket_fds_before_exec": [], "closed_socket_fds": [], "local_ipc_policy": {"syscall": "socketpair", "family": "AF_UNIX", "protocol": 0, "scope": "anonymous local IPC only; no socket/bind/connect exception"}, "exec_sha256": "e50d468e8b0adfb05733f5b87b3cff34829c4a8c1aea50c865aa8bdfe4bb150f"}}
2026-10-08T03:14:19.7581237Z {"file": "trace-controls/clean-child.json", "guard": {"action": "kill", "result": "filter_loaded_before_exec", "before": {"Pid": "2992", "PPid": "2989", "NSpid": "2992", "NoNewPrivs": "0", "Seccomp": "0", "Seccomp_filters": "0"}, "after": {"Pid": "2992", "PPid": "2989", "NSpid": "2992", "NoNewPrivs": "1", "Seccomp": "2", "Seccomp_filters": "1"}, "socket_fds_before_exec": [], "closed_socket_fds": [], "local_ipc_policy": {"syscall": "socketpair", "family": "AF_UNIX", "protocol": 0, "scope": "anonymous local IPC only; no socket/bind/connect exception"}, "exec_sha256": "e50d468e8b0adfb05733f5b87b3cff34829c4a8c1aea50c865aa8bdfe4bb150f"}}
2026-10-08T03:14:19.7583759Z {"file": "trace-controls/child-socket-parent-zero/syscalls.3009", "trace_diagnostic": "execve(\"<quoted>\", [\"<quoted>\", \"<quoted>\", \"<quoted>\", \"<quoted>\", \"<quoted>\", \"<quoted>\", \"<quoted>\", \"<quoted>\", \"<quoted>\", \"<quoted>\"], 0x7ffd2b055cc8 /* 122 vars */) = 0"}
2026-10-08T03:14:19.7585073Z {"file": "trace-controls/child-socket-parent-zero/syscalls.3009", "trace_diagnostic": "execve(\"<quoted>\", [\"<quoted>\", \"<quoted>\", \"<quoted>\"], 0x3f563a50 /* 122 vars */) = 0"}
2026-10-08T03:14:19.7586121Z {"file": "trace-controls/child-socket-parent-zero/syscalls.3009", "trace_diagnostic": "wait4(3021, [{WIFSIGNALED(s) && WTERMSIG(s) == SIGSYS && WCOREDUMP(s)}], 0, NULL) = 3021"}
2026-10-08T03:14:19.7587290Z {"file": "trace-controls/child-socket-parent-zero/syscalls.3009", "trace_diagnostic": "--- SIGCHLD {si_signo=SIGCHLD, si_code=CLD_DUMPED, si_pid=3021, si_uid=1001, si_status=SIGSYS, si_utime=0, si_stime=0} ---"}
2026-10-08T03:14:19.7588388Z {"file": "trace-controls/child-socket-parent-zero/syscalls.3009", "trace_diagnostic": "+++ exited with 0 +++"}
2026-10-08T03:14:19.7589096Z {"file": "trace-controls/child-socket-parent-zero/syscalls.3020", "trace_diagnostic": "+++ exited with 0 +++"}
2026-10-08T03:14:19.7589913Z {"file": "trace-controls/child-socket-parent-zero/syscalls.3021", "trace_diagnostic": "socket(AF_INET, SOCK_STREAM|SOCK_CLOEXEC, IPPROTO_IP) = 41"}
2026-10-08T03:14:19.7590793Z {"file": "trace-controls/child-socket-parent-zero/syscalls.3021", "trace_diagnostic": "+++ killed by SIGSYS (core dumped) +++"}
2026-10-08T03:14:19.7591505Z {"file": "trace-controls/clean-child/syscalls.2992", "trace_diagnostic": "+++ exited with 0 +++"}
2026-10-08T03:14:19.7592107Z {"file": "trace-controls/clean-child/syscalls.2993", "trace_diagnostic": "+++ exited with 0 +++"}
2026-10-08T03:14:19.7592781Z {"file": "trace-controls/clean-child/syscalls.2999", "trace_diagnostic": "socketpair(AF_UNIX, SOCK_STREAM, 0, [3, 4]) = 0"}
2026-10-08T03:14:19.7593438Z {"file": "trace-controls/clean-child/syscalls.2999", "trace_diagnostic": "+++ exited with 0 +++"}
2026-10-08T03:14:19.7594255Z {"file": "trace-matrix/failure.json", "failure": {"status": "failed", "error": "traced process failed or trace unavailable: 101", "network_socket_attempts": null}}
2026-10-08T03:14:19.7596979Z {"file": "trace-matrix/parent-policy.json", "guard": {"action": "errno", "result": "filter_loaded_before_exec", "before": {"Pid": "10429", "PPid": "10426", "NSpid": "10429", "NoNewPrivs": "0", "Seccomp": "0", "Seccomp_filters": "0"}, "after": {"Pid": "10429", "PPid": "10426", "NSpid": "10429", "NoNewPrivs": "1", "Seccomp": "2", "Seccomp_filters": "1"}, "socket_fds_before_exec": [], "closed_socket_fds": [], "ipv4": {"blocked": true, "errno": 1}, "ipv6": {"blocked": true, "errno": 1}, "local_ipc_policy": {"syscall": "socketpair", "family": "AF_UNIX", "protocol": 0, "scope": "anonymous local IPC only; no socket/bind/connect exception"}, "exec_sha256": "35cd4d3c57d37c05cf0ac39c428279903359c48954fc04721bcccde0c4d8f909"}}
2026-10-08T03:14:19.7600573Z {"file": "trace-matrix/trace/stderr.log", "stderr_tail": "\nthread 'p7_offline::real_stdio_default_disabled_semantic_contract' (10431) panicked at /rustc/59807616e1fa2540724bfbac14d7976d7e4a3860/library/std/src/sys/process/unix/unix.rs:155:21:\nthe CLOEXEC pipe failed: Os { code: 1, kind: PermissionDenied, message: \"Operation not permitted\" }\nnote: run with `RUST_BACKTRACE=1` environment variable to display a backtrace\n", "tail_only": true}
2026-10-08T03:14:19.7602413Z {"file": "trace-matrix/trace/syscalls.10429", "trace_diagnostic": "socket(AF_INET, SOCK_STREAM|SOCK_CLOEXEC, IPPROTO_IP) = -1 EPERM (Operation not permitted)"}
2026-10-08T03:14:19.7603364Z {"file": "trace-matrix/trace/syscalls.10429", "trace_diagnostic": "socket(AF_INET6, SOCK_STREAM|SOCK_CLOEXEC, IPPROTO_IP) = -1 EPERM (Operation not permitted)"}
2026-10-08T03:14:19.7604133Z {"file": "trace-matrix/trace/syscalls.10429", "trace_diagnostic": "+++ exited with 101 +++"}
2026-10-08T03:14:19.7604872Z {"file": "trace-matrix/trace/syscalls.10430", "trace_diagnostic": "+++ exited with 0 +++"}
2026-10-08T03:14:19.7605543Z {"file": "trace-matrix/trace/syscalls.10431", "trace_diagnostic": "socketpair(AF_UNIX, SOCK_STREAM|SOCK_CLOEXEC|SOCK_NONBLOCK, 0, [6, 7]) = 0"}
2026-10-08T03:14:19.7606382Z {"file": "trace-matrix/trace/syscalls.10431", "trace_diagnostic": "socket(AF_INET, SOCK_STREAM|SOCK_CLOEXEC, IPPROTO_IP) = -1 EPERM (Operation not permitted)"}
2026-10-08T03:14:19.7607292Z {"file": "trace-matrix/trace/syscalls.10431", "trace_diagnostic": "socket(AF_INET6, SOCK_STREAM|SOCK_CLOEXEC, IPPROTO_IP) = -1 EPERM (Operation not permitted)"}
2026-10-08T03:14:19.7608212Z {"file": "trace-matrix/trace/syscalls.10431", "trace_diagnostic": "socketpair(AF_UNIX, SOCK_SEQPACKET|SOCK_CLOEXEC, 0, [14, 15]) = 0"}
2026-10-08T03:14:19.7609016Z {"file": "trace-matrix/trace/syscalls.10431", "trace_diagnostic": "recvfrom(14, 0x7f4e38bb98b8, 8, 0, NULL, NULL) = -1 EPERM (Operation not permitted)"}
2026-10-08T03:14:19.7609684Z {"file": "trace-matrix/trace/syscalls.10431", "trace_diagnostic": "+++ exited with 0 +++"}
2026-10-08T03:14:19.7610411Z {"file": "trace-matrix/trace/syscalls.10432", "trace_diagnostic": "socket(AF_UNIX, SOCK_STREAM|SOCK_CLOEXEC|SOCK_NONBLOCK, 0) = -1 EPERM (Operation not permitted)"}
2026-10-08T03:14:19.7611360Z {"file": "trace-matrix/trace/syscalls.10432", "trace_diagnostic": "socket(AF_UNIX, SOCK_STREAM|SOCK_CLOEXEC|SOCK_NONBLOCK, 0) = -1 EPERM (Operation not permitted)"}
2026-10-08T03:14:19.7612450Z {"file": "trace-matrix/trace/syscalls.10432", "trace_diagnostic": "--- SIGCHLD {si_signo=SIGCHLD, si_code=CLD_DUMPED, si_pid=10433, si_uid=1001, si_status=SIGSYS, si_utime=4 /* 0.04 s */, si_stime=2 /* 0.02 s */} ---"}
2026-10-08T03:14:19.7613503Z {"file": "trace-matrix/trace/syscalls.10432", "trace_diagnostic": "wait4(10433, [{WIFSIGNALED(s) && WTERMSIG(s) == SIGSYS && WCOREDUMP(s)}], WNOHANG, NULL) = 10433"}
2026-10-08T03:14:19.7614202Z {"file": "trace-matrix/trace/syscalls.10432", "trace_diagnostic": "+++ exited with 1 +++"}
2026-10-08T03:14:19.7614706Z {"file": "trace-matrix/trace/syscalls.10433", "trace_diagnostic": "socket(AF_UNIX, SOCK_STREAM|SOCK_CLOEXEC|SOCK_NONBLOCK, 0) = -1 EPERM (Operation not permitted)"}
2026-10-08T03:14:19.7615288Z {"file": "trace-matrix/trace/syscalls.10433", "trace_diagnostic": "socket(AF_UNIX, SOCK_STREAM|SOCK_CLOEXEC|SOCK_NONBLOCK, 0) = -1 EPERM (Operation not permitted)"}
2026-10-08T03:14:19.7615947Z {"file": "trace-matrix/trace/syscalls.10433", "trace_diagnostic": "socket(AF_UNIX, SOCK_STREAM|SOCK_CLOEXEC|SOCK_NONBLOCK, 0) = 41"}
2026-10-08T03:14:19.7616375Z {"file": "trace-matrix/trace/syscalls.10433", "trace_diagnostic": "+++ killed by SIGSYS (core dumped) +++"}
2026-10-08T03:14:19.7616775Z {"file": "trace-matrix/trace/syscalls.10434", "trace_diagnostic": "+++ exited with 0 +++"}
2026-10-08T03:14:19.7664924Z ##[group]Run actions/upload-artifact@v4
2026-10-08T03:14:19.7665095Z with:
2026-10-08T03:14:19.7665283Z   name: p7-offline-default-2313b808d3ca95ae9917f72f6898dfd81dbae2c8
2026-10-08T03:14:19.7665622Z   path: /home/runner/work/_temp/p7-offline
!/home/runner/work/_temp/p7-offline/product/cargo-target

2026-10-08T03:14:19.7665901Z   include-hidden-files: true
2026-10-08T03:14:19.7666052Z   if-no-files-found: error
2026-10-08T03:14:19.7666198Z   compression-level: 6
2026-10-08T03:14:19.7666338Z   overwrite: false
2026-10-08T03:14:19.7666462Z env:
2026-10-08T03:14:19.7666579Z   CARGO_TERM_COLOR: never
2026-10-08T03:14:19.7666725Z   PYTHONDONTWRITEBYTECODE: 1
2026-10-08T03:14:19.7666870Z   CARGO_INCREMENTAL: 0
2026-10-08T03:14:19.7667002Z   CARGO_PROFILE_DEV_DEBUG: 0
2026-10-08T03:14:19.7667146Z   CARGO_PROFILE_TEST_DEBUG: 0
2026-10-08T03:14:19.7667288Z   CARGO_BUILD_JOBS: 2
2026-10-08T03:14:19.7667526Z   RUSTFLAGS: -D warnings
2026-10-08T03:14:19.7667694Z   CARGO_HOME: /home/runner/.cargo
2026-10-08T03:14:19.7668204Z   P7_OFFLINE_RUNNER: /home/runner/work/_temp/p7-offline-runner-target/debug/deps/benchmark_adapters-8387a61e821cae35
2026-10-08T03:14:19.7668517Z ##[endgroup]
2026-10-08T03:14:19.8794777Z (node:10450) [DEP0040] DeprecationWarning: The `punycode` module is deprecated. Please use a userland alternative instead.
2026-10-08T03:14:19.8795197Z (Use `node --trace-deprecation ...` to show where the warning was created)
2026-10-08T03:14:19.9915991Z With the provided path, there will be 41 files uploaded
2026-10-08T03:14:19.9919921Z Artifact name is valid!
2026-10-08T03:14:19.9920234Z Root directory input is valid!
2026-10-08T03:14:20.2678837Z Beginning upload of artifact content to blob storage
2026-10-08T03:14:20.9063860Z (node:10450) [DEP0169] DeprecationWarning: `url.parse()` behavior is not standardized and prone to errors that have security implications. Use the WHATWG URL API instead. CVEs are not issued for `url.parse()` vulnerabilities.
2026-10-08T03:14:21.4595587Z Uploaded bytes 8388608
2026-10-08T03:14:21.8839061Z Uploaded bytes 16777216
2026-10-08T03:14:21.9389209Z Uploaded bytes 17718785
2026-10-08T03:14:21.9816093Z Finished uploading artifact content to blob storage!
2026-10-08T03:14:21.9818322Z SHA256 digest of uploaded artifact zip is d99eb5e9e34bd7e7fd39aaadebade38b4c6bdbe2d8c78f4119c843aab03db1cd
2026-10-08T03:14:21.9820226Z Finalizing artifact upload
2026-10-08T03:14:22.2069849Z Artifact p7-offline-default-2313b808d3ca95ae9917f72f6898dfd81dbae2c8.zip successfully finalized. Artifact ID 11526312176
2026-10-08T03:14:22.2070990Z Artifact p7-offline-default-2313b808d3ca95ae9917f72f6898dfd81dbae2c8 has been successfully uploaded! Final size is 17718785 bytes. Artifact ID is 11526312176
2026-10-08T03:14:22.2076521Z Artifact download URL: https://github.com/jyqj/codecortex/actions/runs/37721570545/artifacts/11526312176
2026-10-08T03:14:22.2251595Z Post job cleanup.
2026-10-08T03:14:22.2836862Z [command]/usr/bin/git version
2026-10-08T03:14:22.2866835Z git version 2.55.0
2026-10-08T03:14:22.2890016Z Temporarily overriding HOME='/home/runner/work/_temp/8d488e97-962a-442e-a5ce-a8b215275235' before making global git config changes
2026-10-08T03:14:22.2890475Z Adding repository directory to the temporary git global config as a safe directory
2026-10-08T03:14:22.2894438Z [command]/usr/bin/git config --global --add safe.directory /home/runner/work/codecortex/codecortex
2026-10-08T03:14:22.2923819Z [command]/usr/bin/git config --local --name-only --get-regexp core\.sshCommand
2026-10-08T03:14:22.2950821Z [command]/usr/bin/git submodule foreach --recursive sh -c "git config --local --name-only --get-regexp 'core\.sshCommand' && git config --local --unset-all 'core.sshCommand' || :"
2026-10-08T03:14:22.3155528Z [command]/usr/bin/git config --local --name-only --get-regexp http\.https\:\/\/github\.com\/\.extraheader
2026-10-08T03:14:22.3175513Z http.https://github.com/.extraheader
2026-10-08T03:14:22.3183039Z [command]/usr/bin/git config --local --unset-all http.https://github.com/.extraheader
2026-10-08T03:14:22.3212584Z [command]/usr/bin/git submodule foreach --recursive sh -c "git config --local --name-only --get-regexp 'http\.https\:\/\/github\.com\/\.extraheader' && git config --local --unset-all 'http.https://github.com/.extraheader' || :"
2026-10-08T03:14:22.3411336Z [command]/usr/bin/git config --local --name-only --get-regexp ^includeIf\.gitdir:
2026-10-08T03:14:22.3437238Z [command]/usr/bin/git submodule foreach --recursive git config --local --show-origin --name-only --get-regexp remote.origin.url
2026-10-08T03:14:22.3753414Z Cleaning up orphan processes
2026-10-08T03:14:22.4011703Z ##[warning]Node.js 20 is deprecated. The following actions target Node.js 20 but are being forced to run on Node.js 24: actions/checkout@v4, actions/upload-artifact@v4. For more information see: https://github.blog/changelog/2025-09-19-deprecation-of-node-20-on-github-actions-runners/
