2026-10-08T03:11:57.7928016Z Current runner version: '2.337.0'
2026-10-08T03:11:57.7953793Z ##[group]Runner Image Provisioner
2026-10-08T03:11:57.7954800Z Hosted Compute Agent
2026-10-08T03:11:57.7955811Z Version: 20261002.596
2026-10-08T03:11:57.7956490Z Commit: c3d12f3313a95f25162a1503be624f3b0617f8c0
2026-10-08T03:11:57.7957377Z Build Date: 2026-10-02T22:28:27Z
2026-10-08T03:11:57.7958113Z Worker ID: {6ea2c799-acdf-4896-a923-4f2a535c134f}
2026-10-08T03:11:57.7958880Z Region: westcentralus
2026-10-08T03:11:57.7959513Z Cloud: Azure
2026-10-08T03:11:57.7960078Z ##[endgroup]
2026-10-08T03:11:57.7961702Z ##[group]Operating System
2026-10-08T03:11:57.7962387Z Ubuntu
2026-10-08T03:11:57.7963018Z 24.04.5
2026-10-08T03:11:57.7963592Z LTS
2026-10-08T03:11:57.7964135Z ##[endgroup]
2026-10-08T03:11:57.7964809Z ##[group]Runner Image
2026-10-08T03:11:57.7965772Z Image: ubuntu-24.04
2026-10-08T03:11:57.7966387Z Version: 20261004.327.1
2026-10-08T03:11:57.7967774Z Included Software: https://github.com/actions/runner-images/blob/ubuntu24/20261004.327/images/ubuntu/Ubuntu2404-Readme.md
2026-10-08T03:11:57.7969471Z Image Release: https://github.com/actions/runner-images/releases/tag/ubuntu24%2F20261004.327
2026-10-08T03:11:57.7970487Z ##[endgroup]
2026-10-08T03:11:57.7971673Z ##[group]GITHUB_TOKEN Permissions
2026-10-08T03:11:57.7973677Z Contents: read
2026-10-08T03:11:57.7974308Z Metadata: read
2026-10-08T03:11:57.7975037Z ##[endgroup]
2026-10-08T03:11:57.7977372Z Secret source: Actions
2026-10-08T03:11:57.7978494Z Cache mode: write
2026-10-08T03:11:57.7979233Z Prepare workflow directory
2026-10-08T03:11:57.8388430Z Prepare all required actions
2026-10-08T03:11:57.8438132Z Getting action download info
2026-10-08T03:11:58.1400069Z Download action repository 'actions/checkout@v4' (SHA:11d5960a326750d5838078e36cf38b85af677262)
2026-10-08T03:11:58.2563878Z Download action repository 'dtolnay/rust-toolchain@1.95.0' (SHA:eb0a44f258ec94ab9ee0f14f998f4cf332c25d3a)
2026-10-08T03:11:58.4567089Z Download action repository 'actions/upload-artifact@v4' (SHA:ea165f8d65b6e75b540449e92b4886f43607fa02)
2026-10-08T03:11:58.6891071Z Complete job name: offline (semantic)
2026-10-08T03:11:58.7773132Z ##[group]Run actions/checkout@v4
2026-10-08T03:11:58.7774069Z with:
2026-10-08T03:11:58.7774566Z   ref: 2313b808d3ca95ae9917f72f6898dfd81dbae2c8
2026-10-08T03:11:58.7775204Z   repository: jyqj/codecortex
2026-10-08T03:11:58.7779269Z   token: ***
2026-10-08T03:11:58.7779742Z   ssh-strict: true
2026-10-08T03:11:58.7780216Z   ssh-user: git
2026-10-08T03:11:58.7780688Z   persist-credentials: true
2026-10-08T03:11:58.7781208Z   clean: true
2026-10-08T03:11:58.7781677Z   sparse-checkout-cone-mode: true
2026-10-08T03:11:58.7782217Z   fetch-depth: 1
2026-10-08T03:11:58.7782674Z   fetch-tags: false
2026-10-08T03:11:58.7783142Z   show-progress: true
2026-10-08T03:11:58.7783616Z   lfs: false
2026-10-08T03:11:58.7784050Z   submodules: false
2026-10-08T03:11:58.7784530Z   set-safe-directory: true
2026-10-08T03:11:58.7785051Z   allow-unsafe-pr-checkout: false
2026-10-08T03:11:58.7786274Z env:
2026-10-08T03:11:58.7786762Z   CARGO_TERM_COLOR: never
2026-10-08T03:11:58.7787333Z   PYTHONDONTWRITEBYTECODE: 1
2026-10-08T03:11:58.7787874Z   CARGO_INCREMENTAL: 0
2026-10-08T03:11:58.7788366Z   CARGO_PROFILE_DEV_DEBUG: 0
2026-10-08T03:11:58.7788903Z   CARGO_PROFILE_TEST_DEBUG: 0
2026-10-08T03:11:58.7789428Z   CARGO_BUILD_JOBS: 2
2026-10-08T03:11:58.7789933Z   RUSTFLAGS: -D warnings
2026-10-08T03:11:58.7790438Z ##[endgroup]
2026-10-08T03:11:58.9149730Z Syncing repository: jyqj/codecortex
2026-10-08T03:11:58.9151636Z ##[group]Getting Git version info
2026-10-08T03:11:58.9152421Z Working directory is '/home/runner/work/codecortex/codecortex'
2026-10-08T03:11:58.9153511Z [command]/usr/bin/git version
2026-10-08T03:11:58.9260703Z git version 2.55.0
2026-10-08T03:11:58.9282858Z ##[endgroup]
2026-10-08T03:11:58.9299613Z Temporarily overriding HOME='/home/runner/work/_temp/925834e2-959a-4215-92b6-8a8e993d7e46' before making global git config changes
2026-10-08T03:11:58.9302052Z Adding repository directory to the temporary git global config as a safe directory
2026-10-08T03:11:58.9306951Z [command]/usr/bin/git config --global --add safe.directory /home/runner/work/codecortex/codecortex
2026-10-08T03:11:58.9461764Z Deleting the contents of '/home/runner/work/codecortex/codecortex'
2026-10-08T03:11:58.9464480Z ##[group]Initializing the repository
2026-10-08T03:11:58.9465787Z [command]/usr/bin/git init /home/runner/work/codecortex/codecortex
2026-10-08T03:11:58.9535760Z hint: Using 'master' as the name for the initial branch. This default branch name
2026-10-08T03:11:58.9537575Z hint: will change to "main" in Git 3.0. To configure the initial branch name
2026-10-08T03:11:58.9539313Z hint: to use in all of your new repositories, which will suppress this warning,
2026-10-08T03:11:58.9540681Z hint: call:
2026-10-08T03:11:58.9541297Z hint:
2026-10-08T03:11:58.9542234Z hint: 	git config --global init.defaultBranch <name>
2026-10-08T03:11:58.9543213Z hint:
2026-10-08T03:11:58.9544318Z hint: Names commonly chosen instead of 'master' are 'main', 'trunk' and
2026-10-08T03:11:58.9545969Z hint: 'development'. The just-created branch can be renamed via this command:
2026-10-08T03:11:58.9546911Z hint:
2026-10-08T03:11:58.9547368Z hint: 	git branch -m <name>
2026-10-08T03:11:58.9547899Z hint:
2026-10-08T03:11:58.9548588Z hint: Disable this message with "git config set advice.defaultBranchName false"
2026-10-08T03:11:58.9549887Z Initialized empty Git repository in /home/runner/work/codecortex/codecortex/.git/
2026-10-08T03:11:58.9552124Z [command]/usr/bin/git remote add origin https://github.com/jyqj/codecortex
2026-10-08T03:11:58.9611555Z ##[endgroup]
2026-10-08T03:11:58.9612394Z ##[group]Disabling automatic garbage collection
2026-10-08T03:11:58.9616199Z [command]/usr/bin/git config --local gc.auto 0
2026-10-08T03:11:58.9647723Z ##[endgroup]
2026-10-08T03:11:58.9648520Z ##[group]Setting up auth
2026-10-08T03:11:58.9654758Z [command]/usr/bin/git config --local --name-only --get-regexp core\.sshCommand
2026-10-08T03:11:58.9687729Z [command]/usr/bin/git submodule foreach --recursive sh -c "git config --local --name-only --get-regexp 'core\.sshCommand' && git config --local --unset-all 'core.sshCommand' || :"
2026-10-08T03:11:59.0067068Z [command]/usr/bin/git config --local --name-only --get-regexp http\.https\:\/\/github\.com\/\.extraheader
2026-10-08T03:11:59.0102272Z [command]/usr/bin/git submodule foreach --recursive sh -c "git config --local --name-only --get-regexp 'http\.https\:\/\/github\.com\/\.extraheader' && git config --local --unset-all 'http.https://github.com/.extraheader' || :"
2026-10-08T03:11:59.0327566Z [command]/usr/bin/git config --local --name-only --get-regexp ^includeIf\.gitdir:
2026-10-08T03:11:59.0359766Z [command]/usr/bin/git submodule foreach --recursive git config --local --show-origin --name-only --get-regexp remote.origin.url
2026-10-08T03:11:59.0601565Z [command]/usr/bin/git config --local http.https://github.com/.extraheader AUTHORIZATION: basic ***
2026-10-08T03:11:59.0640952Z ##[endgroup]
2026-10-08T03:11:59.0642524Z ##[group]Fetching the repository
2026-10-08T03:11:59.0651844Z [command]/usr/bin/git -c protocol.version=2 fetch --no-tags --prune --no-recurse-submodules --depth=1 origin 2313b808d3ca95ae9917f72f6898dfd81dbae2c8
2026-10-08T03:12:13.5294494Z From https://github.com/jyqj/codecortex
2026-10-08T03:12:13.5296866Z  * branch            2313b808d3ca95ae9917f72f6898dfd81dbae2c8 -> FETCH_HEAD
2026-10-08T03:12:13.5301514Z ##[endgroup]
2026-10-08T03:12:13.5303536Z ##[group]Determining the checkout info
2026-10-08T03:12:13.5305968Z ##[endgroup]
2026-10-08T03:12:13.5309906Z [command]/usr/bin/git sparse-checkout disable
2026-10-08T03:12:13.5362858Z [command]/usr/bin/git config --local --unset-all extensions.worktreeConfig
2026-10-08T03:12:13.5400923Z ##[group]Checking out the ref
2026-10-08T03:12:13.5404528Z [command]/usr/bin/git checkout --progress --force 2313b808d3ca95ae9917f72f6898dfd81dbae2c8
2026-10-08T03:12:15.1494150Z Updating files:  89% (11522/12939)
2026-10-08T03:12:15.1591196Z Updating files:  90% (11646/12939)
2026-10-08T03:12:15.1648628Z Updating files:  91% (11775/12939)
2026-10-08T03:12:15.1750447Z Updating files:  92% (11904/12939)
2026-10-08T03:12:15.1856132Z Updating files:  93% (12034/12939)
2026-10-08T03:12:15.1962602Z Updating files:  94% (12163/12939)
2026-10-08T03:12:15.2097437Z Updating files:  95% (12293/12939)
2026-10-08T03:12:15.2196964Z Updating files:  96% (12422/12939)
2026-10-08T03:12:15.2291563Z Updating files:  97% (12551/12939)
2026-10-08T03:12:15.2390992Z Updating files:  98% (12681/12939)
2026-10-08T03:12:15.2549603Z Updating files:  99% (12810/12939)
2026-10-08T03:12:15.2550562Z Updating files: 100% (12939/12939)
2026-10-08T03:12:15.2551392Z Updating files: 100% (12939/12939), done.
2026-10-08T03:12:15.2698363Z Note: switching to '2313b808d3ca95ae9917f72f6898dfd81dbae2c8'.
2026-10-08T03:12:15.2699179Z 
2026-10-08T03:12:15.2701028Z You are in 'detached HEAD' state. You can look around, make experimental
2026-10-08T03:12:15.2702135Z changes and commit them, and you can discard any commits you make in this
2026-10-08T03:12:15.2703733Z state without impacting any branches by switching back to a branch.
2026-10-08T03:12:15.2704722Z 
2026-10-08T03:12:15.2705731Z If you want to create a new branch to retain commits you create, you may
2026-10-08T03:12:15.2706807Z do so (now or later) by using -c with the switch command. Example:
2026-10-08T03:12:15.2707246Z 
2026-10-08T03:12:15.2707410Z   git switch -c <new-branch-name>
2026-10-08T03:12:15.2707696Z 
2026-10-08T03:12:15.2707903Z Or undo this operation with:
2026-10-08T03:12:15.2708285Z 
2026-10-08T03:12:15.2708425Z   git switch -
2026-10-08T03:12:15.2708604Z 
2026-10-08T03:12:15.2708941Z Turn off this advice by setting config variable advice.detachedHead to false
2026-10-08T03:12:15.2783205Z 
2026-10-08T03:12:15.2784137Z HEAD is now at 2313b80 ci(source): install immutable v13 source review pins and retain all inherited proofs
2026-10-08T03:12:15.2787100Z ##[endgroup]
2026-10-08T03:12:15.2838629Z [command]/usr/bin/git log -1 --format=%H
2026-10-08T03:12:15.2863625Z 2313b808d3ca95ae9917f72f6898dfd81dbae2c8
2026-10-08T03:12:15.3239526Z ##[group]Run dtolnay/rust-toolchain@1.95.0
2026-10-08T03:12:15.3239956Z with:
2026-10-08T03:12:15.3240201Z env:
2026-10-08T03:12:15.3240448Z   CARGO_TERM_COLOR: never
2026-10-08T03:12:15.3240751Z   PYTHONDONTWRITEBYTECODE: 1
2026-10-08T03:12:15.3241064Z   CARGO_INCREMENTAL: 0
2026-10-08T03:12:15.3241343Z   CARGO_PROFILE_DEV_DEBUG: 0
2026-10-08T03:12:15.3241635Z   CARGO_PROFILE_TEST_DEBUG: 0
2026-10-08T03:12:15.3241921Z   CARGO_BUILD_JOBS: 2
2026-10-08T03:12:15.3242199Z   RUSTFLAGS: -D warnings
2026-10-08T03:12:15.3242475Z ##[endgroup]
2026-10-08T03:12:15.3311968Z ##[start-action display=Parse toolchain version;id=__dtolnay_rust-toolchain.parse]
2026-10-08T03:12:15.3380396Z ##[group]Run if [[ -z $toolchain ]]; then
2026-10-08T03:12:15.3380916Z [36;1mif [[ -z $toolchain ]]; then[0m
2026-10-08T03:12:15.3381535Z [36;1m  # GitHub does not enforce `required: true` inputs itself. https://github.com/actions/runner/issues/1070[0m
2026-10-08T03:12:15.3382246Z [36;1m  echo "'toolchain' is a required input" >&2[0m
2026-10-08T03:12:15.3382601Z [36;1m  exit 1[0m
2026-10-08T03:12:15.3382999Z [36;1melif [[ $toolchain =~ ^stable' '[0-9]+' '(year|month|week|day)s?' 'ago$ ]]; then[0m
2026-10-08T03:12:15.3383481Z [36;1m  if [[ Linux == macOS ]]; then[0m
2026-10-08T03:12:15.3384086Z [36;1m    echo "toolchain=1.$((($(date -v-$(sed 's/stable \([0-9]*\) \(.\).*/\1\2/' <<< $toolchain) +%s)/60/60/24-16569)/7/6))" >> $GITHUB_OUTPUT[0m
2026-10-08T03:12:15.3384666Z [36;1m  else[0m
2026-10-08T03:12:15.3385134Z [36;1m    echo "toolchain=1.$((($(date --date "${toolchain#stable }" +%s)/60/60/24-16569)/7/6))" >> $GITHUB_OUTPUT[0m
2026-10-08T03:12:15.3385854Z [36;1m  fi[0m
2026-10-08T03:12:15.3386206Z [36;1melif [[ $toolchain =~ ^stable' 'minus' '[0-9]+' 'releases?$ ]]; then[0m
2026-10-08T03:12:15.3386798Z [36;1m  echo "toolchain=1.$((($(date +%s)/60/60/24-16569)/7/6-${toolchain//[^0-9]/}))" >> $GITHUB_OUTPUT[0m
2026-10-08T03:12:15.3387347Z [36;1melif [[ $toolchain =~ ^1\.[0-9]+$ ]]; then[0m
2026-10-08T03:12:15.3388201Z [36;1m  echo "toolchain=1.$((i=${toolchain#1.}, c=($(date +%s)/60/60/24-16569)/7/6, i+9*i*(10*i<=c)+90*i*(100*i<=c)))" >> $GITHUB_OUTPUT[0m
2026-10-08T03:12:15.3388767Z [36;1melse[0m
2026-10-08T03:12:15.3389073Z [36;1m  echo "toolchain=$toolchain" >> $GITHUB_OUTPUT[0m
2026-10-08T03:12:15.3389423Z [36;1mfi[0m
2026-10-08T03:12:15.3675971Z shell: /usr/bin/bash --noprofile --norc -e -o pipefail {0}
2026-10-08T03:12:15.3676553Z env:
2026-10-08T03:12:15.3676871Z   CARGO_TERM_COLOR: never
2026-10-08T03:12:15.3677221Z   PYTHONDONTWRITEBYTECODE: 1
2026-10-08T03:12:15.3677573Z   CARGO_INCREMENTAL: 0
2026-10-08T03:12:15.3677897Z   CARGO_PROFILE_DEV_DEBUG: 0
2026-10-08T03:12:15.3678242Z   CARGO_PROFILE_TEST_DEBUG: 0
2026-10-08T03:12:15.3678577Z   CARGO_BUILD_JOBS: 2
2026-10-08T03:12:15.3678896Z   RUSTFLAGS: -D warnings
2026-10-08T03:12:15.3679226Z   toolchain: 1.95.0
2026-10-08T03:12:15.3679529Z ##[endgroup]
2026-10-08T03:12:15.3829530Z ##[end-action id=__dtolnay_rust-toolchain.parse;outcome=success;conclusion=success;duration_ms=51]
2026-10-08T03:12:15.3838074Z ##[start-action display=Construct rustup command line;id=__dtolnay_rust-toolchain.flags]
2026-10-08T03:12:15.3879821Z ##[group]Run echo "targets=$(for t in ${targets//,/ }; do echo -n ' --target' $t; done)" >> $GITHUB_OUTPUT
2026-10-08T03:12:15.3880596Z [36;1mecho "targets=$(for t in ${targets//,/ }; do echo -n ' --target' $t; done)" >> $GITHUB_OUTPUT[0m
2026-10-08T03:12:15.3881296Z [36;1mecho "components=$(for c in ${components//,/ }; do echo -n ' --component' $c; done)" >> $GITHUB_OUTPUT[0m
2026-10-08T03:12:15.3881844Z [36;1mecho "downgrade=" >> $GITHUB_OUTPUT[0m
2026-10-08T03:12:15.3944504Z shell: /usr/bin/bash --noprofile --norc -e -o pipefail {0}
2026-10-08T03:12:15.3944935Z env:
2026-10-08T03:12:15.3945203Z   CARGO_TERM_COLOR: never
2026-10-08T03:12:15.3945777Z   PYTHONDONTWRITEBYTECODE: 1
2026-10-08T03:12:15.3946097Z   CARGO_INCREMENTAL: 0
2026-10-08T03:12:15.3946409Z   CARGO_PROFILE_DEV_DEBUG: 0
2026-10-08T03:12:15.3946941Z   CARGO_PROFILE_TEST_DEBUG: 0
2026-10-08T03:12:15.3947248Z   CARGO_BUILD_JOBS: 2
2026-10-08T03:12:15.3947525Z   RUSTFLAGS: -D warnings
2026-10-08T03:12:15.3947802Z   targets: 
2026-10-08T03:12:15.3948045Z   components: 
2026-10-08T03:12:15.3948294Z ##[endgroup]
2026-10-08T03:12:15.4052293Z ##[end-action id=__dtolnay_rust-toolchain.flags;outcome=success;conclusion=success;duration_ms=21]
2026-10-08T03:12:15.4055930Z ##[start-action display=Set $CARGO_HOME;id=__dtolnay_rust-toolchain.__run]
2026-10-08T03:12:15.4086638Z ##[group]Run echo CARGO_HOME=${CARGO_HOME:-"$HOME/.cargo"} >> $GITHUB_ENV
2026-10-08T03:12:15.4087207Z [36;1mecho CARGO_HOME=${CARGO_HOME:-"$HOME/.cargo"} >> $GITHUB_ENV[0m
2026-10-08T03:12:15.4149938Z shell: /usr/bin/bash --noprofile --norc -e -o pipefail {0}
2026-10-08T03:12:15.4150356Z env:
2026-10-08T03:12:15.4150610Z   CARGO_TERM_COLOR: never
2026-10-08T03:12:15.4150930Z   PYTHONDONTWRITEBYTECODE: 1
2026-10-08T03:12:15.4151245Z   CARGO_INCREMENTAL: 0
2026-10-08T03:12:15.4151565Z   CARGO_PROFILE_DEV_DEBUG: 0
2026-10-08T03:12:15.4151859Z   CARGO_PROFILE_TEST_DEBUG: 0
2026-10-08T03:12:15.4152154Z   CARGO_BUILD_JOBS: 2
2026-10-08T03:12:15.4152424Z   RUSTFLAGS: -D warnings
2026-10-08T03:12:15.4152696Z ##[endgroup]
2026-10-08T03:12:15.4251615Z ##[end-action id=__dtolnay_rust-toolchain.__run;outcome=success;conclusion=success;duration_ms=19]
2026-10-08T03:12:15.4254596Z ##[start-action display=Install rustup if needed;id=__dtolnay_rust-toolchain.__run_2]
2026-10-08T03:12:15.4291799Z ##[group]Run if ! command -v rustup &>/dev/null; then
2026-10-08T03:12:15.4292235Z [36;1mif ! command -v rustup &>/dev/null; then[0m
2026-10-08T03:12:15.4293085Z [36;1m  curl --proto '=https' --tlsv1.2 --retry 10 --retry-connrefused --location --silent --show-error --fail https://sh.rustup.rs | sh -s -- --default-toolchain none -y[0m
2026-10-08T03:12:15.4293916Z [36;1m  echo "$CARGO_HOME/bin" >> $GITHUB_PATH[0m
2026-10-08T03:12:15.4294261Z [36;1mfi[0m
2026-10-08T03:12:15.4356351Z shell: /usr/bin/bash --noprofile --norc -e -o pipefail {0}
2026-10-08T03:12:15.4356778Z env:
2026-10-08T03:12:15.4357033Z   CARGO_TERM_COLOR: never
2026-10-08T03:12:15.4357340Z   PYTHONDONTWRITEBYTECODE: 1
2026-10-08T03:12:15.4357637Z   CARGO_INCREMENTAL: 0
2026-10-08T03:12:15.4357919Z   CARGO_PROFILE_DEV_DEBUG: 0
2026-10-08T03:12:15.4358220Z   CARGO_PROFILE_TEST_DEBUG: 0
2026-10-08T03:12:15.4358509Z   CARGO_BUILD_JOBS: 2
2026-10-08T03:12:15.4358788Z   RUSTFLAGS: -D warnings
2026-10-08T03:12:15.4359081Z   CARGO_HOME: /home/runner/.cargo
2026-10-08T03:12:15.4359386Z ##[endgroup]
2026-10-08T03:12:15.4452293Z ##[end-action id=__dtolnay_rust-toolchain.__run_2;outcome=success;conclusion=success;duration_ms=19]
2026-10-08T03:12:15.4455749Z ##[start-action display=Install rustup if needed on windows;id=__dtolnay_rust-toolchain.__run_3]
2026-10-08T03:12:15.4465001Z ##[end-action id=__dtolnay_rust-toolchain.__run_3;outcome=skipped;conclusion=skipped;duration_ms=0]
2026-10-08T03:12:15.4478959Z ##[start-action display=rustup toolchain install 1.95.0;id=__dtolnay_rust-toolchain.__run_4]
2026-10-08T03:12:15.4534678Z ##[group]Run log=$(mktemp)
2026-10-08T03:12:15.4535036Z [36;1mlog=$(mktemp)[0m
2026-10-08T03:12:15.4535675Z [36;1mtrap 'rm -f "$log"' EXIT[0m
2026-10-08T03:12:15.4536041Z [36;1mfor attempt in 1 2 3 4 5; do[0m
2026-10-08T03:12:15.4536637Z [36;1m  if rustup toolchain install 1.95.0 --profile minimal --no-self-update --force-non-host 2>&1 | tee "$log"; then[0m
2026-10-08T03:12:15.4537226Z [36;1m    break[0m
2026-10-08T03:12:15.4537487Z [36;1m  else[0m
2026-10-08T03:12:15.4537739Z [36;1m    status=$?[0m
2026-10-08T03:12:15.4538020Z [36;1m  fi[0m
2026-10-08T03:12:15.4538376Z [36;1m  if [[ $attempt == 5 ]] || ! grep -Fq 'checksum failed for ' "$log" \[0m
2026-10-08T03:12:15.4539022Z [36;1m      || ! grep -Fq 'this is likely due to an ongoing update of the official release server' "$log"; then[0m
2026-10-08T03:12:15.4539556Z [36;1m    exit "$status"[0m
2026-10-08T03:12:15.4539863Z [36;1m  fi[0m
2026-10-08T03:12:15.4540483Z [36;1m  echo "Retrying rustup toolchain install in 30 seconds (retry $attempt of 4)" >&2[0m
2026-10-08T03:12:15.4541001Z [36;1m  sleep 30[0m
2026-10-08T03:12:15.4541263Z [36;1mdone[0m
2026-10-08T03:12:15.4602779Z shell: /usr/bin/bash --noprofile --norc -e -o pipefail {0}
2026-10-08T03:12:15.4603207Z env:
2026-10-08T03:12:15.4603471Z   CARGO_TERM_COLOR: never
2026-10-08T03:12:15.4603784Z   PYTHONDONTWRITEBYTECODE: 1
2026-10-08T03:12:15.4604101Z   CARGO_INCREMENTAL: 0
2026-10-08T03:12:15.4604380Z   CARGO_PROFILE_DEV_DEBUG: 0
2026-10-08T03:12:15.4604680Z   CARGO_PROFILE_TEST_DEBUG: 0
2026-10-08T03:12:15.4604975Z   CARGO_BUILD_JOBS: 2
2026-10-08T03:12:15.4605498Z   RUSTFLAGS: -D warnings
2026-10-08T03:12:15.4605871Z   CARGO_HOME: /home/runner/.cargo
2026-10-08T03:12:15.4606191Z   RUSTUP_PERMIT_COPY_RENAME: 1
2026-10-08T03:12:15.4606487Z ##[endgroup]
2026-10-08T03:12:15.5210133Z info: syncing channel updates for 1.95.0-x86_64-unknown-linux-gnu
2026-10-08T03:12:15.8415553Z info: latest update on 2026-04-16 for version 1.95.0 (59807616e 2026-04-14)
2026-10-08T03:12:15.8416540Z info: downloading 3 components
2026-10-08T03:12:23.5773402Z 
2026-10-08T03:12:23.5843891Z   1.95.0-x86_64-unknown-linux-gnu installed - rustc 1.95.0 (59807616e 2026-04-14)
2026-10-08T03:12:23.5913162Z 
2026-10-08T03:12:23.5921653Z ##[end-action id=__dtolnay_rust-toolchain.__run_4;outcome=success;conclusion=success;duration_ms=8144]
2026-10-08T03:12:23.5930584Z ##[start-action display=rustup default 1.95.0;id=__dtolnay_rust-toolchain.__run_5]
2026-10-08T03:12:23.5962672Z ##[group]Run rustup default 1.95.0 --force-non-host
2026-10-08T03:12:23.5963062Z [36;1mrustup default 1.95.0 --force-non-host[0m
2026-10-08T03:12:23.6028783Z shell: /usr/bin/bash --noprofile --norc -e -o pipefail {0}
2026-10-08T03:12:23.6029152Z env:
2026-10-08T03:12:23.6029364Z   CARGO_TERM_COLOR: never
2026-10-08T03:12:23.6029629Z   PYTHONDONTWRITEBYTECODE: 1
2026-10-08T03:12:23.6029905Z   CARGO_INCREMENTAL: 0
2026-10-08T03:12:23.6030414Z   CARGO_PROFILE_DEV_DEBUG: 0
2026-10-08T03:12:23.6030694Z   CARGO_PROFILE_TEST_DEBUG: 0
2026-10-08T03:12:23.6030949Z   CARGO_BUILD_JOBS: 2
2026-10-08T03:12:23.6031181Z   RUSTFLAGS: -D warnings
2026-10-08T03:12:23.6031436Z   CARGO_HOME: /home/runner/.cargo
2026-10-08T03:12:23.6031689Z ##[endgroup]
2026-10-08T03:12:23.6161391Z info: using existing install for 1.95.0-x86_64-unknown-linux-gnu
2026-10-08T03:12:23.6168059Z info: default toolchain set to 1.95.0-x86_64-unknown-linux-gnu
2026-10-08T03:12:23.6168384Z 
2026-10-08T03:12:23.6236373Z   1.95.0-x86_64-unknown-linux-gnu unchanged - rustc 1.95.0 (59807616e 2026-04-14)
2026-10-08T03:12:23.6237183Z 
2026-10-08T03:12:23.6254129Z ##[end-action id=__dtolnay_rust-toolchain.__run_5;outcome=success;conclusion=success;duration_ms=32]
2026-10-08T03:12:23.6257393Z ##[start-action display=Create cachekey;id=__dtolnay_rust-toolchain.rustc-version]
2026-10-08T03:12:23.6290377Z ##[group]Run DATE=$(rustc +1.95.0 --version --verbose | sed -ne 's/^commit-date: \(20[0-9][0-9]\)-\([01][0-9]\)-\([0-3][0-9]\)$/\1\2\3/p')
2026-10-08T03:12:23.6291244Z [36;1mDATE=$(rustc +1.95.0 --version --verbose | sed -ne 's/^commit-date: \(20[0-9][0-9]\)-\([01][0-9]\)-\([0-3][0-9]\)$/\1\2\3/p')[0m
2026-10-08T03:12:23.6291912Z [36;1mHASH=$(rustc +1.95.0 --version --verbose | sed -ne 's/^commit-hash: //p')[0m
2026-10-08T03:12:23.6292450Z [36;1mecho "cachekey=$(echo $DATE$HASH | head -c12)" >> $GITHUB_OUTPUT[0m
2026-10-08T03:12:23.6356169Z shell: /usr/bin/bash --noprofile --norc -e -o pipefail {0}
2026-10-08T03:12:23.6356559Z env:
2026-10-08T03:12:23.6356771Z   CARGO_TERM_COLOR: never
2026-10-08T03:12:23.6357036Z   PYTHONDONTWRITEBYTECODE: 1
2026-10-08T03:12:23.6357302Z   CARGO_INCREMENTAL: 0
2026-10-08T03:12:23.6357582Z   CARGO_PROFILE_DEV_DEBUG: 0
2026-10-08T03:12:23.6357846Z   CARGO_PROFILE_TEST_DEBUG: 0
2026-10-08T03:12:23.6358094Z   CARGO_BUILD_JOBS: 2
2026-10-08T03:12:23.6358322Z   RUSTFLAGS: -D warnings
2026-10-08T03:12:23.6358577Z   CARGO_HOME: /home/runner/.cargo
2026-10-08T03:12:23.6358852Z ##[endgroup]
2026-10-08T03:12:23.6721228Z ##[end-action id=__dtolnay_rust-toolchain.rustc-version;outcome=success;conclusion=success;duration_ms=46]
2026-10-08T03:12:23.6724236Z ##[start-action display=Disable incremental compilation;id=__dtolnay_rust-toolchain.__run_6]
2026-10-08T03:12:23.6754805Z ##[group]Run if [ -z "${CARGO_INCREMENTAL+set}" ]; then
2026-10-08T03:12:23.6755229Z [36;1mif [ -z "${CARGO_INCREMENTAL+set}" ]; then[0m
2026-10-08T03:12:23.6755986Z [36;1m  echo CARGO_INCREMENTAL=0 >> $GITHUB_ENV[0m
2026-10-08T03:12:23.6756293Z [36;1mfi[0m
2026-10-08T03:12:23.6822711Z shell: /usr/bin/bash --noprofile --norc -e -o pipefail {0}
2026-10-08T03:12:23.6823084Z env:
2026-10-08T03:12:23.6823298Z   CARGO_TERM_COLOR: never
2026-10-08T03:12:23.6823573Z   PYTHONDONTWRITEBYTECODE: 1
2026-10-08T03:12:23.6823841Z   CARGO_INCREMENTAL: 0
2026-10-08T03:12:23.6824081Z   CARGO_PROFILE_DEV_DEBUG: 0
2026-10-08T03:12:23.6824339Z   CARGO_PROFILE_TEST_DEBUG: 0
2026-10-08T03:12:23.6824590Z   CARGO_BUILD_JOBS: 2
2026-10-08T03:12:23.6824850Z   RUSTFLAGS: -D warnings
2026-10-08T03:12:23.6825100Z   CARGO_HOME: /home/runner/.cargo
2026-10-08T03:12:23.6825647Z ##[endgroup]
2026-10-08T03:12:23.6921266Z ##[end-action id=__dtolnay_rust-toolchain.__run_6;outcome=success;conclusion=success;duration_ms=19]
2026-10-08T03:12:23.6923977Z ##[start-action display=Enable colors in Cargo output;id=__dtolnay_rust-toolchain.__run_7]
2026-10-08T03:12:23.6953897Z ##[group]Run if [ -z "${CARGO_TERM_COLOR+set}" ]; then
2026-10-08T03:12:23.6954302Z [36;1mif [ -z "${CARGO_TERM_COLOR+set}" ]; then[0m
2026-10-08T03:12:23.6954659Z [36;1m  echo CARGO_TERM_COLOR=always >> $GITHUB_ENV[0m
2026-10-08T03:12:23.6954966Z [36;1mfi[0m
2026-10-08T03:12:23.7019610Z shell: /usr/bin/bash --noprofile --norc -e -o pipefail {0}
2026-10-08T03:12:23.7019995Z env:
2026-10-08T03:12:23.7020211Z   CARGO_TERM_COLOR: never
2026-10-08T03:12:23.7020486Z   PYTHONDONTWRITEBYTECODE: 1
2026-10-08T03:12:23.7020753Z   CARGO_INCREMENTAL: 0
2026-10-08T03:12:23.7021179Z   CARGO_PROFILE_DEV_DEBUG: 0
2026-10-08T03:12:23.7021450Z   CARGO_PROFILE_TEST_DEBUG: 0
2026-10-08T03:12:23.7021705Z   CARGO_BUILD_JOBS: 2
2026-10-08T03:12:23.7021938Z   RUSTFLAGS: -D warnings
2026-10-08T03:12:23.7022188Z   CARGO_HOME: /home/runner/.cargo
2026-10-08T03:12:23.7022446Z ##[endgroup]
2026-10-08T03:12:23.7117198Z ##[end-action id=__dtolnay_rust-toolchain.__run_7;outcome=success;conclusion=success;duration_ms=19]
2026-10-08T03:12:23.7119701Z ##[start-action display=Enable Cargo sparse registry;id=__dtolnay_rust-toolchain.__run_8]
2026-10-08T03:12:23.7150467Z ##[group]Run # implemented in 1.66, stabilized in 1.68, made default in 1.70
2026-10-08T03:12:23.7150998Z [36;1m# implemented in 1.66, stabilized in 1.68, made default in 1.70[0m
2026-10-08T03:12:23.7151732Z [36;1mif [ -z "${CARGO_REGISTRIES_CRATES_IO_PROTOCOL+set}" -o -f "/home/runner/work/_temp"/.implicit_cargo_registries_crates_io_protocol ]; then[0m
2026-10-08T03:12:23.7152529Z [36;1m  if rustc +1.95.0 --version --verbose | grep -q '^release: 1\.6[89]\.'; then[0m
2026-10-08T03:12:23.7153167Z [36;1m    touch "/home/runner/work/_temp"/.implicit_cargo_registries_crates_io_protocol || true[0m
2026-10-08T03:12:23.7153736Z [36;1m    echo CARGO_REGISTRIES_CRATES_IO_PROTOCOL=sparse >> $GITHUB_ENV[0m
2026-10-08T03:12:23.7154254Z [36;1m  elif rustc +1.95.0 --version --verbose | grep -q '^release: 1\.6[67]\.'; then[0m
2026-10-08T03:12:23.7154844Z [36;1m    touch "/home/runner/work/_temp"/.implicit_cargo_registries_crates_io_protocol || true[0m
2026-10-08T03:12:23.7155681Z [36;1m    echo CARGO_REGISTRIES_CRATES_IO_PROTOCOL=git >> $GITHUB_ENV[0m
2026-10-08T03:12:23.7156058Z [36;1m  fi[0m
2026-10-08T03:12:23.7156264Z [36;1mfi[0m
2026-10-08T03:12:23.7220720Z shell: /usr/bin/bash --noprofile --norc -e -o pipefail {0}
2026-10-08T03:12:23.7221107Z env:
2026-10-08T03:12:23.7221321Z   CARGO_TERM_COLOR: never
2026-10-08T03:12:23.7221588Z   PYTHONDONTWRITEBYTECODE: 1
2026-10-08T03:12:23.7221862Z   CARGO_INCREMENTAL: 0
2026-10-08T03:12:23.7222112Z   CARGO_PROFILE_DEV_DEBUG: 0
2026-10-08T03:12:23.7222526Z   CARGO_PROFILE_TEST_DEBUG: 0
2026-10-08T03:12:23.7222795Z   CARGO_BUILD_JOBS: 2
2026-10-08T03:12:23.7223031Z   RUSTFLAGS: -D warnings
2026-10-08T03:12:23.7223283Z   CARGO_HOME: /home/runner/.cargo
2026-10-08T03:12:23.7223542Z ##[endgroup]
2026-10-08T03:12:23.7555805Z ##[end-action id=__dtolnay_rust-toolchain.__run_8;outcome=success;conclusion=success;duration_ms=43]
2026-10-08T03:12:23.7558929Z ##[start-action display=Work around spurious network errors in curl 8.0;id=__dtolnay_rust-toolchain.__run_9]
2026-10-08T03:12:23.7590398Z ##[group]Run # https://rust-lang.zulipchat.com/#narrow/stream/246057-t-cargo/topic/timeout.20investigation
2026-10-08T03:12:23.7591211Z [36;1m# https://rust-lang.zulipchat.com/#narrow/stream/246057-t-cargo/topic/timeout.20investigation[0m
2026-10-08T03:12:23.7591848Z [36;1mif rustc +1.95.0 --version --verbose | grep -q '^release: 1\.7[01]\.'; then[0m
2026-10-08T03:12:23.7592340Z [36;1m  echo CARGO_HTTP_MULTIPLEXING=false >> $GITHUB_ENV[0m
2026-10-08T03:12:23.7592698Z [36;1mfi[0m
2026-10-08T03:12:23.7659323Z shell: /usr/bin/bash --noprofile --norc -e -o pipefail {0}
2026-10-08T03:12:23.7659694Z env:
2026-10-08T03:12:23.7659904Z   CARGO_TERM_COLOR: never
2026-10-08T03:12:23.7660174Z   PYTHONDONTWRITEBYTECODE: 1
2026-10-08T03:12:23.7660434Z   CARGO_INCREMENTAL: 0
2026-10-08T03:12:23.7660661Z   CARGO_PROFILE_DEV_DEBUG: 0
2026-10-08T03:12:23.7660905Z   CARGO_PROFILE_TEST_DEBUG: 0
2026-10-08T03:12:23.7661150Z   CARGO_BUILD_JOBS: 2
2026-10-08T03:12:23.7661373Z   RUSTFLAGS: -D warnings
2026-10-08T03:12:23.7661619Z   CARGO_HOME: /home/runner/.cargo
2026-10-08T03:12:23.7661874Z ##[endgroup]
2026-10-08T03:12:23.7877131Z ##[end-action id=__dtolnay_rust-toolchain.__run_9;outcome=success;conclusion=success;duration_ms=31]
2026-10-08T03:12:23.7881963Z ##[start-action display=rustc +1.95.0 --version --verbose;id=__dtolnay_rust-toolchain.__run_10]
2026-10-08T03:12:23.7912968Z ##[group]Run rustc +1.95.0 --version --verbose
2026-10-08T03:12:23.7913589Z [36;1mrustc +1.95.0 --version --verbose[0m
2026-10-08T03:12:23.8002520Z shell: /usr/bin/bash --noprofile --norc -e -o pipefail {0}
2026-10-08T03:12:23.8002924Z env:
2026-10-08T03:12:23.8003141Z   CARGO_TERM_COLOR: never
2026-10-08T03:12:23.8003407Z   PYTHONDONTWRITEBYTECODE: 1
2026-10-08T03:12:23.8003667Z   CARGO_INCREMENTAL: 0
2026-10-08T03:12:23.8003902Z   CARGO_PROFILE_DEV_DEBUG: 0
2026-10-08T03:12:23.8004153Z   CARGO_PROFILE_TEST_DEBUG: 0
2026-10-08T03:12:23.8004398Z   CARGO_BUILD_JOBS: 2
2026-10-08T03:12:23.8004617Z   RUSTFLAGS: -D warnings
2026-10-08T03:12:23.8004865Z   CARGO_HOME: /home/runner/.cargo
2026-10-08T03:12:23.8005119Z ##[endgroup]
2026-10-08T03:12:23.8208541Z rustc 1.95.0 (59807616e 2026-04-14)
2026-10-08T03:12:23.8209881Z binary: rustc
2026-10-08T03:12:23.8210943Z commit-hash: 59807616e1fa2540724bfbac14d7976d7e4a3860
2026-10-08T03:12:23.8212054Z commit-date: 2026-04-14
2026-10-08T03:12:23.8213160Z host: x86_64-unknown-linux-gnu
2026-10-08T03:12:23.8214133Z release: 1.95.0
2026-10-08T03:12:23.8215207Z LLVM version: 22.1.2
2026-10-08T03:12:23.8288022Z ##[end-action id=__dtolnay_rust-toolchain.__run_10;outcome=success;conclusion=success;duration_ms=40]
2026-10-08T03:12:23.8360893Z ##[group]Run set -o pipefail
2026-10-08T03:12:23.8361253Z [36;1mset -o pipefail[0m
2026-10-08T03:12:23.8361537Z [36;1mmkdir -p "$RUNNER_TEMP/p7-offline"[0m
2026-10-08T03:12:23.8362026Z [36;1mpython3 -m unittest discover -s scripts/tests -p test_p7_offline_network.py -v \[0m
2026-10-08T03:12:23.8362588Z [36;1m  2>&1 | tee "$RUNNER_TEMP/p7-offline/network-controls.log"[0m
2026-10-08T03:12:23.8363104Z [36;1mrustc --edition 2021 --test crates/cc-eval/tests/support/p7_procfs.rs \[0m
2026-10-08T03:12:23.8363588Z [36;1m  -o "$RUNNER_TEMP/p7-offline/procfs-controls"[0m
2026-10-08T03:12:23.8363995Z [36;1m"$RUNNER_TEMP/p7-offline/procfs-controls" --nocapture \[0m
2026-10-08T03:12:23.8364420Z [36;1m  2>&1 | tee "$RUNNER_TEMP/p7-offline/procfs-controls.log"[0m
2026-10-08T03:12:23.8430420Z shell: /usr/bin/bash -e {0}
2026-10-08T03:12:23.8430697Z env:
2026-10-08T03:12:23.8430910Z   CARGO_TERM_COLOR: never
2026-10-08T03:12:23.8431173Z   PYTHONDONTWRITEBYTECODE: 1
2026-10-08T03:12:23.8431482Z   CARGO_INCREMENTAL: 0
2026-10-08T03:12:23.8431740Z   CARGO_PROFILE_DEV_DEBUG: 0
2026-10-08T03:12:23.8431987Z   CARGO_PROFILE_TEST_DEBUG: 0
2026-10-08T03:12:23.8432240Z   CARGO_BUILD_JOBS: 2
2026-10-08T03:12:23.8432464Z   RUSTFLAGS: -D warnings
2026-10-08T03:12:23.8432712Z   CARGO_HOME: /home/runner/.cargo
2026-10-08T03:12:23.8432966Z ##[endgroup]
2026-10-08T03:12:24.7938350Z test_actual_ipv4_ipv6_socket_attempts_are_process_fatal (test_p7_offline_network.NetworkGuardTests.test_actual_ipv4_ipv6_socket_attempts_are_process_fatal) ... ok
2026-10-08T03:12:24.9982277Z test_anonymous_unix_stream_ipc_works_under_both_network_policies (test_p7_offline_network.NetworkGuardTests.test_anonymous_unix_stream_ipc_works_under_both_network_policies) ... ok
2026-10-08T03:12:24.9992549Z test_early_sigsys_cannot_pass_without_reaching_the_socket (test_p7_offline_network.NetworkGuardTests.test_early_sigsys_cannot_pass_without_reaching_the_socket) ... ok
2026-10-08T03:12:25.1121449Z test_errno_parent_policy_is_inherited_across_exec (test_p7_offline_network.NetworkGuardTests.test_errno_parent_policy_is_inherited_across_exec) ... ok
2026-10-08T03:12:25.1776439Z test_existing_receipt_is_rejected_without_overwrite (test_p7_offline_network.NetworkGuardTests.test_existing_receipt_is_rejected_without_overwrite) ... ok
2026-10-08T03:12:26.1664150Z test_external_pair_addressable_unix_socket_and_connect_are_still_fatal (test_p7_offline_network.NetworkGuardTests.test_external_pair_addressable_unix_socket_and_connect_are_still_fatal) ... ok
2026-10-08T03:12:26.2518772Z test_kill_policy_runs_a_non_network_command_with_distinct_identity (test_p7_offline_network.NetworkGuardTests.test_kill_policy_runs_a_non_network_command_with_distinct_identity) ... ok
2026-10-08T03:12:26.2536322Z test_normal_exit_cannot_pass_the_kill_positive_control (test_p7_offline_network.NetworkGuardTests.test_normal_exit_cannot_pass_the_kill_positive_control) ... ok
2026-10-08T03:12:26.2565780Z 
2026-10-08T03:12:26.2606287Z ----------------------------------------------------------------------
2026-10-08T03:12:26.2646151Z Ran 8 tests in 1.867s
2026-10-08T03:12:26.2675695Z 
2026-10-08T03:12:26.2707947Z OK
2026-10-08T03:12:26.6416154Z 
2026-10-08T03:12:26.6422925Z running 7 tests
2026-10-08T03:12:26.6447395Z test tests::missing_proc_or_child_is_not_an_isolation_pass ... ok
2026-10-08T03:12:26.6453714Z test tests::namespace_child_resolves_to_host_proc_pid ... ok
2026-10-08T03:12:26.6454710Z test tests::same_namespace_proc_mount_is_supported ... ok
2026-10-08T03:12:26.6455978Z test tests::unrelated_numeric_pid_cannot_supply_security_evidence ... ok
2026-10-08T03:12:26.6457046Z test tests::wrong_observer_and_ambiguous_child_are_rejected ... ok
2026-10-08T03:12:26.6496229Z test tests::wrong_namespace_or_parent_is_rejected ... ok
2026-10-08T03:12:26.6703344Z P7_PROC_CHILD_IDENTITY {"NSpid": "2621", "NoNewPrivs": "0", "ObserverProcPid": "2617", "PidNamespace": "pid:[4026531836]", "ProcPid": "2621", "RequestedPid": "2621", "Seccomp": "0", "Seccomp_filters": "0", "identity": "same_pid_namespace_and_direct_parent"}
2026-10-08T03:12:26.6711113Z test tests::actual_sleep_child_has_bound_proc_identity ... ok
2026-10-08T03:12:26.6711709Z 
2026-10-08T03:12:26.6712139Z test result: ok. 7 passed; 0 failed; 0 ignored; 0 measured; 0 filtered out; finished in 0.03s
2026-10-08T03:12:26.6712697Z 
2026-10-08T03:12:26.6762028Z ##[group]Run sudo apt-get update -qq
2026-10-08T03:12:26.6762571Z [36;1msudo apt-get update -qq[0m
2026-10-08T03:12:26.6763012Z [36;1msudo apt-get install -y strace[0m
2026-10-08T03:12:26.6763792Z [36;1mpython3 scripts/p7_offline_trace.py controls --output "$RUNNER_TEMP/p7-offline/trace-controls"[0m
2026-10-08T03:12:26.6849166Z shell: /usr/bin/bash -e {0}
2026-10-08T03:12:26.6849579Z env:
2026-10-08T03:12:26.6849873Z   CARGO_TERM_COLOR: never
2026-10-08T03:12:26.6850263Z   PYTHONDONTWRITEBYTECODE: 1
2026-10-08T03:12:26.6850673Z   CARGO_INCREMENTAL: 0
2026-10-08T03:12:26.6851008Z   CARGO_PROFILE_DEV_DEBUG: 0
2026-10-08T03:12:26.6851346Z   CARGO_PROFILE_TEST_DEBUG: 0
2026-10-08T03:12:26.6851697Z   CARGO_BUILD_JOBS: 2
2026-10-08T03:12:26.6852021Z   RUSTFLAGS: -D warnings
2026-10-08T03:12:26.6852362Z   CARGO_HOME: /home/runner/.cargo
2026-10-08T03:12:26.6852741Z ##[endgroup]
2026-10-08T03:12:32.8444524Z Reading package lists...
2026-10-08T03:12:33.1751491Z Building dependency tree...
2026-10-08T03:12:33.1776200Z Reading state information...
2026-10-08T03:12:33.5520905Z strace is already the newest version (6.8-0ubuntu2).
2026-10-08T03:12:33.5521550Z strace set to manually installed.
2026-10-08T03:12:33.5522130Z 0 upgraded, 0 newly installed, 0 to remove and 17 not upgraded.
2026-10-08T03:12:34.3706835Z {"status": "passed", "output": "/home/runner/work/_temp/p7-offline/trace-controls"}
2026-10-08T03:12:34.3847116Z ##[group]Run python3 scripts/p7_stdio_build_receipt.py --package-kind 'semantic' \
2026-10-08T03:12:34.3848294Z [36;1mpython3 scripts/p7_stdio_build_receipt.py --package-kind 'semantic' \[0m
2026-10-08T03:12:34.3848985Z [36;1m  --output-dir "$RUNNER_TEMP/p7-offline/product" \[0m
2026-10-08T03:12:34.3849443Z [36;1m  > "$RUNNER_TEMP/p7-offline/product-build-summary.json"[0m
2026-10-08T03:12:34.3910669Z shell: /usr/bin/bash -e {0}
2026-10-08T03:12:34.3910932Z env:
2026-10-08T03:12:34.3911135Z   CARGO_TERM_COLOR: never
2026-10-08T03:12:34.3911392Z   PYTHONDONTWRITEBYTECODE: 1
2026-10-08T03:12:34.3911654Z   CARGO_INCREMENTAL: 0
2026-10-08T03:12:34.3911883Z   CARGO_PROFILE_DEV_DEBUG: 0
2026-10-08T03:12:34.3912138Z   CARGO_PROFILE_TEST_DEBUG: 0
2026-10-08T03:12:34.3912397Z   CARGO_BUILD_JOBS: 2
2026-10-08T03:12:34.3912627Z   RUSTFLAGS: -D warnings
2026-10-08T03:12:34.3912877Z   CARGO_HOME: /home/runner/.cargo
2026-10-08T03:12:34.3913140Z ##[endgroup]
2026-10-08T03:13:42.2070720Z ##[group]Run python3 - <<'PY'
2026-10-08T03:13:42.2071299Z [36;1mpython3 - <<'PY'[0m
2026-10-08T03:13:42.2071987Z [36;1mimport os, pathlib, sys[0m
2026-10-08T03:13:42.2072483Z [36;1msys.path.insert(0, 'scripts')[0m
2026-10-08T03:13:42.2073117Z [36;1mfrom p7_build_identity import json_bytes, source_snapshot[0m
2026-10-08T03:13:42.2073913Z [36;1mout = pathlib.Path(os.environ['RUNNER_TEMP']) / 'p7-offline'[0m
2026-10-08T03:13:42.2074969Z [36;1m(out / 'runner-source-before.json').write_bytes(json_bytes(source_snapshot(pathlib.Path.cwd())))[0m
2026-10-08T03:13:42.2076097Z [36;1mPY[0m
2026-10-08T03:13:42.2076647Z [36;1mcargo test -p cc-eval --test benchmark_adapters --locked --no-run \[0m
2026-10-08T03:13:42.2077425Z [36;1m  --message-format=json-render-diagnostics \[0m
2026-10-08T03:13:42.2077874Z [36;1m  > "$RUNNER_TEMP/p7-offline/runner-build.jsonl" \[0m
2026-10-08T03:13:42.2078279Z [36;1m  2> "$RUNNER_TEMP/p7-offline/runner-build.stderr.log"[0m
2026-10-08T03:13:42.2078663Z [36;1mpython3 - <<'PY'[0m
2026-10-08T03:13:42.2078936Z [36;1mimport hashlib, json, os, pathlib, sys[0m
2026-10-08T03:13:42.2079271Z [36;1msys.path.insert(0, 'scripts')[0m
2026-10-08T03:13:42.2079636Z [36;1mfrom p7_build_identity import json_bytes, source_snapshot[0m
2026-10-08T03:13:42.2080082Z [36;1mout = pathlib.Path(os.environ['RUNNER_TEMP']) / 'p7-offline'[0m
2026-10-08T03:13:42.2080565Z [36;1mbefore = json.loads((out / 'runner-source-before.json').read_text())[0m
2026-10-08T03:13:42.2081010Z [36;1mafter = source_snapshot(pathlib.Path.cwd())[0m
2026-10-08T03:13:42.2081426Z [36;1massert before == after, 'runner source changed during compilation'[0m
2026-10-08T03:13:42.2081955Z [36;1m(out / 'runner-source-inputs.json').write_bytes(json_bytes(before['inputs']))[0m
2026-10-08T03:13:42.2082552Z [36;1mrows = [json.loads(line) for line in (out / 'runner-build.jsonl').read_text().splitlines()][0m
2026-10-08T03:13:42.2083121Z [36;1martifacts = [x for x in rows if x.get('reason') == 'compiler-artifact'[0m
2026-10-08T03:13:42.2083598Z [36;1m             and x.get('target', {}).get('name') == 'benchmark_adapters'[0m
2026-10-08T03:13:42.2083989Z [36;1m             and x.get('executable')][0m
2026-10-08T03:13:42.2084301Z [36;1massert len(artifacts) == 1, artifacts[0m
2026-10-08T03:13:42.2084648Z [36;1mbinary = pathlib.Path(artifacts[0]['executable'])[0m
2026-10-08T03:13:42.2085013Z [36;1mreceipt = {'cargo_artifact': artifacts[0],[0m
2026-10-08T03:13:42.2085698Z [36;1m           'sha256': hashlib.sha256(binary.read_bytes()).hexdigest(),[0m
2026-10-08T03:13:42.2086172Z [36;1m           'source_before': {k:v for k,v in before.items() if k != 'inputs'},[0m
2026-10-08T03:13:42.2086646Z [36;1m           'source_after': {k:v for k,v in after.items() if k != 'inputs'}}[0m
2026-10-08T03:13:42.2087163Z [36;1m(out / 'runner-identity.json').write_text(json.dumps(receipt, indent=2) + '\n')[0m
2026-10-08T03:13:42.2087631Z [36;1mwith open(os.environ['GITHUB_ENV'], 'a') as env:[0m
2026-10-08T03:13:42.2088019Z [36;1m    env.write('P7_OFFLINE_RUNNER=' + str(binary) + '\n')[0m
2026-10-08T03:13:42.2088345Z [36;1mPY[0m
2026-10-08T03:13:42.2148093Z shell: /usr/bin/bash -e {0}
2026-10-08T03:13:42.2148350Z env:
2026-10-08T03:13:42.2148558Z   CARGO_TERM_COLOR: never
2026-10-08T03:13:42.2148823Z   PYTHONDONTWRITEBYTECODE: 1
2026-10-08T03:13:42.2149078Z   CARGO_INCREMENTAL: 0
2026-10-08T03:13:42.2149306Z   CARGO_PROFILE_DEV_DEBUG: 0
2026-10-08T03:13:42.2149544Z   CARGO_PROFILE_TEST_DEBUG: 0
2026-10-08T03:13:42.2149786Z   CARGO_BUILD_JOBS: 2
2026-10-08T03:13:42.2150008Z   RUSTFLAGS: -D warnings
2026-10-08T03:13:42.2150247Z   CARGO_HOME: /home/runner/.cargo
2026-10-08T03:13:42.2150601Z   CARGO_TARGET_DIR: /home/runner/work/_temp/p7-offline-runner-target
2026-10-08T03:13:42.2150965Z ##[endgroup]
2026-10-08T03:14:52.0114100Z ##[group]Run set -o pipefail
2026-10-08T03:14:52.0114431Z [36;1mset -o pipefail[0m
2026-10-08T03:14:52.0114822Z [36;1mpython3 scripts/p7_offline_trace.py run --package-kind 'semantic' \[0m
2026-10-08T03:14:52.0115644Z [36;1m  --product "$RUNNER_TEMP/p7-offline/product/codecortex" \[0m
2026-10-08T03:14:52.0116375Z [36;1m  --build-receipt "$RUNNER_TEMP/p7-offline/product/build-receipt.json" \[0m
2026-10-08T03:14:52.0117018Z [36;1m  --runner "$P7_OFFLINE_RUNNER" --runner-receipt "$RUNNER_TEMP/p7-offline/runner-identity.json" \[0m
2026-10-08T03:14:52.0117583Z [36;1m  --output "$RUNNER_TEMP/p7-offline/trace-matrix" \[0m
2026-10-08T03:14:52.0117986Z [36;1m  2>&1 | tee "$RUNNER_TEMP/p7-offline/product-matrix.log"[0m
2026-10-08T03:14:52.0176938Z shell: /usr/bin/bash -e {0}
2026-10-08T03:14:52.0177195Z env:
2026-10-08T03:14:52.0177398Z   CARGO_TERM_COLOR: never
2026-10-08T03:14:52.0177665Z   PYTHONDONTWRITEBYTECODE: 1
2026-10-08T03:14:52.0177919Z   CARGO_INCREMENTAL: 0
2026-10-08T03:14:52.0178171Z   CARGO_PROFILE_DEV_DEBUG: 0
2026-10-08T03:14:52.0178423Z   CARGO_PROFILE_TEST_DEBUG: 0
2026-10-08T03:14:52.0178673Z   CARGO_BUILD_JOBS: 2
2026-10-08T03:14:52.0178895Z   RUSTFLAGS: -D warnings
2026-10-08T03:14:52.0179132Z   CARGO_HOME: /home/runner/.cargo
2026-10-08T03:14:52.0179675Z   P7_OFFLINE_RUNNER: /home/runner/work/_temp/p7-offline-runner-target/debug/deps/benchmark_adapters-8387a61e821cae35
2026-10-08T03:14:52.0180358Z   CODECORTEX_BENCH_BINARY: /home/runner/work/_temp/p7-offline/product/codecortex
2026-10-08T03:14:52.0180774Z   P7_017_PACKAGE_KIND: semantic
2026-10-08T03:14:52.0181170Z   P7_017_BUILD_RECEIPT: /home/runner/work/_temp/p7-offline/product/build-receipt.json
2026-10-08T03:14:52.0181759Z   CODECORTEX_BENCH_OBSERVATIONS: /home/runner/work/_temp/p7-offline/observations.jsonl
2026-10-08T03:14:52.0182190Z ##[endgroup]
2026-10-08T03:14:55.0166081Z {"schema_version": 1, "status": "failed", "error": "traced process failed or trace unavailable: 101", "network_socket_attempts": null}
2026-10-08T03:14:55.0253835Z ##[error]Process completed with exit code 1.
2026-10-08T03:14:55.0328636Z ##[group]Run python3 -B - <<'PY'
2026-10-08T03:14:55.0329028Z [36;1mpython3 -B - <<'PY'[0m
2026-10-08T03:14:55.0329287Z [36;1mimport json, os, re[0m
2026-10-08T03:14:55.0329547Z [36;1mfrom pathlib import Path[0m
2026-10-08T03:14:55.0329911Z [36;1mroot = Path(os.environ['RUNNER_TEMP']) / 'p7-offline'[0m
2026-10-08T03:14:55.0330257Z [36;1mbudget = 65536[0m
2026-10-08T03:14:55.0330494Z [36;1mdef emit(record):[0m
2026-10-08T03:14:55.0330732Z [36;1m    global budget[0m
2026-10-08T03:14:55.0331033Z [36;1m    line = json.dumps(record, ensure_ascii=True)[0m
2026-10-08T03:14:55.0331379Z [36;1m    size = len(line.encode()) + 1[0m
2026-10-08T03:14:55.0331657Z [36;1m    if size > budget:[0m
2026-10-08T03:14:55.0331901Z [36;1m        return False[0m
2026-10-08T03:14:55.0332138Z [36;1m    print(line)[0m
2026-10-08T03:14:55.0332369Z [36;1m    budget -= size[0m
2026-10-08T03:14:55.0332602Z [36;1m    return True[0m
2026-10-08T03:14:55.0332969Z [36;1memit({'diagnostic_only': True, 'network_socket_attempts': None,[0m
2026-10-08T03:14:55.0333549Z [36;1m      'scope': 'bounded failure readback; full verifier and raw artifacts remain authoritative'})[0m
2026-10-08T03:14:55.0334666Z [36;1mnetwork = re.compile(r'^(?:<\.\.\. )?(?:socket(?:pair|call)?|connect|bind|listen|accept4?|send(?:to|msg|mmsg)?|recv(?:from|msg|mmsg|mmsg_time64)?|getsockname|getpeername|setsockopt|getsockopt|shutdown|io_uring_(?:setup|enter|register))\b')[0m
2026-10-08T03:14:55.0335900Z [36;1mquoted = re.compile(r'"(?:[^"\\]|\\.)*"')[0m
2026-10-08T03:14:55.0336196Z [36;1mseen = 0[0m
2026-10-08T03:14:55.0336510Z [36;1mfor directory, dirs, names in os.walk(root, followlinks=False):[0m
2026-10-08T03:14:55.0336955Z [36;1m    dirs[:] = sorted(name for name in dirs if name not in {[0m
2026-10-08T03:14:55.0337480Z [36;1m        'cargo-target', 'candidate', 'archives', 'prepared-corpus', 'prepared-inputs', 'builds'[0m
2026-10-08T03:14:55.0338002Z [36;1m    } and not (Path(directory) / name).is_symlink())[0m
2026-10-08T03:14:55.0338343Z [36;1m    for name in sorted(names):[0m
2026-10-08T03:14:55.0338640Z [36;1m        path = Path(directory) / name[0m
2026-10-08T03:14:55.0338980Z [36;1m        if path.is_symlink() or not path.is_file():[0m
2026-10-08T03:14:55.0339477Z [36;1m            continue[0m
2026-10-08T03:14:55.0339759Z [36;1m        relative = str(path.relative_to(root))[0m
2026-10-08T03:14:55.0340087Z [36;1m        if seen >= 512 or budget < 512:[0m
2026-10-08T03:14:55.0340524Z [36;1m            print(json.dumps({'diagnostic_truncated': True, 'files_inspected': seen}))[0m
2026-10-08T03:14:55.0340960Z [36;1m            raise SystemExit(0)[0m
2026-10-08T03:14:55.0341437Z [36;1m        if not (name.endswith('.json') or name == 'stderr.log' or re.fullmatch(r'syscalls\.\d+', name)):[0m
2026-10-08T03:14:55.0341922Z [36;1m            continue[0m
2026-10-08T03:14:55.0342156Z [36;1m        seen += 1[0m
2026-10-08T03:14:55.0342379Z [36;1m        try:[0m
2026-10-08T03:14:55.0342702Z [36;1m            if name.endswith('.json') and path.stat().st_size <= 262144:[0m
2026-10-08T03:14:55.0343115Z [36;1m                value = json.loads(path.read_text())[0m
2026-10-08T03:14:55.0343641Z [36;1m                if isinstance(value, dict) and value.get('action') in ('errno', 'kill') and 'before' in value:[0m
2026-10-08T03:14:55.0344257Z [36;1m                    keys = ('action', 'result', 'before', 'after', 'socket_fds_before_exec',[0m
2026-10-08T03:14:55.0344829Z [36;1m                            'closed_socket_fds', 'ipv4', 'ipv6', 'local_ipc_policy', 'exec_sha256', 'error')[0m
2026-10-08T03:14:55.0345663Z [36;1m                    emit({'file': relative, 'guard': {key: value[key] for key in keys if key in value}})[0m
2026-10-08T03:14:55.0346216Z [36;1m                elif name == 'failure.json' and isinstance(value, dict):[0m
2026-10-08T03:14:55.0346723Z [36;1m                    emit({'file': relative, 'failure': {key: value.get(key) for key in[0m
2026-10-08T03:14:55.0347360Z [36;1m                          ('status', 'error', 'network_socket_attempts')}})[0m
2026-10-08T03:14:55.0347741Z [36;1m            elif name == 'stderr.log':[0m
2026-10-08T03:14:55.0348062Z [36;1m                with path.open('rb') as stream:[0m
2026-10-08T03:14:55.0348439Z [36;1m                    stream.seek(max(0, path.stat().st_size - 8192))[0m
2026-10-08T03:14:55.0348864Z [36;1m                    tail = stream.read(8192).decode('utf-8', 'replace')[0m
2026-10-08T03:14:55.0349219Z [36;1m                if tail:[0m
2026-10-08T03:14:55.0349580Z [36;1m                    emit({'file': relative, 'stderr_tail': tail, 'tail_only': True})[0m
2026-10-08T03:14:55.0350020Z [36;1m            elif re.fullmatch(r'syscalls\.\d+', name):[0m
2026-10-08T03:14:55.0350394Z [36;1m                with path.open('rb') as stream:[0m
2026-10-08T03:14:55.0350742Z [36;1m                    data = stream.read(2 * 1024 * 1024 + 1)[0m
2026-10-08T03:14:55.0351237Z [36;1m                for line in data[:2 * 1024 * 1024].decode('utf-8', 'replace').splitlines():[0m
2026-10-08T03:14:55.0351798Z [36;1m                    if network.match(line) or line.startswith('+++ ') or 'SIGSYS' in line:[0m
2026-10-08T03:14:55.0352394Z [36;1m                        emit({'file': relative, 'trace_diagnostic': quoted.sub('"<quoted>"', line)[:4096]})[0m
2026-10-08T03:14:55.0352878Z [36;1m                if len(data) > 2 * 1024 * 1024:[0m
2026-10-08T03:14:55.0353274Z [36;1m                    emit({'file': relative, 'diagnostic_prefix_truncated': True})[0m
2026-10-08T03:14:55.0353693Z [36;1m        except (OSError, ValueError) as error:[0m
2026-10-08T03:14:55.0354100Z [36;1m            emit({'file': relative, 'diagnostic_read_error': str(error)[:512]})[0m
2026-10-08T03:14:55.0354479Z [36;1mPY[0m
2026-10-08T03:14:55.0413052Z shell: /usr/bin/bash --noprofile --norc -e -o pipefail {0}
2026-10-08T03:14:55.0413406Z env:
2026-10-08T03:14:55.0413607Z   CARGO_TERM_COLOR: never
2026-10-08T03:14:55.0413866Z   PYTHONDONTWRITEBYTECODE: 1
2026-10-08T03:14:55.0414124Z   CARGO_INCREMENTAL: 0
2026-10-08T03:14:55.0414358Z   CARGO_PROFILE_DEV_DEBUG: 0
2026-10-08T03:14:55.0414621Z   CARGO_PROFILE_TEST_DEBUG: 0
2026-10-08T03:14:55.0414868Z   CARGO_BUILD_JOBS: 2
2026-10-08T03:14:55.0415090Z   RUSTFLAGS: -D warnings
2026-10-08T03:14:55.0415690Z   CARGO_HOME: /home/runner/.cargo
2026-10-08T03:14:55.0416226Z   P7_OFFLINE_RUNNER: /home/runner/work/_temp/p7-offline-runner-target/debug/deps/benchmark_adapters-8387a61e821cae35
2026-10-08T03:14:55.0416760Z ##[endgroup]
2026-10-08T03:14:55.0793763Z {"diagnostic_only": true, "network_socket_attempts": null, "scope": "bounded failure readback; full verifier and raw artifacts remain authoritative"}
2026-10-08T03:14:55.0796936Z {"file": "trace-controls/child-socket-parent-zero.json", "guard": {"action": "kill", "result": "filter_loaded_before_exec", "before": {"Pid": "3371", "PPid": "3368", "NSpid": "3371", "NoNewPrivs": "0", "Seccomp": "0", "Seccomp_filters": "0"}, "after": {"Pid": "3371", "PPid": "3368", "NSpid": "3371", "NoNewPrivs": "1", "Seccomp": "2", "Seccomp_filters": "1"}, "socket_fds_before_exec": [], "closed_socket_fds": [], "local_ipc_policy": {"syscall": "socketpair", "family": "AF_UNIX", "protocol": 0, "scope": "anonymous local IPC only; no socket/bind/connect exception"}, "exec_sha256": "e50d468e8b0adfb05733f5b87b3cff34829c4a8c1aea50c865aa8bdfe4bb150f"}}
2026-10-08T03:14:55.0801343Z {"file": "trace-controls/clean-child.json", "guard": {"action": "kill", "result": "filter_loaded_before_exec", "before": {"Pid": "3340", "PPid": "3337", "NSpid": "3340", "NoNewPrivs": "0", "Seccomp": "0", "Seccomp_filters": "0"}, "after": {"Pid": "3340", "PPid": "3337", "NSpid": "3340", "NoNewPrivs": "1", "Seccomp": "2", "Seccomp_filters": "1"}, "socket_fds_before_exec": [], "closed_socket_fds": [], "local_ipc_policy": {"syscall": "socketpair", "family": "AF_UNIX", "protocol": 0, "scope": "anonymous local IPC only; no socket/bind/connect exception"}, "exec_sha256": "e50d468e8b0adfb05733f5b87b3cff34829c4a8c1aea50c865aa8bdfe4bb150f"}}
2026-10-08T03:14:55.0804206Z {"file": "trace-controls/child-socket-parent-zero/syscalls.3371", "trace_diagnostic": "execve(\"<quoted>\", [\"<quoted>\", \"<quoted>\", \"<quoted>\", \"<quoted>\", \"<quoted>\", \"<quoted>\", \"<quoted>\", \"<quoted>\", \"<quoted>\", \"<quoted>\"], 0x7ffe57f53228 /* 122 vars */) = 0"}
2026-10-08T03:14:55.0805749Z {"file": "trace-controls/child-socket-parent-zero/syscalls.3371", "trace_diagnostic": "execve(\"<quoted>\", [\"<quoted>\", \"<quoted>\", \"<quoted>\"], 0x1ea07a50 /* 122 vars */) = 0"}
2026-10-08T03:14:55.0806901Z {"file": "trace-controls/child-socket-parent-zero/syscalls.3371", "trace_diagnostic": "wait4(3373, [{WIFSIGNALED(s) && WTERMSIG(s) == SIGSYS && WCOREDUMP(s)}], 0, NULL) = 3373"}
2026-10-08T03:14:55.0808163Z {"file": "trace-controls/child-socket-parent-zero/syscalls.3371", "trace_diagnostic": "--- SIGCHLD {si_signo=SIGCHLD, si_code=CLD_DUMPED, si_pid=3373, si_uid=1001, si_status=SIGSYS, si_utime=0, si_stime=0} ---"}
2026-10-08T03:14:55.0809223Z {"file": "trace-controls/child-socket-parent-zero/syscalls.3371", "trace_diagnostic": "+++ exited with 0 +++"}
2026-10-08T03:14:55.0809962Z {"file": "trace-controls/child-socket-parent-zero/syscalls.3372", "trace_diagnostic": "+++ exited with 0 +++"}
2026-10-08T03:14:55.0810832Z {"file": "trace-controls/child-socket-parent-zero/syscalls.3373", "trace_diagnostic": "socket(AF_INET, SOCK_STREAM|SOCK_CLOEXEC, IPPROTO_IP) = 41"}
2026-10-08T03:14:55.0811749Z {"file": "trace-controls/child-socket-parent-zero/syscalls.3373", "trace_diagnostic": "+++ killed by SIGSYS (core dumped) +++"}
2026-10-08T03:14:55.0812509Z {"file": "trace-controls/clean-child/syscalls.3340", "trace_diagnostic": "+++ exited with 0 +++"}
2026-10-08T03:14:55.0813156Z {"file": "trace-controls/clean-child/syscalls.3359", "trace_diagnostic": "+++ exited with 0 +++"}
2026-10-08T03:14:55.0813877Z {"file": "trace-controls/clean-child/syscalls.3366", "trace_diagnostic": "socketpair(AF_UNIX, SOCK_STREAM, 0, [3, 4]) = 0"}
2026-10-08T03:14:55.0814599Z {"file": "trace-controls/clean-child/syscalls.3366", "trace_diagnostic": "+++ exited with 0 +++"}
2026-10-08T03:14:55.0815563Z {"file": "trace-matrix/failure.json", "failure": {"status": "failed", "error": "traced process failed or trace unavailable: 101", "network_socket_attempts": null}}
2026-10-08T03:14:55.0818418Z {"file": "trace-matrix/parent-policy.json", "guard": {"action": "errno", "result": "filter_loaded_before_exec", "before": {"Pid": "10767", "PPid": "10764", "NSpid": "10767", "NoNewPrivs": "0", "Seccomp": "0", "Seccomp_filters": "0"}, "after": {"Pid": "10767", "PPid": "10764", "NSpid": "10767", "NoNewPrivs": "1", "Seccomp": "2", "Seccomp_filters": "1"}, "socket_fds_before_exec": [], "closed_socket_fds": [], "ipv4": {"blocked": true, "errno": 1}, "ipv6": {"blocked": true, "errno": 1}, "local_ipc_policy": {"syscall": "socketpair", "family": "AF_UNIX", "protocol": 0, "scope": "anonymous local IPC only; no socket/bind/connect exception"}, "exec_sha256": "35cd4d3c57d37c05cf0ac39c428279903359c48954fc04721bcccde0c4d8f909"}}
2026-10-08T03:14:55.0822123Z {"file": "trace-matrix/trace/stderr.log", "stderr_tail": "\nthread 'p7_offline::real_stdio_default_disabled_semantic_contract' (10769) panicked at /rustc/59807616e1fa2540724bfbac14d7976d7e4a3860/library/std/src/sys/process/unix/unix.rs:155:21:\nthe CLOEXEC pipe failed: Os { code: 1, kind: PermissionDenied, message: \"Operation not permitted\" }\nnote: run with `RUST_BACKTRACE=1` environment variable to display a backtrace\n", "tail_only": true}
2026-10-08T03:14:55.0824131Z {"file": "trace-matrix/trace/syscalls.10767", "trace_diagnostic": "socket(AF_INET, SOCK_STREAM|SOCK_CLOEXEC, IPPROTO_IP) = -1 EPERM (Operation not permitted)"}
2026-10-08T03:14:55.0825175Z {"file": "trace-matrix/trace/syscalls.10767", "trace_diagnostic": "socket(AF_INET6, SOCK_STREAM|SOCK_CLOEXEC, IPPROTO_IP) = -1 EPERM (Operation not permitted)"}
2026-10-08T03:14:55.0826114Z {"file": "trace-matrix/trace/syscalls.10767", "trace_diagnostic": "+++ exited with 101 +++"}
2026-10-08T03:14:55.0826834Z {"file": "trace-matrix/trace/syscalls.10768", "trace_diagnostic": "+++ exited with 0 +++"}
2026-10-08T03:14:55.0827591Z {"file": "trace-matrix/trace/syscalls.10769", "trace_diagnostic": "socketpair(AF_UNIX, SOCK_STREAM|SOCK_CLOEXEC|SOCK_NONBLOCK, 0, [6, 7]) = 0"}
2026-10-08T03:14:55.0828571Z {"file": "trace-matrix/trace/syscalls.10769", "trace_diagnostic": "socket(AF_INET, SOCK_STREAM|SOCK_CLOEXEC, IPPROTO_IP) = -1 EPERM (Operation not permitted)"}
2026-10-08T03:14:55.0829599Z {"file": "trace-matrix/trace/syscalls.10769", "trace_diagnostic": "socket(AF_INET6, SOCK_STREAM|SOCK_CLOEXEC, IPPROTO_IP) = -1 EPERM (Operation not permitted)"}
2026-10-08T03:14:55.0830566Z {"file": "trace-matrix/trace/syscalls.10769", "trace_diagnostic": "socketpair(AF_UNIX, SOCK_SEQPACKET|SOCK_CLOEXEC, 0, [14, 15]) = 0"}
2026-10-08T03:14:55.0831478Z {"file": "trace-matrix/trace/syscalls.10769", "trace_diagnostic": "recvfrom(14, 0x7f499ffb98b8, 8, 0, NULL, NULL) = -1 EPERM (Operation not permitted)"}
2026-10-08T03:14:55.0832255Z {"file": "trace-matrix/trace/syscalls.10769", "trace_diagnostic": "+++ exited with 0 +++"}
2026-10-08T03:14:55.0833078Z {"file": "trace-matrix/trace/syscalls.10770", "trace_diagnostic": "socket(AF_UNIX, SOCK_STREAM|SOCK_CLOEXEC|SOCK_NONBLOCK, 0) = -1 EPERM (Operation not permitted)"}
2026-10-08T03:14:55.0834128Z {"file": "trace-matrix/trace/syscalls.10770", "trace_diagnostic": "socket(AF_UNIX, SOCK_STREAM|SOCK_CLOEXEC|SOCK_NONBLOCK, 0) = -1 EPERM (Operation not permitted)"}
2026-10-08T03:14:55.0835644Z {"file": "trace-matrix/trace/syscalls.10770", "trace_diagnostic": "--- SIGCHLD {si_signo=SIGCHLD, si_code=CLD_DUMPED, si_pid=10771, si_uid=1001, si_status=SIGSYS, si_utime=5 /* 0.05 s */, si_stime=3 /* 0.03 s */} ---"}
2026-10-08T03:14:55.0837174Z {"file": "trace-matrix/trace/syscalls.10770", "trace_diagnostic": "wait4(10771, [{WIFSIGNALED(s) && WTERMSIG(s) == SIGSYS && WCOREDUMP(s)}], WNOHANG, NULL) = 10771"}
2026-10-08T03:14:55.0838561Z {"file": "trace-matrix/trace/syscalls.10770", "trace_diagnostic": "+++ exited with 1 +++"}
2026-10-08T03:14:55.0839914Z {"file": "trace-matrix/trace/syscalls.10771", "trace_diagnostic": "socket(AF_UNIX, SOCK_STREAM|SOCK_CLOEXEC|SOCK_NONBLOCK, 0) = -1 EPERM (Operation not permitted)"}
2026-10-08T03:14:55.0841590Z {"file": "trace-matrix/trace/syscalls.10771", "trace_diagnostic": "socket(AF_UNIX, SOCK_STREAM|SOCK_CLOEXEC|SOCK_NONBLOCK, 0) = -1 EPERM (Operation not permitted)"}
2026-10-08T03:14:55.0843421Z {"file": "trace-matrix/trace/syscalls.10771", "trace_diagnostic": "socket(AF_UNIX, SOCK_STREAM|SOCK_CLOEXEC|SOCK_NONBLOCK, 0) = 41"}
2026-10-08T03:14:55.0844737Z {"file": "trace-matrix/trace/syscalls.10771", "trace_diagnostic": "+++ killed by SIGSYS (core dumped) +++"}
2026-10-08T03:14:55.0846132Z {"file": "trace-matrix/trace/syscalls.10772", "trace_diagnostic": "+++ exited with 0 +++"}
2026-10-08T03:14:55.0914462Z ##[group]Run actions/upload-artifact@v4
2026-10-08T03:14:55.0914770Z with:
2026-10-08T03:14:55.0915084Z   name: p7-offline-semantic-2313b808d3ca95ae9917f72f6898dfd81dbae2c8
2026-10-08T03:14:55.0916026Z   path: /home/runner/work/_temp/p7-offline
!/home/runner/work/_temp/p7-offline/product/cargo-target

2026-10-08T03:14:55.0916532Z   include-hidden-files: true
2026-10-08T03:14:55.0916792Z   if-no-files-found: error
2026-10-08T03:14:55.0917044Z   compression-level: 6
2026-10-08T03:14:55.0917260Z   overwrite: false
2026-10-08T03:14:55.0917456Z env:
2026-10-08T03:14:55.0917640Z   CARGO_TERM_COLOR: never
2026-10-08T03:14:55.0917881Z   PYTHONDONTWRITEBYTECODE: 1
2026-10-08T03:14:55.0918121Z   CARGO_INCREMENTAL: 0
2026-10-08T03:14:55.0918337Z   CARGO_PROFILE_DEV_DEBUG: 0
2026-10-08T03:14:55.0918571Z   CARGO_PROFILE_TEST_DEBUG: 0
2026-10-08T03:14:55.0918803Z   CARGO_BUILD_JOBS: 2
2026-10-08T03:14:55.0919019Z   RUSTFLAGS: -D warnings
2026-10-08T03:14:55.0919285Z   CARGO_HOME: /home/runner/.cargo
2026-10-08T03:14:55.0919809Z   P7_OFFLINE_RUNNER: /home/runner/work/_temp/p7-offline-runner-target/debug/deps/benchmark_adapters-8387a61e821cae35
2026-10-08T03:14:55.0920341Z ##[endgroup]
2026-10-08T03:14:55.2564500Z (node:10788) [DEP0040] DeprecationWarning: The `punycode` module is deprecated. Please use a userland alternative instead.
2026-10-08T03:14:55.2565673Z (Use `node --trace-deprecation ...` to show where the warning was created)
2026-10-08T03:14:55.4796790Z With the provided path, there will be 41 files uploaded
2026-10-08T03:14:55.4801994Z Artifact name is valid!
2026-10-08T03:14:55.4802898Z Root directory input is valid!
2026-10-08T03:14:55.8074749Z Beginning upload of artifact content to blob storage
2026-10-08T03:14:56.7010961Z (node:10788) [DEP0169] DeprecationWarning: `url.parse()` behavior is not standardized and prone to errors that have security implications. Use the WHATWG URL API instead. CVEs are not issued for `url.parse()` vulnerabilities.
2026-10-08T03:14:57.4310954Z Uploaded bytes 8388608
2026-10-08T03:14:58.0874418Z Uploaded bytes 16777216
2026-10-08T03:14:58.1769766Z Uploaded bytes 18244934
2026-10-08T03:14:58.2354126Z Finished uploading artifact content to blob storage!
2026-10-08T03:14:58.2357915Z SHA256 digest of uploaded artifact zip is 40ef5e5bef5279374fd4e6d07fe9dbd7e51a210e27bcfa13087d200c0b50a2e1
2026-10-08T03:14:58.2360736Z Finalizing artifact upload
2026-10-08T03:14:58.5046441Z Artifact p7-offline-semantic-2313b808d3ca95ae9917f72f6898dfd81dbae2c8.zip successfully finalized. Artifact ID 11526142760
2026-10-08T03:14:58.5048637Z Artifact p7-offline-semantic-2313b808d3ca95ae9917f72f6898dfd81dbae2c8 has been successfully uploaded! Final size is 18244934 bytes. Artifact ID is 11526142760
2026-10-08T03:14:58.5055437Z Artifact download URL: https://github.com/jyqj/codecortex/actions/runs/37721570545/artifacts/11526142760
2026-10-08T03:14:58.5263151Z Post job cleanup.
2026-10-08T03:14:58.6072752Z [command]/usr/bin/git version
2026-10-08T03:14:58.6108817Z git version 2.55.0
2026-10-08T03:14:58.6147681Z Temporarily overriding HOME='/home/runner/work/_temp/f9fa2ded-ac14-4157-a11d-7b21057c9597' before making global git config changes
2026-10-08T03:14:58.6149367Z Adding repository directory to the temporary git global config as a safe directory
2026-10-08T03:14:58.6153869Z [command]/usr/bin/git config --global --add safe.directory /home/runner/work/codecortex/codecortex
2026-10-08T03:14:58.6190666Z [command]/usr/bin/git config --local --name-only --get-regexp core\.sshCommand
2026-10-08T03:14:58.6222536Z [command]/usr/bin/git submodule foreach --recursive sh -c "git config --local --name-only --get-regexp 'core\.sshCommand' && git config --local --unset-all 'core.sshCommand' || :"
2026-10-08T03:14:58.6453519Z [command]/usr/bin/git config --local --name-only --get-regexp http\.https\:\/\/github\.com\/\.extraheader
2026-10-08T03:14:58.6475738Z http.https://github.com/.extraheader
2026-10-08T03:14:58.6486371Z [command]/usr/bin/git config --local --unset-all http.https://github.com/.extraheader
2026-10-08T03:14:58.6520380Z [command]/usr/bin/git submodule foreach --recursive sh -c "git config --local --name-only --get-regexp 'http\.https\:\/\/github\.com\/\.extraheader' && git config --local --unset-all 'http.https://github.com/.extraheader' || :"
2026-10-08T03:14:58.6748400Z [command]/usr/bin/git config --local --name-only --get-regexp ^includeIf\.gitdir:
2026-10-08T03:14:58.6777880Z [command]/usr/bin/git submodule foreach --recursive git config --local --show-origin --name-only --get-regexp remote.origin.url
2026-10-08T03:14:58.7134956Z Cleaning up orphan processes
2026-10-08T03:14:58.7447425Z ##[warning]Node.js 20 is deprecated. The following actions target Node.js 20 but are being forced to run on Node.js 24: actions/checkout@v4, actions/upload-artifact@v4. For more information see: https://github.blog/changelog/2025-09-19-deprecation-of-node-20-on-github-actions-runners/
