test_failed_build_uses_private_target_and_retains_sealed_failure (test_p8_backfill.BackfillBuildTests.test_failed_build_uses_private_target_and_retains_sealed_failure) ... ok
test_reused_or_foreign_target_test_executable_is_rejected (test_p8_backfill.BackfillBuildTests.test_reused_or_foreign_target_test_executable_is_rejected) ... ok
test_cli_refuses_existing_output_without_adding_a_failure_record (test_p8_candidate_execution.CandidateExecutionTests.test_cli_refuses_existing_output_without_adding_a_failure_record) ... ok
test_dev_cannot_be_relabelled_as_release (test_p8_candidate_execution.CandidateExecutionTests.test_dev_cannot_be_relabelled_as_release) ... ok
test_drift_controls_only_mutate_disposable_copies (test_p8_candidate_execution.CandidateExecutionTests.test_drift_controls_only_mutate_disposable_copies) ... ok
test_exact_binding_accepts_only_the_supplied_fixture_bytes (test_p8_candidate_execution.CandidateExecutionTests.test_exact_binding_accepts_only_the_supplied_fixture_bytes) ... ok
test_failed_build_finish_and_escaped_source_manifest_are_rejected (test_p8_candidate_execution.CandidateExecutionTests.test_failed_build_finish_and_escaped_source_manifest_are_rejected) ... ok
test_mixed_source_and_changed_raw_artifact_are_rejected (test_p8_candidate_execution.CandidateExecutionTests.test_mixed_source_and_changed_raw_artifact_are_rejected) ... ok
test_printed_pass_does_not_replace_real_process_exit (test_p8_candidate_execution.CandidateExecutionTests.test_printed_pass_does_not_replace_real_process_exit) ... ok
test_test_artifact_or_semantic_features_cannot_impersonate_default_product (test_p8_candidate_execution.CandidateExecutionTests.test_test_artifact_or_semantic_features_cannot_impersonate_default_product) ... ok
test_actual_zero_exit_fake_evaluator_cannot_fake_a_completed_run (test_p8_compat.CompatLockTests.test_actual_zero_exit_fake_evaluator_cannot_fake_a_completed_run) ... ok
test_bound_synthetic_control_is_explicitly_a_control (test_p8_compat.CompatLockTests.test_bound_synthetic_control_is_explicitly_a_control) ... ok
test_cli_requires_the_named_opt_in (test_p8_compat.CompatLockTests.test_cli_requires_the_named_opt_in) ... ok
test_comparison_identity_difference_is_nonzero_before_comparator (test_p8_compat.CompatLockTests.test_comparison_identity_difference_is_nonzero_before_comparator) ... ok
test_compat_native_require_the_same_explicit_configuration (test_p8_compat.CompatLockTests.test_compat_native_require_the_same_explicit_configuration) ... ok
test_existing_output_is_never_overwritten (test_p8_compat.CompatLockTests.test_existing_output_is_never_overwritten) ... ok
test_explicit_mode_still_rejects_zero_exit_without_real_artifacts (test_p8_compat.CompatLockTests.test_explicit_mode_still_rejects_zero_exit_without_real_artifacts) ... ok
test_external_git_head_and_dirty_state_are_actually_checked (test_p8_compat.CompatLockTests.test_external_git_head_and_dirty_state_are_actually_checked) ... ok
test_external_name_cannot_relabel_control_source_as_flask (test_p8_compat.CompatLockTests.test_external_name_cannot_relabel_control_source_as_flask) ... ok
test_holdout_file_pointer_and_symlink_source_are_rejected (test_p8_compat.CompatLockTests.test_holdout_file_pointer_and_symlink_source_are_rejected) ... ok
test_native_profile_cannot_use_compat_scorer (test_p8_compat.CompatLockTests.test_native_profile_cannot_use_compat_scorer) ... ok
test_negative_signal_exit_cannot_be_maxed_into_a_green_comparison (test_p8_compat.CompatLockTests.test_negative_signal_exit_cannot_be_maxed_into_a_green_comparison) ... ok
test_original_default_profile_keeps_original_identity_and_predicate (test_p8_compat.CompatLockTests.test_original_default_profile_keeps_original_identity_and_predicate) ... ok
test_output_cannot_overlap_or_replace_inputs (test_p8_compat.CompatLockTests.test_output_cannot_overlap_or_replace_inputs) ... ok
test_platform_and_glob_policy_mismatch_are_rejected (test_p8_compat.CompatLockTests.test_platform_and_glob_policy_mismatch_are_rejected) ... ok
test_query_or_binary_or_scorer_mutation_rejects_before_spawn (test_p8_compat.CompatLockTests.test_query_or_binary_or_scorer_mutation_rejects_before_spawn) ... ok
test_raw_copy_preserves_original_and_rejects_later_drift (test_p8_compat.CompatLockTests.test_raw_copy_preserves_original_and_rejects_later_drift) ... ok
test_source_manifest_extra_or_omitted_file_is_rejected (test_p8_compat.CompatLockTests.test_source_manifest_extra_or_omitted_file_is_rejected) ... ok
test_text_hidden_is_explicit_and_does_not_widen_default_inspection (test_p8_compat.CompatLockTests.test_text_hidden_is_explicit_and_does_not_widen_default_inspection) ... ok
test_text_hidden_profile_rejects_missing_extra_or_network_configuration (test_p8_compat.CompatLockTests.test_text_hidden_profile_rejects_missing_extra_or_network_configuration) ... ok
test_unknown_configuration_mode_is_rejected_before_process_creation (test_p8_compat.CompatLockTests.test_unknown_configuration_mode_is_rejected_before_process_creation) ... ok
test_wrong_external_commit_is_not_accepted (test_p8_compat.CompatLockTests.test_wrong_external_commit_is_not_accepted) ... ok
test_zero_exit_comparator_must_emit_a_comparison_artifact (test_p8_compat.CompatLockTests.test_zero_exit_comparator_must_emit_a_comparison_artifact) ... ok
test_duplicate_case_and_repetition_is_rejected (test_p8_compat.CompatRunIdentityTests.test_duplicate_case_and_repetition_is_rejected) ... ok
test_duplicate_output_query_cannot_replace_another_locked_query (test_p8_compat.CompatRunIdentityTests.test_duplicate_output_query_cannot_replace_another_locked_query) ... ok
test_exit_code_and_gate_status_must_both_match (test_p8_compat.CompatRunIdentityTests.test_exit_code_and_gate_status_must_both_match) ... ok
test_missing_case_cannot_be_hidden_by_extra_repetition_of_another_case (test_p8_compat.CompatRunIdentityTests.test_missing_case_cannot_be_hidden_by_extra_repetition_of_another_case) ... ok
test_missing_request_cannot_pass_with_smaller_metrics_denominator (test_p8_compat.CompatRunIdentityTests.test_missing_request_cannot_pass_with_smaller_metrics_denominator) ... ok
test_native_gold_span_and_primary_changes_are_rejected (test_p8_compat.CompatRunIdentityTests.test_native_gold_span_and_primary_changes_are_rejected) ... ok
test_optional_native_symbol_and_span_defaults_preserve_identity (test_p8_compat.CompatRunIdentityTests.test_optional_native_symbol_and_span_defaults_preserve_identity) ... ok
test_optional_query_defaults_do_not_change_locked_identity (test_p8_compat.CompatRunIdentityTests.test_optional_query_defaults_do_not_change_locked_identity) ... ok
test_original_locked_query_and_complete_request_matrix_are_accepted (test_p8_compat.CompatRunIdentityTests.test_original_locked_query_and_complete_request_matrix_are_accepted) ... ok
test_out_of_range_and_wrongly_typed_repetitions_are_rejected (test_p8_compat.CompatRunIdentityTests.test_out_of_range_and_wrongly_typed_repetitions_are_rejected) ... ok
test_pinned_backend_and_profile_cannot_be_relabelled (test_p8_compat.CompatRunIdentityTests.test_pinned_backend_and_profile_cannot_be_relabelled) ... ok
test_raw_response_path_cannot_be_reused_for_distinct_requests (test_p8_compat.CompatRunIdentityTests.test_raw_response_path_cannot_be_reused_for_distinct_requests) ... ok
test_same_count_query_identity_replacement_is_rejected (test_p8_compat.CompatRunIdentityTests.test_same_count_query_identity_replacement_is_rejected) ... ok
test_same_count_query_text_and_gold_changes_are_rejected (test_p8_compat.CompatRunIdentityTests.test_same_count_query_text_and_gold_changes_are_rejected) ... ok
test_shuffled_complete_request_matrix_is_still_accepted (test_p8_compat.CompatRunIdentityTests.test_shuffled_complete_request_matrix_is_still_accepted) ... ok
test_unknown_case_cannot_replace_missing_case_at_same_denominator (test_p8_compat.CompatRunIdentityTests.test_unknown_case_cannot_replace_missing_case_at_same_denominator) ... ok
test_compat_text_and_primary_order_drift_are_separate_errors (test_p8_corpus_audit.CorpusRulesTests.test_compat_text_and_primary_order_drift_are_separate_errors) ... ok
test_duplicate_id_is_not_hidden_by_dictionary_overwrite (test_p8_corpus_audit.CorpusRulesTests.test_duplicate_id_is_not_hidden_by_dictionary_overwrite) ... ok
test_duplicate_json_key_and_unknown_schema_are_rejected (test_p8_corpus_audit.CorpusRulesTests.test_duplicate_json_key_and_unknown_schema_are_rejected) ... ok
test_omitted_compat_answer_is_not_silently_accepted (test_p8_corpus_audit.CorpusRulesTests.test_omitted_compat_answer_is_not_silently_accepted) ... ok
test_query_parser_rejects_nondev_before_echoing_a_body (test_p8_corpus_audit.CorpusRulesTests.test_query_parser_rejects_nondev_before_echoing_a_body) ... ok
test_source_evidence_hash_detects_equal_length_corruption (test_p8_corpus_audit.CorpusRulesTests.test_source_evidence_hash_detects_equal_length_corruption) ... ok
test_source_outside_domain_cannot_be_counted_as_valid_span (test_p8_corpus_audit.CorpusRulesTests.test_source_outside_domain_cannot_be_counted_as_valid_span) ... ok
test_source_span_and_utf8_boundaries_are_checked (test_p8_corpus_audit.CorpusRulesTests.test_source_span_and_utf8_boundaries_are_checked) ... ok
test_unsafe_and_protected_paths_rejected (test_p8_corpus_audit.CorpusRulesTests.test_unsafe_and_protected_paths_rejected) ... ok
test_valid_projection_keeps_no_answer_out_of_compat_denominator (test_p8_corpus_audit.CorpusRulesTests.test_valid_projection_keeps_no_answer_out_of_compat_denominator) ... ok
test_byte_limit_rejects_before_git_show (test_p8_corpus_audit.PinnedGitTests.test_byte_limit_rejects_before_git_show) ... ok
test_read_is_exact_historical_blob_not_current_mutable_file (test_p8_corpus_audit.PinnedGitTests.test_read_is_exact_historical_blob_not_current_mutable_file) ... ok
test_symlink_git_mode_rejected_even_with_matching_content_hash (test_p8_corpus_audit.PinnedGitTests.test_symlink_git_mode_rejected_even_with_matching_content_hash) ... ok
test_unlisted_and_protected_entries_never_call_git (test_p8_corpus_audit.PinnedGitTests.test_unlisted_and_protected_entries_never_call_git) ... ok
test_wrong_digest_is_rejected_without_adding_verified_cache (test_p8_corpus_audit.PinnedGitTests.test_wrong_digest_is_rejected_without_adding_verified_cache) ... ok
test_build_directory_aliases_are_rejected_before_new_output (test_p8_external_candidate.ExternalCandidatePathTests.test_build_directory_aliases_are_rejected_before_new_output) ... ok
test_disjoint_new_directory_reaches_build_validation (test_p8_external_candidate.ExternalCandidatePathTests.test_disjoint_new_directory_reaches_build_validation) ... ok
test_existing_output_and_direct_overlaps_are_rejected (test_p8_external_candidate.ExternalCandidatePathTests.test_existing_output_and_direct_overlaps_are_rejected) ... ok
test_output_parent_symlinks_are_rejected_before_any_creation (test_p8_external_candidate.ExternalCandidatePathTests.test_output_parent_symlinks_are_rejected_before_any_creation) ... ok
test_parent_traversal_cannot_enter_source_or_build (test_p8_external_candidate.ExternalCandidatePathTests.test_parent_traversal_cannot_enter_source_or_build) ... ok
test_caller_repinning_malformed_mapping_still_gets_failure_receipt (test_p8_judge_evidence.JudgeEvidenceTests.test_caller_repinning_malformed_mapping_still_gets_failure_receipt) ... ok
test_cli_has_explicit_local_status_and_retains_failure_receipt (test_p8_judge_evidence.JudgeEvidenceTests.test_cli_has_explicit_local_status_and_retains_failure_receipt) ... ok
test_duplicate_json_nonfinite_and_size_limits_are_enforced (test_p8_judge_evidence.JudgeEvidenceTests.test_duplicate_json_nonfinite_and_size_limits_are_enforced) ... ok
test_duplicate_missing_or_unknown_candidate_system_is_rejected (test_p8_judge_evidence.JudgeEvidenceTests.test_duplicate_missing_or_unknown_candidate_system_is_rejected) ... ok
test_evidence_hash_and_line_contracts_reject_false_bindings (test_p8_judge_evidence.JudgeEvidenceTests.test_evidence_hash_and_line_contracts_reject_false_bindings) ... ok
test_existing_output_is_never_reused (test_p8_judge_evidence.JudgeEvidenceTests.test_existing_output_is_never_reused) ... ok
test_fixed_packet_binds_model_prompt_gold_and_original_mapping (test_p8_judge_evidence.JudgeEvidenceTests.test_fixed_packet_binds_model_prompt_gold_and_original_mapping) ... ok
test_floating_revision_is_not_a_fixed_model (test_p8_judge_evidence.JudgeEvidenceTests.test_floating_revision_is_not_a_fixed_model) ... ok
test_heldout_empty_and_duplicate_cases_are_not_admitted (test_p8_judge_evidence.JudgeEvidenceTests.test_heldout_empty_and_duplicate_cases_are_not_admitted) ... ok
test_known_name_leak_is_rejected_without_redacting_source (test_p8_judge_evidence.JudgeEvidenceTests.test_known_name_leak_is_rejected_without_redacting_source) ... ok
test_prepare_preserves_untrusted_text_as_data_and_blinds_metadata (test_p8_judge_evidence.JudgeEvidenceTests.test_prepare_preserves_untrusted_text_as_data_and_blinds_metadata) ... ok
test_prompt_name_leak_and_unknown_plan_fields_are_rejected (test_p8_judge_evidence.JudgeEvidenceTests.test_prompt_name_leak_and_unknown_plan_fields_are_rejected) ... ok
test_reconcile_rejects_false_execution_claim_and_model_revision_drift (test_p8_judge_evidence.JudgeEvidenceTests.test_reconcile_rejects_false_execution_claim_and_model_revision_drift) ... ok
test_reconcile_rejects_unknown_duplicate_and_missing_verdict_rows (test_p8_judge_evidence.JudgeEvidenceTests.test_reconcile_rejects_unknown_duplicate_and_missing_verdict_rows) ... ok
test_reconcile_rejects_wrong_external_pin_and_private_mapping_drift (test_p8_judge_evidence.JudgeEvidenceTests.test_reconcile_rejects_wrong_external_pin_and_private_mapping_drift) ... ok
test_reconcile_routes_every_opinion_to_manual_review_without_gold_changes (test_p8_judge_evidence.JudgeEvidenceTests.test_reconcile_routes_every_opinion_to_manual_review_without_gold_changes) ... ok
test_run_id_cannot_reveal_compared_system_names (test_p8_judge_evidence.JudgeEvidenceTests.test_run_id_cannot_reveal_compared_system_names) ... ok
test_traversal_symlink_and_missing_references_fail_closed (test_p8_judge_evidence.JudgeEvidenceTests.test_traversal_symlink_and_missing_references_fail_closed) ... ok
test_body_fields_are_not_accepted_as_metadata (test_p8_leakage_audit.FamilyBoundaryTests.test_body_fields_are_not_accepted_as_metadata) ... ok
test_exact_fingerprint_leak_detected_without_body_access (test_p8_leakage_audit.FamilyBoundaryTests.test_exact_fingerprint_leak_detected_without_body_access) ... ok
test_independent_metadata_components_can_remain_separated (test_p8_leakage_audit.FamilyBoundaryTests.test_independent_metadata_components_can_remain_separated) ... ok
test_missing_and_duplicate_membership_are_errors (test_p8_leakage_audit.FamilyBoundaryTests.test_missing_and_duplicate_membership_are_errors) ... ok
test_transitive_component_does_not_hide_cross_split_relation (test_p8_leakage_audit.FamilyBoundaryTests.test_transitive_component_does_not_hide_cross_split_relation) ... ok
test_translation_family_split_is_quarantined_even_with_distinct_hashes (test_p8_leakage_audit.FamilyBoundaryTests.test_translation_family_split_is_quarantined_even_with_distinct_hashes) ... ok
test_benchmark_include_is_flagged (test_p8_leakage_audit.ProductionBoundaryTests.test_benchmark_include_is_flagged) ... ok
test_dev_dependency_is_reported_outside_production_scope (test_p8_leakage_audit.ProductionBoundaryTests.test_dev_dependency_is_reported_outside_production_scope) ... ok
test_generic_source_is_not_marked_as_a_corpus_hit (test_p8_leakage_audit.ProductionBoundaryTests.test_generic_source_is_not_marked_as_a_corpus_hit) ... ok
test_gold_path_in_inline_test_is_preserved_for_review (test_p8_leakage_audit.ProductionBoundaryTests.test_gold_path_in_inline_test_is_preserved_for_review) ... ok
test_inherited_workspace_alias_is_resolved_before_checking (test_p8_leakage_audit.ProductionBoundaryTests.test_inherited_workspace_alias_is_resolved_before_checking) ... ok
test_literal_query_dictionary_injection_detected (test_p8_leakage_audit.ProductionBoundaryTests.test_literal_query_dictionary_injection_detected) ... ok
test_missing_workspace_alias_is_input_failure (test_p8_leakage_audit.ProductionBoundaryTests.test_missing_workspace_alias_is_input_failure) ... ok
test_platform_build_dependency_is_checked (test_p8_leakage_audit.ProductionBoundaryTests.test_platform_build_dependency_is_checked) ... ok
test_raw_and_escaped_literal_queries_detected (test_p8_leakage_audit.ProductionBoundaryTests.test_raw_and_escaped_literal_queries_detected) ... ok
test_renamed_eval_dependency_is_not_hidden_by_alias (test_p8_leakage_audit.ProductionBoundaryTests.test_renamed_eval_dependency_is_not_hidden_by_alias) ... ok
test_cpu_and_io_counter_gaps_remain_null (test_p8_lifecycle.LifecycleTests.test_cpu_and_io_counter_gaps_remain_null) ... ok
test_full_raw_inventory_refuses_tampering_added_inputs_and_symlinks (test_p8_lifecycle.LifecycleTests.test_full_raw_inventory_refuses_tampering_added_inputs_and_symlinks) ... ok
test_generation_and_missing_counter_cannot_become_a_cache_hit (test_p8_lifecycle.LifecycleTests.test_generation_and_missing_counter_cannot_become_a_cache_hit) ... ok
test_only_direct_current_query_cache_deltas_classify (test_p8_lifecycle.LifecycleTests.test_only_direct_current_query_cache_deltas_classify) ... ok
test_owned_uniform_fixture_is_immutable_and_no_cache_is_present (test_p8_lifecycle.LifecycleTests.test_owned_uniform_fixture_is_immutable_and_no_cache_is_present) ... ok
test_physical_sqlite_bytes_do_not_double_count_logical_fts_pages (test_p8_lifecycle.LifecycleTests.test_physical_sqlite_bytes_do_not_double_count_logical_fts_pages) ... ok
test_physical_storage_keeps_actual_wal_and_shm_sidecars (test_p8_lifecycle.LifecycleTests.test_physical_storage_keeps_actual_wal_and_shm_sidecars) ... ok
test_release_and_resource_bounds_cannot_be_reduced_to_smoke (test_p8_lifecycle.LifecycleTests.test_release_and_resource_bounds_cannot_be_reduced_to_smoke) ... ok
test_replay_binary_must_match_actual_original_cargo_and_source_witness (test_p8_lifecycle.LifecycleTests.test_replay_binary_must_match_actual_original_cargo_and_source_witness) ... ok
test_external_review_binds_pending_author_bytes_and_rejects_self_approval (test_p8_native_registry.RegistryAdmissionTests.test_external_review_binds_pending_author_bytes_and_rejects_self_approval) ... ok
test_failed_validator_is_retained_and_never_replaced_by_freeze (test_p8_native_registry.RegistryAdmissionTests.test_failed_validator_is_retained_and_never_replaced_by_freeze) ... ok
test_global_duplicate_ids_nondev_and_compat_gold_drift_are_rejected (test_p8_native_registry.RegistryAdmissionTests.test_global_duplicate_ids_nondev_and_compat_gold_drift_are_rejected) ... ok
test_relocation_preserves_locks_gold_pointer_and_original_manifest (test_p8_native_registry.RegistryAdmissionTests.test_relocation_preserves_locks_gold_pointer_and_original_manifest) ... ok
test_review_rejects_packet_drift_missing_ids_and_unaccepted_row (test_p8_native_registry.RegistryAdmissionTests.test_review_rejects_packet_drift_missing_ids_and_unaccepted_row) ... ok
test_same_length_source_tamper_and_parent_symlink_are_rejected (test_p8_native_registry.RegistryAdmissionTests.test_same_length_source_tamper_and_parent_symlink_are_rejected) ... ok
test_actual_version_pair_requires_distinct_revisions_and_older_real_schema (test_p8_platform.PlatformControls.test_actual_version_pair_requires_distinct_revisions_and_older_real_schema) ... ok
test_all_eight_synthetic_cells_replay_and_duplicate_is_rejected (test_p8_platform.PlatformControls.test_all_eight_synthetic_cells_replay_and_duplicate_is_rejected) ... ok
test_authored_source_mutation_addition_and_deletion_are_visible (test_p8_platform.PlatformControls.test_authored_source_mutation_addition_and_deletion_are_visible) ... ok
test_backup_closes_all_connections_on_success_and_failure (test_p8_platform.PlatformControls.test_backup_closes_all_connections_on_success_and_failure) ... ok
test_bundle_binary_mutation_and_unrequested_source_fail (test_p8_platform.PlatformControls.test_bundle_binary_mutation_and_unrequested_source_fail) ... ok
test_collector_does_not_require_original_target_or_compiler_paths (test_p8_platform.PlatformControls.test_collector_does_not_require_original_target_or_compiler_paths) ... ok
test_collector_replays_same_build_contract_after_consistent_resealing (test_p8_platform.PlatformControls.test_collector_replays_same_build_contract_after_consistent_resealing) ... ok
test_collector_requires_original_selected_cell_and_source (test_p8_platform.PlatformControls.test_collector_requires_original_selected_cell_and_source) ... ok
test_compiler_byte_replacement_is_rejected (test_p8_platform.PlatformControls.test_compiler_byte_replacement_is_rejected) ... ok
test_default_and_semantic_are_separate_feature_cells (test_p8_platform.PlatformControls.test_default_and_semantic_are_separate_feature_cells) ... ok
test_existing_output_preserves_earlier_receipt (test_p8_platform.PlatformControls.test_existing_output_preserves_earlier_receipt) ... ok
test_expired_backup_deadline_retains_failed_destination (test_p8_platform.PlatformControls.test_expired_backup_deadline_retains_failed_destination) ... ok
test_external_target_artifact_is_rejected (test_p8_platform.PlatformControls.test_external_target_artifact_is_rejected) ... ok
test_failed_build_preserves_nonzero_receipt_and_raw_stderr (test_p8_platform.PlatformControls.test_failed_build_preserves_nonzero_receipt_and_raw_stderr) ... ok
test_failed_collection_retains_machine_readable_failure_and_input_bytes (test_p8_platform.PlatformControls.test_failed_collection_retains_machine_readable_failure_and_input_bytes) ... ok
test_feature_lie_is_rejected_even_after_log_digest_update (test_p8_platform.PlatformControls.test_feature_lie_is_rejected_even_after_log_digest_update) ... ok
test_formal_observer_end_drift_cannot_leave_a_passed_receipt (test_p8_platform.PlatformControls.test_formal_observer_end_drift_cannot_leave_a_passed_receipt) ... ok
test_formal_observer_keeps_historical_product_and_current_driver_separate (test_p8_platform.PlatformControls.test_formal_observer_keeps_historical_product_and_current_driver_separate) ... ok
test_invalid_source_still_preserves_eight_unpassed_cells (test_p8_platform.PlatformControls.test_invalid_source_still_preserves_eight_unpassed_cells) ... ok
test_inventory_does_not_build_an_available_toolchain (test_p8_platform.PlatformControls.test_inventory_does_not_build_an_available_toolchain) ... ok
test_inventory_has_eight_not_run_cells_and_nonzero_exit (test_p8_platform.PlatformControls.test_inventory_has_eight_not_run_cells_and_nonzero_exit) ... ok
test_linux_receipt_does_not_certify_macos (test_p8_platform.PlatformControls.test_linux_receipt_does_not_certify_macos) ... ok
test_missing_stderr_digest_is_rejected (test_p8_platform.PlatformControls.test_missing_stderr_digest_is_rejected) ... ok
test_missing_tracking_toolchain_never_invokes_rustup_which (test_p8_platform.PlatformControls.test_missing_tracking_toolchain_never_invokes_rustup_which) ... ok
test_newer_compiler_does_not_certify_msrv (test_p8_platform.PlatformControls.test_newer_compiler_does_not_certify_msrv) ... ok
test_observer_rejects_uncommitted_bytes_and_loaded_foreign_module (test_p8_platform.PlatformControls.test_observer_rejects_uncommitted_bytes_and_loaded_foreign_module) ... ok
test_output_symlink_is_refused (test_p8_platform.PlatformControls.test_output_symlink_is_refused) ... ok
test_profile_lie_is_rejected (test_p8_platform.PlatformControls.test_profile_lie_is_rejected) ... ok
test_readonly_snapshot_closes_connection_on_success_and_failure (test_p8_platform.PlatformControls.test_readonly_snapshot_closes_connection_on_success_and_failure) ... ok
test_rebuild_controls_reject_reuse_sentinel_loss_and_bad_integrity (test_p8_platform.PlatformControls.test_rebuild_controls_reject_reuse_sentinel_loss_and_bad_integrity) ... ok
test_rollback_accepts_existing_receipt_without_relabelling_its_source (test_p8_platform.PlatformControls.test_rollback_accepts_existing_receipt_without_relabelling_its_source) ... ok
test_rollback_rejects_unbound_source_or_manifest_traversal (test_p8_platform.PlatformControls.test_rollback_rejects_unbound_source_or_manifest_traversal) ... ok
test_rollback_rejects_wrong_package_or_changed_binary (test_p8_platform.PlatformControls.test_rollback_rejects_wrong_package_or_changed_binary) ... ok
test_selected_cell_requires_stdio_and_does_not_certify_other_seven (test_p8_platform.PlatformControls.test_selected_cell_requires_stdio_and_does_not_certify_other_seven) ... ok
test_smoke_success_label_cannot_hide_missing_rpc_response (test_p8_platform.PlatformControls.test_smoke_success_label_cannot_hide_missing_rpc_response) ... ok
test_source_commit_pin_is_enforced (test_p8_platform.PlatformControls.test_source_commit_pin_is_enforced) ... ok
test_source_drift_is_detected_despite_assume_unchanged (test_p8_platform.PlatformControls.test_source_drift_is_detected_despite_assume_unchanged) ... ok
test_sqlite_backup_includes_committed_wal_and_is_exclusive (test_p8_platform.PlatformControls.test_sqlite_backup_includes_committed_wal_and_is_exclusive) ... ok
test_symlink_source_with_identical_bytes_is_rejected (test_p8_platform.PlatformControls.test_symlink_source_with_identical_bytes_is_rejected) ... ok
test_unlocked_command_is_rejected (test_p8_platform.PlatformControls.test_unlocked_command_is_rejected) ... ok
test_unreadable_toolchain_inventory_cannot_pass (test_p8_platform.PlatformControls.test_unreadable_toolchain_inventory_cannot_pass) ... ok
test_untracked_and_ignored_build_inputs_are_rejected (test_p8_platform.PlatformControls.test_untracked_and_ignored_build_inputs_are_rejected) ... ok
test_valid_cold_contract_replays (test_p8_platform.PlatformControls.test_valid_cold_contract_replays) ... ok
test_version_pair_public_probe_rejects_echo_wrong_path_and_false_span (test_p8_platform.PlatformControls.test_version_pair_public_probe_rejects_echo_wrong_path_and_false_span) ... ok
test_version_schema_accepts_bound_list_and_rejects_duplicate_or_missing_paths (test_p8_platform.PlatformControls.test_version_schema_accepts_bound_list_and_rejects_duplicate_or_missing_paths) ... ok
test_warm_artifact_cannot_be_relabelled_cold (test_p8_platform.PlatformControls.test_warm_artifact_cannot_be_relabelled_cold) ... ok
test_clean_stdio_eof_still_passes_the_original_exit_contract (test_p8_platform_independent_review.IndependentActiveObserverControls.test_clean_stdio_eof_still_passes_the_original_exit_contract) ... ok
test_duplicate_terminal_response_is_preserved_and_rejected (test_p8_platform_independent_review.IndependentActiveObserverControls.test_duplicate_terminal_response_is_preserved_and_rejected) ... ok
test_legitimate_terminal_notification_is_preserved_and_accepted (test_p8_platform_independent_review.IndependentActiveObserverControls.test_legitimate_terminal_notification_is_preserved_and_accepted) ... ok
test_normal_zero_exit_does_not_hide_a_malformed_stdout_tail (test_p8_platform_independent_review.IndependentActiveObserverControls.test_normal_zero_exit_does_not_hide_a_malformed_stdout_tail) ... ok
test_shared_active_sqlite_probe_closes_on_success_and_error (test_p8_platform_independent_review.IndependentActiveObserverControls.test_shared_active_sqlite_probe_closes_on_success_and_error) ... ok
test_portable_resealed_compiler_and_target_drift_is_rejected (test_p8_platform_independent_review.IndependentPortableControls.test_portable_resealed_compiler_and_target_drift_is_rejected) ... ok
test_portable_resealed_foreign_cargo_origin_is_rejected (test_p8_platform_independent_review.IndependentPortableControls.test_portable_resealed_foreign_cargo_origin_is_rejected) ... ok
test_portable_resealed_missing_duplicate_or_inconsistent_verbose_is_rejected (test_p8_platform_independent_review.IndependentPortableControls.test_portable_resealed_missing_duplicate_or_inconsistent_verbose_is_rejected) ... ok
test_portable_resealed_missing_logs_and_config_drift_is_rejected (test_p8_platform_independent_review.IndependentPortableControls.test_portable_resealed_missing_logs_and_config_drift_is_rejected) ... ok
test_portable_resealed_observer_identity_drift_is_rejected (test_p8_platform_independent_review.IndependentPortableControls.test_portable_resealed_observer_identity_drift_is_rejected) ... ok
test_portable_resealed_test_artifact_is_rejected (test_p8_platform_independent_review.IndependentPortableControls.test_portable_resealed_test_artifact_is_rejected) ... ok
test_portable_resealed_verbose_release_and_host_drift_is_rejected (test_p8_platform_independent_review.IndependentPortableControls.test_portable_resealed_verbose_release_and_host_drift_is_rejected) ... ok
test_portable_valid_cells_do_not_require_the_old_producer_vm (test_p8_platform_independent_review.IndependentPortableControls.test_portable_valid_cells_do_not_require_the_old_producer_vm) ... ok
test_active_faults_refuse_a_different_binary_before_starting_any_fixture (test_p8_recovery.RecoveryControls.test_active_faults_refuse_a_different_binary_before_starting_any_fixture) ... ok
test_async_operation_retains_actual_result_or_error (test_p8_recovery.RecoveryControls.test_async_operation_retains_actual_result_or_error) ... ok
test_busy_retries_are_bounded_and_generic_errors_fail_immediately (test_p8_recovery.RecoveryControls.test_busy_retries_are_bounded_and_generic_errors_fail_immediately) ... ok
test_cancelled_case_leaves_unstarted_scenarios_not_run (test_p8_recovery.RecoveryControls.test_cancelled_case_leaves_unstarted_scenarios_not_run) ... ok
test_command_failure_retains_both_raw_logs_and_cannot_pass (test_p8_recovery.RecoveryControls.test_command_failure_retains_both_raw_logs_and_cannot_pass) ... ok
test_command_timeout_is_a_failed_owned_process_receipt (test_p8_recovery.RecoveryControls.test_command_timeout_is_a_failed_owned_process_receipt) ... ok
test_deleted_symbol_or_deleted_path_is_a_hard_failure (test_p8_recovery.RecoveryControls.test_deleted_symbol_or_deleted_path_is_a_hard_failure) ... ok
test_echoed_query_is_not_a_successful_hit (test_p8_recovery.RecoveryControls.test_echoed_query_is_not_a_successful_hit) ... ok
test_engineering_source_or_build_log_drift_is_rejected (test_p8_recovery.RecoveryControls.test_engineering_source_or_build_log_drift_is_rejected) ... ok
test_engineering_witness_cannot_claim_cold_or_invent_source_count (test_p8_recovery.RecoveryControls.test_engineering_witness_cannot_claim_cold_or_invent_source_count) ... ok
test_engineering_witness_is_bound_but_cannot_pass_the_cold_receipt_path (test_p8_recovery.RecoveryControls.test_engineering_witness_is_bound_but_cannot_pass_the_cold_receipt_path) ... ok
test_failed_case_is_preserved_and_cannot_make_green_rollup (test_p8_recovery.RecoveryControls.test_failed_case_is_preserved_and_cannot_make_green_rollup) ... ok
test_false_source_path_or_span_cannot_prove_recovery (test_p8_recovery.RecoveryControls.test_false_source_path_or_span_cannot_prove_recovery) ... ok
test_full_evidence_prunes_disposable_target_before_opening_files (test_p8_recovery.RecoveryControls.test_full_evidence_prunes_disposable_target_before_opening_files) ... ok
test_missing_or_malformed_result_array_is_not_empty_success (test_p8_recovery.RecoveryControls.test_missing_or_malformed_result_array_is_not_empty_success) ... ok
test_observed_kill_requires_terminal_failure_of_pending_request (test_p8_recovery.RecoveryControls.test_observed_kill_requires_terminal_failure_of_pending_request) ... ok
test_only_explicit_busy_failures_are_retried (test_p8_recovery.RecoveryControls.test_only_explicit_busy_failures_are_retried) ... ok
test_product_initialization_reuses_existing_protocol (test_p8_recovery.RecoveryControls.test_product_initialization_reuses_existing_protocol) ... ok
test_public_symbol_is_proven_against_its_actual_source_span (test_p8_recovery.RecoveryControls.test_public_symbol_is_proven_against_its_actual_source_span) ... ok
test_ready_receipt_requires_live_transport_and_honest_disabled_state (test_p8_recovery.RecoveryControls.test_ready_receipt_requires_live_transport_and_honest_disabled_state) ... ok
test_request_observation_has_a_real_deadline (test_p8_recovery.RecoveryControls.test_request_observation_has_a_real_deadline) ... ok
test_source_snapshot_never_opens_sqlite_cache_files (test_p8_recovery.RecoveryControls.test_source_snapshot_never_opens_sqlite_cache_files) ... ok
test_stop_observation_uses_the_owned_child_wait_event (test_p8_recovery.RecoveryControls.test_stop_observation_uses_the_owned_child_wait_event) ... ok
test_symbol_name_cannot_hide_wrong_source_bytes (test_p8_recovery.RecoveryControls.test_symbol_name_cannot_hide_wrong_source_bytes) ... ok
test_both_original_manifest_formats_expose_the_bound_schema (test_p8_recovery.RollbackManifestControls.test_both_original_manifest_formats_expose_the_bound_schema) ... ok
test_duplicate_map_keys_and_wrong_counts_are_rejected (test_p8_recovery.RollbackManifestControls.test_duplicate_map_keys_and_wrong_counts_are_rejected) ... ok
test_duplicate_paths_or_invalid_manifest_shapes_are_rejected (test_p8_recovery.RollbackManifestControls.test_duplicate_paths_or_invalid_manifest_shapes_are_rejected) ... ok
test_schema_read_rechecks_manifest_and_source_after_identity (test_p8_recovery.RollbackManifestControls.test_schema_read_rechecks_manifest_and_source_after_identity) ... ok
test_schema_version_is_parsed_from_the_same_bytes_as_its_digest (test_p8_recovery.RollbackManifestControls.test_schema_version_is_parsed_from_the_same_bytes_as_its_digest) ... ok
test_archive_existing_run_is_unchanged (test_p8_release_evidence.ReleaseEvidenceTests.test_archive_existing_run_is_unchanged) ... ok
test_archive_payload_missing_extra_and_checksum_tampering (test_p8_release_evidence.ReleaseEvidenceTests.test_archive_payload_missing_extra_and_checksum_tampering) ... ok
test_archive_roundtrip_and_offline_portability_with_external_checksum (test_p8_release_evidence.ReleaseEvidenceTests.test_archive_roundtrip_and_offline_portability_with_external_checksum) ... ok
test_candidate_snapshot_corruption_and_manifest_digest_are_detected (test_p8_release_evidence.ReleaseEvidenceTests.test_candidate_snapshot_corruption_and_manifest_digest_are_detected) ... ok
test_cli_success_invalid_and_failed_gate_exit_codes (test_p8_release_evidence.ReleaseEvidenceTests.test_cli_success_invalid_and_failed_gate_exit_codes) ... ok
test_corpus_added_deleted_and_symlink_files_are_rejected (test_p8_release_evidence.ReleaseEvidenceTests.test_corpus_added_deleted_and_symlink_files_are_rejected) ... ok
test_corpus_output_overlap_and_holdout_subtree_are_rejected (test_p8_release_evidence.ReleaseEvidenceTests.test_corpus_output_overlap_and_holdout_subtree_are_rejected) ... ok
test_directory_and_fifo_inputs_fail_without_blocking (test_p8_release_evidence.ReleaseEvidenceTests.test_directory_and_fifo_inputs_fail_without_blocking) ... ok
test_dirty_added_and_deleted_inputs_remain_explicit (test_p8_release_evidence.ReleaseEvidenceTests.test_dirty_added_and_deleted_inputs_remain_explicit) ... ok
test_environment_allowlist_omits_credentials_and_detects_drift (test_p8_release_evidence.ReleaseEvidenceTests.test_environment_allowlist_omits_credentials_and_detects_drift) ... ok
test_every_external_input_is_rechecked (test_p8_release_evidence.ReleaseEvidenceTests.test_every_external_input_is_rechecked) ... ok
test_evidence_drift_during_copy_retains_partial_and_prior_latest (test_p8_release_evidence.ReleaseEvidenceTests.test_evidence_drift_during_copy_retains_partial_and_prior_latest) ... ok
test_evidence_self_containment_symlinks_and_unsafe_names (test_p8_release_evidence.ReleaseEvidenceTests.test_evidence_self_containment_symlinks_and_unsafe_names) ... ok
test_executable_metadata_drift_is_rejected (test_p8_release_evidence.ReleaseEvidenceTests.test_executable_metadata_drift_is_rejected) ... ok
test_existing_candidate_and_even_empty_output_are_never_overwritten (test_p8_release_evidence.ReleaseEvidenceTests.test_existing_candidate_and_even_empty_output_are_never_overwritten) ... ok
test_failure_and_native_success_archive_without_promoting_latest (test_p8_release_evidence.ReleaseEvidenceTests.test_failure_and_native_success_archive_without_promoting_latest) ... ok
test_fake_model_requires_full_identity (test_p8_release_evidence.ReleaseEvidenceTests.test_fake_model_requires_full_identity) ... ok
test_file_json_git_tree_and_total_budgets (test_p8_release_evidence.ReleaseEvidenceTests.test_file_json_git_tree_and_total_budgets) ... ok
test_freeze_binds_exact_bytes_and_declares_build_limit (test_p8_release_evidence.ReleaseEvidenceTests.test_freeze_binds_exact_bytes_and_declares_build_limit) ... ok
test_gate_binding_and_exit_mismatch_reject_before_archive (test_p8_release_evidence.ReleaseEvidenceTests.test_gate_binding_and_exit_mismatch_reject_before_archive) ... ok
test_head_change_with_same_source_bytes_is_drift (test_p8_release_evidence.ReleaseEvidenceTests.test_head_change_with_same_source_bytes_is_drift) ... ok
test_input_mutation_during_stream_is_detected (test_p8_release_evidence.ReleaseEvidenceTests.test_input_mutation_during_stream_is_detected) ... ok
test_invalid_corpus_and_duplicate_json_keys_fail_closed (test_p8_release_evidence.ReleaseEvidenceTests.test_invalid_corpus_and_duplicate_json_keys_fail_closed) ... ok
test_latest_symlink_or_unrelated_file_is_not_overwritten (test_p8_release_evidence.ReleaseEvidenceTests.test_latest_symlink_or_unrelated_file_is_not_overwritten) ... ok
test_live_model_and_credential_config_are_rejected (test_p8_release_evidence.ReleaseEvidenceTests.test_live_model_and_credential_config_are_rejected) ... ok
test_local_pass_requires_raw_metrics_and_report (test_p8_release_evidence.ReleaseEvidenceTests.test_local_pass_requires_raw_metrics_and_report) ... ok
test_metadata_only_candidate_is_explicit_and_cannot_promote_latest (test_p8_release_evidence.ReleaseEvidenceTests.test_metadata_only_candidate_is_explicit_and_cannot_promote_latest) ... ok
test_overlapping_scopes_and_output_source_are_rejected (test_p8_release_evidence.ReleaseEvidenceTests.test_overlapping_scopes_and_output_source_are_rejected) ... ok
test_partial_copy_remains_incomplete_and_retry_cannot_overwrite (test_p8_release_evidence.ReleaseEvidenceTests.test_partial_copy_remains_incomplete_and_retry_cannot_overwrite) ... ok
test_query_and_gold_body_drift_with_unchanged_metadata_is_rejected (test_p8_release_evidence.ReleaseEvidenceTests.test_query_and_gold_body_drift_with_unchanged_metadata_is_rejected) ... ok
test_rehashed_manifest_still_cannot_escape_snapshot_directory (test_p8_release_evidence.ReleaseEvidenceTests.test_rehashed_manifest_still_cannot_escape_snapshot_directory) ... ok
test_staged_change_without_worktree_change_is_drift (test_p8_release_evidence.ReleaseEvidenceTests.test_staged_change_without_worktree_change_is_drift) ... ok
test_submodule_index_is_rejected (test_p8_release_evidence.ReleaseEvidenceTests.test_submodule_index_is_rejected) ... ok
test_symlink_source_and_input_parent_are_rejected (test_p8_release_evidence.ReleaseEvidenceTests.test_symlink_source_and_input_parent_are_rejected) ... ok
test_tracked_content_drift_rejects_archive_without_latest (test_p8_release_evidence.ReleaseEvidenceTests.test_tracked_content_drift_rejects_archive_without_latest) ... ok
test_tracked_deletion_is_drift (test_p8_release_evidence.ReleaseEvidenceTests.test_tracked_deletion_is_drift) ... ok
test_unmerged_index_is_rejected (test_p8_release_evidence.ReleaseEvidenceTests.test_unmerged_index_is_rejected) ... ok
test_unsafe_scopes_and_holdout_paths_are_rejected_before_read (test_p8_release_evidence.ReleaseEvidenceTests.test_unsafe_scopes_and_holdout_paths_are_rejected_before_read) ... ok
test_untracked_and_ignored_additions_are_drift (test_p8_release_evidence.ReleaseEvidenceTests.test_untracked_and_ignored_additions_are_drift) ... ok
test_actual_record_fields_expose_stale_candidate_and_inputs (test_p8_release_review.ReleaseReviewTests.test_actual_record_fields_expose_stale_candidate_and_inputs) ... ok
test_counts_are_recomputed_and_repository_evidence_is_not_an_authority (test_p8_release_review.ReleaseReviewTests.test_counts_are_recomputed_and_repository_evidence_is_not_an_authority) ... ok
test_definition_snapshot_cannot_change_its_own_oracle (test_p8_release_review.ReleaseReviewTests.test_definition_snapshot_cannot_change_its_own_oracle) ... ok
test_duplicate_nonfinite_and_oversized_json_fail_closed (test_p8_release_review.ReleaseReviewTests.test_duplicate_nonfinite_and_oversized_json_fail_closed) ... ok
test_floating_pins_and_self_asserted_trust_switches_are_rejected (test_p8_release_review.ReleaseReviewTests.test_floating_pins_and_self_asserted_trust_switches_are_rejected) ... ok
test_git_reads_only_exact_bounded_regular_objects (test_p8_release_review.ReleaseReviewTests.test_git_reads_only_exact_bounded_regular_objects) ... ok
test_live_missing_and_optional_judge_p9_do_not_create_local_dependencies (test_p8_release_review.ReleaseReviewTests.test_live_missing_and_optional_judge_p9_do_not_create_local_dependencies) ... ok
test_missing_pointer_partial_scope_and_failure_are_retained (test_p8_release_review.ReleaseReviewTests.test_missing_pointer_partial_scope_and_failure_are_retained) ... ok
test_missing_records_block_both_profiles_even_when_all_tasks_claim_done (test_p8_release_review.ReleaseReviewTests.test_missing_records_block_both_profiles_even_when_all_tasks_claim_done) ... ok
test_only_selected_profiles_and_required_tasks_supply_declared_coverage (test_p8_release_review.ReleaseReviewTests.test_only_selected_profiles_and_required_tasks_supply_declared_coverage) ... ok
test_opaque_manifest_hash_is_not_compared_as_the_source_inventory_digest (test_p8_release_review.ReleaseReviewTests.test_opaque_manifest_hash_is_not_compared_as_the_source_inventory_digest) ... ok
test_original_local_and_semantic_dependency_scopes_are_separate (test_p8_release_review.ReleaseReviewTests.test_original_local_and_semantic_dependency_scopes_are_separate) ... ok
test_original_scope_acceptance_dependencies_and_conditions_cannot_be_rewritten (test_p8_release_review.ReleaseReviewTests.test_original_scope_acceptance_dependencies_and_conditions_cannot_be_rewritten) ... ok
test_paper_complete_and_done_claims_never_grant_release_authority (test_p8_release_review.ReleaseReviewTests.test_paper_complete_and_done_claims_never_grant_release_authority) ... ok
test_raw_record_digest_and_inventory_cannot_be_substituted (test_p8_release_review.ReleaseReviewTests.test_raw_record_digest_and_inventory_cannot_be_substituted) ... ok
test_real_cli_reads_fixed_git_state_and_keeps_profiles_nonzero (test_p8_release_review.ReleaseReviewTests.test_real_cli_reads_fixed_git_state_and_keeps_profiles_nonzero) ... ok
test_task_inventory_duplicates_missing_unknown_and_schema_are_rejected (test_p8_release_review.ReleaseReviewTests.test_task_inventory_duplicates_missing_unknown_and_schema_are_rejected) ... ok
test_unfinished_parent_gate_remains_visible_under_done_children (test_p8_release_review.ReleaseReviewTests.test_unfinished_parent_gate_remains_visible_under_done_children) ... ok
test_unknown_record_scope_task_coverage_pointer_and_duplicates_reject (test_p8_release_review.ReleaseReviewTests.test_unknown_record_scope_task_coverage_pointer_and_duplicates_reject) ... ok
test_invalid_pid_and_owner_are_rejected (test_p8_resources.ResourcesTest.test_invalid_pid_and_owner_are_rejected) ... ok
test_live_owned_child_is_attributed_or_explicitly_unavailable (test_p8_resources.ResourcesTest.test_live_owned_child_is_attributed_or_explicitly_unavailable) ... ok
test_missing_descendant_io_and_wrong_owner_never_lower_tree_total (test_p8_resources.ResourcesTest.test_missing_descendant_io_and_wrong_owner_never_lower_tree_total) ... ok
test_namespace_status_rejects_conflicting_identity (test_p8_resources.ResourcesTest.test_namespace_status_rejects_conflicting_identity) ... ok
test_real_owned_tree_fixture_and_reused_pid_are_not_confused (test_p8_resources.ResourcesTest.test_real_owned_tree_fixture_and_reused_pid_are_not_confused) ... ok
test_stat_parser_keeps_units_and_handles_comm_delimiters (test_p8_resources.ResourcesTest.test_stat_parser_keeps_units_and_handles_comm_delimiters) ... ok
test_caller_supplied_cleanup_paths_are_never_accepted (test_p8_runner_capacity.HostedCapacitySafetyTests.test_caller_supplied_cleanup_paths_are_never_accepted) ... ok
test_current_workspace_and_self_hosted_execution_cannot_invoke_a_command (test_p8_runner_capacity.HostedCapacitySafetyTests.test_current_workspace_and_self_hosted_execution_cannot_invoke_a_command) ... ok
test_fixed_privileged_argv_uses_same_privilege_group_supervision (test_p8_runner_capacity.HostedCapacitySafetyTests.test_fixed_privileged_argv_uses_same_privilege_group_supervision) ... ok
test_outer_timeout_is_explicitly_unsealed_and_keeps_actual_argv (test_p8_runner_capacity.HostedCapacitySafetyTests.test_outer_timeout_is_explicitly_unsealed_and_keeps_actual_argv) ... ok
test_real_unprivileged_failure_keeps_started_argv_and_terminal_receipt (test_p8_runner_capacity.HostedCapacitySafetyTests.test_real_unprivileged_failure_keeps_started_argv_and_terminal_receipt) ... ok
test_real_unprivileged_timeout_kills_parent_and_its_child_group (test_p8_runner_capacity.HostedCapacitySafetyTests.test_real_unprivileged_timeout_kills_parent_and_its_child_group) ... ok
test_registered_requirement_is_not_discounted_for_available_space (test_p8_runner_capacity.HostedCapacitySafetyTests.test_registered_requirement_is_not_discounted_for_available_space) ... ok
test_symlink_ancestor_and_protected_overlap_are_rejected (test_p8_runner_capacity.HostedCapacitySafetyTests.test_symlink_ancestor_and_protected_overlap_are_rejected) ... ok
test_all_stopped_seal_contract (test_p8_runtime.OwnedWriterSealControls.test_all_stopped_seal_contract) ... ok
test_comparison_construction_failure_seal_contract (test_p8_runtime.OwnedWriterSealControls.test_comparison_construction_failure_seal_contract) ... ok
test_comparison_reader_alive_seal_contract (test_p8_runtime.OwnedWriterSealControls.test_comparison_reader_alive_seal_contract) ... ok
test_comparison_watcher_alive_seal_contract (test_p8_runtime.OwnedWriterSealControls.test_comparison_watcher_alive_seal_contract) ... ok
test_main_construction_failure_seal_contract (test_p8_runtime.OwnedWriterSealControls.test_main_construction_failure_seal_contract) ... ok
test_main_reader_alive_seal_contract (test_p8_runtime.OwnedWriterSealControls.test_main_reader_alive_seal_contract) ... ok
test_main_watcher_alive_seal_contract (test_p8_runtime.OwnedWriterSealControls.test_main_watcher_alive_seal_contract) ... ok
test_sampler_alive_seal_contract (test_p8_runtime.OwnedWriterSealControls.test_sampler_alive_seal_contract) ... ok
test_stopped_close_error_seal_contract (test_p8_runtime.OwnedWriterSealControls.test_stopped_close_error_seal_contract) ... ok
test_worker_unfinished_seal_contract (test_p8_runtime.OwnedWriterSealControls.test_worker_unfinished_seal_contract) ... ok
test_completed_unequal_oracle_preserves_gate_failure_and_all_statistics (test_p8_runtime.RuntimeDriverControls.test_completed_unequal_oracle_preserves_gate_failure_and_all_statistics) ... ok
test_equal_oracle_retains_successful_observation (test_p8_runtime.RuntimeDriverControls.test_equal_oracle_retains_successful_observation) ... ok
test_existing_drain_deadline_preserves_canceled_outcomes_and_bounds (test_p8_runtime.RuntimeDriverControls.test_existing_drain_deadline_preserves_canceled_outcomes_and_bounds) ... ok
test_keyboard_interrupt_records_failure_before_and_after_drain (test_p8_runtime.RuntimeDriverControls.test_keyboard_interrupt_records_failure_before_and_after_drain) ... ok
test_oracle_execution_error_remains_driver_failure (test_p8_runtime.RuntimeDriverControls.test_oracle_execution_error_remains_driver_failure) ... ok
test_raw_budget_failure_cancels_and_joins_before_sealing (test_p8_runtime.RuntimeDriverControls.test_raw_budget_failure_cancels_and_joins_before_sealing) ... ok
test_submit_failure_retains_offered_attempt_and_releases_slot (test_p8_runtime.RuntimeDriverControls.test_submit_failure_retains_offered_attempt_and_releases_slot) ... ok
test_clustered_rss_cannot_certify_an_hour (test_p8_runtime.RuntimeEvidenceTests.test_clustered_rss_cannot_certify_an_hour) ... ok
test_exact_public_hit_rejects_query_echo_and_wrong_path (test_p8_runtime.RuntimeEvidenceTests.test_exact_public_hit_rejects_query_echo_and_wrong_path) ... ok
test_existing_memory_threshold_is_preserved (test_p8_runtime.RuntimeEvidenceTests.test_existing_memory_threshold_is_preserved) ... ok
test_failed_outcomes_still_enter_latency_denominator (test_p8_runtime.RuntimeEvidenceTests.test_failed_outcomes_still_enter_latency_denominator) ... ok
test_mutations_use_real_git_and_do_not_grow_source (test_p8_runtime.RuntimeEvidenceTests.test_mutations_use_real_git_and_do_not_grow_source) ... ok
test_raw_is_exclusive_and_preserves_every_row (test_p8_runtime.RuntimeEvidenceTests.test_raw_is_exclusive_and_preserves_every_row) ... ok
test_unowned_git_mutation_is_refused (test_p8_runtime.RuntimeEvidenceTests.test_unowned_git_mutation_is_refused) ... ok
test_zero_or_missing_rss_cannot_pass (test_p8_runtime.RuntimeEvidenceTests.test_zero_or_missing_rss_cannot_pass) ... ok
test_equal_oracle_still_keeps_passing_statistics (test_p8_runtime.RuntimeFailureLifecycleTests.test_equal_oracle_still_keeps_passing_statistics) ... ok
test_oracle_difference_keeps_statistics_and_failure_exit_one (test_p8_runtime.RuntimeFailureLifecycleTests.test_oracle_difference_keeps_statistics_and_failure_exit_one) ... ok
test_oracle_infrastructure_failure_stays_exit_two (test_p8_runtime.RuntimeFailureLifecycleTests.test_oracle_infrastructure_failure_stays_exit_two) ... ok
test_original_drain_deadline_has_one_cleanup_wait_and_all_terminal_rows (test_p8_runtime.RuntimeFailureLifecycleTests.test_original_drain_deadline_has_one_cleanup_wait_and_all_terminal_rows) ... ok
test_raw_budget_abort_drains_actual_worker_before_sealing (test_p8_runtime.RuntimeFailureLifecycleTests.test_raw_budget_abort_drains_actual_worker_before_sealing) ... ok
test_unconfirmed_worker_shutdown_cannot_create_a_seal (test_p8_runtime.RuntimeFailureLifecycleTests.test_unconfirmed_worker_shutdown_cannot_create_a_seal) ... ok
test_exhausted_raw_sidecar_keeps_metadata_without_nested_response_bodies (test_p8_runtime_cache.CacheTerminalRetentionTests.test_exhausted_raw_sidecar_keeps_metadata_without_nested_response_bodies) ... ok
test_failed_request_prefix_and_non_cache_terminal_metadata_are_preserved (test_p8_runtime_cache.CacheTerminalRetentionTests.test_failed_request_prefix_and_non_cache_terminal_metadata_are_preserved) ... ok
test_cache_hit_cannot_hide_stale_source_or_wrong_entity (test_p8_runtime_cache.SoakCacheProtocolTests.test_cache_hit_cannot_hide_stale_source_or_wrong_entity) ... ok
test_clustered_cache_receipts_cannot_certify_temporal_reuse (test_p8_runtime_cache.SoakCacheProtocolTests.test_clustered_cache_receipts_cannot_certify_temporal_reuse) ... ok
test_cross_generation_or_server_cannot_be_cache_receipt (test_p8_runtime_cache.SoakCacheProtocolTests.test_cross_generation_or_server_cannot_be_cache_receipt) ... ok
test_each_failed_request_prefix_keeps_actual_counts_no_invented_attempts (test_p8_runtime_cache.SoakCacheProtocolTests.test_each_failed_request_prefix_keeps_actual_counts_no_invented_attempts) ... ok
test_missing_original_call_or_changed_request_is_rejected (test_p8_runtime_cache.SoakCacheProtocolTests.test_missing_original_call_or_changed_request_is_rejected) ... ok
test_observed_wire_status_has_outer_and_nested_matching_freshness (test_p8_runtime_cache.SoakCacheProtocolTests.test_observed_wire_status_has_outer_and_nested_matching_freshness) ... ok
test_real_generation_rule_includes_noop_hit_and_refill_then_hit (test_p8_runtime_cache.SoakCacheProtocolTests.test_real_generation_rule_includes_noop_hit_and_refill_then_hit) ... ok
test_shared_pool_counters_must_progress_without_reset_or_rejection (test_p8_runtime_cache.SoakCacheProtocolTests.test_shared_pool_counters_must_progress_without_reset_or_rejection) ... ok
test_spread_offers_with_clustered_actual_calls_do_not_cover_four_quarters (test_p8_runtime_cache.SoakCacheProtocolTests.test_spread_offers_with_clustered_actual_calls_do_not_cover_four_quarters) ... ok
test_summary_keeps_original_operation_N_and_explicit_rpc_totals_and_quarters (test_p8_runtime_cache.SoakCacheProtocolTests.test_summary_keeps_original_operation_N_and_explicit_rpc_totals_and_quarters) ... ok
test_summary_rejects_missing_raw_changed_receipt_or_preceding_mutation (test_p8_runtime_cache.SoakCacheProtocolTests.test_summary_rejects_missing_raw_changed_receipt_or_preceding_mutation) ... ok
test_wrong_hit_after_invalidation_and_wrong_miss_same_generation_fail (test_p8_runtime_cache.SoakCacheProtocolTests.test_wrong_hit_after_invalidation_and_wrong_miss_same_generation_fail) ... ok
test_zero_ambiguous_reset_missing_and_boolean_counters_rejected (test_p8_runtime_cache.SoakCacheProtocolTests.test_zero_ambiguous_reset_missing_and_boolean_counters_rejected) ... ok
test_every_decision_input_including_stderr_plan_rpc_and_sqlite_is_sealed (test_p8_runtime_evidence.RuntimeArtifactSealTests.test_every_decision_input_including_stderr_plan_rpc_and_sqlite_is_sealed) ... ok
test_missing_extra_and_symlink_artifacts_are_rejected (test_p8_runtime_evidence.RuntimeArtifactSealTests.test_missing_extra_and_symlink_artifacts_are_rejected) ... ok
test_complete_contract_checks_every_original_and_retained_artifact (test_p8_runtime_evidence.RuntimeBuildBindingTests.test_complete_contract_checks_every_original_and_retained_artifact) ... ok
test_deleted_original_target_does_not_gain_cross_job_build_approval (test_p8_runtime_evidence.RuntimeBuildBindingTests.test_deleted_original_target_does_not_gain_cross_job_build_approval) ... ok
test_different_compiler_or_rewritten_compiler_bytes_are_rejected (test_p8_runtime_evidence.RuntimeBuildBindingTests.test_different_compiler_or_rewritten_compiler_bytes_are_rejected) ... ok
test_foreign_checkout_with_identical_suffix_is_rejected (test_p8_runtime_evidence.RuntimeBuildBindingTests.test_foreign_checkout_with_identical_suffix_is_rejected) ... ok
test_loaded_foreign_module_cannot_borrow_a_committed_file_hash (test_p8_runtime_evidence.RuntimeBuildBindingTests.test_loaded_foreign_module_cannot_borrow_a_committed_file_hash) ... ok
test_missing_or_outside_target_original_executable_is_rejected (test_p8_runtime_evidence.RuntimeBuildBindingTests.test_missing_or_outside_target_original_executable_is_rejected) ... ok
test_original_log_mutation_is_detected_by_the_build_seal (test_p8_runtime_evidence.RuntimeBuildBindingTests.test_original_log_mutation_is_detected_by_the_build_seal) ... ok
test_private_environment_rejects_existing_target_and_overrides_build_configuration (test_p8_runtime_evidence.RuntimeBuildBindingTests.test_private_environment_rejects_existing_target_and_overrides_build_configuration) ... ok
test_replaced_binary_cannot_be_rebound_with_only_a_self_reported_hash (test_p8_runtime_evidence.RuntimeBuildBindingTests.test_replaced_binary_cannot_be_rebound_with_only_a_self_reported_hash) ... ok
test_rewritten_command_or_missing_statistics_artifact_is_rejected (test_p8_runtime_evidence.RuntimeBuildBindingTests.test_rewritten_command_or_missing_statistics_artifact_is_rejected) ... ok
test_second_check_rejects_original_executable_changed_after_admission (test_p8_runtime_evidence.RuntimeBuildBindingTests.test_second_check_rejects_original_executable_changed_after_admission) ... ok
test_shared_target_or_fresh_workspace_artifact_cannot_pass (test_p8_runtime_evidence.RuntimeBuildBindingTests.test_shared_target_or_fresh_workspace_artifact_cannot_pass) ... ok
test_source_and_observer_changes_are_rejected_after_initial_verification (test_p8_runtime_evidence.RuntimeBuildBindingTests.test_source_and_observer_changes_are_rejected_after_initial_verification) ... ok
test_capacity_raw_still_requires_original_fanout_pressure_and_exact_oracle_profile (test_p8_scale_matrix.CapacityControls.test_capacity_raw_still_requires_original_fanout_pressure_and_exact_oracle_profile) ... ok
test_capacity_streaming_limits_cannot_silently_change (test_p8_scale_matrix.CapacityControls.test_capacity_streaming_limits_cannot_silently_change) ... ok
test_heterogeneous_hosts_retain_every_sample_in_explicit_strata_without_pooling (test_p8_scale_matrix.CapacityControls.test_heterogeneous_hosts_retain_every_sample_in_explicit_strata_without_pooling) ... ok
test_insufficient_disk_is_sealed_not_run_and_never_launches_native (test_p8_scale_matrix.CapacityControls.test_insufficient_disk_is_sealed_not_run_and_never_launches_native) ... ok
test_new_capacity_is_explicit_and_retains_original_population_and_fanout (test_p8_scale_matrix.CapacityControls.test_new_capacity_is_explicit_and_retains_original_population_and_fanout) ... ok
test_new_profile_cannot_mix_sources_infer_hosts_or_be_selected_implicitly (test_p8_scale_matrix.CapacityControls.test_new_profile_cannot_mix_sources_infer_hosts_or_be_selected_implicitly) ... ok
test_loaded_driver_and_helper_must_equal_their_committed_git_blobs (test_p8_scale_matrix.DriverIdentityControls.test_loaded_driver_and_helper_must_equal_their_committed_git_blobs) ... ok
test_all_five_scales_and_thirty_repetitions_are_required (test_p8_scale_matrix.MatrixControls.test_all_five_scales_and_thirty_repetitions_are_required) ... ok
test_cargo_release_profile_and_semantic_feature_lies_are_rejected (test_p8_scale_matrix.MatrixControls.test_cargo_release_profile_and_semantic_feature_lies_are_rejected) ... ok
test_duplicate_global_repetition_cannot_hide_a_missing_sample (test_p8_scale_matrix.MatrixControls.test_duplicate_global_repetition_cannot_hide_a_missing_sample) ... ok
test_fanout_population_is_counted_once_not_per_scale (test_p8_scale_matrix.MatrixControls.test_fanout_population_is_counted_once_not_per_scale) ... ok
test_missing_or_duplicated_shards_cannot_be_complete (test_p8_scale_matrix.MatrixControls.test_missing_or_duplicated_shards_cannot_be_complete) ... ok
test_preserved_source_manifest_is_recomputed_not_only_compared_by_name (test_p8_scale_matrix.MatrixControls.test_preserved_source_manifest_is_recomputed_not_only_compared_by_name) ... ok
test_registered_population_and_native_limits_are_not_weakened (test_p8_scale_matrix.MatrixControls.test_registered_population_and_native_limits_are_not_weakened) ... ok
test_same_seed_input_drift_is_rejected (test_p8_scale_matrix.MatrixControls.test_same_seed_input_drift_is_rejected) ... ok
test_source_binary_environment_and_profile_drift_are_rejected (test_p8_scale_matrix.MatrixControls.test_source_binary_environment_and_profile_drift_are_rejected) ... ok
test_unobserved_budget_overflow_cannot_be_inferred_from_requested_fanout (test_p8_scale_matrix.MatrixControls.test_unobserved_budget_overflow_cannot_be_inferred_from_requested_fanout) ... ok
test_matching_suffix_cannot_hide_a_foreign_producer_checkout (test_p8_scale_matrix.PortableBuildOriginControls.test_matching_suffix_cannot_hide_a_foreign_producer_checkout) ... ok
test_original_command_target_and_cargo_executable_must_agree (test_p8_scale_matrix.PortableBuildOriginControls.test_original_command_target_and_cargo_executable_must_agree) ... ok
test_portable_archive_retains_copy_identity_after_the_producer_vm_is_gone (test_p8_scale_matrix.PortableBuildOriginControls.test_portable_archive_retains_copy_identity_after_the_producer_vm_is_gone) ... ok
test_resealed_copy_claims_cannot_replace_original_producer_bytes_or_path (test_p8_scale_matrix.PortableBuildOriginControls.test_resealed_copy_claims_cannot_replace_original_producer_bytes_or_path) ... ok
test_boolean_is_not_an_observed_zero_latency (test_p8_scale_matrix.RawControls.test_boolean_is_not_an_observed_zero_latency) ... ok
test_complete_original_raw_population_replays (test_p8_scale_matrix.RawControls.test_complete_original_raw_population_replays) ... ok
test_config_fact_cannot_pass_with_a_stale_target (test_p8_scale_matrix.RawControls.test_config_fact_cannot_pass_with_a_stale_target) ... ok
test_config_mutation_and_independent_target_are_both_verified (test_p8_scale_matrix.RawControls.test_config_mutation_and_independent_target_are_both_verified) ... ok
test_duplicate_and_missing_builds_are_rejected (test_p8_scale_matrix.RawControls.test_duplicate_and_missing_builds_are_rejected) ... ok
test_exact_batch_cannot_be_shrunk (test_p8_scale_matrix.RawControls.test_exact_batch_cannot_be_shrunk) ... ok
test_false_budget_claim_is_rejected (test_p8_scale_matrix.RawControls.test_false_budget_claim_is_rejected) ... ok
test_fanout_full_facts_and_hand_assertions_are_replayed (test_p8_scale_matrix.RawControls.test_fanout_full_facts_and_hand_assertions_are_replayed) ... ok
test_green_summary_cannot_replace_missing_canonical_table (test_p8_scale_matrix.RawControls.test_green_summary_cannot_replace_missing_canonical_table) ... ok
test_incomplete_original_report_cannot_be_masked_by_passed_stage (test_p8_scale_matrix.RawControls.test_incomplete_original_report_cannot_be_masked_by_passed_stage) ... ok
test_json_duplicate_keys_and_nonfinite_numbers_fail_closed (test_p8_scale_matrix.RawControls.test_json_duplicate_keys_and_nonfinite_numbers_fail_closed) ... ok
test_missing_staging_and_unaccounted_stage_time_cannot_be_certified (test_p8_scale_matrix.RawControls.test_missing_staging_and_unaccounted_stage_time_cannot_be_certified) ... ok
test_noop_must_retain_zero_actual_file_changes (test_p8_scale_matrix.RawControls.test_noop_must_retain_zero_actual_file_changes) ... ok
test_partial_last_json_line_is_never_accepted (test_p8_scale_matrix.RawControls.test_partial_last_json_line_is_never_accepted) ... ok
test_raw_budget_exhaustion_cannot_certify_a_prefix (test_p8_scale_matrix.RawControls.test_raw_budget_exhaustion_cannot_certify_a_prefix) ... ok
test_separate_fanout_can_only_be_omitted_by_explicit_partial_plan (test_p8_scale_matrix.RawControls.test_separate_fanout_can_only_be_omitted_by_explicit_partial_plan) ... ok
test_signed_zero_value_equality_does_not_require_same_digest (test_p8_scale_matrix.RawControls.test_signed_zero_value_equality_does_not_require_same_digest) ... ok
test_unknown_failure_event_is_rejected (test_p8_scale_matrix.RawControls.test_unknown_failure_event_is_rejected) ... ok
test_approval_scope_window_and_caps_are_required (test_p8_semantic_certification.SemanticCertificationTests.test_approval_scope_window_and_caps_are_required) ... ok
test_candidate_actual_bytes_are_rechecked (test_p8_semantic_certification.SemanticCertificationTests.test_candidate_actual_bytes_are_rechecked) ... ok
test_clean_heldout_metadata_is_cross_checked (test_p8_semantic_certification.SemanticCertificationTests.test_clean_heldout_metadata_is_cross_checked) ... ok
test_complete_pairs_unique_attempts_and_known_status_required (test_p8_semantic_certification.SemanticCertificationTests.test_complete_pairs_unique_attempts_and_known_status_required) ... ok
test_complete_paper_metadata_passes_structure_but_cannot_certify (test_p8_semantic_certification.SemanticCertificationTests.test_complete_paper_metadata_passes_structure_but_cannot_certify) ... ok
test_corpus_query_gold_source_and_case_bindings_cannot_drift (test_p8_semantic_certification.SemanticCertificationTests.test_corpus_query_gold_source_and_case_bindings_cannot_drift) ... ok
test_cost_provenance_and_decimal_amounts_are_strict (test_p8_semantic_certification.SemanticCertificationTests.test_cost_provenance_and_decimal_amounts_are_strict) ... ok
test_custody_inventory_duplicates_digests_and_minimums (test_p8_semantic_certification.SemanticCertificationTests.test_custody_inventory_duplicates_digests_and_minimums) ... ok
test_duplicate_nonfinite_oversize_and_malformed_json_are_retained_as_invalid (test_p8_semantic_certification.SemanticCertificationTests.test_duplicate_nonfinite_oversize_and_malformed_json_are_retained_as_invalid) ... ok
test_errors_remain_in_all_attempt_denominator_and_missing_timing_is_not_zero (test_p8_semantic_certification.SemanticCertificationTests.test_errors_remain_in_all_attempt_denominator_and_missing_timing_is_not_zero) ... ok
test_estimated_unknown_and_missing_costs_do_not_become_reported (test_p8_semantic_certification.SemanticCertificationTests.test_estimated_unknown_and_missing_costs_do_not_become_reported) ... ok
test_existing_output_is_never_overwritten (test_p8_semantic_certification.SemanticCertificationTests.test_existing_output_is_never_overwritten) ... ok
test_fake_local_http_and_loopback_provider_origins_block (test_p8_semantic_certification.SemanticCertificationTests.test_fake_local_http_and_loopback_provider_origins_block) ... ok
test_index_and_retry_costs_are_included_in_budget (test_p8_semantic_certification.SemanticCertificationTests.test_index_and_retry_costs_are_included_in_budget) ... ok
test_lock_requires_exact_actual_hash_and_semantic_kind (test_p8_semantic_certification.SemanticCertificationTests.test_lock_requires_exact_actual_hash_and_semantic_kind) ... ok
test_missing_drifted_symlink_and_traversal_inputs_fail_closed (test_p8_semantic_certification.SemanticCertificationTests.test_missing_drifted_symlink_and_traversal_inputs_fail_closed) ... ok
test_missing_evidence_is_blocked_including_every_required_role (test_p8_semantic_certification.SemanticCertificationTests.test_missing_evidence_is_blocked_including_every_required_role) ... ok
test_no_match_is_terminal_success_but_not_quality_gain (test_p8_semantic_certification.SemanticCertificationTests.test_no_match_is_terminal_success_but_not_quality_gain) ... ok
test_old_local_candidate_cannot_be_promoted (test_p8_semantic_certification.SemanticCertificationTests.test_old_local_candidate_cannot_be_promoted) ... ok
test_quality_is_recomputed_requires_pairs_and_never_authenticates_scorer (test_p8_semantic_certification.SemanticCertificationTests.test_quality_is_recomputed_requires_pairs_and_never_authenticates_scorer) ... ok
test_real_cli_blocks_absent_evidence_without_modifying_local_profile (test_p8_semantic_certification.SemanticCertificationTests.test_real_cli_blocks_absent_evidence_without_modifying_local_profile) ... ok
test_record_model_run_and_observed_revision_must_match (test_p8_semantic_certification.SemanticCertificationTests.test_record_model_run_and_observed_revision_must_match) ... ok
test_request_inventory_duplicates_and_success_response_are_checked (test_p8_semantic_certification.SemanticCertificationTests.test_request_inventory_duplicates_and_success_response_are_checked) ... ok
test_self_asserted_trust_override_is_rejected (test_p8_semantic_certification.SemanticCertificationTests.test_self_asserted_trust_override_is_rejected) ... ok

----------------------------------------------------------------------
Ran 402 tests in 107.051s

OK
{"status": "invalid_inputs", "exit_code": 2, "error_type": "Invalid", "release_certified": false}
{"status": "validated_inputs_only", "exit_code": 0, "release_certified": false}
