   Compiling smallvec v1.15.1
   Compiling syn v3.0.6
   Compiling stable_deref_trait v1.2.1
   Compiling futures-channel v0.3.32
   Compiling litemap v0.8.3
   Compiling parking_lot_core v0.9.12
   Compiling futures-util v0.3.32
   Compiling writeable v0.6.4
   Compiling parking_lot v0.12.5
   Compiling ring v0.17.14
   Compiling tokio v1.50.0
   Compiling utf8_iter v1.0.4
   Compiling icu_properties_data v2.3.0
   Compiling icu_normalizer_data v2.3.0
   Compiling synstructure v0.14.0
   Compiling zerovec-derive v0.11.6
   Compiling zerofrom-derive v0.1.8
   Compiling yoke-derive v0.8.4
   Compiling zerofrom v0.1.8
   Compiling displaydoc v0.2.7
   Compiling yoke v0.8.3
   Compiling http v1.5.0
   Compiling zerovec v0.11.8
   Compiling tinystr v0.8.4
   Compiling icu_locale_core v2.3.0
   Compiling potential_utf v0.1.6
   Compiling zerotrie v0.2.5
   Compiling icu_collections v2.3.0
   Compiling icu_provider v2.3.1
   Compiling zeroize v1.9.0
   Compiling percent-encoding v2.3.2
   Compiling http-body v1.1.0
   Compiling rustls-pki-types v1.15.1
   Compiling scheduled-thread-pool v0.2.7
   Compiling getrandom v0.2.17
   Compiling untrusted v0.9.0
   Compiling httparse v1.10.1
   Compiling r2d2 v0.8.10
   Compiling rusqlite v0.40.1
   Compiling icu_properties v2.3.0
   Compiling icu_normalizer v2.3.0
   Compiling try-lock v0.2.5
   Compiling rustls v0.23.45
   Compiling tower-service v0.3.3
   Compiling want v0.3.1
   Compiling r2d2_sqlite v0.35.0
   Compiling idna_adapter v1.2.2
   Compiling form_urlencoded v1.2.2
   Compiling atomic-waker v1.1.2
   Compiling rustls-webpki v0.103.15
   Compiling subtle v2.6.1
   Compiling hyper v1.11.1
   Compiling idna v1.1.0
   Compiling cc-db v1.0.0 (/tmp/codecortex-p7-014-recheck/crates/cc-db)
   Compiling futures-executor v0.3.32
   Compiling sync_wrapper v1.0.2
   Compiling tower-layer v0.3.3
   Compiling base64 v0.23.1
   Compiling ipnet v2.12.2
   Compiling tower v0.5.3
   Compiling hyper-util v0.1.21
   Compiling futures v0.3.32
   Compiling url v2.5.8
   Compiling webpki-roots v1.0.9
   Compiling ryu v1.0.23
   Compiling serde_urlencoded v0.7.1
   Compiling tower-http v0.6.11
   Compiling process-wrap v9.1.0
   Compiling http-body-util v0.1.5
   Compiling tokio-util v0.7.18
   Compiling tokio-stream v0.1.18
   Compiling rmcp v2.2.0
   Compiling tokio-rustls v0.26.5
   Compiling hyper-rustls v0.27.10
   Compiling reqwest v0.12.28
   Compiling cc-search v1.0.0 (/tmp/codecortex-p7-014-recheck/crates/cc-search)
   Compiling cc-index v1.0.0 (/tmp/codecortex-p7-014-recheck/crates/cc-index)
   Compiling cc-semantic v1.0.0 (/tmp/codecortex-p7-014-recheck/crates/cc-semantic)
   Compiling tracing-subscriber v0.3.23
   Compiling cc-server v1.0.0 (/tmp/codecortex-p7-014-recheck/crates/cc-server)
    Finished `test` profile [unoptimized] target(s) in 22.07s
     Running tests/p7_runtime_independent_review.rs (/tmp/p7-014-recheck-build/debug/deps/p7_runtime_independent_review-e3edf924be12f7ba)

running 3 tests
test close_after_response_before_publish_still_fences_old_worker ... ok
test retired_worker_cannot_clear_reopened_degradation_projection ... ok
test closing_one_inflight_call_does_not_charge_unstarted_documents ... ok

test result: ok. 3 passed; 0 failed; 0 ignored; 0 measured; 0 filtered out; finished in 0.25s
