    Updating crates.io index
 Downloading crates ...
  Downloaded chacha20 v0.10.2
  Downloaded httparse v1.10.1
  Downloaded http-body-util v0.1.5
  Downloaded base64 v0.23.1
  Downloaded icu_collections v2.3.0
  Downloaded icu_normalizer v2.3.0
  Downloaded icu_normalizer_data v2.3.0
  Downloaded http v1.5.0
  Downloaded displaydoc v0.2.7
  Downloaded icu_properties_data v2.3.0
  Downloaded icu_properties v2.3.0
  Downloaded icu_locale_core v2.3.0
  Downloaded hyper v1.11.1
  Downloaded atomic-waker v1.1.2
  Downloaded http-body v1.1.0
  Downloaded inotify v0.11.5
  Downloaded idna v1.1.0
  Downloaded icu_provider v2.3.1
  Downloaded form_urlencoded v1.2.2
  Downloaded idna_adapter v1.2.2
  Downloaded ipnet v2.12.2
  Downloaded inotify-sys v0.1.8
  Downloaded litemap v0.8.3
  Downloaded lru-slab v0.1.3
  Downloaded percent-encoding v2.3.2
  Downloaded notify-types v2.1.0
  Downloaded lru v0.18.2
  Downloaded notify v8.2.0
  Downloaded potential_utf v0.1.6
  Downloaded quinn v0.11.12
  Downloaded rand_pcg v0.10.2
  Downloaded quinn-proto v0.11.18
  Downloaded ryu v1.0.23
  Downloaded rustls-webpki v0.103.15
  Downloaded rustls-pki-types v1.15.1
  Downloaded hyper-util v0.1.21
  Downloaded rand v0.10.3
  Downloaded rustc-hash v2.1.3
  Downloaded reqwest v0.12.28
  Downloaded crossbeam-epoch v0.9.20
  Downloaded hyper-rustls v0.27.10
  Downloaded ring v0.17.14
  Downloaded tower-service v0.3.3
  Downloaded tinystr v0.8.4
  Downloaded synstructure v0.14.0
  Downloaded tokio-rustls v0.26.5
  Downloaded tower v0.5.3
  Downloaded syn v3.0.6
  Downloaded stable_deref_trait v1.2.1
  Downloaded tinyvec v1.13.3
  Downloaded tower-http v0.6.11
  Downloaded want v0.3.1
  Downloaded untrusted v0.9.0
  Downloaded try-lock v0.2.5
  Downloaded tower-layer v0.3.3
  Downloaded utf8_iter v1.0.4
  Downloaded serde_urlencoded v0.7.1
  Downloaded quinn-udp v0.5.15
  Downloaded sync_wrapper v1.0.2
  Downloaded subtle v2.6.1
  Downloaded writeable v0.6.4
  Downloaded rustls v0.23.45
  Downloaded yoke v0.8.3
  Downloaded zerofrom v0.1.8
  Downloaded yoke-derive v0.8.4
  Downloaded webpki-roots v1.0.9
  Downloaded zerofrom-derive v0.1.8
  Downloaded zeroize v1.9.0
  Downloaded zerovec-derive v0.11.6
  Downloaded url v2.5.8
  Downloaded zerovec v0.11.8
  Downloaded zerotrie v0.2.5
   Compiling smallvec v1.15.1
   Compiling syn v3.0.6
   Compiling stable_deref_trait v1.2.1
   Compiling futures-channel v0.3.32
   Compiling serde_json v1.0.149
   Compiling parking_lot_core v0.9.12
   Compiling futures-util v0.3.32
   Compiling litemap v0.8.3
   Compiling parking_lot v0.12.5
   Compiling writeable v0.6.4
   Compiling hashbrown v0.17.1
   Compiling tokio v1.50.0
   Compiling synstructure v0.14.0
   Compiling zerovec-derive v0.11.6
   Compiling zerofrom-derive v0.1.8
   Compiling yoke-derive v0.8.4
   Compiling displaydoc v0.2.7
   Compiling zerofrom v0.1.8
   Compiling ring v0.17.14
   Compiling yoke v0.8.3
   Compiling zerovec v0.11.8
   Compiling crossbeam-epoch v0.9.20
   Compiling zerotrie v0.2.5
   Compiling icu_normalizer_data v2.3.0
   Compiling utf8_iter v1.0.4
   Compiling icu_properties_data v2.3.0
   Compiling chacha20 v0.10.2
   Compiling tinystr v0.8.4
   Compiling potential_utf v0.1.6
   Compiling icu_locale_core v2.3.0
   Compiling icu_collections v2.3.0
   Compiling http v1.5.0
   Compiling icu_provider v2.3.1
   Compiling percent-encoding v2.3.2
   Compiling zeroize v1.9.0
   Compiling http-body v1.1.0
   Compiling rustls-pki-types v1.15.1
   Compiling rand v0.10.3
   Compiling hashlink v0.12.1
   Compiling scheduled-thread-pool v0.2.7
   Compiling getrandom v0.2.17
   Compiling untrusted v0.9.0
   Compiling httparse v1.10.1
   Compiling rusqlite v0.40.1
   Compiling r2d2 v0.8.10
   Compiling icu_properties v2.3.0
   Compiling icu_normalizer v2.3.0
   Compiling crossbeam-deque v0.8.6
   Compiling uuid v1.23.0
   Compiling cc-model v1.0.0 (/workspace/codecortex/crates/cc-model)
   Compiling tower-service v0.3.3
   Compiling try-lock v0.2.5
   Compiling rustls v0.23.45
   Compiling want v0.3.1
   Compiling r2d2_sqlite v0.35.0
   Compiling idna_adapter v1.2.2
   Compiling form_urlencoded v1.2.2
   Compiling atomic-waker v1.1.2
   Compiling inotify-sys v0.1.8
   Compiling subtle v2.6.1
   Compiling hyper v1.11.1
   Compiling rustls-webpki v0.103.15
   Compiling idna v1.1.0
   Compiling rayon-core v1.13.0
   Compiling futures-executor v0.3.32
   Compiling sync_wrapper v1.0.2
   Compiling base64 v0.23.1
   Compiling ipnet v2.12.2
   Compiling tower-layer v0.3.3
   Compiling rayon v1.11.0
   Compiling tower v0.5.3
   Compiling hyper-util v0.1.21
   Compiling tokio-rustls v0.26.5
   Compiling futures v0.3.32
   Compiling url v2.5.8
   Compiling webpki-roots v1.0.9
   Compiling lru v0.18.2
   Compiling ryu v1.0.23
   Compiling schemars v1.2.1
   Compiling serde_urlencoded v0.7.1
   Compiling hyper-rustls v0.27.10
   Compiling inotify v0.11.5
   Compiling cc-db v1.0.0 (/workspace/codecortex/crates/cc-db)
   Compiling cc-parsers v1.0.0 (/workspace/codecortex/crates/cc-parsers)
   Compiling tower-http v0.6.11
   Compiling process-wrap v9.1.0
   Compiling ignore v0.4.25
   Compiling http-body-util v0.1.5
   Compiling tokio-util v0.7.18
   Compiling tokio-stream v0.1.18
   Compiling notify-types v2.1.0
   Compiling rmcp v2.2.0
   Compiling tracing-subscriber v0.3.23
   Compiling cc-semantic v1.0.0 (/workspace/codecortex/crates/cc-semantic)
   Compiling cc-search v1.0.0 (/workspace/codecortex/crates/cc-search)
   Compiling cc-index v1.0.0 (/workspace/codecortex/crates/cc-index)
   Compiling notify v8.2.0
   Compiling reqwest v0.12.28
   Compiling cc-server v1.0.0 (/workspace/codecortex/crates/cc-server)
    Finished `test` profile [unoptimized + debuginfo] target(s) in 1m 06s
     Running unittests src/lib.rs (target/debug/deps/cc_server-95cb67417ad6e0e1)

running 1 test
FIRST_WINS_COUNTEREXAMPLE requested_global=4 requested_project=2 effective_global=18446744073709551615 effective_project=None decorated_provider_active=5 explicit_b_active=3 b_document_attempts=2 b_queries=1 c_document_attempts=2
test semantic_runtime::tests::bounded_parallel_existing_first_wins_counterexample ... ok

test result: ok. 1 passed; 0 failed; 0 ignored; 0 measured; 331 filtered out; finished in 0.04s

