   Compiling libc v0.2.183
   Compiling serde_core v1.0.228
   Compiling serde v1.0.228
   Compiling regex-automata v0.4.14
   Compiling log v0.4.29
   Compiling serde_json v1.0.149
   Compiling tracing-core v0.1.36
   Compiling tracing v0.1.44
   Compiling jobserver v0.1.34
   Compiling getrandom v0.4.2
   Compiling parking_lot_core v0.9.12
   Compiling rand v0.10.3
   Compiling cc v1.2.58
   Compiling parking_lot v0.12.5
   Compiling scheduled-thread-pool v0.2.7
   Compiling uuid v1.23.0
   Compiling r2d2 v0.8.10
   Compiling regex v1.12.3
   Compiling globset v0.4.18
   Compiling zstd-sys v2.0.16+zstd.1.5.7
   Compiling blake3 v1.8.4
   Compiling libsqlite3-sys v0.38.1
   Compiling tree-sitter-c v0.23.4
   Compiling tree-sitter-java v0.23.5
   Compiling tree-sitter-python v0.23.6
   Compiling tree-sitter-cpp v0.23.4
   Compiling tree-sitter-go v0.23.4
   Compiling tree-sitter-typescript v0.23.2
   Compiling tree-sitter-javascript v0.23.1
   Compiling tree-sitter-rust v0.23.3
   Compiling tree-sitter v0.24.7
   Compiling cc-model v1.0.0 (/workspace/scratch/qname-review/pre-fix/crates/cc-model)
   Compiling toml_datetime v0.6.11
   Compiling serde_spanned v0.6.9
   Compiling toml_edit v0.22.27
   Compiling chrono v0.4.44
   Compiling rusqlite v0.40.1
   Compiling toml v0.8.23
   Compiling ignore v0.4.25
   Compiling tempfile v3.27.0
   Compiling r2d2_sqlite v0.35.0
   Compiling zstd-safe v7.2.4
   Compiling zstd v0.13.3
   Compiling cc-db v1.0.0 (/workspace/scratch/qname-review/pre-fix/crates/cc-db)
   Compiling cc-parsers v1.0.0 (/workspace/scratch/qname-review/pre-fix/crates/cc-parsers)
   Compiling cc-index v1.0.0 (/workspace/scratch/qname-review/pre-fix/crates/cc-index)
    Finished `test` profile [unoptimized + debuginfo] target(s) in 20.71s
     Running tests/independent_qname_repair_guard.rs (/workspace/scratch/qname-review/target-baseline/debug/deps/independent_qname_repair_guard-33dedf7e700ff37f)

running 1 test
test real_language_guard_snapshot ... ok

test result: ok. 1 passed; 0 failed; 0 ignored; 0 measured; 1 filtered out; finished in 0.07s
