    Checking smallvec v1.15.1
    Checking serde_json v1.0.149
    Checking parking_lot_core v0.9.12
    Checking parking_lot v0.12.5
    Checking futures-channel v0.3.32
    Checking tokio v1.50.0
    Checking futures-util v0.3.32
    Checking scheduled-thread-pool v0.2.7
    Checking rusqlite v0.40.1
    Checking r2d2 v0.8.10
    Checking cc-model v1.0.0 (/Users/jin/Desktop/codecortex-rust/crates/cc-model)
    Checking r2d2_sqlite v0.35.0
    Checking futures-executor v0.3.32
    Checking futures v0.3.32
    Checking schemars v1.2.1
    Checking process-wrap v9.1.0
    Checking tokio-util v0.7.18
    Checking tokio-stream v0.1.18
    Checking tracing-subscriber v0.3.23
    Checking rmcp v2.2.0
    Checking cc-db v1.0.0 (/Users/jin/Desktop/codecortex-rust/crates/cc-db)
    Checking cc-parsers v1.0.0 (/Users/jin/Desktop/codecortex-rust/crates/cc-parsers)
    Checking cc-search v1.0.0 (/Users/jin/Desktop/codecortex-rust/crates/cc-search)
    Checking cc-index v1.0.0 (/Users/jin/Desktop/codecortex-rust/crates/cc-index)
    Checking cc-server v1.0.0 (/Users/jin/Desktop/codecortex-rust/crates/cc-server)
    Checking cc-eval v1.0.0 (/Users/jin/Desktop/codecortex-rust/crates/cc-eval)
    Finished `dev` profile [unoptimized + debuginfo] target(s) in 10.80s
