   Compiling cc-eval v1.0.0 (/Users/jin/Desktop/codecortex-rust/crates/cc-eval)
    Finished `test` profile [unoptimized + debuginfo] target(s) in 0.79s
     Running tests/p5e_path_domain.rs (target/debug/deps/p5e_path_domain-5de52c91a993acec)

running 5 tests
test absent_basename_and_natural_language_paths_do_not_borrow_exact_doc_completeness ... 
thread 'absent_basename_and_natural_language_paths_do_not_borrow_exact_doc_completeness' (3428290) panicked at crates/cc-eval/tests/p5e_path_domain.rs:55:10:
called `Option::unwrap()` on a `None` value
note: run with `RUST_BACKTRACE=1` environment variable to display a backtrace
FAILED
test actual_core_language_file_scope_and_markdown_identity_are_preserved ... ok
test canonical_exact_indexed_path_avoids_unrelated_thousand_file_token_inventory ... 
thread 'canonical_exact_indexed_path_avoids_unrelated_thousand_file_token_inventory' (3428605) panicked at crates/cc-eval/tests/p5e_path_domain.rs:55:10:
called `Option::unwrap()` on a `None` value
FAILED
test exact_document_domain_edit_delete_and_stale_source_do_not_reuse_old_bodies ... 
thread 'exact_document_domain_edit_delete_and_stale_source_do_not_reuse_old_bodies' (3428761) panicked at crates/cc-eval/tests/p5e_path_domain.rs:55:10:
called `Option::unwrap()` on a `None` value
FAILED
test large_exact_file_is_still_truthfully_candidate_limited ... ok

failures:

failures:
    absent_basename_and_natural_language_paths_do_not_borrow_exact_doc_completeness
    canonical_exact_indexed_path_avoids_unrelated_thousand_file_token_inventory
    exact_document_domain_edit_delete_and_stale_source_do_not_reuse_old_bodies

test result: FAILED. 2 passed; 3 failed; 0 ignored; 0 measured; 0 filtered out; finished in 4.00s

error: test failed, to rerun pass `-p cc-eval --test p5e_path_domain`
