   Compiling serde_json v1.0.149
   Compiling cc-model v1.0.0 (/Users/jin/Desktop/codecortex-rust/crates/cc-model)
   Compiling schemars v1.2.1
   Compiling rmcp v2.2.0
   Compiling cc-db v1.0.0 (/Users/jin/Desktop/codecortex-rust/crates/cc-db)
   Compiling cc-parsers v1.0.0 (/Users/jin/Desktop/codecortex-rust/crates/cc-parsers)
   Compiling cc-index v1.0.0 (/Users/jin/Desktop/codecortex-rust/crates/cc-index)
   Compiling cc-search v1.0.0 (/Users/jin/Desktop/codecortex-rust/crates/cc-search)
   Compiling cc-server v1.0.0 (/Users/jin/Desktop/codecortex-rust/crates/cc-server)
   Compiling cc-eval v1.0.0 (/Users/jin/Desktop/codecortex-rust/crates/cc-eval)
    Finished `test` profile [unoptimized + debuginfo] target(s) in 23.67s
     Running tests/p5e_path_domain.rs (target/debug/deps/p5e_path_domain-5de52c91a993acec)

running 1 test

thread 'canonical_exact_indexed_path_avoids_unrelated_thousand_file_token_inventory' (3403740) panicked at crates/cc-eval/tests/p5e_path_domain.rs:88:5:
assertion `left == right` failed: exact current indexed doc must restrict PathLane domain,not silently claim broad token inventory complete: {"candidate_count":24,"candidate_details_omitted":true,"coverage":{"complete":false,"examined":null,"scope":"hard_scope","total_lower_bound":96},"elapsed_us":1427,"lane_id":"path","schema_version":1,"status":"partial","truncation_reason":"path_token_limit","weight":1.0}
  left: String("partial")
 right: "complete"
note: run with `RUST_BACKTRACE=1` environment variable to display a backtrace
test canonical_exact_indexed_path_avoids_unrelated_thousand_file_token_inventory ... FAILED

failures:

failures:
    canonical_exact_indexed_path_avoids_unrelated_thousand_file_token_inventory

test result: FAILED. 0 passed; 1 failed; 0 ignored; 0 measured; 0 filtered out; finished in 0.99s

error: test failed, to rerun pass `-p cc-eval --test p5e_path_domain`
