    Checking cfg-if v1.0.4
    Checking libc v0.2.183
    Checking memchr v2.8.0
    Checking smallvec v1.15.1
    Checking log v0.4.29
    Checking pin-project-lite v0.2.17
    Checking scopeguard v1.2.0
    Checking itoa v1.0.18
    Checking lock_api v0.4.14
    Checking once_cell v1.21.4
    Checking serde_core v1.0.228
    Checking bitflags v2.11.0
    Checking tracing-core v0.1.36
    Checking equivalent v1.0.2
    Checking aho-corasick v1.1.4
    Checking tracing v0.1.44
    Checking regex-syntax v0.8.10
    Checking cpufeatures v0.3.0
    Checking rand_core v0.10.0
    Checking parking_lot_core v0.9.12
    Checking zmij v1.0.21
    Checking parking_lot v0.12.5
    Checking allocator-api2 v0.2.21
    Checking foldhash v0.2.0
    Checking getrandom v0.4.2
    Checking hashbrown v0.17.1
    Checking thiserror v2.0.18
    Checking num-traits v0.2.19
    Checking regex-automata v0.4.14
    Checking serde v1.0.228
    Checking serde_json v1.0.149
    Checking chacha20 v0.10.2
    Checking iana-time-zone v0.1.65
    Checking arrayvec v0.7.6
    Checking constant_time_eq v0.4.2
    Checking arrayref v0.3.9
    Checking chrono v0.4.44
    Checking blake3 v1.8.4
    Checking rand v0.10.3
    Checking libsqlite3-sys v0.38.1
    Checking hashlink v0.12.1
    Checking zstd-sys v2.0.16+zstd.1.5.7
    Checking scheduled-thread-pool v0.2.7
    Checking fallible-streaming-iterator v0.1.9
    Checking fallible-iterator v0.3.0
    Checking r2d2 v0.8.10
    Checking zstd-safe v7.2.4
    Checking rusqlite v0.40.1
    Checking uuid v1.23.0
    Checking cc-model v1.0.0 (/workspace/codecortex/crates/cc-model)
    Checking zstd v0.13.3
    Checking bytes v1.11.1
    Checking regex v1.12.3
    Checking futures-core v0.3.32
    Checking r2d2_sqlite v0.35.0
    Checking zerofrom v0.1.8
    Checking stable_deref_trait v1.2.1
    Checking errno v0.3.14
    Checking mio v1.2.0
    Checking yoke v0.8.3
    Checking signal-hook-registry v1.4.8
    Checking socket2 v0.6.3
    Checking futures-sink v0.3.32
    Checking futures-channel v0.3.32
    Checking zerovec v0.11.8
    Checking tokio v1.50.0
    Checking tree-sitter-language v0.1.7
    Checking futures-io v0.3.32
    Checking slab v0.4.12
    Checking futures-task v0.3.32
    Checking futures-util v0.3.32
    Checking tinystr v0.8.4
    Checking litemap v0.8.3
    Checking writeable v0.6.4
    Checking icu_locale_core v2.3.0
    Checking potential_utf v0.1.6
    Checking zerotrie v0.2.5
    Checking utf8_iter v1.0.4
    Checking icu_collections v2.3.0
    Checking icu_provider v2.3.1
    Checking crossbeam-utils v0.8.21
    Checking http v1.5.0
    Checking percent-encoding v2.3.2
    Checking zeroize v1.9.0
    Checking rustls-pki-types v1.15.1
    Checking http-body v1.1.0
    Checking crossbeam-epoch v0.9.20
    Checking icu_normalizer_data v2.3.0
    Checking icu_properties_data v2.3.0
    Checking getrandom v0.2.17
    Checking untrusted v0.9.0
    Checking hashbrown v0.16.1
    Checking ring v0.17.14
    Checking icu_properties v2.3.0
    Checking indexmap v2.13.0
    Checking crossbeam-deque v0.8.6
    Checking icu_normalizer v2.3.0
   Compiling strsim v0.11.1
    Checking tower-service v0.3.3
    Checking try-lock v0.2.5
    Checking want v0.3.1
   Compiling darling_core v0.23.0
    Checking idna_adapter v1.2.2
    Checking rustls-webpki v0.103.15
    Checking httparse v1.10.1
    Checking form_urlencoded v1.2.2
    Checking utf8parse v0.2.2
    Checking subtle v2.6.1
    Checking atomic-waker v1.1.2
    Checking same-file v1.0.6
    Checking hyper v1.11.1
    Checking walkdir v2.5.0
    Checking rustls v0.23.45
    Checking anstyle-parse v1.0.0
    Checking idna v1.1.0
    Checking rayon-core v1.13.0
    Checking futures-executor v0.3.32
    Checking sync_wrapper v1.0.2
    Checking toml_datetime v0.6.11
    Checking serde_spanned v0.6.9
    Checking bstr v1.12.1
   Compiling darling_macro v0.23.0
    Checking cc-db v1.0.0 (/workspace/codecortex/crates/cc-db)
    Checking either v1.15.0
    Checking ipnet v2.12.2
    Checking base64 v0.23.1
    Checking colorchoice v1.0.5
    Checking toml_write v0.1.2
    Checking winnow v0.7.15
    Checking anstyle-query v1.1.5
    Checking streaming-iterator v0.1.9
    Checking is_terminal_polyfill v1.70.2
    Checking tower-layer v0.3.3
    Checking anstyle v1.0.14
    Checking tree-sitter v0.24.7
    Checking anstream v1.0.0
    Checking tower v0.5.3
    Checking hyper-util v0.1.21
    Checking toml_edit v0.22.27
    Checking tokio-rustls v0.26.5
    Checking rayon v1.11.0
   Compiling darling v0.23.0
    Checking ref-cast v1.0.25
    Checking globset v0.4.18
    Checking futures v0.3.32
    Checking nix v0.31.2
    Checking url v2.5.8
    Checking tree-sitter-c v0.23.4
    Checking tree-sitter-java v0.23.5
    Checking tree-sitter-javascript v0.23.1
    Checking tree-sitter-rust v0.23.3
    Checking tree-sitter-python v0.23.6
    Checking tree-sitter-typescript v0.23.2
    Checking tree-sitter-go v0.23.4
    Checking tree-sitter-cpp v0.23.4
    Checking inotify-sys v0.1.8
    Checking webpki-roots v1.0.9
    Checking lru v0.18.2
    Checking clap_lex v1.0.0
    Checking base64 v0.22.1
    Checking lazy_static v1.5.0
    Checking option-ext v0.2.0
    Checking ryu v1.0.23
    Checking dyn-clone v1.0.20
    Checking schemars v1.2.1
    Checking serde_urlencoded v0.7.1
    Checking dirs-sys v0.4.1
    Checking sharded-slab v0.1.7
    Checking clap_builder v4.6.0
    Checking cc-semantic v1.0.0 (/workspace/codecortex/crates/cc-semantic)
    Checking hyper-rustls v0.27.10
    Checking inotify v0.11.5
    Checking cc-parsers v1.0.0 (/workspace/codecortex/crates/cc-parsers)
    Checking process-wrap v9.1.0
    Checking tower-http v0.6.11
    Checking toml v0.8.23
    Checking ignore v0.4.25
   Compiling rmcp-macros v2.2.0
    Checking tokio-stream v0.1.18
    Checking tokio-util v0.7.18
    Checking http-body-util v0.1.5
    Checking matchers v0.2.0
    Checking tracing-log v0.2.0
    Checking notify-types v2.1.0
    Checking thread_local v1.1.9
    Checking nu-ansi-term v0.50.3
    Checking rmcp v2.2.0
    Checking notify v8.2.0
    Checking tracing-subscriber v0.3.23
    Checking reqwest v0.12.28
    Checking cc-index v1.0.0 (/workspace/codecortex/crates/cc-index)
    Checking clap v4.6.0
    Checking cc-search v1.0.0 (/workspace/codecortex/crates/cc-search)
    Checking dirs v5.0.1
    Checking linux-raw-sys v0.12.1
    Checking rustix v1.1.4
    Checking fastrand v2.3.0
    Checking tempfile v3.27.0
    Checking cc-server v1.0.0 (/workspace/codecortex/crates/cc-server)
    Finished `dev` profile [unoptimized + debuginfo] target(s) in 23.18s
