artifacts/checkpoints/candidate-integration-20261003/combined-and-gate.log:48: new blank line at EOF.
artifacts/checkpoints/candidate-integration-20261003/combined-final.log:55: new blank line at EOF.
artifacts/checkpoints/candidate-integration-20261003/fifo.log:32: new blank line at EOF.
artifacts/checkpoints/candidate-integration-20261003/history/pr119-shared-gate-doc-query-counterexample.log:10: new blank line at EOF.
artifacts/checkpoints/candidate-integration-20261003/history/pr119-shared-gate-isolated-counterexample-final.log:10: new blank line at EOF.
artifacts/checkpoints/candidate-integration-20261003/history/pr120-final-run.log:33: new blank line at EOF.
artifacts/checkpoints/candidate-integration-20261003/history/pr120-retry-run.log:12: new blank line at EOF.
artifacts/checkpoints/candidate-integration-20261003/history/pr122-parallel-before-confirmed.log:148: new blank line at EOF.
artifacts/checkpoints/candidate-integration-20261003/queue-final.log:67: new blank line at EOF.
artifacts/checkpoints/candidate-integration-20261003/runtime-join.log:7: new blank line at EOF.
artifacts/checkpoints/candidate-integration-20261003/runtime-retry-width0.log:7: new blank line at EOF.
artifacts/checkpoints/candidate-integration-20261003/runtime-retry-width2.log:7: new blank line at EOF.
artifacts/checkpoints/candidate-integration-20261003/schema-restoration.log:10: new blank line at EOF.
artifacts/checkpoints/candidate-integration-20261003/verified-final/bounded_parallel.log:25: new blank line at EOF.
artifacts/checkpoints/candidate-integration-20261003/verified-final/bounded_parallel_pins_running_and_factory_survive_until_physical_join.log:7: new blank line at EOF.
artifacts/checkpoints/candidate-integration-20261003/verified-final/direct_rebuild_callback_and_index_errors_leave_live_database_unchanged.log:6: new blank line at EOF.
artifacts/checkpoints/candidate-integration-20261003/verified-final/direct_rebuild_canonical_schema_matches_normal_temp_path.log:6: new blank line at EOF.
artifacts/checkpoints/candidate-integration-20261003/verified-final/fifo.log:25: new blank line at EOF.
artifacts/checkpoints/candidate-integration-20261003/verified-final/queue_worker.log:14: new blank line at EOF.
artifacts/checkpoints/candidate-integration-20261003/verified-final/recoverable_retry_drains_other_ready_documents.log:7: new blank line at EOF.
artifacts/checkpoints/candidate-integration-20261003/verified-final/recoverable_retry_width_zero_drains_other_ready_documents.log:7: new blank line at EOF.
artifacts/checkpoints/candidate-integration-20261003/verified-final/shared_provider_gate_cases_in_fresh_processes.log:55: new blank line at EOF.
artifacts/checkpoints/candidate-integration-20261003/verified/bounded_parallel.log:25: new blank line at EOF.
artifacts/checkpoints/candidate-integration-20261003/verified/bounded_parallel_pins_running_and_factory_survive_until_physical_join.log:7: new blank line at EOF.
artifacts/checkpoints/candidate-integration-20261003/verified/queue_worker.log:14: new blank line at EOF.
artifacts/checkpoints/candidate-integration-20261003/verified/recoverable_retry_drains_other_ready_documents.log:7: new blank line at EOF.
artifacts/checkpoints/candidate-integration-20261003/verified/recoverable_retry_width_zero_drains_other_ready_documents.log:7: new blank line at EOF.
artifacts/checkpoints/candidate-integration-20261003/verified/shared_provider_gate_cases_in_fresh_processes.log:55: new blank line at EOF.
artifacts/checkpoints/shared-provider-gate-repair-20261003/admission-tests.log:69: new blank line at EOF.
artifacts/checkpoints/shared-provider-gate-repair-20261003/base-counterexample-workspace-cache.log:182: new blank line at EOF.
artifacts/checkpoints/shared-provider-gate-repair-20261003/production-regressions.log:29: new blank line at EOF.
artifacts/checkpoints/shared-provider-gate-repair-20261003/provider-factory-tests.log:16: new blank line at EOF.
artifacts/checkpoints/shared-provider-gate-repair-20261003/repaired-production-initial.log:37: new blank line at EOF.
artifacts/checkpoints/shared-provider-gate-repair-20261003/repaired-production.log:38: new blank line at EOF.
artifacts/checkpoints/shared-provider-gate-repair-20261003/service-factory-tests.log:9: new blank line at EOF.
