    Blocking waiting for file lock on artifact directory
   Compiling rusqlite v0.40.1
   Compiling tempfile v3.27.0
   Compiling r2d2_sqlite v0.35.0
   Compiling cc-db v1.0.0 (/workspace/codecortex/crates/cc-db)
    Finished `test` profile [unoptimized + debuginfo] target(s) in 23.96s
     Running tests/semantic_outbox.rs (target/candidate-integration/debug/deps/semantic_outbox-947815958ab5b588)

running 20 tests
test duplicate_live_upsert_conflicts_fail_stop ... ok
test failed_batch_rolls_back_no_half_task ... ok
test file_removal_revokes_manifest_and_supersedes_without_embed ... ok
test fifo_physical_index_preserves_existing_v24_logical_data ... ok
test guarded_fifo_matches_original_cas_through_retry_and_clock_boundaries ... ok
test incremental_batch_without_active_space_keeps_default_behavior ... ok
test incremental_batch_with_active_space_enqueues_embed_and_bumps_semantic_once ... ok
test no_active_space_is_a_full_noop ... ok
test ready_query_filters_and_orders ... ok
test ready_query_uses_the_ready_index ... ok
test removals_revoke_manifest_and_supersede_without_embed ... ok
test rewritten_doc_keeps_exactly_one_live_embed ... ok
test remove_files_batch_supersedes_without_embed ... ok
test state_transition_table_is_exact ... ok
test replace_files_batch_enqueues_embed_with_semantic_effect ... ok
test original_and_guarded_fifo_have_identical_normal_cas_competition ... ok
test rollback_leaves_no_outbox_or_manifest_trace ... ok
test transition_guards_in_database ... ok
test two_active_spaces_fail_stop ... ok
test upsert_supersedes_old_and_enqueues_one_pending_embed ... ok

test result: ok. 20 passed; 0 failed; 0 ignored; 0 measured; 0 filtered out; finished in 0.18s

