2026-10-09T05:53:49.1855811Z Current runner version: '2.337.0'
2026-10-09T05:53:49.1880395Z ##[group]Runner Image Provisioner
2026-10-09T05:53:49.1881359Z Hosted Compute Agent
2026-10-09T05:53:49.1882023Z Version: 20261002.596
2026-10-09T05:53:49.1882775Z Commit: c3d12f3313a95f25162a1503be624f3b0617f8c0
2026-10-09T05:53:49.1883529Z Build Date: 2026-10-02T22:28:27Z
2026-10-09T05:53:49.1884472Z Worker ID: {22c152a1-7094-4738-9138-102c3fdf74e6}
2026-10-09T05:53:49.1885281Z Region: northcentralus
2026-10-09T05:53:49.1885928Z Cloud: Azure
2026-10-09T05:53:49.1886543Z ##[endgroup]
2026-10-09T05:53:49.1888092Z ##[group]Operating System
2026-10-09T05:53:49.1888813Z Ubuntu
2026-10-09T05:53:49.1889448Z 24.04.5
2026-10-09T05:53:49.1890038Z LTS
2026-10-09T05:53:49.1890648Z ##[endgroup]
2026-10-09T05:53:49.1891243Z ##[group]Runner Image
2026-10-09T05:53:49.1891883Z Image: ubuntu-24.04
2026-10-09T05:53:49.1892521Z Version: 20261004.327.1
2026-10-09T05:53:49.1894062Z Included Software: https://github.com/actions/runner-images/blob/ubuntu24/20261004.327/images/ubuntu/Ubuntu2404-Readme.md
2026-10-09T05:53:49.1895741Z Image Release: https://github.com/actions/runner-images/releases/tag/ubuntu24%2F20261004.327
2026-10-09T05:53:49.1896835Z ##[endgroup]
2026-10-09T05:53:49.1898123Z ##[group]GITHUB_TOKEN Permissions
2026-10-09T05:53:49.1900272Z Contents: read
2026-10-09T05:53:49.1900987Z Metadata: read
2026-10-09T05:53:49.1901580Z Packages: read
2026-10-09T05:53:49.1902142Z ##[endgroup]
2026-10-09T05:53:49.1904628Z Secret source: Actions
2026-10-09T05:53:49.1905642Z Cache mode: write
2026-10-09T05:53:49.1906472Z Prepare workflow directory
2026-10-09T05:53:49.2304960Z Prepare all required actions
2026-10-09T05:53:49.2352790Z Getting action download info
2026-10-09T05:53:49.4722941Z Download action repository 'actions/checkout@v4' (SHA:11d5960a326750d5838078e36cf38b85af677262)
2026-10-09T05:53:49.5507377Z Download action repository 'dtolnay/rust-toolchain@1.95.0' (SHA:1d64bbcee8ef0c191a54710c227fd268a0d5014b)
2026-10-09T05:53:49.6949465Z Download action repository 'Swatinem/rust-cache@v2' (SHA:6323deb102c322ba6fcbdcafc7e3dddab59af2b6)
2026-10-09T05:53:50.2263566Z Complete job name: msrv
2026-10-09T05:53:50.3021862Z ##[group]Run actions/checkout@v4
2026-10-09T05:53:50.3022665Z with:
2026-10-09T05:53:50.3023113Z   repository: jyqj/codecortex
2026-10-09T05:53:50.3027576Z   token: ***
2026-10-09T05:53:50.3028022Z   ssh-strict: true
2026-10-09T05:53:50.3028471Z   ssh-user: git
2026-10-09T05:53:50.3028921Z   persist-credentials: true
2026-10-09T05:53:50.3029400Z   clean: true
2026-10-09T05:53:50.3029840Z   sparse-checkout-cone-mode: true
2026-10-09T05:53:50.3030348Z   fetch-depth: 1
2026-10-09T05:53:50.3031030Z   fetch-tags: false
2026-10-09T05:53:50.3031672Z   show-progress: true
2026-10-09T05:53:50.3032243Z   lfs: false
2026-10-09T05:53:50.3032842Z   submodules: false
2026-10-09T05:53:50.3033431Z   set-safe-directory: true
2026-10-09T05:53:50.3034242Z   allow-unsafe-pr-checkout: false
2026-10-09T05:53:50.3035375Z env:
2026-10-09T05:53:50.3035914Z   CARGO_TERM_COLOR: always
2026-10-09T05:53:50.3036625Z   RUSTFLAGS: -D warnings
2026-10-09T05:53:50.3037231Z ##[endgroup]
2026-10-09T05:53:50.4072050Z Syncing repository: jyqj/codecortex
2026-10-09T05:53:50.4074349Z ##[group]Getting Git version info
2026-10-09T05:53:50.4075266Z Working directory is '/home/runner/work/codecortex/codecortex'
2026-10-09T05:53:50.4076505Z [command]/usr/bin/git version
2026-10-09T05:53:50.4107535Z git version 2.55.0
2026-10-09T05:53:50.4127695Z ##[endgroup]
2026-10-09T05:53:50.4142341Z Temporarily overriding HOME='/home/runner/work/_temp/7f2c5344-8dc0-4dcd-8942-44072fea643c' before making global git config changes
2026-10-09T05:53:50.4145242Z Adding repository directory to the temporary git global config as a safe directory
2026-10-09T05:53:50.4148184Z [command]/usr/bin/git config --global --add safe.directory /home/runner/work/codecortex/codecortex
2026-10-09T05:53:50.4191555Z Deleting the contents of '/home/runner/work/codecortex/codecortex'
2026-10-09T05:53:50.4195792Z ##[group]Initializing the repository
2026-10-09T05:53:50.4199677Z [command]/usr/bin/git init /home/runner/work/codecortex/codecortex
2026-10-09T05:53:50.4271395Z hint: Using 'master' as the name for the initial branch. This default branch name
2026-10-09T05:53:50.4272603Z hint: will change to "main" in Git 3.0. To configure the initial branch name
2026-10-09T05:53:50.4273955Z hint: to use in all of your new repositories, which will suppress this warning,
2026-10-09T05:53:50.4274825Z hint: call:
2026-10-09T05:53:50.4275782Z hint:
2026-10-09T05:53:50.4276725Z hint: 	git config --global init.defaultBranch <name>
2026-10-09T05:53:50.4277722Z hint:
2026-10-09T05:53:50.4278868Z hint: Names commonly chosen instead of 'master' are 'main', 'trunk' and
2026-10-09T05:53:50.4280203Z hint: 'development'. The just-created branch can be renamed via this command:
2026-10-09T05:53:50.4281397Z hint:
2026-10-09T05:53:50.4282231Z hint: 	git branch -m <name>
2026-10-09T05:53:50.4283044Z hint:
2026-10-09T05:53:50.4284237Z hint: Disable this message with "git config set advice.defaultBranchName false"
2026-10-09T05:53:50.4289946Z Initialized empty Git repository in /home/runner/work/codecortex/codecortex/.git/
2026-10-09T05:53:50.4297663Z [command]/usr/bin/git remote add origin https://github.com/jyqj/codecortex
2026-10-09T05:53:50.4340326Z ##[endgroup]
2026-10-09T05:53:50.4341347Z ##[group]Disabling automatic garbage collection
2026-10-09T05:53:50.4345356Z [command]/usr/bin/git config --local gc.auto 0
2026-10-09T05:53:50.4381717Z ##[endgroup]
2026-10-09T05:53:50.4382584Z ##[group]Setting up auth
2026-10-09T05:53:50.4383562Z [command]/usr/bin/git config --local --name-only --get-regexp core\.sshCommand
2026-10-09T05:53:50.4413047Z [command]/usr/bin/git submodule foreach --recursive sh -c "git config --local --name-only --get-regexp 'core\.sshCommand' && git config --local --unset-all 'core.sshCommand' || :"
2026-10-09T05:53:50.4723639Z [command]/usr/bin/git config --local --name-only --get-regexp http\.https\:\/\/github\.com\/\.extraheader
2026-10-09T05:53:50.4756460Z [command]/usr/bin/git submodule foreach --recursive sh -c "git config --local --name-only --get-regexp 'http\.https\:\/\/github\.com\/\.extraheader' && git config --local --unset-all 'http.https://github.com/.extraheader' || :"
2026-10-09T05:53:50.4989672Z [command]/usr/bin/git config --local --name-only --get-regexp ^includeIf\.gitdir:
2026-10-09T05:53:50.5024208Z [command]/usr/bin/git submodule foreach --recursive git config --local --show-origin --name-only --get-regexp remote.origin.url
2026-10-09T05:53:50.5255909Z [command]/usr/bin/git config --local http.https://github.com/.extraheader AUTHORIZATION: basic ***
2026-10-09T05:53:50.5291987Z ##[endgroup]
2026-10-09T05:53:50.5293446Z ##[group]Fetching the repository
2026-10-09T05:53:50.5302423Z [command]/usr/bin/git -c protocol.version=2 fetch --no-tags --prune --no-recurse-submodules --depth=1 origin +d53ea0be17a53d1354ee1d6f0a111c5e588e91f5:refs/remotes/pull/173/merge
2026-10-09T05:54:11.2154641Z From https://github.com/jyqj/codecortex
2026-10-09T05:54:11.2156040Z  * [new ref]           d53ea0be17a53d1354ee1d6f0a111c5e588e91f5 -> pull/173/merge
2026-10-09T05:54:11.2159086Z ##[endgroup]
2026-10-09T05:54:11.2160206Z ##[group]Determining the checkout info
2026-10-09T05:54:11.2161904Z ##[endgroup]
2026-10-09T05:54:11.2167689Z [command]/usr/bin/git sparse-checkout disable
2026-10-09T05:54:11.2212278Z [command]/usr/bin/git config --local --unset-all extensions.worktreeConfig
2026-10-09T05:54:11.2247212Z ##[group]Checking out the ref
2026-10-09T05:54:11.2250851Z [command]/usr/bin/git checkout --progress --force refs/remotes/pull/173/merge
2026-10-09T05:54:12.2627046Z Updating files:  45% (10344/22949)
2026-10-09T05:54:12.2738219Z Updating files:  46% (10557/22949)
2026-10-09T05:54:12.2854021Z Updating files:  47% (10787/22949)
2026-10-09T05:54:12.3634703Z Updating files:  48% (11016/22949)
2026-10-09T05:54:12.3999965Z Updating files:  49% (11246/22949)
2026-10-09T05:54:12.4172448Z Updating files:  50% (11475/22949)
2026-10-09T05:54:12.4795550Z Updating files:  51% (11704/22949)
2026-10-09T05:54:12.4990603Z Updating files:  52% (11934/22949)
2026-10-09T05:54:12.5422942Z Updating files:  53% (12163/22949)
2026-10-09T05:54:12.5519368Z Updating files:  54% (12393/22949)
2026-10-09T05:54:12.5681525Z Updating files:  55% (12622/22949)
2026-10-09T05:54:12.5939684Z Updating files:  56% (12852/22949)
2026-10-09T05:54:12.6068716Z Updating files:  57% (13081/22949)
2026-10-09T05:54:12.6198150Z Updating files:  58% (13311/22949)
2026-10-09T05:54:12.6327061Z Updating files:  59% (13540/22949)
2026-10-09T05:54:12.6418534Z Updating files:  60% (13770/22949)
2026-10-09T05:54:12.6520996Z Updating files:  61% (13999/22949)
2026-10-09T05:54:12.6618570Z Updating files:  62% (14229/22949)
2026-10-09T05:54:12.6717156Z Updating files:  63% (14458/22949)
2026-10-09T05:54:12.6810519Z Updating files:  64% (14688/22949)
2026-10-09T05:54:12.6898794Z Updating files:  65% (14917/22949)
2026-10-09T05:54:12.7026485Z Updating files:  66% (15147/22949)
2026-10-09T05:54:12.7157772Z Updating files:  67% (15376/22949)
2026-10-09T05:54:12.8436598Z Updating files:  68% (15606/22949)
2026-10-09T05:54:12.8714369Z Updating files:  69% (15835/22949)
2026-10-09T05:54:12.9364643Z Updating files:  70% (16065/22949)
2026-10-09T05:54:12.9807667Z Updating files:  71% (16294/22949)
2026-10-09T05:54:13.0060470Z Updating files:  72% (16524/22949)
2026-10-09T05:54:13.1080548Z Updating files:  73% (16753/22949)
2026-10-09T05:54:13.1477940Z Updating files:  74% (16983/22949)
2026-10-09T05:54:13.2638677Z Updating files:  75% (17212/22949)
2026-10-09T05:54:13.4321745Z Updating files:  75% (17232/22949)
2026-10-09T05:54:13.4553284Z Updating files:  76% (17442/22949)
2026-10-09T05:54:13.4839277Z Updating files:  77% (17671/22949)
2026-10-09T05:54:13.5133519Z Updating files:  78% (17901/22949)
2026-10-09T05:54:13.5434582Z Updating files:  79% (18130/22949)
2026-10-09T05:54:13.5656799Z Updating files:  80% (18360/22949)
2026-10-09T05:54:13.5849834Z Updating files:  81% (18589/22949)
2026-10-09T05:54:13.6006522Z Updating files:  82% (18819/22949)
2026-10-09T05:54:13.6645287Z Updating files:  83% (19048/22949)
2026-10-09T05:54:13.7725326Z Updating files:  84% (19278/22949)
2026-10-09T05:54:13.8512103Z Updating files:  85% (19507/22949)
2026-10-09T05:54:13.9531498Z Updating files:  86% (19737/22949)
2026-10-09T05:54:14.0385374Z Updating files:  87% (19966/22949)
2026-10-09T05:54:14.0544983Z Updating files:  88% (20196/22949)
2026-10-09T05:54:14.0689991Z Updating files:  89% (20425/22949)
2026-10-09T05:54:14.0889347Z Updating files:  90% (20655/22949)
2026-10-09T05:54:14.1211099Z Updating files:  91% (20884/22949)
2026-10-09T05:54:14.2592274Z Updating files:  92% (21114/22949)
2026-10-09T05:54:14.8301161Z Updating files:  92% (21200/22949)
2026-10-09T05:54:14.8537687Z Updating files:  93% (21343/22949)
2026-10-09T05:54:14.8716050Z Updating files:  94% (21573/22949)
2026-10-09T05:54:14.8893725Z Updating files:  95% (21802/22949)
2026-10-09T05:54:14.9081723Z Updating files:  96% (22032/22949)
2026-10-09T05:54:14.9312371Z Updating files:  97% (22261/22949)
2026-10-09T05:54:14.9497187Z Updating files:  98% (22491/22949)
2026-10-09T05:54:14.9774679Z Updating files:  99% (22720/22949)
2026-10-09T05:54:14.9775519Z Updating files: 100% (22949/22949)
2026-10-09T05:54:14.9775999Z Updating files: 100% (22949/22949), done.
2026-10-09T05:54:15.0045019Z Note: switching to 'refs/remotes/pull/173/merge'.
2026-10-09T05:54:15.0045442Z 
2026-10-09T05:54:15.0045764Z You are in 'detached HEAD' state. You can look around, make experimental
2026-10-09T05:54:15.0046514Z changes and commit them, and you can discard any commits you make in this
2026-10-09T05:54:15.0047270Z state without impacting any branches by switching back to a branch.
2026-10-09T05:54:15.0047708Z 
2026-10-09T05:54:15.0047984Z If you want to create a new branch to retain commits you create, you may
2026-10-09T05:54:15.0048654Z do so (now or later) by using -c with the switch command. Example:
2026-10-09T05:54:15.0049060Z 
2026-10-09T05:54:15.0049223Z   git switch -c <new-branch-name>
2026-10-09T05:54:15.0049791Z 
2026-10-09T05:54:15.0049950Z Or undo this operation with:
2026-10-09T05:54:15.0050212Z 
2026-10-09T05:54:15.0050358Z   git switch -
2026-10-09T05:54:15.0050549Z 
2026-10-09T05:54:15.0050898Z Turn off this advice by setting config variable advice.detachedHead to false
2026-10-09T05:54:15.0051404Z 
2026-10-09T05:54:15.0051992Z HEAD is now at d53ea0be Merge 275e8799d4947d297329073eaa3ca675d3fd0777 into 7d5402a17cfdd06274e8204ec544bd4db104f872
2026-10-09T05:54:15.0193719Z ##[endgroup]
2026-10-09T05:54:15.0235530Z [command]/usr/bin/git log -1 --format=%H
2026-10-09T05:54:15.0267570Z d53ea0be17a53d1354ee1d6f0a111c5e588e91f5
2026-10-09T05:54:15.0615266Z ##[group]Run dtolnay/rust-toolchain@1.95.0
2026-10-09T05:54:15.0615587Z with:
2026-10-09T05:54:15.0615790Z env:
2026-10-09T05:54:15.0616001Z   CARGO_TERM_COLOR: always
2026-10-09T05:54:15.0616273Z   RUSTFLAGS: -D warnings
2026-10-09T05:54:15.0616517Z ##[endgroup]
2026-10-09T05:54:15.0679318Z ##[start-action display=Parse toolchain version;id=__dtolnay_rust-toolchain.parse]
2026-10-09T05:54:15.0741869Z ##[group]Run if [[ -z $toolchain ]]; then
2026-10-09T05:54:15.0742296Z [36;1mif [[ -z $toolchain ]]; then[0m
2026-10-09T05:54:15.0742852Z [36;1m  # GitHub does not enforce `required: true` inputs itself. https://github.com/actions/runner/issues/1070[0m
2026-10-09T05:54:15.0743426Z [36;1m  echo "'toolchain' is a required input" >&2[0m
2026-10-09T05:54:15.0743735Z [36;1m  exit 1[0m
2026-10-09T05:54:15.0744266Z [36;1melif [[ $toolchain =~ ^stable' '[0-9]+' '(year|month|week|day)s?' 'ago$ ]]; then[0m
2026-10-09T05:54:15.0744681Z [36;1m  if [[ Linux == macOS ]]; then[0m
2026-10-09T05:54:15.0745291Z [36;1m    echo "toolchain=1.$((($(date -v-$(sed 's/stable \([0-9]*\) \(.\).*/\1\2/' <<< $toolchain) +%s)/60/60/24-16569)/7/6))" >> $GITHUB_OUTPUT[0m
2026-10-09T05:54:15.0745836Z [36;1m  else[0m
2026-10-09T05:54:15.0746266Z [36;1m    echo "toolchain=1.$((($(date --date "${toolchain#stable }" +%s)/60/60/24-16569)/7/6))" >> $GITHUB_OUTPUT[0m
2026-10-09T05:54:15.0746747Z [36;1m  fi[0m
2026-10-09T05:54:15.0747071Z [36;1melif [[ $toolchain =~ ^stable' 'minus' '[0-9]+' 'releases?$ ]]; then[0m
2026-10-09T05:54:15.0747648Z [36;1m  echo "toolchain=1.$((($(date +%s)/60/60/24-16569)/7/6-${toolchain//[^0-9]/}))" >> $GITHUB_OUTPUT[0m
2026-10-09T05:54:15.0748127Z [36;1melif [[ $toolchain =~ ^1\.[0-9]+$ ]]; then[0m
2026-10-09T05:54:15.0748654Z [36;1m  echo "toolchain=1.$((i=${toolchain#1.}, c=($(date +%s)/60/60/24-16569)/7/6, i+9*i*(10*i<=c)+90*i*(100*i<=c)))" >> $GITHUB_OUTPUT[0m
2026-10-09T05:54:15.0749139Z [36;1melse[0m
2026-10-09T05:54:15.0749348Z [36;1m  delimiter=EOF[0m
2026-10-09T05:54:15.0749673Z [36;1m  while [[ $toolchain == *$delimiter* ]]; do delimiter+=_; done[0m
2026-10-09T05:54:15.0750193Z [36;1m  printf 'toolchain<<%s\n%s\n%s\n' "$delimiter" "$toolchain" "$delimiter" >> $GITHUB_OUTPUT[0m
2026-10-09T05:54:15.0750616Z [36;1mfi[0m
2026-10-09T05:54:15.0978356Z shell: /usr/bin/bash --noprofile --norc -e -o pipefail {0}
2026-10-09T05:54:15.0978745Z env:
2026-10-09T05:54:15.0978983Z   CARGO_TERM_COLOR: always
2026-10-09T05:54:15.0979237Z   RUSTFLAGS: -D warnings
2026-10-09T05:54:15.0979783Z   toolchain: 1.95.0
2026-10-09T05:54:15.0980005Z ##[endgroup]
2026-10-09T05:54:15.1136341Z ##[end-action id=__dtolnay_rust-toolchain.parse;outcome=success;conclusion=success;duration_ms=45]
2026-10-09T05:54:15.1143254Z ##[start-action display=Set $CARGO_HOME;id=__dtolnay_rust-toolchain.__run]
2026-10-09T05:54:15.1199557Z ##[group]Run echo CARGO_HOME=${CARGO_HOME:-"$HOME/.cargo"} >> $GITHUB_ENV
2026-10-09T05:54:15.1200347Z [36;1mecho CARGO_HOME=${CARGO_HOME:-"$HOME/.cargo"} >> $GITHUB_ENV[0m
2026-10-09T05:54:15.1272850Z shell: /usr/bin/bash --noprofile --norc -e -o pipefail {0}
2026-10-09T05:54:15.1273218Z env:
2026-10-09T05:54:15.1273432Z   CARGO_TERM_COLOR: always
2026-10-09T05:54:15.1273684Z   RUSTFLAGS: -D warnings
2026-10-09T05:54:15.1274134Z ##[endgroup]
2026-10-09T05:54:15.1369055Z ##[end-action id=__dtolnay_rust-toolchain.__run;outcome=success;conclusion=success;duration_ms=22]
2026-10-09T05:54:15.1371688Z ##[start-action display=Install rustup if needed;id=__dtolnay_rust-toolchain.__run_2]
2026-10-09T05:54:15.1400758Z ##[group]Run if ! command -v rustup &>/dev/null; then
2026-10-09T05:54:15.1401140Z [36;1mif ! command -v rustup &>/dev/null; then[0m
2026-10-09T05:54:15.1401941Z [36;1m  curl --proto '=https' --tlsv1.2 --retry 10 --retry-connrefused --location --silent --show-error --fail https://sh.rustup.rs | sh -s -- --default-toolchain none -y[0m
2026-10-09T05:54:15.1402706Z [36;1m  echo "$CARGO_HOME/bin" >> $GITHUB_PATH[0m
2026-10-09T05:54:15.1403009Z [36;1mfi[0m
2026-10-09T05:54:15.1466874Z shell: /usr/bin/bash --noprofile --norc -e -o pipefail {0}
2026-10-09T05:54:15.1467241Z env:
2026-10-09T05:54:15.1467452Z   CARGO_TERM_COLOR: always
2026-10-09T05:54:15.1467713Z   RUSTFLAGS: -D warnings
2026-10-09T05:54:15.1467963Z   CARGO_HOME: /home/runner/.cargo
2026-10-09T05:54:15.1468219Z ##[endgroup]
2026-10-09T05:54:15.1558290Z ##[end-action id=__dtolnay_rust-toolchain.__run_2;outcome=success;conclusion=success;duration_ms=18]
2026-10-09T05:54:15.1560662Z ##[start-action display=Install rustup if needed on windows;id=__dtolnay_rust-toolchain.__run_3]
2026-10-09T05:54:15.1567596Z ##[end-action id=__dtolnay_rust-toolchain.__run_3;outcome=skipped;conclusion=skipped;duration_ms=0]
2026-10-09T05:54:15.1581974Z ##[start-action display=rustup toolchain install 1.95.0;id=__dtolnay_rust-toolchain.__run_4]
2026-10-09T05:54:15.1602565Z ##[group]Run set -f  # split targets and components on commas and whitespace, without glob expansion
2026-10-09T05:54:15.1603248Z [36;1mset -f  # split targets and components on commas and whitespace, without glob expansion[0m
2026-10-09T05:54:15.1603699Z [36;1mflags=()[0m
2026-10-09T05:54:15.1604217Z [36;1mfor t in ${targets//,/ }; do flags+=(--target "$t"); done[0m
2026-10-09T05:54:15.1604656Z [36;1mfor c in ${components//,/ }; do flags+=(--component "$c"); done[0m
2026-10-09T05:54:15.1605173Z [36;1mif [[ $toolchain == nightly && -n $components ]]; then flags+=(--allow-downgrade); fi[0m
2026-10-09T05:54:15.1605620Z [36;1mlog=$(mktemp)[0m
2026-10-09T05:54:15.1605872Z [36;1mtrap 'rm -f "$log"' EXIT[0m
2026-10-09T05:54:15.1606142Z [36;1mfor attempt in 1 2 3 4 5; do[0m
2026-10-09T05:54:15.1606740Z [36;1m  if rustup toolchain install "$toolchain" "${flags[@]}" --profile minimal --no-self-update --force-non-host 2>&1 | tee "$log"; then[0m
2026-10-09T05:54:15.1607303Z [36;1m    break[0m
2026-10-09T05:54:15.1607523Z [36;1m  else[0m
2026-10-09T05:54:15.1607730Z [36;1m    status=$?[0m
2026-10-09T05:54:15.1607955Z [36;1m  fi[0m
2026-10-09T05:54:15.1608265Z [36;1m  if [[ $attempt == 5 ]] || ! grep -Fq 'checksum failed for ' "$log" \[0m
2026-10-09T05:54:15.1608826Z [36;1m      || ! grep -Fq 'this is likely due to an ongoing update of the official release server' "$log"; then[0m
2026-10-09T05:54:15.1609293Z [36;1m    exit "$status"[0m
2026-10-09T05:54:15.1609530Z [36;1m  fi[0m
2026-10-09T05:54:15.1609896Z [36;1m  echo "Retrying rustup toolchain install in 30 seconds (retry $attempt of 4)" >&2[0m
2026-10-09T05:54:15.1610326Z [36;1m  sleep 30[0m
2026-10-09T05:54:15.1610545Z [36;1mdone[0m
2026-10-09T05:54:15.1672669Z shell: /usr/bin/bash --noprofile --norc -e -o pipefail {0}
2026-10-09T05:54:15.1673020Z env:
2026-10-09T05:54:15.1673242Z   CARGO_TERM_COLOR: always
2026-10-09T05:54:15.1673491Z   RUSTFLAGS: -D warnings
2026-10-09T05:54:15.1673740Z   CARGO_HOME: /home/runner/.cargo
2026-10-09T05:54:15.1674129Z   toolchain: 1.95.0
2026-10-09T05:54:15.1674344Z   targets: 
2026-10-09T05:54:15.1674546Z   components: 
2026-10-09T05:54:15.1674779Z   RUSTUP_PERMIT_COPY_RENAME: 1
2026-10-09T05:54:15.1675029Z ##[endgroup]
2026-10-09T05:54:15.2061908Z info: syncing channel updates for 1.95.0-x86_64-unknown-linux-gnu
2026-10-09T05:54:15.3132784Z info: latest update on 2026-04-16 for version 1.95.0 (59807616e 2026-04-14)
2026-10-09T05:54:15.3133270Z info: downloading 3 components
2026-10-09T05:54:23.7394835Z 
2026-10-09T05:54:23.7484684Z   1.95.0-x86_64-unknown-linux-gnu installed - rustc 1.95.0 (59807616e 2026-04-14)
2026-10-09T05:54:23.7485254Z 
2026-10-09T05:54:23.7877889Z ##[end-action id=__dtolnay_rust-toolchain.__run_4;outcome=success;conclusion=success;duration_ms=8629]
2026-10-09T05:54:23.7889514Z ##[start-action display=rustup default 1.95.0;id=__dtolnay_rust-toolchain.__run_5]
2026-10-09T05:54:23.7952151Z ##[group]Run rustup default "$toolchain" --force-non-host
2026-10-09T05:54:23.7952797Z [36;1mrustup default "$toolchain" --force-non-host[0m
2026-10-09T05:54:23.8029105Z shell: /usr/bin/bash --noprofile --norc -e -o pipefail {0}
2026-10-09T05:54:23.8029666Z env:
2026-10-09T05:54:23.8029885Z   CARGO_TERM_COLOR: always
2026-10-09T05:54:23.8030145Z   RUSTFLAGS: -D warnings
2026-10-09T05:54:23.8030391Z   CARGO_HOME: /home/runner/.cargo
2026-10-09T05:54:23.8030649Z   toolchain: 1.95.0
2026-10-09T05:54:23.8030876Z ##[endgroup]
2026-10-09T05:54:23.8394918Z info: using existing install for 1.95.0-x86_64-unknown-linux-gnu
2026-10-09T05:54:23.8945014Z info: default toolchain set to 1.95.0-x86_64-unknown-linux-gnu
2026-10-09T05:54:23.8945478Z 
2026-10-09T05:54:23.9019791Z   1.95.0-x86_64-unknown-linux-gnu unchanged - rustc 1.95.0 (59807616e 2026-04-14)
2026-10-09T05:54:23.9020165Z 
2026-10-09T05:54:23.9040029Z ##[end-action id=__dtolnay_rust-toolchain.__run_5;outcome=success;conclusion=success;duration_ms=114]
2026-10-09T05:54:23.9044956Z ##[start-action display=Create cachekey;id=__dtolnay_rust-toolchain.rustc-version]
2026-10-09T05:54:23.9424601Z ##[group]Run DATE=$(rustc +"$toolchain" --version --verbose | sed -ne 's/^commit-date: \(20[0-9][0-9]\)-\([01][0-9]\)-\([0-3][0-9]\)$/\1\2\3/p')
2026-10-09T05:54:23.9425493Z [36;1mDATE=$(rustc +"$toolchain" --version --verbose | sed -ne 's/^commit-date: \(20[0-9][0-9]\)-\([01][0-9]\)-\([0-3][0-9]\)$/\1\2\3/p')[0m
2026-10-09T05:54:23.9426151Z [36;1mHASH=$(rustc +"$toolchain" --version --verbose | sed -ne 's/^commit-hash: //p')[0m
2026-10-09T05:54:23.9426677Z [36;1mecho "cachekey=$(echo $DATE$HASH | head -c12)" >> $GITHUB_OUTPUT[0m
2026-10-09T05:54:23.9496159Z shell: /usr/bin/bash --noprofile --norc -e -o pipefail {0}
2026-10-09T05:54:23.9496512Z env:
2026-10-09T05:54:23.9496727Z   CARGO_TERM_COLOR: always
2026-10-09T05:54:23.9496972Z   RUSTFLAGS: -D warnings
2026-10-09T05:54:23.9497221Z   CARGO_HOME: /home/runner/.cargo
2026-10-09T05:54:23.9497527Z   toolchain: 1.95.0
2026-10-09T05:54:23.9497755Z ##[endgroup]
2026-10-09T05:54:24.0143131Z ##[end-action id=__dtolnay_rust-toolchain.rustc-version;outcome=success;conclusion=success;duration_ms=109]
2026-10-09T05:54:24.0146215Z ##[start-action display=Disable incremental compilation;id=__dtolnay_rust-toolchain.__run_6]
2026-10-09T05:54:24.0851386Z ##[group]Run if [ -z "${CARGO_INCREMENTAL+set}" ]; then
2026-10-09T05:54:24.0851806Z [36;1mif [ -z "${CARGO_INCREMENTAL+set}" ]; then[0m
2026-10-09T05:54:24.0852149Z [36;1m  echo CARGO_INCREMENTAL=0 >> $GITHUB_ENV[0m
2026-10-09T05:54:24.0852441Z [36;1mfi[0m
2026-10-09T05:54:24.0923891Z shell: /usr/bin/bash --noprofile --norc -e -o pipefail {0}
2026-10-09T05:54:24.0924272Z env:
2026-10-09T05:54:24.0924490Z   CARGO_TERM_COLOR: always
2026-10-09T05:54:24.0924743Z   RUSTFLAGS: -D warnings
2026-10-09T05:54:24.0924992Z   CARGO_HOME: /home/runner/.cargo
2026-10-09T05:54:24.0925244Z ##[endgroup]
2026-10-09T05:54:24.1361922Z ##[end-action id=__dtolnay_rust-toolchain.__run_6;outcome=success;conclusion=success;duration_ms=121]
2026-10-09T05:54:24.1364800Z ##[start-action display=Enable colors in Cargo output;id=__dtolnay_rust-toolchain.__run_7]
2026-10-09T05:54:24.2914602Z ##[group]Run if [ -z "${CARGO_TERM_COLOR+set}" ]; then
2026-10-09T05:54:24.2915028Z [36;1mif [ -z "${CARGO_TERM_COLOR+set}" ]; then[0m
2026-10-09T05:54:24.2915374Z [36;1m  echo CARGO_TERM_COLOR=always >> $GITHUB_ENV[0m
2026-10-09T05:54:24.2915684Z [36;1mfi[0m
2026-10-09T05:54:24.2984338Z shell: /usr/bin/bash --noprofile --norc -e -o pipefail {0}
2026-10-09T05:54:24.2984702Z env:
2026-10-09T05:54:24.2984914Z   CARGO_TERM_COLOR: always
2026-10-09T05:54:24.2985350Z   RUSTFLAGS: -D warnings
2026-10-09T05:54:24.2985604Z   CARGO_HOME: /home/runner/.cargo
2026-10-09T05:54:24.2985862Z   CARGO_INCREMENTAL: 0
2026-10-09T05:54:24.2986089Z ##[endgroup]
2026-10-09T05:54:24.3078632Z ##[end-action id=__dtolnay_rust-toolchain.__run_7;outcome=success;conclusion=success;duration_ms=171]
2026-10-09T05:54:24.3082211Z ##[start-action display=Enable Cargo sparse registry;id=__dtolnay_rust-toolchain.__run_8]
2026-10-09T05:54:24.3370157Z ##[group]Run # implemented in 1.66, stabilized in 1.68, made default in 1.70
2026-10-09T05:54:24.3370891Z [36;1m# implemented in 1.66, stabilized in 1.68, made default in 1.70[0m
2026-10-09T05:54:24.3371616Z [36;1mif [ -z "${CARGO_REGISTRIES_CRATES_IO_PROTOCOL+set}" -o -f "/home/runner/work/_temp"/.implicit_cargo_registries_crates_io_protocol ]; then[0m
2026-10-09T05:54:24.3372363Z [36;1m  if rustc +"$toolchain" --version --verbose | grep -q '^release: 1\.6[89]\.'; then[0m
2026-10-09T05:54:24.3372943Z [36;1m    touch "/home/runner/work/_temp"/.implicit_cargo_registries_crates_io_protocol || true[0m
2026-10-09T05:54:24.3373497Z [36;1m    echo CARGO_REGISTRIES_CRATES_IO_PROTOCOL=sparse >> $GITHUB_ENV[0m
2026-10-09T05:54:24.3374168Z [36;1m  elif rustc +"$toolchain" --version --verbose | grep -q '^release: 1\.6[67]\.'; then[0m
2026-10-09T05:54:24.3374777Z [36;1m    touch "/home/runner/work/_temp"/.implicit_cargo_registries_crates_io_protocol || true[0m
2026-10-09T05:54:24.3375309Z [36;1m    echo CARGO_REGISTRIES_CRATES_IO_PROTOCOL=git >> $GITHUB_ENV[0m
2026-10-09T05:54:24.3375657Z [36;1m  fi[0m
2026-10-09T05:54:24.3375860Z [36;1mfi[0m
2026-10-09T05:54:24.3439732Z shell: /usr/bin/bash --noprofile --norc -e -o pipefail {0}
2026-10-09T05:54:24.3440070Z env:
2026-10-09T05:54:24.3440282Z   CARGO_TERM_COLOR: always
2026-10-09T05:54:24.3440532Z   RUSTFLAGS: -D warnings
2026-10-09T05:54:24.3440774Z   CARGO_HOME: /home/runner/.cargo
2026-10-09T05:54:24.3441043Z   CARGO_INCREMENTAL: 0
2026-10-09T05:54:24.3441266Z   toolchain: 1.95.0
2026-10-09T05:54:24.3441487Z ##[endgroup]
2026-10-09T05:54:24.3775107Z ##[end-action id=__dtolnay_rust-toolchain.__run_8;outcome=success;conclusion=success;duration_ms=69]
2026-10-09T05:54:24.3779134Z ##[start-action display=Work around spurious network errors in curl 8.0;id=__dtolnay_rust-toolchain.__run_9]
2026-10-09T05:54:24.3798153Z ##[group]Run # https://rust-lang.zulipchat.com/#narrow/stream/246057-t-cargo/topic/timeout.20investigation
2026-10-09T05:54:24.3798937Z [36;1m# https://rust-lang.zulipchat.com/#narrow/stream/246057-t-cargo/topic/timeout.20investigation[0m
2026-10-09T05:54:24.3799591Z [36;1mif rustc +"$toolchain" --version --verbose | grep -q '^release: 1\.7[01]\.'; then[0m
2026-10-09T05:54:24.3800069Z [36;1m  echo CARGO_HTTP_MULTIPLEXING=false >> $GITHUB_ENV[0m
2026-10-09T05:54:24.3800382Z [36;1mfi[0m
2026-10-09T05:54:24.3868311Z shell: /usr/bin/bash --noprofile --norc -e -o pipefail {0}
2026-10-09T05:54:24.3868659Z env:
2026-10-09T05:54:24.3868885Z   CARGO_TERM_COLOR: always
2026-10-09T05:54:24.3869149Z   RUSTFLAGS: -D warnings
2026-10-09T05:54:24.3869400Z   CARGO_HOME: /home/runner/.cargo
2026-10-09T05:54:24.3869661Z   CARGO_INCREMENTAL: 0
2026-10-09T05:54:24.3869884Z   toolchain: 1.95.0
2026-10-09T05:54:24.3870097Z ##[endgroup]
2026-10-09T05:54:24.4082676Z ##[end-action id=__dtolnay_rust-toolchain.__run_9;outcome=success;conclusion=success;duration_ms=30]
2026-10-09T05:54:24.4087683Z ##[start-action display=rustc +1.95.0 --version --verbose;id=__dtolnay_rust-toolchain.__run_10]
2026-10-09T05:54:24.4106429Z ##[group]Run rustc +"$toolchain" --version --verbose
2026-10-09T05:54:24.4106832Z [36;1mrustc +"$toolchain" --version --verbose[0m
2026-10-09T05:54:24.4174619Z shell: /usr/bin/bash --noprofile --norc -e -o pipefail {0}
2026-10-09T05:54:24.4175001Z env:
2026-10-09T05:54:24.4175216Z   CARGO_TERM_COLOR: always
2026-10-09T05:54:24.4175464Z   RUSTFLAGS: -D warnings
2026-10-09T05:54:24.4175714Z   CARGO_HOME: /home/runner/.cargo
2026-10-09T05:54:24.4175978Z   CARGO_INCREMENTAL: 0
2026-10-09T05:54:24.4176383Z   toolchain: 1.95.0
2026-10-09T05:54:24.4176604Z ##[endgroup]
2026-10-09T05:54:24.4371283Z rustc 1.95.0 (59807616e 2026-04-14)
2026-10-09T05:54:24.4371850Z binary: rustc
2026-10-09T05:54:24.4372392Z commit-hash: 59807616e1fa2540724bfbac14d7976d7e4a3860
2026-10-09T05:54:24.4373030Z commit-date: 2026-04-14
2026-10-09T05:54:24.4373511Z host: x86_64-unknown-linux-gnu
2026-10-09T05:54:24.4374082Z release: 1.95.0
2026-10-09T05:54:24.4374401Z LLVM version: 22.1.2
2026-10-09T05:54:24.4389529Z ##[end-action id=__dtolnay_rust-toolchain.__run_10;outcome=success;conclusion=success;duration_ms=30]
2026-10-09T05:54:24.4506954Z ##[group]Run Swatinem/rust-cache@v2
2026-10-09T05:54:24.4507243Z with:
2026-10-09T05:54:24.4507455Z   prefix-key: v0-rust
2026-10-09T05:54:24.4507686Z   add-job-id-key: true
2026-10-09T05:54:24.4507931Z   add-rust-environment-hash-key: true
2026-10-09T05:54:24.4508222Z   cache-targets: true
2026-10-09T05:54:24.4508503Z   cache-all-crates: false
2026-10-09T05:54:24.4508778Z   cache-workspace-crates: false
2026-10-09T05:54:24.4509063Z   save-if: true
2026-10-09T05:54:24.4509295Z   cache-provider: github
2026-10-09T05:54:24.4509540Z   cache-bin: true
2026-10-09T05:54:24.4509748Z   lookup-only: false
2026-10-09T05:54:24.4509964Z   cmd-format: {0}
2026-10-09T05:54:24.4510165Z env:
2026-10-09T05:54:24.4510363Z   CARGO_TERM_COLOR: always
2026-10-09T05:54:24.4510609Z   RUSTFLAGS: -D warnings
2026-10-09T05:54:24.4510847Z   CARGO_HOME: /home/runner/.cargo
2026-10-09T05:54:24.4511105Z   CARGO_INCREMENTAL: 0
2026-10-09T05:54:24.4511325Z ##[endgroup]
2026-10-09T05:54:26.2769008Z ##[group]Cache Configuration
2026-10-09T05:54:26.2769706Z Cache Provider:
2026-10-09T05:54:26.2770288Z     github
2026-10-09T05:54:26.2770805Z Workspaces:
2026-10-09T05:54:26.2771316Z     /home/runner/work/codecortex/codecortex
2026-10-09T05:54:26.2771964Z Cache Paths:
2026-10-09T05:54:26.2772500Z     /home/runner/.cargo/bin
2026-10-09T05:54:26.2773107Z     /home/runner/.cargo/.crates.toml
2026-10-09T05:54:26.2773719Z     /home/runner/.cargo/.crates2.json
2026-10-09T05:54:26.2774562Z     /home/runner/.cargo/registry
2026-10-09T05:54:26.2775142Z     /home/runner/.cargo/git
2026-10-09T05:54:26.2775770Z     /home/runner/work/codecortex/codecortex/target
2026-10-09T05:54:26.2776475Z Restore Key:
2026-10-09T05:54:26.2777018Z     v0-rust-msrv-Linux-x64-5dc78561
2026-10-09T05:54:26.2777637Z Cache Key:
2026-10-09T05:54:26.2778211Z     v0-rust-msrv-Linux-x64-5dc78561-3495a27c
2026-10-09T05:54:26.2778878Z .. Prefix:
2026-10-09T05:54:26.2779388Z   - v0-rust-msrv-Linux-x64
2026-10-09T05:54:26.2779958Z .. Environment considered:
2026-10-09T05:54:26.2780489Z   - Rust Versions:
2026-10-09T05:54:26.2781170Z     - 1.95.0 x86_64-unknown-linux-gnu 59807616e1fa2540724bfbac14d7976d7e4a3860
2026-10-09T05:54:26.2782156Z     - 1.99.0 x86_64-unknown-linux-gnu b940084d7eb6a299eb4bfeb8e34901bc051e7ac4
2026-10-09T05:54:26.2783007Z   - CARGO_HOME
2026-10-09T05:54:26.2783543Z   - CARGO_INCREMENTAL
2026-10-09T05:54:26.2784317Z   - CARGO_TERM_COLOR
2026-10-09T05:54:26.2784878Z   - RUSTFLAGS
2026-10-09T05:54:26.2785379Z .. Lockfiles considered:
2026-10-09T05:54:26.2786016Z   - /home/runner/work/codecortex/codecortex/Cargo.lock
2026-10-09T05:54:26.2786906Z   - /home/runner/work/codecortex/codecortex/crates/cc-db/Cargo.toml
2026-10-09T05:54:26.2787908Z   - /home/runner/work/codecortex/codecortex/crates/cc-eval/Cargo.toml
2026-10-09T05:54:26.2789032Z   - /home/runner/work/codecortex/codecortex/crates/cc-index/Cargo.toml
2026-10-09T05:54:26.2790179Z   - /home/runner/work/codecortex/codecortex/crates/cc-model/Cargo.toml
2026-10-09T05:54:26.2791314Z   - /home/runner/work/codecortex/codecortex/crates/cc-parsers/Cargo.toml
2026-10-09T05:54:26.2792433Z   - /home/runner/work/codecortex/codecortex/crates/cc-search/Cargo.toml
2026-10-09T05:54:26.2793595Z   - /home/runner/work/codecortex/codecortex/crates/cc-semantic/Cargo.toml
2026-10-09T05:54:26.2794810Z   - /home/runner/work/codecortex/codecortex/crates/cc-server/Cargo.toml
2026-10-09T05:54:26.2796012Z ##[endgroup]
2026-10-09T05:54:26.2796787Z 
2026-10-09T05:54:26.2797052Z ... Restoring cache ...
2026-10-09T05:54:26.3894568Z Cache hit for: v0-rust-msrv-Linux-x64-5dc78561-3495a27c
2026-10-09T05:54:27.5103187Z Received 134217728 of 248590139 (54.0%), 127.7 MBs/sec
2026-10-09T05:54:28.2561558Z Received 248590139 of 248590139 (100.0%), 135.7 MBs/sec
2026-10-09T05:54:28.2562103Z Cache Size: ~237 MB (248590139 B)
2026-10-09T05:54:28.2661569Z [command]/usr/bin/tar -xf /home/runner/work/_temp/f7ecb2bf-2891-418b-bf66-bd62138cde86/cache.tzst -P -C /home/runner/work/codecortex/codecortex --use-compress-program unzstd
2026-10-09T05:54:29.6204553Z Cache restored successfully
2026-10-09T05:54:29.6320052Z Restored from cache key "v0-rust-msrv-Linux-x64-5dc78561-3495a27c" full match: true.
2026-10-09T05:54:29.6974544Z ##[group]Run cargo check --workspace --all-targets --locked
2026-10-09T05:54:29.6975040Z [36;1mcargo check --workspace --all-targets --locked[0m
2026-10-09T05:54:29.7041995Z shell: /usr/bin/bash -e {0}
2026-10-09T05:54:29.7042282Z env:
2026-10-09T05:54:29.7042505Z   CARGO_TERM_COLOR: always
2026-10-09T05:54:29.7042769Z   RUSTFLAGS: -D warnings
2026-10-09T05:54:29.7043038Z   CARGO_HOME: /home/runner/.cargo
2026-10-09T05:54:29.7043309Z   CARGO_INCREMENTAL: 0
2026-10-09T05:54:29.7043551Z   CACHE_ON_FAILURE: false
2026-10-09T05:54:29.7043889Z ##[endgroup]
2026-10-09T05:54:29.8319312Z [1m[92m    Updating[0m crates.io index
2026-10-09T05:54:30.7386194Z [1m[92m    Checking[0m cc-model v1.0.0 (/home/runner/work/codecortex/codecortex/crates/cc-model)
2026-10-09T05:54:34.1164746Z [1m[92m    Checking[0m cc-db v1.0.0 (/home/runner/work/codecortex/codecortex/crates/cc-db)
2026-10-09T05:54:34.1166232Z [1m[92m    Checking[0m cc-parsers v1.0.0 (/home/runner/work/codecortex/codecortex/crates/cc-parsers)
2026-10-09T05:54:36.5242283Z [1m[92m    Checking[0m cc-index v1.0.0 (/home/runner/work/codecortex/codecortex/crates/cc-index)
2026-10-09T05:54:36.5244263Z [1m[92m    Checking[0m cc-search v1.0.0 (/home/runner/work/codecortex/codecortex/crates/cc-search)
2026-10-09T05:54:36.5246196Z [1m[92m    Checking[0m cc-semantic v1.0.0 (/home/runner/work/codecortex/codecortex/crates/cc-semantic)
2026-10-09T05:54:39.4006425Z [1m[92m    Checking[0m cc-server v1.0.0 (/home/runner/work/codecortex/codecortex/crates/cc-server)
2026-10-09T05:54:42.2115756Z [1m[92m    Checking[0m cc-eval v1.0.0 (/home/runner/work/codecortex/codecortex/crates/cc-eval)
2026-10-09T05:54:49.8375913Z [1m[92m    Finished[0m `dev` profile [unoptimized + debuginfo] target(s) in 20.11s
2026-10-09T05:54:49.9515231Z ##[group]Run cargo check -p cc-eval --all-targets --features eval-http --locked
2026-10-09T05:54:49.9515826Z [36;1mcargo check -p cc-eval --all-targets --features eval-http --locked[0m
2026-10-09T05:54:49.9582144Z shell: /usr/bin/bash -e {0}
2026-10-09T05:54:49.9582424Z env:
2026-10-09T05:54:49.9582643Z   CARGO_TERM_COLOR: always
2026-10-09T05:54:49.9582900Z   RUSTFLAGS: -D warnings
2026-10-09T05:54:49.9583154Z   CARGO_HOME: /home/runner/.cargo
2026-10-09T05:54:49.9583449Z   CARGO_INCREMENTAL: 0
2026-10-09T05:54:49.9583688Z   CACHE_ON_FAILURE: false
2026-10-09T05:54:49.9584054Z ##[endgroup]
2026-10-09T05:54:50.4613278Z [1m[92m    Checking[0m cc-db v1.0.0 (/home/runner/work/codecortex/codecortex/crates/cc-db)
2026-10-09T05:54:52.0632845Z [1m[92m    Checking[0m cc-index v1.0.0 (/home/runner/work/codecortex/codecortex/crates/cc-index)
2026-10-09T05:54:52.0634313Z [1m[92m    Checking[0m cc-search v1.0.0 (/home/runner/work/codecortex/codecortex/crates/cc-search)
2026-10-09T05:54:53.8989952Z [1m[92m    Checking[0m cc-server v1.0.0 (/home/runner/work/codecortex/codecortex/crates/cc-server)
2026-10-09T05:54:55.6825531Z [1m[92m    Checking[0m cc-eval v1.0.0 (/home/runner/work/codecortex/codecortex/crates/cc-eval)
2026-10-09T05:55:01.9274585Z [1m[92m    Finished[0m `dev` profile [unoptimized + debuginfo] target(s) in 11.95s
2026-10-09T05:55:02.0162299Z Post job cleanup.
2026-10-09T05:55:02.1425158Z Cache up-to-date.
2026-10-09T05:55:02.1576494Z Post job cleanup.
2026-10-09T05:55:02.2445736Z [command]/usr/bin/git version
2026-10-09T05:55:02.2484368Z git version 2.55.0
2026-10-09T05:55:02.2518027Z Temporarily overriding HOME='/home/runner/work/_temp/4dcc846a-0960-4650-84a8-251ffc140198' before making global git config changes
2026-10-09T05:55:02.2519285Z Adding repository directory to the temporary git global config as a safe directory
2026-10-09T05:55:02.2524654Z [command]/usr/bin/git config --global --add safe.directory /home/runner/work/codecortex/codecortex
2026-10-09T05:55:02.2567629Z [command]/usr/bin/git config --local --name-only --get-regexp core\.sshCommand
2026-10-09T05:55:02.2602965Z [command]/usr/bin/git submodule foreach --recursive sh -c "git config --local --name-only --get-regexp 'core\.sshCommand' && git config --local --unset-all 'core.sshCommand' || :"
2026-10-09T05:55:02.2869684Z [command]/usr/bin/git config --local --name-only --get-regexp http\.https\:\/\/github\.com\/\.extraheader
2026-10-09T05:55:02.2894742Z http.https://github.com/.extraheader
2026-10-09T05:55:02.2905191Z [command]/usr/bin/git config --local --unset-all http.https://github.com/.extraheader
2026-10-09T05:55:02.2938853Z [command]/usr/bin/git submodule foreach --recursive sh -c "git config --local --name-only --get-regexp 'http\.https\:\/\/github\.com\/\.extraheader' && git config --local --unset-all 'http.https://github.com/.extraheader' || :"
2026-10-09T05:55:02.3199071Z [command]/usr/bin/git config --local --name-only --get-regexp ^includeIf\.gitdir:
2026-10-09T05:55:02.3232520Z [command]/usr/bin/git submodule foreach --recursive git config --local --show-origin --name-only --get-regexp remote.origin.url
2026-10-09T05:55:02.3674292Z Cleaning up orphan processes
2026-10-09T05:55:02.3967971Z ##[warning]Node.js 20 is deprecated. The following actions target Node.js 20 but are being forced to run on Node.js 24: actions/checkout@v4. For more information see: https://github.blog/changelog/2025-09-19-deprecation-of-node-20-on-github-actions-runners/
