   Compiling cc-index v1.0.0 (/workspace/codecortex/crates/cc-index)
    Finished `test` profile [unoptimized + debuginfo] target(s) in 0.44s
     Running tests/independent_qname_parser_public.rs (/workspace/scratch/qname-review/target/debug/deps/independent_qname_parser_public-34071c4f9f7197e4)

running 4 tests
test decorated_classes_are_class_declarations_not_function_or_method ... FAILED
test nearest_declaration_and_conditional_classes_preserve_native_scope ... ok
test unicode_crlf_decorator_is_single_wrapper_and_body_call_owner ... ok
test malformed_and_missing_proofs_omit_identity ... ok

failures:

---- decorated_classes_are_class_declarations_not_function_or_method stdout ----

thread 'decorated_classes_are_class_declarations_not_function_or_method' (17321) panicked at crates/cc-index/tests/independent_qname_parser_public.rs:155:9:
assertion `left == right` failed: decorated class Outer: [
    SymbolRecord {
        symbol_id: "sym:ded2f40062da5a7a",
        file_path: "micro.py",
        name: "Outer",
        kind: Function,
        container: None,
        start_line: 1,
        end_line: 5,
        start_col: 0,
        end_col: 31,
        signature: Some(
            "def Outer()",
        ),
        doc: None,
        parser_tier: Semantic,
        parser_confidence: 0.85,
        qname: Some(
            "Outer",
        ),
        parent_symbol_id: None,
        scope_id: None,
        export_name: None,
        is_default_export: false,
        symbol_uid: Some(
            "uid:c1c7c1507baed43795130360",
        ),
        framework_role: None,
        receiver_type: None,
        param_types: None,
        return_type: None,
        param_count: Some(
            0,
        ),
        base_types: None,
        implements: None,
    },
    SymbolRecord {
        symbol_id: "sym:96b4ea4e63044ade",
        file_path: "micro.py",
        name: "Outer",
        kind: Class,
        container: None,
        start_line: 2,
        end_line: 5,
        start_col: 0,
        end_col: 31,
        signature: Some(
            "class Outer",
        ),
        doc: None,
        parser_tier: Semantic,
        parser_confidence: 0.85,
        qname: Some(
            "Outer",
        ),
        parent_symbol_id: None,
        scope_id: None,
        export_name: None,
        is_default_export: false,
        symbol_uid: Some(
            "uid:de56fd617799c711c83c1963",
        ),
        framework_role: None,
        receiver_type: None,
        param_types: None,
        return_type: None,
        param_count: None,
        base_types: None,
        implements: None,
    },
]
  left: 2
 right: 1
note: run with `RUST_BACKTRACE=1` environment variable to display a backtrace


failures:
    decorated_classes_are_class_declarations_not_function_or_method

test result: FAILED. 3 passed; 1 failed; 0 ignored; 0 measured; 0 filtered out; finished in 0.02s

error: test failed, to rerun pass `-p cc-index --test independent_qname_parser_public`
