   Compiling cc-search v1.0.0 (/Users/jin/Desktop/codecortex-rust/crates/cc-search)
   Compiling cc-server v1.0.0 (/Users/jin/Desktop/codecortex-rust/crates/cc-server)
   Compiling cc-eval v1.0.0 (/Users/jin/Desktop/codecortex-rust/crates/cc-eval)
    Finished `test` profile [unoptimized + debuginfo] target(s) in 14.89s
     Running tests/p1a_retrieval.rs (target/p0-dev/debug/deps/p1a_retrieval-8bede82143eec81b)

running 13 tests
test p1a_stdio_bm25_contribution_is_monotonic ... ignored, requires CODECORTEX_BENCH_BINARY; execute explicitly for old/new product
test p1a_stdio_soft_hints_and_path_intersection ... ignored, requires CODECORTEX_BENCH_BINARY; execute explicitly for old/new product
test p1a_disjoint_path_constraints_are_empty ... ok
test p1a_empty_hard_lists_are_also_empty_in_sql ... ok
test p1a_graph_evidence_obeys_the_same_hard_scope ... ok
test p1a_unknown_or_empty_language_is_not_unrestricted ... ok
test p1a_soft_hints_do_not_mutate_the_callers_request ... ok
test p1a_caller_path_and_dsl_are_intersected ... ok
test p1a_files_language_and_path_combine_without_widening ... ok
test p1a_repeated_dsl_paths_cannot_widen ... ok
test p1a_repeated_languages_intersect_and_aliases_agree ... ok
test p1a_language_parameter_and_dsl_are_intersected ... ok
test p1a_empty_scope_cannot_alias_an_empty_soft_hint_in_cache ... ok

test result: ok. 11 passed; 0 failed; 2 ignored; 0 measured; 0 filtered out; finished in 0.58s

     Running tests/p1b_retrieval.rs (target/p0-dev/debug/deps/p1b_retrieval-0daf008e7712d2b6)

running 13 tests
test p1b_stdio_boundaries_and_empty_partial ... ignored, requires CODECORTEX_BENCH_BINARY; explicit old/new subprocess
test p1b_stdio_symbol_mode_honors_path_scope ... ignored, requires CODECORTEX_BENCH_BINARY; explicit old/new subprocess
test p1b_decode_cap_is_checked_before_the_next_blob ... ok
test p1b_soft_priority_recalls_old_midtoken_match_under_budget ... ok
test p1b_zero_scan_budget_is_explicit_and_cannot_decode ... ok
test p1b_invalid_hard_paths_are_not_silently_empty ... ok
test p1b_empty_partial_query_retains_scan_diagnostic ... ok
test p1b_shared_scan_budget_deduplicates_all_stages_and_detects_exact_exhaustion ... ok
test p1b_lexical_sql_filters_before_limit_and_preserves_case ... ok
test p1b_exact_identifier_and_path_keep_top1_with_distractors ... ok
test p1b_scanner_and_source_guard_reject_external_symlinks ... ok
test p1b_component_scope_and_separator_normalization ... ok
test p1b_graph_scopes_seeds_and_neighbors_before_their_caps ... ok

test result: ok. 11 passed; 0 failed; 2 ignored; 0 measured; 0 filtered out; finished in 0.57s

     Running tests/p1c_retrieval.rs (target/p0-dev/debug/deps/p1c_retrieval-060b8f7ded255972)

running 5 tests
test p1c_stdio_scope_explain_survives_cache_and_redacts_hints ... ignored, requires CODECORTEX_BENCH_BINARY; explicit old/new product
test p1c_scope_explain_does_not_enumerate_explicit_file_set ... ok
test p1c_scope_explanation_exists_on_cold_warm_and_empty_without_inventory_leak ... ok
test p1c_config_reload_recreates_engine_and_empty_budget_diagnostics ... ok
test p1c_warm_scope_variants_and_trace_remain_correct ... ok

test result: ok. 4 passed; 0 failed; 1 ignored; 0 measured; 0 filtered out; finished in 0.25s

     Running tests/p5a_boundaries.rs (target/p0-dev/debug/deps/p5a_boundaries-b8206e774ee87504)

running 16 tests
test literal_function_signature_uses_byte_columns_after_unicode_crlf_prefix ... ok
test lexical_diagnostics_retain_native_bm25_not_reciprocal_rank ... ok
test grep_execution_receipt_matches_zero_weight_and_empty_scope ... ok
test same_line_sibling_definitions_do_not_share_exact_identity ... ok
test finite_but_overflowing_ranking_config_cannot_emit_nonfinite_scores ... ok
test absent_parser_method_signatures_are_not_fabricated_by_exact_lane ... ok
test qualified_same_line_methods_do_not_promote_another_owner ... ok
test exact_ambiguity_and_limit_are_scoped_before_truncation ... ok
test exact_paths_preserve_document_type_and_case_sensitive_scope ... ok
test prose_short_words_cannot_cast_path_votes_but_short_path_queries_work ... ok
test path_token_budget_is_not_consumed_by_files_without_documents ... ok
test exact_lane_finds_a_split_definition_and_its_literal_signature ... ok
test path_token_truncation_is_explicit_and_bounded ... ok
test graph_lane_read_failure_is_visible_and_not_result_cached ... ok
test graph_internal_seed_and_neighbor_limits_never_claim_complete ... ok
test identity_materialization_rejects_corruption_before_reranking ... ok

test result: ok. 16 passed; 0 failed; 0 ignored; 0 measured; 0 filtered out; finished in 1.05s

     Running tests/p5e_identifier.rs (target/p0-dev/debug/deps/p5e_identifier-d9db5f0ddde968b1)

running 1 test
test unknown_compound_identifier_does_not_recall_a_generic_loop_word ... ok

test result: ok. 1 passed; 0 failed; 0 ignored; 0 measured; 0 filtered out; finished in 0.14s

