ROUND 0 exit=0

running 1 test
test project_session::tests::close_idle_instances_closes_cached_non_active_projects ... ok

test result: ok. 1 passed; 0 failed; 0 ignored; 0 measured; 241 filtered out; finished in 0.49s

ROUND 1 exit=0

running 1 test
test project_session::tests::close_idle_instances_closes_cached_non_active_projects ... ok

test result: ok. 1 passed; 0 failed; 0 ignored; 0 measured; 241 filtered out; finished in 0.49s

ROUND 2 exit=101

running 1 test

thread 'project_session::tests::close_idle_instances_closes_cached_non_active_projects' (1377890) panicked at crates/cc-server/src/project_session.rs:777:9:
assertion `left == right` failed: both active B and cached non-active A must close
  left: 1
 right: 2
note: run with `RUST_BACKTRACE=1` environment variable to display a backtrace
test project_session::tests::close_idle_instances_closes_cached_non_active_projects ... FAILED

failures:

failures:
    project_session::tests::close_idle_instances_closes_cached_non_active_projects

test result: FAILED. 0 passed; 1 failed; 0 ignored; 0 measured; 241 filtered out; finished in 0.51s

ROUND 3 exit=0

running 1 test
test project_session::tests::close_idle_instances_closes_cached_non_active_projects ... ok

test result: ok. 1 passed; 0 failed; 0 ignored; 0 measured; 241 filtered out; finished in 0.52s

ROUND 4 exit=0

running 1 test
test project_session::tests::close_idle_instances_closes_cached_non_active_projects ... ok

test result: ok. 1 passed; 0 failed; 0 ignored; 0 measured; 241 filtered out; finished in 0.48s

ROUND 5 exit=0

running 1 test
test project_session::tests::close_idle_instances_closes_cached_non_active_projects ... ok

test result: ok. 1 passed; 0 failed; 0 ignored; 0 measured; 241 filtered out; finished in 1.43s

ROUND 6 exit=0

running 1 test
test project_session::tests::close_idle_instances_closes_cached_non_active_projects ... ok

test result: ok. 1 passed; 0 failed; 0 ignored; 0 measured; 241 filtered out; finished in 1.44s

ROUND 7 exit=0

running 1 test
test project_session::tests::close_idle_instances_closes_cached_non_active_projects ... ok

test result: ok. 1 passed; 0 failed; 0 ignored; 0 measured; 241 filtered out; finished in 0.49s

ROUND 8 exit=0

running 1 test
test project_session::tests::close_idle_instances_closes_cached_non_active_projects ... ok

test result: ok. 1 passed; 0 failed; 0 ignored; 0 measured; 241 filtered out; finished in 0.51s

ROUND 9 exit=0

running 1 test
test project_session::tests::close_idle_instances_closes_cached_non_active_projects ... ok

test result: ok. 1 passed; 0 failed; 0 ignored; 0 measured; 241 filtered out; finished in 0.48s

ROUND 10 exit=0

running 1 test
test project_session::tests::close_idle_instances_closes_cached_non_active_projects ... ok

test result: ok. 1 passed; 0 failed; 0 ignored; 0 measured; 241 filtered out; finished in 0.50s

ROUND 11 exit=101

running 1 test

thread 'project_session::tests::close_idle_instances_closes_cached_non_active_projects' (1378315) panicked at crates/cc-server/src/project_session.rs:777:9:
assertion `left == right` failed: both active B and cached non-active A must close
  left: 1
 right: 2
note: run with `RUST_BACKTRACE=1` environment variable to display a backtrace
test project_session::tests::close_idle_instances_closes_cached_non_active_projects ... FAILED

failures:

failures:
    project_session::tests::close_idle_instances_closes_cached_non_active_projects

test result: FAILED. 0 passed; 1 failed; 0 ignored; 0 measured; 241 filtered out; finished in 0.44s

ROUND 12 exit=0

running 1 test
test project_session::tests::close_idle_instances_closes_cached_non_active_projects ... ok

test result: ok. 1 passed; 0 failed; 0 ignored; 0 measured; 241 filtered out; finished in 0.48s

ROUND 13 exit=0

running 1 test
test project_session::tests::close_idle_instances_closes_cached_non_active_projects ... ok

test result: ok. 1 passed; 0 failed; 0 ignored; 0 measured; 241 filtered out; finished in 0.44s

ROUND 14 exit=0

running 1 test
test project_session::tests::close_idle_instances_closes_cached_non_active_projects ... ok

test result: ok. 1 passed; 0 failed; 0 ignored; 0 measured; 241 filtered out; finished in 0.50s

ROUND 15 exit=0

running 1 test
test project_session::tests::close_idle_instances_closes_cached_non_active_projects ... ok

test result: ok. 1 passed; 0 failed; 0 ignored; 0 measured; 241 filtered out; finished in 0.44s

ROUND 16 exit=0

running 1 test
test project_session::tests::close_idle_instances_closes_cached_non_active_projects ... ok

test result: ok. 1 passed; 0 failed; 0 ignored; 0 measured; 241 filtered out; finished in 0.51s

ROUND 17 exit=0

running 1 test
test project_session::tests::close_idle_instances_closes_cached_non_active_projects ... ok

test result: ok. 1 passed; 0 failed; 0 ignored; 0 measured; 241 filtered out; finished in 0.44s

ROUND 18 exit=0

running 1 test
test project_session::tests::close_idle_instances_closes_cached_non_active_projects ... ok

test result: ok. 1 passed; 0 failed; 0 ignored; 0 measured; 241 filtered out; finished in 0.43s

ROUND 19 exit=0

running 1 test
test project_session::tests::close_idle_instances_closes_cached_non_active_projects ... ok

test result: ok. 1 passed; 0 failed; 0 ignored; 0 measured; 241 filtered out; finished in 0.42s

ROUND 20 exit=0

running 1 test
test project_session::tests::close_idle_instances_closes_cached_non_active_projects ... ok

test result: ok. 1 passed; 0 failed; 0 ignored; 0 measured; 241 filtered out; finished in 0.48s

ROUND 21 exit=0

running 1 test
test project_session::tests::close_idle_instances_closes_cached_non_active_projects ... ok

test result: ok. 1 passed; 0 failed; 0 ignored; 0 measured; 241 filtered out; finished in 1.43s

ROUND 22 exit=0

running 1 test
test project_session::tests::close_idle_instances_closes_cached_non_active_projects ... ok

test result: ok. 1 passed; 0 failed; 0 ignored; 0 measured; 241 filtered out; finished in 0.51s

ROUND 23 exit=0

running 1 test
test project_session::tests::close_idle_instances_closes_cached_non_active_projects ... ok

test result: ok. 1 passed; 0 failed; 0 ignored; 0 measured; 241 filtered out; finished in 1.43s

ROUND 24 exit=0

running 1 test
test project_session::tests::close_idle_instances_closes_cached_non_active_projects ... ok

test result: ok. 1 passed; 0 failed; 0 ignored; 0 measured; 241 filtered out; finished in 1.52s

ROUND 25 exit=0

running 1 test
test project_session::tests::close_idle_instances_closes_cached_non_active_projects ... ok

test result: ok. 1 passed; 0 failed; 0 ignored; 0 measured; 241 filtered out; finished in 0.44s

ROUND 26 exit=0

running 1 test
test project_session::tests::close_idle_instances_closes_cached_non_active_projects ... ok

test result: ok. 1 passed; 0 failed; 0 ignored; 0 measured; 241 filtered out; finished in 0.47s

ROUND 27 exit=0

running 1 test
test project_session::tests::close_idle_instances_closes_cached_non_active_projects ... ok

test result: ok. 1 passed; 0 failed; 0 ignored; 0 measured; 241 filtered out; finished in 0.48s

ROUND 28 exit=0

running 1 test
test project_session::tests::close_idle_instances_closes_cached_non_active_projects ... ok

test result: ok. 1 passed; 0 failed; 0 ignored; 0 measured; 241 filtered out; finished in 1.45s

ROUND 29 exit=0

running 1 test
test project_session::tests::close_idle_instances_closes_cached_non_active_projects ... ok

test result: ok. 1 passed; 0 failed; 0 ignored; 0 measured; 241 filtered out; finished in 0.49s

