   Compiling libc v0.2.183
   Compiling shlex v1.3.0
   Compiling find-msvc-tools v0.1.9
   Compiling proc-macro2 v1.0.106
   Compiling quote v1.0.45
   Compiling unicode-ident v1.0.24
   Compiling cfg-if v1.0.4
   Compiling tree-sitter-language v0.1.7
   Compiling memchr v2.8.0
   Compiling serde_core v1.0.228
   Compiling pin-project-lite v0.2.17
   Compiling smallvec v1.15.1
   Compiling parking_lot_core v0.9.12
   Compiling pkg-config v0.3.32
   Compiling serde v1.0.228
   Compiling scopeguard v1.2.0
   Compiling zmij v1.0.21
   Compiling once_cell v1.21.4
   Compiling bitflags v2.11.0
   Compiling regex-syntax v0.8.10
   Compiling itoa v1.0.18
   Compiling lock_api v0.4.14
   Compiling aho-corasick v1.1.4
   Compiling tracing-core v0.1.36
   Compiling log v0.4.29
   Compiling crossbeam-utils v0.8.21
   Compiling rand_core v0.10.0
error: linking with `cc` failed: exit status: 1
  |
  = note:  "cc" "/Users/jin/Desktop/codecortex-rust/target/debug/build/tree-sitter-language-64bd0ade5293dca5/rustc5qKjT6/symbols.o" "<2 object files omitted>" "<sysroot>/lib/rustlib/aarch64-apple-darwin/lib/{libstd-*,libpanic_unwind-*,libobject-*,libmemchr-*,libaddr2line-*,libgimli-*,libcfg_if-*,librustc_demangle-*,libstd_detect-*,libhashbrown-*,librustc_std_workspace_alloc-*,libminiz_oxide-*,libadler2-*,libunwind-*,liblibc-*,librustc_std_workspace_core-*,liballoc-*,libcore-*,libcompiler_builtins-*}.rlib" "-lSystem" "-lc" "-lm" "-arch" "arm64" "-mmacosx-version-min=11.0.0" "-o" "/Users/jin/Desktop/codecortex-rust/target/debug/build/tree-sitter-language-64bd0ade5293dca5/build_script_build-64bd0ade5293dca5" "-Wl,-dead_strip" "-nodefaultlibs"
  = note: some arguments are omitted. use `--verbose` to show all linker arguments
  = note: ld: multiple errors: tapi error: malformed file
          /Library/Developer/CommandLineTools/SDKs/MacOSX27.0.sdk/usr/lib/libSystem.B.tbd:4:20: error: unknown architecture
                             arm64e.x1-macos, arm64e.x1-maccatalyst ]
                             ^~~~~~~~~~~~~~~
           in '/Library/Developer/CommandLineTools/SDKs/MacOSX27.0.sdk/usr/lib/libm.tbd'; tapi error: malformed file
          /Library/Developer/CommandLineTools/SDKs/MacOSX27.0.sdk/usr/lib/libSystem.B.tbd:4:20: error: unknown architecture
                             arm64e.x1-macos, arm64e.x1-maccatalyst ]
                             ^~~~~~~~~~~~~~~
           in '/Library/Developer/CommandLineTools/SDKs/MacOSX27.0.sdk/usr/lib/libc.tbd'; tapi error: malformed file
          /Library/Developer/CommandLineTools/SDKs/MacOSX27.0.sdk/usr/lib/libSystem.B.tbd:4:20: error: unknown architecture
                             arm64e.x1-macos, arm64e.x1-maccatalyst ]
                             ^~~~~~~~~~~~~~~
           in '/Library/Developer/CommandLineTools/SDKs/MacOSX27.0.sdk/usr/lib/libSystem.tbd'
          clang: error: linker command failed with exit code 1 (use -v to see invocation)
          

error: linking with `cc` failed: exit status: 1
  |
  = note:  "cc" "/Users/jin/Desktop/codecortex-rust/target/debug/build/libc-0e9e01337a418bd6/rustc8mbIRc/symbols.o" "<5 object files omitted>" "<sysroot>/lib/rustlib/aarch64-apple-darwin/lib/{libstd-*,libpanic_unwind-*,libobject-*,libmemchr-*,libaddr2line-*,libgimli-*,libcfg_if-*,librustc_demangle-*,libstd_detect-*,libhashbrown-*,librustc_std_workspace_alloc-*,libminiz_oxide-*,libadler2-*,libunwind-*,liblibc-*,librustc_std_workspace_core-*,liballoc-*,libcore-*,libcompiler_builtins-*}.rlib" "-lSystem" "-lc" "-lm" "-arch" "arm64" "-mmacosx-version-min=11.0.0" "-o" "/Users/jin/Desktop/codecortex-rust/target/debug/build/libc-0e9e01337a418bd6/build_script_build-0e9e01337a418bd6" "-Wl,-dead_strip" "-nodefaultlibs"
  = note: some arguments are omitted. use `--verbose` to show all linker arguments
  = note: ld: multiple errors: tapi error: malformed file
          /Library/Developer/CommandLineTools/SDKs/MacOSX27.0.sdk/usr/lib/libSystem.B.tbd:4:20: error: unknown architecture
                             arm64e.x1-macos, arm64e.x1-maccatalyst ]
                             ^~~~~~~~~~~~~~~
           in '/Library/Developer/CommandLineTools/SDKs/MacOSX27.0.sdk/usr/lib/libm.tbd'; tapi error: malformed file
          /Library/Developer/CommandLineTools/SDKs/MacOSX27.0.sdk/usr/lib/libSystem.B.tbd:4:20: error: unknown architecture
                             arm64e.x1-macos, arm64e.x1-maccatalyst ]
                             ^~~~~~~~~~~~~~~
           in '/Library/Developer/CommandLineTools/SDKs/MacOSX27.0.sdk/usr/lib/libc.tbd'; tapi error: malformed file
          /Library/Developer/CommandLineTools/SDKs/MacOSX27.0.sdk/usr/lib/libSystem.B.tbd:4:20: error: unknown architecture
                             arm64e.x1-macos, arm64e.x1-maccatalyst ]
                             ^~~~~~~~~~~~~~~
           in '/Library/Developer/CommandLineTools/SDKs/MacOSX27.0.sdk/usr/lib/libSystem.tbd'
          clang: error: linker command failed with exit code 1 (use -v to see invocation)
          

error: linking with `cc` failed: exit status: 1
  |
  = note:  "cc" "/Users/jin/Desktop/codecortex-rust/target/debug/build/zmij-8deb5dcb6305bde4/rustc9krPMn/symbols.o" "<2 object files omitted>" "<sysroot>/lib/rustlib/aarch64-apple-darwin/lib/{libstd-*,libpanic_unwind-*,libobject-*,libmemchr-*,libaddr2line-*,libgimli-*,libcfg_if-*,librustc_demangle-*,libstd_detect-*,libhashbrown-*,librustc_std_workspace_alloc-*,libminiz_oxide-*,libadler2-*,libunwind-*,liblibc-*,librustc_std_workspace_core-*,liballoc-*,libcore-*,libcompiler_builtins-*}.rlib" "-lSystem" "-lc" "-lm" "-arch" "arm64" "-mmacosx-version-min=11.0.0" "-o" "/Users/jin/Desktop/codecortex-rust/target/debug/build/zmij-8deb5dcb6305bde4/build_script_build-8deb5dcb6305bde4" "-Wl,-dead_strip" "-nodefaultlibs"
  = note: some arguments are omitted. use `--verbose` to show all linker arguments
  = note: ld: multiple errors: tapi error: malformed file
          /Library/Developer/CommandLineTools/SDKs/MacOSX27.0.sdk/usr/lib/libSystem.B.tbd:4:20: error: unknown architecture
                             arm64e.x1-macos, arm64e.x1-maccatalyst ]
                             ^~~~~~~~~~~~~~~
           in '/Library/Developer/CommandLineTools/SDKs/MacOSX27.0.sdk/usr/lib/libSystem.tbd'; tapi error: malformed file
          /Library/Developer/CommandLineTools/SDKs/MacOSX27.0.sdk/usr/lib/libSystem.B.tbd:4:20: error: unknown architecture
                             arm64e.x1-macos, arm64e.x1-maccatalyst ]
                             ^~~~~~~~~~~~~~~
           in '/Library/Developer/CommandLineTools/SDKs/MacOSX27.0.sdk/usr/lib/libm.tbd'; tapi error: malformed file
          /Library/Developer/CommandLineTools/SDKs/MacOSX27.0.sdk/usr/lib/libSystem.B.tbd:4:20: error: unknown architecture
                             arm64e.x1-macos, arm64e.x1-maccatalyst ]
                             ^~~~~~~~~~~~~~~
           in '/Library/Developer/CommandLineTools/SDKs/MacOSX27.0.sdk/usr/lib/libc.tbd'
          clang: error: linker command failed with exit code 1 (use -v to see invocation)
          

error: linking with `cc` failed: exit status: 1
  |
  = note:  "cc" "/Users/jin/Desktop/codecortex-rust/target/debug/build/libc-6f3c2426e166c3c5/rustcNc6F1f/symbols.o" "<5 object files omitted>" "<sysroot>/lib/rustlib/aarch64-apple-darwin/lib/{libstd-*,libpanic_unwind-*,libobject-*,libmemchr-*,libaddr2line-*,libgimli-*,libcfg_if-*,librustc_demangle-*,libstd_detect-*,libhashbrown-*,librustc_std_workspace_alloc-*,libminiz_oxide-*,libadler2-*,libunwind-*,liblibc-*,librustc_std_workspace_core-*,liballoc-*,libcore-*,libcompiler_builtins-*}.rlib" "-lSystem" "-lc" "-lm" "-arch" "arm64" "-mmacosx-version-min=11.0.0" "-o" "/Users/jin/Desktop/codecortex-rust/target/debug/build/libc-6f3c2426e166c3c5/build_script_build-6f3c2426e166c3c5" "-Wl,-dead_strip" "-nodefaultlibs"
  = note: some arguments are omitted. use `--verbose` to show all linker arguments
  = note: ld: multiple errors: tapi error: malformed file
          /Library/Developer/CommandLineTools/SDKs/MacOSX27.0.sdk/usr/lib/libSystem.B.tbd:4:20: error: unknown architecture
                             arm64e.x1-macos, arm64e.x1-maccatalyst ]
                             ^~~~~~~~~~~~~~~
           in '/Library/Developer/CommandLineTools/SDKs/MacOSX27.0.sdk/usr/lib/libm.tbd'; tapi error: malformed file
          /Library/Developer/CommandLineTools/SDKs/MacOSX27.0.sdk/usr/lib/libSystem.B.tbd:4:20: error: unknown architecture
                             arm64e.x1-macos, arm64e.x1-maccatalyst ]
                             ^~~~~~~~~~~~~~~
           in '/Library/Developer/CommandLineTools/SDKs/MacOSX27.0.sdk/usr/lib/libc.tbd'; tapi error: malformed file
          /Library/Developer/CommandLineTools/SDKs/MacOSX27.0.sdk/usr/lib/libSystem.B.tbd:4:20: error: unknown architecture
                             arm64e.x1-macos, arm64e.x1-maccatalyst ]
                             ^~~~~~~~~~~~~~~
           in '/Library/Developer/CommandLineTools/SDKs/MacOSX27.0.sdk/usr/lib/libSystem.tbd'
          clang: error: linker command failed with exit code 1 (use -v to see invocation)
          

error: linking with `cc` failed: exit status: 1
  |
  = note:  "cc" "/Users/jin/Desktop/codecortex-rust/target/debug/build/parking_lot_core-6832ab796be4be4e/rustccZP7Su/symbols.o" "<2 object files omitted>" "<sysroot>/lib/rustlib/aarch64-apple-darwin/lib/{libstd-*,libpanic_unwind-*,libobject-*,libmemchr-*,libaddr2line-*,libgimli-*,libcfg_if-*,librustc_demangle-*,libstd_detect-*,libhashbrown-*,librustc_std_workspace_alloc-*,libminiz_oxide-*,libadler2-*,libunwind-*,liblibc-*,librustc_std_workspace_core-*,liballoc-*,libcore-*,libcompiler_builtins-*}.rlib" "-lSystem" "-lc" "-lm" "-arch" "arm64" "-mmacosx-version-min=11.0.0" "-o" "/Users/jin/Desktop/codecortex-rust/target/debug/build/parking_lot_core-6832ab796be4be4e/build_script_build-6832ab796be4be4e" "-Wl,-dead_strip" "-nodefaultlibs"
  = note: some arguments are omitted. use `--verbose` to show all linker arguments
  = note: ld: multiple errors: tapi error: malformed file
          /Library/Developer/CommandLineTools/SDKs/MacOSX27.0.sdk/usr/lib/libSystem.B.tbd:4:20: error: unknown architecture
                             arm64e.x1-macos, arm64e.x1-maccatalyst ]
                             ^~~~~~~~~~~~~~~
           in '/Library/Developer/CommandLineTools/SDKs/MacOSX27.0.sdk/usr/lib/libc.tbd'; tapi error: malformed file
          /Library/Developer/CommandLineTools/SDKs/MacOSX27.0.sdk/usr/lib/libSystem.B.tbd:4:20: error: unknown architecture
                             arm64e.x1-macos, arm64e.x1-maccatalyst ]
                             ^~~~~~~~~~~~~~~
           in '/Library/Developer/CommandLineTools/SDKs/MacOSX27.0.sdk/usr/lib/libSystem.tbd'; tapi error: malformed file
          /Library/Developer/CommandLineTools/SDKs/MacOSX27.0.sdk/usr/lib/libSystem.B.tbd:4:20: error: unknown architecture
                             arm64e.x1-macos, arm64e.x1-maccatalyst ]
                             ^~~~~~~~~~~~~~~
           in '/Library/Developer/CommandLineTools/SDKs/MacOSX27.0.sdk/usr/lib/libm.tbd'
          clang: error: linker command failed with exit code 1 (use -v to see invocation)
          

error: linking with `cc` failed: exit status: 1
  |
  = note:  "cc" "/Users/jin/Desktop/codecortex-rust/target/debug/build/proc-macro2-78dea9461882b558/rustc1lWNAD/symbols.o" "<3 object files omitted>" "<sysroot>/lib/rustlib/aarch64-apple-darwin/lib/{libstd-*,libpanic_unwind-*,libobject-*,libmemchr-*,libaddr2line-*,libgimli-*,libcfg_if-*,librustc_demangle-*,libstd_detect-*,libhashbrown-*,librustc_std_workspace_alloc-*,libminiz_oxide-*,libadler2-*,libunwind-*,liblibc-*,librustc_std_workspace_core-*,liballoc-*,libcore-*,libcompiler_builtins-*}.rlib" "-lSystem" "-lc" "-lm" "-arch" "arm64" "-mmacosx-version-min=11.0.0" "-o" "/Users/jin/Desktop/codecortex-rust/target/debug/build/proc-macro2-78dea9461882b558/build_script_build-78dea9461882b558" "-Wl,-dead_strip" "-nodefaultlibs"
  = note: some arguments are omitted. use `--verbose` to show all linker arguments
  = note: ld: multiple errors: tapi error: malformed file
          /Library/Developer/CommandLineTools/SDKs/MacOSX27.0.sdk/usr/lib/libSystem.B.tbd:4:20: error: unknown architecture
                             arm64e.x1-macos, arm64e.x1-maccatalyst ]
                             ^~~~~~~~~~~~~~~
           in '/Library/Developer/CommandLineTools/SDKs/MacOSX27.0.sdk/usr/lib/libc.tbd'; tapi error: malformed file
          /Library/Developer/CommandLineTools/SDKs/MacOSX27.0.sdk/usr/lib/libSystem.B.tbd:4:20: error: unknown architecture
                             arm64e.x1-macos, arm64e.x1-maccatalyst ]
                             ^~~~~~~~~~~~~~~
           in '/Library/Developer/CommandLineTools/SDKs/MacOSX27.0.sdk/usr/lib/libSystem.tbd'; tapi error: malformed file
          /Library/Developer/CommandLineTools/SDKs/MacOSX27.0.sdk/usr/lib/libSystem.B.tbd:4:20: error: unknown architecture
                             arm64e.x1-macos, arm64e.x1-maccatalyst ]
                             ^~~~~~~~~~~~~~~
           in '/Library/Developer/CommandLineTools/SDKs/MacOSX27.0.sdk/usr/lib/libm.tbd'
          clang: error: linker command failed with exit code 1 (use -v to see invocation)
          

error: linking with `cc` failed: exit status: 1
  |
  = note:  "cc" "/Users/jin/Desktop/codecortex-rust/target/debug/build/serde_core-199c67723babd9da/rustcZr9uMa/symbols.o" "<3 object files omitted>" "<sysroot>/lib/rustlib/aarch64-apple-darwin/lib/{libstd-*,libpanic_unwind-*,libobject-*,libmemchr-*,libaddr2line-*,libgimli-*,libcfg_if-*,librustc_demangle-*,libstd_detect-*,libhashbrown-*,librustc_std_workspace_alloc-*,libminiz_oxide-*,libadler2-*,libunwind-*,liblibc-*,librustc_std_workspace_core-*,liballoc-*,libcore-*,libcompiler_builtins-*}.rlib" "-lSystem" "-lc" "-lm" "-arch" "arm64" "-mmacosx-version-min=11.0.0" "-o" "/Users/jin/Desktop/codecortex-rust/target/debug/build/serde_core-199c67723babd9da/build_script_build-199c67723babd9da" "-Wl,-dead_strip" "-nodefaultlibs"
  = note: some arguments are omitted. use `--verbose` to show all linker arguments
  = note: ld: multiple errors: tapi error: malformed file
          /Library/Developer/CommandLineTools/SDKs/MacOSX27.0.sdk/usr/lib/libSystem.B.tbd:4:20: error: unknown architecture
                             arm64e.x1-macos, arm64e.x1-maccatalyst ]
                             ^~~~~~~~~~~~~~~
           in '/Library/Developer/CommandLineTools/SDKs/MacOSX27.0.sdk/usr/lib/libm.tbd'; tapi error: malformed file
          /Library/Developer/CommandLineTools/SDKs/MacOSX27.0.sdk/usr/lib/libSystem.B.tbd:4:20: error: unknown architecture
                             arm64e.x1-macos, arm64e.x1-maccatalyst ]
                             ^~~~~~~~~~~~~~~
           in '/Library/Developer/CommandLineTools/SDKs/MacOSX27.0.sdk/usr/lib/libSystem.tbd'; tapi error: malformed file
          /Library/Developer/CommandLineTools/SDKs/MacOSX27.0.sdk/usr/lib/libSystem.B.tbd:4:20: error: unknown architecture
                             arm64e.x1-macos, arm64e.x1-maccatalyst ]
                             ^~~~~~~~~~~~~~~
           in '/Library/Developer/CommandLineTools/SDKs/MacOSX27.0.sdk/usr/lib/libc.tbd'
          clang: error: linker command failed with exit code 1 (use -v to see invocation)
          

error: linking with `cc` failed: exit status: 1
  |
  = note:  "cc" "/Users/jin/Desktop/codecortex-rust/target/debug/build/quote-6c21111b1381442e/rustcLHIEtb/symbols.o" "<2 object files omitted>" "<sysroot>/lib/rustlib/aarch64-apple-darwin/lib/{libstd-*,libpanic_unwind-*,libobject-*,libmemchr-*,libaddr2line-*,libgimli-*,libcfg_if-*,librustc_demangle-*,libstd_detect-*,libhashbrown-*,librustc_std_workspace_alloc-*,libminiz_oxide-*,libadler2-*,libunwind-*,liblibc-*,librustc_std_workspace_core-*,liballoc-*,libcore-*,libcompiler_builtins-*}.rlib" "-lSystem" "-lc" "-lm" "-arch" "arm64" "-mmacosx-version-min=11.0.0" "-o" "/Users/jin/Desktop/codecortex-rust/target/debug/build/quote-6c21111b1381442e/build_script_build-6c21111b1381442e" "-Wl,-dead_strip" "-nodefaultlibs"
  = note: some arguments are omitted. use `--verbose` to show all linker arguments
  = note: ld: multiple errors: tapi error: malformed file
          /Library/Developer/CommandLineTools/SDKs/MacOSX27.0.sdk/usr/lib/libSystem.B.tbd:4:20: error: unknown architecture
                             arm64e.x1-macos, arm64e.x1-maccatalyst ]
                             ^~~~~~~~~~~~~~~
           in '/Library/Developer/CommandLineTools/SDKs/MacOSX27.0.sdk/usr/lib/libm.tbd'; tapi error: malformed file
          /Library/Developer/CommandLineTools/SDKs/MacOSX27.0.sdk/usr/lib/libSystem.B.tbd:4:20: error: unknown architecture
                             arm64e.x1-macos, arm64e.x1-maccatalyst ]
                             ^~~~~~~~~~~~~~~
           in '/Library/Developer/CommandLineTools/SDKs/MacOSX27.0.sdk/usr/lib/libSystem.tbd'; tapi error: malformed file
          /Library/Developer/CommandLineTools/SDKs/MacOSX27.0.sdk/usr/lib/libSystem.B.tbd:4:20: error: unknown architecture
                             arm64e.x1-macos, arm64e.x1-maccatalyst ]
                             ^~~~~~~~~~~~~~~
           in '/Library/Developer/CommandLineTools/SDKs/MacOSX27.0.sdk/usr/lib/libc.tbd'
          clang: error: linker command failed with exit code 1 (use -v to see invocation)
          

error: linking with `cc` failed: exit status: 1
  |
  = note:  "cc" "/Users/jin/Desktop/codecortex-rust/target/debug/build/serde-1a009445241d7457/rustcLNCVBO/symbols.o" "<3 object files omitted>" "<sysroot>/lib/rustlib/aarch64-apple-darwin/lib/{libstd-*,libpanic_unwind-*,libobject-*,libmemchr-*,libaddr2line-*,libgimli-*,libcfg_if-*,librustc_demangle-*,libstd_detect-*,libhashbrown-*,librustc_std_workspace_alloc-*,libminiz_oxide-*,libadler2-*,libunwind-*,liblibc-*,librustc_std_workspace_core-*,liballoc-*,libcore-*,libcompiler_builtins-*}.rlib" "-lSystem" "-lc" "-lm" "-arch" "arm64" "-mmacosx-version-min=11.0.0" "-o" "/Users/jin/Desktop/codecortex-rust/target/debug/build/serde-1a009445241d7457/build_script_build-1a009445241d7457" "-Wl,-dead_strip" "-nodefaultlibs"
  = note: some arguments are omitted. use `--verbose` to show all linker arguments
  = note: ld: multiple errors: tapi error: malformed file
          /Library/Developer/CommandLineTools/SDKs/MacOSX27.0.sdk/usr/lib/libSystem.B.tbd:4:20: error: unknown architecture
                             arm64e.x1-macos, arm64e.x1-maccatalyst ]
                             ^~~~~~~~~~~~~~~
           in '/Library/Developer/CommandLineTools/SDKs/MacOSX27.0.sdk/usr/lib/libSystem.tbd'; tapi error: malformed file
          /Library/Developer/CommandLineTools/SDKs/MacOSX27.0.sdk/usr/lib/libSystem.B.tbd:4:20: error: unknown architecture
                             arm64e.x1-macos, arm64e.x1-maccatalyst ]
                             ^~~~~~~~~~~~~~~
           in '/Library/Developer/CommandLineTools/SDKs/MacOSX27.0.sdk/usr/lib/libm.tbd'; tapi error: malformed file
          /Library/Developer/CommandLineTools/SDKs/MacOSX27.0.sdk/usr/lib/libSystem.B.tbd:4:20: error: unknown architecture
                             arm64e.x1-macos, arm64e.x1-maccatalyst ]
                             ^~~~~~~~~~~~~~~
           in '/Library/Developer/CommandLineTools/SDKs/MacOSX27.0.sdk/usr/lib/libc.tbd'
          clang: error: linker command failed with exit code 1 (use -v to see invocation)
          

   Compiling autocfg v1.5.0
error: could not compile `libc` (build script) due to 1 previous error
warning: build failed, waiting for other jobs to finish...
error: could not compile `libc` (build script) due to 1 previous error
error: could not compile `tree-sitter-language` (build script) due to 1 previous error
error: could not compile `serde_core` (build script) due to 1 previous error
error: could not compile `proc-macro2` (build script) due to 1 previous error
error: could not compile `zmij` (build script) due to 1 previous error
error: could not compile `serde` (build script) due to 1 previous error
error: could not compile `parking_lot_core` (build script) due to 1 previous error
error: could not compile `quote` (build script) due to 1 previous error
error: linking with `cc` failed: exit status: 1
  |
  = note:  "cc" "/Users/jin/Desktop/codecortex-rust/target/debug/build/crossbeam-utils-d29441eebdf5feb9/rustcXzWdef/symbols.o" "<3 object files omitted>" "<sysroot>/lib/rustlib/aarch64-apple-darwin/lib/{libstd-*,libpanic_unwind-*,libobject-*,libmemchr-*,libaddr2line-*,libgimli-*,libcfg_if-*,librustc_demangle-*,libstd_detect-*,libhashbrown-*,librustc_std_workspace_alloc-*,libminiz_oxide-*,libadler2-*,libunwind-*,liblibc-*,librustc_std_workspace_core-*,liballoc-*,libcore-*,libcompiler_builtins-*}.rlib" "-lSystem" "-lc" "-lm" "-arch" "arm64" "-mmacosx-version-min=11.0.0" "-o" "/Users/jin/Desktop/codecortex-rust/target/debug/build/crossbeam-utils-d29441eebdf5feb9/build_script_build-d29441eebdf5feb9" "-Wl,-dead_strip" "-nodefaultlibs"
  = note: some arguments are omitted. use `--verbose` to show all linker arguments
  = note: ld: multiple errors: tapi error: malformed file
          /Library/Developer/CommandLineTools/SDKs/MacOSX27.0.sdk/usr/lib/libSystem.B.tbd:4:20: error: unknown architecture
                             arm64e.x1-macos, arm64e.x1-maccatalyst ]
                             ^~~~~~~~~~~~~~~
           in '/Library/Developer/CommandLineTools/SDKs/MacOSX27.0.sdk/usr/lib/libm.tbd'; tapi error: malformed file
          /Library/Developer/CommandLineTools/SDKs/MacOSX27.0.sdk/usr/lib/libSystem.B.tbd:4:20: error: unknown architecture
                             arm64e.x1-macos, arm64e.x1-maccatalyst ]
                             ^~~~~~~~~~~~~~~
           in '/Library/Developer/CommandLineTools/SDKs/MacOSX27.0.sdk/usr/lib/libc.tbd'; tapi error: malformed file
          /Library/Developer/CommandLineTools/SDKs/MacOSX27.0.sdk/usr/lib/libSystem.B.tbd:4:20: error: unknown architecture
                             arm64e.x1-macos, arm64e.x1-maccatalyst ]
                             ^~~~~~~~~~~~~~~
           in '/Library/Developer/CommandLineTools/SDKs/MacOSX27.0.sdk/usr/lib/libSystem.tbd'
          clang: error: linker command failed with exit code 1 (use -v to see invocation)
          

error: could not compile `crossbeam-utils` (build script) due to 1 previous error
