   Compiling memchr v2.8.0
   Compiling hashbrown v0.17.1
   Compiling aho-corasick v1.1.4
   Compiling serde_json v1.0.149
   Compiling hashlink v0.12.1
   Compiling rusqlite v0.40.1
   Compiling regex-automata v0.4.14
   Compiling cc-model v1.0.0 (/workspace/codecortex/crates/cc-model)
   Compiling r2d2_sqlite v0.35.0
   Compiling regex v1.12.3
   Compiling cc-db v1.0.0 (/workspace/codecortex/crates/cc-db)
    Finished `test` profile [unoptimized + debuginfo] target(s) in 17.72s
     Running unittests src/lib.rs (/workspace/scratch/qname-target/debug/deps/cc_db-7ad8625c93e44eab)

running 5 tests
test index_migrate::tests::fresh_db_initializes_schema ... ok
test index_migrate::tests::matching_version_returns_up_to_date ... ok
test index_migrate::tests::old_version_returns_mismatch ... ok
test index_migrate::tests::non_adjacent_versions_keep_rebuild_on_mismatch ... ok
test index_migrate::tests::legacy_parse_and_resolution_versions_require_rebuild ... ok

test result: ok. 5 passed; 0 failed; 0 ignored; 0 measured; 181 filtered out; finished in 0.08s
