2026-10-09T07:25:03.9874071Z Current runner version: '2.337.0'
2026-10-09T07:25:03.9902130Z ##[group]Runner Image Provisioner
2026-10-09T07:25:03.9903067Z Hosted Compute Agent
2026-10-09T07:25:03.9904080Z Version: 20261002.596
2026-10-09T07:25:03.9904843Z Commit: c3d12f3313a95f25162a1503be624f3b0617f8c0
2026-10-09T07:25:03.9905671Z Build Date: 2026-10-02T22:28:27Z
2026-10-09T07:25:03.9906571Z Worker ID: {ad22c1f3-4357-4d07-9316-2d3d2500b124}
2026-10-09T07:25:03.9907448Z Region: eastus
2026-10-09T07:25:03.9908250Z Cloud: Azure
2026-10-09T07:25:03.9908879Z ##[endgroup]
2026-10-09T07:25:03.9910413Z ##[group]Operating System
2026-10-09T07:25:03.9911294Z Ubuntu
2026-10-09T07:25:03.9911922Z 24.04.5
2026-10-09T07:25:03.9912639Z LTS
2026-10-09T07:25:03.9913334Z ##[endgroup]
2026-10-09T07:25:03.9914196Z ##[group]Runner Image
2026-10-09T07:25:03.9914984Z Image: ubuntu-24.04
2026-10-09T07:25:03.9915629Z Version: 20261004.327.1
2026-10-09T07:25:03.9917306Z Included Software: https://github.com/actions/runner-images/blob/ubuntu24/20261004.327/images/ubuntu/Ubuntu2404-Readme.md
2026-10-09T07:25:03.9919282Z Image Release: https://github.com/actions/runner-images/releases/tag/ubuntu24%2F20261004.327
2026-10-09T07:25:03.9920658Z ##[endgroup]
2026-10-09T07:25:03.9922201Z ##[group]GITHUB_TOKEN Permissions
2026-10-09T07:25:03.9924844Z Contents: read
2026-10-09T07:25:03.9925654Z Metadata: read
2026-10-09T07:25:03.9926406Z Packages: read
2026-10-09T07:25:03.9927116Z ##[endgroup]
2026-10-09T07:25:03.9929555Z Secret source: Actions
2026-10-09T07:25:03.9930740Z Cache mode: write
2026-10-09T07:25:03.9931886Z Prepare workflow directory
2026-10-09T07:25:04.0376620Z Prepare all required actions
2026-10-09T07:25:04.0434220Z Getting action download info
2026-10-09T07:25:04.2298893Z Download action repository 'actions/checkout@v4' (SHA:11d5960a326750d5838078e36cf38b85af677262)
2026-10-09T07:25:04.6516802Z Download action repository 'dtolnay/rust-toolchain@stable' (SHA:686976e191b89faba57d3206551f0f330d8cb249)
2026-10-09T07:25:04.7633815Z Download action repository 'Swatinem/rust-cache@v2' (SHA:6323deb102c322ba6fcbdcafc7e3dddab59af2b6)
2026-10-09T07:25:05.4926537Z Complete job name: check
2026-10-09T07:25:05.5962351Z ##[group]Run actions/checkout@v4
2026-10-09T07:25:05.5963680Z with:
2026-10-09T07:25:05.5964379Z   repository: jyqj/codecortex
2026-10-09T07:25:05.5971295Z   token: ***
2026-10-09T07:25:05.5971973Z   ssh-strict: true
2026-10-09T07:25:05.5972662Z   ssh-user: git
2026-10-09T07:25:05.5973387Z   persist-credentials: true
2026-10-09T07:25:05.5974292Z   clean: true
2026-10-09T07:25:05.5975031Z   sparse-checkout-cone-mode: true
2026-10-09T07:25:05.5975934Z   fetch-depth: 1
2026-10-09T07:25:05.5976621Z   fetch-tags: false
2026-10-09T07:25:05.5977334Z   show-progress: true
2026-10-09T07:25:05.5978055Z   lfs: false
2026-10-09T07:25:05.5978714Z   submodules: false
2026-10-09T07:25:05.5979434Z   set-safe-directory: true
2026-10-09T07:25:05.5980229Z   allow-unsafe-pr-checkout: false
2026-10-09T07:25:05.5981348Z env:
2026-10-09T07:25:05.5982005Z   CARGO_TERM_COLOR: always
2026-10-09T07:25:05.5982821Z   RUSTFLAGS: -D warnings
2026-10-09T07:25:05.5983655Z ##[endgroup]
2026-10-09T07:25:05.6858507Z Syncing repository: jyqj/codecortex
2026-10-09T07:25:05.6860934Z ##[group]Getting Git version info
2026-10-09T07:25:05.6862057Z Working directory is '/home/runner/work/codecortex/codecortex'
2026-10-09T07:25:05.6863912Z [command]/usr/bin/git version
2026-10-09T07:25:05.6884702Z git version 2.55.0
2026-10-09T07:25:05.6902674Z ##[endgroup]
2026-10-09T07:25:05.6915310Z Temporarily overriding HOME='/home/runner/work/_temp/4ab15ecb-ac4e-43ff-afe1-0aaff436783d' before making global git config changes
2026-10-09T07:25:05.6918895Z Adding repository directory to the temporary git global config as a safe directory
2026-10-09T07:25:05.6920787Z [command]/usr/bin/git config --global --add safe.directory /home/runner/work/codecortex/codecortex
2026-10-09T07:25:05.6962387Z Deleting the contents of '/home/runner/work/codecortex/codecortex'
2026-10-09T07:25:05.6965804Z ##[group]Initializing the repository
2026-10-09T07:25:05.6969294Z [command]/usr/bin/git init /home/runner/work/codecortex/codecortex
2026-10-09T07:25:05.7043385Z hint: Using 'master' as the name for the initial branch. This default branch name
2026-10-09T07:25:05.7046053Z hint: will change to "main" in Git 3.0. To configure the initial branch name
2026-10-09T07:25:05.7048291Z hint: to use in all of your new repositories, which will suppress this warning,
2026-10-09T07:25:05.7049999Z hint: call:
2026-10-09T07:25:05.7050940Z hint:
2026-10-09T07:25:05.7052107Z hint: 	git config --global init.defaultBranch <name>
2026-10-09T07:25:05.7053644Z hint:
2026-10-09T07:25:05.7055011Z hint: Names commonly chosen instead of 'master' are 'main', 'trunk' and
2026-10-09T07:25:05.7057188Z hint: 'development'. The just-created branch can be renamed via this command:
2026-10-09T07:25:05.7058844Z hint:
2026-10-09T07:25:05.7059787Z hint: 	git branch -m <name>
2026-10-09T07:25:05.7060863Z hint:
2026-10-09T07:25:05.7062384Z hint: Disable this message with "git config set advice.defaultBranchName false"
2026-10-09T07:25:05.7064988Z Initialized empty Git repository in /home/runner/work/codecortex/codecortex/.git/
2026-10-09T07:25:05.7067695Z [command]/usr/bin/git remote add origin https://github.com/jyqj/codecortex
2026-10-09T07:25:05.7101577Z ##[endgroup]
2026-10-09T07:25:05.7103297Z ##[group]Disabling automatic garbage collection
2026-10-09T07:25:05.7105655Z [command]/usr/bin/git config --local gc.auto 0
2026-10-09T07:25:05.7138121Z ##[endgroup]
2026-10-09T07:25:05.7139823Z ##[group]Setting up auth
2026-10-09T07:25:05.7145669Z [command]/usr/bin/git config --local --name-only --get-regexp core\.sshCommand
2026-10-09T07:25:05.7178173Z [command]/usr/bin/git submodule foreach --recursive sh -c "git config --local --name-only --get-regexp 'core\.sshCommand' && git config --local --unset-all 'core.sshCommand' || :"
2026-10-09T07:25:05.8245842Z [command]/usr/bin/git config --local --name-only --get-regexp http\.https\:\/\/github\.com\/\.extraheader
2026-10-09T07:25:05.8278485Z [command]/usr/bin/git submodule foreach --recursive sh -c "git config --local --name-only --get-regexp 'http\.https\:\/\/github\.com\/\.extraheader' && git config --local --unset-all 'http.https://github.com/.extraheader' || :"
2026-10-09T07:25:05.8469319Z [command]/usr/bin/git config --local --name-only --get-regexp ^includeIf\.gitdir:
2026-10-09T07:25:05.8498928Z [command]/usr/bin/git submodule foreach --recursive git config --local --show-origin --name-only --get-regexp remote.origin.url
2026-10-09T07:25:05.8691600Z [command]/usr/bin/git config --local http.https://github.com/.extraheader AUTHORIZATION: basic ***
2026-10-09T07:25:05.8724710Z ##[endgroup]
2026-10-09T07:25:05.8726595Z ##[group]Fetching the repository
2026-10-09T07:25:05.8734081Z [command]/usr/bin/git -c protocol.version=2 fetch --no-tags --prune --no-recurse-submodules --depth=1 origin +cf6d027ae81fde426ae4454abf62ef68f7723857:refs/remotes/pull/179/merge
2026-10-09T07:25:40.9050444Z From https://github.com/jyqj/codecortex
2026-10-09T07:25:40.9051392Z  * [new ref]           cf6d027ae81fde426ae4454abf62ef68f7723857 -> pull/179/merge
2026-10-09T07:25:40.9054837Z ##[endgroup]
2026-10-09T07:25:40.9055389Z ##[group]Determining the checkout info
2026-10-09T07:25:40.9056282Z ##[endgroup]
2026-10-09T07:25:40.9060579Z [command]/usr/bin/git sparse-checkout disable
2026-10-09T07:25:40.9103011Z [command]/usr/bin/git config --local --unset-all extensions.worktreeConfig
2026-10-09T07:25:40.9129581Z ##[group]Checking out the ref
2026-10-09T07:25:40.9130023Z [command]/usr/bin/git checkout --progress --force refs/remotes/pull/179/merge
2026-10-09T07:25:41.9405828Z Updating files:  52% (12330/23402)
2026-10-09T07:25:41.9482621Z Updating files:  53% (12404/23402)
2026-10-09T07:25:41.9608747Z Updating files:  54% (12638/23402)
2026-10-09T07:25:41.9777920Z Updating files:  55% (12872/23402)
2026-10-09T07:25:41.9898230Z Updating files:  56% (13106/23402)
2026-10-09T07:25:42.0004597Z Updating files:  57% (13340/23402)
2026-10-09T07:25:42.0112322Z Updating files:  58% (13574/23402)
2026-10-09T07:25:42.0188663Z Updating files:  59% (13808/23402)
2026-10-09T07:25:42.0267197Z Updating files:  60% (14042/23402)
2026-10-09T07:25:42.0345886Z Updating files:  61% (14276/23402)
2026-10-09T07:25:42.0420389Z Updating files:  62% (14510/23402)
2026-10-09T07:25:42.0495784Z Updating files:  63% (14744/23402)
2026-10-09T07:25:42.0565976Z Updating files:  64% (14978/23402)
2026-10-09T07:25:42.0665632Z Updating files:  65% (15212/23402)
2026-10-09T07:25:42.0766858Z Updating files:  66% (15446/23402)
2026-10-09T07:25:42.1778791Z Updating files:  67% (15680/23402)
2026-10-09T07:25:42.2020760Z Updating files:  68% (15914/23402)
2026-10-09T07:25:42.2519714Z Updating files:  69% (16148/23402)
2026-10-09T07:25:42.2861363Z Updating files:  70% (16382/23402)
2026-10-09T07:25:42.3061203Z Updating files:  71% (16616/23402)
2026-10-09T07:25:42.3922046Z Updating files:  72% (16850/23402)
2026-10-09T07:25:42.4444077Z Updating files:  73% (17084/23402)
2026-10-09T07:25:42.6547647Z Updating files:  74% (17318/23402)
2026-10-09T07:25:42.6929775Z Updating files:  75% (17552/23402)
2026-10-09T07:25:42.7122276Z Updating files:  76% (17786/23402)
2026-10-09T07:25:42.7392595Z Updating files:  77% (18020/23402)
2026-10-09T07:25:42.8467833Z Updating files:  78% (18254/23402)
2026-10-09T07:25:42.9428175Z Updating files:  79% (18488/23402)
2026-10-09T07:25:43.9394002Z Updating files:  79% (18501/23402)
2026-10-09T07:25:44.4671320Z Updating files:  79% (18616/23402)
2026-10-09T07:25:44.4844426Z Updating files:  80% (18722/23402)
2026-10-09T07:25:44.5007767Z Updating files:  81% (18956/23402)
2026-10-09T07:25:44.5152615Z Updating files:  82% (19190/23402)
2026-10-09T07:25:44.5525019Z Updating files:  83% (19424/23402)
2026-10-09T07:25:44.6307404Z Updating files:  84% (19658/23402)
2026-10-09T07:25:44.7192402Z Updating files:  85% (19892/23402)
2026-10-09T07:25:44.7993838Z Updating files:  86% (20126/23402)
2026-10-09T07:25:44.8646927Z Updating files:  87% (20360/23402)
2026-10-09T07:25:44.8816150Z Updating files:  88% (20594/23402)
2026-10-09T07:25:44.8934153Z Updating files:  89% (20828/23402)
2026-10-09T07:25:44.9079670Z Updating files:  90% (21062/23402)
2026-10-09T07:25:44.9218004Z Updating files:  91% (21296/23402)
2026-10-09T07:25:44.9348694Z Updating files:  92% (21530/23402)
2026-10-09T07:25:45.4814061Z Updating files:  92% (21548/23402)
2026-10-09T07:25:45.5005872Z Updating files:  93% (21764/23402)
2026-10-09T07:25:45.5171436Z Updating files:  94% (21998/23402)
2026-10-09T07:25:45.5297884Z Updating files:  95% (22232/23402)
2026-10-09T07:25:45.5459368Z Updating files:  96% (22466/23402)
2026-10-09T07:25:45.5647673Z Updating files:  97% (22700/23402)
2026-10-09T07:25:45.5784208Z Updating files:  98% (22934/23402)
2026-10-09T07:25:45.6002811Z Updating files:  99% (23168/23402)
2026-10-09T07:25:45.6003277Z Updating files: 100% (23402/23402)
2026-10-09T07:25:45.6003871Z Updating files: 100% (23402/23402), done.
2026-10-09T07:25:45.6309933Z Note: switching to 'refs/remotes/pull/179/merge'.
2026-10-09T07:25:45.6310282Z 
2026-10-09T07:25:45.6310539Z You are in 'detached HEAD' state. You can look around, make experimental
2026-10-09T07:25:45.6311097Z changes and commit them, and you can discard any commits you make in this
2026-10-09T07:25:45.6311713Z state without impacting any branches by switching back to a branch.
2026-10-09T07:25:45.6312074Z 
2026-10-09T07:25:45.6312319Z If you want to create a new branch to retain commits you create, you may
2026-10-09T07:25:45.6312890Z do so (now or later) by using -c with the switch command. Example:
2026-10-09T07:25:45.6313229Z 
2026-10-09T07:25:45.6313372Z   git switch -c <new-branch-name>
2026-10-09T07:25:45.6313784Z 
2026-10-09T07:25:45.6313922Z Or undo this operation with:
2026-10-09T07:25:45.6314134Z 
2026-10-09T07:25:45.6314242Z   git switch -
2026-10-09T07:25:45.6314397Z 
2026-10-09T07:25:45.6314660Z Turn off this advice by setting config variable advice.detachedHead to false
2026-10-09T07:25:45.6315057Z 
2026-10-09T07:25:45.6315508Z HEAD is now at cf6d027a Merge 26888651b9eedcd1f784463ce54f9cef46b703ee into 840fa2e0a26ab60c138747a4309aba5df506edc1
2026-10-09T07:25:45.7173236Z ##[endgroup]
2026-10-09T07:25:45.7529442Z [command]/usr/bin/git log -1 --format=%H
2026-10-09T07:25:45.7552893Z cf6d027ae81fde426ae4454abf62ef68f7723857
2026-10-09T07:25:45.8249128Z ##[group]Run dtolnay/rust-toolchain@stable
2026-10-09T07:25:45.8249392Z with:
2026-10-09T07:25:45.8249573Z   components: clippy, rustfmt
2026-10-09T07:25:45.8249780Z   toolchain: stable
2026-10-09T07:25:45.8249952Z env:
2026-10-09T07:25:45.8250116Z   CARGO_TERM_COLOR: always
2026-10-09T07:25:45.8250329Z   RUSTFLAGS: -D warnings
2026-10-09T07:25:45.8250528Z ##[endgroup]
2026-10-09T07:25:45.8304317Z ##[start-action display=Parse toolchain version;id=__dtolnay_rust-toolchain.parse]
2026-10-09T07:25:45.8868605Z ##[group]Run if [[ -z $toolchain ]]; then
2026-10-09T07:25:45.8868956Z [36;1mif [[ -z $toolchain ]]; then[0m
2026-10-09T07:25:45.8869426Z [36;1m  # GitHub does not enforce `required: true` inputs itself. https://github.com/actions/runner/issues/1070[0m
2026-10-09T07:25:45.8869896Z [36;1m  echo "'toolchain' is a required input" >&2[0m
2026-10-09T07:25:45.8870156Z [36;1m  exit 1[0m
2026-10-09T07:25:45.8870504Z [36;1melif [[ $toolchain =~ ^stable' '[0-9]+' '(year|month|week|day)s?' 'ago$ ]]; then[0m
2026-10-09T07:25:45.8870844Z [36;1m  if [[ Linux == macOS ]]; then[0m
2026-10-09T07:25:45.8871271Z [36;1m    echo "toolchain=1.$((($(date -v-$(sed 's/stable \([0-9]*\) \(.\).*/\1\2/' <<< $toolchain) +%s)/60/60/24-16569)/7/6))" >> $GITHUB_OUTPUT[0m
2026-10-09T07:25:45.8871666Z [36;1m  else[0m
2026-10-09T07:25:45.8872017Z [36;1m    echo "toolchain=1.$((($(date --date "${toolchain#stable }" +%s)/60/60/24-16569)/7/6))" >> $GITHUB_OUTPUT[0m
2026-10-09T07:25:45.8872396Z [36;1m  fi[0m
2026-10-09T07:25:45.8872653Z [36;1melif [[ $toolchain =~ ^stable' 'minus' '[0-9]+' 'releases?$ ]]; then[0m
2026-10-09T07:25:45.8873078Z [36;1m  echo "toolchain=1.$((($(date +%s)/60/60/24-16569)/7/6-${toolchain//[^0-9]/}))" >> $GITHUB_OUTPUT[0m
2026-10-09T07:25:45.8873592Z [36;1melif [[ $toolchain =~ ^1\.[0-9]+$ ]]; then[0m
2026-10-09T07:25:45.8874009Z [36;1m  echo "toolchain=1.$((i=${toolchain#1.}, c=($(date +%s)/60/60/24-16569)/7/6, i+9*i*(10*i<=c)+90*i*(100*i<=c)))" >> $GITHUB_OUTPUT[0m
2026-10-09T07:25:45.8874395Z [36;1melse[0m
2026-10-09T07:25:45.8874574Z [36;1m  delimiter=EOF[0m
2026-10-09T07:25:45.8874827Z [36;1m  while [[ $toolchain == *$delimiter* ]]; do delimiter+=_; done[0m
2026-10-09T07:25:45.8875230Z [36;1m  printf 'toolchain<<%s\n%s\n%s\n' "$delimiter" "$toolchain" "$delimiter" >> $GITHUB_OUTPUT[0m
2026-10-09T07:25:45.8875562Z [36;1mfi[0m
2026-10-09T07:25:46.0846677Z shell: /usr/bin/bash --noprofile --norc -e -o pipefail {0}
2026-10-09T07:25:46.0847013Z env:
2026-10-09T07:25:46.0847242Z   CARGO_TERM_COLOR: always
2026-10-09T07:25:46.0847459Z   RUSTFLAGS: -D warnings
2026-10-09T07:25:46.0847662Z   toolchain: stable
2026-10-09T07:25:46.0847849Z ##[endgroup]
2026-10-09T07:25:46.1241834Z ##[end-action id=__dtolnay_rust-toolchain.parse;outcome=success;conclusion=success;duration_ms=293]
2026-10-09T07:25:46.1245949Z ##[start-action display=Set $CARGO_HOME;id=__dtolnay_rust-toolchain.__run]
2026-10-09T07:25:46.1570612Z ##[group]Run echo CARGO_HOME=${CARGO_HOME:-"$HOME/.cargo"} >> $GITHUB_ENV
2026-10-09T07:25:46.1571045Z [36;1mecho CARGO_HOME=${CARGO_HOME:-"$HOME/.cargo"} >> $GITHUB_ENV[0m
2026-10-09T07:25:46.1627100Z shell: /usr/bin/bash --noprofile --norc -e -o pipefail {0}
2026-10-09T07:25:46.1627397Z env:
2026-10-09T07:25:46.1627587Z   CARGO_TERM_COLOR: always
2026-10-09T07:25:46.1627795Z   RUSTFLAGS: -D warnings
2026-10-09T07:25:46.1627994Z ##[endgroup]
2026-10-09T07:25:46.1763738Z ##[end-action id=__dtolnay_rust-toolchain.__run;outcome=success;conclusion=success;duration_ms=51]
2026-10-09T07:25:46.1766132Z ##[start-action display=Install rustup if needed;id=__dtolnay_rust-toolchain.__run_2]
2026-10-09T07:25:46.1877575Z ##[group]Run if ! command -v rustup &>/dev/null; then
2026-10-09T07:25:46.1878067Z [36;1mif ! command -v rustup &>/dev/null; then[0m
2026-10-09T07:25:46.1879201Z [36;1m  curl --proto '=https' --tlsv1.2 --retry 10 --retry-connrefused --location --silent --show-error --fail https://sh.rustup.rs | sh -s -- --default-toolchain none -y[0m
2026-10-09T07:25:46.1880328Z [36;1m  echo "$CARGO_HOME/bin" >> $GITHUB_PATH[0m
2026-10-09T07:25:46.1880732Z [36;1mfi[0m
2026-10-09T07:25:46.1940302Z shell: /usr/bin/bash --noprofile --norc -e -o pipefail {0}
2026-10-09T07:25:46.1940597Z env:
2026-10-09T07:25:46.1940784Z   CARGO_TERM_COLOR: always
2026-10-09T07:25:46.1940991Z   RUSTFLAGS: -D warnings
2026-10-09T07:25:46.1941194Z   CARGO_HOME: /home/runner/.cargo
2026-10-09T07:25:46.1941407Z ##[endgroup]
2026-10-09T07:25:46.2435701Z ##[end-action id=__dtolnay_rust-toolchain.__run_2;outcome=success;conclusion=success;duration_ms=66]
2026-10-09T07:25:46.2438052Z ##[start-action display=Install rustup if needed on windows;id=__dtolnay_rust-toolchain.__run_3]
2026-10-09T07:25:46.2445716Z ##[end-action id=__dtolnay_rust-toolchain.__run_3;outcome=skipped;conclusion=skipped;duration_ms=0]
2026-10-09T07:25:46.2461328Z ##[start-action display=rustup toolchain install stable;id=__dtolnay_rust-toolchain.__run_4]
2026-10-09T07:25:46.2514055Z ##[group]Run set -f  # split targets and components on commas and whitespace, without glob expansion
2026-10-09T07:25:46.2514911Z [36;1mset -f  # split targets and components on commas and whitespace, without glob expansion[0m
2026-10-09T07:25:46.2515469Z [36;1mflags=()[0m
2026-10-09T07:25:46.2515816Z [36;1mfor t in ${targets//,/ }; do flags+=(--target "$t"); done[0m
2026-10-09T07:25:46.2516334Z [36;1mfor c in ${components//,/ }; do flags+=(--component "$c"); done[0m
2026-10-09T07:25:46.2516954Z [36;1mif [[ $toolchain == nightly && -n $components ]]; then flags+=(--allow-downgrade); fi[0m
2026-10-09T07:25:46.2517488Z [36;1mlog=$(mktemp)[0m
2026-10-09T07:25:46.2517822Z [36;1mtrap 'rm -f "$log"' EXIT[0m
2026-10-09T07:25:46.2518153Z [36;1mfor attempt in 1 2 3 4 5; do[0m
2026-10-09T07:25:46.2518889Z [36;1m  if rustup toolchain install "$toolchain" "${flags[@]}" --profile minimal --no-self-update --force-non-host 2>&1 | tee "$log"; then[0m
2026-10-09T07:25:46.2519603Z [36;1m    break[0m
2026-10-09T07:25:46.2519859Z [36;1m  else[0m
2026-10-09T07:25:46.2520117Z [36;1m    status=$?[0m
2026-10-09T07:25:46.2520383Z [36;1m  fi[0m
2026-10-09T07:25:46.2520720Z [36;1m  if [[ $attempt == 5 ]] || ! grep -Fq 'checksum failed for ' "$log" \[0m
2026-10-09T07:25:46.2521167Z [36;1m      || ! grep -Fq 'this is likely due to an ongoing update of the official release server' "$log"; then[0m
2026-10-09T07:25:46.2521535Z [36;1m    exit "$status"[0m
2026-10-09T07:25:46.2521728Z [36;1m  fi[0m
2026-10-09T07:25:46.2522031Z [36;1m  echo "Retrying rustup toolchain install in 30 seconds (retry $attempt of 4)" >&2[0m
2026-10-09T07:25:46.2522379Z [36;1m  sleep 30[0m
2026-10-09T07:25:46.2522564Z [36;1mdone[0m
2026-10-09T07:25:46.2582858Z shell: /usr/bin/bash --noprofile --norc -e -o pipefail {0}
2026-10-09T07:25:46.2583156Z env:
2026-10-09T07:25:46.2583331Z   CARGO_TERM_COLOR: always
2026-10-09T07:25:46.2583666Z   RUSTFLAGS: -D warnings
2026-10-09T07:25:46.2583870Z   CARGO_HOME: /home/runner/.cargo
2026-10-09T07:25:46.2584086Z   toolchain: stable
2026-10-09T07:25:46.2584276Z   targets: 
2026-10-09T07:25:46.2584453Z   components: clippy, rustfmt
2026-10-09T07:25:46.2584664Z   RUSTUP_PERMIT_COPY_RENAME: 1
2026-10-09T07:25:46.2584865Z ##[endgroup]
2026-10-09T07:25:48.3535393Z info: syncing channel updates for stable-x86_64-unknown-linux-gnu
2026-10-09T07:25:48.7679876Z info: latest update on 2026-10-01 for version 1.99.0 (b940084d7 2026-09-28)
2026-10-09T07:25:48.7893861Z info: component clippy is up to date
2026-10-09T07:25:48.7894189Z info: component rustfmt is up to date
2026-10-09T07:25:48.7899483Z 
2026-10-09T07:25:48.7979507Z   stable-x86_64-unknown-linux-gnu unchanged - rustc 1.99.0 (b940084d7 2026-09-28)
2026-10-09T07:25:48.7979896Z 
2026-10-09T07:25:48.8404708Z ##[end-action id=__dtolnay_rust-toolchain.__run_4;outcome=success;conclusion=success;duration_ms=2594]
2026-10-09T07:25:48.8410105Z ##[start-action display=rustup default stable;id=__dtolnay_rust-toolchain.__run_5]
2026-10-09T07:25:48.8599367Z ##[group]Run rustup default "$toolchain" --force-non-host
2026-10-09T07:25:48.8599754Z [36;1mrustup default "$toolchain" --force-non-host[0m
2026-10-09T07:25:48.8655436Z shell: /usr/bin/bash --noprofile --norc -e -o pipefail {0}
2026-10-09T07:25:48.8655732Z env:
2026-10-09T07:25:48.8655913Z   CARGO_TERM_COLOR: always
2026-10-09T07:25:48.8656120Z   RUSTFLAGS: -D warnings
2026-10-09T07:25:48.8656329Z   CARGO_HOME: /home/runner/.cargo
2026-10-09T07:25:48.8656548Z   toolchain: stable
2026-10-09T07:25:48.8656729Z ##[endgroup]
2026-10-09T07:25:48.9009905Z info: using existing install for stable-x86_64-unknown-linux-gnu
2026-10-09T07:25:48.9991770Z info: default toolchain set to stable-x86_64-unknown-linux-gnu
2026-10-09T07:25:48.9992102Z 
2026-10-09T07:25:49.0064281Z   stable-x86_64-unknown-linux-gnu unchanged - rustc 1.99.0 (b940084d7 2026-09-28)
2026-10-09T07:25:49.0064791Z 
2026-10-09T07:25:49.0080276Z ##[end-action id=__dtolnay_rust-toolchain.__run_5;outcome=success;conclusion=success;duration_ms=166]
2026-10-09T07:25:49.0083896Z ##[start-action display=Create cachekey;id=__dtolnay_rust-toolchain.rustc-version]
2026-10-09T07:25:49.0524151Z ##[group]Run DATE=$(rustc +"$toolchain" --version --verbose | sed -ne 's/^commit-date: \(20[0-9][0-9]\)-\([01][0-9]\)-\([0-3][0-9]\)$/\1\2\3/p')
2026-10-09T07:25:49.0524879Z [36;1mDATE=$(rustc +"$toolchain" --version --verbose | sed -ne 's/^commit-date: \(20[0-9][0-9]\)-\([01][0-9]\)-\([0-3][0-9]\)$/\1\2\3/p')[0m
2026-10-09T07:25:49.0525423Z [36;1mHASH=$(rustc +"$toolchain" --version --verbose | sed -ne 's/^commit-hash: //p')[0m
2026-10-09T07:25:49.0525848Z [36;1mecho "cachekey=$(echo $DATE$HASH | head -c12)" >> $GITHUB_OUTPUT[0m
2026-10-09T07:25:49.0583539Z shell: /usr/bin/bash --noprofile --norc -e -o pipefail {0}
2026-10-09T07:25:49.0583848Z env:
2026-10-09T07:25:49.0584030Z   CARGO_TERM_COLOR: always
2026-10-09T07:25:49.0584254Z   RUSTFLAGS: -D warnings
2026-10-09T07:25:49.0584465Z   CARGO_HOME: /home/runner/.cargo
2026-10-09T07:25:49.0584677Z   toolchain: stable
2026-10-09T07:25:49.0584856Z ##[endgroup]
2026-10-09T07:25:49.1769461Z ##[end-action id=__dtolnay_rust-toolchain.rustc-version;outcome=success;conclusion=success;duration_ms=168]
2026-10-09T07:25:49.1771713Z ##[start-action display=Disable incremental compilation;id=__dtolnay_rust-toolchain.__run_6]
2026-10-09T07:25:49.1812080Z ##[group]Run if [ -z "${CARGO_INCREMENTAL+set}" ]; then
2026-10-09T07:25:49.1812412Z [36;1mif [ -z "${CARGO_INCREMENTAL+set}" ]; then[0m
2026-10-09T07:25:49.1812682Z [36;1m  echo CARGO_INCREMENTAL=0 >> $GITHUB_ENV[0m
2026-10-09T07:25:49.1812922Z [36;1mfi[0m
2026-10-09T07:25:49.1867483Z shell: /usr/bin/bash --noprofile --norc -e -o pipefail {0}
2026-10-09T07:25:49.1867769Z env:
2026-10-09T07:25:49.1867957Z   CARGO_TERM_COLOR: always
2026-10-09T07:25:49.1868163Z   RUSTFLAGS: -D warnings
2026-10-09T07:25:49.1868385Z   CARGO_HOME: /home/runner/.cargo
2026-10-09T07:25:49.1868597Z ##[endgroup]
2026-10-09T07:25:49.2041136Z ##[end-action id=__dtolnay_rust-toolchain.__run_6;outcome=success;conclusion=success;duration_ms=26]
2026-10-09T07:25:49.2043221Z ##[start-action display=Enable colors in Cargo output;id=__dtolnay_rust-toolchain.__run_7]
2026-10-09T07:25:49.2091681Z ##[group]Run if [ -z "${CARGO_TERM_COLOR+set}" ]; then
2026-10-09T07:25:49.2092004Z [36;1mif [ -z "${CARGO_TERM_COLOR+set}" ]; then[0m
2026-10-09T07:25:49.2092280Z [36;1m  echo CARGO_TERM_COLOR=always >> $GITHUB_ENV[0m
2026-10-09T07:25:49.2092530Z [36;1mfi[0m
2026-10-09T07:25:49.2147335Z shell: /usr/bin/bash --noprofile --norc -e -o pipefail {0}
2026-10-09T07:25:49.2147633Z env:
2026-10-09T07:25:49.2147814Z   CARGO_TERM_COLOR: always
2026-10-09T07:25:49.2148020Z   RUSTFLAGS: -D warnings
2026-10-09T07:25:49.2148229Z   CARGO_HOME: /home/runner/.cargo
2026-10-09T07:25:49.2148455Z   CARGO_INCREMENTAL: 0
2026-10-09T07:25:49.2148646Z ##[endgroup]
2026-10-09T07:25:49.2232724Z ##[end-action id=__dtolnay_rust-toolchain.__run_7;outcome=success;conclusion=success;duration_ms=18]
2026-10-09T07:25:49.2235978Z ##[start-action display=Enable Cargo sparse registry;id=__dtolnay_rust-toolchain.__run_8]
2026-10-09T07:25:49.2272497Z ##[group]Run # implemented in 1.66, stabilized in 1.68, made default in 1.70
2026-10-09T07:25:49.2272930Z [36;1m# implemented in 1.66, stabilized in 1.68, made default in 1.70[0m
2026-10-09T07:25:49.2273688Z [36;1mif [ -z "${CARGO_REGISTRIES_CRATES_IO_PROTOCOL+set}" -o -f "/home/runner/work/_temp"/.implicit_cargo_registries_crates_io_protocol ]; then[0m
2026-10-09T07:25:49.2274289Z [36;1m  if rustc +"$toolchain" --version --verbose | grep -q '^release: 1\.6[89]\.'; then[0m
2026-10-09T07:25:49.2274760Z [36;1m    touch "/home/runner/work/_temp"/.implicit_cargo_registries_crates_io_protocol || true[0m
2026-10-09T07:25:49.2275180Z [36;1m    echo CARGO_REGISTRIES_CRATES_IO_PROTOCOL=sparse >> $GITHUB_ENV[0m
2026-10-09T07:25:49.2275596Z [36;1m  elif rustc +"$toolchain" --version --verbose | grep -q '^release: 1\.6[67]\.'; then[0m
2026-10-09T07:25:49.2276061Z [36;1m    touch "/home/runner/work/_temp"/.implicit_cargo_registries_crates_io_protocol || true[0m
2026-10-09T07:25:49.2276476Z [36;1m    echo CARGO_REGISTRIES_CRATES_IO_PROTOCOL=git >> $GITHUB_ENV[0m
2026-10-09T07:25:49.2276760Z [36;1m  fi[0m
2026-10-09T07:25:49.2276936Z [36;1mfi[0m
2026-10-09T07:25:49.2329868Z shell: /usr/bin/bash --noprofile --norc -e -o pipefail {0}
2026-10-09T07:25:49.2330149Z env:
2026-10-09T07:25:49.2330322Z   CARGO_TERM_COLOR: always
2026-10-09T07:25:49.2330527Z   RUSTFLAGS: -D warnings
2026-10-09T07:25:49.2330736Z   CARGO_HOME: /home/runner/.cargo
2026-10-09T07:25:49.2330945Z   CARGO_INCREMENTAL: 0
2026-10-09T07:25:49.2331123Z   toolchain: stable
2026-10-09T07:25:49.2331298Z ##[endgroup]
2026-10-09T07:25:49.2699103Z ##[end-action id=__dtolnay_rust-toolchain.__run_8;outcome=success;conclusion=success;duration_ms=46]
2026-10-09T07:25:49.2702489Z ##[start-action display=Work around spurious network errors in curl 8.0;id=__dtolnay_rust-toolchain.__run_9]
2026-10-09T07:25:49.2771100Z ##[group]Run # https://rust-lang.zulipchat.com/#narrow/stream/246057-t-cargo/topic/timeout.20investigation
2026-10-09T07:25:49.2771737Z [36;1m# https://rust-lang.zulipchat.com/#narrow/stream/246057-t-cargo/topic/timeout.20investigation[0m
2026-10-09T07:25:49.2772232Z [36;1mif rustc +"$toolchain" --version --verbose | grep -q '^release: 1\.7[01]\.'; then[0m
2026-10-09T07:25:49.2772618Z [36;1m  echo CARGO_HTTP_MULTIPLEXING=false >> $GITHUB_ENV[0m
2026-10-09T07:25:49.2772874Z [36;1mfi[0m
2026-10-09T07:25:49.2829462Z shell: /usr/bin/bash --noprofile --norc -e -o pipefail {0}
2026-10-09T07:25:49.2829768Z env:
2026-10-09T07:25:49.2829962Z   CARGO_TERM_COLOR: always
2026-10-09T07:25:49.2830171Z   RUSTFLAGS: -D warnings
2026-10-09T07:25:49.2830374Z   CARGO_HOME: /home/runner/.cargo
2026-10-09T07:25:49.2830595Z   CARGO_INCREMENTAL: 0
2026-10-09T07:25:49.2830784Z   toolchain: stable
2026-10-09T07:25:49.2830983Z ##[endgroup]
2026-10-09T07:25:49.3235323Z ##[end-action id=__dtolnay_rust-toolchain.__run_9;outcome=success;conclusion=success;duration_ms=53]
2026-10-09T07:25:49.3239433Z ##[start-action display=rustc +stable --version --verbose;id=__dtolnay_rust-toolchain.__run_10]
2026-10-09T07:25:49.3255301Z ##[group]Run rustc +"$toolchain" --version --verbose
2026-10-09T07:25:49.3255617Z [36;1mrustc +"$toolchain" --version --verbose[0m
2026-10-09T07:25:49.3309788Z shell: /usr/bin/bash --noprofile --norc -e -o pipefail {0}
2026-10-09T07:25:49.3310074Z env:
2026-10-09T07:25:49.3310246Z   CARGO_TERM_COLOR: always
2026-10-09T07:25:49.3310461Z   RUSTFLAGS: -D warnings
2026-10-09T07:25:49.3310671Z   CARGO_HOME: /home/runner/.cargo
2026-10-09T07:25:49.3310882Z   CARGO_INCREMENTAL: 0
2026-10-09T07:25:49.3311073Z   toolchain: stable
2026-10-09T07:25:49.3311250Z ##[endgroup]
2026-10-09T07:25:49.3476959Z rustc 1.99.0 (b940084d7 2026-09-28)
2026-10-09T07:25:49.3477415Z binary: rustc
2026-10-09T07:25:49.3477981Z commit-hash: b940084d7eb6a299eb4bfeb8e34901bc051e7ac4
2026-10-09T07:25:49.3478302Z commit-date: 2026-09-28
2026-10-09T07:25:49.3478520Z host: x86_64-unknown-linux-gnu
2026-10-09T07:25:49.3478789Z release: 1.99.0
2026-10-09T07:25:49.3479210Z LLVM version: 23.1.1
2026-10-09T07:25:49.3495746Z ##[end-action id=__dtolnay_rust-toolchain.__run_10;outcome=success;conclusion=success;duration_ms=25]
2026-10-09T07:25:49.3571040Z ##[group]Run Swatinem/rust-cache@v2
2026-10-09T07:25:49.3571281Z with:
2026-10-09T07:25:49.3571458Z   prefix-key: v0-rust
2026-10-09T07:25:49.3571651Z   add-job-id-key: true
2026-10-09T07:25:49.3571865Z   add-rust-environment-hash-key: true
2026-10-09T07:25:49.3572097Z   cache-targets: true
2026-10-09T07:25:49.3572290Z   cache-all-crates: false
2026-10-09T07:25:49.3572494Z   cache-workspace-crates: false
2026-10-09T07:25:49.3572709Z   save-if: true
2026-10-09T07:25:49.3572888Z   cache-provider: github
2026-10-09T07:25:49.3573077Z   cache-bin: true
2026-10-09T07:25:49.3573264Z   lookup-only: false
2026-10-09T07:25:49.3573622Z   cmd-format: {0}
2026-10-09T07:25:49.3573790Z env:
2026-10-09T07:25:49.3573955Z   CARGO_TERM_COLOR: always
2026-10-09T07:25:49.3574150Z   RUSTFLAGS: -D warnings
2026-10-09T07:25:49.3574345Z   CARGO_HOME: /home/runner/.cargo
2026-10-09T07:25:49.3574551Z   CARGO_INCREMENTAL: 0
2026-10-09T07:25:49.3574733Z ##[endgroup]
2026-10-09T07:25:52.0355269Z ##[group]Cache Configuration
2026-10-09T07:25:52.0355964Z Cache Provider:
2026-10-09T07:25:52.0356605Z     github
2026-10-09T07:25:52.0356886Z Workspaces:
2026-10-09T07:25:52.0357149Z     /home/runner/work/codecortex/codecortex
2026-10-09T07:25:52.0357520Z Cache Paths:
2026-10-09T07:25:52.0357809Z     /home/runner/.cargo/bin
2026-10-09T07:25:52.0358135Z     /home/runner/.cargo/.crates.toml
2026-10-09T07:25:52.0358500Z     /home/runner/.cargo/.crates2.json
2026-10-09T07:25:52.0358838Z     /home/runner/.cargo/registry
2026-10-09T07:25:52.0359147Z     /home/runner/.cargo/git
2026-10-09T07:25:52.0359506Z     /home/runner/work/codecortex/codecortex/target
2026-10-09T07:25:52.0359908Z Restore Key:
2026-10-09T07:25:52.0360195Z     v0-rust-check-Linux-x64-cbcac849
2026-10-09T07:25:52.0360555Z Cache Key:
2026-10-09T07:25:52.0360841Z     v0-rust-check-Linux-x64-cbcac849-3495a27c
2026-10-09T07:25:52.0361178Z .. Prefix:
2026-10-09T07:25:52.0361446Z   - v0-rust-check-Linux-x64
2026-10-09T07:25:52.0361772Z .. Environment considered:
2026-10-09T07:25:52.0362086Z   - Rust Versions:
2026-10-09T07:25:52.0362515Z     - 1.99.0 x86_64-unknown-linux-gnu b940084d7eb6a299eb4bfeb8e34901bc051e7ac4
2026-10-09T07:25:52.0363022Z   - CARGO_HOME
2026-10-09T07:25:52.0363288Z   - CARGO_INCREMENTAL
2026-10-09T07:25:52.0363734Z   - CARGO_TERM_COLOR
2026-10-09T07:25:52.0363994Z   - RUSTFLAGS
2026-10-09T07:25:52.0364240Z .. Lockfiles considered:
2026-10-09T07:25:52.0364590Z   - /home/runner/work/codecortex/codecortex/Cargo.lock
2026-10-09T07:25:52.0365123Z   - /home/runner/work/codecortex/codecortex/crates/cc-db/Cargo.toml
2026-10-09T07:25:52.0365706Z   - /home/runner/work/codecortex/codecortex/crates/cc-eval/Cargo.toml
2026-10-09T07:25:52.0366297Z   - /home/runner/work/codecortex/codecortex/crates/cc-index/Cargo.toml
2026-10-09T07:25:52.0366884Z   - /home/runner/work/codecortex/codecortex/crates/cc-model/Cargo.toml
2026-10-09T07:25:52.0367484Z   - /home/runner/work/codecortex/codecortex/crates/cc-parsers/Cargo.toml
2026-10-09T07:25:52.0368079Z   - /home/runner/work/codecortex/codecortex/crates/cc-search/Cargo.toml
2026-10-09T07:25:52.0368647Z   - /home/runner/work/codecortex/codecortex/crates/cc-semantic/Cargo.toml
2026-10-09T07:25:52.0369222Z   - /home/runner/work/codecortex/codecortex/crates/cc-server/Cargo.toml
2026-10-09T07:25:52.0369973Z ##[endgroup]
2026-10-09T07:25:52.0370144Z 
2026-10-09T07:25:52.0370261Z ... Restoring cache ...
2026-10-09T07:25:52.1043996Z Cache hit for: v0-rust-check-Linux-x64-cbcac849-3495a27c
2026-10-09T07:25:53.1642962Z Received 268435456 of 550094034 (48.8%), 256.0 MBs/sec
2026-10-09T07:25:54.1121013Z Received 550094034 of 550094034 (100.0%), 269.4 MBs/sec
2026-10-09T07:25:54.1121858Z Cache Size: ~525 MB (550094034 B)
2026-10-09T07:25:54.1210019Z [command]/usr/bin/tar -xf /home/runner/work/_temp/eee21ca7-fc1f-44bf-a7b0-b68594b1213f/cache.tzst -P -C /home/runner/work/codecortex/codecortex --use-compress-program unzstd
2026-10-09T07:26:02.1591012Z Cache restored successfully
2026-10-09T07:26:02.1835997Z Restored from cache key "v0-rust-check-Linux-x64-cbcac849-3495a27c" full match: true.
2026-10-09T07:26:02.2891818Z ##[group]Run cargo fmt --all -- --check
2026-10-09T07:26:02.2892164Z [36;1mcargo fmt --all -- --check[0m
2026-10-09T07:26:02.2948185Z shell: /usr/bin/bash -e {0}
2026-10-09T07:26:02.2948428Z env:
2026-10-09T07:26:02.2948606Z   CARGO_TERM_COLOR: always
2026-10-09T07:26:02.2948818Z   RUSTFLAGS: -D warnings
2026-10-09T07:26:02.2949024Z   CARGO_HOME: /home/runner/.cargo
2026-10-09T07:26:02.2949246Z   CARGO_INCREMENTAL: 0
2026-10-09T07:26:02.2949434Z   CACHE_ON_FAILURE: false
2026-10-09T07:26:02.2949627Z ##[endgroup]
2026-10-09T07:26:05.1131181Z Diff in /home/runner/work/codecortex/codecortex/crates/cc-index/src/resolver/catalog.rs:863:
2026-10-09T07:26:05.1131837Z      #[test]
2026-10-09T07:26:05.1132227Z      fn export_registration_matches_legacy_after_remove_and_readd() {
2026-10-09T07:26:05.1132722Z          let symbols = export_variants();
2026-10-09T07:26:05.1133077Z -        let removed =
2026-10-09T07:26:05.1139614Z -            HashSet::from([symbols[0].file_path.clone(), symbols[17].file_path.clone()]);
2026-10-09T07:26:05.1140417Z +        let removed = HashSet::from([symbols[0].file_path.clone(), symbols[17].file_path.clone()]);
2026-10-09T07:26:05.1141033Z          let mut catalog = SymbolCatalog::new();
2026-10-09T07:26:05.1141439Z          catalog.add_symbols(&symbols);
2026-10-09T07:26:05.1141825Z          catalog.remove_files(&removed);
2026-10-09T07:26:05.1189138Z Diff in /home/runner/work/codecortex/codecortex/crates/cc-index/src/resolver/helpers.rs:368:
2026-10-09T07:26:05.1189850Z          a.iter().zip(b.iter()).take_while(|(x, y)| x == y).count()
2026-10-09T07:26:05.1190297Z      }
2026-10-09T07:26:05.1190542Z  
2026-10-09T07:26:05.1190797Z -    fn legacy_candidates(
2026-10-09T07:26:05.1191127Z -        entries: &[CatalogEntry],
2026-10-09T07:26:05.1191486Z -        candidates: &[usize],
2026-10-09T07:26:05.1191799Z -        file: &str,
2026-10-09T07:26:05.1192081Z -    ) -> Vec<usize> {
2026-10-09T07:26:05.1192640Z +    fn legacy_candidates(entries: &[CatalogEntry], candidates: &[usize], file: &str) -> Vec<usize> {
2026-10-09T07:26:05.1193267Z          let max = candidates
2026-10-09T07:26:05.1193805Z              .iter()
2026-10-09T07:26:05.1194187Z              .map(|&idx| legacy_prefix(&entries[idx].file_path, file))
2026-10-09T07:26:05.1194865Z Diff in /home/runner/work/codecortex/codecortex/crates/cc-index/src/resolver/helpers.rs:444:
2026-10-09T07:26:05.1195533Z              entry("src/pkg/a.py", "a", "A"),
2026-10-09T07:26:05.1195952Z              entry("src/pkg/a.py", "a", "OtherQName"),
2026-10-09T07:26:05.1196339Z          ];
2026-10-09T07:26:05.1196733Z -        for file in ["", "src/pkg/query.py", "src/pkg/a.ts", "elsewhere/x.py", "/"] {
2026-10-09T07:26:05.1197238Z +        for file in [
2026-10-09T07:26:05.1197519Z +            "",
2026-10-09T07:26:05.1197794Z +            "src/pkg/query.py",
2026-10-09T07:26:05.1198125Z +            "src/pkg/a.ts",
2026-10-09T07:26:05.1198467Z +            "elsewhere/x.py",
2026-10-09T07:26:05.1198778Z +            "/",
2026-10-09T07:26:05.1199042Z +        ] {
2026-10-09T07:26:05.1199425Z              // Exhaust all input sequences of length 0..=4, including repeated
2026-10-09T07:26:05.1200062Z              // indices, different identities, duplicate rows and tied distances.
2026-10-09T07:26:05.1200557Z              for len in 0..=4 {
2026-10-09T07:26:06.4329150Z ##[error]Process completed with exit code 1.
2026-10-09T07:26:06.4500327Z Post job cleanup.
2026-10-09T07:26:06.5169322Z [command]/usr/bin/git version
2026-10-09T07:26:06.5200014Z git version 2.55.0
2026-10-09T07:26:06.5229074Z Temporarily overriding HOME='/home/runner/work/_temp/5e26a097-db9f-4acc-ad92-2530e8362bf0' before making global git config changes
2026-10-09T07:26:06.5230081Z Adding repository directory to the temporary git global config as a safe directory
2026-10-09T07:26:06.5234177Z [command]/usr/bin/git config --global --add safe.directory /home/runner/work/codecortex/codecortex
2026-10-09T07:26:06.5266184Z [command]/usr/bin/git config --local --name-only --get-regexp core\.sshCommand
2026-10-09T07:26:06.5293752Z [command]/usr/bin/git submodule foreach --recursive sh -c "git config --local --name-only --get-regexp 'core\.sshCommand' && git config --local --unset-all 'core.sshCommand' || :"
2026-10-09T07:26:06.5509560Z [command]/usr/bin/git config --local --name-only --get-regexp http\.https\:\/\/github\.com\/\.extraheader
2026-10-09T07:26:06.5533754Z http.https://github.com/.extraheader
2026-10-09T07:26:06.5542724Z [command]/usr/bin/git config --local --unset-all http.https://github.com/.extraheader
2026-10-09T07:26:06.5572321Z [command]/usr/bin/git submodule foreach --recursive sh -c "git config --local --name-only --get-regexp 'http\.https\:\/\/github\.com\/\.extraheader' && git config --local --unset-all 'http.https://github.com/.extraheader' || :"
2026-10-09T07:26:06.5789078Z [command]/usr/bin/git config --local --name-only --get-regexp ^includeIf\.gitdir:
2026-10-09T07:26:06.5818528Z [command]/usr/bin/git submodule foreach --recursive git config --local --show-origin --name-only --get-regexp remote.origin.url
2026-10-09T07:26:06.6155133Z Cleaning up orphan processes
2026-10-09T07:26:06.6392230Z ##[warning]Node.js 20 is deprecated. The following actions target Node.js 20 but are being forced to run on Node.js 24: actions/checkout@v4. For more information see: https://github.blog/changelog/2025-09-19-deprecation-of-node-20-on-github-actions-runners/
