candidate eda4df9f84943c5ec86f7d03f508c3fffedcc012 file_sha256 e038f59ebf2794dfc74f552ffca158a29ba7066f6d2bf1f96e3cd9bf3adb416e
   Compiling cc-server v1.0.0 (/workspace/codecortex/crates/cc-server)
warning: field `0` is never read
   --> /workspace/codecortex/crates/cc-server/src/service_factory.rs:129:33
    |
129 | pub struct SemanticWorkerStatus(std::sync::atomic::AtomicU8);
    |            -------------------- ^^^^^^^^^^^^^^^^^^^^^^^^^^^
    |            |
    |            field in this struct
    |
    = help: consider removing this field
    = note: `#[warn(dead_code)]` (part of `#[warn(unused)]`) on by default

warning: methods `clear`, `assembly_failed`, `round_failed`, and `failure_reason` are never used
   --> /workspace/codecortex/crates/cc-server/src/service_factory.rs:132:19
    |
130 | impl SemanticWorkerStatus {
    | ------------------------- methods in this implementation
131 |     #[cfg(feature = "semantic")]
132 |     pub(crate) fn clear(&self) {
    |                   ^^^^^
...
136 |     pub(crate) fn assembly_failed(&self) {
    |                   ^^^^^^^^^^^^^^^
...
140 |     pub(crate) fn round_failed(&self) {
    |                   ^^^^^^^^^^^^
...
143 |     pub fn failure_reason(&self) -> Option<&'static str> {
    |            ^^^^^^^^^^^^^^

warning: fields `pool`, `semantic`, `semantic_wired`, `semantic_worker`, and `semantic_degradation` are never read
   --> /workspace/codecortex/crates/cc-server/src/service_factory.rs:152:9
    |
151 | pub struct QueryServices {
    |            ------------- fields in this struct
152 |     pub pool: ExecutionPool,
    |         ^^^^
153 |     semantic: RwLock<Option<Arc<dyn SemanticRecall>>>,
    |     ^^^^^^^^
...
156 |     semantic_wired: RwLock<Option<SemanticWiredInfo>>,
    |     ^^^^^^^^^^^^^^
157 |     semantic_worker: RwLock<Option<Arc<SemanticWorkerStatus>>>,
    |     ^^^^^^^^^^^^^^^
...
165 |     semantic_degradation: RwLock<Option<SemanticDegradation>>,
    |     ^^^^^^^^^^^^^^^^^^^^

warning: multiple associated items are never used
   --> /workspace/codecortex/crates/cc-server/src/service_factory.rs:205:12
    |
196 | impl QueryServices {
    | ------------------ associated items in this implementation
...
205 |     pub fn with_pool(pool: ExecutionPool) -> Self {
    |            ^^^^^^^^^
...
215 |     pub fn semantic(&self) -> Option<Arc<dyn SemanticRecall>> {
    |            ^^^^^^^^
...
221 |     pub fn set_semantic(&self, port: Option<Arc<dyn SemanticRecall>>) {
    |            ^^^^^^^^^^^^
...
225 |     pub fn semantic_wired(&self) -> Option<SemanticWiredInfo> {
    |            ^^^^^^^^^^^^^^
...
231 |     pub fn set_semantic_wired(&self, wired: Option<SemanticWiredInfo>) {
    |            ^^^^^^^^^^^^^^^^^^
...
237 |     pub fn semantic_worker(&self) -> Option<Arc<SemanticWorkerStatus>> {
    |            ^^^^^^^^^^^^^^^
...
244 |     pub(crate) fn set_semantic_worker(&self, state: Option<Arc<SemanticWorkerStatus>>) {
    |                   ^^^^^^^^^^^^^^^^^^^
...
250 |     pub fn semantic_degradation(&self) -> Option<SemanticDegradation> {
    |            ^^^^^^^^^^^^^^^^^^^^
...
256 |     pub fn set_semantic_degradation(&self, snapshot: Option<SemanticDegradation>) {
    |            ^^^^^^^^^^^^^^^^^^^^^^^^
...
265 |     pub(crate) fn set_semantic_degradation_for(
    |                   ^^^^^^^^^^^^^^^^^^^^^^^^^^^^

warning: `cc-server` (test "p7_query_encoding_review_harness") generated 4 warnings
    Finished `test` profile [unoptimized] target(s) in 0.91s
     Running tests/p7_query_encoding_review_harness.rs (/tmp/p7-017-build/debug/deps/p7_query_encoding_review_harness-daaa0e3bb04eac3c)

running 5 tests
test candidate::independent_review::expired_deadline_and_parent_retirement_skip_raw_transport ... ok
test candidate::independent_review::transport_clamps_deadline_and_checks_child_before_and_after_io ... ok
test candidate::independent_review::cache_hit_avoids_factory_and_provider_even_when_capacity_full ... ok
test candidate::independent_review::root_drop_holds_real_query_pin_and_child_token_until_blocking_exit ... ok
test candidate::independent_review::publication_boundaries_independently_preserve_cache_and_physical_capacity ... ok

test result: ok. 5 passed; 0 failed; 0 ignored; 0 measured; 15 filtered out; finished in 0.15s
