2026-10-09T06:23:16.6183683Z Current runner version: '2.337.0'
2026-10-09T06:23:16.6209528Z ##[group]Runner Image Provisioner
2026-10-09T06:23:16.6210389Z Hosted Compute Agent
2026-10-09T06:23:16.6211145Z Version: 20261002.596
2026-10-09T06:23:16.6212080Z Commit: c3d12f3313a95f25162a1503be624f3b0617f8c0
2026-10-09T06:23:16.6212986Z Build Date: 2026-10-02T22:28:27Z
2026-10-09T06:23:16.6213693Z Worker ID: {e8218f12-e417-4616-8cb7-7f7efa315957}
2026-10-09T06:23:16.6214423Z Region: northcentralus
2026-10-09T06:23:16.6215103Z Cloud: Azure
2026-10-09T06:23:16.6215672Z ##[endgroup]
2026-10-09T06:23:16.6217136Z ##[group]Operating System
2026-10-09T06:23:16.6217832Z Ubuntu
2026-10-09T06:23:16.6218380Z 24.04.5
2026-10-09T06:23:16.6219349Z LTS
2026-10-09T06:23:16.6219955Z ##[endgroup]
2026-10-09T06:23:16.6220670Z ##[group]Runner Image
2026-10-09T06:23:16.6221326Z Image: ubuntu-24.04
2026-10-09T06:23:16.6222165Z Version: 20261004.327.1
2026-10-09T06:23:16.6223543Z Included Software: https://github.com/actions/runner-images/blob/ubuntu24/20261004.327/images/ubuntu/Ubuntu2404-Readme.md
2026-10-09T06:23:16.6225175Z Image Release: https://github.com/actions/runner-images/releases/tag/ubuntu24%2F20261004.327
2026-10-09T06:23:16.6226186Z ##[endgroup]
2026-10-09T06:23:16.6227443Z ##[group]GITHUB_TOKEN Permissions
2026-10-09T06:23:16.6229931Z Actions: read
2026-10-09T06:23:16.6230595Z Checks: read
2026-10-09T06:23:16.6231254Z Contents: read
2026-10-09T06:23:16.6232063Z Metadata: read
2026-10-09T06:23:16.6232625Z ##[endgroup]
2026-10-09T06:23:16.6234862Z Secret source: Actions
2026-10-09T06:23:16.6235918Z Cache mode: write
2026-10-09T06:23:16.6236975Z Prepare workflow directory
2026-10-09T06:23:16.6583613Z Prepare all required actions
2026-10-09T06:23:16.6633031Z Getting action download info
2026-10-09T06:23:16.8967853Z Download action repository 'actions/upload-artifact@v4' (SHA:ea165f8d65b6e75b540449e92b4886f43607fa02)
2026-10-09T06:23:17.1509466Z Complete job name: original_terminal_metadata
2026-10-09T06:23:17.2366848Z ##[group]Run python3 - <<'PY'
2026-10-09T06:23:17.2368363Z [36;1mpython3 - <<'PY'[0m
2026-10-09T06:23:17.2368898Z [36;1mimport base64[0m
2026-10-09T06:23:17.2369402Z [36;1mimport datetime[0m
2026-10-09T06:23:17.2369889Z [36;1mimport io[0m
2026-10-09T06:23:17.2370354Z [36;1mimport hashlib[0m
2026-10-09T06:23:17.2370833Z [36;1mimport json[0m
2026-10-09T06:23:17.2371290Z [36;1mimport os[0m
2026-10-09T06:23:17.2372006Z [36;1mimport pathlib[0m
2026-10-09T06:23:17.2372499Z [36;1mimport sys[0m
2026-10-09T06:23:17.2372965Z [36;1mimport urllib.error[0m
2026-10-09T06:23:17.2373486Z [36;1mimport urllib.request[0m
2026-10-09T06:23:17.2374005Z [36;1mimport urllib.parse[0m
2026-10-09T06:23:17.2374516Z [36;1mimport zipfile[0m
2026-10-09T06:23:17.2374988Z [36;1m[0m
2026-10-09T06:23:17.2375411Z [36;1mdef now():[0m
2026-10-09T06:23:17.2376095Z [36;1m    return datetime.datetime.now(datetime.timezone.utc).isoformat()[0m
2026-10-09T06:23:17.2376855Z [36;1m[0m
2026-10-09T06:23:17.2378000Z [36;1mroot = pathlib.Path(os.environ["RUNNER_TEMP"]) / ("p8-original-100k-terminal-" + os.environ["GITHUB_RUN_ID"] + "-attempt" + os.environ["GITHUB_RUN_ATTEMPT"])[0m
2026-10-09T06:23:17.2379220Z [36;1mroot.mkdir(exist_ok=False)[0m
2026-10-09T06:23:17.2379767Z [36;1mreceipt = {[0m
2026-10-09T06:23:17.2380340Z [36;1m    "schema": "p8_original_100k_terminal_readback_v1",[0m
2026-10-09T06:23:17.2381015Z [36;1m    "started_at_utc": now(),[0m
2026-10-09T06:23:17.2381815Z [36;1m    "controller_run_id": os.environ["GITHUB_RUN_ID"],[0m
2026-10-09T06:23:17.2382560Z [36;1m    "controller_head": os.environ["GITHUB_SHA"],[0m
2026-10-09T06:23:17.2383363Z [36;1m    "controller_run_attempt": os.environ["GITHUB_RUN_ATTEMPT"],[0m
2026-10-09T06:23:17.2384109Z [36;1m    "original_run_id": 37872522779,[0m
2026-10-09T06:23:17.2384703Z [36;1m    "original_job_id": 113638100879,[0m
2026-10-09T06:23:17.2385426Z [36;1m    "original_head": "a23bb72d3c954f385b99fe81ce9189885c208557",[0m
2026-10-09T06:23:17.2386325Z [36;1m    "method": "GET only; no checkout, native command, measurement or retry",[0m
2026-10-09T06:23:17.2387350Z [36;1m    "requests": [],[0m
2026-10-09T06:23:17.2387856Z [36;1m    "passed": False,[0m
2026-10-09T06:23:17.2388465Z [36;1m}[0m
2026-10-09T06:23:17.2388887Z [36;1mdef save():[0m
2026-10-09T06:23:17.2389821Z [36;1m    (root / "readback-receipt.json").write_text(json.dumps(receipt, indent=2, ensure_ascii=False) + "\n", encoding="utf-8")[0m
2026-10-09T06:23:17.2390831Z [36;1m[0m
2026-10-09T06:23:17.2391248Z [36;1msave()[0m
2026-10-09T06:23:17.2392134Z [36;1mprint("P8_TERMINAL_READBACK_START " + json.dumps(receipt, ensure_ascii=False), flush=True)[0m
2026-10-09T06:23:17.2393074Z [36;1mif os.environ["GITHUB_RUN_ATTEMPT"] != "1":[0m
2026-10-09T06:23:17.2393790Z [36;1m    receipt["error"] = "rerun_attempt_not_authorized"[0m
2026-10-09T06:23:17.2394487Z [36;1m    receipt["finished_at_utc"] = now()[0m
2026-10-09T06:23:17.2395063Z [36;1m    save()[0m
2026-10-09T06:23:17.2395551Z [36;1m    raise SystemExit(2)[0m
2026-10-09T06:23:17.2396071Z [36;1m[0m
2026-10-09T06:23:17.2396629Z [36;1mclass NoRedirect(urllib.request.HTTPRedirectHandler):[0m
2026-10-09T06:23:17.2397486Z [36;1m    def redirect_request(self, req, fp, code, msg, headers, newurl):[0m
2026-10-09T06:23:17.2398218Z [36;1m        return None[0m
2026-10-09T06:23:17.2398696Z [36;1m[0m
2026-10-09T06:23:17.2399231Z [36;1mopener = urllib.request.build_opener(NoRedirect())[0m
2026-10-09T06:23:17.2400017Z [36;1mbase = "https://api.github.com/repos/jyqj/codecortex"[0m
2026-10-09T06:23:17.2400673Z [36;1mqueries = [[0m
2026-10-09T06:23:17.2401211Z [36;1m    ("original-run", "/actions/runs/37872522779"),[0m
2026-10-09T06:23:17.2402021Z [36;1m    ("original-job", "/actions/jobs/113638100879"),[0m
2026-10-09T06:23:17.2402726Z [36;1m    ("original-check", "/check-runs/113638100879"),[0m
2026-10-09T06:23:17.2403770Z [36;1m    ("original-annotations", "/check-runs/113638100879/annotations?per_page=100"),[0m
2026-10-09T06:23:17.2404791Z [36;1m    ("original-artifacts", "/actions/runs/37872522779/artifacts?per_page=100"),[0m
2026-10-09T06:23:17.2405555Z [36;1m][0m
2026-10-09T06:23:17.2405972Z [36;1mparsed = {}[0m
2026-10-09T06:23:17.2406429Z [36;1mtry:[0m
2026-10-09T06:23:17.2406880Z [36;1m    for name, suffix in queries:[0m
2026-10-09T06:23:17.2407441Z [36;1m        url = base + suffix[0m
2026-10-09T06:23:17.2408158Z [36;1m        item = {"name": name, "url": url, "method": "GET", "started_at_utc": now()}[0m
2026-10-09T06:23:17.2408930Z [36;1m        receipt["requests"].append(item)[0m
2026-10-09T06:23:17.2409509Z [36;1m        save()[0m
2026-10-09T06:23:17.2410074Z [36;1m        request = urllib.request.Request(url, headers={[0m
2026-10-09T06:23:17.2410842Z [36;1m            "Authorization": "Bearer " + os.environ["GH_TOKEN"],[0m
2026-10-09T06:23:17.2411584Z [36;1m            "Accept": "application/vnd.github+json",[0m
2026-10-09T06:23:17.2412437Z [36;1m            "X-GitHub-Api-Version": "2022-11-28",[0m
2026-10-09T06:23:17.2413188Z [36;1m            "User-Agent": "codecortex-original-terminal-readback",[0m
2026-10-09T06:23:17.2413888Z [36;1m        }, method="GET")[0m
2026-10-09T06:23:17.2414395Z [36;1m        try:[0m
2026-10-09T06:23:17.2414964Z [36;1m            with opener.open(request, timeout=30) as response:[0m
2026-10-09T06:23:17.2415685Z [36;1m                raw = response.read(16 * 1024 * 1024 + 1)[0m
2026-10-09T06:23:17.2416338Z [36;1m                status = response.status[0m
2026-10-09T06:23:17.2416998Z [36;1m        except urllib.error.HTTPError as error:[0m
2026-10-09T06:23:17.2417653Z [36;1m            raw = error.read(16 * 1024 * 1024 + 1)[0m
2026-10-09T06:23:17.2418253Z [36;1m            status = error.code[0m
2026-10-09T06:23:17.2418836Z [36;1m        if len(raw) > 16 * 1024 * 1024:[0m
2026-10-09T06:23:17.2419563Z [36;1m            raise RuntimeError("response_size_limit_exceeded:" + name)[0m
2026-10-09T06:23:17.2420354Z [36;1m        text = raw.decode("utf-8", errors="strict")[0m
2026-10-09T06:23:17.2421330Z [36;1m        (root / (name + ".json")).write_bytes(raw)[0m
2026-10-09T06:23:17.2422494Z [36;1m        item.update({"status": status, "bytes": len(raw), "sha256": hashlib.sha256(raw).hexdigest(), "finished_at_utc": now()})[0m
2026-10-09T06:23:17.2423466Z [36;1m        save()[0m
2026-10-09T06:23:17.2424614Z [36;1m        print("P8_TERMINAL_ORIGINAL_JSON " + json.dumps({"name": name, "status": status, "bytes": len(raw), "sha256": item["sha256"], "raw_utf8": text}, ensure_ascii=False), flush=True)[0m
2026-10-09T06:23:17.2425827Z [36;1m        if status != 200:[0m
2026-10-09T06:23:17.2426508Z [36;1m            raise RuntimeError("http_status_" + str(status) + ":" + name)[0m
2026-10-09T06:23:17.2427261Z [36;1m        parsed[name] = json.loads(text)[0m
2026-10-09T06:23:17.2427819Z [36;1m[0m
2026-10-09T06:23:17.2428256Z [36;1m    run = parsed["original-run"][0m
2026-10-09T06:23:17.2428851Z [36;1m    job = parsed["original-job"][0m
2026-10-09T06:23:17.2429436Z [36;1m    check = parsed["original-check"][0m
2026-10-09T06:23:17.2430103Z [36;1m    annotations = parsed["original-annotations"][0m
2026-10-09T06:23:17.2430779Z [36;1m    artifacts = parsed["original-artifacts"][0m
2026-10-09T06:23:17.2431813Z [36;1m    if run["id"] != 37872522779 or run["head_sha"] != receipt["original_head"] or run["run_attempt"] != 1:[0m
2026-10-09T06:23:17.2432780Z [36;1m        raise RuntimeError("original_run_identity_mismatch")[0m
2026-10-09T06:23:17.2433884Z [36;1m    if job["id"] != 113638100879 or job["run_id"] != 37872522779 or job["head_sha"] != receipt["original_head"] or job["run_attempt"] != 1:[0m
2026-10-09T06:23:17.2435046Z [36;1m        raise RuntimeError("original_job_identity_mismatch")[0m
2026-10-09T06:23:17.2435916Z [36;1m    if check["id"] != 113638100879 or check["head_sha"] != receipt["original_head"]:[0m
2026-10-09T06:23:17.2436802Z [36;1m        raise RuntimeError("original_check_identity_mismatch")[0m
2026-10-09T06:23:17.2438092Z [36;1m    if not isinstance(annotations, list) or check["output"]["annotations_count"] != len(annotations) or len(annotations) > 100:[0m
2026-10-09T06:23:17.2439229Z [36;1m        raise RuntimeError("annotation_coverage_incomplete")[0m
2026-10-09T06:23:17.2440200Z [36;1m    if artifacts["total_count"] != len(artifacts["artifacts"]) or artifacts["total_count"] > 100:[0m
2026-10-09T06:23:17.2441196Z [36;1m        raise RuntimeError("artifact_page_coverage_incomplete")[0m
2026-10-09T06:23:17.2442476Z [36;1m    if any(a["workflow_run"]["id"] != 37872522779 or a["workflow_run"]["head_sha"] != receipt["original_head"] for a in artifacts["artifacts"]):[0m
2026-10-09T06:23:17.2443661Z [36;1m        raise RuntimeError("artifact_original_run_identity_mismatch")[0m
2026-10-09T06:23:17.2444657Z [36;1m    original_matrix = next((a for a in artifacts["artifacts"] if a["id"] == 11599136237), None)[0m
2026-10-09T06:23:17.2446242Z [36;1m    if original_matrix is None or original_matrix["size_in_bytes"] != 580 or original_matrix["digest"] != "sha256:6585b064492fba4b0f1cd8f10cfeb304ee63fa15851ede907c20a012780902e3":[0m
2026-10-09T06:23:17.2447729Z [36;1m        raise RuntimeError("original_failed_matrix_artifact_identity_mismatch")[0m
2026-10-09T06:23:17.2448592Z [36;1m    zip_url = base + "/actions/artifacts/11599136237/zip"[0m
2026-10-09T06:23:17.2449354Z [36;1m    zip_request = urllib.request.Request(zip_url, headers={[0m
2026-10-09T06:23:17.2450168Z [36;1m        "Authorization": "Bearer " + os.environ["GH_TOKEN"],[0m
2026-10-09T06:23:17.2450893Z [36;1m        "Accept": "application/vnd.github+json",[0m
2026-10-09T06:23:17.2451548Z [36;1m        "X-GitHub-Api-Version": "2022-11-28",[0m
2026-10-09T06:23:17.2452373Z [36;1m        "User-Agent": "codecortex-original-terminal-readback",[0m
2026-10-09T06:23:17.2453054Z [36;1m    }, method="GET")[0m
2026-10-09T06:23:17.2454082Z [36;1m    zip_item = {"name": "original-failed-matrix-zip", "artifact_id": 11599136237, "api_url": zip_url, "started_at_utc": now(), "method": "GET"}[0m
2026-10-09T06:23:17.2455326Z [36;1m    receipt["requests"].append(zip_item)[0m
2026-10-09T06:23:17.2455902Z [36;1m    save()[0m
2026-10-09T06:23:17.2456335Z [36;1m    try:[0m
2026-10-09T06:23:17.2456920Z [36;1m        with opener.open(zip_request, timeout=30) as unexpected:[0m
2026-10-09T06:23:17.2457782Z [36;1m            raise RuntimeError("expected_artifact_redirect_not_observed")[0m
2026-10-09T06:23:17.2458577Z [36;1m    except urllib.error.HTTPError as redirect:[0m
2026-10-09T06:23:17.2459198Z [36;1m        if redirect.code != 302:[0m
2026-10-09T06:23:17.2459738Z [36;1m            raise[0m
2026-10-09T06:23:17.2460314Z [36;1m        location = redirect.headers.get("Location", "")[0m
2026-10-09T06:23:17.2461042Z [36;1m    parsed_location = urllib.parse.urlsplit(location)[0m
2026-10-09T06:23:17.2462873Z [36;1m    if parsed_location.scheme != "https" or not parsed_location.hostname or not parsed_location.hostname.endswith(".blob.core.windows.net") or parsed_location.username is not None or parsed_location.password is not None:[0m
2026-10-09T06:23:17.2464546Z [36;1m        raise RuntimeError("unexpected_artifact_storage_origin")[0m
2026-10-09T06:23:17.2465769Z [36;1m    storage_request = urllib.request.Request(location, headers={"User-Agent": "codecortex-original-terminal-readback"}, method="GET")[0m
2026-10-09T06:23:17.2466974Z [36;1m    with opener.open(storage_request, timeout=30) as response:[0m
2026-10-09T06:23:17.2467687Z [36;1m        zip_raw = response.read(16385)[0m
2026-10-09T06:23:17.2468278Z [36;1m        if response.status != 200:[0m
2026-10-09T06:23:17.2468938Z [36;1m            raise RuntimeError("original_zip_storage_status")[0m
2026-10-09T06:23:17.2470096Z [36;1m    if len(zip_raw) != 580 or hashlib.sha256(zip_raw).hexdigest() != "6585b064492fba4b0f1cd8f10cfeb304ee63fa15851ede907c20a012780902e3":[0m
2026-10-09T06:23:17.2471445Z [36;1m        raise RuntimeError("original_failed_matrix_zip_bytes_differ")[0m
2026-10-09T06:23:17.2472464Z [36;1m    (root / "original-failed-matrix-11599136237.zip").write_bytes(zip_raw)[0m
2026-10-09T06:23:17.2473822Z [36;1m    zip_item.update({"bytes": len(zip_raw), "sha256": hashlib.sha256(zip_raw).hexdigest(), "finished_at_utc": now(), "authorization_forwarded_to_storage": False})[0m
2026-10-09T06:23:17.2474975Z [36;1m    save()[0m
2026-10-09T06:23:17.2476236Z [36;1m    print("P8_TERMINAL_ORIGINAL_ZIP " + json.dumps({"artifact_id": 11599136237, "bytes": len(zip_raw), "sha256": zip_item["sha256"], "base64": base64.b64encode(zip_raw).decode("ascii")}), flush=True)[0m
2026-10-09T06:23:17.2477709Z [36;1m    with zipfile.ZipFile(io.BytesIO(zip_raw), "r") as archive:[0m
2026-10-09T06:23:17.2478422Z [36;1m        members = archive.infolist()[0m
2026-10-09T06:23:17.2479673Z [36;1m        if len(members) != 1 or members[0].is_dir() or members[0].file_size > 65536 or not members[0].filename.endswith(".json") or "/" in members[0].filename or "\\" in members[0].filename:[0m
2026-10-09T06:23:17.2481066Z [36;1m            raise RuntimeError("unexpected_original_failed_matrix_member")[0m
2026-10-09T06:23:17.2481970Z [36;1m        original_json = archive.read(members[0])[0m
2026-10-09T06:23:17.2482740Z [36;1m        original_text = original_json.decode("utf-8", errors="strict")[0m
2026-10-09T06:23:17.2483494Z [36;1m        matrix = json.loads(original_text)[0m
2026-10-09T06:23:17.2484283Z [36;1m    (root / "original-failed-matrix-json.raw").write_bytes(original_json)[0m
2026-10-09T06:23:17.2485939Z [36;1m    receipt["original_failed_matrix"] = {"member": members[0].filename, "bytes": len(original_json), "sha256": hashlib.sha256(original_json).hexdigest(), "status": matrix.get("status"), "passed": matrix.get("passed")}[0m
2026-10-09T06:23:17.2488595Z [36;1m    print("P8_TERMINAL_ORIGINAL_JSON " + json.dumps({"name": "original-failed-matrix-member", "status": 200, "member": members[0].filename, "bytes": len(original_json), "sha256": hashlib.sha256(original_json).hexdigest(), "raw_utf8": original_text}, ensure_ascii=False), flush=True)[0m
2026-10-09T06:23:17.2490662Z [36;1m    if matrix.get("status") != "failed" or matrix.get("passed") is not False:[0m
2026-10-09T06:23:17.2491540Z [36;1m        raise RuntimeError("unexpected_original_matrix_outcome")[0m
2026-10-09T06:23:17.2492340Z [36;1m    receipt["passed"] = True[0m
2026-10-09T06:23:17.2493516Z [36;1m    receipt["interpretation"] = "complete existing metadata readback only; original job conclusion is preserved and no measurement completion is claimed"[0m
2026-10-09T06:23:17.2494711Z [36;1mexcept Exception as error:[0m
2026-10-09T06:23:17.2495369Z [36;1m    receipt["error"] = type(error).__name__ + ": " + str(error)[0m
2026-10-09T06:23:17.2496042Z [36;1mfinally:[0m
2026-10-09T06:23:17.2496516Z [36;1m    receipt["finished_at_utc"] = now()[0m
2026-10-09T06:23:17.2497077Z [36;1m    save()[0m
2026-10-09T06:23:17.2497841Z [36;1m    print("P8_TERMINAL_READBACK_RESULT " + json.dumps(receipt, ensure_ascii=False), flush=True)[0m
2026-10-09T06:23:17.2498769Z [36;1mraise SystemExit(0 if receipt["passed"] else 2)[0m
2026-10-09T06:23:17.2499384Z [36;1mPY[0m
2026-10-09T06:23:17.2746030Z shell: /usr/bin/bash --noprofile --norc -e -o pipefail {0}
2026-10-09T06:23:17.2746997Z env:
2026-10-09T06:23:17.2751248Z   GH_TOKEN: ***
2026-10-09T06:23:17.2751884Z ##[endgroup]
2026-10-09T06:23:17.3440846Z P8_TERMINAL_READBACK_START {"schema": "p8_original_100k_terminal_readback_v1", "started_at_utc": "2026-10-09T06:23:17.341721+00:00", "controller_run_id": "37893190079", "controller_head": "53fbfbdc86faacdcd241f0c619b5110e3aba259d", "controller_run_attempt": "1", "original_run_id": 37872522779, "original_job_id": 113638100879, "original_head": "a23bb72d3c954f385b99fe81ce9189885c208557", "method": "GET only; no checkout, native command, measurement or retry", "requests": [], "passed": false}
2026-10-09T06:23:17.5709605Z P8_TERMINAL_ORIGINAL_JSON {"name": "original-run", "status": 200, "bytes": 11863, "sha256": "00b06a562e1a0a0611b940727bd10f51cb6c85d2d2df9e0efae082d32714cb4c", "raw_utf8": "{\"id\":37872522779,\"name\":\"P8 complete scale measurements\",\"node_id\":\"WFR_kwLOSnV9Ys8AAAAI0WDWGw\",\"head_branch\":\"task/p8-scale-cache-a217-20261009\",\"head_sha\":\"a23bb72d3c954f385b99fe81ce9189885c208557\",\"path\":\".github/workflows/p8-scale.yml\",\"display_title\":\"perf(p8): combine scale SQL reuse and real soak cache validation\",\"run_number\":5,\"event\":\"pull_request\",\"status\":\"completed\",\"conclusion\":\"failure\",\"workflow_id\":378814687,\"check_suite_id\":102612046684,\"check_suite_node_id\":\"CS_kwDOSnV9Ys8AAAAX5CeTXA\",\"url\":\"https://api.github.com/repos/jyqj/codecortex/actions/runs/37872522779\",\"html_url\":\"https://github.com/jyqj/codecortex/actions/runs/37872522779\",\"pull_requests\":[],\"created_at\":\"2026-10-09T02:00:50Z\",\"updated_at\":\"2026-10-09T06:14:25Z\",\"actor\":{\"login\":\"jyqj\",\"id\":174292474,\"node_id\":\"U_kgDOCmN9-g\",\"avatar_url\":\"https://avatars.githubusercontent.com/u/174292474?v=4\",\"gravatar_id\":\"\",\"url\":\"https://api.github.com/users/jyqj\",\"html_url\":\"https://github.com/jyqj\",\"followers_url\":\"https://api.github.com/users/jyqj/followers\",\"following_url\":\"https://api.github.com/users/jyqj/following{/other_user}\",\"gists_url\":\"https://api.github.com/users/jyqj/gists{/gist_id}\",\"starred_url\":\"https://api.github.com/users/jyqj/starred{/owner}{/repo}\",\"subscriptions_url\":\"https://api.github.com/users/jyqj/subscriptions\",\"organizations_url\":\"https://api.github.com/users/jyqj/orgs\",\"repos_url\":\"https://api.github.com/users/jyqj/repos\",\"events_url\":\"https://api.github.com/users/jyqj/events{/privacy}\",\"received_events_url\":\"https://api.github.com/users/jyqj/received_events\",\"type\":\"User\",\"user_view_type\":\"public\",\"site_admin\":false},\"run_attempt\":1,\"referenced_workflows\":[],\"run_started_at\":\"2026-10-09T02:00:50Z\",\"triggering_actor\":{\"login\":\"jyqj\",\"id\":174292474,\"node_id\":\"U_kgDOCmN9-g\",\"avatar_url\":\"https://avatars.githubusercontent.com/u/174292474?v=4\",\"gravatar_id\":\"\",\"url\":\"https://api.github.com/users/jyqj\",\"html_url\":\"https://github.com/jyqj\",\"followers_url\":\"https://api.github.com/users/jyqj/followers\",\"following_url\":\"https://api.github.com/users/jyqj/following{/other_user}\",\"gists_url\":\"https://api.github.com/users/jyqj/gists{/gist_id}\",\"starred_url\":\"https://api.github.com/users/jyqj/starred{/owner}{/repo}\",\"subscriptions_url\":\"https://api.github.com/users/jyqj/subscriptions\",\"organizations_url\":\"https://api.github.com/users/jyqj/orgs\",\"repos_url\":\"https://api.github.com/users/jyqj/repos\",\"events_url\":\"https://api.github.com/users/jyqj/events{/privacy}\",\"received_events_url\":\"https://api.github.com/users/jyqj/received_events\",\"type\":\"User\",\"user_view_type\":\"public\",\"site_admin\":false},\"jobs_url\":\"https://api.github.com/repos/jyqj/codecortex/actions/runs/37872522779/jobs\",\"logs_url\":\"https://api.github.com/repos/jyqj/codecortex/actions/runs/37872522779/logs\",\"check_suite_url\":\"https://api.github.com/repos/jyqj/codecortex/check-suites/102612046684\",\"artifacts_url\":\"https://api.github.com/repos/jyqj/codecortex/actions/runs/37872522779/artifacts\",\"cancel_url\":\"https://api.github.com/repos/jyqj/codecortex/actions/runs/37872522779/cancel\",\"rerun_url\":\"https://api.github.com/repos/jyqj/codecortex/actions/runs/37872522779/rerun\",\"previous_attempt_url\":null,\"workflow_url\":\"https://api.github.com/repos/jyqj/codecortex/actions/workflows/378814687\",\"head_commit\":{\"id\":\"a23bb72d3c954f385b99fe81ce9189885c208557\",\"tree_id\":\"58147c952505c44da1f41eb4b9c31643f2303b96\",\"message\":\"test(p8): bind combined source admission for original full execution\\n\\nInstall only the four exact v15 product/review/file/digest bindings and the complete reviewed registry; all guard logic, historical snapshots, CI selectors and registered workloads remain unchanged. Attach the independent binding review. This fixed execution source has no inherited performance samples and closes no original TODOs.\",\"timestamp\":\"2026-10-09T01:50:53Z\",\"author\":{\"name\":\"金亦求金\",\"email\":\"jyj20040616@gmail.com\"},\"committer\":{\"name\":\"金亦求金\",\"email\":\"jyj20040616@gmail.com\"}},\"repository\":{\"id\":1249213794,\"node_id\":\"R_kgDOSnV9Yg\",\"name\":\"codecortex\",\"full_name\":\"jyqj/codecortex\",\"private\":false,\"owner\":{\"login\":\"jyqj\",\"id\":174292474,\"node_id\":\"U_kgDOCmN9-g\",\"avatar_url\":\"https://avatars.githubusercontent.com/u/174292474?v=4\",\"gravatar_id\":\"\",\"url\":\"https://api.github.com/users/jyqj\",\"html_url\":\"https://github.com/jyqj\",\"followers_url\":\"https://api.github.com/users/jyqj/followers\",\"following_url\":\"https://api.github.com/users/jyqj/following{/other_user}\",\"gists_url\":\"https://api.github.com/users/jyqj/gists{/gist_id}\",\"starred_url\":\"https://api.github.com/users/jyqj/starred{/owner}{/repo}\",\"subscriptions_url\":\"https://api.github.com/users/jyqj/subscriptions\",\"organizations_url\":\"https://api.github.com/users/jyqj/orgs\",\"repos_url\":\"https://api.github.com/users/jyqj/repos\",\"events_url\":\"https://api.github.com/users/jyqj/events{/privacy}\",\"received_events_url\":\"https://api.github.com/users/jyqj/received_events\",\"type\":\"User\",\"user_view_type\":\"public\",\"site_admin\":false},\"html_url\":\"https://github.com/jyqj/codecortex\",\"description\":null,\"fork\":false,\"url\":\"https://api.github.com/repos/jyqj/codecortex\",\"forks_url\":\"https://api.github.com/repos/jyqj/codecortex/forks\",\"keys_url\":\"https://api.github.com/repos/jyqj/codecortex/keys{/key_id}\",\"collaborators_url\":\"https://api.github.com/repos/jyqj/codecortex/collaborators{/collaborator}\",\"teams_url\":\"https://api.github.com/repos/jyqj/codecortex/teams\",\"hooks_url\":\"https://api.github.com/repos/jyqj/codecortex/hooks\",\"issue_events_url\":\"https://api.github.com/repos/jyqj/codecortex/issues/events{/number}\",\"events_url\":\"https://api.github.com/repos/jyqj/codecortex/events\",\"assignees_url\":\"https://api.github.com/repos/jyqj/codecortex/assignees{/user}\",\"branches_url\":\"https://api.github.com/repos/jyqj/codecortex/branches{/branch}\",\"tags_url\":\"https://api.github.com/repos/jyqj/codecortex/tags\",\"blobs_url\":\"https://api.github.com/repos/jyqj/codecortex/git/blobs{/sha}\",\"git_tags_url\":\"https://api.github.com/repos/jyqj/codecortex/git/tags{/sha}\",\"git_refs_url\":\"https://api.github.com/repos/jyqj/codecortex/git/refs{/sha}\",\"trees_url\":\"https://api.github.com/repos/jyqj/codecortex/git/trees{/sha}\",\"statuses_url\":\"https://api.github.com/repos/jyqj/codecortex/statuses/{sha}\",\"languages_url\":\"https://api.github.com/repos/jyqj/codecortex/languages\",\"stargazers_url\":\"https://api.github.com/repos/jyqj/codecortex/stargazers\",\"contributors_url\":\"https://api.github.com/repos/jyqj/codecortex/contributors\",\"subscribers_url\":\"https://api.github.com/repos/jyqj/codecortex/subscribers\",\"subscription_url\":\"https://api.github.com/repos/jyqj/codecortex/subscription\",\"commits_url\":\"https://api.github.com/repos/jyqj/codecortex/commits{/sha}\",\"git_commits_url\":\"https://api.github.com/repos/jyqj/codecortex/git/commits{/sha}\",\"comments_url\":\"https://api.github.com/repos/jyqj/codecortex/comments{/number}\",\"issue_comment_url\":\"https://api.github.com/repos/jyqj/codecortex/issues/comments{/number}\",\"contents_url\":\"https://api.github.com/repos/jyqj/codecortex/contents/{+path}\",\"compare_url\":\"https://api.github.com/repos/jyqj/codecortex/compare/{base}...{head}\",\"merges_url\":\"https://api.github.com/repos/jyqj/codecortex/merges\",\"archive_url\":\"https://api.github.com/repos/jyqj/codecortex/{archive_format}{/ref}\",\"downloads_url\":\"https://api.github.com/repos/jyqj/codecortex/downloads\",\"issues_url\":\"https://api.github.com/repos/jyqj/codecortex/issues{/number}\",\"pulls_url\":\"https://api.github.com/repos/jyqj/codecortex/pulls{/number}\",\"milestones_url\":\"https://api.github.com/repos/jyqj/codecortex/milestones{/number}\",\"notifications_url\":\"https://api.github.com/repos/jyqj/codecortex/notifications{?since,all,participating}\",\"labels_url\":\"https://api.github.com/repos/jyqj/codecortex/labels{/name}\",\"releases_url\":\"https://api.github.com/repos/jyqj/codecortex/releases{/id}\",\"deployments_url\":\"https://api.github.com/repos/jyqj/codecortex/deployments\"},\"head_repository\":{\"id\":1249213794,\"node_id\":\"R_kgDOSnV9Yg\",\"name\":\"codecortex\",\"full_name\":\"jyqj/codecortex\",\"private\":false,\"owner\":{\"login\":\"jyqj\",\"id\":174292474,\"node_id\":\"U_kgDOCmN9-g\",\"avatar_url\":\"https://avatars.githubusercontent.com/u/174292474?v=4\",\"gravatar_id\":\"\",\"url\":\"https://api.github.com/users/jyqj\",\"html_url\":\"https://github.com/jyqj\",\"followers_url\":\"https://api.github.com/users/jyqj/followers\",\"following_url\":\"https://api.github.com/users/jyqj/following{/other_user}\",\"gists_url\":\"https://api.github.com/users/jyqj/gists{/gist_id}\",\"starred_url\":\"https://api.github.com/users/jyqj/starred{/owner}{/repo}\",\"subscriptions_url\":\"https://api.github.com/users/jyqj/subscriptions\",\"organizations_url\":\"https://api.github.com/users/jyqj/orgs\",\"repos_url\":\"https://api.github.com/users/jyqj/repos\",\"events_url\":\"https://api.github.com/users/jyqj/events{/privacy}\",\"received_events_url\":\"https://api.github.com/users/jyqj/received_events\",\"type\":\"User\",\"user_view_type\":\"public\",\"site_admin\":false},\"html_url\":\"https://github.com/jyqj/codecortex\",\"description\":null,\"fork\":false,\"url\":\"https://api.github.com/repos/jyqj/codecortex\",\"forks_url\":\"https://api.github.com/repos/jyqj/codecortex/forks\",\"keys_url\":\"https://api.github.com/repos/jyqj/codecortex/keys{/key_id}\",\"collaborators_url\":\"https://api.github.com/repos/jyqj/codecortex/collaborators{/collaborator}\",\"teams_url\":\"https://api.github.com/repos/jyqj/codecortex/teams\",\"hooks_url\":\"https://api.github.com/repos/jyqj/codecortex/hooks\",\"issue_events_url\":\"https://api.github.com/repos/jyqj/codecortex/issues/events{/number}\",\"events_url\":\"https://api.github.com/repos/jyqj/codecortex/events\",\"assignees_url\":\"https://api.github.com/repos/jyqj/codecortex/assignees{/user}\",\"branches_url\":\"https://api.github.com/repos/jyqj/codecortex/branches{/branch}\",\"tags_url\":\"https://api.github.com/repos/jyqj/codecortex/tags\",\"blobs_url\":\"https://api.github.com/repos/jyqj/codecortex/git/blobs{/sha}\",\"git_tags_url\":\"https://api.github.com/repos/jyqj/codecortex/git/tags{/sha}\",\"git_refs_url\":\"https://api.github.com/repos/jyqj/codecortex/git/refs{/sha}\",\"trees_url\":\"https://api.github.com/repos/jyqj/codecortex/git/trees{/sha}\",\"statuses_url\":\"https://api.github.com/repos/jyqj/codecortex/statuses/{sha}\",\"languages_url\":\"https://api.github.com/repos/jyqj/codecortex/languages\",\"stargazers_url\":\"https://api.github.com/repos/jyqj/codecortex/stargazers\",\"contributors_url\":\"https://api.github.com/repos/jyqj/codecortex/contributors\",\"subscribers_url\":\"https://api.github.com/repos/jyqj/codecortex/subscribers\",\"subscription_url\":\"https://api.github.com/repos/jyqj/codecortex/subscription\",\"commits_url\":\"https://api.github.com/repos/jyqj/codecortex/commits{/sha}\",\"git_commits_url\":\"https://api.github.com/repos/jyqj/codecortex/git/commits{/sha}\",\"comments_url\":\"https://api.github.com/repos/jyqj/codecortex/comments{/number}\",\"issue_comment_url\":\"https://api.github.com/repos/jyqj/codecortex/issues/comments{/number}\",\"contents_url\":\"https://api.github.com/repos/jyqj/codecortex/contents/{+path}\",\"compare_url\":\"https://api.github.com/repos/jyqj/codecortex/compare/{base}...{head}\",\"merges_url\":\"https://api.github.com/repos/jyqj/codecortex/merges\",\"archive_url\":\"https://api.github.com/repos/jyqj/codecortex/{archive_format}{/ref}\",\"downloads_url\":\"https://api.github.com/repos/jyqj/codecortex/downloads\",\"issues_url\":\"https://api.github.com/repos/jyqj/codecortex/issues{/number}\",\"pulls_url\":\"https://api.github.com/repos/jyqj/codecortex/pulls{/number}\",\"milestones_url\":\"https://api.github.com/repos/jyqj/codecortex/milestones{/number}\",\"notifications_url\":\"https://api.github.com/repos/jyqj/codecortex/notifications{?since,all,participating}\",\"labels_url\":\"https://api.github.com/repos/jyqj/codecortex/labels{/name}\",\"releases_url\":\"https://api.github.com/repos/jyqj/codecortex/releases{/id}\",\"deployments_url\":\"https://api.github.com/repos/jyqj/codecortex/deployments\"}}"}
2026-10-09T06:23:17.7908037Z P8_TERMINAL_ORIGINAL_JSON {"name": "original-job", "status": 200, "bytes": 2482, "sha256": "66cd42ba7db2be8284c6c223e936923aaee48eb0e898b39f7eea489d295fd2ac", "raw_utf8": "{\"id\":113638100879,\"run_id\":37872522779,\"workflow_name\":\"P8 complete scale measurements\",\"head_branch\":\"task/p8-scale-cache-a217-20261009\",\"run_url\":\"https://api.github.com/repos/jyqj/codecortex/actions/runs/37872522779\",\"run_attempt\":1,\"node_id\":\"CR_kwDOSnV9Ys8AAAAadVvPjw\",\"head_sha\":\"a23bb72d3c954f385b99fe81ce9189885c208557\",\"url\":\"https://api.github.com/repos/jyqj/codecortex/actions/jobs/113638100879\",\"html_url\":\"https://github.com/jyqj/codecortex/actions/runs/37872522779/job/113638100879\",\"status\":\"completed\",\"conclusion\":\"failure\",\"created_at\":\"2026-10-09T02:18:37Z\",\"started_at\":\"2026-10-09T02:23:45Z\",\"completed_at\":\"2026-10-09T06:12:02Z\",\"name\":\"preflight (100000, 0)\",\"steps\":[{\"name\":\"Set up job\",\"status\":\"completed\",\"conclusion\":\"success\",\"number\":1,\"started_at\":\"2026-10-09T02:23:46Z\",\"completed_at\":\"2026-10-09T02:23:47Z\"},{\"name\":\"Run actions/checkout@v4\",\"status\":\"completed\",\"conclusion\":\"success\",\"number\":2,\"started_at\":\"2026-10-09T02:23:47Z\",\"completed_at\":\"2026-10-09T02:23:51Z\"},{\"name\":\"Run dtolnay/rust-toolchain@stable\",\"status\":\"completed\",\"conclusion\":\"success\",\"number\":3,\"started_at\":\"2026-10-09T02:23:51Z\",\"completed_at\":\"2026-10-09T02:23:59Z\"},{\"name\":\"Run actions/download-artifact@v4\",\"status\":\"completed\",\"conclusion\":\"success\",\"number\":4,\"started_at\":\"2026-10-09T02:23:59Z\",\"completed_at\":\"2026-10-09T02:24:00Z\"},{\"name\":\"Observe and prepare the registered capacity on this disposable hosted VM\",\"status\":\"completed\",\"conclusion\":\"success\",\"number\":5,\"started_at\":\"2026-10-09T02:24:00Z\",\"completed_at\":\"2026-10-09T02:24:00Z\"},{\"name\":\"Preserve capacity observations and any unsuccessful preparation\",\"status\":\"completed\",\"conclusion\":\"success\",\"number\":6,\"started_at\":\"2026-10-09T02:24:00Z\",\"completed_at\":\"2026-10-09T02:24:01Z\"},{\"name\":\"Execute all phases for this registered single-repetition capacity slice\",\"status\":\"in_progress\",\"conclusion\":null,\"number\":7,\"started_at\":\"2026-10-09T02:24:01Z\",\"completed_at\":null},{\"name\":\"Preserve original shard including unsuccessful measurements\",\"status\":\"pending\",\"conclusion\":null,\"number\":8,\"started_at\":null,\"completed_at\":null},{\"name\":\"Post Run actions/checkout@v4\",\"status\":\"pending\",\"conclusion\":null,\"number\":16,\"started_at\":null,\"completed_at\":null}],\"check_run_url\":\"https://api.github.com/repos/jyqj/codecortex/check-runs/113638100879\",\"labels\":[\"ubuntu-24.04\"],\"runner_id\":1000004291,\"runner_name\":\"GitHub Actions 1000004291\",\"runner_group_id\":0,\"runner_group_name\":\"GitHub Actions\"}"}
2026-10-09T06:23:17.9972045Z P8_TERMINAL_ORIGINAL_JSON {"name": "original-check", "status": 200, "bytes": 3051, "sha256": "f18aac4ecc5b2f70e0458fc2d374e7bd07d1693937ae2d0a2b0549bd01585b8c", "raw_utf8": "{\"id\":113638100879,\"name\":\"preflight (100000, 0)\",\"node_id\":\"CR_kwDOSnV9Ys8AAAAadVvPjw\",\"head_sha\":\"a23bb72d3c954f385b99fe81ce9189885c208557\",\"external_id\":\"19cfe281-ee1f-5179-a596-b8654a557330\",\"url\":\"https://api.github.com/repos/jyqj/codecortex/check-runs/113638100879\",\"html_url\":\"https://github.com/jyqj/codecortex/actions/runs/37872522779/job/113638100879\",\"details_url\":\"https://github.com/jyqj/codecortex/actions/runs/37872522779/job/113638100879\",\"status\":\"completed\",\"conclusion\":\"failure\",\"started_at\":\"2026-10-09T02:23:45Z\",\"completed_at\":\"2026-10-09T06:12:02Z\",\"output\":{\"title\":null,\"summary\":null,\"text\":null,\"annotations_count\":1,\"annotations_url\":\"https://api.github.com/repos/jyqj/codecortex/check-runs/113638100879/annotations\"},\"check_suite\":{\"id\":102612046684},\"app\":{\"id\":15368,\"client_id\":\"Iv1.05c79e9ad1f6bdfa\",\"slug\":\"github-actions\",\"node_id\":\"MDM6QXBwMTUzNjg=\",\"owner\":{\"login\":\"github\",\"id\":9919,\"node_id\":\"MDEyOk9yZ2FuaXphdGlvbjk5MTk=\",\"avatar_url\":\"https://avatars.githubusercontent.com/u/9919?v=4\",\"gravatar_id\":\"\",\"url\":\"https://api.github.com/users/github\",\"html_url\":\"https://github.com/github\",\"followers_url\":\"https://api.github.com/users/github/followers\",\"following_url\":\"https://api.github.com/users/github/following{/other_user}\",\"gists_url\":\"https://api.github.com/users/github/gists{/gist_id}\",\"starred_url\":\"https://api.github.com/users/github/starred{/owner}{/repo}\",\"subscriptions_url\":\"https://api.github.com/users/github/subscriptions\",\"organizations_url\":\"https://api.github.com/users/github/orgs\",\"repos_url\":\"https://api.github.com/users/github/repos\",\"events_url\":\"https://api.github.com/users/github/events{/privacy}\",\"received_events_url\":\"https://api.github.com/users/github/received_events\",\"type\":\"Organization\",\"user_view_type\":\"public\",\"site_admin\":false},\"name\":\"GitHub Actions\",\"description\":\"Automate your workflow from idea to production\",\"external_url\":\"https://help.github.com/en/actions\",\"html_url\":\"https://github.com/apps/github-actions\",\"created_at\":\"2018-07-30T09:30:17Z\",\"updated_at\":\"2026-06-18T16:17:48Z\",\"permissions\":{\"actions\":\"write\",\"administration\":\"read\",\"artifact_metadata\":\"write\",\"attestations\":\"write\",\"checks\":\"write\",\"code_quality\":\"write\",\"contents\":\"write\",\"copilot_requests\":\"write\",\"deployments\":\"write\",\"discussions\":\"write\",\"drives\":\"write\",\"issues\":\"write\",\"merge_queues\":\"write\",\"metadata\":\"read\",\"models\":\"read\",\"packages\":\"write\",\"pages\":\"write\",\"pull_requests\":\"write\",\"repository_hooks\":\"write\",\"repository_projects\":\"write\",\"security_events\":\"write\",\"statuses\":\"write\",\"vulnerability_alerts\":\"read\"},\"events\":[\"branch_protection_rule\",\"check_run\",\"check_suite\",\"create\",\"delete\",\"deployment\",\"deployment_status\",\"discussion\",\"discussion_comment\",\"fork\",\"gollum\",\"issues\",\"issue_comment\",\"label\",\"merge_group\",\"milestone\",\"page_build\",\"public\",\"pull_request\",\"pull_request_review\",\"pull_request_review_comment\",\"push\",\"registry_package\",\"release\",\"repository\",\"repository_dispatch\",\"status\",\"watch\",\"workflow_dispatch\",\"workflow_run\"]},\"pull_requests\":[]}"}
2026-10-09T06:23:18.1758222Z P8_TERMINAL_ORIGINAL_JSON {"name": "original-annotations", "status": 200, "bytes": 452, "sha256": "bc1ad4395886b208c0d13e493a95e17c657285fdf659c4f8c26021e1add629bc", "raw_utf8": "[{\"path\":\".github\",\"blob_href\":\"https://github.com/jyqj/codecortex/blob/a23bb72d3c954f385b99fe81ce9189885c208557/.github\",\"start_line\":1,\"start_column\":null,\"end_line\":1,\"end_column\":null,\"annotation_level\":\"failure\",\"title\":\"\",\"message\":\"The hosted runner lost communication with the server. Anything in your workflow that terminates the runner process, starves it for CPU/Memory, or blocks its network access can cause this error.\",\"raw_details\":\"\"}]"}
2026-10-09T06:23:18.3626907Z P8_TERMINAL_ORIGINAL_JSON {"name": "original-artifacts", "status": 200, "bytes": 7955, "sha256": "8defbbe2ce5c1653102ed11d19ecc770023cd571ebe4bf5d39e5d9e9bc30288c", "raw_utf8": "{\"total_count\":11,\"artifacts\":[{\"id\":11599136237,\"node_id\":\"MDg6QXJ0aWZhY3QxMTU5OTEzNjIzNw==\",\"name\":\"p8-scale-matrix-37872522779\",\"size_in_bytes\":580,\"url\":\"https://api.github.com/repos/jyqj/codecortex/actions/artifacts/11599136237\",\"archive_download_url\":\"https://api.github.com/repos/jyqj/codecortex/actions/artifacts/11599136237/zip\",\"expired\":false,\"digest\":\"sha256:6585b064492fba4b0f1cd8f10cfeb304ee63fa15851ede907c20a012780902e3\",\"created_at\":\"2026-10-09T06:14:23Z\",\"updated_at\":\"2026-10-09T06:14:23Z\",\"expires_at\":\"2027-01-07T02:00:50Z\",\"workflow_run\":{\"id\":37872522779,\"repository_id\":1249213794,\"head_repository_id\":1249213794,\"head_branch\":\"task/p8-scale-cache-a217-20261009\",\"head_sha\":\"a23bb72d3c954f385b99fe81ce9189885c208557\"}},{\"id\":11593548201,\"node_id\":\"MDg6QXJ0aWZhY3QxMTU5MzU0ODIwMQ==\",\"name\":\"p8-scale-shard-50000-0-37872522779\",\"size_in_bytes\":2964759,\"url\":\"https://api.github.com/repos/jyqj/codecortex/actions/artifacts/11593548201\",\"archive_download_url\":\"https://api.github.com/repos/jyqj/codecortex/actions/artifacts/11593548201/zip\",\"expired\":false,\"digest\":\"sha256:d0163f3421ea9abf3d544edad56a9386aec2db55fef0aa11155e30e10a27b06d\",\"created_at\":\"2026-10-09T03:29:20Z\",\"updated_at\":\"2026-10-09T03:29:20Z\",\"expires_at\":\"2027-01-07T02:00:50Z\",\"workflow_run\":{\"id\":37872522779,\"repository_id\":1249213794,\"head_repository_id\":1249213794,\"head_branch\":\"task/p8-scale-cache-a217-20261009\",\"head_sha\":\"a23bb72d3c954f385b99fe81ce9189885c208557\"}},{\"id\":11592230167,\"node_id\":\"MDg6QXJ0aWZhY3QxMTU5MjIzMDE2Nw==\",\"name\":\"p8-scale-capacity-100000-0-37872522779\",\"size_in_bytes\":786,\"url\":\"https://api.github.com/repos/jyqj/codecortex/actions/artifacts/11592230167\",\"archive_download_url\":\"https://api.github.com/repos/jyqj/codecortex/actions/artifacts/11592230167/zip\",\"expired\":false,\"digest\":\"sha256:91e99d0cc13917232dc9c722ee6f1828919da414ea6d7e5d39f0f610440c7266\",\"created_at\":\"2026-10-09T02:24:01Z\",\"updated_at\":\"2026-10-09T02:24:01Z\",\"expires_at\":\"2027-01-07T02:00:50Z\",\"workflow_run\":{\"id\":37872522779,\"repository_id\":1249213794,\"head_repository_id\":1249213794,\"head_branch\":\"task/p8-scale-cache-a217-20261009\",\"head_sha\":\"a23bb72d3c954f385b99fe81ce9189885c208557\"}},{\"id\":11591807078,\"node_id\":\"MDg6QXJ0aWZhY3QxMTU5MTgwNzA3OA==\",\"name\":\"p8-scale-capacity-1000-0-37872522779\",\"size_in_bytes\":783,\"url\":\"https://api.github.com/repos/jyqj/codecortex/actions/artifacts/11591807078\",\"archive_download_url\":\"https://api.github.com/repos/jyqj/codecortex/actions/artifacts/11591807078/zip\",\"expired\":false,\"digest\":\"sha256:7fff46b5a357b34a81e9d386f1453a1343101eff0055f67457aa2664b273877b\",\"created_at\":\"2026-10-09T02:22:56Z\",\"updated_at\":\"2026-10-09T02:22:56Z\",\"expires_at\":\"2027-01-07T02:00:50Z\",\"workflow_run\":{\"id\":37872522779,\"repository_id\":1249213794,\"head_repository_id\":1249213794,\"head_branch\":\"task/p8-scale-cache-a217-20261009\",\"head_sha\":\"a23bb72d3c954f385b99fe81ce9189885c208557\"}},{\"id\":11591693031,\"node_id\":\"MDg6QXJ0aWZhY3QxMTU5MTY5MzAzMQ==\",\"name\":\"p8-scale-shard-10000-0-37872522779\",\"size_in_bytes\":853798,\"url\":\"https://api.github.com/repos/jyqj/codecortex/actions/artifacts/11591693031\",\"archive_download_url\":\"https://api.github.com/repos/jyqj/codecortex/actions/artifacts/11591693031/zip\",\"expired\":false,\"digest\":\"sha256:d5a73580784d5bb247adf0d0e6d189f45215600df62bc94e4ca88bdf0ab6a444\",\"created_at\":\"2026-10-09T02:27:57Z\",\"updated_at\":\"2026-10-09T02:27:57Z\",\"expires_at\":\"2027-01-07T02:00:50Z\",\"workflow_run\":{\"id\":37872522779,\"repository_id\":1249213794,\"head_repository_id\":1249213794,\"head_branch\":\"task/p8-scale-cache-a217-20261009\",\"head_sha\":\"a23bb72d3c954f385b99fe81ce9189885c208557\"}},{\"id\":11591482043,\"node_id\":\"MDg6QXJ0aWZhY3QxMTU5MTQ4MjA0Mw==\",\"name\":\"p8-scale-build-37872522779\",\"size_in_bytes\":9214568,\"url\":\"https://api.github.com/repos/jyqj/codecortex/actions/artifacts/11591482043\",\"archive_download_url\":\"https://api.github.com/repos/jyqj/codecortex/actions/artifacts/11591482043/zip\",\"expired\":false,\"digest\":\"sha256:d84d66e9048aa2849d037af9df06fcc34423ca7a4e7937f3e79e4d77b441afed\",\"created_at\":\"2026-10-09T02:18:34Z\",\"updated_at\":\"2026-10-09T02:18:34Z\",\"expires_at\":\"2027-01-07T02:00:50Z\",\"workflow_run\":{\"id\":37872522779,\"repository_id\":1249213794,\"head_repository_id\":1249213794,\"head_branch\":\"task/p8-scale-cache-a217-20261009\",\"head_sha\":\"a23bb72d3c954f385b99fe81ce9189885c208557\"}},{\"id\":11591464502,\"node_id\":\"MDg6QXJ0aWZhY3QxMTU5MTQ2NDUwMg==\",\"name\":\"p8-scale-shard-5000-0-37872522779\",\"size_in_bytes\":583603,\"url\":\"https://api.github.com/repos/jyqj/codecortex/actions/artifacts/11591464502\",\"archive_download_url\":\"https://api.github.com/repos/jyqj/codecortex/actions/artifacts/11591464502/zip\",\"expired\":false,\"digest\":\"sha256:cfc34907c79a13ceede8ad7a892af2d0861ddd2b978ba36105ad26fba2da010f\",\"created_at\":\"2026-10-09T02:33:42Z\",\"updated_at\":\"2026-10-09T02:33:42Z\",\"expires_at\":\"2027-01-07T02:00:50Z\",\"workflow_run\":{\"id\":37872522779,\"repository_id\":1249213794,\"head_repository_id\":1249213794,\"head_branch\":\"task/p8-scale-cache-a217-20261009\",\"head_sha\":\"a23bb72d3c954f385b99fe81ce9189885c208557\"}},{\"id\":11591367982,\"node_id\":\"MDg6QXJ0aWZhY3QxMTU5MTM2Nzk4Mg==\",\"name\":\"p8-scale-shard-1000-0-37872522779\",\"size_in_bytes\":952631,\"url\":\"https://api.github.com/repos/jyqj/codecortex/actions/artifacts/11591367982\",\"archive_download_url\":\"https://api.github.com/repos/jyqj/codecortex/actions/artifacts/11591367982/zip\",\"expired\":false,\"digest\":\"sha256:a5eeda7a03131fd0d5cebfd26bbcdfb0ff07db32f303593219665f0aa7d2b5b6\",\"created_at\":\"2026-10-09T02:23:40Z\",\"updated_at\":\"2026-10-09T02:23:40Z\",\"expires_at\":\"2027-01-07T02:00:50Z\",\"workflow_run\":{\"id\":37872522779,\"repository_id\":1249213794,\"head_repository_id\":1249213794,\"head_branch\":\"task/p8-scale-cache-a217-20261009\",\"head_sha\":\"a23bb72d3c954f385b99fe81ce9189885c208557\"}},{\"id\":11591237661,\"node_id\":\"MDg6QXJ0aWZhY3QxMTU5MTIzNzY2MQ==\",\"name\":\"p8-scale-capacity-10000-0-37872522779\",\"size_in_bytes\":783,\"url\":\"https://api.github.com/repos/jyqj/codecortex/actions/artifacts/11591237661\",\"archive_download_url\":\"https://api.github.com/repos/jyqj/codecortex/actions/artifacts/11591237661/zip\",\"expired\":false,\"digest\":\"sha256:86dcdfb7624c6da5a35609600b2653d71d1a51f9cb0c1596e0ab27c05aa60f2b\",\"created_at\":\"2026-10-09T02:19:29Z\",\"updated_at\":\"2026-10-09T02:19:29Z\",\"expires_at\":\"2027-01-07T02:00:50Z\",\"workflow_run\":{\"id\":37872522779,\"repository_id\":1249213794,\"head_repository_id\":1249213794,\"head_branch\":\"task/p8-scale-cache-a217-20261009\",\"head_sha\":\"a23bb72d3c954f385b99fe81ce9189885c208557\"}},{\"id\":11591232618,\"node_id\":\"MDg6QXJ0aWZhY3QxMTU5MTIzMjYxOA==\",\"name\":\"p8-scale-capacity-50000-0-37872522779\",\"size_in_bytes\":784,\"url\":\"https://api.github.com/repos/jyqj/codecortex/actions/artifacts/11591232618\",\"archive_download_url\":\"https://api.github.com/repos/jyqj/codecortex/actions/artifacts/11591232618/zip\",\"expired\":false,\"digest\":\"sha256:58c71192c4fa0ae398f2b9cad462865da64f83ab435a67934c4a6bd33fb83a63\",\"created_at\":\"2026-10-09T02:19:02Z\",\"updated_at\":\"2026-10-09T02:19:02Z\",\"expires_at\":\"2027-01-07T02:00:50Z\",\"workflow_run\":{\"id\":37872522779,\"repository_id\":1249213794,\"head_repository_id\":1249213794,\"head_branch\":\"task/p8-scale-cache-a217-20261009\",\"head_sha\":\"a23bb72d3c954f385b99fe81ce9189885c208557\"}},{\"id\":11591128037,\"node_id\":\"MDg6QXJ0aWZhY3QxMTU5MTEyODAzNw==\",\"name\":\"p8-scale-capacity-5000-0-37872522779\",\"size_in_bytes\":785,\"url\":\"https://api.github.com/repos/jyqj/codecortex/actions/artifacts/11591128037\",\"archive_download_url\":\"https://api.github.com/repos/jyqj/codecortex/actions/artifacts/11591128037/zip\",\"expired\":false,\"digest\":\"sha256:04ffc744eb89e5ef14740947e1e6618e95b29909832677298eb1cf1eb444b392\",\"created_at\":\"2026-10-09T02:30:23Z\",\"updated_at\":\"2026-10-09T02:30:23Z\",\"expires_at\":\"2027-01-07T02:00:50Z\",\"workflow_run\":{\"id\":37872522779,\"repository_id\":1249213794,\"head_repository_id\":1249213794,\"head_branch\":\"task/p8-scale-cache-a217-20261009\",\"head_sha\":\"a23bb72d3c954f385b99fe81ce9189885c208557\"}}]}"}
2026-10-09T06:23:18.6736327Z P8_TERMINAL_ORIGINAL_ZIP {"artifact_id": 11599136237, "bytes": 580, "sha256": "6585b064492fba4b0f1cd8f10cfeb304ee63fa15851ede907c20a012780902e3", "base64": "UEsDBBQACAAIAMsxSV0AAAAAAAAAAAAAAAALAAAAbWF0cml4Lmpzb25VldtKw0AURd/7FUOeLLSQc/Ro7a+IyNBONdCLZKII4r9LqjBrv+0TUvbuYkG+Fyl1ZRwvY7dN3WmodTi/plOexuEr1bc87us2Pd1Y3/erZMtV+o/e4m2Ldy1Gi/ctPrS4afGxReuR0WcoNDQaKg2dhlJDq6HW0Ovodf5P9Dp6Hb2OXkevo9fR69feaEijIY2GNBrSaEijIY2GNBrSaEgDSANIA0gDSANIA0gDSANIA0gDSANIA0gDSANIA0gDSANIA0gDSANIZ7zUlJ5SVJpKVekqZaWt1FV8FWHFWFFWnBVpxVrRVrwVccVcUVfcFXnFXtFX/BWBxWBRmA5TYlpMjekxRabJVJkui8xis+gsPovQYrQoLU6L1GK1aC1ei9hitqgtbovcYrforX73q9TzMB7O45bHHY/gcc/jgceGhywwnSAbTEaYrDCZYbLDZIjJEpMpJltctrjykC0uW1y2uGxx2eKyxWWLPy6fu9X8FX3PtZZ9t02HfKzl+mgsx5JredmVcRoOwy5Pw+U8f2jPl+ll/Dj//bDu3sopz4/fN+u6y8ey/vsArz/t/40pTx91fuOQh2PZd4ufxS9QSwcIyjGEvLwBAAC6BwAAUEsBAi0DFAAIAAgAyzFJXcoxhLy8AQAAugcAAAsAAAAAAAAAAAAgAKSBAAAAAG1hdHJpeC5qc29uUEsFBgAAAAABAAEAOQAAAPUBAAAAAA=="}
2026-10-09T06:23:18.6747831Z P8_TERMINAL_ORIGINAL_JSON {"name": "original-failed-matrix-member", "status": 200, "member": "matrix.json", "bytes": 1978, "sha256": "c14cf58287f4cb49cd942e5b26150ab46156375a19157d17426eb8301d2ae6ea", "raw_utf8": "{\n  \"error\": \"missing matrix shards: [(1000, 1), (1000, 2), (1000, 3), (1000, 4), (1000, 5), (1000, 6), (1000, 7), (1000, 8), (1000, 9), (1000, 10), (1000, 11), (1000, 12), (1000, 13), (1000, 14), (1000, 15), (1000, 16), (1000, 17), (1000, 18), (1000, 19), (1000, 20), (1000, 21), (1000, 22), (1000, 23), (1000, 24), (1000, 25), (1000, 26), (1000, 27), (1000, 28), (1000, 29), (5000, 1), (5000, 2), (5000, 3), (5000, 4), (5000, 5), (5000, 6), (5000, 7), (5000, 8), (5000, 9), (5000, 10), (5000, 11), (5000, 12), (5000, 13), (5000, 14), (5000, 15), (5000, 16), (5000, 17), (5000, 18), (5000, 19), (5000, 20), (5000, 21), (5000, 22), (5000, 23), (5000, 24), (5000, 25), (5000, 26), (5000, 27), (5000, 28), (5000, 29), (10000, 1), (10000, 2), (10000, 3), (10000, 4), (10000, 5), (10000, 6), (10000, 7), (10000, 8), (10000, 9), (10000, 10), (10000, 11), (10000, 12), (10000, 13), (10000, 14), (10000, 15), (10000, 16), (10000, 17), (10000, 18), (10000, 19), (10000, 20), (10000, 21), (10000, 22), (10000, 23), (10000, 24), (10000, 25), (10000, 26), (10000, 27), (10000, 28), (10000, 29), (50000, 1), (50000, 2), (50000, 3), (50000, 4), (50000, 5), (50000, 6), (50000, 7), (50000, 8), (50000, 9), (50000, 10), (50000, 11), (50000, 12), (50000, 13), (50000, 14), (50000, 15), (50000, 16), (50000, 17), (50000, 18), (50000, 19), (50000, 20), (50000, 21), (50000, 22), (50000, 23), (50000, 24), (50000, 25), (50000, 26), (50000, 27), (50000, 28), (50000, 29), (100000, 0), (100000, 1), (100000, 2), (100000, 3), (100000, 4), (100000, 5), (100000, 6), (100000, 7), (100000, 8), (100000, 9), (100000, 10), (100000, 11), (100000, 12), (100000, 13), (100000, 14), (100000, 15), (100000, 16), (100000, 17), (100000, 18), (100000, 19), (100000, 20), (100000, 21), (100000, 22), (100000, 23), (100000, 24), (100000, 25), (100000, 26), (100000, 27), (100000, 28), (100000, 29)]\",\n  \"passed\": false,\n  \"release_certification\": \"not_run\",\n  \"schema\": \"p8-scale-matrix-v1\",\n  \"status\": \"failed\"\n}\n"}
2026-10-09T06:23:18.6763045Z P8_TERMINAL_READBACK_RESULT {"schema": "p8_original_100k_terminal_readback_v1", "started_at_utc": "2026-10-09T06:23:17.341721+00:00", "controller_run_id": "37893190079", "controller_head": "53fbfbdc86faacdcd241f0c619b5110e3aba259d", "controller_run_attempt": "1", "original_run_id": 37872522779, "original_job_id": 113638100879, "original_head": "a23bb72d3c954f385b99fe81ce9189885c208557", "method": "GET only; no checkout, native command, measurement or retry", "requests": [{"name": "original-run", "url": "https://api.github.com/repos/jyqj/codecortex/actions/runs/37872522779", "method": "GET", "started_at_utc": "2026-10-09T06:23:17.360215+00:00", "status": 200, "bytes": 11863, "sha256": "00b06a562e1a0a0611b940727bd10f51cb6c85d2d2df9e0efae082d32714cb4c", "finished_at_utc": "2026-10-09T06:23:17.558105+00:00"}, {"name": "original-job", "url": "https://api.github.com/repos/jyqj/codecortex/actions/jobs/113638100879", "method": "GET", "started_at_utc": "2026-10-09T06:23:17.558814+00:00", "status": 200, "bytes": 2482, "sha256": "66cd42ba7db2be8284c6c223e936923aaee48eb0e898b39f7eea489d295fd2ac", "finished_at_utc": "2026-10-09T06:23:17.786348+00:00"}, {"name": "original-check", "url": "https://api.github.com/repos/jyqj/codecortex/check-runs/113638100879", "method": "GET", "started_at_utc": "2026-10-09T06:23:17.786932+00:00", "status": 200, "bytes": 3051, "sha256": "f18aac4ecc5b2f70e0458fc2d374e7bd07d1693937ae2d0a2b0549bd01585b8c", "finished_at_utc": "2026-10-09T06:23:17.992044+00:00"}, {"name": "original-annotations", "url": "https://api.github.com/repos/jyqj/codecortex/check-runs/113638100879/annotations?per_page=100", "method": "GET", "started_at_utc": "2026-10-09T06:23:17.992667+00:00", "status": 200, "bytes": 452, "sha256": "bc1ad4395886b208c0d13e493a95e17c657285fdf659c4f8c26021e1add629bc", "finished_at_utc": "2026-10-09T06:23:18.174091+00:00"}, {"name": "original-artifacts", "url": "https://api.github.com/repos/jyqj/codecortex/actions/runs/37872522779/artifacts?per_page=100", "method": "GET", "started_at_utc": "2026-10-09T06:23:18.174753+00:00", "status": 200, "bytes": 7955, "sha256": "8defbbe2ce5c1653102ed11d19ecc770023cd571ebe4bf5d39e5d9e9bc30288c", "finished_at_utc": "2026-10-09T06:23:18.353606+00:00"}, {"name": "original-failed-matrix-zip", "artifact_id": 11599136237, "api_url": "https://api.github.com/repos/jyqj/codecortex/actions/artifacts/11599136237/zip", "started_at_utc": "2026-10-09T06:23:18.354210+00:00", "method": "GET", "bytes": 580, "sha256": "6585b064492fba4b0f1cd8f10cfeb304ee63fa15851ede907c20a012780902e3", "finished_at_utc": "2026-10-09T06:23:18.672447+00:00", "authorization_forwarded_to_storage": false}], "passed": true, "original_failed_matrix": {"member": "matrix.json", "bytes": 1978, "sha256": "c14cf58287f4cb49cd942e5b26150ab46156375a19157d17426eb8301d2ae6ea", "status": "failed", "passed": false}, "interpretation": "complete existing metadata readback only; original job conclusion is preserved and no measurement completion is claimed", "finished_at_utc": "2026-10-09T06:23:18.674096+00:00"}
2026-10-09T06:23:18.7028015Z ##[group]Run actions/upload-artifact@v4
2026-10-09T06:23:18.7028443Z with:
2026-10-09T06:23:18.7028789Z   name: p8-original-100k-terminal-37893190079-attempt1
2026-10-09T06:23:18.7029337Z   path: /home/runner/work/_temp/p8-original-100k-terminal-37893190079-attempt1/
2026-10-09T06:23:18.7029828Z   if-no-files-found: error
2026-10-09T06:23:18.7030142Z   retention-days: 90
2026-10-09T06:23:18.7030444Z   compression-level: 6
2026-10-09T06:23:18.7030753Z   overwrite: false
2026-10-09T06:23:18.7031029Z   include-hidden-files: false
2026-10-09T06:23:18.7031335Z ##[endgroup]
2026-10-09T06:23:18.8716671Z (node:2172) [DEP0040] DeprecationWarning: The `punycode` module is deprecated. Please use a userland alternative instead.
2026-10-09T06:23:18.8717954Z (Use `node --trace-deprecation ...` to show where the warning was created)
2026-10-09T06:23:18.8780980Z With the provided path, there will be 8 files uploaded
2026-10-09T06:23:18.8787645Z Artifact name is valid!
2026-10-09T06:23:18.8788535Z Root directory input is valid!
2026-10-09T06:23:19.1691898Z Beginning upload of artifact content to blob storage
2026-10-09T06:23:19.1966435Z (node:2172) [DEP0169] DeprecationWarning: `url.parse()` behavior is not standardized and prone to errors that have security implications. Use the WHATWG URL API instead. CVEs are not issued for `url.parse()` vulnerabilities.
2026-10-09T06:23:19.3235871Z Uploaded bytes 8500
2026-10-09T06:23:19.3582289Z Finished uploading artifact content to blob storage!
2026-10-09T06:23:19.3584089Z SHA256 digest of uploaded artifact zip is e56e0b39244ec5440be427ed8252274ecd88c0c42b299b55828941d366534819
2026-10-09T06:23:19.3585585Z Finalizing artifact upload
2026-10-09T06:23:19.5635343Z Artifact p8-original-100k-terminal-37893190079-attempt1.zip successfully finalized. Artifact ID 11599407006
2026-10-09T06:23:19.5637064Z Artifact p8-original-100k-terminal-37893190079-attempt1 has been successfully uploaded! Final size is 8500 bytes. Artifact ID is 11599407006
2026-10-09T06:23:19.5644601Z Artifact download URL: https://github.com/jyqj/codecortex/actions/runs/37893190079/artifacts/11599407006
2026-10-09T06:23:19.5833039Z Cleaning up orphan processes
2026-10-09T06:23:19.6200243Z ##[warning]Node.js 20 is deprecated. The following actions target Node.js 20 but are being forced to run on Node.js 24: actions/upload-artifact@v4. For more information see: https://github.blog/changelog/2025-09-19-deprecation-of-node-20-on-github-actions-runners/
