2026-10-08T07:57:03.8127047Z Current runner version: '2.337.0'
2026-10-08T07:57:03.8163026Z ##[group]Runner Image Provisioner
2026-10-08T07:57:03.8164425Z Hosted Compute Agent
2026-10-08T07:57:03.8165482Z Version: 20261002.596
2026-10-08T07:57:03.8166513Z Commit: c3d12f3313a95f25162a1503be624f3b0617f8c0
2026-10-08T07:57:03.8167884Z Build Date: 2026-10-02T22:28:27Z
2026-10-08T07:57:03.8169061Z Worker ID: {47b015d8-6513-4922-b9e2-f9572679adae}
2026-10-08T07:57:03.8170264Z Region: eastus2
2026-10-08T07:57:03.8171649Z Cloud: Azure
2026-10-08T07:57:03.8172507Z ##[endgroup]
2026-10-08T07:57:03.8175314Z ##[group]Operating System
2026-10-08T07:57:03.8176522Z Ubuntu
2026-10-08T07:57:03.8177425Z 24.04.5
2026-10-08T07:57:03.8178368Z LTS
2026-10-08T07:57:03.8179173Z ##[endgroup]
2026-10-08T07:57:03.8180243Z ##[group]Runner Image
2026-10-08T07:57:03.8181607Z Image: ubuntu-24.04
2026-10-08T07:57:03.8182524Z Version: 20261004.327.1
2026-10-08T07:57:03.8184699Z Included Software: https://github.com/actions/runner-images/blob/ubuntu24/20261004.327/images/ubuntu/Ubuntu2404-Readme.md
2026-10-08T07:57:03.8187653Z Image Release: https://github.com/actions/runner-images/releases/tag/ubuntu24%2F20261004.327
2026-10-08T07:57:03.8189319Z ##[endgroup]
2026-10-08T07:57:03.8191460Z ##[group]GITHUB_TOKEN Permissions
2026-10-08T07:57:03.8194508Z Contents: read
2026-10-08T07:57:03.8195551Z Metadata: read
2026-10-08T07:57:03.8196506Z ##[endgroup]
2026-10-08T07:57:03.8199553Z Secret source: Actions
2026-10-08T07:57:03.8201503Z Cache mode: write
2026-10-08T07:57:03.8202941Z Prepare workflow directory
2026-10-08T07:57:03.8805738Z Prepare all required actions
2026-10-08T07:57:03.8877076Z Getting action download info
2026-10-08T07:57:04.0891602Z Download action repository 'actions/checkout@v4' (SHA:11d5960a326750d5838078e36cf38b85af677262)
2026-10-08T07:57:04.2044176Z Download action repository 'actions/upload-artifact@v4' (SHA:ea165f8d65b6e75b540449e92b4886f43607fa02)
2026-10-08T07:57:04.4267286Z Complete job name: release-external
2026-10-08T07:57:04.5063877Z ##[group]Run actions/checkout@v4
2026-10-08T07:57:04.5064789Z with:
2026-10-08T07:57:04.5065210Z   path: utility
2026-10-08T07:57:04.5065666Z   persist-credentials: false
2026-10-08T07:57:04.5066181Z   repository: jyqj/codecortex
2026-10-08T07:57:04.5070171Z   token: ***
2026-10-08T07:57:04.5070806Z   ssh-strict: true
2026-10-08T07:57:04.5071241Z   ssh-user: git
2026-10-08T07:57:04.5071655Z   clean: true
2026-10-08T07:57:04.5072090Z   sparse-checkout-cone-mode: true
2026-10-08T07:57:04.5072607Z   fetch-depth: 1
2026-10-08T07:57:04.5073032Z   fetch-tags: false
2026-10-08T07:57:04.5073471Z   show-progress: true
2026-10-08T07:57:04.5073911Z   lfs: false
2026-10-08T07:57:04.5074323Z   submodules: false
2026-10-08T07:57:04.5074762Z   set-safe-directory: true
2026-10-08T07:57:04.5075267Z   allow-unsafe-pr-checkout: false
2026-10-08T07:57:04.5076041Z env:
2026-10-08T07:57:04.5076471Z   PYTHONDONTWRITEBYTECODE: 1
2026-10-08T07:57:04.5077028Z   RUSTUP_TOOLCHAIN: 1.95.0
2026-10-08T07:57:04.5077545Z   CARGO_BUILD_JOBS: 2
2026-10-08T07:57:04.5078118Z   P8_PRODUCT_SOURCE: cc5142e8e3105bd93c1c290503499972da7f364c
2026-10-08T07:57:04.5078756Z ##[endgroup]
2026-10-08T07:57:04.6093356Z Syncing repository: jyqj/codecortex
2026-10-08T07:57:04.6095212Z ##[group]Getting Git version info
2026-10-08T07:57:04.6096022Z Working directory is '/home/runner/work/codecortex/codecortex/utility'
2026-10-08T07:57:04.6097091Z [command]/usr/bin/git version
2026-10-08T07:57:04.6181134Z git version 2.55.0
2026-10-08T07:57:04.6204599Z ##[endgroup]
2026-10-08T07:57:04.6221092Z Temporarily overriding HOME='/home/runner/work/_temp/fab34236-7bbf-463a-83fd-c6216a451e2b' before making global git config changes
2026-10-08T07:57:04.6223537Z Adding repository directory to the temporary git global config as a safe directory
2026-10-08T07:57:04.6227823Z [command]/usr/bin/git config --global --add safe.directory /home/runner/work/codecortex/codecortex/utility
2026-10-08T07:57:04.6277838Z ##[group]Initializing the repository
2026-10-08T07:57:04.6282216Z [command]/usr/bin/git init /home/runner/work/codecortex/codecortex/utility
2026-10-08T07:57:04.6399699Z hint: Using 'master' as the name for the initial branch. This default branch name
2026-10-08T07:57:04.6401616Z hint: will change to "main" in Git 3.0. To configure the initial branch name
2026-10-08T07:57:04.6403016Z hint: to use in all of your new repositories, which will suppress this warning,
2026-10-08T07:57:04.6403798Z hint: call:
2026-10-08T07:57:04.6404198Z hint:
2026-10-08T07:57:04.6404927Z hint: 	git config --global init.defaultBranch <name>
2026-10-08T07:57:04.6405923Z hint:
2026-10-08T07:57:04.6406522Z hint: Names commonly chosen instead of 'master' are 'main', 'trunk' and
2026-10-08T07:57:04.6407439Z hint: 'development'. The just-created branch can be renamed via this command:
2026-10-08T07:57:04.6408179Z hint:
2026-10-08T07:57:04.6408598Z hint: 	git branch -m <name>
2026-10-08T07:57:04.6409068Z hint:
2026-10-08T07:57:04.6409719Z hint: Disable this message with "git config set advice.defaultBranchName false"
2026-10-08T07:57:04.6411535Z Initialized empty Git repository in /home/runner/work/codecortex/codecortex/utility/.git/
2026-10-08T07:57:04.6416347Z [command]/usr/bin/git remote add origin https://github.com/jyqj/codecortex
2026-10-08T07:57:04.6495969Z ##[endgroup]
2026-10-08T07:57:04.6496800Z ##[group]Disabling automatic garbage collection
2026-10-08T07:57:04.6500133Z [command]/usr/bin/git config --local gc.auto 0
2026-10-08T07:57:04.6529821Z ##[endgroup]
2026-10-08T07:57:04.6530824Z ##[group]Setting up auth
2026-10-08T07:57:04.6536814Z [command]/usr/bin/git config --local --name-only --get-regexp core\.sshCommand
2026-10-08T07:57:04.6567842Z [command]/usr/bin/git submodule foreach --recursive sh -c "git config --local --name-only --get-regexp 'core\.sshCommand' && git config --local --unset-all 'core.sshCommand' || :"
2026-10-08T07:57:04.6922810Z [command]/usr/bin/git config --local --name-only --get-regexp http\.https\:\/\/github\.com\/\.extraheader
2026-10-08T07:57:04.6955046Z [command]/usr/bin/git submodule foreach --recursive sh -c "git config --local --name-only --get-regexp 'http\.https\:\/\/github\.com\/\.extraheader' && git config --local --unset-all 'http.https://github.com/.extraheader' || :"
2026-10-08T07:57:04.7184820Z [command]/usr/bin/git config --local --name-only --get-regexp ^includeIf\.gitdir:
2026-10-08T07:57:04.7218670Z [command]/usr/bin/git submodule foreach --recursive git config --local --show-origin --name-only --get-regexp remote.origin.url
2026-10-08T07:57:04.7439539Z [command]/usr/bin/git config --local http.https://github.com/.extraheader AUTHORIZATION: basic ***
2026-10-08T07:57:04.7475980Z ##[endgroup]
2026-10-08T07:57:04.7476988Z ##[group]Fetching the repository
2026-10-08T07:57:04.7485617Z [command]/usr/bin/git -c protocol.version=2 fetch --no-tags --prune --no-recurse-submodules --depth=1 origin +053deff296fb7c0645580a7238a59f1853545db9:refs/remotes/origin/work/p8-release-external-996727-20261008
2026-10-08T07:57:18.8237372Z From https://github.com/jyqj/codecortex
2026-10-08T07:57:18.8258108Z  * [new ref]         053deff296fb7c0645580a7238a59f1853545db9 -> origin/work/p8-release-external-996727-20261008
2026-10-08T07:57:18.8262635Z ##[endgroup]
2026-10-08T07:57:18.8263474Z ##[group]Determining the checkout info
2026-10-08T07:57:18.8264348Z ##[endgroup]
2026-10-08T07:57:18.8264855Z [command]/usr/bin/git sparse-checkout disable
2026-10-08T07:57:18.8312865Z [command]/usr/bin/git config --local --unset-all extensions.worktreeConfig
2026-10-08T07:57:18.8336748Z ##[group]Checking out the ref
2026-10-08T07:57:18.8356284Z [command]/usr/bin/git checkout --progress --force -B work/p8-release-external-996727-20261008 refs/remotes/origin/work/p8-release-external-996727-20261008
2026-10-08T07:57:19.8741078Z Updating files:  75% (11971/15883)
2026-10-08T07:57:19.8848367Z Updating files:  76% (12072/15883)
2026-10-08T07:57:19.9024722Z Updating files:  77% (12230/15883)
2026-10-08T07:57:19.9194246Z Updating files:  78% (12389/15883)
2026-10-08T07:57:19.9327886Z Updating files:  79% (12548/15883)
2026-10-08T07:57:19.9444215Z Updating files:  80% (12707/15883)
2026-10-08T07:57:19.9565209Z Updating files:  81% (12866/15883)
2026-10-08T07:57:19.9735942Z Updating files:  82% (13025/15883)
2026-10-08T07:57:19.9960143Z Updating files:  83% (13183/15883)
2026-10-08T07:57:20.0059885Z Updating files:  84% (13342/15883)
2026-10-08T07:57:20.0134282Z Updating files:  85% (13501/15883)
2026-10-08T07:57:20.0247205Z Updating files:  86% (13660/15883)
2026-10-08T07:57:20.0381003Z Updating files:  87% (13819/15883)
2026-10-08T07:57:20.0591411Z Updating files:  88% (13978/15883)
2026-10-08T07:57:20.4171871Z Updating files:  89% (14136/15883)
2026-10-08T07:57:20.7080915Z Updating files:  90% (14295/15883)
2026-10-08T07:57:20.7212547Z Updating files:  91% (14454/15883)
2026-10-08T07:57:20.7317971Z Updating files:  92% (14613/15883)
2026-10-08T07:57:20.7425904Z Updating files:  93% (14772/15883)
2026-10-08T07:57:20.7559347Z Updating files:  94% (14931/15883)
2026-10-08T07:57:20.7716632Z Updating files:  95% (15089/15883)
2026-10-08T07:57:20.7869822Z Updating files:  96% (15248/15883)
2026-10-08T07:57:20.7988047Z Updating files:  97% (15407/15883)
2026-10-08T07:57:20.8121364Z Updating files:  98% (15566/15883)
2026-10-08T07:57:20.8327924Z Updating files:  99% (15725/15883)
2026-10-08T07:57:20.8329012Z Updating files: 100% (15883/15883)
2026-10-08T07:57:20.8329776Z Updating files: 100% (15883/15883), done.
2026-10-08T07:57:20.8537248Z Switched to a new branch 'work/p8-release-external-996727-20261008'
2026-10-08T07:57:20.8543265Z branch 'work/p8-release-external-996727-20261008' set up to track 'origin/work/p8-release-external-996727-20261008'.
2026-10-08T07:57:20.8642528Z ##[endgroup]
2026-10-08T07:57:20.8692116Z [command]/usr/bin/git log -1 --format=%H
2026-10-08T07:57:20.8717455Z 053deff296fb7c0645580a7238a59f1853545db9
2026-10-08T07:57:20.8740135Z ##[group]Removing auth
2026-10-08T07:57:20.8741070Z [command]/usr/bin/git config --local --name-only --get-regexp core\.sshCommand
2026-10-08T07:57:20.8777360Z [command]/usr/bin/git submodule foreach --recursive sh -c "git config --local --name-only --get-regexp 'core\.sshCommand' && git config --local --unset-all 'core.sshCommand' || :"
2026-10-08T07:57:20.9026298Z [command]/usr/bin/git config --local --name-only --get-regexp http\.https\:\/\/github\.com\/\.extraheader
2026-10-08T07:57:20.9053268Z http.https://github.com/.extraheader
2026-10-08T07:57:20.9061930Z [command]/usr/bin/git config --local --unset-all http.https://github.com/.extraheader
2026-10-08T07:57:20.9095503Z [command]/usr/bin/git submodule foreach --recursive sh -c "git config --local --name-only --get-regexp 'http\.https\:\/\/github\.com\/\.extraheader' && git config --local --unset-all 'http.https://github.com/.extraheader' || :"
2026-10-08T07:57:20.9340353Z [command]/usr/bin/git config --local --name-only --get-regexp ^includeIf\.gitdir:
2026-10-08T07:57:20.9371046Z [command]/usr/bin/git submodule foreach --recursive git config --local --show-origin --name-only --get-regexp remote.origin.url
2026-10-08T07:57:20.9608810Z ##[endgroup]
2026-10-08T07:57:20.9814085Z ##[group]Run echo "P8_RELEASE_OUT=$RUNNER_TEMP/p8-release-external" >> "$GITHUB_ENV"
2026-10-08T07:57:20.9814769Z [36;1mecho "P8_RELEASE_OUT=$RUNNER_TEMP/p8-release-external" >> "$GITHUB_ENV"[0m
2026-10-08T07:57:21.0096262Z shell: /usr/bin/bash --noprofile --norc -e -o pipefail {0}
2026-10-08T07:57:21.0096653Z env:
2026-10-08T07:57:21.0096872Z   PYTHONDONTWRITEBYTECODE: 1
2026-10-08T07:57:21.0097150Z   RUSTUP_TOOLCHAIN: 1.95.0
2026-10-08T07:57:21.0097392Z   CARGO_BUILD_JOBS: 2
2026-10-08T07:57:21.0097685Z   P8_PRODUCT_SOURCE: cc5142e8e3105bd93c1c290503499972da7f364c
2026-10-08T07:57:21.0098057Z ##[endgroup]
2026-10-08T07:57:21.0394303Z ##[group]Run actions/checkout@v4
2026-10-08T07:57:21.0394598Z with:
2026-10-08T07:57:21.0394834Z   ref: cc5142e8e3105bd93c1c290503499972da7f364c
2026-10-08T07:57:21.0395129Z   path: candidate
2026-10-08T07:57:21.0395342Z   fetch-depth: 1
2026-10-08T07:57:21.0395568Z   persist-credentials: false
2026-10-08T07:57:21.0395832Z   repository: jyqj/codecortex
2026-10-08T07:57:21.0398721Z   token: ***
2026-10-08T07:57:21.0398931Z   ssh-strict: true
2026-10-08T07:57:21.0399140Z   ssh-user: git
2026-10-08T07:57:21.0399390Z   clean: true
2026-10-08T07:57:21.0399608Z   sparse-checkout-cone-mode: true
2026-10-08T07:57:21.0399877Z   fetch-tags: false
2026-10-08T07:57:21.0400090Z   show-progress: true
2026-10-08T07:57:21.0400302Z   lfs: false
2026-10-08T07:57:21.0400762Z   submodules: false
2026-10-08T07:57:21.0400983Z   set-safe-directory: true
2026-10-08T07:57:21.0401239Z   allow-unsafe-pr-checkout: false
2026-10-08T07:57:21.0401487Z env:
2026-10-08T07:57:21.0401733Z   PYTHONDONTWRITEBYTECODE: 1
2026-10-08T07:57:21.0401983Z   RUSTUP_TOOLCHAIN: 1.95.0
2026-10-08T07:57:21.0402212Z   CARGO_BUILD_JOBS: 2
2026-10-08T07:57:21.0402493Z   P8_PRODUCT_SOURCE: cc5142e8e3105bd93c1c290503499972da7f364c
2026-10-08T07:57:21.0402899Z   P8_RELEASE_OUT: /home/runner/work/_temp/p8-release-external
2026-10-08T07:57:21.0403224Z ##[endgroup]
2026-10-08T07:57:21.1243460Z Syncing repository: jyqj/codecortex
2026-10-08T07:57:21.1249682Z ##[group]Getting Git version info
2026-10-08T07:57:21.1250612Z Working directory is '/home/runner/work/codecortex/codecortex/candidate'
2026-10-08T07:57:21.1285526Z [command]/usr/bin/git version
2026-10-08T07:57:21.1323238Z git version 2.55.0
2026-10-08T07:57:21.1343864Z ##[endgroup]
2026-10-08T07:57:21.1357109Z Temporarily overriding HOME='/home/runner/work/_temp/10f2453b-7bbb-46d6-9231-5f0ff08d87f0' before making global git config changes
2026-10-08T07:57:21.1358064Z Adding repository directory to the temporary git global config as a safe directory
2026-10-08T07:57:21.1362948Z [command]/usr/bin/git config --global --add safe.directory /home/runner/work/codecortex/codecortex/candidate
2026-10-08T07:57:21.1395145Z ##[group]Initializing the repository
2026-10-08T07:57:21.1399531Z [command]/usr/bin/git init /home/runner/work/codecortex/codecortex/candidate
2026-10-08T07:57:21.1439924Z hint: Using 'master' as the name for the initial branch. This default branch name
2026-10-08T07:57:21.1442130Z hint: will change to "main" in Git 3.0. To configure the initial branch name
2026-10-08T07:57:21.1443366Z hint: to use in all of your new repositories, which will suppress this warning,
2026-10-08T07:57:21.1444494Z hint: call:
2026-10-08T07:57:21.1445252Z hint:
2026-10-08T07:57:21.1446133Z hint: 	git config --global init.defaultBranch <name>
2026-10-08T07:57:21.1446690Z hint:
2026-10-08T07:57:21.1447192Z hint: Names commonly chosen instead of 'master' are 'main', 'trunk' and
2026-10-08T07:57:21.1447741Z hint: 'development'. The just-created branch can be renamed via this command:
2026-10-08T07:57:21.1448255Z hint:
2026-10-08T07:57:21.1448469Z hint: 	git branch -m <name>
2026-10-08T07:57:21.1448703Z hint:
2026-10-08T07:57:21.1449029Z hint: Disable this message with "git config set advice.defaultBranchName false"
2026-10-08T07:57:21.1449646Z Initialized empty Git repository in /home/runner/work/codecortex/codecortex/candidate/.git/
2026-10-08T07:57:21.1454749Z [command]/usr/bin/git remote add origin https://github.com/jyqj/codecortex
2026-10-08T07:57:21.1486144Z ##[endgroup]
2026-10-08T07:57:21.1486608Z ##[group]Disabling automatic garbage collection
2026-10-08T07:57:21.1490057Z [command]/usr/bin/git config --local gc.auto 0
2026-10-08T07:57:21.1518170Z ##[endgroup]
2026-10-08T07:57:21.1518792Z ##[group]Setting up auth
2026-10-08T07:57:21.1524891Z [command]/usr/bin/git config --local --name-only --get-regexp core\.sshCommand
2026-10-08T07:57:21.1556311Z [command]/usr/bin/git submodule foreach --recursive sh -c "git config --local --name-only --get-regexp 'core\.sshCommand' && git config --local --unset-all 'core.sshCommand' || :"
2026-10-08T07:57:21.1780165Z [command]/usr/bin/git config --local --name-only --get-regexp http\.https\:\/\/github\.com\/\.extraheader
2026-10-08T07:57:21.1819805Z [command]/usr/bin/git submodule foreach --recursive sh -c "git config --local --name-only --get-regexp 'http\.https\:\/\/github\.com\/\.extraheader' && git config --local --unset-all 'http.https://github.com/.extraheader' || :"
2026-10-08T07:57:21.2071504Z [command]/usr/bin/git config --local --name-only --get-regexp ^includeIf\.gitdir:
2026-10-08T07:57:21.2108685Z [command]/usr/bin/git submodule foreach --recursive git config --local --show-origin --name-only --get-regexp remote.origin.url
2026-10-08T07:57:21.2371722Z [command]/usr/bin/git config --local http.https://github.com/.extraheader AUTHORIZATION: basic ***
2026-10-08T07:57:21.2408071Z ##[endgroup]
2026-10-08T07:57:21.2408831Z ##[group]Fetching the repository
2026-10-08T07:57:21.2421062Z [command]/usr/bin/git -c protocol.version=2 fetch --no-tags --prune --no-recurse-submodules --depth=1 origin cc5142e8e3105bd93c1c290503499972da7f364c
2026-10-08T07:57:25.4195912Z From https://github.com/jyqj/codecortex
2026-10-08T07:57:25.4196933Z  * branch            cc5142e8e3105bd93c1c290503499972da7f364c -> FETCH_HEAD
2026-10-08T07:57:25.4201497Z ##[endgroup]
2026-10-08T07:57:25.4201945Z ##[group]Determining the checkout info
2026-10-08T07:57:25.4204213Z ##[endgroup]
2026-10-08T07:57:25.4209793Z [command]/usr/bin/git sparse-checkout disable
2026-10-08T07:57:25.4252200Z [command]/usr/bin/git config --local --unset-all extensions.worktreeConfig
2026-10-08T07:57:25.4288396Z ##[group]Checking out the ref
2026-10-08T07:57:25.4293309Z [command]/usr/bin/git checkout --progress --force cc5142e8e3105bd93c1c290503499972da7f364c
2026-10-08T07:57:26.4656346Z Updating files:  75% (11970/15882)
2026-10-08T07:57:26.4761872Z Updating files:  76% (12071/15882)
2026-10-08T07:57:26.4932837Z Updating files:  77% (12230/15882)
2026-10-08T07:57:26.5098603Z Updating files:  78% (12388/15882)
2026-10-08T07:57:26.5230140Z Updating files:  79% (12547/15882)
2026-10-08T07:57:26.5344566Z Updating files:  80% (12706/15882)
2026-10-08T07:57:26.5464354Z Updating files:  81% (12865/15882)
2026-10-08T07:57:26.5633976Z Updating files:  82% (13024/15882)
2026-10-08T07:57:26.5802715Z Updating files:  83% (13183/15882)
2026-10-08T07:57:26.5902115Z Updating files:  84% (13341/15882)
2026-10-08T07:57:26.5977726Z Updating files:  85% (13500/15882)
2026-10-08T07:57:26.6086689Z Updating files:  86% (13659/15882)
2026-10-08T07:57:26.6218894Z Updating files:  87% (13818/15882)
2026-10-08T07:57:26.6431791Z Updating files:  88% (13977/15882)
2026-10-08T07:57:27.0004626Z Updating files:  89% (14135/15882)
2026-10-08T07:57:27.2927521Z Updating files:  90% (14294/15882)
2026-10-08T07:57:27.3057812Z Updating files:  91% (14453/15882)
2026-10-08T07:57:27.3163515Z Updating files:  92% (14612/15882)
2026-10-08T07:57:27.3267533Z Updating files:  93% (14771/15882)
2026-10-08T07:57:27.3401287Z Updating files:  94% (14930/15882)
2026-10-08T07:57:27.3536687Z Updating files:  95% (15088/15882)
2026-10-08T07:57:27.3687570Z Updating files:  96% (15247/15882)
2026-10-08T07:57:27.3802846Z Updating files:  97% (15406/15882)
2026-10-08T07:57:27.3936665Z Updating files:  98% (15565/15882)
2026-10-08T07:57:27.4106882Z Updating files:  99% (15724/15882)
2026-10-08T07:57:27.4107484Z Updating files: 100% (15882/15882)
2026-10-08T07:57:27.4107982Z Updating files: 100% (15882/15882), done.
2026-10-08T07:57:27.4291639Z Note: switching to 'cc5142e8e3105bd93c1c290503499972da7f364c'.
2026-10-08T07:57:27.4292167Z 
2026-10-08T07:57:27.4292511Z You are in 'detached HEAD' state. You can look around, make experimental
2026-10-08T07:57:27.4293341Z changes and commit them, and you can discard any commits you make in this
2026-10-08T07:57:27.4294081Z state without impacting any branches by switching back to a branch.
2026-10-08T07:57:27.4294533Z 
2026-10-08T07:57:27.4294849Z If you want to create a new branch to retain commits you create, you may
2026-10-08T07:57:27.4295909Z do so (now or later) by using -c with the switch command. Example:
2026-10-08T07:57:27.4296348Z 
2026-10-08T07:57:27.4296531Z   git switch -c <new-branch-name>
2026-10-08T07:57:27.4296816Z 
2026-10-08T07:57:27.4296986Z Or undo this operation with:
2026-10-08T07:57:27.4297255Z 
2026-10-08T07:57:27.4297394Z   git switch -
2026-10-08T07:57:27.4297597Z 
2026-10-08T07:57:27.4298302Z Turn off this advice by setting config variable advice.detachedHead to false
2026-10-08T07:57:27.4298833Z 
2026-10-08T07:57:27.4299237Z HEAD is now at cc5142e Bind reviewed P8 candidate to unchanged source approval checks
2026-10-08T07:57:27.4384244Z ##[endgroup]
2026-10-08T07:57:27.4424707Z [command]/usr/bin/git log -1 --format=%H
2026-10-08T07:57:27.4449515Z cc5142e8e3105bd93c1c290503499972da7f364c
2026-10-08T07:57:27.4460100Z ##[group]Removing auth
2026-10-08T07:57:27.4465551Z [command]/usr/bin/git config --local --name-only --get-regexp core\.sshCommand
2026-10-08T07:57:27.4497442Z [command]/usr/bin/git submodule foreach --recursive sh -c "git config --local --name-only --get-regexp 'core\.sshCommand' && git config --local --unset-all 'core.sshCommand' || :"
2026-10-08T07:57:27.4745233Z [command]/usr/bin/git config --local --name-only --get-regexp http\.https\:\/\/github\.com\/\.extraheader
2026-10-08T07:57:27.4769939Z http.https://github.com/.extraheader
2026-10-08T07:57:27.4780169Z [command]/usr/bin/git config --local --unset-all http.https://github.com/.extraheader
2026-10-08T07:57:27.4835295Z [command]/usr/bin/git submodule foreach --recursive sh -c "git config --local --name-only --get-regexp 'http\.https\:\/\/github\.com\/\.extraheader' && git config --local --unset-all 'http.https://github.com/.extraheader' || :"
2026-10-08T07:57:27.5090131Z [command]/usr/bin/git config --local --name-only --get-regexp ^includeIf\.gitdir:
2026-10-08T07:57:27.5124326Z [command]/usr/bin/git submodule foreach --recursive git config --local --show-origin --name-only --get-regexp remote.origin.url
2026-10-08T07:57:27.5363201Z ##[endgroup]
2026-10-08T07:57:27.5489765Z ##[group]Run rustup toolchain install 1.95.0 --profile minimal --component rustfmt
2026-10-08T07:57:27.5490724Z [36;1mrustup toolchain install 1.95.0 --profile minimal --component rustfmt[0m
2026-10-08T07:57:27.5554457Z shell: /usr/bin/bash --noprofile --norc -e -o pipefail {0}
2026-10-08T07:57:27.5554798Z env:
2026-10-08T07:57:27.5555011Z   PYTHONDONTWRITEBYTECODE: 1
2026-10-08T07:57:27.5555287Z   RUSTUP_TOOLCHAIN: 1.95.0
2026-10-08T07:57:27.5555516Z   CARGO_BUILD_JOBS: 2
2026-10-08T07:57:27.5555797Z   P8_PRODUCT_SOURCE: cc5142e8e3105bd93c1c290503499972da7f364c
2026-10-08T07:57:27.5556226Z   P8_RELEASE_OUT: /home/runner/work/_temp/p8-release-external
2026-10-08T07:57:27.5556575Z ##[endgroup]
2026-10-08T07:57:27.6067781Z info: syncing channel updates for 1.95.0-x86_64-unknown-linux-gnu
2026-10-08T07:57:27.7821108Z info: latest update on 2026-04-16 for version 1.95.0 (59807616e 2026-04-14)
2026-10-08T07:57:27.7822435Z info: downloading 4 components
2026-10-08T07:57:35.8883585Z 
2026-10-08T07:57:35.8954519Z   1.95.0-x86_64-unknown-linux-gnu installed - rustc 1.95.0 (59807616e 2026-04-14)
2026-10-08T07:57:35.8955068Z 
2026-10-08T07:57:35.9028098Z ##[group]Run python3 "$GITHUB_WORKSPACE/utility/artifacts/benchmarks/p8-external-recovery-20261008/revision-2/run_release_external.py" \
2026-10-08T07:57:35.9029176Z [36;1mpython3 "$GITHUB_WORKSPACE/utility/artifacts/benchmarks/p8-external-recovery-20261008/revision-2/run_release_external.py" \[0m
2026-10-08T07:57:35.9030017Z [36;1m  --source-root "$GITHUB_WORKSPACE/candidate" --expected-source "$P8_PRODUCT_SOURCE" \[0m
2026-10-08T07:57:35.9030993Z [36;1m  --output-root "$P8_RELEASE_OUT"[0m
2026-10-08T07:57:35.9092405Z shell: /usr/bin/bash --noprofile --norc -e -o pipefail {0}
2026-10-08T07:57:35.9092757Z env:
2026-10-08T07:57:35.9092989Z   PYTHONDONTWRITEBYTECODE: 1
2026-10-08T07:57:35.9093260Z   RUSTUP_TOOLCHAIN: 1.95.0
2026-10-08T07:57:35.9093492Z   CARGO_BUILD_JOBS: 2
2026-10-08T07:57:35.9093778Z   P8_PRODUCT_SOURCE: cc5142e8e3105bd93c1c290503499972da7f364c
2026-10-08T07:57:35.9094193Z   P8_RELEASE_OUT: /home/runner/work/_temp/p8-release-external
2026-10-08T07:57:35.9094563Z ##[endgroup]
2026-10-08T07:57:38.9583563Z {"step": "rustfmt-check", "process_exit_code": 0, "timed_out": false}
2026-10-08T07:57:39.5240799Z {"step": "wrapper", "process_exit_code": 0, "timed_out": false}
2026-10-08T07:57:39.6389898Z {"step": "profile", "process_exit_code": 0, "timed_out": false}
2026-10-08T08:01:33.8696771Z {"step": "build-product", "process_exit_code": 0, "timed_out": false}
2026-10-08T08:05:12.9942007Z {"step": "build-runner", "process_exit_code": 0, "timed_out": false}
2026-10-08T08:06:43.8018681Z {"step": "scanner", "process_exit_code": 0, "timed_out": false}
2026-10-08T08:09:31.9031824Z {"step": "watcher", "process_exit_code": 0, "timed_out": false}
2026-10-08T08:11:37.4968354Z {"step": "readiness-unit", "process_exit_code": 0, "timed_out": false}
2026-10-08T08:16:12.2895171Z {"step": "readiness-real", "process_exit_code": 0, "timed_out": false}
2026-10-08T08:16:16.7909323Z {"step": "package-candidate", "process_exit_code": 0, "timed_out": false}
2026-10-08T08:19:11.7811632Z {"step": "external-revision2", "process_exit_code": 1, "timed_out": false}
2026-10-08T08:19:11.8634260Z {"status": "external_measured_gate_failed", "exit_code": 1, "public_output": "/home/runner/work/_temp/p8-release-external/public", "P8_003_done": false}
2026-10-08T08:19:11.8708334Z ##[error]Process completed with exit code 1.
2026-10-08T08:19:11.8762057Z ##[group]Run python3 - <<'PY'
2026-10-08T08:19:11.8762404Z [36;1mpython3 - <<'PY'[0m
2026-10-08T08:19:11.8762660Z [36;1mimport json, os, pathlib[0m
2026-10-08T08:19:11.8763028Z [36;1mroot = pathlib.Path(os.environ["P8_RELEASE_OUT"]) / "public"[0m
2026-10-08T08:19:11.8763666Z [36;1mfor relative in ("driver-result.json", "external/result.json", "candidate-package/package-receipt.json"):[0m
2026-10-08T08:19:11.8764212Z [36;1m    path = root / relative[0m
2026-10-08T08:19:11.8764478Z [36;1m    if path.is_file():[0m
2026-10-08T08:19:11.8764764Z [36;1m        value = json.loads(path.read_bytes())[0m
2026-10-08T08:19:11.8765093Z [36;1m        selected = {k: value[k] for k in ([0m
2026-10-08T08:19:11.8765556Z [36;1m            "status", "phase", "exit_code", "ranking", "run_exit_codes", "actual_external_result",[0m
2026-10-08T08:19:11.8766146Z [36;1m            "exception", "reason", "source", "manifest", "archive", "release_certified")[0m
2026-10-08T08:19:11.8766611Z [36;1m            if k in value}[0m
2026-10-08T08:19:11.8766970Z [36;1m        print(relative + ": " + json.dumps(selected, sort_keys=True))[0m
2026-10-08T08:19:11.8767326Z [36;1mPY[0m
2026-10-08T08:19:11.8827159Z shell: /usr/bin/bash --noprofile --norc -e -o pipefail {0}
2026-10-08T08:19:11.8827507Z env:
2026-10-08T08:19:11.8827713Z   PYTHONDONTWRITEBYTECODE: 1
2026-10-08T08:19:11.8827978Z   RUSTUP_TOOLCHAIN: 1.95.0
2026-10-08T08:19:11.8828212Z   CARGO_BUILD_JOBS: 2
2026-10-08T08:19:11.8828500Z   P8_PRODUCT_SOURCE: cc5142e8e3105bd93c1c290503499972da7f364c
2026-10-08T08:19:11.8828925Z   P8_RELEASE_OUT: /home/runner/work/_temp/p8-release-external
2026-10-08T08:19:11.8829259Z ##[endgroup]
2026-10-08T08:19:11.9200040Z driver-result.json: {"actual_external_result": {"exit_code": 1, "measurement_observations": {"cc-switch": {"compat": {"attempted": true, "effective_exit_codes": [1], "observed_measured_rows": 300, "original_gate": {"exit_code": 1, "reasons": ["Q02 Partial", "Q42 Partial", "Q96 Partial", "Q58 Partial", "Q28 Partial", "Q54 Partial", "Q91 Partial", "Q13 Partial", "Q82 Partial", "Q10 Partial", "Q86 Partial", "Q26 Partial", "Q49 Partial", "Q64 Partial", "Q89 Partial", "Q32 Partial", "Q15 Partial", "Q92 Partial", "Q43 Partial", "Q47 Partial", "Q03 Partial", "Q57 Partial", "Q73 Partial", "Q66 Partial", "Q48 Partial", "Q37 Partial", "Q72 Partial", "Q14 Partial", "Q18 Partial", "Q94 Partial", "Q23 Partial", "Q61 Partial", "Q95 Partial", "Q04 Partial", "Q51 Partial", "Q93 Partial", "Q90 Partial", "Q41 Partial", "Q30 Partial", "Q65 Partial", "Q84 Partial", "Q05 Partial", "Q12 Partial", "Q25 Partial", "Q71 Partial", "Q11 Partial", "Q01 Partial", "Q59 Partial", "Q40 Partial", "Q81 Partial", "Q50 Partial", "Q09 Partial", "Q44 Partial", "Q21 Partial", "Q19 Partial", "Q31 Partial", "Q27 Partial", "Q17 Partial", "Q78 Partial", "Q46 Partial", "Q20 Partial", "Q38 Partial", "Q45 Partial", "Q22 Partial", "Q24 Partial", "Q53 Partial", "Q67 Partial", "Q34 Partial", "Q52 Partial", "Q88 Partial", "Q55 Partial", "Q63 Partial", "Q69 Partial", "Q36 Partial", "Q97 Partial", "Q56 Partial", "Q16 Partial", "Q80 Partial", "Q100 Partial", "Q62 Partial", "Q08 Partial", "Q39 Partial", "Q98 Partial", "Q85 Partial", "Q35 Partial", "Q76 Partial", "Q70 Partial", "Q60 Partial", "Q33 Partial", "Q77 Partial", "Q29 Partial", "Q99 Partial", "Q83 Partial", "Q75 Partial", "Q87 Partial", "Q06 Partial", "Q07 Partial", "Q74 Partial", "Q68 Partial", "Q79 Partial", "Q91 Partial", "Q87 Partial", "Q31 Partial", "Q12 Partial", "Q16 Partial", "Q71 Partial", "Q07 Partial", "Q29 Partial", "Q67 Partial", "Q42 Partial", "Q03 Partial", "Q81 Partial", "Q02 Partial", "Q04 Partial", "Q38 Partial", "Q21 Partial", "Q48 Partial", "Q19 Partial", "Q23 Partial", "Q01 Partial", "Q80 Partial", "Q14 Partial", "Q59 Partial", "Q32 Partial", "Q33 Partial", "Q51 Partial", "Q47 Partial", "Q74 Partial", "Q65 Partial", "Q18 Partial", "Q13 Partial", "Q44 Partial", "Q61 Partial", "Q10 Partial", "Q22 Partial", "Q35 Partial", "Q83 Partial", "Q46 Partial", "Q63 Partial", "Q66 Partial", "Q95 Partial", "Q15 Partial", "Q92 Partial", "Q37 Partial", "Q17 Partial", "Q82 Partial", "Q49 Partial", "Q43 Partial", "Q93 Partial", "Q20 Partial", "Q56 Partial", "Q72 Partial", "Q05 Partial", "Q09 Partial", "Q99 Partial", "Q90 Partial", "Q79 Partial", "Q96 Partial", "Q70 Partial", "Q60 Partial", "Q77 Partial", "Q11 Partial", "Q69 Partial", "Q84 Partial", "Q30 Partial", "Q28 Partial", "Q98 Partial", "Q58 Partial", "Q75 Partial", "Q76 Partial", "Q100 Partial", "Q97 Partial", "Q41 Partial", "Q25 Partial", "Q55 Partial", "Q85 Partial", "Q24 Partial", "Q34 Partial", "Q94 Partial", "Q27 Partial", "Q86 Partial", "Q88 Partial", "Q89 Partial", "Q36 Partial", "Q73 Partial", "Q54 Partial", "Q39 Partial", "Q64 Partial", "Q68 Partial", "Q08 Partial", "Q52 Partial", "Q45 Partial", "Q26 Partial", "Q06 Partial", "Q78 Partial", "Q40 Partial", "Q62 Partial", "Q53 Partial", "Q57 Partial", "Q50 Partial", "Q81 Partial", "Q45 Partial", "Q47 Partial", "Q35 Partial", "Q58 Partial", "Q14 Partial", "Q38 Partial", "Q39 Partial", "Q68 Partial", "Q48 Partial", "Q65 Partial", "Q06 Partial", "Q69 Partial", "Q92 Partial", "Q11 Partial", "Q73 Partial", "Q26 Partial", "Q78 Partial", "Q61 Partial", "Q80 Partial", "Q93 Partial", "Q02 Partial", "Q70 Partial", "Q56 Partial", "Q18 Partial", "Q09 Partial", "Q98 Partial", "Q71 Partial", "Q15 Partial", "Q72 Partial", "Q49 Partial", "Q46 Partial", "Q53 Partial", "Q51 Partial", "Q75 Partial", "Q19 Partial", "Q62 Partial", "Q04 Partial", "Q25 Partial", "Q36 Partial", "Q55 Partial", "Q43 Partial", "Q66 Partial", "Q10 Partial", "Q31 Partial", "Q44 Partial", "Q87 Partial", "Q79 Partial", "Q13 Partial", "Q94 Partial", "Q29 Partial", "Q88 Partial", "Q12 Partial", "Q100 Partial", "Q17 Partial", "Q96 Partial", "Q90 Partial", "Q33 Partial", "Q89 Partial", "Q01 Partial", "Q60 Partial", "Q85 Partial", "Q91 Partial", "Q50 Partial", "Q28 Partial", "Q24 Partial", "Q82 Partial", "Q42 Partial", "Q22 Partial", "Q07 Partial", "Q67 Partial", "Q08 Partial", "Q41 Partial", "Q74 Partial", "Q52 Partial", "Q97 Partial", "Q05 Partial", "Q83 Partial", "Q57 Partial", "Q59 Partial", "Q84 Partial", "Q23 Partial", "Q86 Partial", "Q63 Partial", "Q30 Partial", "Q76 Partial", "Q16 Partial", "Q34 Partial", "Q99 Partial", "Q40 Partial", "Q21 Partial", "Q20 Partial", "Q64 Partial", "Q77 Partial", "Q27 Partial", "Q03 Partial", "Q95 Partial", "Q54 Partial", "Q32 Partial", "Q37 Partial"], "status": "gate_failed"}, "process_exit_codes": [1], "replay_log_present": true, "status": "verified_complete", "verified_complete_by_original_wrapper": true}, "native": {"attempted": true, "effective_exit_codes": [1], "observed_measured_rows": 300, "original_gate": {"exit_code": 1, "reasons": ["Q02 Partial", "Q42 Partial", "Q96 Partial", "Q58 Partial", "Q28 Partial", "Q54 Partial", "Q91 Partial", "Q13 Partial", "Q82 Partial", "Q10 Partial", "Q86 Partial", "Q26 Partial", "Q49 Partial", "Q64 Partial", "Q89 Partial", "Q32 Partial", "Q15 Partial", "Q92 Partial", "Q43 Partial", "Q47 Partial", "Q03 Partial", "Q57 Partial", "Q73 Partial", "Q66 Partial", "Q48 Partial", "Q37 Partial", "Q72 Partial", "Q14 Partial", "Q18 Partial", "Q94 Partial", "Q23 Partial", "Q61 Partial", "Q95 Partial", "Q04 Partial", "Q51 Partial", "Q93 Partial", "Q90 Partial", "Q41 Partial", "Q30 Partial", "Q65 Partial", "Q84 Partial", "Q05 Partial", "Q12 Partial", "Q25 Partial", "Q71 Partial", "Q11 Partial", "Q01 Partial", "Q59 Partial", "Q40 Partial", "Q81 Partial", "Q50 Partial", "Q09 Partial", "Q44 Partial", "Q21 Partial", "Q19 Partial", "Q31 Partial", "Q27 Partial", "Q17 Partial", "Q78 Partial", "Q46 Partial", "Q20 Partial", "Q38 Partial", "Q45 Partial", "Q22 Partial", "Q24 Partial", "Q53 Partial", "Q67 Partial", "Q34 Partial", "Q52 Partial", "Q88 Partial", "Q55 Partial", "Q63 Partial", "Q69 Partial", "Q36 Partial", "Q97 Partial", "Q56 Partial", "Q16 Partial", "Q80 Partial", "Q100 Partial", "Q62 Partial", "Q08 Partial", "Q39 Partial", "Q98 Partial", "Q85 Partial", "Q35 Partial", "Q76 Partial", "Q70 Partial", "Q60 Partial", "Q33 Partial", "Q77 Partial", "Q29 Partial", "Q99 Partial", "Q83 Partial", "Q75 Partial", "Q87 Partial", "Q06 Partial", "Q07 Partial", "Q74 Partial", "Q68 Partial", "Q79 Partial", "Q91 Partial", "Q87 Partial", "Q31 Partial", "Q12 Partial", "Q16 Partial", "Q71 Partial", "Q07 Partial", "Q29 Partial", "Q67 Partial", "Q42 Partial", "Q03 Partial", "Q81 Partial", "Q02 Partial", "Q04 Partial", "Q38 Partial", "Q21 Partial", "Q48 Partial", "Q19 Partial", "Q23 Partial", "Q01 Partial", "Q80 Partial", "Q14 Partial", "Q59 Partial", "Q32 Partial", "Q33 Partial", "Q51 Partial", "Q47 Partial", "Q74 Partial", "Q65 Partial", "Q18 Partial", "Q13 Partial", "Q44 Partial", "Q61 Partial", "Q10 Partial", "Q22 Partial", "Q35 Partial", "Q83 Partial", "Q46 Partial", "Q63 Partial", "Q66 Partial", "Q95 Partial", "Q15 Partial", "Q92 Partial", "Q37 Partial", "Q17 Partial", "Q82 Partial", "Q49 Partial", "Q43 Partial", "Q93 Partial", "Q20 Partial", "Q56 Partial", "Q72 Partial", "Q05 Partial", "Q09 Partial", "Q99 Partial", "Q90 Partial", "Q79 Partial", "Q96 Partial", "Q70 Partial", "Q60 Partial", "Q77 Partial", "Q11 Partial", "Q69 Partial", "Q84 Partial", "Q30 Partial", "Q28 Partial", "Q98 Partial", "Q58 Partial", "Q75 Partial", "Q76 Partial", "Q100 Partial", "Q97 Partial", "Q41 Partial", "Q25 Partial", "Q55 Partial", "Q85 Partial", "Q24 Partial", "Q34 Partial", "Q94 Partial", "Q27 Partial", "Q86 Partial", "Q88 Partial", "Q89 Partial", "Q36 Partial", "Q73 Partial", "Q54 Partial", "Q39 Partial", "Q64 Partial", "Q68 Partial", "Q08 Partial", "Q52 Partial", "Q45 Partial", "Q26 Partial", "Q06 Partial", "Q78 Partial", "Q40 Partial", "Q62 Partial", "Q53 Partial", "Q57 Partial", "Q50 Partial", "Q81 Partial", "Q45 Partial", "Q47 Partial", "Q35 Partial", "Q58 Partial", "Q14 Partial", "Q38 Partial", "Q39 Partial", "Q68 Partial", "Q48 Partial", "Q65 Partial", "Q06 Partial", "Q69 Partial", "Q92 Partial", "Q11 Partial", "Q73 Partial", "Q26 Partial", "Q78 Partial", "Q61 Partial", "Q80 Partial", "Q93 Partial", "Q02 Partial", "Q70 Partial", "Q56 Partial", "Q18 Partial", "Q09 Partial", "Q98 Partial", "Q71 Partial", "Q15 Partial", "Q72 Partial", "Q49 Partial", "Q46 Partial", "Q53 Partial", "Q51 Partial", "Q75 Partial", "Q19 Partial", "Q62 Partial", "Q04 Partial", "Q25 Partial", "Q36 Partial", "Q55 Partial", "Q43 Partial", "Q66 Partial", "Q10 Partial", "Q31 Partial", "Q44 Partial", "Q87 Partial", "Q79 Partial", "Q13 Partial", "Q94 Partial", "Q29 Partial", "Q88 Partial", "Q12 Partial", "Q100 Partial", "Q17 Partial", "Q96 Partial", "Q90 Partial", "Q33 Partial", "Q89 Partial", "Q01 Partial", "Q60 Partial", "Q85 Partial", "Q91 Partial", "Q50 Partial", "Q28 Partial", "Q24 Partial", "Q82 Partial", "Q42 Partial", "Q22 Partial", "Q07 Partial", "Q67 Partial", "Q08 Partial", "Q41 Partial", "Q74 Partial", "Q52 Partial", "Q97 Partial", "Q05 Partial", "Q83 Partial", "Q57 Partial", "Q59 Partial", "Q84 Partial", "Q23 Partial", "Q86 Partial", "Q63 Partial", "Q30 Partial", "Q76 Partial", "Q16 Partial", "Q34 Partial", "Q99 Partial", "Q40 Partial", "Q21 Partial", "Q20 Partial", "Q64 Partial", "Q77 Partial", "Q27 Partial", "Q03 Partial", "Q95 Partial", "Q54 Partial", "Q32 Partial", "Q37 Partial"], "status": "gate_failed"}, "process_exit_codes": [1], "replay_log_present": true, "status": "verified_complete", "verified_complete_by_original_wrapper": true}}, "flask": {"compat": {"attempted": true, "effective_exit_codes": [1], "observed_measured_rows": 300, "original_gate": {"exit_code": 1, "reasons": ["Q02 Partial", "Q42 Partial", "Q96 Partial", "Q58 Partial", "Q28 Partial", "Q54 Partial", "Q91 Partial", "Q82 Partial", "Q86 Partial", "Q26 Partial", "Q49 Partial", "Q64 Partial", "Q89 Partial", "Q32 Partial", "Q15 Partial", "Q92 Partial", "Q43 Partial", "Q47 Partial", "Q03 Partial", "Q73 Partial", "Q66 Partial", "Q48 Partial", "Q37 Partial", "Q72 Partial", "Q14 Partial", "Q18 Partial", "Q23 Partial", "Q04 Partial", "Q51 Partial", "Q93 Partial", "Q90 Partial", "Q41 Partial", "Q30 Partial", "Q65 Partial", "Q84 Partial", "Q05 Partial", "Q12 Partial", "Q25 Partial", "Q71 Partial", "Q11 Partial", "Q01 Partial", "Q59 Partial", "Q40 Partial", "Q81 Partial", "Q50 Partial", "Q09 Partial", "Q44 Partial", "Q21 Partial", "Q19 Partial", "Q31 Partial", "Q27 Partial", "Q17 Partial", "Q78 Partial", "Q46 Partial", "Q20 Partial", "Q38 Partial", "Q45 Partial", "Q22 Partial", "Q24 Partial", "Q53 Partial", "Q67 Partial", "Q34 Partial", "Q88 Partial", "Q55 Partial", "Q63 Partial", "Q69 Partial", "Q36 Partial", "Q56 Partial", "Q16 Partial", "Q80 Partial", "Q100 Partial", "Q62 Partial", "Q08 Partial", "Q39 Partial", "Q98 Partial", "Q35 Partial", "Q76 Partial", "Q70 Partial", "Q60 Partial", "Q33 Partial", "Q29 Partial", "Q99 Partial", "Q83 Partial", "Q75 Partial", "Q87 Partial", "Q06 Partial", "Q07 Partial", "Q74 Partial", "Q68 Partial", "Q79 Partial", "Q91 Partial", "Q87 Partial", "Q31 Partial", "Q12 Partial", "Q16 Partial", "Q71 Partial", "Q07 Partial", "Q29 Partial", "Q67 Partial", "Q42 Partial", "Q03 Partial", "Q81 Partial", "Q02 Partial", "Q04 Partial", "Q38 Partial", "Q21 Partial", "Q48 Partial", "Q19 Partial", "Q23 Partial", "Q01 Partial", "Q80 Partial", "Q14 Partial", "Q59 Partial", "Q32 Partial", "Q33 Partial", "Q51 Partial", "Q47 Partial", "Q74 Partial", "Q65 Partial", "Q18 Partial", "Q44 Partial", "Q22 Partial", "Q35 Partial", "Q83 Partial", "Q46 Partial", "Q63 Partial", "Q66 Partial", "Q15 Partial", "Q92 Partial", "Q37 Partial", "Q17 Partial", "Q82 Partial", "Q49 Partial", "Q43 Partial", "Q93 Partial", "Q20 Partial", "Q56 Partial", "Q72 Partial", "Q05 Partial", "Q09 Partial", "Q99 Partial", "Q90 Partial", "Q79 Partial", "Q96 Partial", "Q70 Partial", "Q60 Partial", "Q11 Partial", "Q69 Partial", "Q84 Partial", "Q30 Partial", "Q28 Partial", "Q98 Partial", "Q58 Partial", "Q75 Partial", "Q76 Partial", "Q100 Partial", "Q41 Partial", "Q25 Partial", "Q55 Partial", "Q24 Partial", "Q34 Partial", "Q27 Partial", "Q86 Partial", "Q88 Partial", "Q89 Partial", "Q36 Partial", "Q73 Partial", "Q54 Partial", "Q39 Partial", "Q64 Partial", "Q68 Partial", "Q08 Partial", "Q45 Partial", "Q26 Partial", "Q06 Partial", "Q78 Partial", "Q40 Partial", "Q62 Partial", "Q53 Partial", "Q50 Partial", "Q81 Partial", "Q45 Partial", "Q47 Partial", "Q35 Partial", "Q58 Partial", "Q14 Partial", "Q38 Partial", "Q39 Partial", "Q68 Partial", "Q48 Partial", "Q65 Partial", "Q06 Partial", "Q69 Partial", "Q92 Partial", "Q11 Partial", "Q73 Partial", "Q26 Partial", "Q78 Partial", "Q80 Partial", "Q93 Partial", "Q02 Partial", "Q70 Partial", "Q56 Partial", "Q18 Partial", "Q09 Partial", "Q98 Partial", "Q71 Partial", "Q15 Partial", "Q72 Partial", "Q49 Partial", "Q46 Partial", "Q53 Partial", "Q51 Partial", "Q75 Partial", "Q19 Partial", "Q62 Partial", "Q04 Partial", "Q25 Partial", "Q36 Partial", "Q55 Partial", "Q43 Partial", "Q66 Partial", "Q31 Partial", "Q44 Partial", "Q87 Partial", "Q79 Partial", "Q29 Partial", "Q88 Partial", "Q12 Partial", "Q100 Partial", "Q17 Partial", "Q96 Partial", "Q90 Partial", "Q33 Partial", "Q89 Partial", "Q01 Partial", "Q60 Partial", "Q91 Partial", "Q50 Partial", "Q28 Partial", "Q24 Partial", "Q82 Partial", "Q42 Partial", "Q22 Partial", "Q07 Partial", "Q67 Partial", "Q08 Partial", "Q41 Partial", "Q74 Partial", "Q05 Partial", "Q83 Partial", "Q59 Partial", "Q84 Partial", "Q23 Partial", "Q86 Partial", "Q63 Partial", "Q30 Partial", "Q76 Partial", "Q16 Partial", "Q34 Partial", "Q99 Partial", "Q40 Partial", "Q21 Partial", "Q20 Partial", "Q64 Partial", "Q27 Partial", "Q03 Partial", "Q54 Partial", "Q32 Partial", "Q37 Partial"], "status": "gate_failed"}, "process_exit_codes": [1], "replay_log_present": true, "status": "verified_complete", "verified_complete_by_original_wrapper": true}, "native": {"attempted": true, "effective_exit_codes": [1], "observed_measured_rows": 300, "original_gate": {"exit_code": 1, "reasons": ["Q02 Partial", "Q42 Partial", "Q96 Partial", "Q58 Partial", "Q28 Partial", "Q54 Partial", "Q91 Partial", "Q82 Partial", "Q86 Partial", "Q26 Partial", "Q49 Partial", "Q64 Partial", "Q89 Partial", "Q32 Partial", "Q15 Partial", "Q92 Partial", "Q43 Partial", "Q47 Partial", "Q03 Partial", "Q73 Partial", "Q66 Partial", "Q48 Partial", "Q37 Partial", "Q72 Partial", "Q14 Partial", "Q18 Partial", "Q23 Partial", "Q04 Partial", "Q51 Partial", "Q93 Partial", "Q90 Partial", "Q41 Partial", "Q30 Partial", "Q65 Partial", "Q84 Partial", "Q05 Partial", "Q12 Partial", "Q25 Partial", "Q71 Partial", "Q11 Partial", "Q01 Partial", "Q59 Partial", "Q40 Partial", "Q81 Partial", "Q50 Partial", "Q09 Partial", "Q44 Partial", "Q21 Partial", "Q19 Partial", "Q31 Partial", "Q27 Partial", "Q17 Partial", "Q78 Partial", "Q46 Partial", "Q20 Partial", "Q38 Partial", "Q45 Partial", "Q22 Partial", "Q24 Partial", "Q53 Partial", "Q67 Partial", "Q34 Partial", "Q88 Partial", "Q55 Partial", "Q63 Partial", "Q69 Partial", "Q36 Partial", "Q56 Partial", "Q16 Partial", "Q80 Partial", "Q100 Partial", "Q62 Partial", "Q08 Partial", "Q39 Partial", "Q98 Partial", "Q35 Partial", "Q76 Partial", "Q70 Partial", "Q60 Partial", "Q33 Partial", "Q29 Partial", "Q99 Partial", "Q83 Partial", "Q75 Partial", "Q87 Partial", "Q06 Partial", "Q07 Partial", "Q74 Partial", "Q68 Partial", "Q79 Partial", "Q91 Partial", "Q87 Partial", "Q31 Partial", "Q12 Partial", "Q16 Partial", "Q71 Partial", "Q07 Partial", "Q29 Partial", "Q67 Partial", "Q42 Partial", "Q03 Partial", "Q81 Partial", "Q02 Partial", "Q04 Partial", "Q38 Partial", "Q21 Partial", "Q48 Partial", "Q19 Partial", "Q23 Partial", "Q01 Partial", "Q80 Partial", "Q14 Partial", "Q59 Partial", "Q32 Partial", "Q33 Partial", "Q51 Partial", "Q47 Partial", "Q74 Partial", "Q65 Partial", "Q18 Partial", "Q44 Partial", "Q22 Partial", "Q35 Partial", "Q83 Partial", "Q46 Partial", "Q63 Partial", "Q66 Partial", "Q15 Partial", "Q92 Partial", "Q37 Partial", "Q17 Partial", "Q82 Partial", "Q49 Partial", "Q43 Partial", "Q93 Partial", "Q20 Partial", "Q56 Partial", "Q72 Partial", "Q05 Partial", "Q09 Partial", "Q99 Partial", "Q90 Partial", "Q79 Partial", "Q96 Partial", "Q70 Partial", "Q60 Partial", "Q11 Partial", "Q69 Partial", "Q84 Partial", "Q30 Partial", "Q28 Partial", "Q98 Partial", "Q58 Partial", "Q75 Partial", "Q76 Partial", "Q100 Partial", "Q41 Partial", "Q25 Partial", "Q55 Partial", "Q24 Partial", "Q34 Partial", "Q27 Partial", "Q86 Partial", "Q88 Partial", "Q89 Partial", "Q36 Partial", "Q73 Partial", "Q54 Partial", "Q39 Partial", "Q64 Partial", "Q68 Partial", "Q08 Partial", "Q45 Partial", "Q26 Partial", "Q06 Partial", "Q78 Partial", "Q40 Partial", "Q62 Partial", "Q53 Partial", "Q50 Partial", "Q81 Partial", "Q45 Partial", "Q47 Partial", "Q35 Partial", "Q58 Partial", "Q14 Partial", "Q38 Partial", "Q39 Partial", "Q68 Partial", "Q48 Partial", "Q65 Partial", "Q06 Partial", "Q69 Partial", "Q92 Partial", "Q11 Partial", "Q73 Partial", "Q26 Partial", "Q78 Partial", "Q80 Partial", "Q93 Partial", "Q02 Partial", "Q70 Partial", "Q56 Partial", "Q18 Partial", "Q09 Partial", "Q98 Partial", "Q71 Partial", "Q15 Partial", "Q72 Partial", "Q49 Partial", "Q46 Partial", "Q53 Partial", "Q51 Partial", "Q75 Partial", "Q19 Partial", "Q62 Partial", "Q04 Partial", "Q25 Partial", "Q36 Partial", "Q55 Partial", "Q43 Partial", "Q66 Partial", "Q31 Partial", "Q44 Partial", "Q87 Partial", "Q79 Partial", "Q29 Partial", "Q88 Partial", "Q12 Partial", "Q100 Partial", "Q17 Partial", "Q96 Partial", "Q90 Partial", "Q33 Partial", "Q89 Partial", "Q01 Partial", "Q60 Partial", "Q91 Partial", "Q50 Partial", "Q28 Partial", "Q24 Partial", "Q82 Partial", "Q42 Partial", "Q22 Partial", "Q07 Partial", "Q67 Partial", "Q08 Partial", "Q41 Partial", "Q74 Partial", "Q05 Partial", "Q83 Partial", "Q59 Partial", "Q84 Partial", "Q23 Partial", "Q86 Partial", "Q63 Partial", "Q30 Partial", "Q76 Partial", "Q16 Partial", "Q34 Partial", "Q99 Partial", "Q40 Partial", "Q21 Partial", "Q20 Partial", "Q64 Partial", "Q27 Partial", "Q03 Partial", "Q54 Partial", "Q32 Partial", "Q37 Partial"], "status": "gate_failed"}, "process_exit_codes": [1], "replay_log_present": true, "status": "verified_complete", "verified_complete_by_original_wrapper": true}}}, "phase": "measured_gate_failed", "ranking": {"attempted_profiles": 4, "not_run_profiles": 0, "observed_measured_rows": 1200, "scope": "Observed raw/command evidence only; planned requests are never counted.", "verified_complete_profiles": 4}, "raw_package": "same-run lossless restoration verified; not original raw ZIP", "run_exit_codes": [1, 1]}, "exit_code": 1, "ranking": {"attempted_profiles": 4, "not_run_profiles": 0, "observed_measured_rows": 1200, "scope": "Observed raw/command evidence only; planned requests are never counted.", "verified_complete_profiles": 4}, "release_certified": false, "status": "external_measured_gate_failed"}
2026-10-08T08:19:11.9256468Z external/result.json: {"exit_code": 1, "phase": "measured_gate_failed", "ranking": {"attempted_profiles": 4, "not_run_profiles": 0, "observed_measured_rows": 1200, "scope": "Observed raw/command evidence only; planned requests are never counted.", "verified_complete_profiles": 4}, "release_certified": false, "run_exit_codes": [1, 1], "source": "cc5142e8e3105bd93c1c290503499972da7f364c"}
2026-10-08T08:19:11.9259909Z candidate-package/package-receipt.json: {"archive": {"bytes": 18795327, "kind": "fresh_local_actual_build_bundle", "repository": "jyqj/codecortex", "sha256": "16f8ab17a1fb4ce0c41934dac9e8e36f5cddd9b367dbabb94185319181c188d0"}, "manifest": {"bytes": 11015, "sha256": "2e22968c5b42d77ce560bc7ebd0056470f8cb9d6690268a5958c92262e4c87a3"}, "ranking": "not_run", "release_certified": false, "source": {"input_count": 1035, "manifest_sha256": "06e80bba47600dd2d1b77b90580b3b46af5a6421fe67cfad8bf8b978d25ef305", "source_commit": "cc5142e8e3105bd93c1c290503499972da7f364c", "source_tree": "39af3f258d3baaf9f8e8a77ba195c1924178464e"}, "status": "fresh_candidate_packaged"}
2026-10-08T08:19:11.9342291Z ##[group]Run actions/upload-artifact@v4
2026-10-08T08:19:11.9342679Z with:
2026-10-08T08:19:11.9342911Z   name: p8-fresh-release-external-revision2
2026-10-08T08:19:11.9343278Z   path: /home/runner/work/_temp/p8-release-external/public
2026-10-08T08:19:11.9343630Z   include-hidden-files: true
2026-10-08T08:19:11.9343884Z   if-no-files-found: error
2026-10-08T08:19:11.9344117Z   compression-level: 6
2026-10-08T08:19:11.9344335Z   overwrite: false
2026-10-08T08:19:11.9344536Z env:
2026-10-08T08:19:11.9344744Z   PYTHONDONTWRITEBYTECODE: 1
2026-10-08T08:19:11.9344986Z   RUSTUP_TOOLCHAIN: 1.95.0
2026-10-08T08:19:11.9345210Z   CARGO_BUILD_JOBS: 2
2026-10-08T08:19:11.9345483Z   P8_PRODUCT_SOURCE: cc5142e8e3105bd93c1c290503499972da7f364c
2026-10-08T08:19:11.9345876Z   P8_RELEASE_OUT: /home/runner/work/_temp/p8-release-external
2026-10-08T08:19:11.9346199Z ##[endgroup]
2026-10-08T08:19:12.0980183Z (node:17132) [DEP0040] DeprecationWarning: The `punycode` module is deprecated. Please use a userland alternative instead.
2026-10-08T08:19:12.0981233Z (Use `node --trace-deprecation ...` to show where the warning was created)
2026-10-08T08:19:12.3684675Z With the provided path, there will be 1682 files uploaded
2026-10-08T08:19:12.3690010Z Artifact name is valid!
2026-10-08T08:19:12.3690555Z Root directory input is valid!
2026-10-08T08:19:12.5803678Z Beginning upload of artifact content to blob storage
2026-10-08T08:19:12.9154427Z (node:17132) [DEP0169] DeprecationWarning: `url.parse()` behavior is not standardized and prone to errors that have security implications. Use the WHATWG URL API instead. CVEs are not issued for `url.parse()` vulnerabilities.
2026-10-08T08:19:13.1677917Z Uploaded bytes 8388608
2026-10-08T08:19:13.3627247Z Uploaded bytes 16777216
2026-10-08T08:19:14.2582410Z Uploaded bytes 25165824
2026-10-08T08:19:14.7625859Z Uploaded bytes 29737336
2026-10-08T08:19:14.7838314Z Finished uploading artifact content to blob storage!
2026-10-08T08:19:14.7842598Z SHA256 digest of uploaded artifact zip is d3f5924e3c1b02a03fb13d513e361faefcde5894ea341a70709198f48899bfff
2026-10-08T08:19:14.7845061Z Finalizing artifact upload
2026-10-08T08:19:14.9977877Z Artifact p8-fresh-release-external-revision2.zip successfully finalized. Artifact ID 11536828205
2026-10-08T08:19:14.9979477Z Artifact p8-fresh-release-external-revision2 has been successfully uploaded! Final size is 29737336 bytes. Artifact ID is 11536828205
2026-10-08T08:19:14.9986544Z Artifact download URL: https://github.com/jyqj/codecortex/actions/runs/37746625347/artifacts/11536828205
2026-10-08T08:19:15.0279951Z Post job cleanup.
2026-10-08T08:19:15.1121538Z [command]/usr/bin/git version
2026-10-08T08:19:15.1157162Z git version 2.55.0
2026-10-08T08:19:15.1197126Z Temporarily overriding HOME='/home/runner/work/_temp/0a9007e1-e783-4c4e-ad1e-8d19353d9ee5' before making global git config changes
2026-10-08T08:19:15.1198867Z Adding repository directory to the temporary git global config as a safe directory
2026-10-08T08:19:15.1203538Z [command]/usr/bin/git config --global --add safe.directory /home/runner/work/codecortex/codecortex/candidate
2026-10-08T08:19:15.1239300Z [command]/usr/bin/git config --local --name-only --get-regexp core\.sshCommand
2026-10-08T08:19:15.1270381Z [command]/usr/bin/git submodule foreach --recursive sh -c "git config --local --name-only --get-regexp 'core\.sshCommand' && git config --local --unset-all 'core.sshCommand' || :"
2026-10-08T08:19:15.1507181Z [command]/usr/bin/git config --local --name-only --get-regexp http\.https\:\/\/github\.com\/\.extraheader
2026-10-08T08:19:15.1540221Z [command]/usr/bin/git submodule foreach --recursive sh -c "git config --local --name-only --get-regexp 'http\.https\:\/\/github\.com\/\.extraheader' && git config --local --unset-all 'http.https://github.com/.extraheader' || :"
2026-10-08T08:19:15.1778829Z [command]/usr/bin/git config --local --name-only --get-regexp ^includeIf\.gitdir:
2026-10-08T08:19:15.1809481Z [command]/usr/bin/git submodule foreach --recursive git config --local --show-origin --name-only --get-regexp remote.origin.url
2026-10-08T08:19:15.2186685Z Post job cleanup.
2026-10-08T08:19:15.3043600Z [command]/usr/bin/git version
2026-10-08T08:19:15.3080915Z git version 2.55.0
2026-10-08T08:19:15.3117783Z Temporarily overriding HOME='/home/runner/work/_temp/973ecbd2-4648-43b5-b82e-234c41c61eee' before making global git config changes
2026-10-08T08:19:15.3118750Z Adding repository directory to the temporary git global config as a safe directory
2026-10-08T08:19:15.3124034Z [command]/usr/bin/git config --global --add safe.directory /home/runner/work/codecortex/codecortex/utility
2026-10-08T08:19:15.3159070Z [command]/usr/bin/git config --local --name-only --get-regexp core\.sshCommand
2026-10-08T08:19:15.3194477Z [command]/usr/bin/git submodule foreach --recursive sh -c "git config --local --name-only --get-regexp 'core\.sshCommand' && git config --local --unset-all 'core.sshCommand' || :"
2026-10-08T08:19:15.3464875Z [command]/usr/bin/git config --local --name-only --get-regexp http\.https\:\/\/github\.com\/\.extraheader
2026-10-08T08:19:15.3501032Z [command]/usr/bin/git submodule foreach --recursive sh -c "git config --local --name-only --get-regexp 'http\.https\:\/\/github\.com\/\.extraheader' && git config --local --unset-all 'http.https://github.com/.extraheader' || :"
2026-10-08T08:19:15.3746040Z [command]/usr/bin/git config --local --name-only --get-regexp ^includeIf\.gitdir:
2026-10-08T08:19:15.3809981Z [command]/usr/bin/git submodule foreach --recursive git config --local --show-origin --name-only --get-regexp remote.origin.url
2026-10-08T08:19:15.4197645Z Cleaning up orphan processes
2026-10-08T08:19:15.4424587Z ##[warning]Node.js 20 is deprecated. The following actions target Node.js 20 but are being forced to run on Node.js 24: actions/checkout@v4, actions/upload-artifact@v4. For more information see: https://github.blog/changelog/2025-09-19-deprecation-of-node-20-on-github-actions-runners/
