2026-10-09T04:16:54.9584358Z Current runner version: '2.337.0'
2026-10-09T04:16:54.9603500Z ##[group]Runner Image Provisioner
2026-10-09T04:16:54.9604206Z Hosted Compute Agent
2026-10-09T04:16:54.9604733Z Version: 20261002.596
2026-10-09T04:16:54.9605281Z Commit: c3d12f3313a95f25162a1503be624f3b0617f8c0
2026-10-09T04:16:54.9605859Z Build Date: 2026-10-02T22:28:27Z
2026-10-09T04:16:54.9606673Z Worker ID: {64f99f11-c237-43a7-afed-3c6202796635}
2026-10-09T04:16:54.9607335Z Region: centralus
2026-10-09T04:16:54.9607868Z Cloud: Azure
2026-10-09T04:16:54.9608327Z ##[endgroup]
2026-10-09T04:16:54.9609518Z ##[group]Operating System
2026-10-09T04:16:54.9610008Z Ubuntu
2026-10-09T04:16:54.9610436Z 24.04.5
2026-10-09T04:16:54.9610895Z LTS
2026-10-09T04:16:54.9611341Z ##[endgroup]
2026-10-09T04:16:54.9611769Z ##[group]Runner Image
2026-10-09T04:16:54.9612595Z Image: ubuntu-24.04
2026-10-09T04:16:54.9613195Z Version: 20261004.327.1
2026-10-09T04:16:54.9614208Z Included Software: https://github.com/actions/runner-images/blob/ubuntu24/20261004.327/images/ubuntu/Ubuntu2404-Readme.md
2026-10-09T04:16:54.9615430Z Image Release: https://github.com/actions/runner-images/releases/tag/ubuntu24%2F20261004.327
2026-10-09T04:16:54.9616160Z ##[endgroup]
2026-10-09T04:16:54.9617463Z ##[group]GITHUB_TOKEN Permissions
2026-10-09T04:16:54.9619293Z Contents: read
2026-10-09T04:16:54.9619752Z Metadata: read
2026-10-09T04:16:54.9620193Z Packages: read
2026-10-09T04:16:54.9620633Z ##[endgroup]
2026-10-09T04:16:54.9622255Z Secret source: Actions
2026-10-09T04:16:54.9623041Z Cache mode: write
2026-10-09T04:16:54.9623561Z Prepare workflow directory
2026-10-09T04:16:54.9930550Z Prepare all required actions
2026-10-09T04:16:54.9970248Z Getting action download info
2026-10-09T04:16:55.2268098Z Download action repository 'actions/checkout@v4' (SHA:11d5960a326750d5838078e36cf38b85af677262)
2026-10-09T04:16:55.3020995Z Download action repository 'rustsec/audit-check@v2.0.0' (SHA:69366f33c96575abad1ee0dba8212993eecbe998)
2026-10-09T04:16:55.7322345Z Complete job name: security
2026-10-09T04:16:55.7868604Z ##[group]Run actions/checkout@v4
2026-10-09T04:16:55.7869264Z with:
2026-10-09T04:16:55.7869670Z   repository: jyqj/codecortex
2026-10-09T04:16:55.7873016Z   token: ***
2026-10-09T04:16:55.7873450Z   ssh-strict: true
2026-10-09T04:16:55.7873887Z   ssh-user: git
2026-10-09T04:16:55.7874311Z   persist-credentials: true
2026-10-09T04:16:55.7874766Z   clean: true
2026-10-09T04:16:55.7875224Z   sparse-checkout-cone-mode: true
2026-10-09T04:16:55.7875770Z   fetch-depth: 1
2026-10-09T04:16:55.7876175Z   fetch-tags: false
2026-10-09T04:16:55.7876872Z   show-progress: true
2026-10-09T04:16:55.7877287Z   lfs: false
2026-10-09T04:16:55.7877712Z   submodules: false
2026-10-09T04:16:55.7878160Z   set-safe-directory: true
2026-10-09T04:16:55.7878641Z   allow-unsafe-pr-checkout: false
2026-10-09T04:16:55.7879269Z env:
2026-10-09T04:16:55.7879667Z   CARGO_TERM_COLOR: always
2026-10-09T04:16:55.7880152Z   RUSTFLAGS: -D warnings
2026-10-09T04:16:55.7880603Z ##[endgroup]
2026-10-09T04:16:55.8679243Z Syncing repository: jyqj/codecortex
2026-10-09T04:16:55.8680993Z ##[group]Getting Git version info
2026-10-09T04:16:55.8681736Z Working directory is '/home/runner/work/codecortex/codecortex'
2026-10-09T04:16:55.8682717Z [command]/usr/bin/git version
2026-10-09T04:16:55.8741373Z git version 2.55.0
2026-10-09T04:16:55.8755540Z ##[endgroup]
2026-10-09T04:16:55.8765954Z Temporarily overriding HOME='/home/runner/work/_temp/ae54a999-e3ad-4f84-bcd3-5bb487654c24' before making global git config changes
2026-10-09T04:16:55.8767350Z Adding repository directory to the temporary git global config as a safe directory
2026-10-09T04:16:55.8771018Z [command]/usr/bin/git config --global --add safe.directory /home/runner/work/codecortex/codecortex
2026-10-09T04:16:55.8814006Z Deleting the contents of '/home/runner/work/codecortex/codecortex'
2026-10-09T04:16:55.8819406Z ##[group]Initializing the repository
2026-10-09T04:16:55.8822577Z [command]/usr/bin/git init /home/runner/work/codecortex/codecortex
2026-10-09T04:16:55.8909636Z hint: Using 'master' as the name for the initial branch. This default branch name
2026-10-09T04:16:55.8911240Z hint: will change to "main" in Git 3.0. To configure the initial branch name
2026-10-09T04:16:55.8912552Z hint: to use in all of your new repositories, which will suppress this warning,
2026-10-09T04:16:55.8913286Z hint: call:
2026-10-09T04:16:55.8914008Z hint:
2026-10-09T04:16:55.8914627Z hint: 	git config --global init.defaultBranch <name>
2026-10-09T04:16:55.8915192Z hint:
2026-10-09T04:16:55.8915737Z hint: Names commonly chosen instead of 'master' are 'main', 'trunk' and
2026-10-09T04:16:55.8916934Z hint: 'development'. The just-created branch can be renamed via this command:
2026-10-09T04:16:55.8917661Z hint:
2026-10-09T04:16:55.8918148Z hint: 	git branch -m <name>
2026-10-09T04:16:55.8918650Z hint:
2026-10-09T04:16:55.8919477Z hint: Disable this message with "git config set advice.defaultBranchName false"
2026-10-09T04:16:55.8920526Z Initialized empty Git repository in /home/runner/work/codecortex/codecortex/.git/
2026-10-09T04:16:55.8922090Z [command]/usr/bin/git remote add origin https://github.com/jyqj/codecortex
2026-10-09T04:16:55.8960161Z ##[endgroup]
2026-10-09T04:16:55.8960858Z ##[group]Disabling automatic garbage collection
2026-10-09T04:16:55.8962641Z [command]/usr/bin/git config --local gc.auto 0
2026-10-09T04:16:55.8986243Z ##[endgroup]
2026-10-09T04:16:55.8987164Z ##[group]Setting up auth
2026-10-09T04:16:55.8990881Z [command]/usr/bin/git config --local --name-only --get-regexp core\.sshCommand
2026-10-09T04:16:55.9013266Z [command]/usr/bin/git submodule foreach --recursive sh -c "git config --local --name-only --get-regexp 'core\.sshCommand' && git config --local --unset-all 'core.sshCommand' || :"
2026-10-09T04:16:55.9287171Z [command]/usr/bin/git config --local --name-only --get-regexp http\.https\:\/\/github\.com\/\.extraheader
2026-10-09T04:16:55.9313203Z [command]/usr/bin/git submodule foreach --recursive sh -c "git config --local --name-only --get-regexp 'http\.https\:\/\/github\.com\/\.extraheader' && git config --local --unset-all 'http.https://github.com/.extraheader' || :"
2026-10-09T04:16:55.9496974Z [command]/usr/bin/git config --local --name-only --get-regexp ^includeIf\.gitdir:
2026-10-09T04:16:55.9518680Z [command]/usr/bin/git submodule foreach --recursive git config --local --show-origin --name-only --get-regexp remote.origin.url
2026-10-09T04:16:55.9671134Z [command]/usr/bin/git config --local http.https://github.com/.extraheader AUTHORIZATION: basic ***
2026-10-09T04:16:55.9704705Z ##[endgroup]
2026-10-09T04:16:55.9705599Z ##[group]Fetching the repository
2026-10-09T04:16:55.9712274Z [command]/usr/bin/git -c protocol.version=2 fetch --no-tags --prune --no-recurse-submodules --depth=1 origin +b21cce4c8661589267ad5719f850accbec088d2f:refs/remotes/origin/main
2026-10-09T04:17:15.9725284Z From https://github.com/jyqj/codecortex
2026-10-09T04:17:15.9726330Z  * [new ref]         b21cce4c8661589267ad5719f850accbec088d2f -> origin/main
2026-10-09T04:17:15.9729176Z ##[endgroup]
2026-10-09T04:17:15.9729850Z ##[group]Determining the checkout info
2026-10-09T04:17:15.9732177Z ##[endgroup]
2026-10-09T04:17:15.9737718Z [command]/usr/bin/git sparse-checkout disable
2026-10-09T04:17:15.9781219Z [command]/usr/bin/git config --local --unset-all extensions.worktreeConfig
2026-10-09T04:17:15.9805647Z ##[group]Checking out the ref
2026-10-09T04:17:15.9815908Z [command]/usr/bin/git checkout --progress --force -B main refs/remotes/origin/main
2026-10-09T04:17:17.0141315Z Updating files:  54% (12212/22491)
2026-10-09T04:17:17.0193931Z Updating files:  55% (12371/22491)
2026-10-09T04:17:17.0302350Z Updating files:  56% (12595/22491)
2026-10-09T04:17:17.0458347Z Updating files:  57% (12820/22491)
2026-10-09T04:17:17.0549822Z Updating files:  58% (13045/22491)
2026-10-09T04:17:17.0623024Z Updating files:  59% (13270/22491)
2026-10-09T04:17:17.0693025Z Updating files:  60% (13495/22491)
2026-10-09T04:17:17.0744448Z Updating files:  61% (13720/22491)
2026-10-09T04:17:17.0796499Z Updating files:  62% (13945/22491)
2026-10-09T04:17:17.0847711Z Updating files:  63% (14170/22491)
2026-10-09T04:17:17.0892657Z Updating files:  64% (14395/22491)
2026-10-09T04:17:17.0938106Z Updating files:  65% (14620/22491)
2026-10-09T04:17:17.0979683Z Updating files:  66% (14845/22491)
2026-10-09T04:17:17.1033708Z Updating files:  67% (15069/22491)
2026-10-09T04:17:17.1130563Z Updating files:  68% (15294/22491)
2026-10-09T04:17:17.1253583Z Updating files:  69% (15519/22491)
2026-10-09T04:17:17.1681624Z Updating files:  70% (15744/22491)
2026-10-09T04:17:17.1926247Z Updating files:  71% (15969/22491)
2026-10-09T04:17:17.2538079Z Updating files:  72% (16194/22491)
2026-10-09T04:17:17.3122815Z Updating files:  73% (16419/22491)
2026-10-09T04:17:17.5967310Z Updating files:  74% (16644/22491)
2026-10-09T04:17:17.6281413Z Updating files:  75% (16869/22491)
2026-10-09T04:17:17.6455389Z Updating files:  76% (17094/22491)
2026-10-09T04:17:17.6675058Z Updating files:  77% (17319/22491)
2026-10-09T04:17:17.6854026Z Updating files:  78% (17543/22491)
2026-10-09T04:17:17.7103111Z Updating files:  79% (17768/22491)
2026-10-09T04:17:17.7265688Z Updating files:  80% (17993/22491)
2026-10-09T04:17:17.7371323Z Updating files:  81% (18218/22491)
2026-10-09T04:17:17.7497396Z Updating files:  82% (18443/22491)
2026-10-09T04:17:17.8306591Z Updating files:  83% (18668/22491)
2026-10-09T04:17:17.9079221Z Updating files:  84% (18893/22491)
2026-10-09T04:17:17.9820239Z Updating files:  85% (19118/22491)
2026-10-09T04:17:18.0038427Z Updating files:  86% (19343/22491)
2026-10-09T04:17:18.1475632Z Updating files:  86% (19383/22491)
2026-10-09T04:17:18.1685794Z Updating files:  87% (19568/22491)
2026-10-09T04:17:18.1787780Z Updating files:  88% (19793/22491)
2026-10-09T04:17:18.1839893Z Updating files:  89% (20017/22491)
2026-10-09T04:17:18.1992721Z Updating files:  90% (20242/22491)
2026-10-09T04:17:18.2282757Z Updating files:  91% (20467/22491)
2026-10-09T04:17:19.0077311Z Updating files:  92% (20692/22491)
2026-10-09T04:17:19.0131017Z Updating files:  92% (20854/22491)
2026-10-09T04:17:19.0288576Z Updating files:  93% (20917/22491)
2026-10-09T04:17:19.0382936Z Updating files:  94% (21142/22491)
2026-10-09T04:17:19.0505248Z Updating files:  95% (21367/22491)
2026-10-09T04:17:19.0629537Z Updating files:  96% (21592/22491)
2026-10-09T04:17:19.0769069Z Updating files:  97% (21817/22491)
2026-10-09T04:17:19.0879453Z Updating files:  98% (22042/22491)
2026-10-09T04:17:19.1070599Z Updating files:  99% (22267/22491)
2026-10-09T04:17:19.1071326Z Updating files: 100% (22491/22491)
2026-10-09T04:17:19.1071719Z Updating files: 100% (22491/22491), done.
2026-10-09T04:17:19.1305727Z Switched to a new branch 'main'
2026-10-09T04:17:19.1309496Z branch 'main' set up to track 'origin/main'.
2026-10-09T04:17:19.1391360Z ##[endgroup]
2026-10-09T04:17:19.1442870Z [command]/usr/bin/git log -1 --format=%H
2026-10-09T04:17:19.1466939Z b21cce4c8661589267ad5719f850accbec088d2f
2026-10-09T04:17:19.1654063Z ##[group]Run rustsec/audit-check@v2.0.0
2026-10-09T04:17:19.1654408Z with:
2026-10-09T04:17:19.1657166Z   token: ***
2026-10-09T04:17:19.1657437Z   working-directory: .
2026-10-09T04:17:19.1657714Z env:
2026-10-09T04:17:19.1657959Z   CARGO_TERM_COLOR: always
2026-10-09T04:17:19.1658260Z   RUSTFLAGS: -D warnings
2026-10-09T04:17:19.1658539Z ##[endgroup]
2026-10-09T04:17:19.2832063Z cargo-audit is not installed, installing it now
2026-10-09T04:17:19.2834947Z ##[group]Installing "cargo-audit = latest"
2026-10-09T04:17:19.2840753Z [command]/home/runner/.cargo/bin/cargo install cargo-audit
2026-10-09T04:17:19.4759372Z [1m[92m    Updating[0m crates.io index
2026-10-09T04:17:19.5816132Z [1m[92m Downloading[0m crates ...
2026-10-09T04:17:19.6657468Z [1m[92m  Downloaded[0m cargo-audit v0.22.2
2026-10-09T04:17:19.7811776Z [1m[92m  Installing[0m cargo-audit v0.22.2
2026-10-09T04:17:19.8197731Z [1m[92m    Updating[0m crates.io index
2026-10-09T04:17:20.4678702Z [1m[92m     Locking[0m 380 packages to highest compatible versions
2026-10-09T04:17:20.4794183Z [1m[92m      Adding[0m generic-array v0.14.7 [1m[33m(available: v0.14.9)[0m
2026-10-09T04:17:20.4973528Z [1m[92m      Adding[0m object v0.39.1 [1m[33m(available: v0.40.0)[0m
2026-10-09T04:17:20.5199659Z [1m[92m      Adding[0m syn v2.0.119 [1m[33m(available: v3.0.6)[0m
2026-10-09T04:17:20.5355156Z [1m[92m Downloading[0m crates ...
2026-10-09T04:17:20.5584184Z [1m[92m  Downloaded[0m abscissa_derive v0.9.0
2026-10-09T04:17:20.5593774Z [1m[92m  Downloaded[0m abscissa_core v0.9.0
2026-10-09T04:17:20.5614618Z [1m[92m  Downloaded[0m hash32 v0.3.1
2026-10-09T04:17:20.5738660Z [1m[92m  Downloaded[0m gix-worktree-stream v0.33.0
2026-10-09T04:17:20.5860181Z [1m[92m  Downloaded[0m same-file v1.0.6
2026-10-09T04:17:20.5880313Z [1m[92m  Downloaded[0m stable_deref_trait v1.2.1
2026-10-09T04:17:20.5912540Z [1m[92m  Downloaded[0m h2 v0.4.20
2026-10-09T04:17:20.6015955Z [1m[92m  Downloaded[0m hashbrown v0.15.5
2026-10-09T04:17:20.6050659Z [1m[92m  Downloaded[0m is_terminal_polyfill v1.70.2
2026-10-09T04:17:20.6060311Z [1m[92m  Downloaded[0m itoa v1.0.18
2026-10-09T04:17:20.6067266Z [1m[92m  Downloaded[0m matchers v0.2.0
2026-10-09T04:17:20.6072572Z [1m[92m  Downloaded[0m nu-ansi-term v0.50.3
2026-10-09T04:17:20.6086062Z [1m[92m  Downloaded[0m openssl-probe v0.2.1
2026-10-09T04:17:20.6093012Z [1m[92m  Downloaded[0m smallvec v1.16.2
2026-10-09T04:17:20.6103246Z [1m[92m  Downloaded[0m socket2 v0.6.5
2026-10-09T04:17:20.6123407Z [1m[92m  Downloaded[0m smol_str v0.3.6
2026-10-09T04:17:20.6167978Z [1m[92m  Downloaded[0m lazy_static v1.5.1
2026-10-09T04:17:20.6178395Z [1m[92m  Downloaded[0m idna_adapter v1.2.2
2026-10-09T04:17:20.6184231Z [1m[92m  Downloaded[0m nonempty v0.12.0
2026-10-09T04:17:20.6191571Z [1m[92m  Downloaded[0m jiff-static v0.2.38
2026-10-09T04:17:20.6204422Z [1m[92m  Downloaded[0m mime v0.3.17
2026-10-09T04:17:20.6212625Z [1m[92m  Downloaded[0m num-conv v0.2.2
2026-10-09T04:17:20.6227533Z [1m[92m  Downloaded[0m powerfmt v0.2.1
2026-10-09T04:17:20.6228590Z [1m[92m  Downloaded[0m zmij v1.0.23
2026-10-09T04:17:20.6253525Z [1m[92m  Downloaded[0m borsh v1.8.1
2026-10-09T04:17:20.6291909Z [1m[92m  Downloaded[0m indenter v0.3.4
2026-10-09T04:17:20.6298983Z [1m[92m  Downloaded[0m rand_pcg v0.10.2
2026-10-09T04:17:20.6317681Z [1m[92m  Downloaded[0m thread_local v1.1.10
2026-10-09T04:17:20.6324501Z [1m[92m  Downloaded[0m percent-encoding v2.3.2
2026-10-09T04:17:20.6329079Z [1m[92m  Downloaded[0m potential_utf v0.1.6
2026-10-09T04:17:20.6346730Z [1m[92m  Downloaded[0m sync_wrapper v1.0.2
2026-10-09T04:17:20.6348973Z [1m[92m  Downloaded[0m jobserver v0.1.35
2026-10-09T04:17:20.6358581Z [1m[92m  Downloaded[0m lock_api v0.4.14
2026-10-09T04:17:20.6366650Z [1m[92m  Downloaded[0m quote v1.0.47
2026-10-09T04:17:20.6378549Z [1m[92m  Downloaded[0m heck v0.5.0
2026-10-09T04:17:20.6383908Z [1m[92m  Downloaded[0m rustls-native-certs v0.8.4
2026-10-09T04:17:20.6415990Z [1m[92m  Downloaded[0m tower-layer v0.3.3
2026-10-09T04:17:20.6447631Z [1m[92m  Downloaded[0m ident_case v1.0.1
2026-10-09T04:17:20.6454185Z [1m[92m  Downloaded[0m quitters v0.1.0
2026-10-09T04:17:20.6458755Z [1m[92m  Downloaded[0m time-core v0.1.9
2026-10-09T04:17:20.6478268Z [1m[92m  Downloaded[0m strsim v0.11.1
2026-10-09T04:17:20.6478748Z [1m[92m  Downloaded[0m io-close v0.3.7
2026-10-09T04:17:20.6481521Z [1m[92m  Downloaded[0m rustc-hash v2.1.3
2026-10-09T04:17:20.6489915Z [1m[92m  Downloaded[0m home v0.5.12
2026-10-09T04:17:20.6495558Z [1m[92m  Downloaded[0m http-body v1.1.0
2026-10-09T04:17:20.6499902Z [1m[92m  Downloaded[0m sha1 v0.10.7
2026-10-09T04:17:20.6506852Z [1m[92m  Downloaded[0m lru-slab v0.1.3
2026-10-09T04:17:20.6545045Z [1m[92m  Downloaded[0m version_check v0.9.5
2026-10-09T04:17:20.6563282Z [1m[92m  Downloaded[0m subtle v2.6.1
2026-10-09T04:17:20.6574552Z [1m[92m  Downloaded[0m multiversion_no_op v1.0.0
2026-10-09T04:17:20.6584695Z [1m[92m  Downloaded[0m adler2 v2.0.1
2026-10-09T04:17:20.6600940Z [1m[92m  Downloaded[0m owo-colors v4.4.0
2026-10-09T04:17:20.6614425Z [1m[92m  Downloaded[0m maybe-async v0.2.11
2026-10-09T04:17:20.6631619Z [1m[92m  Downloaded[0m canonical-path v2.0.2
2026-10-09T04:17:20.6635427Z [1m[92m  Downloaded[0m shlex v2.0.1
2026-10-09T04:17:20.6642920Z [1m[92m  Downloaded[0m hyper-rustls v0.27.10
2026-10-09T04:17:20.6651567Z [1m[92m  Downloaded[0m ipnet v2.12.2
2026-10-09T04:17:20.6661175Z [1m[92m  Downloaded[0m http-body-util v0.1.5
2026-10-09T04:17:20.6670902Z [1m[92m  Downloaded[0m try-lock v0.2.5
2026-10-09T04:17:20.6675198Z [1m[92m  Downloaded[0m untrusted v0.9.0
2026-10-09T04:17:20.6683859Z [1m[92m  Downloaded[0m unicode-bom v2.0.3
2026-10-09T04:17:20.6689082Z [1m[92m  Downloaded[0m anstyle-query v1.1.5
2026-10-09T04:17:20.6697433Z [1m[92m  Downloaded[0m auditable-extract v0.3.5
2026-10-09T04:17:20.6701513Z [1m[92m  Downloaded[0m auditable-info v0.10.1
2026-10-09T04:17:20.6705340Z [1m[92m  Downloaded[0m uluru v3.1.0
2026-10-09T04:17:20.6709377Z [1m[92m  Downloaded[0m atomic-waker v1.1.2
2026-10-09T04:17:20.6717565Z [1m[92m  Downloaded[0m block-buffer v0.10.4
2026-10-09T04:17:20.6724932Z [1m[92m  Downloaded[0m tower-service v0.3.3
2026-10-09T04:17:20.6730512Z [1m[92m  Downloaded[0m want v0.3.2
2026-10-09T04:17:20.6736978Z [1m[92m  Downloaded[0m auditable-serde v0.9.0
2026-10-09T04:17:20.6744018Z [1m[92m  Downloaded[0m synstructure v0.13.2
2026-10-09T04:17:20.6755945Z [1m[92m  Downloaded[0m synstructure v0.14.0
2026-10-09T04:17:20.6767151Z [1m[92m  Downloaded[0m toml_datetime v1.1.2+spec-1.1.0
2026-10-09T04:17:20.6784189Z [1m[92m  Downloaded[0m zerofrom-derive v0.1.8
2026-10-09T04:17:20.6792125Z [1m[92m  Downloaded[0m pkg-config v0.3.34
2026-10-09T04:17:20.6800581Z [1m[92m  Downloaded[0m kstring v2.0.5
2026-10-09T04:17:20.6809992Z [1m[92m  Downloaded[0m pin-project-lite v0.2.17
2026-10-09T04:17:20.6833382Z [1m[92m  Downloaded[0m rustc-demangle v0.1.28
2026-10-09T04:17:20.6842334Z [1m[92m  Downloaded[0m rustc-stable-hash v0.1.2
2026-10-09T04:17:20.6850187Z [1m[92m  Downloaded[0m rustversion v1.0.23
2026-10-09T04:17:20.6863468Z [1m[92m  Downloaded[0m litemap v0.8.3
2026-10-09T04:17:20.6877419Z [1m[92m  Downloaded[0m memmap2 v0.9.11
2026-10-09T04:17:20.6892726Z [1m[92m  Downloaded[0m parking_lot v0.12.5
2026-10-09T04:17:20.6912653Z [1m[92m  Downloaded[0m quinn-udp v0.5.16
2026-10-09T04:17:20.6927380Z [1m[92m  Downloaded[0m gix-worktree-state v0.31.0
2026-10-09T04:17:20.6935588Z [1m[92m  Downloaded[0m platforms v3.12.0
2026-10-09T04:17:20.6945866Z [1m[92m  Downloaded[0m defmt v0.3.100
2026-10-09T04:17:20.6949565Z [1m[92m  Downloaded[0m dunce v1.0.5
2026-10-09T04:17:20.6953909Z [1m[92m  Downloaded[0m errno v0.3.14
2026-10-09T04:17:20.6961022Z [1m[92m  Downloaded[0m httparse v1.10.1
2026-10-09T04:17:20.6974158Z [1m[92m  Downloaded[0m parking_lot_core v0.9.12
2026-10-09T04:17:20.6984980Z [1m[92m  Downloaded[0m rand_core v0.10.1
2026-10-09T04:17:20.6995505Z [1m[92m  Downloaded[0m semver v1.0.28
2026-10-09T04:17:20.7011799Z [1m[92m  Downloaded[0m gix-revwalk v0.32.0
2026-10-09T04:17:20.7022070Z [1m[92m  Downloaded[0m once_cell v1.21.4
2026-10-09T04:17:20.7040140Z [1m[92m  Downloaded[0m wait-timeout v0.2.1
2026-10-09T04:17:20.7047845Z [1m[92m  Downloaded[0m zerofrom v0.1.8
2026-10-09T04:17:20.7060609Z [1m[92m  Downloaded[0m utf8parse v0.2.2
2026-10-09T04:17:20.7067186Z [1m[92m  Downloaded[0m yoke-derive v0.8.4
2026-10-09T04:17:20.7072994Z [1m[92m  Downloaded[0m utf8_iter v1.0.4
2026-10-09T04:17:20.7078915Z [1m[92m  Downloaded[0m log v0.4.34
2026-10-09T04:17:20.7092205Z [1m[92m  Downloaded[0m topological-sort v0.2.2
2026-10-09T04:17:20.7097280Z [1m[92m  Downloaded[0m futures-io v0.3.34
2026-10-09T04:17:20.7101840Z [1m[92m  Downloaded[0m generic-array v0.14.7
2026-10-09T04:17:20.7109352Z [1m[92m  Downloaded[0m gix-chunk v0.7.3
2026-10-09T04:17:20.7115796Z [1m[92m  Downloaded[0m gix-ignore v0.21.1
2026-10-09T04:17:20.7122262Z [1m[92m  Downloaded[0m static_assertions v1.1.0
2026-10-09T04:17:20.7129563Z [1m[92m  Downloaded[0m termcolor v1.4.1
2026-10-09T04:17:20.7136697Z [1m[92m  Downloaded[0m thiserror v2.0.21
2026-10-09T04:17:20.7181619Z [1m[92m  Downloaded[0m tracing-log v0.2.0
2026-10-09T04:17:20.7190820Z [1m[92m  Downloaded[0m anstyle-parse v1.0.0
2026-10-09T04:17:20.7204001Z [1m[92m  Downloaded[0m camino v1.2.6
2026-10-09T04:17:20.7215173Z [1m[92m  Downloaded[0m faster-hex v0.10.1
2026-10-09T04:17:20.7227677Z [1m[92m  Downloaded[0m gix-config-value v0.18.1
2026-10-09T04:17:20.7236193Z [1m[92m  Downloaded[0m gix-hashtable v0.15.2
2026-10-09T04:17:20.7241566Z [1m[92m  Downloaded[0m gix-prompt v0.15.1
2026-10-09T04:17:20.7249051Z [1m[92m  Downloaded[0m icu_provider v2.3.1
2026-10-09T04:17:20.7263831Z [1m[92m  Downloaded[0m rustls-pki-types v1.15.1
2026-10-09T04:17:20.7276930Z [1m[92m  Downloaded[0m rustls-platform-verifier v0.7.1
2026-10-09T04:17:20.7301063Z [1m[92m  Downloaded[0m walkdir v2.5.0
2026-10-09T04:17:20.7313637Z [1m[92m  Downloaded[0m anstream v1.0.0
2026-10-09T04:17:20.7328296Z [1m[92m  Downloaded[0m autocfg v1.5.1
2026-10-09T04:17:20.7339120Z [1m[92m  Downloaded[0m miniz_oxide v0.8.9
2026-10-09T04:17:20.7353105Z [1m[92m  Downloaded[0m miniz_oxide v0.9.1
2026-10-09T04:17:20.7375502Z [1m[92m  Downloaded[0m proc-macro2 v1.0.107
2026-10-09T04:17:20.7391846Z [1m[92m  Downloaded[0m serde_core v1.0.229
2026-10-09T04:17:20.7409119Z [1m[92m  Downloaded[0m defmt v1.1.1
2026-10-09T04:17:20.7435474Z [1m[92m  Downloaded[0m eyre v0.6.14
2026-10-09T04:17:20.7458511Z [1m[92m  Downloaded[0m gix-credentials v0.38.2
2026-10-09T04:17:20.7465411Z [1m[92m  Downloaded[0m gix-pathspec v0.18.1
2026-10-09T04:17:20.7474302Z [1m[92m  Downloaded[0m icu_normalizer_data v2.3.0
2026-10-09T04:17:20.7501630Z [1m[92m  Downloaded[0m thiserror-impl v2.0.21
2026-10-09T04:17:20.7524562Z [1m[92m  Downloaded[0m tokio-rustls v0.26.6
2026-10-09T04:17:20.7537387Z [1m[92m  Downloaded[0m toml_writer v1.1.3+spec-1.1.0
2026-10-09T04:17:20.7585732Z [1m[92m  Downloaded[0m zeroize v1.9.1
2026-10-09T04:17:20.7595443Z [1m[92m  Downloaded[0m anstyle v1.0.14
2026-10-09T04:17:20.7609513Z [1m[92m  Downloaded[0m binfarce v0.2.2
2026-10-09T04:17:20.7620322Z [1m[92m  Downloaded[0m bitflags v1.3.2
2026-10-09T04:17:20.7638160Z [1m[92m  Downloaded[0m cpufeatures v0.3.1
2026-10-09T04:17:20.7648237Z [1m[92m  Downloaded[0m gix-tempfile v23.0.2
2026-10-09T04:17:20.7680264Z [1m[92m  Downloaded[0m shell-words v1.1.1
2026-10-09T04:17:20.7688250Z [1m[92m  Downloaded[0m toml_datetime v0.7.5+spec-1.1.0
2026-10-09T04:17:20.7695825Z [1m[92m  Downloaded[0m zerovec-derive v0.11.6
2026-10-09T04:17:20.7705077Z [1m[92m  Downloaded[0m clru v0.6.3
2026-10-09T04:17:20.7711274Z [1m[92m  Downloaded[0m cmake v0.1.58
2026-10-09T04:17:20.7718010Z [1m[92m  Downloaded[0m fastrand v2.5.0
2026-10-09T04:17:20.7725456Z [1m[92m  Downloaded[0m gix-fs v0.21.2
2026-10-09T04:17:20.7733817Z [1m[92m  Downloaded[0m gix-url v0.36.2
2026-10-09T04:17:20.7741623Z [1m[92m  Downloaded[0m heapless v0.8.0
2026-10-09T04:17:20.7761114Z [1m[92m  Downloaded[0m rustsec v0.33.0
2026-10-09T04:17:20.7785320Z [1m[92m  Downloaded[0m time-macros v0.2.32
2026-10-09T04:17:20.7798101Z [1m[92m  Downloaded[0m tinystr v0.8.4
2026-10-09T04:17:20.7808510Z [1m[92m  Downloaded[0m toml-span v0.7.2
2026-10-09T04:17:20.7817574Z [1m[92m  Downloaded[0m tracing-attributes v0.1.31
2026-10-09T04:17:20.7830208Z [1m[92m  Downloaded[0m writeable v0.6.4
2026-10-09T04:17:20.7841010Z [1m[92m  Downloaded[0m yoke v0.8.3
2026-10-09T04:17:20.7851222Z [1m[92m  Downloaded[0m arrayvec v0.7.8
2026-10-09T04:17:20.7861793Z [1m[92m  Downloaded[0m cfg_aliases v0.2.2
2026-10-09T04:17:20.7866252Z [1m[92m  Downloaded[0m colorchoice v1.0.5
2026-10-09T04:17:20.7871740Z [1m[92m  Downloaded[0m getrandom v0.2.17
2026-10-09T04:17:20.7886021Z [1m[92m  Downloaded[0m compression-core v0.4.33
2026-10-09T04:17:20.7890372Z [1m[92m  Downloaded[0m crossbeam-epoch v0.9.21
2026-10-09T04:17:20.7902306Z [1m[92m  Downloaded[0m icu_collections v2.3.0
2026-10-09T04:17:20.7930749Z [1m[92m  Downloaded[0m jiff-core v0.1.1
2026-10-09T04:17:20.7951082Z [1m[92m  Downloaded[0m rayon-core v1.13.0
2026-10-09T04:17:20.7968576Z [1m[92m  Downloaded[0m rustls-webpki v0.103.15
2026-10-09T04:17:20.7985692Z [1m[92m  Downloaded[0m indexmap v2.14.2
2026-10-09T04:17:20.8007604Z [1m[92m  Downloaded[0m quinn v0.11.12
2026-10-09T04:17:20.8025118Z [1m[92m  Downloaded[0m rand v0.10.3
2026-10-09T04:17:20.8044790Z [1m[92m  Downloaded[0m twox-hash v2.1.5
2026-10-09T04:17:20.8055810Z [1m[92m  Downloaded[0m gix-index v0.52.0
2026-10-09T04:17:20.8073730Z [1m[92m  Downloaded[0m gix-worktree v0.53.0
2026-10-09T04:17:20.8082393Z [1m[92m  Downloaded[0m icu_locale_core v2.3.0
2026-10-09T04:17:20.8112307Z [1m[92m  Downloaded[0m sharded-slab v0.1.7
2026-10-09T04:17:20.8128002Z [1m[92m  Downloaded[0m bytes v1.12.1
2026-10-09T04:17:20.8145962Z [1m[92m  Downloaded[0m http v1.5.0
2026-10-09T04:17:20.8172552Z [1m[92m  Downloaded[0m icu_properties v2.3.0
2026-10-09T04:17:20.8196450Z [1m[92m  Downloaded[0m memchr v2.8.3
2026-10-09T04:17:20.8231016Z [1m[92m  Downloaded[0m prodash v31.0.1
2026-10-09T04:17:20.8258730Z [1m[92m  Downloaded[0m hyper-util v0.1.21
2026-10-09T04:17:20.8293559Z [1m[92m  Downloaded[0m mio v1.2.4
2026-10-09T04:17:20.8321626Z [1m[92m  Downloaded[0m compression-codecs v0.4.45
2026-10-09T04:17:20.8339527Z [1m[92m  Downloaded[0m cvss v2.2.0
2026-10-09T04:17:20.8362062Z [1m[92m  Downloaded[0m foldhash v0.1.5
2026-10-09T04:17:20.8368569Z [1m[92m  Downloaded[0m futures-task v0.3.34
2026-10-09T04:17:20.8374099Z [1m[92m  Downloaded[0m gix-command v0.9.2
2026-10-09T04:17:20.8380240Z [1m[92m  Downloaded[0m serde_derive v1.0.229
2026-10-09T04:17:20.8395019Z [1m[92m  Downloaded[0m idna v1.1.0
2026-10-09T04:17:20.8417298Z [1m[92m  Downloaded[0m tempfile v3.27.0
2026-10-09T04:17:20.8430121Z [1m[92m  Downloaded[0m toml_parser v1.1.5+spec-1.1.0
2026-10-09T04:17:20.8442267Z [1m[92m  Downloaded[0m tracing-core v0.1.36
2026-10-09T04:17:20.8456131Z [1m[92m  Downloaded[0m unicode-ident v1.0.26
2026-10-09T04:17:20.8469775Z [1m[92m  Downloaded[0m bitflags v2.13.2
2026-10-09T04:17:20.8489200Z [1m[92m  Downloaded[0m either v1.19.0
2026-10-09T04:17:20.8497637Z [1m[92m  Downloaded[0m find-msvc-tools v0.1.14
2026-10-09T04:17:20.8506762Z [1m[92m  Downloaded[0m fs_extra v1.3.0
2026-10-09T04:17:20.8514769Z [1m[92m  Downloaded[0m gix-validate v0.11.4
2026-10-09T04:17:20.8520795Z [1m[92m  Downloaded[0m scopeguard v1.2.0
2026-10-09T04:17:20.8526867Z [1m[92m  Downloaded[0m secrecy v0.10.3
2026-10-09T04:17:20.8531194Z [1m[92m  Downloaded[0m cpufeatures v0.2.17
2026-10-09T04:17:20.8537312Z [1m[92m  Downloaded[0m display-error-chain v0.2.2
2026-10-09T04:17:20.8542019Z [1m[92m  Downloaded[0m fnv v1.0.7
2026-10-09T04:17:20.8546543Z [1m[92m  Downloaded[0m form_urlencoded v1.2.2
2026-10-09T04:17:20.8550596Z [1m[92m  Downloaded[0m gix-utils v0.3.6
2026-10-09T04:17:20.8557385Z [1m[92m  Downloaded[0m tinyvec v1.13.3
2026-10-09T04:17:20.8573748Z [1m[92m  Downloaded[0m addr2line v0.25.1
2026-10-09T04:17:20.8583732Z [1m[92m  Downloaded[0m allocator-api2 v0.2.21
2026-10-09T04:17:20.8595968Z [1m[92m  Downloaded[0m base64 v0.22.1
2026-10-09T04:17:20.8614085Z [1m[92m  Downloaded[0m gix-features v0.48.1
2026-10-09T04:17:20.8625474Z [1m[92m  Downloaded[0m regex v1.13.1
2026-10-09T04:17:20.8653113Z [1m[92m  Downloaded[0m reqwest v0.13.5
2026-10-09T04:17:20.8682646Z [1m[92m  Downloaded[0m gix-diff v0.64.0
2026-10-09T04:17:20.8698185Z [1m[92m  Downloaded[0m gix-filter v0.31.0
2026-10-09T04:17:20.8710846Z [1m[92m  Downloaded[0m hashbrown v0.16.1
2026-10-09T04:17:20.8739884Z [1m[92m  Downloaded[0m icu_properties_data v2.3.0
2026-10-09T04:17:20.8791324Z [1m[92m  Downloaded[0m hashbrown v0.17.1
2026-10-09T04:17:20.8821265Z [1m[92m  Downloaded[0m gix-odb v0.81.0
2026-10-09T04:17:20.8838600Z [1m[92m  Downloaded[0m hyper v1.12.0
2026-10-09T04:17:20.8875732Z [1m[92m  Downloaded[0m rayon v1.12.0
2026-10-09T04:17:20.8921134Z [1m[92m  Downloaded[0m clap_builder v4.6.7
2026-10-09T04:17:20.8956703Z [1m[92m  Downloaded[0m equivalent v1.0.2
2026-10-09T04:17:20.8961462Z [1m[92m  Downloaded[0m gix-lock v23.0.1
2026-10-09T04:17:20.8967881Z [1m[92m  Downloaded[0m gix-negotiate v0.32.0
2026-10-09T04:17:20.8974782Z [1m[92m  Downloaded[0m gix-packetline v0.21.5
2026-10-09T04:17:20.8985296Z [1m[92m  Downloaded[0m gix-quote v0.7.2
2026-10-09T04:17:20.8990757Z [1m[92m  Downloaded[0m gix-refspec v0.42.0
2026-10-09T04:17:20.8999750Z [1m[92m  Downloaded[0m gix-sec v0.14.2
2026-10-09T04:17:20.9006875Z [1m[92m  Downloaded[0m quinn-proto v0.11.19
2026-10-09T04:17:20.9047507Z [1m[92m  Downloaded[0m serde_spanned v1.1.2
2026-10-09T04:17:20.9055027Z [1m[92m  Downloaded[0m simd-adler32 v0.3.10
2026-10-09T04:17:20.9063804Z [1m[92m  Downloaded[0m toml v0.9.12+spec-1.1.0
2026-10-09T04:17:20.9083860Z [1m[92m  Downloaded[0m toml v1.1.8+spec-1.1.0
2026-10-09T04:17:20.9104375Z [1m[92m  Downloaded[0m arc-swap v1.9.2
2026-10-09T04:17:20.9123740Z [1m[92m  Downloaded[0m backtrace v0.3.76
2026-10-09T04:17:20.9147743Z [1m[92m  Downloaded[0m byteorder v1.5.0
2026-10-09T04:17:20.9155822Z [1m[92m  Downloaded[0m core_detect v1.0.0
2026-10-09T04:17:20.9163218Z [1m[92m  Downloaded[0m deranged v0.5.8
2026-10-09T04:17:20.9171623Z [1m[92m  Downloaded[0m digest v0.10.7
2026-10-09T04:17:20.9180254Z [1m[92m  Downloaded[0m displaydoc v0.2.7
2026-10-09T04:17:20.9189847Z [1m[92m  Downloaded[0m filetime v0.2.29
2026-10-09T04:17:20.9196778Z [1m[92m  Downloaded[0m foldhash v0.2.0
2026-10-09T04:17:20.9203470Z [1m[92m  Downloaded[0m fs-err v3.3.2
2026-10-09T04:17:20.9213066Z [1m[92m  Downloaded[0m gix-transport v0.57.2
2026-10-09T04:17:20.9232177Z [1m[92m  Downloaded[0m tame-index v0.26.3
2026-10-09T04:17:20.9260558Z [1m[92m  Downloaded[0m url v2.5.8
2026-10-09T04:17:20.9276757Z [1m[92m  Downloaded[0m zerotrie v0.2.5
2026-10-09T04:17:20.9297800Z [1m[92m  Downloaded[0m async-compression v0.4.50
2026-10-09T04:17:20.9330997Z [1m[92m  Downloaded[0m base64 v0.23.1
2026-10-09T04:17:20.9351268Z [1m[92m  Downloaded[0m cargo-lock v11.1.0
2026-10-09T04:17:20.9366199Z [1m[92m  Downloaded[0m gix-discover v0.52.0
2026-10-09T04:17:20.9376337Z [1m[92m  Downloaded[0m tower v0.5.3
2026-10-09T04:17:20.9421335Z [1m[92m  Downloaded[0m typenum v1.20.1
2026-10-09T04:17:20.9440985Z [1m[92m  Downloaded[0m simdutf8 v0.1.5
2026-10-09T04:17:20.9451422Z [1m[92m  Downloaded[0m gix-hash v0.25.1
2026-10-09T04:17:20.9459124Z [1m[92m  Downloaded[0m gix-glob v0.26.1
2026-10-09T04:17:20.9466778Z [1m[92m  Downloaded[0m fixedbitset v0.5.7
2026-10-09T04:17:20.9475435Z [1m[92m  Downloaded[0m gix-path v0.12.6
2026-10-09T04:17:20.9485547Z [1m[92m  Downloaded[0m gix-object v0.61.0
2026-10-09T04:17:20.9502011Z [1m[92m  Downloaded[0m gix-protocol v0.62.0
2026-10-09T04:17:20.9518760Z [1m[92m  Downloaded[0m serde v1.0.229
2026-10-09T04:17:20.9537206Z [1m[92m  Downloaded[0m object v0.37.3
2026-10-09T04:17:20.9597811Z [1m[92m  Downloaded[0m regex-syntax v0.8.11
2026-10-09T04:17:20.9642156Z [1m[92m  Downloaded[0m rustls v0.23.45
2026-10-09T04:17:20.9709606Z [1m[92m  Downloaded[0m object v0.39.1
2026-10-09T04:17:20.9771003Z [1m[92m  Downloaded[0m gix-pack v0.71.0
2026-10-09T04:17:20.9800901Z [1m[92m  Downloaded[0m gix-ref v0.64.0
2026-10-09T04:17:20.9821581Z [1m[92m  Downloaded[0m rustix v1.1.5
2026-10-09T04:17:20.9947376Z [1m[92m  Downloaded[0m serde_json v1.0.151
2026-10-09T04:17:20.9983569Z [1m[92m  Downloaded[0m unicode-normalization v0.1.25
2026-10-09T04:17:21.0004187Z [1m[92m  Downloaded[0m cfg-if v1.0.5
2026-10-09T04:17:21.0010073Z [1m[92m  Downloaded[0m clap_lex v1.1.1
2026-10-09T04:17:21.0016644Z [1m[92m  Downloaded[0m defmt-parser v1.0.0
2026-10-09T04:17:21.0021248Z [1m[92m  Downloaded[0m futures-sink v0.3.34
2026-10-09T04:17:21.0025318Z [1m[92m  Downloaded[0m gix v0.84.0
2026-10-09T04:17:21.0103685Z [1m[92m  Downloaded[0m gix-submodule v0.31.0
2026-10-09T04:17:21.0111558Z [1m[92m  Downloaded[0m tokio-util v0.7.19
2026-10-09T04:17:21.0150037Z [1m[92m  Downloaded[0m tower-http v0.6.11
2026-10-09T04:17:21.0193973Z [1m[92m  Downloaded[0m zerovec v0.11.8
2026-10-09T04:17:21.0224984Z [1m[92m  Downloaded[0m defmt-macros v1.1.1
2026-10-09T04:17:21.0240375Z [1m[92m  Downloaded[0m futures-channel v0.3.34
2026-10-09T04:17:21.0250023Z [1m[92m  Downloaded[0m futures-core v0.3.34
2026-10-09T04:17:21.0256343Z [1m[92m  Downloaded[0m icu_normalizer v2.3.0
2026-10-09T04:17:21.0325152Z [1m[92m  Downloaded[0m cc v1.6.0
2026-10-09T04:17:21.0345296Z [1m[92m  Downloaded[0m clap_derive v4.6.7
2026-10-09T04:17:21.0357080Z [1m[92m  Downloaded[0m crc32fast v1.5.2
2026-10-09T04:17:21.0367895Z [1m[92m  Downloaded[0m getrandom v0.4.3
2026-10-09T04:17:21.0385687Z [1m[92m  Downloaded[0m gix-bitmap v0.3.3
2026-10-09T04:17:21.0391058Z [1m[92m  Downloaded[0m gix-shallow v0.12.1
2026-10-09T04:17:21.0396947Z [1m[92m  Downloaded[0m gix-trace v0.1.21
2026-10-09T04:17:21.0402484Z [1m[92m  Downloaded[0m wasmparser v0.207.0
2026-10-09T04:17:21.0437183Z [1m[92m  Downloaded[0m winnow v0.7.15
2026-10-09T04:17:21.0484964Z [1m[92m  Downloaded[0m aho-corasick v1.1.5
2026-10-09T04:17:21.0515673Z [1m[92m  Downloaded[0m crossbeam-deque v0.8.8
2026-10-09T04:17:21.0523356Z [1m[92m  Downloaded[0m crypto-common v0.1.7
2026-10-09T04:17:21.0528170Z [1m[92m  Downloaded[0m gix-actor v0.41.2
2026-10-09T04:17:21.0534653Z [1m[92m  Downloaded[0m gix-attributes v0.33.2
2026-10-09T04:17:21.0544134Z [1m[92m  Downloaded[0m gix-commitgraph v0.37.1
2026-10-09T04:17:21.0552447Z [1m[92m  Downloaded[0m gix-date v0.15.6
2026-10-09T04:17:21.0561112Z [1m[92m  Downloaded[0m gix-error v0.2.5
2026-10-09T04:17:21.0569576Z [1m[92m  Downloaded[0m gix-revision v0.46.0
2026-10-09T04:17:21.0580181Z [1m[92m  Downloaded[0m gix-traverse v0.58.0
2026-10-09T04:17:21.0589817Z [1m[92m  Downloaded[0m slab v0.4.12
2026-10-09T04:17:21.0596634Z [1m[92m  Downloaded[0m tracing-subscriber v0.3.23
2026-10-09T04:17:21.0641364Z [1m[92m  Downloaded[0m winnow v1.0.4
2026-10-09T04:17:21.0689843Z [1m[92m  Downloaded[0m crossbeam-utils v0.8.23
2026-10-09T04:17:21.0703592Z [1m[92m  Downloaded[0m zlib-rs v0.6.8
2026-10-09T04:17:21.0734160Z [1m[92m  Downloaded[0m chacha20 v0.10.2
2026-10-09T04:17:21.0746614Z [1m[92m  Downloaded[0m flate2 v1.1.10
2026-10-09T04:17:21.0769805Z [1m[92m  Downloaded[0m clap v4.6.7
2026-10-09T04:17:21.0814501Z [1m[92m  Downloaded[0m gix-config v0.57.0
2026-10-09T04:17:21.0836857Z [1m[92m  Downloaded[0m crossbeam-channel v0.5.17
2026-10-09T04:17:21.0858248Z [1m[92m  Downloaded[0m regex-automata v0.4.18
2026-10-09T04:17:21.0944756Z [1m[92m  Downloaded[0m jiff v0.2.38
2026-10-09T04:17:21.1037471Z [1m[92m  Downloaded[0m syn v2.0.119
2026-10-09T04:17:21.1095257Z [1m[92m  Downloaded[0m aws-lc-rs v1.18.1
2026-10-09T04:17:21.1148927Z [1m[92m  Downloaded[0m time v0.3.55
2026-10-09T04:17:21.1220401Z [1m[92m  Downloaded[0m wasmparser v0.247.0
2026-10-09T04:17:21.1266268Z [1m[92m  Downloaded[0m sha1-checked v0.10.0
2026-10-09T04:17:21.1313382Z [1m[92m  Downloaded[0m petgraph v0.8.3
2026-10-09T04:17:21.1437804Z [1m[92m  Downloaded[0m syn v3.0.6
2026-10-09T04:17:21.1496644Z [1m[92m  Downloaded[0m gimli v0.32.3
2026-10-09T04:17:21.1539054Z [1m[92m  Downloaded[0m encoding_rs v0.8.42
2026-10-09T04:17:21.1609107Z [1m[92m  Downloaded[0m futures-util v0.3.34
2026-10-09T04:17:21.1659184Z [1m[92m  Downloaded[0m bstr v1.13.1
2026-10-09T04:17:21.1702802Z [1m[92m  Downloaded[0m libc v0.2.190
2026-10-09T04:17:21.1894595Z [1m[92m  Downloaded[0m tracing v0.1.44
2026-10-09T04:17:21.1983312Z [1m[92m  Downloaded[0m color-eyre v0.6.5
2026-10-09T04:17:21.2033485Z [1m[92m  Downloaded[0m tokio v1.53.2
2026-10-09T04:17:21.2249746Z [1m[92m  Downloaded[0m ring v0.17.14
2026-10-09T04:17:21.2485798Z [1m[92m  Downloaded[0m linux-raw-sys v0.12.1
2026-10-09T04:17:21.2885033Z [1m[92m  Downloaded[0m aws-lc-sys v0.45.0
2026-10-09T04:17:21.7034837Z [1m[92m   Compiling[0m proc-macro2 v1.0.107
2026-10-09T04:17:21.7035246Z [1m[92m   Compiling[0m quote v1.0.47
2026-10-09T04:17:21.7035717Z [1m[92m   Compiling[0m unicode-ident v1.0.26
2026-10-09T04:17:21.7036066Z [1m[92m   Compiling[0m libc v0.2.190
2026-10-09T04:17:22.0631420Z [1m[92m   Compiling[0m memchr v2.8.3
2026-10-09T04:17:22.2300604Z [1m[92m   Compiling[0m cfg-if v1.0.5
2026-10-09T04:17:22.2657362Z [1m[92m   Compiling[0m regex-syntax v0.8.11
2026-10-09T04:17:23.2281786Z [1m[92m   Compiling[0m syn v3.0.6
2026-10-09T04:17:23.3558569Z [1m[92m   Compiling[0m aho-corasick v1.1.5
2026-10-09T04:17:23.9788417Z [1m[92m   Compiling[0m smallvec v1.16.2
2026-10-09T04:17:24.1598239Z [1m[92m   Compiling[0m once_cell v1.21.4
2026-10-09T04:17:24.3235985Z [1m[92m   Compiling[0m bytes v1.12.1
2026-10-09T04:17:25.0991730Z [1m[92m   Compiling[0m regex-automata v0.4.18
2026-10-09T04:17:27.3941608Z [1m[92m   Compiling[0m stable_deref_trait v1.2.1
2026-10-09T04:17:27.4284431Z [1m[92m   Compiling[0m thiserror v2.0.21
2026-10-09T04:17:27.6252223Z [1m[92m   Compiling[0m thiserror-impl v2.0.21
2026-10-09T04:17:28.5978763Z [1m[92m   Compiling[0m bstr v1.13.1
2026-10-09T04:17:29.0158746Z [1m[92m   Compiling[0m scopeguard v1.2.0
2026-10-09T04:17:29.0628489Z [1m[92m   Compiling[0m crc32fast v1.5.2
2026-10-09T04:17:29.1687609Z [1m[92m   Compiling[0m crossbeam-utils v0.8.23
2026-10-09T04:17:29.2805683Z [1m[92m   Compiling[0m getrandom v0.4.3
2026-10-09T04:17:29.3149060Z [1m[92m   Compiling[0m gix-trace v0.1.21
2026-10-09T04:17:29.9406533Z [1m[92m   Compiling[0m gix-validate v0.11.4
2026-10-09T04:17:30.0215801Z [1m[92m   Compiling[0m bitflags v2.13.2
2026-10-09T04:17:30.0373767Z [1m[92m   Compiling[0m parking_lot_core v0.9.12
2026-10-09T04:17:30.1380933Z [1m[92m   Compiling[0m fastrand v2.5.0
2026-10-09T04:17:30.3125997Z [1m[92m   Compiling[0m tinyvec v1.13.3
2026-10-09T04:17:30.3671796Z [1m[92m   Compiling[0m gix-path v0.12.6
2026-10-09T04:17:30.5968669Z [1m[92m   Compiling[0m lock_api v0.4.14
2026-10-09T04:17:30.7203731Z [1m[92m   Compiling[0m unicode-normalization v0.1.25
2026-10-09T04:17:30.7778105Z [1m[92m   Compiling[0m autocfg v1.5.1
2026-10-09T04:17:31.0052611Z [1m[92m   Compiling[0m itoa v1.0.18
2026-10-09T04:17:31.0645570Z [1m[92m   Compiling[0m gix-utils v0.3.6
2026-10-09T04:17:31.1498524Z [1m[92m   Compiling[0m parking_lot v0.12.5
2026-10-09T04:17:31.2818490Z [1m[92m   Compiling[0m crossbeam-channel v0.5.17
2026-10-09T04:17:31.9248695Z [1m[92m   Compiling[0m foldhash v0.2.0
2026-10-09T04:17:31.9670482Z [1m[92m   Compiling[0m equivalent v1.0.2
2026-10-09T04:17:31.9948316Z [1m[92m   Compiling[0m allocator-api2 v0.2.21
2026-10-09T04:17:32.0078384Z [1m[92m   Compiling[0m same-file v1.0.6
2026-10-09T04:17:32.0842987Z [1m[92m   Compiling[0m walkdir v2.5.0
2026-10-09T04:17:32.1010827Z [1m[92m   Compiling[0m prodash v31.0.1
2026-10-09T04:17:32.3268505Z [1m[92m   Compiling[0m zlib-rs v0.6.8
2026-10-09T04:17:32.7070790Z [1m[92m   Compiling[0m gix-error v0.2.5
2026-10-09T04:17:33.0980808Z [1m[92m   Compiling[0m version_check v0.9.5
2026-10-09T04:17:33.2718138Z [1m[92m   Compiling[0m generic-array v0.14.7
2026-10-09T04:17:33.3428660Z [1m[92m   Compiling[0m hashbrown v0.17.1
2026-10-09T04:17:33.6667956Z [1m[92m   Compiling[0m typenum v1.20.1
2026-10-09T04:17:33.9238354Z [1m[92m   Compiling[0m heapless v0.8.0
2026-10-09T04:17:34.0382475Z [1m[92m   Compiling[0m byteorder v1.5.0
2026-10-09T04:17:34.1670428Z [1m[92m   Compiling[0m serde_core v1.0.229
2026-10-09T04:17:34.3078111Z [1m[92m   Compiling[0m hash32 v0.3.1
2026-10-09T04:17:34.3801829Z [1m[92m   Compiling[0m gix-features v0.48.1
2026-10-09T04:17:35.0348654Z [1m[92m   Compiling[0m faster-hex v0.10.1
2026-10-09T04:17:35.4308590Z [1m[92m   Compiling[0m crypto-common v0.1.7
2026-10-09T04:17:35.4855600Z [1m[92m   Compiling[0m block-buffer v0.10.4
2026-10-09T04:17:36.2738521Z [1m[92m   Compiling[0m digest v0.10.7
2026-10-09T04:17:36.3317001Z [1m[92m   Compiling[0m cpufeatures v0.2.17
2026-10-09T04:17:36.3678457Z [1m[92m   Compiling[0m jiff-core v0.1.1
2026-10-09T04:17:36.3960791Z [1m[92m   Compiling[0m sha1 v0.10.7
2026-10-09T04:17:36.7766551Z [1m[92m   Compiling[0m sha1-checked v0.10.0
2026-10-09T04:17:37.4598490Z [1m[92m   Compiling[0m jiff v0.2.38
2026-10-09T04:17:37.5371038Z [1m[92m   Compiling[0m synstructure v0.14.0
2026-10-09T04:17:37.9410329Z [1m[92m   Compiling[0m gix-hash v0.25.1
2026-10-09T04:17:38.1881623Z [1m[92m   Compiling[0m zerofrom-derive v0.1.8
2026-10-09T04:17:38.4018258Z [1m[92m   Compiling[0m yoke-derive v0.8.4
2026-10-09T04:17:38.9559229Z [1m[92m   Compiling[0m zerofrom v0.1.8
2026-10-09T04:17:39.0488567Z [1m[92m   Compiling[0m rustix v1.1.5
2026-10-09T04:17:39.1418930Z [1m[92m   Compiling[0m pin-project-lite v0.2.17
2026-10-09T04:17:39.1888537Z [1m[92m   Compiling[0m yoke v0.8.3
2026-10-09T04:17:39.3283533Z [1m[92m   Compiling[0m gix-hashtable v0.15.2
2026-10-09T04:17:39.3921233Z [1m[92m   Compiling[0m linux-raw-sys v0.12.1
2026-10-09T04:17:40.1068427Z [1m[92m   Compiling[0m jobserver v0.1.35
2026-10-09T04:17:40.3298409Z [1m[92m   Compiling[0m gix-date v0.15.6
2026-10-09T04:17:40.6998592Z [1m[92m   Compiling[0m gix-actor v0.41.2
2026-10-09T04:17:41.0268806Z [1m[92m   Compiling[0m gix-object v0.61.0
2026-10-09T04:17:42.1708904Z [1m[92m   Compiling[0m zerovec-derive v0.11.6
2026-10-09T04:17:42.8778488Z [1m[92m   Compiling[0m find-msvc-tools v0.1.14
2026-10-09T04:17:42.9049542Z [1m[92m   Compiling[0m shlex v2.0.1
2026-10-09T04:17:43.0023151Z [1m[92m   Compiling[0m cc v1.6.0
2026-10-09T04:17:43.0128618Z [1m[92m   Compiling[0m zerovec v0.11.8
2026-10-09T04:17:43.4728222Z [1m[92m   Compiling[0m displaydoc v0.2.7
2026-10-09T04:17:43.5681078Z [1m[92m   Compiling[0m memmap2 v0.9.11
2026-10-09T04:17:43.7947088Z [1m[92m   Compiling[0m syn v2.0.119
2026-10-09T04:17:43.8958588Z [1m[92m   Compiling[0m cmake v0.1.58
2026-10-09T04:17:44.1570710Z [1m[92m   Compiling[0m pkg-config v0.3.34
2026-10-09T04:17:44.3842056Z [1m[92m   Compiling[0m futures-core v0.3.34
2026-10-09T04:17:44.4704079Z [1m[92m   Compiling[0m dunce v1.0.5
2026-10-09T04:17:44.4991047Z [1m[92m   Compiling[0m serde v1.0.229
2026-10-09T04:17:44.5161626Z [1m[92m   Compiling[0m fs_extra v1.3.0
2026-10-09T04:17:44.6448479Z [1m[92m   Compiling[0m serde_derive v1.0.229
2026-10-09T04:17:44.6971450Z [1m[92m   Compiling[0m aws-lc-sys v0.45.0
2026-10-09T04:17:45.5738631Z [1m[92m   Compiling[0m mio v1.2.4
2026-10-09T04:17:46.1090618Z [1m[92m   Compiling[0m socket2 v0.6.5
2026-10-09T04:17:46.8870412Z [1m[92m   Compiling[0m zeroize v1.9.1
2026-10-09T04:17:46.9488493Z [1m[92m   Compiling[0m rustversion v1.0.23
2026-10-09T04:17:46.9978887Z [1m[92m   Compiling[0m adler2 v2.0.1
2026-10-09T04:17:47.0957968Z [1m[92m   Compiling[0m tokio v1.53.2
2026-10-09T04:17:47.5492200Z [1m[92m   Compiling[0m tinystr v0.8.4
2026-10-09T04:17:47.6571412Z [1m[92m   Compiling[0m tempfile v3.27.0
2026-10-09T04:17:47.7003701Z [1m[92m   Compiling[0m gix-fs v0.21.2
2026-10-09T04:17:48.2953520Z [1m[92m   Compiling[0m gix-chunk v0.7.3
2026-10-09T04:17:48.3497800Z [1m[92m   Compiling[0m percent-encoding v2.3.2
2026-10-09T04:17:48.4790365Z [1m[92m   Compiling[0m writeable v0.6.4
2026-10-09T04:17:48.4898719Z [1m[92m   Compiling[0m futures-sink v0.3.34
2026-10-09T04:17:48.5364119Z [1m[92m   Compiling[0m litemap v0.8.3
2026-10-09T04:17:48.6413901Z [1m[92m   Compiling[0m gix-tempfile v23.0.2
2026-10-09T04:17:48.6753527Z [1m[92m   Compiling[0m icu_locale_core v2.3.0
2026-10-09T04:17:49.3354058Z [1m[92m   Compiling[0m zerotrie v0.2.5
2026-10-09T04:17:49.6609116Z [1m[92m   Compiling[0m potential_utf v0.1.6
2026-10-09T04:17:49.7508775Z [1m[92m   Compiling[0m gix-quote v0.7.2
2026-10-09T04:17:49.9655182Z [1m[92m   Compiling[0m tracing-core v0.1.36
2026-10-09T04:17:50.7576968Z [1m[92m   Compiling[0m nonempty v0.12.0
2026-10-09T04:17:50.8605345Z [1m[92m   Compiling[0m icu_normalizer_data v2.3.0
2026-10-09T04:17:50.9149669Z [1m[92m   Compiling[0m icu_properties_data v2.3.0
2026-10-09T04:17:50.9632824Z [1m[92m   Compiling[0m utf8_iter v1.0.4
2026-10-09T04:17:51.0501650Z [1m[92m   Compiling[0m aws-lc-rs v1.18.1
2026-10-09T04:17:51.1254178Z [1m[92m   Compiling[0m icu_collections v2.3.0
2026-10-09T04:17:51.1704323Z [1m[92m   Compiling[0m icu_provider v2.3.1
2026-10-09T04:17:51.5893652Z [1m[92m   Compiling[0m tracing-attributes v0.1.31
2026-10-09T04:17:51.6824313Z [1m[92m   Compiling[0m http v1.5.0
2026-10-09T04:17:52.2977902Z [1m[92m   Compiling[0m slab v0.4.12
2026-10-09T04:17:52.3955534Z [1m[92m   Compiling[0m fnv v1.0.7
2026-10-09T04:17:52.4368343Z [1m[92m   Compiling[0m tracing v0.1.44
2026-10-09T04:17:52.7776188Z [1m[92m   Compiling[0m gix-commitgraph v0.37.1
2026-10-09T04:17:53.2202315Z [1m[92m   Compiling[0m rustls-pki-types v1.15.1
2026-10-09T04:17:53.4734925Z [1m[92m   Compiling[0m gix-glob v0.26.1
2026-10-09T04:17:53.9171432Z [1m[92m   Compiling[0m indexmap v2.14.2
2026-10-09T04:17:54.0558899Z [1m[92m   Compiling[0m simd-adler32 v0.3.10
2026-10-09T04:17:54.5890724Z [1m[92m   Compiling[0m miniz_oxide v0.9.1
2026-10-09T04:17:54.6958663Z [1m[92m   Compiling[0m gix-revwalk v0.32.0
2026-10-09T04:17:54.8621567Z [1m[92m   Compiling[0m icu_properties v2.3.0
2026-10-09T04:17:55.4319327Z [1m[92m   Compiling[0m icu_normalizer v2.3.0
2026-10-09T04:17:55.8693184Z [1m[92m   Compiling[0m http-body v1.1.0
2026-10-09T04:17:55.9530514Z [1m[92m   Compiling[0m tokio-util v0.7.19
2026-10-09T04:17:56.2319083Z [1m[92m   Compiling[0m gix-lock v23.0.1
2026-10-09T04:17:56.5049847Z [1m[92m   Compiling[0m futures-task v0.3.34
2026-10-09T04:17:56.5983731Z [1m[92m   Compiling[0m rustls v0.23.45
2026-10-09T04:17:56.6460568Z [1m[92m   Compiling[0m untrusted v0.9.0
2026-10-09T04:17:56.6649235Z [1m[92m   Compiling[0m futures-io v0.3.34
2026-10-09T04:17:56.6987993Z [1m[92m   Compiling[0m httparse v1.10.1
2026-10-09T04:17:56.7682063Z [1m[92m   Compiling[0m futures-util v0.3.34
2026-10-09T04:17:56.8538902Z [1m[92m   Compiling[0m idna_adapter v1.2.2
2026-10-09T04:17:56.9101104Z [1m[92m   Compiling[0m encoding_rs v0.8.42
2026-10-09T04:17:56.9208239Z [1m[92m   Compiling[0m tower-service v0.3.3
2026-10-09T04:17:56.9580550Z [1m[92m   Compiling[0m atomic-waker v1.1.2
2026-10-09T04:17:57.0102655Z [1m[92m   Compiling[0m try-lock v0.2.5
2026-10-09T04:17:57.0573425Z [1m[92m   Compiling[0m subtle v2.6.1
2026-10-09T04:17:57.0948530Z [1m[92m   Compiling[0m log v0.4.34
2026-10-09T04:17:57.1450675Z [1m[92m   Compiling[0m unicode-bom v2.0.3
2026-10-09T04:17:57.2490071Z [1m[92m   Compiling[0m want v0.3.2
2026-10-09T04:17:57.2553256Z [1m[92m   Compiling[0m h2 v0.4.20
2026-10-09T04:17:57.3448937Z [1m[92m   Compiling[0m idna v1.1.0
2026-10-09T04:17:59.3221634Z [1m[92m   Compiling[0m flate2 v1.1.10
2026-10-09T04:17:59.5866168Z [1m[92m   Compiling[0m futures-channel v0.3.34
2026-10-09T04:17:59.7671532Z [1m[92m   Compiling[0m form_urlencoded v1.2.2
2026-10-09T04:17:59.7672602Z [1m[92m   Compiling[0m gix-config-value v0.18.1
2026-10-09T04:17:59.8917338Z [1m[92m   Compiling[0m multiversion_no_op v1.0.0
2026-10-09T04:17:59.9788391Z [1m[92m   Compiling[0m static_assertions v1.1.0
2026-10-09T04:18:00.0138105Z [1m[92m   Compiling[0m core_detect v1.0.0
2026-10-09T04:18:00.1083223Z [1m[92m   Compiling[0m compression-core v0.4.33
2026-10-09T04:18:00.1920073Z [1m[92m   Compiling[0m simdutf8 v0.1.5
2026-10-09T04:18:00.3398555Z [1m[92m   Compiling[0m shell-words v1.1.1
2026-10-09T04:18:00.4813437Z [1m[92m   Compiling[0m gix-command v0.9.2
2026-10-09T04:18:00.8748561Z [1m[92m   Compiling[0m compression-codecs v0.4.45
2026-10-09T04:18:01.1108216Z [1m[92m   Compiling[0m kstring v2.0.5
2026-10-09T04:18:01.2386568Z [1m[92m   Compiling[0m url v2.5.8
2026-10-09T04:18:03.2331248Z [1m[92m   Compiling[0m hyper v1.12.0
2026-10-09T04:18:03.4878431Z [1m[92m   Compiling[0m sync_wrapper v1.0.2
2026-10-09T04:18:03.5442414Z [1m[92m   Compiling[0m gix-sec v0.14.2
2026-10-09T04:18:03.7715738Z [1m[92m   Compiling[0m tower-layer v0.3.3
2026-10-09T04:18:03.9150680Z [1m[92m   Compiling[0m base64 v0.23.1
2026-10-09T04:18:04.4448588Z [1m[92m   Compiling[0m ipnet v2.12.2
2026-10-09T04:18:04.5365523Z [1m[92m   Compiling[0m openssl-probe v0.2.1
2026-10-09T04:18:04.6930190Z [1m[92m   Compiling[0m hyper-util v0.1.21
2026-10-09T04:18:05.5139061Z [1m[92m   Compiling[0m rustls-native-certs v0.8.4
2026-10-09T04:18:06.1246071Z [1m[92m   Compiling[0m tower v0.5.3
2026-10-09T04:18:06.4610319Z [1m[92m   Compiling[0m gix-attributes v0.33.2
2026-10-09T04:18:06.5882027Z [1m[92m   Compiling[0m async-compression v0.4.50
2026-10-09T04:18:06.7893057Z [1m[92m   Compiling[0m http-body-util v0.1.5
2026-10-09T04:18:06.9108465Z [1m[92m   Compiling[0m semver v1.0.28
2026-10-09T04:18:07.0052598Z [1m[92m   Compiling[0m zmij v1.0.23
2026-10-09T04:18:07.1079286Z [1m[92m   Compiling[0m crossbeam-epoch v0.9.21
2026-10-09T04:18:07.2468400Z [1m[92m   Compiling[0m tower-http v0.6.11
2026-10-09T04:18:07.4586858Z [1m[92m   Compiling[0m gix-ref v0.64.0
2026-10-09T04:18:07.9047727Z [1m[92m   Compiling[0m gix-url v0.36.2
2026-10-09T04:18:08.6428929Z [1m[92m   Compiling[0m gix-packetline v0.21.5
2026-10-09T04:18:08.9161137Z [1m[92m   Compiling[0m crossbeam-deque v0.8.8
2026-10-09T04:18:08.9580366Z [1m[92m   Compiling[0m winnow v1.0.4
2026-10-09T04:18:09.0163710Z [1m[92m   Compiling[0m mime v0.3.17
2026-10-09T04:18:09.2839331Z [1m[92m   Compiling[0m serde_json v1.0.151
2026-10-09T04:18:09.3633893Z [1m[92m   Compiling[0m toml_parser v1.1.5+spec-1.1.0
2026-10-09T04:18:10.0415657Z [1m[92m   Compiling[0m gix-prompt v0.15.1
2026-10-09T04:18:10.3488624Z [1m[92m   Compiling[0m gix-revision v0.46.0
2026-10-09T04:18:10.5330680Z [1m[92m   Compiling[0m gix-traverse v0.58.0
2026-10-09T04:18:11.2900879Z [1m[92m   Compiling[0m serde_spanned v1.1.2
2026-10-09T04:18:11.3620353Z [1m[92m   Compiling[0m gix-bitmap v0.3.3
2026-10-09T04:18:11.6081058Z [1m[92m   Compiling[0m hashbrown v0.16.1
2026-10-09T04:18:12.0208539Z [1m[92m   Compiling[0m filetime v0.2.29
2026-10-09T04:18:12.1488740Z [1m[92m   Compiling[0m object v0.37.3
2026-10-09T04:18:12.2383902Z [1m[92m   Compiling[0m toml_writer v1.1.3+spec-1.1.0
2026-10-09T04:18:12.2580777Z [1m[92m   Compiling[0m utf8parse v0.2.2
2026-10-09T04:18:12.2964911Z [1m[92m   Compiling[0m rayon-core v1.13.0
2026-10-09T04:18:12.3020289Z [1m[92m   Compiling[0m arrayvec v0.7.8
2026-10-09T04:18:12.3628148Z [1m[92m   Compiling[0m anstyle-parse v1.0.0
2026-10-09T04:18:12.4189094Z [1m[92m   Compiling[0m clru v0.6.3
2026-10-09T04:18:12.4339798Z [1m[92m   Compiling[0m uluru v3.1.0
2026-10-09T04:18:12.4885097Z [1m[92m   Compiling[0m gix-index v0.52.0
2026-10-09T04:18:12.4889910Z [1m[92m   Compiling[0m gix-refspec v0.42.0
2026-10-09T04:18:12.5827854Z [1m[92m   Compiling[0m gix-credentials v0.38.2
2026-10-09T04:18:14.1493990Z [1m[92m   Compiling[0m gix-ignore v0.21.1
2026-10-09T04:18:14.4478680Z [1m[92m   Compiling[0m arc-swap v1.9.2
2026-10-09T04:18:14.6469105Z [1m[92m   Compiling[0m fs-err v3.3.2
2026-10-09T04:18:14.7131165Z [1m[92m   Compiling[0m eyre v0.6.14
2026-10-09T04:18:14.7912204Z [1m[92m   Compiling[0m gimli v0.32.3
2026-10-09T04:18:15.9378952Z [1m[92m   Compiling[0m is_terminal_polyfill v1.70.2
2026-10-09T04:18:15.9671155Z [1m[92m   Compiling[0m colorchoice v1.0.5
2026-10-09T04:18:16.0026969Z [1m[92m   Compiling[0m camino v1.2.6
2026-10-09T04:18:16.1220478Z [1m[92m   Compiling[0m foldhash v0.1.5
2026-10-09T04:18:16.2539840Z [1m[92m   Compiling[0m base64 v0.22.1
2026-10-09T04:18:16.6332722Z [1m[92m   Compiling[0m anstyle v1.0.14
2026-10-09T04:18:16.7990114Z [1m[92m   Compiling[0m anstyle-query v1.1.5
2026-10-09T04:18:16.8328593Z [1m[92m   Compiling[0m anstream v1.0.0
2026-10-09T04:18:17.0588571Z [1m[92m   Compiling[0m addr2line v0.25.1
2026-10-09T04:18:17.1903932Z [1m[92m   Compiling[0m hashbrown v0.15.5
2026-10-09T04:18:17.4531751Z [1m[92m   Compiling[0m gix-worktree v0.53.0
2026-10-09T04:18:17.7583204Z [1m[92m   Compiling[0m gix-pack v0.71.0
2026-10-09T04:18:18.8438092Z [1m[92m   Compiling[0m gix-filter v0.31.0
2026-10-09T04:18:21.7825388Z [1m[92m   Compiling[0m gix-config v0.57.0
2026-10-09T04:18:21.7898517Z [1m[92m   Compiling[0m gix-pathspec v0.18.1
2026-10-09T04:18:22.0703060Z [1m[92m   Compiling[0m gix-shallow v0.12.1
2026-10-09T04:18:22.5939384Z [1m[92m   Compiling[0m gix-negotiate v0.32.0
2026-10-09T04:18:23.4131081Z [1m[92m   Compiling[0m maybe-async v0.2.11
2026-10-09T04:18:23.5188208Z [1m[92m   Compiling[0m miniz_oxide v0.8.9
2026-10-09T04:18:23.8461404Z [1m[92m   Compiling[0m toml_datetime v1.1.2+spec-1.1.0
2026-10-09T04:18:24.0879072Z [1m[92m   Compiling[0m wasmparser v0.207.0
2026-10-09T04:18:24.1554738Z [1m[92m   Compiling[0m regex v1.13.1
2026-10-09T04:18:25.4099111Z [1m[92m   Compiling[0m io-close v0.3.7
2026-10-09T04:18:25.5208570Z [1m[92m   Compiling[0m either v1.19.0
2026-10-09T04:18:25.6698183Z [1m[92m   Compiling[0m clap_lex v1.1.1
2026-10-09T04:18:25.9258531Z [1m[92m   Compiling[0m indenter v0.3.4
2026-10-09T04:18:25.9858621Z [1m[92m   Compiling[0m fixedbitset v0.5.7
2026-10-09T04:18:26.4688067Z [1m[92m   Compiling[0m strsim v0.11.1
2026-10-09T04:18:27.4738326Z [1m[92m   Compiling[0m topological-sort v0.2.2
2026-10-09T04:18:27.5750252Z [1m[92m   Compiling[0m binfarce v0.2.2
2026-10-09T04:18:27.5928899Z [1m[92m   Compiling[0m heck v0.5.0
2026-10-09T04:18:27.7100936Z [1m[92m   Compiling[0m rustc-demangle v0.1.28
2026-10-09T04:18:28.7248573Z [1m[92m   Compiling[0m lazy_static v1.5.1
2026-10-09T04:18:28.7728519Z [1m[92m   Compiling[0m sharded-slab v0.1.7
2026-10-09T04:18:29.2768982Z [1m[92m   Compiling[0m auditable-extract v0.3.5
2026-10-09T04:18:29.3493144Z [1m[92m   Compiling[0m backtrace v0.3.76
2026-10-09T04:18:29.3758839Z [1m[92m   Compiling[0m clap_derive v4.6.7
2026-10-09T04:18:29.4073364Z [1m[92m   Compiling[0m auditable-serde v0.9.0
2026-10-09T04:18:30.6710010Z [1m[92m   Compiling[0m clap_builder v4.6.7
2026-10-09T04:18:32.5350720Z [1m[92m   Compiling[0m petgraph v0.8.3
2026-10-09T04:18:34.1958548Z [1m[92m   Compiling[0m rayon v1.12.0
2026-10-09T04:18:34.8298147Z [1m[92m   Compiling[0m gix-worktree-state v0.31.0
2026-10-09T04:18:35.2506723Z [1m[92m   Compiling[0m toml v1.1.8+spec-1.1.0
2026-10-09T04:18:36.3888565Z [1m[92m   Compiling[0m gix-submodule v0.31.0
2026-10-09T04:18:38.0472964Z [1m[92m   Compiling[0m gix-odb v0.81.0
2026-10-09T04:18:39.8655210Z [1m[92m   Compiling[0m gix-discover v0.52.0
2026-10-09T04:18:40.3668685Z [1m[92m   Compiling[0m tracing-log v0.2.0
2026-10-09T04:18:40.6021041Z [1m[92m   Compiling[0m synstructure v0.13.2
2026-10-09T04:18:40.9118793Z [1m[92m   Compiling[0m gix-diff v0.64.0
2026-10-09T04:18:40.9359030Z [1m[92m   Compiling[0m deranged v0.5.8
2026-10-09T04:18:41.1103976Z [1m[92m   Compiling[0m toml_datetime v0.7.5+spec-1.1.0
2026-10-09T04:18:41.4061568Z [1m[92m   Compiling[0m smol_str v0.3.6
2026-10-09T04:18:41.6248154Z [1m[92m   Compiling[0m matchers v0.2.0
2026-10-09T04:18:41.6988297Z [1m[92m   Compiling[0m toml-span v0.7.2
2026-10-09T04:18:41.8632631Z [1m[92m   Compiling[0m thread_local v1.1.10
2026-10-09T04:18:42.0437448Z [1m[92m   Compiling[0m num-conv v0.2.2
2026-10-09T04:18:42.1384320Z [1m[92m   Compiling[0m owo-colors v4.4.0
2026-10-09T04:18:42.8758826Z [1m[92m   Compiling[0m ident_case v1.0.1
2026-10-09T04:18:42.9232901Z [1m[92m   Compiling[0m twox-hash v2.1.5
2026-10-09T04:18:42.9937268Z [1m[92m   Compiling[0m powerfmt v0.2.1
2026-10-09T04:18:43.0940938Z [1m[92m   Compiling[0m time-core v0.1.9
2026-10-09T04:18:43.1558662Z [1m[92m   Compiling[0m winnow v0.7.15
2026-10-09T04:18:43.2228204Z [1m[92m   Compiling[0m object v0.39.1
2026-10-09T04:18:43.3154011Z [1m[92m   Compiling[0m nu-ansi-term v0.50.3
2026-10-09T04:18:43.6564679Z [1m[92m   Compiling[0m rustc-stable-hash v0.1.2
2026-10-09T04:18:43.7739379Z [1m[92m   Compiling[0m tracing-subscriber v0.3.23
2026-10-09T04:18:44.5833388Z [1m[92m   Compiling[0m toml v0.9.12+spec-1.1.0
2026-10-09T04:18:44.6598228Z [1m[92m   Compiling[0m time v0.3.55
2026-10-09T04:18:47.5211706Z [1m[92m   Compiling[0m abscissa_derive v0.9.0
2026-10-09T04:18:47.7386957Z [1m[92m   Compiling[0m color-eyre v0.6.5
2026-10-09T04:18:48.4651696Z [1m[92m   Compiling[0m cargo-lock v11.1.0
2026-10-09T04:18:48.8588418Z [1m[92m   Compiling[0m clap v4.6.7
2026-10-09T04:18:48.9391916Z [1m[92m   Compiling[0m auditable-info v0.10.1
2026-10-09T04:18:49.3772698Z [1m[92m   Compiling[0m quitters v0.1.0
2026-10-09T04:18:49.7830207Z [1m[92m   Compiling[0m secrecy v0.10.3
2026-10-09T04:18:49.8668651Z [1m[92m   Compiling[0m platforms v3.12.0
2026-10-09T04:18:49.8985113Z [1m[92m   Compiling[0m cvss v2.2.0
2026-10-09T04:18:50.2309506Z [1m[92m   Compiling[0m wasmparser v0.247.0
2026-10-09T04:18:51.8860594Z [1m[92m   Compiling[0m wait-timeout v0.2.1
2026-10-09T04:18:52.2413583Z [1m[92m   Compiling[0m termcolor v1.4.1
2026-10-09T04:18:52.5410330Z [1m[92m   Compiling[0m canonical-path v2.0.2
2026-10-09T04:18:52.6499875Z [1m[92m   Compiling[0m home v0.5.12
2026-10-09T04:18:52.7300548Z [1m[92m   Compiling[0m abscissa_core v0.9.0
2026-10-09T04:18:55.9288954Z [1m[92m   Compiling[0m display-error-chain v0.2.2
2026-10-09T04:19:05.2534515Z [1m[92m   Compiling[0m rustls-webpki v0.103.15
2026-10-09T04:19:08.4860681Z [1m[92m   Compiling[0m tokio-rustls v0.26.6
2026-10-09T04:19:08.4868928Z [1m[92m   Compiling[0m rustls-platform-verifier v0.7.1
2026-10-09T04:19:08.6878387Z [1m[92m   Compiling[0m hyper-rustls v0.27.10
2026-10-09T04:19:08.9801132Z [1m[92m   Compiling[0m reqwest v0.13.5
2026-10-09T04:19:13.8048774Z [1m[92m   Compiling[0m gix-transport v0.57.2
2026-10-09T04:19:13.8838947Z [1m[92m   Compiling[0m tame-index v0.26.3
2026-10-09T04:19:15.0828465Z [1m[92m   Compiling[0m gix-protocol v0.62.0
2026-10-09T04:19:18.2591494Z [1m[92m   Compiling[0m gix v0.84.0
2026-10-09T04:19:22.0653511Z [1m[92m   Compiling[0m rustsec v0.33.0
2026-10-09T04:19:25.5403648Z [1m[92m   Compiling[0m cargo-audit v0.22.2
2026-10-09T04:19:40.8042561Z [1m[92m    Finished[0m `release` profile [optimized] target(s) in 2m 21s
2026-10-09T04:19:40.8904416Z [1m[92m  Installing[0m /home/runner/.cargo/bin/cargo-audit
2026-10-09T04:19:40.9014971Z [1m[92m   Installed[0m package `cargo-audit v0.22.2` (executable `cargo-audit`)
2026-10-09T04:19:41.8539036Z ##[endgroup]
2026-10-09T04:19:41.8540244Z ##[group]Calling cargo-audit (JSON output)
2026-10-09T04:19:41.8548370Z [command]/home/runner/.cargo/bin/cargo audit --json --file ./Cargo.lock
2026-10-09T04:19:45.2400765Z {"database":{"advisory-count":1295,"last-commit":"550efd3d587a29b2e2c2b21b17a440da4fede999","last-updated":"2026-10-08T16:47:14+02:00"},"lockfile":{"dependency-count":338},"settings":{"target_arch":[],"target_os":[],"severity":null,"ignore":[],"informational_warnings":["unmaintained","unsound","notice"]},"vulnerabilities":{"found":false,"count":0,"list":[]},"warnings":{}}
2026-10-09T04:19:45.2455840Z 
2026-10-09T04:19:45.2457307Z ##[endgroup]
2026-10-09T04:19:45.2457641Z No vulnerabilities were found
2026-10-09T04:19:45.2458100Z No warnings were found
2026-10-09T04:19:45.2631803Z Post job cleanup.
2026-10-09T04:19:45.3330409Z [command]/usr/bin/git version
2026-10-09T04:19:45.3359720Z git version 2.55.0
2026-10-09T04:19:45.3385058Z Temporarily overriding HOME='/home/runner/work/_temp/3bf05dc1-4700-4635-9328-4db6310f1bdf' before making global git config changes
2026-10-09T04:19:45.3386021Z Adding repository directory to the temporary git global config as a safe directory
2026-10-09T04:19:45.3390150Z [command]/usr/bin/git config --global --add safe.directory /home/runner/work/codecortex/codecortex
2026-10-09T04:19:45.3419079Z [command]/usr/bin/git config --local --name-only --get-regexp core\.sshCommand
2026-10-09T04:19:45.3444326Z [command]/usr/bin/git submodule foreach --recursive sh -c "git config --local --name-only --get-regexp 'core\.sshCommand' && git config --local --unset-all 'core.sshCommand' || :"
2026-10-09T04:19:45.3637758Z [command]/usr/bin/git config --local --name-only --get-regexp http\.https\:\/\/github\.com\/\.extraheader
2026-10-09T04:19:45.3654807Z http.https://github.com/.extraheader
2026-10-09T04:19:45.3661537Z [command]/usr/bin/git config --local --unset-all http.https://github.com/.extraheader
2026-10-09T04:19:45.3688736Z [command]/usr/bin/git submodule foreach --recursive sh -c "git config --local --name-only --get-regexp 'http\.https\:\/\/github\.com\/\.extraheader' && git config --local --unset-all 'http.https://github.com/.extraheader' || :"
2026-10-09T04:19:45.3868080Z [command]/usr/bin/git config --local --name-only --get-regexp ^includeIf\.gitdir:
2026-10-09T04:19:45.3891609Z [command]/usr/bin/git submodule foreach --recursive git config --local --show-origin --name-only --get-regexp remote.origin.url
2026-10-09T04:19:45.4193672Z Cleaning up orphan processes
2026-10-09T04:19:45.4432242Z ##[warning]Node.js 20 is deprecated. The following actions target Node.js 20 but are being forced to run on Node.js 24: actions/checkout@v4, rustsec/audit-check@v2.0.0. For more information see: https://github.blog/changelog/2025-09-19-deprecation-of-node-20-on-github-actions-runners/
