    Updating crates.io index
 Downloading crates ...
  Downloaded displaydoc v0.2.7
  Downloaded httparse v1.10.1
  Downloaded http-body v1.1.0
  Downloaded http-body-util v0.1.5
  Downloaded form_urlencoded v1.2.2
  Downloaded atomic-waker v1.1.2
  Downloaded chacha20 v0.10.2
  Downloaded crossbeam-epoch v0.9.20
  Downloaded hyper-rustls v0.27.10
  Downloaded http v1.5.0
  Downloaded base64 v0.23.1
  Downloaded hyper v1.11.1
  Downloaded icu_locale_core v2.3.0
  Downloaded hyper-util v0.1.21
  Downloaded icu_properties v2.3.0
  Downloaded icu_collections v2.3.0
  Downloaded lru-slab v0.1.3
  Downloaded litemap v0.8.3
  Downloaded idna_adapter v1.2.2
  Downloaded icu_normalizer_data v2.3.0
  Downloaded idna v1.1.0
  Downloaded ipnet v2.12.2
  Downloaded percent-encoding v2.3.2
  Downloaded lru v0.18.2
  Downloaded inotify-sys v0.1.8
  Downloaded inotify v0.11.5
  Downloaded icu_provider v2.3.1
  Downloaded icu_properties_data v2.3.0
  Downloaded icu_normalizer v2.3.0
  Downloaded quinn-udp v0.5.15
  Downloaded potential_utf v0.1.6
  Downloaded notify v8.2.0
  Downloaded rand_pcg v0.10.2
  Downloaded notify-types v2.1.0
  Downloaded quinn v0.11.12
  Downloaded rand v0.10.3
  Downloaded reqwest v0.12.28
  Downloaded rustc-hash v2.1.3
  Downloaded quinn-proto v0.11.18
  Downloaded stable_deref_trait v1.2.1
  Downloaded serde_urlencoded v0.7.1
  Downloaded ryu v1.0.23
  Downloaded rustls-pki-types v1.15.1
  Downloaded rustls v0.23.45
  Downloaded tokio-rustls v0.26.5
  Downloaded tinyvec v1.13.3
  Downloaded tinystr v0.8.4
  Downloaded syn v3.0.6
  Downloaded tower-layer v0.3.3
  Downloaded ring v0.17.14
  Downloaded untrusted v0.9.0
  Downloaded yoke v0.8.3
  Downloaded tower-http v0.6.11
  Downloaded zerofrom-derive v0.1.8
  Downloaded tower v0.5.3
  Downloaded zerofrom v0.1.8
  Downloaded yoke-derive v0.8.4
  Downloaded zerotrie v0.2.5
  Downloaded zerovec-derive v0.11.6
  Downloaded zeroize v1.9.0
  Downloaded webpki-roots v1.0.9
  Downloaded url v2.5.8
  Downloaded writeable v0.6.4
  Downloaded want v0.3.1
  Downloaded utf8_iter v1.0.4
  Downloaded try-lock v0.2.5
  Downloaded tower-service v0.3.3
  Downloaded subtle v2.6.1
  Downloaded rustls-webpki v0.103.15
  Downloaded zerovec v0.11.8
  Downloaded synstructure v0.14.0
  Downloaded sync_wrapper v1.0.2
   Compiling libc v0.2.183
   Compiling proc-macro2 v1.0.106
   Compiling quote v1.0.45
   Compiling unicode-ident v1.0.24
   Compiling find-msvc-tools v0.1.9
   Compiling shlex v1.3.0
   Compiling cfg-if v1.0.4
   Compiling memchr v2.8.0
   Compiling jobserver v0.1.34
   Compiling smallvec v1.15.1
   Compiling syn v2.0.117
   Compiling cc v1.2.58
   Compiling log v0.4.29
   Compiling tree-sitter-language v0.1.7
   Compiling pin-project-lite v0.2.17
   Compiling syn v3.0.6
   Compiling parking_lot_core v0.9.12
   Compiling scopeguard v1.2.0
   Compiling serde_core v1.0.228
   Compiling lock_api v0.4.14
   Compiling itoa v1.0.18
   Compiling parking_lot v0.12.5
   Compiling serde v1.0.228
   Compiling once_cell v1.21.4
   Compiling pkg-config v0.3.32
   Compiling synstructure v0.14.0
   Compiling zmij v1.0.21
   Compiling zerofrom-derive v0.1.8
   Compiling yoke-derive v0.8.4
   Compiling stable_deref_trait v1.2.1
   Compiling zerofrom v0.1.8
   Compiling futures-core v0.3.32
   Compiling bytes v1.11.1
   Compiling yoke v0.8.3
   Compiling zerovec-derive v0.11.6
   Compiling tracing-core v0.1.36
   Compiling serde_derive v1.0.228
   Compiling tracing-attributes v0.1.31
   Compiling zerovec v0.11.8
   Compiling displaydoc v0.2.7
   Compiling mio v1.2.0
   Compiling aho-corasick v1.1.4
   Compiling errno v0.3.14
   Compiling futures-sink v0.3.32
   Compiling regex-syntax v0.8.10
   Compiling equivalent v1.0.2
   Compiling futures-channel v0.3.32
   Compiling tracing v0.1.44
   Compiling signal-hook-registry v1.4.8
   Compiling tokio-macros v2.6.1
   Compiling socket2 v0.6.3
   Compiling bitflags v2.11.0
   Compiling cpufeatures v0.3.0
   Compiling tokio v1.50.0
   Compiling futures-macro v0.3.32
   Compiling regex-automata v0.4.14
   Compiling serde_json v1.0.149
   Compiling futures-task v0.3.32
   Compiling autocfg v1.5.0
   Compiling futures-io v0.3.32
   Compiling slab v0.4.12
   Compiling futures-util v0.3.32
   Compiling num-traits v0.2.19
   Compiling tinystr v0.8.4
   Compiling zstd-sys v2.0.16+zstd.1.5.7
   Compiling rand_core v0.10.0
   Compiling writeable v0.6.4
   Compiling foldhash v0.2.0
   Compiling allocator-api2 v0.2.21
   Compiling vcpkg v0.2.15
   Compiling litemap v0.8.3
   Compiling thiserror v2.0.18
   Compiling getrandom v0.4.2
   Compiling crossbeam-utils v0.8.21
   Compiling libsqlite3-sys v0.38.1
   Compiling icu_locale_core v2.3.0
   Compiling hashbrown v0.17.1
   Compiling zerotrie v0.2.5
   Compiling potential_utf v0.1.6
   Compiling thiserror-impl v2.0.18
   Compiling blake3 v1.8.4
   Compiling ring v0.17.14
   Compiling utf8_iter v1.0.4
   Compiling icu_normalizer_data v2.3.0
   Compiling icu_properties_data v2.3.0
   Compiling crossbeam-epoch v0.9.20
   Compiling icu_collections v2.3.0
   Compiling icu_provider v2.3.1
   Compiling chacha20 v0.10.2
   Compiling http v1.5.0
   Compiling constant_time_eq v0.4.2
   Compiling iana-time-zone v0.1.65
   Compiling zeroize v1.9.0
   Compiling zstd-safe v7.2.4
   Compiling arrayref v0.3.9
   Compiling percent-encoding v2.3.2
   Compiling arrayvec v0.7.6
   Compiling rustls-pki-types v1.15.1
   Compiling chrono v0.4.44
   Compiling http-body v1.1.0
   Compiling rand v0.10.3
   Compiling hashlink v0.12.1
   Compiling regex v1.12.3
   Compiling scheduled-thread-pool v0.2.7
   Compiling getrandom v0.2.17
   Compiling httparse v1.10.1
   Compiling fallible-streaming-iterator v0.1.9
   Compiling fallible-iterator v0.3.0
   Compiling untrusted v0.9.0
   Compiling r2d2 v0.8.10
   Compiling icu_properties v2.3.0
   Compiling icu_normalizer v2.3.0
   Compiling crossbeam-deque v0.8.6
   Compiling uuid v1.23.0
   Compiling cc-model v1.0.0 (/workspace/codecortex/crates/cc-model)
   Compiling rustls v0.23.45
   Compiling strsim v0.11.1
   Compiling try-lock v0.2.5
   Compiling ident_case v1.0.1
   Compiling rayon-core v1.13.0
   Compiling tower-service v0.3.3
   Compiling darling_core v0.23.0
   Compiling want v0.3.1
   Compiling rustls-webpki v0.103.15
   Compiling idna_adapter v1.2.2
   Compiling form_urlencoded v1.2.2
   Compiling tree-sitter-javascript v0.23.1
   Compiling tree-sitter-c v0.23.4
   Compiling tree-sitter-rust v0.23.3
   Compiling tree-sitter-python v0.23.6
   Compiling tree-sitter-cpp v0.23.4
   Compiling tree-sitter-go v0.23.4
   Compiling tree-sitter-java v0.23.5
   Compiling tree-sitter-typescript v0.23.2
   Compiling tree-sitter v0.24.7
   Compiling atomic-waker v1.1.2
   Compiling subtle v2.6.1
   Compiling utf8parse v0.2.2
   Compiling hashbrown v0.16.1
   Compiling inotify-sys v0.1.8
   Compiling same-file v1.0.6
   Compiling ref-cast v1.0.25
   Compiling walkdir v2.5.0
   Compiling indexmap v2.13.0
   Compiling anstyle-parse v1.0.0
   Compiling hyper v1.11.1
   Compiling idna v1.1.0
   Compiling darling_macro v0.23.0
   Compiling serde_spanned v0.6.9
   Compiling toml_datetime v0.6.11
   Compiling ref-cast-impl v1.0.25
   Compiling sync_wrapper v1.0.2
   Compiling serde_derive_internals v0.29.1
   Compiling bstr v1.12.1
   Compiling is_terminal_polyfill v1.70.2
   Compiling tower-layer v0.3.3
   Compiling winnow v0.7.15
   Compiling either v1.15.0
   Compiling toml_write v0.1.2
   Compiling anstyle-query v1.1.5
   Compiling colorchoice v1.0.5
   Compiling anstyle v1.0.14
   Compiling ipnet v2.12.2
   Compiling base64 v0.23.1
   Compiling streaming-iterator v0.1.9
   Compiling hyper-util v0.1.21
   Compiling toml_edit v0.22.27
   Compiling anstream v1.0.0
   Compiling rayon v1.11.0
   Compiling zstd v0.13.3
   Compiling schemars_derive v1.2.1
   Compiling tower v0.5.3
   Compiling globset v0.4.18
   Compiling darling v0.23.0
   Compiling url v2.5.8
   Compiling tokio-rustls v0.26.5
   Compiling webpki-roots v1.0.9
   Compiling lru v0.18.2
   Compiling futures-executor v0.3.32
   Compiling rmcp v2.2.0
   Compiling dyn-clone v1.0.20
   Compiling option-ext v0.2.0
   Compiling clap_lex v1.0.0
   Compiling base64 v0.22.1
   Compiling heck v0.5.0
   Compiling lazy_static v1.5.0
   Compiling ryu v1.0.23
   Compiling sharded-slab v0.1.7
   Compiling clap_builder v4.6.0
   Compiling serde_urlencoded v0.7.1
   Compiling clap_derive v4.6.0
   Compiling dirs-sys v0.4.1
   Compiling schemars v1.2.1
   Compiling futures v0.3.32
   Compiling hyper-rustls v0.27.10
   Compiling inotify v0.11.5
   Compiling cc-parsers v1.0.0 (/workspace/codecortex/crates/cc-parsers)
   Compiling tower-http v0.6.11
   Compiling rmcp-macros v2.2.0
   Compiling ignore v0.4.25
   Compiling toml v0.8.23
   Compiling http-body-util v0.1.5
   Compiling tokio-util v0.7.18
   Compiling matchers v0.2.0
   Compiling notify-types v2.1.0
   Compiling tracing-log v0.2.0
   Compiling async-trait v0.1.89
   Compiling thread_local v1.1.9
   Compiling nu-ansi-term v0.50.3
   Compiling pastey v0.2.1
   Compiling tracing-subscriber v0.3.23
   Compiling rusqlite v0.40.1
   Compiling r2d2_sqlite v0.35.0
   Compiling cc-db v1.0.0 (/workspace/codecortex/crates/cc-db)
   Compiling notify v8.2.0
   Compiling reqwest v0.12.28
   Compiling clap v4.6.0
   Compiling dirs v5.0.1
   Compiling cc-index v1.0.0 (/workspace/codecortex/crates/cc-index)
   Compiling cc-search v1.0.0 (/workspace/codecortex/crates/cc-search)
   Compiling cc-semantic v1.0.0 (/workspace/codecortex/crates/cc-semantic)
   Compiling cc-server v1.0.0 (/workspace/codecortex/crates/cc-server)
    Finished `release` profile [optimized] target(s) in 3m 56s
