    Blocking waiting for file lock on package cache
    Blocking waiting for file lock on package cache
   Compiling libc v0.2.183
   Compiling shlex v1.3.0
   Compiling find-msvc-tools v0.1.9
   Compiling tree-sitter-language v0.1.7
   Compiling proc-macro2 v1.0.106
   Compiling quote v1.0.45
   Compiling jobserver v0.1.34
   Compiling unicode-ident v1.0.24
   Compiling cc v1.2.58
   Compiling syn v2.0.117
   Compiling cfg-if v1.0.4
   Compiling serde_core v1.0.228
   Compiling pkg-config v0.3.32
   Compiling memchr v2.8.0
   Compiling serde v1.0.228
   Compiling serde_derive v1.0.228
   Compiling equivalent v1.0.2
   Compiling cpufeatures v0.3.0
   Compiling aho-corasick v1.1.4
   Compiling crossbeam-utils v0.8.21
   Compiling smallvec v1.15.1
   Compiling regex-syntax v0.8.10
   Compiling parking_lot_core v0.9.12
   Compiling zstd-sys v2.0.16+zstd.1.5.7
   Compiling scopeguard v1.2.0
   Compiling zmij v1.0.21
   Compiling getrandom v0.4.2
   Compiling allocator-api2 v0.2.21
   Compiling foldhash v0.2.0
   Compiling rand_core v0.10.0
   Compiling vcpkg v0.2.15
   Compiling regex-automata v0.4.14
   Compiling crossbeam-epoch v0.9.20
   Compiling libsqlite3-sys v0.38.1
   Compiling hashbrown v0.17.1
   Compiling lock_api v0.4.14
   Compiling blake3 v1.8.4
   Compiling thiserror v2.0.18
   Compiling serde_json v1.0.149
   Compiling once_cell v1.21.4
   Compiling log v0.4.29
   Compiling autocfg v1.5.0
   Compiling num-traits v0.2.19
   Compiling tracing-core v0.1.36
   Compiling parking_lot v0.12.5
   Compiling chacha20 v0.10.2
   Compiling tracing-attributes v0.1.31
   Compiling thiserror-impl v2.0.18
   Compiling arrayref v0.3.9
   Compiling arrayvec v0.7.6
   Compiling itoa v1.0.18
   Compiling zstd-safe v7.2.4
   Compiling pin-project-lite v0.2.17
   Compiling constant_time_eq v0.4.2
   Compiling tracing v0.1.44
   Compiling rand v0.10.3
   Compiling crossbeam-deque v0.8.6
   Compiling scheduled-thread-pool v0.2.7
   Compiling hashlink v0.12.1
   Compiling regex v1.12.3
   Compiling tree-sitter-typescript v0.23.2
   Compiling tree-sitter-c v0.23.4
   Compiling tree-sitter-cpp v0.23.4
   Compiling tree-sitter-go v0.23.4
   Compiling tree-sitter-java v0.23.5
   Compiling tree-sitter-javascript v0.23.1
   Compiling tree-sitter v0.24.7
   Compiling tree-sitter-rust v0.23.3
   Compiling tree-sitter-python v0.23.6
   Compiling fallible-streaming-iterator v0.1.9
   Compiling hashbrown v0.16.1
   Compiling bitflags v2.11.0
   Compiling fallible-iterator v0.3.0
   Compiling rayon-core v1.13.0
   Compiling rusqlite v0.40.1
   Compiling indexmap v2.13.0
   Compiling r2d2 v0.8.10
   Compiling cc-model v1.0.0 (/workspace/codecortex/artifacts/checkpoints/independent-requests-fix-20261003/recheck-671063b/snapshots/old/crates/cc-model)
   Compiling uuid v1.23.0
   Compiling toml_datetime v0.6.11
   Compiling serde_spanned v0.6.9
   Compiling bstr v1.12.1
   Compiling iana-time-zone v0.1.65
   Compiling toml_write v0.1.2
   Compiling winnow v0.7.15
   Compiling same-file v1.0.6
   Compiling streaming-iterator v0.1.9
   Compiling walkdir v2.5.0
   Compiling toml_edit v0.22.27
   Compiling chrono v0.4.44
   Compiling globset v0.4.18
   Compiling zstd v0.13.3
   Compiling r2d2_sqlite v0.35.0
   Compiling either v1.15.0
   Compiling cc-parsers v1.0.0 (/workspace/codecortex/artifacts/checkpoints/independent-requests-fix-20261003/recheck-671063b/snapshots/old/crates/cc-parsers)
   Compiling rayon v1.11.0
   Compiling cc-db v1.0.0 (/workspace/codecortex/artifacts/checkpoints/independent-requests-fix-20261003/recheck-671063b/snapshots/old/crates/cc-db)
   Compiling ignore v0.4.25
   Compiling toml v0.8.23
   Compiling lru v0.18.2
   Compiling cc-index v1.0.0 (/workspace/codecortex/artifacts/checkpoints/independent-requests-fix-20261003/recheck-671063b/snapshots/old/crates/cc-index)
   Compiling independent-requests-recheck-old v0.0.0 (/workspace/codecortex/artifacts/checkpoints/independent-requests-fix-20261003/recheck-671063b/harness-old)
    Finished `dev` profile [unoptimized + debuginfo] target(s) in 1m 08s
