2026-10-08T08:54:43.7660805Z Current runner version: '2.337.0'
2026-10-08T08:54:43.7676622Z ##[group]Runner Image Provisioner
2026-10-08T08:54:43.7677182Z Hosted Compute Agent
2026-10-08T08:54:43.7677525Z Version: 20261002.596
2026-10-08T08:54:43.7677945Z Commit: c3d12f3313a95f25162a1503be624f3b0617f8c0
2026-10-08T08:54:43.7678395Z Build Date: 2026-10-02T22:28:27Z
2026-10-08T08:54:43.7678779Z Worker ID: {cb2a0680-48fe-4f56-b6f3-aec178081ccb}
2026-10-08T08:54:43.7679208Z Region: centralus
2026-10-08T08:54:43.7679529Z Cloud: Azure
2026-10-08T08:54:43.7679830Z ##[endgroup]
2026-10-08T08:54:43.7680591Z ##[group]Operating System
2026-10-08T08:54:43.7680936Z Ubuntu
2026-10-08T08:54:43.7681267Z 24.04.5
2026-10-08T08:54:43.7681580Z LTS
2026-10-08T08:54:43.7681894Z ##[endgroup]
2026-10-08T08:54:43.7682281Z ##[group]Runner Image
2026-10-08T08:54:43.7682803Z Image: ubuntu-24.04
2026-10-08T08:54:43.7683173Z Version: 20261004.327.1
2026-10-08T08:54:43.7683898Z Included Software: https://github.com/actions/runner-images/blob/ubuntu24/20261004.327/images/ubuntu/Ubuntu2404-Readme.md
2026-10-08T08:54:43.7684781Z Image Release: https://github.com/actions/runner-images/releases/tag/ubuntu24%2F20261004.327
2026-10-08T08:54:43.7685307Z ##[endgroup]
2026-10-08T08:54:43.7685991Z ##[group]GITHUB_TOKEN Permissions
2026-10-08T08:54:43.7687115Z Actions: read
2026-10-08T08:54:43.7687507Z Contents: read
2026-10-08T08:54:43.7687837Z Metadata: read
2026-10-08T08:54:43.7688156Z ##[endgroup]
2026-10-08T08:54:43.7689353Z Secret source: Actions
2026-10-08T08:54:43.7689902Z Cache mode: write
2026-10-08T08:54:43.7690339Z Prepare workflow directory
2026-10-08T08:54:43.8016833Z Prepare all required actions
2026-10-08T08:54:43.8047364Z Getting action download info
2026-10-08T08:54:44.0529198Z Download action repository 'actions/checkout@v4' (SHA:11d5960a326750d5838078e36cf38b85af677262)
2026-10-08T08:54:44.1521742Z Download action repository 'actions/download-artifact@v4' (SHA:d3f86a106a0bac45b974a628896c90dbdf5c8093)
2026-10-08T08:54:44.9164229Z Download action repository 'actions/upload-artifact@v4' (SHA:ea165f8d65b6e75b540449e92b4886f43607fa02)
2026-10-08T08:54:45.3677834Z Complete job name: preseal (prepare-source, mahmoud/boltons, 4e5faa3d7e4008d89e0d8bf1ea87b6d9a061a16d)
2026-10-08T08:54:45.4245977Z ##[group]Run actions/checkout@v4
2026-10-08T08:54:45.4246708Z with:
2026-10-08T08:54:45.4247177Z   path: utility
2026-10-08T08:54:45.4247706Z   persist-credentials: false
2026-10-08T08:54:45.4248299Z   repository: jyqj/codecortex
2026-10-08T08:54:45.4253085Z   token: ***
2026-10-08T08:54:45.4253572Z   ssh-strict: true
2026-10-08T08:54:45.4254088Z   ssh-user: git
2026-10-08T08:54:45.4254574Z   clean: true
2026-10-08T08:54:45.4255165Z   sparse-checkout-cone-mode: true
2026-10-08T08:54:45.4255771Z   fetch-depth: 1
2026-10-08T08:54:45.4256276Z   fetch-tags: false
2026-10-08T08:54:45.4256798Z   show-progress: true
2026-10-08T08:54:45.4257331Z   lfs: false
2026-10-08T08:54:45.4257814Z   submodules: false
2026-10-08T08:54:45.4258339Z   set-safe-directory: true
2026-10-08T08:54:45.4258937Z   allow-unsafe-pr-checkout: false
2026-10-08T08:54:45.4259641Z env:
2026-10-08T08:54:45.4260133Z   PYTHONDONTWRITEBYTECODE: 1
2026-10-08T08:54:45.4260726Z   RUSTUP_TOOLCHAIN: 1.95.0
2026-10-08T08:54:45.4261427Z   CANDIDATE_SOURCE: 2cd04485b0e0b23483f64671d56538bbaa47f442
2026-10-08T08:54:45.4262540Z   HELPER_MAP_SHA256: c9e27b4f838d9c39f00fe7af95953d5fc8c596c25ef6b0a1c4d93f9d30c87cb4
2026-10-08T08:54:45.4263490Z   REQUESTED_MODE: prepare-source
2026-10-08T08:54:45.4264092Z   PACKAGE_RUN_ID: 37749276827
2026-10-08T08:54:45.4264992Z   PACKAGE_MANIFEST_SHA256: 1dce263321c34dc60e69132d7e386ffa90c9d0436c1be5759efd7fefc957958b
2026-10-08T08:54:45.4265998Z   UPSTREAM_REPOSITORY: mahmoud/boltons
2026-10-08T08:54:45.4266744Z   UPSTREAM_COMMIT: 4e5faa3d7e4008d89e0d8bf1ea87b6d9a061a16d
2026-10-08T08:54:45.4267486Z ##[endgroup]
2026-10-08T08:54:45.4875152Z Syncing repository: jyqj/codecortex
2026-10-08T08:54:45.4876653Z ##[group]Getting Git version info
2026-10-08T08:54:45.4877483Z Working directory is '/home/runner/work/codecortex/codecortex/utility'
2026-10-08T08:54:45.4878971Z [command]/usr/bin/git version
2026-10-08T08:54:45.4932903Z git version 2.55.0
2026-10-08T08:54:45.4946055Z ##[endgroup]
2026-10-08T08:54:45.4953814Z Temporarily overriding HOME='/home/runner/work/_temp/c085ad95-339d-442a-a139-c924707fc01c' before making global git config changes
2026-10-08T08:54:45.4955498Z Adding repository directory to the temporary git global config as a safe directory
2026-10-08T08:54:45.4957226Z [command]/usr/bin/git config --global --add safe.directory /home/runner/work/codecortex/codecortex/utility
2026-10-08T08:54:45.5068489Z ##[group]Initializing the repository
2026-10-08T08:54:45.5070653Z [command]/usr/bin/git init /home/runner/work/codecortex/codecortex/utility
2026-10-08T08:54:45.5274413Z hint: Using 'master' as the name for the initial branch. This default branch name
2026-10-08T08:54:45.5276025Z hint: will change to "main" in Git 3.0. To configure the initial branch name
2026-10-08T08:54:45.5277295Z hint: to use in all of your new repositories, which will suppress this warning,
2026-10-08T08:54:45.5278138Z hint: call:
2026-10-08T08:54:45.5278789Z hint:
2026-10-08T08:54:45.5279603Z hint: 	git config --global init.defaultBranch <name>
2026-10-08T08:54:45.5280458Z hint:
2026-10-08T08:54:45.5281095Z hint: Names commonly chosen instead of 'master' are 'main', 'trunk' and
2026-10-08T08:54:45.5282607Z hint: 'development'. The just-created branch can be renamed via this command:
2026-10-08T08:54:45.5283635Z hint:
2026-10-08T08:54:45.5284121Z hint: 	git branch -m <name>
2026-10-08T08:54:45.5284715Z hint:
2026-10-08T08:54:45.5285409Z hint: Disable this message with "git config set advice.defaultBranchName false"
2026-10-08T08:54:45.5286751Z Initialized empty Git repository in /home/runner/work/codecortex/codecortex/utility/.git/
2026-10-08T08:54:45.5288598Z [command]/usr/bin/git remote add origin https://github.com/jyqj/codecortex
2026-10-08T08:54:45.5468093Z ##[endgroup]
2026-10-08T08:54:45.5468922Z ##[group]Disabling automatic garbage collection
2026-10-08T08:54:45.5470087Z [command]/usr/bin/git config --local gc.auto 0
2026-10-08T08:54:45.5569289Z ##[endgroup]
2026-10-08T08:54:45.5620763Z ##[group]Setting up auth
2026-10-08T08:54:45.5622136Z [command]/usr/bin/git config --local --name-only --get-regexp core\.sshCommand
2026-10-08T08:54:45.5624716Z [command]/usr/bin/git submodule foreach --recursive sh -c "git config --local --name-only --get-regexp 'core\.sshCommand' && git config --local --unset-all 'core.sshCommand' || :"
2026-10-08T08:54:45.5868688Z [command]/usr/bin/git config --local --name-only --get-regexp http\.https\:\/\/github\.com\/\.extraheader
2026-10-08T08:54:45.5890590Z [command]/usr/bin/git submodule foreach --recursive sh -c "git config --local --name-only --get-regexp 'http\.https\:\/\/github\.com\/\.extraheader' && git config --local --unset-all 'http.https://github.com/.extraheader' || :"
2026-10-08T08:54:45.6048688Z [command]/usr/bin/git config --local --name-only --get-regexp ^includeIf\.gitdir:
2026-10-08T08:54:45.6070290Z [command]/usr/bin/git submodule foreach --recursive git config --local --show-origin --name-only --get-regexp remote.origin.url
2026-10-08T08:54:45.6227199Z [command]/usr/bin/git config --local http.https://github.com/.extraheader AUTHORIZATION: basic ***
2026-10-08T08:54:45.6464670Z ##[endgroup]
2026-10-08T08:54:45.6466440Z ##[group]Fetching the repository
2026-10-08T08:54:45.6471605Z [command]/usr/bin/git -c protocol.version=2 fetch --no-tags --prune --no-recurse-submodules --depth=1 origin +fc9a71f3fe97c8289d49dfd6b5bb02816d5544ef:refs/remotes/origin/work/p8-temporal-preseal-996727-20261008
2026-10-08T08:55:00.8363367Z From https://github.com/jyqj/codecortex
2026-10-08T08:55:00.8363892Z  * [new ref]         fc9a71f3fe97c8289d49dfd6b5bb02816d5544ef -> origin/work/p8-temporal-preseal-996727-20261008
2026-10-08T08:55:00.8366973Z ##[endgroup]
2026-10-08T08:55:00.8367339Z ##[group]Determining the checkout info
2026-10-08T08:55:00.8368850Z ##[endgroup]
2026-10-08T08:55:00.8373181Z [command]/usr/bin/git sparse-checkout disable
2026-10-08T08:55:00.8414069Z [command]/usr/bin/git config --local --unset-all extensions.worktreeConfig
2026-10-08T08:55:00.8437453Z ##[group]Checking out the ref
2026-10-08T08:55:00.8439938Z [command]/usr/bin/git checkout --progress --force -B work/p8-temporal-preseal-996727-20261008 refs/remotes/origin/work/p8-temporal-preseal-996727-20261008
2026-10-08T08:55:02.0626342Z Updating files:  89% (14277/15946)
2026-10-08T08:55:02.2772115Z Updating files:  90% (14352/15946)
2026-10-08T08:55:02.2864320Z Updating files:  91% (14511/15946)
2026-10-08T08:55:02.2937857Z Updating files:  92% (14671/15946)
2026-10-08T08:55:02.3013382Z Updating files:  93% (14830/15946)
2026-10-08T08:55:02.3107815Z Updating files:  94% (14990/15946)
2026-10-08T08:55:02.3207298Z Updating files:  95% (15149/15946)
2026-10-08T08:55:02.3311664Z Updating files:  96% (15309/15946)
2026-10-08T08:55:02.3389910Z Updating files:  97% (15468/15946)
2026-10-08T08:55:02.3481933Z Updating files:  98% (15628/15946)
2026-10-08T08:55:02.3612997Z Updating files:  99% (15787/15946)
2026-10-08T08:55:02.3613928Z Updating files: 100% (15946/15946)
2026-10-08T08:55:02.3614157Z Updating files: 100% (15946/15946), done.
2026-10-08T08:55:02.3735409Z Switched to a new branch 'work/p8-temporal-preseal-996727-20261008'
2026-10-08T08:55:02.3741206Z branch 'work/p8-temporal-preseal-996727-20261008' set up to track 'origin/work/p8-temporal-preseal-996727-20261008'.
2026-10-08T08:55:02.3829472Z ##[endgroup]
2026-10-08T08:55:02.3869821Z [command]/usr/bin/git log -1 --format=%H
2026-10-08T08:55:02.3889871Z fc9a71f3fe97c8289d49dfd6b5bb02816d5544ef
2026-10-08T08:55:02.3899655Z ##[group]Removing auth
2026-10-08T08:55:02.3900014Z [command]/usr/bin/git config --local --name-only --get-regexp core\.sshCommand
2026-10-08T08:55:02.3922067Z [command]/usr/bin/git submodule foreach --recursive sh -c "git config --local --name-only --get-regexp 'core\.sshCommand' && git config --local --unset-all 'core.sshCommand' || :"
2026-10-08T08:55:02.4107138Z [command]/usr/bin/git config --local --name-only --get-regexp http\.https\:\/\/github\.com\/\.extraheader
2026-10-08T08:55:02.4126250Z http.https://github.com/.extraheader
2026-10-08T08:55:02.4131343Z [command]/usr/bin/git config --local --unset-all http.https://github.com/.extraheader
2026-10-08T08:55:02.4171214Z [command]/usr/bin/git submodule foreach --recursive sh -c "git config --local --name-only --get-regexp 'http\.https\:\/\/github\.com\/\.extraheader' && git config --local --unset-all 'http.https://github.com/.extraheader' || :"
2026-10-08T08:55:02.4325232Z [command]/usr/bin/git config --local --name-only --get-regexp ^includeIf\.gitdir:
2026-10-08T08:55:02.4352029Z [command]/usr/bin/git submodule foreach --recursive git config --local --show-origin --name-only --get-regexp remote.origin.url
2026-10-08T08:55:02.4529056Z ##[endgroup]
2026-10-08T08:55:02.4724586Z ##[group]Run actions/checkout@v4
2026-10-08T08:55:02.4724729Z with:
2026-10-08T08:55:02.4724854Z   ref: 2cd04485b0e0b23483f64671d56538bbaa47f442
2026-10-08T08:55:02.4725018Z   path: candidate
2026-10-08T08:55:02.4725129Z   fetch-depth: 1
2026-10-08T08:55:02.4725246Z   persist-credentials: false
2026-10-08T08:55:02.4725379Z   repository: jyqj/codecortex
2026-10-08T08:55:02.4726619Z   token: ***
2026-10-08T08:55:02.4726723Z   ssh-strict: true
2026-10-08T08:55:02.4726830Z   ssh-user: git
2026-10-08T08:55:02.4726930Z   clean: true
2026-10-08T08:55:02.4727044Z   sparse-checkout-cone-mode: true
2026-10-08T08:55:02.4727178Z   fetch-tags: false
2026-10-08T08:55:02.4727289Z   show-progress: true
2026-10-08T08:55:02.4727400Z   lfs: false
2026-10-08T08:55:02.4727499Z   submodules: false
2026-10-08T08:55:02.4727611Z   set-safe-directory: true
2026-10-08T08:55:02.4727745Z   allow-unsafe-pr-checkout: false
2026-10-08T08:55:02.4727880Z env:
2026-10-08T08:55:02.4728023Z   PYTHONDONTWRITEBYTECODE: 1
2026-10-08T08:55:02.4728154Z   RUSTUP_TOOLCHAIN: 1.95.0
2026-10-08T08:55:02.4728307Z   CANDIDATE_SOURCE: 2cd04485b0e0b23483f64671d56538bbaa47f442
2026-10-08T08:55:02.4728552Z   HELPER_MAP_SHA256: c9e27b4f838d9c39f00fe7af95953d5fc8c596c25ef6b0a1c4d93f9d30c87cb4
2026-10-08T08:55:02.4728906Z   REQUESTED_MODE: prepare-source
2026-10-08T08:55:02.4729040Z   PACKAGE_RUN_ID: 37749276827
2026-10-08T08:55:02.4729252Z   PACKAGE_MANIFEST_SHA256: 1dce263321c34dc60e69132d7e386ffa90c9d0436c1be5759efd7fefc957958b
2026-10-08T08:55:02.4729488Z   UPSTREAM_REPOSITORY: mahmoud/boltons
2026-10-08T08:55:02.4729666Z   UPSTREAM_COMMIT: 4e5faa3d7e4008d89e0d8bf1ea87b6d9a061a16d
2026-10-08T08:55:02.4729835Z ##[endgroup]
2026-10-08T08:55:02.5228340Z Syncing repository: jyqj/codecortex
2026-10-08T08:55:02.5230915Z ##[group]Getting Git version info
2026-10-08T08:55:02.5231259Z Working directory is '/home/runner/work/codecortex/codecortex/candidate'
2026-10-08T08:55:02.5249205Z [command]/usr/bin/git version
2026-10-08T08:55:02.5274451Z git version 2.55.0
2026-10-08T08:55:02.5284795Z ##[endgroup]
2026-10-08T08:55:02.5293139Z Temporarily overriding HOME='/home/runner/work/_temp/7c9fb24b-4f77-4d29-9978-72e3e04c4d67' before making global git config changes
2026-10-08T08:55:02.5293796Z Adding repository directory to the temporary git global config as a safe directory
2026-10-08T08:55:02.5296062Z [command]/usr/bin/git config --global --add safe.directory /home/runner/work/codecortex/codecortex/candidate
2026-10-08T08:55:02.5318922Z ##[group]Initializing the repository
2026-10-08T08:55:02.5321830Z [command]/usr/bin/git init /home/runner/work/codecortex/codecortex/candidate
2026-10-08T08:55:02.5352084Z hint: Using 'master' as the name for the initial branch. This default branch name
2026-10-08T08:55:02.5352707Z hint: will change to "main" in Git 3.0. To configure the initial branch name
2026-10-08T08:55:02.5353088Z hint: to use in all of your new repositories, which will suppress this warning,
2026-10-08T08:55:02.5353380Z hint: call:
2026-10-08T08:55:02.5353539Z hint:
2026-10-08T08:55:02.5353674Z hint: 	git config --global init.defaultBranch <name>
2026-10-08T08:55:02.5353830Z hint:
2026-10-08T08:55:02.5353980Z hint: Names commonly chosen instead of 'master' are 'main', 'trunk' and
2026-10-08T08:55:02.5354232Z hint: 'development'. The just-created branch can be renamed via this command:
2026-10-08T08:55:02.5354438Z hint:
2026-10-08T08:55:02.5354552Z hint: 	git branch -m <name>
2026-10-08T08:55:02.5354672Z hint:
2026-10-08T08:55:02.5354834Z hint: Disable this message with "git config set advice.defaultBranchName false"
2026-10-08T08:55:02.5355118Z Initialized empty Git repository in /home/runner/work/codecortex/codecortex/candidate/.git/
2026-10-08T08:55:02.5359275Z [command]/usr/bin/git remote add origin https://github.com/jyqj/codecortex
2026-10-08T08:55:02.5383172Z ##[endgroup]
2026-10-08T08:55:02.5383480Z ##[group]Disabling automatic garbage collection
2026-10-08T08:55:02.5385445Z [command]/usr/bin/git config --local gc.auto 0
2026-10-08T08:55:02.5406280Z ##[endgroup]
2026-10-08T08:55:02.5406480Z ##[group]Setting up auth
2026-10-08T08:55:02.5409800Z [command]/usr/bin/git config --local --name-only --get-regexp core\.sshCommand
2026-10-08T08:55:02.5430602Z [command]/usr/bin/git submodule foreach --recursive sh -c "git config --local --name-only --get-regexp 'core\.sshCommand' && git config --local --unset-all 'core.sshCommand' || :"
2026-10-08T08:55:02.5620658Z [command]/usr/bin/git config --local --name-only --get-regexp http\.https\:\/\/github\.com\/\.extraheader
2026-10-08T08:55:02.5641628Z [command]/usr/bin/git submodule foreach --recursive sh -c "git config --local --name-only --get-regexp 'http\.https\:\/\/github\.com\/\.extraheader' && git config --local --unset-all 'http.https://github.com/.extraheader' || :"
2026-10-08T08:55:02.5800963Z [command]/usr/bin/git config --local --name-only --get-regexp ^includeIf\.gitdir:
2026-10-08T08:55:02.5822303Z [command]/usr/bin/git submodule foreach --recursive git config --local --show-origin --name-only --get-regexp remote.origin.url
2026-10-08T08:55:02.5977287Z [command]/usr/bin/git config --local http.https://github.com/.extraheader AUTHORIZATION: basic ***
2026-10-08T08:55:02.6002029Z ##[endgroup]
2026-10-08T08:55:02.6002320Z ##[group]Fetching the repository
2026-10-08T08:55:02.6007171Z [command]/usr/bin/git -c protocol.version=2 fetch --no-tags --prune --no-recurse-submodules --depth=1 origin 2cd04485b0e0b23483f64671d56538bbaa47f442
2026-10-08T08:55:17.7301407Z From https://github.com/jyqj/codecortex
2026-10-08T08:55:17.7301795Z  * branch            2cd04485b0e0b23483f64671d56538bbaa47f442 -> FETCH_HEAD
2026-10-08T08:55:17.7305919Z ##[endgroup]
2026-10-08T08:55:17.7306228Z ##[group]Determining the checkout info
2026-10-08T08:55:17.7307610Z ##[endgroup]
2026-10-08T08:55:17.7312535Z [command]/usr/bin/git sparse-checkout disable
2026-10-08T08:55:17.7342800Z [command]/usr/bin/git config --local --unset-all extensions.worktreeConfig
2026-10-08T08:55:17.7363451Z ##[group]Checking out the ref
2026-10-08T08:55:17.7366004Z [command]/usr/bin/git checkout --progress --force 2cd04485b0e0b23483f64671d56538bbaa47f442
2026-10-08T08:55:18.8563897Z Updating files:  89% (14264/15926)
2026-10-08T08:55:19.0647921Z Updating files:  90% (14334/15926)
2026-10-08T08:55:19.0740130Z Updating files:  91% (14493/15926)
2026-10-08T08:55:19.0811990Z Updating files:  92% (14652/15926)
2026-10-08T08:55:19.0887342Z Updating files:  93% (14812/15926)
2026-10-08T08:55:19.0979828Z Updating files:  94% (14971/15926)
2026-10-08T08:55:19.1078770Z Updating files:  95% (15130/15926)
2026-10-08T08:55:19.1183119Z Updating files:  96% (15289/15926)
2026-10-08T08:55:19.1260963Z Updating files:  97% (15449/15926)
2026-10-08T08:55:19.1358141Z Updating files:  98% (15608/15926)
2026-10-08T08:55:19.1488225Z Updating files:  99% (15767/15926)
2026-10-08T08:55:19.1488452Z Updating files: 100% (15926/15926)
2026-10-08T08:55:19.1488664Z Updating files: 100% (15926/15926), done.
2026-10-08T08:55:19.1597731Z Note: switching to '2cd04485b0e0b23483f64671d56538bbaa47f442'.
2026-10-08T08:55:19.1597942Z 
2026-10-08T08:55:19.1598105Z You are in 'detached HEAD' state. You can look around, make experimental
2026-10-08T08:55:19.1598459Z changes and commit them, and you can discard any commits you make in this
2026-10-08T08:55:19.1598821Z state without impacting any branches by switching back to a branch.
2026-10-08T08:55:19.1599055Z 
2026-10-08T08:55:19.1599173Z If you want to create a new branch to retain commits you create, you may
2026-10-08T08:55:19.1599399Z do so (now or later) by using -c with the switch command. Example:
2026-10-08T08:55:19.1599529Z 
2026-10-08T08:55:19.1599618Z   git switch -c <new-branch-name>
2026-10-08T08:55:19.1599756Z 
2026-10-08T08:55:19.1599839Z Or undo this operation with:
2026-10-08T08:55:19.1599962Z 
2026-10-08T08:55:19.1600030Z   git switch -
2026-10-08T08:55:19.1600119Z 
2026-10-08T08:55:19.1600279Z Turn off this advice by setting config variable advice.detachedHead to false
2026-10-08T08:55:19.1600507Z 
2026-10-08T08:55:19.1600905Z HEAD is now at 2cd0448 ci(p8): install reviewed joint v14 source and join merged PR152
2026-10-08T08:55:19.1679337Z ##[endgroup]
2026-10-08T08:55:19.1711265Z [command]/usr/bin/git log -1 --format=%H
2026-10-08T08:55:19.1729690Z 2cd04485b0e0b23483f64671d56538bbaa47f442
2026-10-08T08:55:19.1736659Z ##[group]Removing auth
2026-10-08T08:55:19.1739049Z [command]/usr/bin/git config --local --name-only --get-regexp core\.sshCommand
2026-10-08T08:55:19.1763664Z [command]/usr/bin/git submodule foreach --recursive sh -c "git config --local --name-only --get-regexp 'core\.sshCommand' && git config --local --unset-all 'core.sshCommand' || :"
2026-10-08T08:55:19.1933882Z [command]/usr/bin/git config --local --name-only --get-regexp http\.https\:\/\/github\.com\/\.extraheader
2026-10-08T08:55:19.1948994Z http.https://github.com/.extraheader
2026-10-08T08:55:19.1954301Z [command]/usr/bin/git config --local --unset-all http.https://github.com/.extraheader
2026-10-08T08:55:19.1977725Z [command]/usr/bin/git submodule foreach --recursive sh -c "git config --local --name-only --get-regexp 'http\.https\:\/\/github\.com\/\.extraheader' && git config --local --unset-all 'http.https://github.com/.extraheader' || :"
2026-10-08T08:55:19.2144657Z [command]/usr/bin/git config --local --name-only --get-regexp ^includeIf\.gitdir:
2026-10-08T08:55:19.2166857Z [command]/usr/bin/git submodule foreach --recursive git config --local --show-origin --name-only --get-regexp remote.origin.url
2026-10-08T08:55:19.2335335Z ##[endgroup]
2026-10-08T08:55:19.2442233Z ##[group]Run python3 -I -S - <<'PY'
2026-10-08T08:55:19.2442814Z [36;1mpython3 -I -S - <<'PY'[0m
2026-10-08T08:55:19.2443028Z [36;1mimport os, re[0m
2026-10-08T08:55:19.2443188Z [36;1mfrom pathlib import Path[0m
2026-10-08T08:55:19.2443338Z [36;1mdef need(value, message):[0m
2026-10-08T08:55:19.2443473Z [36;1m    if not value:[0m
2026-10-08T08:55:19.2443611Z [36;1m        raise ValueError(message)[0m
2026-10-08T08:55:19.2443857Z [36;1mneed(os.environ["REQUESTED_MODE"] in ("synthetic-control", "prepare-source"), "mode")[0m
2026-10-08T08:55:19.2444167Z [36;1mneed(re.fullmatch("[0-9]+", os.environ["PACKAGE_RUN_ID"]), "fixed actual package run")[0m
2026-10-08T08:55:19.2444480Z [36;1mneed(re.fullmatch("[0-9a-f]{64}", os.environ["PACKAGE_MANIFEST_SHA256"]), "package SHA")[0m
2026-10-08T08:55:19.2444794Z [36;1mneed(re.fullmatch("[0-9a-f]{64}", os.environ["HELPER_MAP_SHA256"]), "pre-reviewed helper closure")[0m
2026-10-08T08:55:19.2445149Z [36;1mneed(re.fullmatch("[0-9a-f]{40}", os.environ["CANDIDATE_SOURCE"]), "final immutable candidate source")[0m
2026-10-08T08:55:19.2445424Z [36;1mif os.environ["REQUESTED_MODE"] == "prepare-source":[0m
2026-10-08T08:55:19.2445707Z [36;1m    need(re.fullmatch("[A-Za-z0-9_.-]+/[A-Za-z0-9_.-]+", os.environ["UPSTREAM_REPOSITORY"]), "public repo")[0m
2026-10-08T08:55:19.2446030Z [36;1m    need(re.fullmatch("[0-9a-f]{40}", os.environ["UPSTREAM_COMMIT"]), "immutable public source")[0m
2026-10-08T08:55:19.2446249Z [36;1melse:[0m
2026-10-08T08:55:19.2446438Z [36;1m    need(not os.environ["UPSTREAM_REPOSITORY"] and not os.environ["UPSTREAM_COMMIT"],[0m
2026-10-08T08:55:19.2446691Z [36;1m         "synthetic must not select real test repository")[0m
2026-10-08T08:55:19.2446892Z [36;1mwith open(os.environ["GITHUB_ENV"], "a") as f:[0m
2026-10-08T08:55:19.2447143Z [36;1m    f.write("PTV2_OUT=" + str(Path(os.environ["RUNNER_TEMP"]) / "ptv2-preseal-output") + "\n")[0m
2026-10-08T08:55:19.2447362Z [36;1mPY[0m
2026-10-08T08:55:19.2670449Z shell: /usr/bin/bash --noprofile --norc -e -o pipefail {0}
2026-10-08T08:55:19.2670632Z env:
2026-10-08T08:55:19.2670754Z   PYTHONDONTWRITEBYTECODE: 1
2026-10-08T08:55:19.2670899Z   RUSTUP_TOOLCHAIN: 1.95.0
2026-10-08T08:55:19.2671063Z   CANDIDATE_SOURCE: 2cd04485b0e0b23483f64671d56538bbaa47f442
2026-10-08T08:55:19.2671317Z   HELPER_MAP_SHA256: c9e27b4f838d9c39f00fe7af95953d5fc8c596c25ef6b0a1c4d93f9d30c87cb4
2026-10-08T08:55:19.2671551Z   REQUESTED_MODE: prepare-source
2026-10-08T08:55:19.2671691Z   PACKAGE_RUN_ID: 37749276827
2026-10-08T08:55:19.2671925Z   PACKAGE_MANIFEST_SHA256: 1dce263321c34dc60e69132d7e386ffa90c9d0436c1be5759efd7fefc957958b
2026-10-08T08:55:19.2672197Z   UPSTREAM_REPOSITORY: mahmoud/boltons
2026-10-08T08:55:19.2672484Z   UPSTREAM_COMMIT: 4e5faa3d7e4008d89e0d8bf1ea87b6d9a061a16d
2026-10-08T08:55:19.2672661Z ##[endgroup]
2026-10-08T08:55:19.2931978Z ##[group]Run actions/download-artifact@v4
2026-10-08T08:55:19.2932135Z with:
2026-10-08T08:55:19.2932264Z   name: p8-fresh-release-external-revision2
2026-10-08T08:55:19.2932647Z   path: package-input
2026-10-08T08:55:19.2932796Z   repository: jyqj/codecortex
2026-10-08T08:55:19.2932932Z   run-id: 37749276827
2026-10-08T08:55:19.2934336Z   github-token: ***
2026-10-08T08:55:19.2934459Z   merge-multiple: false
2026-10-08T08:55:19.2934579Z env:
2026-10-08T08:55:19.2934696Z   PYTHONDONTWRITEBYTECODE: 1
2026-10-08T08:55:19.2934834Z   RUSTUP_TOOLCHAIN: 1.95.0
2026-10-08T08:55:19.2934997Z   CANDIDATE_SOURCE: 2cd04485b0e0b23483f64671d56538bbaa47f442
2026-10-08T08:55:19.2935259Z   HELPER_MAP_SHA256: c9e27b4f838d9c39f00fe7af95953d5fc8c596c25ef6b0a1c4d93f9d30c87cb4
2026-10-08T08:55:19.2935502Z   REQUESTED_MODE: prepare-source
2026-10-08T08:55:19.2935642Z   PACKAGE_RUN_ID: 37749276827
2026-10-08T08:55:19.2936005Z   PACKAGE_MANIFEST_SHA256: 1dce263321c34dc60e69132d7e386ffa90c9d0436c1be5759efd7fefc957958b
2026-10-08T08:55:19.2936258Z   UPSTREAM_REPOSITORY: mahmoud/boltons
2026-10-08T08:55:19.2936442Z   UPSTREAM_COMMIT: 4e5faa3d7e4008d89e0d8bf1ea87b6d9a061a16d
2026-10-08T08:55:19.2936650Z   PTV2_OUT: /home/runner/work/_temp/ptv2-preseal-output
2026-10-08T08:55:19.2936816Z ##[endgroup]
2026-10-08T08:55:19.3927309Z Downloading single artifact
2026-10-08T08:55:19.3970015Z (node:2382) [DEP0040] DeprecationWarning: The `punycode` module is deprecated. Please use a userland alternative instead.
2026-10-08T08:55:19.3970516Z (Use `node --trace-deprecation ...` to show where the warning was created)
2026-10-08T08:55:19.4097978Z (node:2382) [DEP0169] DeprecationWarning: `url.parse()` behavior is not standardized and prone to errors that have security implications. Use the WHATWG URL API instead. CVEs are not issued for `url.parse()` vulnerabilities.
2026-10-08T08:55:19.6522341Z Preparing to download the following artifacts:
2026-10-08T08:55:19.6523136Z - p8-fresh-release-external-revision2 (ID: 11537848186, Size: 29745796, Expected Digest: sha256:7c0f7bf7e20d071b49fbd2e5aa1ae2d114bd9b3dc301469ac3160574a855c7a7)
2026-10-08T08:55:19.6546002Z Downloading artifact '11537848186' from 'jyqj/codecortex'
2026-10-08T08:55:19.9067920Z Redirecting to blob download url: https://productionresultssa12.blob.core.windows.net/actions-results/7ef19cd4-b211-8f8d-b02b-f9d8958ffd89/workflow-job-run-0b591cfe-2a67-5ba8-a23d-62e5386d82d0/artifacts/4276b649b31bdd48e61ff3d47e14211978d807994ce985d13f5f8123c23e817e.zip
2026-10-08T08:55:19.9069050Z Starting download of artifact to: /home/runner/work/codecortex/codecortex/package-input
2026-10-08T08:55:20.1455119Z (node:2382) [DEP0005] DeprecationWarning: Buffer() is deprecated due to security and usability issues. Please use the Buffer.alloc(), Buffer.allocUnsafe(), or Buffer.from() methods instead.
2026-10-08T08:55:21.1991579Z SHA256 digest of downloaded artifact is 7c0f7bf7e20d071b49fbd2e5aa1ae2d114bd9b3dc301469ac3160574a855c7a7
2026-10-08T08:55:21.1991957Z Artifact download completed successfully.
2026-10-08T08:55:21.1992119Z Total of 1 artifact(s) downloaded
2026-10-08T08:55:21.1996989Z Download artifact has finished successfully
2026-10-08T08:55:21.2210238Z ##[group]Run actions/checkout@v4
2026-10-08T08:55:21.2210385Z with:
2026-10-08T08:55:21.2210500Z   repository: mahmoud/boltons
2026-10-08T08:55:21.2210650Z   ref: 4e5faa3d7e4008d89e0d8bf1ea87b6d9a061a16d
2026-10-08T08:55:21.2210810Z   path: upstream
2026-10-08T08:55:21.2210918Z   fetch-depth: 1
2026-10-08T08:55:21.2211035Z   persist-credentials: false
2026-10-08T08:55:21.2211163Z   submodules: false
2026-10-08T08:55:21.2211281Z   lfs: false
2026-10-08T08:55:21.2212623Z   token: ***
2026-10-08T08:55:21.2212730Z   ssh-strict: true
2026-10-08T08:55:21.2212836Z   ssh-user: git
2026-10-08T08:55:21.2212940Z   clean: true
2026-10-08T08:55:21.2213056Z   sparse-checkout-cone-mode: true
2026-10-08T08:55:21.2213204Z   fetch-tags: false
2026-10-08T08:55:21.2213318Z   show-progress: true
2026-10-08T08:55:21.2213435Z   set-safe-directory: true
2026-10-08T08:55:21.2213570Z   allow-unsafe-pr-checkout: false
2026-10-08T08:55:21.2213701Z env:
2026-10-08T08:55:21.2213830Z   PYTHONDONTWRITEBYTECODE: 1
2026-10-08T08:55:21.2213961Z   RUSTUP_TOOLCHAIN: 1.95.0
2026-10-08T08:55:21.2214112Z   CANDIDATE_SOURCE: 2cd04485b0e0b23483f64671d56538bbaa47f442
2026-10-08T08:55:21.2214357Z   HELPER_MAP_SHA256: c9e27b4f838d9c39f00fe7af95953d5fc8c596c25ef6b0a1c4d93f9d30c87cb4
2026-10-08T08:55:21.2214580Z   REQUESTED_MODE: prepare-source
2026-10-08T08:55:21.2214713Z   PACKAGE_RUN_ID: 37749276827
2026-10-08T08:55:21.2214926Z   PACKAGE_MANIFEST_SHA256: 1dce263321c34dc60e69132d7e386ffa90c9d0436c1be5759efd7fefc957958b
2026-10-08T08:55:21.2215164Z   UPSTREAM_REPOSITORY: mahmoud/boltons
2026-10-08T08:55:21.2215336Z   UPSTREAM_COMMIT: 4e5faa3d7e4008d89e0d8bf1ea87b6d9a061a16d
2026-10-08T08:55:21.2215534Z   PTV2_OUT: /home/runner/work/_temp/ptv2-preseal-output
2026-10-08T08:55:21.2215814Z ##[endgroup]
2026-10-08T08:55:21.2726309Z Syncing repository: mahmoud/boltons
2026-10-08T08:55:21.2726709Z ##[group]Getting Git version info
2026-10-08T08:55:21.2726913Z Working directory is '/home/runner/work/codecortex/codecortex/upstream'
2026-10-08T08:55:21.2744994Z [command]/usr/bin/git version
2026-10-08T08:55:21.2769968Z git version 2.55.0
2026-10-08T08:55:21.2780489Z ##[endgroup]
2026-10-08T08:55:21.2788823Z Temporarily overriding HOME='/home/runner/work/_temp/4861d472-d396-4b26-9322-8f17bce19796' before making global git config changes
2026-10-08T08:55:21.2789444Z Adding repository directory to the temporary git global config as a safe directory
2026-10-08T08:55:21.2792158Z [command]/usr/bin/git config --global --add safe.directory /home/runner/work/codecortex/codecortex/upstream
2026-10-08T08:55:21.2815515Z ##[group]Initializing the repository
2026-10-08T08:55:21.2818342Z [command]/usr/bin/git init /home/runner/work/codecortex/codecortex/upstream
2026-10-08T08:55:21.2849000Z hint: Using 'master' as the name for the initial branch. This default branch name
2026-10-08T08:55:21.2849438Z hint: will change to "main" in Git 3.0. To configure the initial branch name
2026-10-08T08:55:21.2849983Z hint: to use in all of your new repositories, which will suppress this warning,
2026-10-08T08:55:21.2850348Z hint: call:
2026-10-08T08:55:21.2850510Z hint:
2026-10-08T08:55:21.2850748Z hint: 	git config --global init.defaultBranch <name>
2026-10-08T08:55:21.2851033Z hint:
2026-10-08T08:55:21.2851216Z hint: Names commonly chosen instead of 'master' are 'main', 'trunk' and
2026-10-08T08:55:21.2851645Z hint: 'development'. The just-created branch can be renamed via this command:
2026-10-08T08:55:21.2851975Z hint:
2026-10-08T08:55:21.2852087Z hint: 	git branch -m <name>
2026-10-08T08:55:21.2852239Z hint:
2026-10-08T08:55:21.2852629Z hint: Disable this message with "git config set advice.defaultBranchName false"
2026-10-08T08:55:21.2853121Z Initialized empty Git repository in /home/runner/work/codecortex/codecortex/upstream/.git/
2026-10-08T08:55:21.2856577Z [command]/usr/bin/git remote add origin https://github.com/mahmoud/boltons
2026-10-08T08:55:21.2912249Z ##[endgroup]
2026-10-08T08:55:21.2912696Z ##[group]Disabling automatic garbage collection
2026-10-08T08:55:21.2914954Z [command]/usr/bin/git config --local gc.auto 0
2026-10-08T08:55:21.2935129Z ##[endgroup]
2026-10-08T08:55:21.2935429Z ##[group]Setting up auth
2026-10-08T08:55:21.2938965Z [command]/usr/bin/git config --local --name-only --get-regexp core\.sshCommand
2026-10-08T08:55:21.2959883Z [command]/usr/bin/git submodule foreach --recursive sh -c "git config --local --name-only --get-regexp 'core\.sshCommand' && git config --local --unset-all 'core.sshCommand' || :"
2026-10-08T08:55:21.3120269Z [command]/usr/bin/git config --local --name-only --get-regexp http\.https\:\/\/github\.com\/\.extraheader
2026-10-08T08:55:21.3140539Z [command]/usr/bin/git submodule foreach --recursive sh -c "git config --local --name-only --get-regexp 'http\.https\:\/\/github\.com\/\.extraheader' && git config --local --unset-all 'http.https://github.com/.extraheader' || :"
2026-10-08T08:55:21.3298662Z [command]/usr/bin/git config --local --name-only --get-regexp ^includeIf\.gitdir:
2026-10-08T08:55:21.3320173Z [command]/usr/bin/git submodule foreach --recursive git config --local --show-origin --name-only --get-regexp remote.origin.url
2026-10-08T08:55:21.3476633Z [command]/usr/bin/git config --local http.https://github.com/.extraheader AUTHORIZATION: basic ***
2026-10-08T08:55:21.3501842Z ##[endgroup]
2026-10-08T08:55:21.3502232Z ##[group]Fetching the repository
2026-10-08T08:55:21.3507200Z [command]/usr/bin/git -c protocol.version=2 fetch --no-tags --prune --no-recurse-submodules --depth=1 origin 4e5faa3d7e4008d89e0d8bf1ea87b6d9a061a16d
2026-10-08T08:55:21.8323798Z From https://github.com/mahmoud/boltons
2026-10-08T08:55:21.8324384Z  * branch            4e5faa3d7e4008d89e0d8bf1ea87b6d9a061a16d -> FETCH_HEAD
2026-10-08T08:55:21.8328221Z ##[endgroup]
2026-10-08T08:55:21.8328758Z ##[group]Determining the checkout info
2026-10-08T08:55:21.8330233Z ##[endgroup]
2026-10-08T08:55:21.8335403Z [command]/usr/bin/git sparse-checkout disable
2026-10-08T08:55:21.8365750Z [command]/usr/bin/git config --local --unset-all extensions.worktreeConfig
2026-10-08T08:55:21.8387331Z ##[group]Checking out the ref
2026-10-08T08:55:21.8389957Z [command]/usr/bin/git checkout --progress --force 4e5faa3d7e4008d89e0d8bf1ea87b6d9a061a16d
2026-10-08T08:55:21.8467450Z Note: switching to '4e5faa3d7e4008d89e0d8bf1ea87b6d9a061a16d'.
2026-10-08T08:55:21.8467664Z 
2026-10-08T08:55:21.8467824Z You are in 'detached HEAD' state. You can look around, make experimental
2026-10-08T08:55:21.8468130Z changes and commit them, and you can discard any commits you make in this
2026-10-08T08:55:21.8468370Z state without impacting any branches by switching back to a branch.
2026-10-08T08:55:21.8468510Z 
2026-10-08T08:55:21.8468604Z If you want to create a new branch to retain commits you create, you may
2026-10-08T08:55:21.8468843Z do so (now or later) by using -c with the switch command. Example:
2026-10-08T08:55:21.8468974Z 
2026-10-08T08:55:21.8469035Z   git switch -c <new-branch-name>
2026-10-08T08:55:21.8469126Z 
2026-10-08T08:55:21.8469184Z Or undo this operation with:
2026-10-08T08:55:21.8469269Z 
2026-10-08T08:55:21.8469317Z   git switch -
2026-10-08T08:55:21.8469381Z 
2026-10-08T08:55:21.8469491Z Turn off this advice by setting config variable advice.detachedHead to false
2026-10-08T08:55:21.8469642Z 
2026-10-08T08:55:21.8469776Z HEAD is now at 4e5faa3 Fix spooled stream write compatibility and backwards text seeks (#513)
2026-10-08T08:55:21.8472672Z ##[endgroup]
2026-10-08T08:55:21.8496970Z [command]/usr/bin/git log -1 --format=%H
2026-10-08T08:55:21.8513749Z 4e5faa3d7e4008d89e0d8bf1ea87b6d9a061a16d
2026-10-08T08:55:21.8519813Z ##[group]Removing auth
2026-10-08T08:55:21.8522047Z [command]/usr/bin/git config --local --name-only --get-regexp core\.sshCommand
2026-10-08T08:55:21.8543691Z [command]/usr/bin/git submodule foreach --recursive sh -c "git config --local --name-only --get-regexp 'core\.sshCommand' && git config --local --unset-all 'core.sshCommand' || :"
2026-10-08T08:55:21.8709524Z [command]/usr/bin/git config --local --name-only --get-regexp http\.https\:\/\/github\.com\/\.extraheader
2026-10-08T08:55:21.8721178Z http.https://github.com/.extraheader
2026-10-08T08:55:21.8726135Z [command]/usr/bin/git config --local --unset-all http.https://github.com/.extraheader
2026-10-08T08:55:21.8748129Z [command]/usr/bin/git submodule foreach --recursive sh -c "git config --local --name-only --get-regexp 'http\.https\:\/\/github\.com\/\.extraheader' && git config --local --unset-all 'http.https://github.com/.extraheader' || :"
2026-10-08T08:55:21.8905246Z [command]/usr/bin/git config --local --name-only --get-regexp ^includeIf\.gitdir:
2026-10-08T08:55:21.8924598Z [command]/usr/bin/git submodule foreach --recursive git config --local --show-origin --name-only --get-regexp remote.origin.url
2026-10-08T08:55:21.9079017Z ##[endgroup]
2026-10-08T08:55:21.9168061Z ##[group]Run rustup toolchain install 1.95.0 --profile minimal
2026-10-08T08:55:21.9168307Z [36;1mrustup toolchain install 1.95.0 --profile minimal[0m
2026-10-08T08:55:21.9168488Z [36;1mif ! command -v rg >/dev/null; then[0m
2026-10-08T08:55:21.9168645Z [36;1m  sudo apt-get update[0m
2026-10-08T08:55:21.9168803Z [36;1m  sudo apt-get install --yes ripgrep[0m
2026-10-08T08:55:21.9168952Z [36;1mfi[0m
2026-10-08T08:55:21.9169060Z [36;1mtest -x /usr/bin/rg[0m
2026-10-08T08:55:21.9169188Z [36;1m/usr/bin/rg --version[0m
2026-10-08T08:55:21.9169321Z [36;1mpython3 -I -S --version[0m
2026-10-08T08:55:21.9218437Z shell: /usr/bin/bash --noprofile --norc -e -o pipefail {0}
2026-10-08T08:55:21.9218609Z env:
2026-10-08T08:55:21.9218723Z   PYTHONDONTWRITEBYTECODE: 1
2026-10-08T08:55:21.9218859Z   RUSTUP_TOOLCHAIN: 1.95.0
2026-10-08T08:55:21.9219011Z   CANDIDATE_SOURCE: 2cd04485b0e0b23483f64671d56538bbaa47f442
2026-10-08T08:55:21.9219281Z   HELPER_MAP_SHA256: c9e27b4f838d9c39f00fe7af95953d5fc8c596c25ef6b0a1c4d93f9d30c87cb4
2026-10-08T08:55:21.9219630Z   REQUESTED_MODE: prepare-source
2026-10-08T08:55:21.9219766Z   PACKAGE_RUN_ID: 37749276827
2026-10-08T08:55:21.9219979Z   PACKAGE_MANIFEST_SHA256: 1dce263321c34dc60e69132d7e386ffa90c9d0436c1be5759efd7fefc957958b
2026-10-08T08:55:21.9220216Z   UPSTREAM_REPOSITORY: mahmoud/boltons
2026-10-08T08:55:21.9220391Z   UPSTREAM_COMMIT: 4e5faa3d7e4008d89e0d8bf1ea87b6d9a061a16d
2026-10-08T08:55:21.9220587Z   PTV2_OUT: /home/runner/work/_temp/ptv2-preseal-output
2026-10-08T08:55:21.9220749Z ##[endgroup]
2026-10-08T08:55:21.9645397Z info: syncing channel updates for 1.95.0-x86_64-unknown-linux-gnu
2026-10-08T08:55:22.1811703Z info: latest update on 2026-04-16 for version 1.95.0 (59807616e 2026-04-14)
2026-10-08T08:55:22.1812049Z info: downloading 3 components
2026-10-08T08:55:27.6984408Z 
2026-10-08T08:55:27.7040550Z   1.95.0-x86_64-unknown-linux-gnu installed - rustc 1.95.0 (59807616e 2026-04-14)
2026-10-08T08:55:27.7040834Z 
2026-10-08T08:55:27.7589216Z Get:1 file:/etc/apt/apt-mirrors.txt Mirrorlist [144 B]
2026-10-08T08:55:27.7932701Z Hit:2 http://azure.archive.ubuntu.com/ubuntu noble InRelease
2026-10-08T08:55:27.7935446Z Get:6 https://packages.microsoft.com/ubuntu/24.04/prod noble InRelease [3600 B]
2026-10-08T08:55:27.7980312Z Get:3 http://azure.archive.ubuntu.com/ubuntu noble-updates InRelease [126 kB]
2026-10-08T08:55:27.8012055Z Get:4 http://azure.archive.ubuntu.com/ubuntu noble-backports InRelease [126 kB]
2026-10-08T08:55:27.8040725Z Get:5 http://azure.archive.ubuntu.com/ubuntu noble-security InRelease [126 kB]
2026-10-08T08:55:27.8741641Z Get:7 https://packages.microsoft.com/ubuntu/24.04/prod noble/main armhf Packages [12.3 kB]
2026-10-08T08:55:27.8825668Z Get:8 https://packages.microsoft.com/ubuntu/24.04/prod noble/main arm64 Packages [475 kB]
2026-10-08T08:55:27.8937243Z Get:9 https://packages.microsoft.com/ubuntu/24.04/prod noble/main all Packages [640 B]
2026-10-08T08:55:27.8975201Z Get:10 https://packages.microsoft.com/ubuntu/24.04/prod noble/main amd64 Packages [530 kB]
2026-10-08T08:55:27.9081815Z Get:11 http://azure.archive.ubuntu.com/ubuntu noble-updates/main amd64 Packages [1375 kB]
2026-10-08T08:55:27.9133778Z Get:12 http://azure.archive.ubuntu.com/ubuntu noble-updates/main Translation-en [306 kB]
2026-10-08T08:55:27.9147300Z Get:13 http://azure.archive.ubuntu.com/ubuntu noble-updates/universe amd64 Packages [1702 kB]
2026-10-08T08:55:27.9204937Z Get:14 http://azure.archive.ubuntu.com/ubuntu noble-updates/universe Translation-en [341 kB]
2026-10-08T08:55:27.9223622Z Get:15 http://azure.archive.ubuntu.com/ubuntu noble-updates/restricted amd64 Packages [1761 kB]
2026-10-08T08:55:27.9281852Z Get:16 http://azure.archive.ubuntu.com/ubuntu noble-updates/restricted Translation-en [401 kB]
2026-10-08T08:55:27.9324396Z Get:17 http://azure.archive.ubuntu.com/ubuntu noble-updates/multiverse amd64 Packages [55.0 kB]
2026-10-08T08:55:27.9336795Z Get:18 http://azure.archive.ubuntu.com/ubuntu noble-updates/multiverse Translation-en [14.3 kB]
2026-10-08T08:55:27.9825291Z Get:19 http://azure.archive.ubuntu.com/ubuntu noble-security/main amd64 Packages [1074 kB]
2026-10-08T08:55:27.9871911Z Get:20 http://azure.archive.ubuntu.com/ubuntu noble-security/main Translation-en [223 kB]
2026-10-08T08:55:28.0316263Z Get:21 http://azure.archive.ubuntu.com/ubuntu noble-security/universe amd64 Packages [1218 kB]
2026-10-08T08:55:28.0364396Z Get:22 http://azure.archive.ubuntu.com/ubuntu noble-security/universe Translation-en [245 kB]
2026-10-08T08:55:28.0377532Z Get:23 http://azure.archive.ubuntu.com/ubuntu noble-security/multiverse Translation-en [11.6 kB]
2026-10-08T08:55:32.3486399Z Fetched 10.1 MB in 1s (13.6 MB/s)
2026-10-08T08:55:32.8449674Z Reading package lists...
2026-10-08T08:55:32.8693641Z Reading package lists...
2026-10-08T08:55:32.9987920Z Building dependency tree...
2026-10-08T08:55:32.9993131Z Reading state information...
2026-10-08T08:55:33.1117075Z The following NEW packages will be installed:
2026-10-08T08:55:33.1117370Z   ripgrep
2026-10-08T08:55:33.1247732Z 0 upgraded, 1 newly installed, 0 to remove and 17 not upgraded.
2026-10-08T08:55:33.1248086Z Need to get 1551 kB of archives.
2026-10-08T08:55:33.1248383Z After this operation, 5335 kB of additional disk space will be used.
2026-10-08T08:55:33.1248761Z Get:1 file:/etc/apt/apt-mirrors.txt Mirrorlist [144 B]
2026-10-08T08:55:33.1866103Z Get:2 http://azure.archive.ubuntu.com/ubuntu noble/universe amd64 ripgrep amd64 14.1.0-1 [1551 kB]
2026-10-08T08:55:33.3695196Z Fetched 1551 kB in 0s (19.7 MB/s)
2026-10-08T08:55:33.3871607Z Selecting previously unselected package ripgrep.
2026-10-08T08:55:33.4117119Z (Reading database ... 
2026-10-08T08:55:33.4117747Z (Reading database ... 5%
2026-10-08T08:55:33.4118054Z (Reading database ... 10%
2026-10-08T08:55:33.4118268Z (Reading database ... 15%
2026-10-08T08:55:33.4118425Z (Reading database ... 20%
2026-10-08T08:55:33.4118558Z (Reading database ... 25%
2026-10-08T08:55:33.4118686Z (Reading database ... 30%
2026-10-08T08:55:33.4118815Z (Reading database ... 35%
2026-10-08T08:55:33.4118991Z (Reading database ... 40%
2026-10-08T08:55:33.4119116Z (Reading database ... 45%
2026-10-08T08:55:33.4119243Z (Reading database ... 50%
2026-10-08T08:55:33.4162829Z (Reading database ... 55%
2026-10-08T08:55:33.5214683Z (Reading database ... 60%
2026-10-08T08:55:33.7096494Z (Reading database ... 65%
2026-10-08T08:55:33.9167902Z (Reading database ... 70%
2026-10-08T08:55:34.0631898Z (Reading database ... 75%
2026-10-08T08:55:34.2172959Z (Reading database ... 80%
2026-10-08T08:55:34.3101406Z (Reading database ... 85%
2026-10-08T08:55:34.4263163Z (Reading database ... 90%
2026-10-08T08:55:34.5605076Z (Reading database ... 95%
2026-10-08T08:55:34.5605302Z (Reading database ... 100%
2026-10-08T08:55:34.5605575Z (Reading database ... 203191 files and directories currently installed.)
2026-10-08T08:55:34.5638969Z Preparing to unpack .../ripgrep_14.1.0-1_amd64.deb ...
2026-10-08T08:55:34.5657249Z Unpacking ripgrep (14.1.0-1) ...
2026-10-08T08:55:34.6285172Z Setting up ripgrep (14.1.0-1) ...
2026-10-08T08:55:34.6301558Z Processing triggers for man-db (2.12.0-4build2) ...
2026-10-08T08:55:34.6324648Z Not building database; man-db/auto-update is not 'true'.
2026-10-08T08:55:35.0701613Z 
2026-10-08T08:55:35.0702129Z Running kernel seems to be up-to-date.
2026-10-08T08:55:35.0702353Z 
2026-10-08T08:55:35.0702563Z No services need to be restarted.
2026-10-08T08:55:35.0702711Z 
2026-10-08T08:55:35.0702800Z No containers need to be restarted.
2026-10-08T08:55:35.0702954Z 
2026-10-08T08:55:35.0703064Z No user sessions are running outdated binaries.
2026-10-08T08:55:35.0703249Z 
2026-10-08T08:55:35.0703412Z No VM guests are running outdated hypervisor (qemu) binaries on this host.
2026-10-08T08:55:35.6616569Z ripgrep 14.1.0
2026-10-08T08:55:35.6616748Z 
2026-10-08T08:55:35.6616880Z features:-simd-accel,+pcre2
2026-10-08T08:55:35.6617102Z simd(compile):+SSE2,-SSSE3,-AVX2
2026-10-08T08:55:35.6617247Z simd(runtime):+SSE2,+SSSE3,+AVX2
2026-10-08T08:55:35.6617341Z 
2026-10-08T08:55:35.6617659Z PCRE2 10.42 is available (JIT is available)
2026-10-08T08:55:35.6626353Z Python 3.12.3
2026-10-08T08:55:35.6661058Z ##[group]Run python3 -I -S - <<'PY'
2026-10-08T08:55:35.6661360Z [36;1mpython3 -I -S - <<'PY'[0m
2026-10-08T08:55:35.6661581Z [36;1mimport ast, os[0m
2026-10-08T08:55:35.6661790Z [36;1mfrom pathlib import Path[0m
2026-10-08T08:55:35.6662287Z [36;1mp = Path(os.environ["GITHUB_WORKSPACE"]) / "utility/artifacts/benchmarks/prospective-temporal-v2/implementation/temporal.py"[0m
2026-10-08T08:55:35.6663347Z [36;1mast.parse(p.read_bytes(), filename=str(p))[0m
2026-10-08T08:55:35.6663728Z [36;1mprint("actual Python AST parse succeeded; not the actual two-arm run")[0m
2026-10-08T08:55:35.6664056Z [36;1mPY[0m
2026-10-08T08:55:35.6730369Z shell: /usr/bin/bash --noprofile --norc -e -o pipefail {0}
2026-10-08T08:55:35.6730670Z env:
2026-10-08T08:55:35.6730863Z   PYTHONDONTWRITEBYTECODE: 1
2026-10-08T08:55:35.6731096Z   RUSTUP_TOOLCHAIN: 1.95.0
2026-10-08T08:55:35.6731362Z   CANDIDATE_SOURCE: 2cd04485b0e0b23483f64671d56538bbaa47f442
2026-10-08T08:55:35.6732015Z   HELPER_MAP_SHA256: c9e27b4f838d9c39f00fe7af95953d5fc8c596c25ef6b0a1c4d93f9d30c87cb4
2026-10-08T08:55:35.6732612Z   REQUESTED_MODE: prepare-source
2026-10-08T08:55:35.6732840Z   PACKAGE_RUN_ID: 37749276827
2026-10-08T08:55:35.6733200Z   PACKAGE_MANIFEST_SHA256: 1dce263321c34dc60e69132d7e386ffa90c9d0436c1be5759efd7fefc957958b
2026-10-08T08:55:35.6733613Z   UPSTREAM_REPOSITORY: mahmoud/boltons
2026-10-08T08:55:35.6733905Z   UPSTREAM_COMMIT: 4e5faa3d7e4008d89e0d8bf1ea87b6d9a061a16d
2026-10-08T08:55:35.6734241Z   PTV2_OUT: /home/runner/work/_temp/ptv2-preseal-output
2026-10-08T08:55:35.6734520Z ##[endgroup]
2026-10-08T08:55:35.7104577Z actual Python AST parse succeeded; not the actual two-arm run
2026-10-08T08:55:35.7163007Z ##[group]Run helper="$GITHUB_WORKSPACE/utility/artifacts/benchmarks/prospective-temporal-v2/implementation/temporal.py"
2026-10-08T08:55:35.7163590Z [36;1mhelper="$GITHUB_WORKSPACE/utility/artifacts/benchmarks/prospective-temporal-v2/implementation/temporal.py"[0m
2026-10-08T08:55:35.7164125Z [36;1mpackage="$GITHUB_WORKSPACE/package-input/candidate-package"[0m
2026-10-08T08:55:35.7164393Z [36;1margs=([0m
2026-10-08T08:55:35.7164642Z [36;1m  "$REQUESTED_MODE"[0m
2026-10-08T08:55:35.7164896Z [36;1m  --source-root "$GITHUB_WORKSPACE/candidate"[0m
2026-10-08T08:55:35.7165160Z [36;1m  --expected-source "$CANDIDATE_SOURCE"[0m
2026-10-08T08:55:35.7165456Z [36;1m  --package-manifest "$package/manifest.json"[0m
2026-10-08T08:55:35.7165741Z [36;1m  --package-manifest-sha256 "$PACKAGE_MANIFEST_SHA256"[0m
2026-10-08T08:55:35.7166110Z [36;1m  --archive "$package/candidate-tools.zip"[0m
2026-10-08T08:55:35.7166380Z [36;1m  --helper-map-sha256 "$HELPER_MAP_SHA256"[0m
2026-10-08T08:55:35.7166710Z [36;1m  --rg /usr/bin/rg[0m
2026-10-08T08:55:35.7176897Z [36;1m  --output "$PTV2_OUT"[0m
2026-10-08T08:55:35.7177113Z [36;1m)[0m
2026-10-08T08:55:35.7177344Z [36;1mif [ "$REQUESTED_MODE" = prepare-source ]; then[0m
2026-10-08T08:55:35.7177767Z [36;1m  args+=(--upstream-root "$GITHUB_WORKSPACE/upstream" --upstream-commit "$UPSTREAM_COMMIT")[0m
2026-10-08T08:55:35.7178151Z [36;1mfi[0m
2026-10-08T08:55:35.7178345Z [36;1mpython3 -I -S "$helper" "${args[@]}"[0m
2026-10-08T08:55:35.7227073Z shell: /usr/bin/bash --noprofile --norc -e -o pipefail {0}
2026-10-08T08:55:35.7227269Z env:
2026-10-08T08:55:35.7227392Z   PYTHONDONTWRITEBYTECODE: 1
2026-10-08T08:55:35.7227536Z   RUSTUP_TOOLCHAIN: 1.95.0
2026-10-08T08:55:35.7227698Z   CANDIDATE_SOURCE: 2cd04485b0e0b23483f64671d56538bbaa47f442
2026-10-08T08:55:35.7227961Z   HELPER_MAP_SHA256: c9e27b4f838d9c39f00fe7af95953d5fc8c596c25ef6b0a1c4d93f9d30c87cb4
2026-10-08T08:55:35.7228207Z   REQUESTED_MODE: prepare-source
2026-10-08T08:55:35.7228356Z   PACKAGE_RUN_ID: 37749276827
2026-10-08T08:55:35.7228583Z   PACKAGE_MANIFEST_SHA256: 1dce263321c34dc60e69132d7e386ffa90c9d0436c1be5759efd7fefc957958b
2026-10-08T08:55:35.7228833Z   UPSTREAM_REPOSITORY: mahmoud/boltons
2026-10-08T08:55:35.7229020Z   UPSTREAM_COMMIT: 4e5faa3d7e4008d89e0d8bf1ea87b6d9a061a16d
2026-10-08T08:55:35.7229228Z   PTV2_OUT: /home/runner/work/_temp/ptv2-preseal-output
2026-10-08T08:55:35.7230892Z   GH_TOKEN: ***
2026-10-08T08:55:35.7231008Z ##[endgroup]
2026-10-08T08:55:37.4096460Z {"status": "source_inputs_prepared_not_authoring_authorization", "admitted": 113, "excluded": 0, "scheduled_product_queries": 0}
2026-10-08T08:55:37.4229508Z ##[group]Run python3 -I -S - <<'PY'
2026-10-08T08:55:37.4229730Z [36;1mpython3 -I -S - <<'PY'[0m
2026-10-08T08:55:37.4229883Z [36;1mimport json, os[0m
2026-10-08T08:55:37.4230024Z [36;1mfrom pathlib import Path[0m
2026-10-08T08:55:37.4230215Z [36;1mroot = Path(os.environ.get("PTV2_OUT", "/nonexistent"))[0m
2026-10-08T08:55:37.4230439Z [36;1mfor name in ("failure.json", "result.json"):[0m
2026-10-08T08:55:37.4230614Z [36;1m    p = root / name[0m
2026-10-08T08:55:37.4230753Z [36;1m    if p.is_file():[0m
2026-10-08T08:55:37.4230904Z [36;1m        value = json.loads(p.read_bytes())[0m
2026-10-08T08:55:37.4231263Z [36;1m        keep = ("status", "error", "error_type", "synthetic_control_only",[0m
2026-10-08T08:55:37.4231557Z [36;1m                "actual_scheduled_results", "new_test_bodies", "scheduled_product_queries",[0m
2026-10-08T08:55:37.4231857Z [36;1m                "admitted", "excluded", "task_acceptance", "authoring_authorized")[0m
2026-10-08T08:55:37.4232165Z [36;1m        print(name + " " + json.dumps({k: value[k] for k in keep if k in value}))[0m
2026-10-08T08:55:37.4232374Z [36;1mPY[0m
2026-10-08T08:55:37.4285199Z shell: /usr/bin/bash --noprofile --norc -e -o pipefail {0}
2026-10-08T08:55:37.4285391Z env:
2026-10-08T08:55:37.4285522Z   PYTHONDONTWRITEBYTECODE: 1
2026-10-08T08:55:37.4285670Z   RUSTUP_TOOLCHAIN: 1.95.0
2026-10-08T08:55:37.4285839Z   CANDIDATE_SOURCE: 2cd04485b0e0b23483f64671d56538bbaa47f442
2026-10-08T08:55:37.4286106Z   HELPER_MAP_SHA256: c9e27b4f838d9c39f00fe7af95953d5fc8c596c25ef6b0a1c4d93f9d30c87cb4
2026-10-08T08:55:37.4286355Z   REQUESTED_MODE: prepare-source
2026-10-08T08:55:37.4286517Z   PACKAGE_RUN_ID: 37749276827
2026-10-08T08:55:37.4286753Z   PACKAGE_MANIFEST_SHA256: 1dce263321c34dc60e69132d7e386ffa90c9d0436c1be5759efd7fefc957958b
2026-10-08T08:55:37.4287016Z   UPSTREAM_REPOSITORY: mahmoud/boltons
2026-10-08T08:55:37.4287204Z   UPSTREAM_COMMIT: 4e5faa3d7e4008d89e0d8bf1ea87b6d9a061a16d
2026-10-08T08:55:37.4287424Z   PTV2_OUT: /home/runner/work/_temp/ptv2-preseal-output
2026-10-08T08:55:37.4287600Z ##[endgroup]
2026-10-08T08:55:37.4530598Z result.json {"status": "pre_author_source_inventory_and_original_source_lock_recorded", "new_test_bodies": 0, "scheduled_product_queries": 0, "admitted": 113, "excluded": 0, "authoring_authorized": false}
2026-10-08T08:55:37.4617046Z ##[group]Run actions/upload-artifact@v4
2026-10-08T08:55:37.4617221Z with:
2026-10-08T08:55:37.4617378Z   name: p8-prospective-temporal-preseal-prepare-source
2026-10-08T08:55:37.4617588Z   path: /home/runner/work/_temp/ptv2-preseal-output
2026-10-08T08:55:37.4617766Z   include-hidden-files: true
2026-10-08T08:55:37.4617922Z   if-no-files-found: error
2026-10-08T08:55:37.4618053Z   compression-level: 6
2026-10-08T08:55:37.4618173Z   overwrite: false
2026-10-08T08:55:37.4618283Z env:
2026-10-08T08:55:37.4618396Z   PYTHONDONTWRITEBYTECODE: 1
2026-10-08T08:55:37.4618533Z   RUSTUP_TOOLCHAIN: 1.95.0
2026-10-08T08:55:37.4618693Z   CANDIDATE_SOURCE: 2cd04485b0e0b23483f64671d56538bbaa47f442
2026-10-08T08:55:37.4618954Z   HELPER_MAP_SHA256: c9e27b4f838d9c39f00fe7af95953d5fc8c596c25ef6b0a1c4d93f9d30c87cb4
2026-10-08T08:55:37.4619193Z   REQUESTED_MODE: prepare-source
2026-10-08T08:55:37.4619337Z   PACKAGE_RUN_ID: 37749276827
2026-10-08T08:55:37.4619585Z   PACKAGE_MANIFEST_SHA256: 1dce263321c34dc60e69132d7e386ffa90c9d0436c1be5759efd7fefc957958b
2026-10-08T08:55:37.4619847Z   UPSTREAM_REPOSITORY: mahmoud/boltons
2026-10-08T08:55:37.4620243Z   UPSTREAM_COMMIT: 4e5faa3d7e4008d89e0d8bf1ea87b6d9a061a16d
2026-10-08T08:55:37.4620457Z   PTV2_OUT: /home/runner/work/_temp/ptv2-preseal-output
2026-10-08T08:55:37.4620630Z ##[endgroup]
2026-10-08T08:55:37.5719050Z (node:3317) [DEP0040] DeprecationWarning: The `punycode` module is deprecated. Please use a userland alternative instead.
2026-10-08T08:55:37.5719460Z (Use `node --trace-deprecation ...` to show where the warning was created)
2026-10-08T08:55:37.5813720Z With the provided path, there will be 44 files uploaded
2026-10-08T08:55:37.5817054Z Artifact name is valid!
2026-10-08T08:55:37.5817358Z Root directory input is valid!
2026-10-08T08:55:37.8403485Z Beginning upload of artifact content to blob storage
2026-10-08T08:55:38.3932940Z (node:3317) [DEP0169] DeprecationWarning: `url.parse()` behavior is not standardized and prone to errors that have security implications. Use the WHATWG URL API instead. CVEs are not issued for `url.parse()` vulnerabilities.
2026-10-08T08:55:38.9859357Z Uploaded bytes 8388608
2026-10-08T08:55:39.5148440Z Uploaded bytes 16777216
2026-10-08T08:55:39.6168679Z Uploaded bytes 19357795
2026-10-08T08:55:39.6666679Z Finished uploading artifact content to blob storage!
2026-10-08T08:55:39.6667808Z SHA256 digest of uploaded artifact zip is 5e207545f51caae6a761e54066a53fe39bebef724cad2d544d5a0992ff41a8d2
2026-10-08T08:55:39.6668709Z Finalizing artifact upload
2026-10-08T08:55:39.9016512Z Artifact p8-prospective-temporal-preseal-prepare-source.zip successfully finalized. Artifact ID 11538762460
2026-10-08T08:55:39.9017402Z Artifact p8-prospective-temporal-preseal-prepare-source has been successfully uploaded! Final size is 19357795 bytes. Artifact ID is 11538762460
2026-10-08T08:55:39.9020716Z Artifact download URL: https://github.com/jyqj/codecortex/actions/runs/37752995462/artifacts/11538762460
2026-10-08T08:55:39.9521665Z Post job cleanup.
2026-10-08T08:55:40.0006214Z [command]/usr/bin/git version
2026-10-08T08:55:40.0031924Z git version 2.55.0
2026-10-08T08:55:40.0053393Z Temporarily overriding HOME='/home/runner/work/_temp/27954c9b-8952-4aec-802c-b90f6dfadfc0' before making global git config changes
2026-10-08T08:55:40.0053953Z Adding repository directory to the temporary git global config as a safe directory
2026-10-08T08:55:40.0056702Z [command]/usr/bin/git config --global --add safe.directory /home/runner/work/codecortex/codecortex/upstream
2026-10-08T08:55:40.0724594Z [command]/usr/bin/git config --local --name-only --get-regexp core\.sshCommand
2026-10-08T08:55:40.0749237Z [command]/usr/bin/git submodule foreach --recursive sh -c "git config --local --name-only --get-regexp 'core\.sshCommand' && git config --local --unset-all 'core.sshCommand' || :"
2026-10-08T08:55:40.0908989Z [command]/usr/bin/git config --local --name-only --get-regexp http\.https\:\/\/github\.com\/\.extraheader
2026-10-08T08:55:40.0930342Z [command]/usr/bin/git submodule foreach --recursive sh -c "git config --local --name-only --get-regexp 'http\.https\:\/\/github\.com\/\.extraheader' && git config --local --unset-all 'http.https://github.com/.extraheader' || :"
2026-10-08T08:55:40.1086037Z [command]/usr/bin/git config --local --name-only --get-regexp ^includeIf\.gitdir:
2026-10-08T08:55:40.1107124Z [command]/usr/bin/git submodule foreach --recursive git config --local --show-origin --name-only --get-regexp remote.origin.url
2026-10-08T08:55:40.1739031Z Post job cleanup.
2026-10-08T08:55:40.2271181Z [command]/usr/bin/git version
2026-10-08T08:55:40.2329966Z git version 2.55.0
2026-10-08T08:55:40.2350765Z Temporarily overriding HOME='/home/runner/work/_temp/4a2c58a3-ae20-4a36-8f1a-76f0a39f4465' before making global git config changes
2026-10-08T08:55:40.2361831Z Adding repository directory to the temporary git global config as a safe directory
2026-10-08T08:55:40.2362557Z [command]/usr/bin/git config --global --add safe.directory /home/runner/work/codecortex/codecortex/candidate
2026-10-08T08:55:40.2835073Z [command]/usr/bin/git config --local --name-only --get-regexp core\.sshCommand
2026-10-08T08:55:40.2861727Z [command]/usr/bin/git submodule foreach --recursive sh -c "git config --local --name-only --get-regexp 'core\.sshCommand' && git config --local --unset-all 'core.sshCommand' || :"
2026-10-08T08:55:40.3061941Z [command]/usr/bin/git config --local --name-only --get-regexp http\.https\:\/\/github\.com\/\.extraheader
2026-10-08T08:55:40.3088392Z [command]/usr/bin/git submodule foreach --recursive sh -c "git config --local --name-only --get-regexp 'http\.https\:\/\/github\.com\/\.extraheader' && git config --local --unset-all 'http.https://github.com/.extraheader' || :"
2026-10-08T08:55:40.3285207Z [command]/usr/bin/git config --local --name-only --get-regexp ^includeIf\.gitdir:
2026-10-08T08:55:40.3307908Z [command]/usr/bin/git submodule foreach --recursive git config --local --show-origin --name-only --get-regexp remote.origin.url
2026-10-08T08:55:40.3734928Z Post job cleanup.
2026-10-08T08:55:40.4296334Z [command]/usr/bin/git version
2026-10-08T08:55:40.4324108Z git version 2.55.0
2026-10-08T08:55:40.4346366Z Temporarily overriding HOME='/home/runner/work/_temp/200bb16b-6c91-4c03-84e4-b117aba7da54' before making global git config changes
2026-10-08T08:55:40.4347160Z Adding repository directory to the temporary git global config as a safe directory
2026-10-08T08:55:40.4350201Z [command]/usr/bin/git config --global --add safe.directory /home/runner/work/codecortex/codecortex/utility
2026-10-08T08:55:40.4938962Z [command]/usr/bin/git config --local --name-only --get-regexp core\.sshCommand
2026-10-08T08:55:40.4965254Z [command]/usr/bin/git submodule foreach --recursive sh -c "git config --local --name-only --get-regexp 'core\.sshCommand' && git config --local --unset-all 'core.sshCommand' || :"
2026-10-08T08:55:40.5150630Z [command]/usr/bin/git config --local --name-only --get-regexp http\.https\:\/\/github\.com\/\.extraheader
2026-10-08T08:55:40.5174249Z [command]/usr/bin/git submodule foreach --recursive sh -c "git config --local --name-only --get-regexp 'http\.https\:\/\/github\.com\/\.extraheader' && git config --local --unset-all 'http.https://github.com/.extraheader' || :"
2026-10-08T08:55:40.5352124Z [command]/usr/bin/git config --local --name-only --get-regexp ^includeIf\.gitdir:
2026-10-08T08:55:40.5374335Z [command]/usr/bin/git submodule foreach --recursive git config --local --show-origin --name-only --get-regexp remote.origin.url
2026-10-08T08:55:40.5669415Z Cleaning up orphan processes
2026-10-08T08:55:40.5878256Z ##[warning]Node.js 20 is deprecated. The following actions target Node.js 20 but are being forced to run on Node.js 24: actions/checkout@v4, actions/download-artifact@v4, actions/upload-artifact@v4. For more information see: https://github.blog/changelog/2025-09-19-deprecation-of-node-20-on-github-actions-runners/
