test_actual_ipv4_ipv6_socket_attempts_are_process_fatal (test_p7_offline_network.NetworkGuardTests.test_actual_ipv4_ipv6_socket_attempts_are_process_fatal) ... ok
test_addressed_receives_wrong_flags_and_descriptor_import_remain_fatal (test_p7_offline_network.NetworkGuardTests.test_addressed_receives_wrong_flags_and_descriptor_import_remain_fatal) ... ok
test_anonymous_unix_stream_ipc_works_under_both_network_policies (test_p7_offline_network.NetworkGuardTests.test_anonymous_unix_stream_ipc_works_under_both_network_policies) ... ok
test_early_sigsys_cannot_pass_without_reaching_the_socket (test_p7_offline_network.NetworkGuardTests.test_early_sigsys_cannot_pass_without_reaching_the_socket) ... ok
test_errno_parent_policy_is_inherited_across_exec (test_p7_offline_network.NetworkGuardTests.test_errno_parent_policy_is_inherited_across_exec) ... ok
test_existing_receipt_is_rejected_without_overwrite (test_p7_offline_network.NetworkGuardTests.test_existing_receipt_is_rejected_without_overwrite) ... ok
test_external_pair_addressable_unix_socket_and_connect_are_still_fatal (test_p7_offline_network.NetworkGuardTests.test_external_pair_addressable_unix_socket_and_connect_are_still_fatal) ... ok
test_kill_policy_runs_a_non_network_command_with_distinct_identity (test_p7_offline_network.NetworkGuardTests.test_kill_policy_runs_a_non_network_command_with_distinct_identity) ... ok
test_normal_exit_cannot_pass_the_kill_positive_control (test_p7_offline_network.NetworkGuardTests.test_normal_exit_cannot_pass_the_kill_positive_control) ... ok
test_probes_reach_explicit_ipv4_ipv6_syscalls_with_the_actual_empty_environment (test_p7_offline_network.NetworkGuardTests.test_probes_reach_explicit_ipv4_ipv6_syscalls_with_the_actual_empty_environment) ... ok
test_rust_spawn_anonymous_seqpacket_eof_and_eight_byte_error_under_both_policies (test_p7_offline_network.NetworkGuardTests.test_rust_spawn_anonymous_seqpacket_eof_and_eight_byte_error_under_both_policies) ... ok
test_child_socket_sigsys_is_rejected_even_when_parent_exits_zero (test_p7_offline_trace.TraceVerifierTests.test_child_socket_sigsys_is_rejected_even_when_parent_exits_zero) ... ok
test_clean_fork_thread_and_failed_clone_are_all_accounted (test_p7_offline_trace.TraceVerifierTests.test_clean_fork_thread_and_failed_clone_are_all_accounted) ... ok
test_full_matrix_requires_four_disjoint_product_trees_and_observed_probe_calls (test_p7_offline_trace.TraceVerifierTests.test_full_matrix_requires_four_disjoint_product_trees_and_observed_probe_calls) ... ok
test_grandchild_io_uring_and_swallowed_eperm_are_rejected (test_p7_offline_trace.TraceVerifierTests.test_grandchild_io_uring_and_swallowed_eperm_are_rejected) ... ok
test_guard_receipt_requires_its_own_filter_increment_and_same_process (test_p7_offline_trace.TraceVerifierTests.test_guard_receipt_requires_its_own_filter_increment_and_same_process) ... ok
test_incomplete_tool_contract_wrong_guard_pid_and_missing_positive_trace_are_rejected (test_p7_offline_trace.TraceVerifierTests.test_incomplete_tool_contract_wrong_guard_pid_and_missing_positive_trace_are_rejected) ... ok
test_inode_proof_survives_fork_and_fd_duplication_without_assuming_fd_numbers (test_p7_offline_trace.TraceVerifierTests.test_inode_proof_survives_fork_and_fd_duplication_without_assuming_fd_numbers) ... ok
test_missing_descendant_missing_exit_extra_root_and_pid_reuse_fail_closed (test_p7_offline_trace.TraceVerifierTests.test_missing_descendant_missing_exit_extra_root_and_pid_reuse_fail_closed) ... ok
test_only_successful_anonymous_stream_ipc_is_separately_accounted (test_p7_offline_trace.TraceVerifierTests.test_only_successful_anonymous_stream_ipc_is_separately_accounted) ... ok
test_pair_created_later_or_without_timestamp_is_not_a_receive_witness (test_p7_offline_trace.TraceVerifierTests.test_pair_created_later_or_without_timestamp_is_not_a_receive_witness) ... ok
test_positive_controls_cannot_reuse_a_tree_or_claim_the_wrong_address_family (test_p7_offline_trace.TraceVerifierTests.test_positive_controls_cannot_reuse_a_tree_or_claim_the_wrong_address_family) ... ok
test_product_and_positive_probe_cannot_omit_inherited_parent_isolation (test_p7_offline_trace.TraceVerifierTests.test_product_and_positive_probe_cannot_omit_inherited_parent_isolation) ... ok
test_production_trace_requires_timestamps_and_ambiguous_inode_reuse_is_rejected (test_p7_offline_trace.TraceVerifierTests.test_production_trace_requires_timestamps_and_ambiguous_inode_reuse_is_rejected) ... ok
test_seqpacket_receive_is_bound_to_the_actual_anonymous_pair_inode (test_p7_offline_trace.TraceVerifierTests.test_seqpacket_receive_is_bound_to_the_actual_anonymous_pair_inode) ... ok
test_standalone_guard_accepts_a_real_filter_increment_from_bare_host_zero (test_p7_offline_trace.TraceVerifierTests.test_standalone_guard_accepts_a_real_filter_increment_from_bare_host_zero) ... ok
test_unfinished_vfork_resume_preserves_parent_child_edge (test_p7_offline_trace.TraceVerifierTests.test_unfinished_vfork_resume_preserves_parent_child_edge) ... ok
test_unknown_reused_future_or_addressed_pair_fds_never_become_zero_attempts (test_p7_offline_trace.TraceVerifierTests.test_unknown_reused_future_or_addressed_pair_fds_never_become_zero_attempts) ... ok
test_unknown_selected_syscall_is_never_silently_ignored (test_p7_offline_trace.TraceVerifierTests.test_unknown_selected_syscall_is_never_silently_ignored) ... ok
test_unknown_trace_record_truncated_argv_and_namespace_change_fail_closed (test_p7_offline_trace.TraceVerifierTests.test_unknown_trace_record_truncated_argv_and_namespace_change_fail_closed) ... ok
test_wrapper_pre_exec_calls_are_separate_but_every_launch_descendant_is_included (test_p7_offline_trace.TraceVerifierTests.test_wrapper_pre_exec_calls_are_separate_but_every_launch_descendant_is_included) ... ok
test_wrong_or_failed_exec_cannot_bind_a_product (test_p7_offline_trace.TraceVerifierTests.test_wrong_or_failed_exec_cannot_bind_a_product) ... ok

----------------------------------------------------------------------
Ran 32 tests in 3.780s

OK
