   Compiling libc v0.2.183
    Checking cfg-if v1.0.4
    Checking memchr v2.8.0
    Checking serde_core v1.0.228
    Checking tree-sitter-language v0.1.7
    Checking equivalent v1.0.2
    Checking cpufeatures v0.3.0
    Checking aho-corasick v1.1.4
    Checking rand_core v0.10.0
   Compiling jobserver v0.1.34
    Checking regex-syntax v0.8.10
   Compiling cc v1.2.58
    Checking smallvec v1.15.1
    Checking once_cell v1.21.4
    Checking foldhash v0.2.0
    Checking serde v1.0.228
    Checking allocator-api2 v0.2.21
    Checking scopeguard v1.2.0
    Checking lock_api v0.4.14
    Checking hashbrown v0.17.1
    Checking crossbeam-utils v0.8.21
    Checking regex-automata v0.4.14
    Checking parking_lot_core v0.9.12
   Compiling zstd-sys v2.0.16+zstd.1.5.7
   Compiling libsqlite3-sys v0.38.1
   Compiling blake3 v1.8.4
    Checking getrandom v0.4.2
    Checking log v0.4.29
    Checking bitflags v2.11.0
    Checking parking_lot v0.12.5
    Checking crossbeam-epoch v0.9.20
    Checking zmij v1.0.21
    Checking tracing-core v0.1.36
    Checking chacha20 v0.10.2
    Checking arrayref v0.3.9
    Checking arrayvec v0.7.6
    Checking constant_time_eq v0.4.2
    Checking pin-project-lite v0.2.17
    Checking itoa v1.0.18
    Checking tracing v0.1.44
    Checking serde_json v1.0.149
    Checking thiserror v2.0.18
    Checking rand v0.10.3
    Checking regex v1.12.3
    Checking crossbeam-deque v0.8.6
    Checking scheduled-thread-pool v0.2.7
    Checking hashlink v0.12.1
   Compiling tree-sitter-rust v0.23.3
   Compiling tree-sitter-javascript v0.23.1
   Compiling tree-sitter-java v0.23.5
   Compiling tree-sitter v0.24.7
   Compiling tree-sitter-typescript v0.23.2
   Compiling tree-sitter-go v0.23.4
   Compiling tree-sitter-python v0.23.6
   Compiling tree-sitter-cpp v0.23.4
   Compiling tree-sitter-c v0.23.4
    Checking fallible-iterator v0.3.0
    Checking fallible-streaming-iterator v0.1.9
    Checking hashbrown v0.16.1
    Checking indexmap v2.13.0
    Checking rusqlite v0.40.1
    Checking r2d2 v0.8.10
    Checking num-traits v0.2.19
    Checking uuid v1.23.0
    Checking cc-model v1.0.0 (/workspace/scratch/50c364fd60b1/codecortex/crates/cc-model)
    Checking toml_datetime v0.6.11
    Checking serde_spanned v0.6.9
    Checking bstr v1.12.1
    Checking iana-time-zone v0.1.65
    Checking same-file v1.0.6
    Checking winnow v0.7.15
    Checking streaming-iterator v0.1.9
    Checking toml_write v0.1.2
    Checking globset v0.4.18
    Checking toml_edit v0.22.27
    Checking walkdir v2.5.0
    Checking chrono v0.4.44
    Checking r2d2_sqlite v0.35.0
    Checking rayon-core v1.13.0
    Checking either v1.15.0
    Checking linux-raw-sys v0.12.1
    Checking rayon v1.11.0
    Checking rustix v1.1.4
    Checking toml v0.8.23
   Compiling zstd-safe v7.2.4
    Checking zstd v0.13.3
    Checking ignore v0.4.25
    Checking lru v0.18.2
    Checking fastrand v2.3.0
    Checking tempfile v3.27.0
    Checking cc-db v1.0.0 (/workspace/scratch/50c364fd60b1/codecortex/crates/cc-db)
    Checking cc-parsers v1.0.0 (/workspace/scratch/50c364fd60b1/codecortex/crates/cc-parsers)
    Checking cc-index v1.0.0 (/workspace/scratch/50c364fd60b1/codecortex/crates/cc-index)
    Finished `dev` profile [unoptimized + debuginfo] target(s) in 42.25s
