   Compiling cc-server v1.0.0 (/workspace/codecortex/artifacts/checkpoints/independent-parallel-drain-review-20261003/harness/crates/cc-server)
    Finished `test` profile [unoptimized + debuginfo] target(s) in 5.28s
     Running unittests src/lib.rs (artifacts/checkpoints/independent-parallel-drain-review-20261003/harness/target/debug/deps/cc_server-95cb67417ad6e0e1)

running 11 tests
test semantic_runtime::independent_review::independent_review_actual_schedule_reaches_idle_with_ready_rows ... INDEPENDENT_RETRY_SCHEDULE rows=12 ready=11 unstarted=11 provider_calls=1 running=false pins=0 requested=false gate_inflight=0
ok
test semantic_runtime::independent_review::independent_review_close_preserves_physical_ownership ... INDEPENDENT_CLOSE peak=2 pins_while_physical_calls=1 gate_after_join=0 claimed_after_join=0 published=0 db_read_write_while_calls=ok
ok
test semantic_runtime::independent_review::independent_review_disabled_network_defaults ... INDEPENDENT_DEFAULT enabled=false network_opt_in=false env_lookups=0 provider_assembly=none
ok
test semantic_runtime::independent_review::independent_review_multi_project_gate ... INDEPENDENT_GATE peak=4 project_a=2 project_b=2 overlimit_inner_calls=0 final_permits=0
ok
test semantic_runtime::independent_review::independent_review_normal_space_switch_fences_publication ... INDEPENDENT_SPACE_SWITCH provider_calls=2 published_old_vectors=0 gate_after_join=0
ok
test semantic_runtime::independent_review::independent_review_requested_race_and_successful_continuation ... INDEPENDENT_SUCCESS published=40 calls=40 peak=2 coalesced_busy_request=retained pins_after_join=0
ok
test semantic_runtime::independent_review::independent_review_retry_round_strands_ready_rows ... INDEPENDENT_RETRY_ROUND more=false rows=12 ready=10 unstarted=10 provider_calls=2 cursor_none=true gate_inflight=0
ok
test semantic_runtime::independent_review::independent_review_serial_api_continues_after_retry_but_width_zero_runtime_stops ... INDEPENDENT_SERIAL_DIFF width0_runtime_calls=1 more=false ready=11 original_serial_api_claimed=11 retried=11
ok
test semantic_runtime::independent_review::independent_review_unhandled_error_joins_companion_before_return ... INDEPENDENT_ERR returned_after_physical_join=true permits=0 claimed=0
ok
test semantic_runtime::independent_review::independent_review_unstarted_cancellation_refunds_and_token_renewal_is_fenced ... INDEPENDENT_UNSTARTED claims=2 observed_handler_tokens=1 charges=0 claimed=0 stale_renew=false
ok
test semantic_runtime::independent_review::independent_review_width_and_budget_with_real_publish ... INDEPENDENT_WIDTH configured=0 calls=16 published=16 peak=1 effective_global=4 effective_project=None
INDEPENDENT_WIDTH configured=1 calls=16 published=16 peak=1 effective_global=4 effective_project=Some(1)
INDEPENDENT_WIDTH configured=2 calls=16 published=16 peak=2 effective_global=4 effective_project=Some(2)
INDEPENDENT_WIDTH configured=4 calls=16 published=16 peak=2 effective_global=8 effective_project=Some(4)
ok

test result: ok. 11 passed; 0 failed; 0 ignored; 0 measured; 335 filtered out; finished in 1.46s

