2026-10-09T08:16:39.4303308Z Current runner version: '2.337.0'
2026-10-09T08:16:39.4329779Z ##[group]Runner Image Provisioner
2026-10-09T08:16:39.4330736Z Hosted Compute Agent
2026-10-09T08:16:39.4331410Z Version: 20261002.596
2026-10-09T08:16:39.4332073Z Commit: c3d12f3313a95f25162a1503be624f3b0617f8c0
2026-10-09T08:16:39.4332812Z Build Date: 2026-10-02T22:28:27Z
2026-10-09T08:16:39.4333840Z Worker ID: {b3f6d670-ca9f-4326-beaa-93d5c6b1fba5}
2026-10-09T08:16:39.4334737Z Region: northcentralus
2026-10-09T08:16:39.4335330Z Cloud: Azure
2026-10-09T08:16:39.4335853Z ##[endgroup]
2026-10-09T08:16:39.4337623Z ##[group]Operating System
2026-10-09T08:16:39.4338317Z Ubuntu
2026-10-09T08:16:39.4338894Z 24.04.5
2026-10-09T08:16:39.4339416Z LTS
2026-10-09T08:16:39.4339942Z ##[endgroup]
2026-10-09T08:16:39.4340589Z ##[group]Runner Image
2026-10-09T08:16:39.4341176Z Image: ubuntu-24.04
2026-10-09T08:16:39.4341764Z Version: 20261004.327.1
2026-10-09T08:16:39.4343033Z Included Software: https://github.com/actions/runner-images/blob/ubuntu24/20261004.327/images/ubuntu/Ubuntu2404-Readme.md
2026-10-09T08:16:39.4345542Z Image Release: https://github.com/actions/runner-images/releases/tag/ubuntu24%2F20261004.327
2026-10-09T08:16:39.4346576Z ##[endgroup]
2026-10-09T08:16:39.4347750Z ##[group]GITHUB_TOKEN Permissions
2026-10-09T08:16:39.4349948Z Contents: read
2026-10-09T08:16:39.4350620Z Metadata: read
2026-10-09T08:16:39.4351261Z ##[endgroup]
2026-10-09T08:16:39.4353951Z Secret source: Actions
2026-10-09T08:16:39.4355098Z Cache mode: write
2026-10-09T08:16:39.4356234Z Prepare workflow directory
2026-10-09T08:16:39.4771175Z Prepare all required actions
2026-10-09T08:16:39.4820306Z Getting action download info
2026-10-09T08:16:39.7551548Z Download action repository 'actions/checkout@v4' (SHA:11d5960a326750d5838078e36cf38b85af677262)
2026-10-09T08:16:39.8574936Z Download action repository 'dtolnay/rust-toolchain@stable' (SHA:686976e191b89faba57d3206551f0f330d8cb249)
2026-10-09T08:16:39.9901590Z Download action repository 'actions/download-artifact@v4' (SHA:d3f86a106a0bac45b974a628896c90dbdf5c8093)
2026-10-09T08:16:40.3627483Z Download action repository 'actions/upload-artifact@v4' (SHA:ea165f8d65b6e75b540449e92b4886f43607fa02)
2026-10-09T08:16:40.6285070Z Complete job name: preflight (100000, 0)
2026-10-09T08:16:40.7144098Z ##[group]Run actions/checkout@v4
2026-10-09T08:16:40.7145111Z with:
2026-10-09T08:16:40.7145645Z   ref: c8be5afaac568ffd40ef86d3795423c3b73c9f39
2026-10-09T08:16:40.7146326Z   sparse-checkout-cone-mode: false
2026-10-09T08:16:40.7146927Z   sparse-checkout: /*
!/artifacts/

2026-10-09T08:16:40.7147517Z   repository: jyqj/codecortex
2026-10-09T08:16:40.7151645Z   token: ***
2026-10-09T08:16:40.7152118Z   ssh-strict: true
2026-10-09T08:16:40.7152591Z   ssh-user: git
2026-10-09T08:16:40.7153067Z   persist-credentials: true
2026-10-09T08:16:40.7153769Z   clean: true
2026-10-09T08:16:40.7154237Z   fetch-depth: 1
2026-10-09T08:16:40.7154727Z   fetch-tags: false
2026-10-09T08:16:40.7155211Z   show-progress: true
2026-10-09T08:16:40.7155689Z   lfs: false
2026-10-09T08:16:40.7156165Z   submodules: false
2026-10-09T08:16:40.7156660Z   set-safe-directory: true
2026-10-09T08:16:40.7157200Z   allow-unsafe-pr-checkout: false
2026-10-09T08:16:40.7158024Z env:
2026-10-09T08:16:40.7158538Z   CARGO_TERM_COLOR: never
2026-10-09T08:16:40.7159060Z   CARGO_INCREMENTAL: 0
2026-10-09T08:16:40.7159546Z   CARGO_BUILD_JOBS: 2
2026-10-09T08:16:40.7160018Z   RUSTFLAGS: 
2026-10-09T08:16:40.7160469Z ##[endgroup]
2026-10-09T08:16:40.8150278Z Syncing repository: jyqj/codecortex
2026-10-09T08:16:40.8152510Z ##[group]Getting Git version info
2026-10-09T08:16:40.8153735Z Working directory is '/home/runner/work/codecortex/codecortex'
2026-10-09T08:16:40.8155201Z [command]/usr/bin/git version
2026-10-09T08:16:40.8197295Z git version 2.55.0
2026-10-09T08:16:40.8219913Z ##[endgroup]
2026-10-09T08:16:40.8234274Z Temporarily overriding HOME='/home/runner/work/_temp/ffdde656-b1cb-42a2-84e4-961b344d7ad5' before making global git config changes
2026-10-09T08:16:40.8236523Z Adding repository directory to the temporary git global config as a safe directory
2026-10-09T08:16:40.8240006Z [command]/usr/bin/git config --global --add safe.directory /home/runner/work/codecortex/codecortex
2026-10-09T08:16:40.8284577Z Deleting the contents of '/home/runner/work/codecortex/codecortex'
2026-10-09T08:16:40.8288591Z ##[group]Initializing the repository
2026-10-09T08:16:40.8292709Z [command]/usr/bin/git init /home/runner/work/codecortex/codecortex
2026-10-09T08:16:40.8382529Z hint: Using 'master' as the name for the initial branch. This default branch name
2026-10-09T08:16:40.8384067Z hint: will change to "main" in Git 3.0. To configure the initial branch name
2026-10-09T08:16:40.8385926Z hint: to use in all of your new repositories, which will suppress this warning,
2026-10-09T08:16:40.8387329Z hint: call:
2026-10-09T08:16:40.8388235Z hint:
2026-10-09T08:16:40.8389392Z hint: 	git config --global init.defaultBranch <name>
2026-10-09T08:16:40.8390773Z hint:
2026-10-09T08:16:40.8392071Z hint: Names commonly chosen instead of 'master' are 'main', 'trunk' and
2026-10-09T08:16:40.8394402Z hint: 'development'. The just-created branch can be renamed via this command:
2026-10-09T08:16:40.8395986Z hint:
2026-10-09T08:16:40.8396988Z hint: 	git branch -m <name>
2026-10-09T08:16:40.8398182Z hint:
2026-10-09T08:16:40.8399588Z hint: Disable this message with "git config set advice.defaultBranchName false"
2026-10-09T08:16:40.8401711Z Initialized empty Git repository in /home/runner/work/codecortex/codecortex/.git/
2026-10-09T08:16:40.8405521Z [command]/usr/bin/git remote add origin https://github.com/jyqj/codecortex
2026-10-09T08:16:40.8449120Z ##[endgroup]
2026-10-09T08:16:40.8450686Z ##[group]Disabling automatic garbage collection
2026-10-09T08:16:40.8453210Z [command]/usr/bin/git config --local gc.auto 0
2026-10-09T08:16:40.8485206Z ##[endgroup]
2026-10-09T08:16:40.8486781Z ##[group]Setting up auth
2026-10-09T08:16:40.8492142Z [command]/usr/bin/git config --local --name-only --get-regexp core\.sshCommand
2026-10-09T08:16:40.8522162Z [command]/usr/bin/git submodule foreach --recursive sh -c "git config --local --name-only --get-regexp 'core\.sshCommand' && git config --local --unset-all 'core.sshCommand' || :"
2026-10-09T08:16:40.8832256Z [command]/usr/bin/git config --local --name-only --get-regexp http\.https\:\/\/github\.com\/\.extraheader
2026-10-09T08:16:40.8862979Z [command]/usr/bin/git submodule foreach --recursive sh -c "git config --local --name-only --get-regexp 'http\.https\:\/\/github\.com\/\.extraheader' && git config --local --unset-all 'http.https://github.com/.extraheader' || :"
2026-10-09T08:16:40.9086984Z [command]/usr/bin/git config --local --name-only --get-regexp ^includeIf\.gitdir:
2026-10-09T08:16:40.9120044Z [command]/usr/bin/git submodule foreach --recursive git config --local --show-origin --name-only --get-regexp remote.origin.url
2026-10-09T08:16:40.9356059Z [command]/usr/bin/git config --local http.https://github.com/.extraheader AUTHORIZATION: basic ***
2026-10-09T08:16:40.9394112Z ##[endgroup]
2026-10-09T08:16:40.9395169Z ##[group]Fetching the repository
2026-10-09T08:16:40.9403834Z [command]/usr/bin/git -c protocol.version=2 fetch --no-tags --prune --no-recurse-submodules --filter=blob:none --depth=1 origin c8be5afaac568ffd40ef86d3795423c3b73c9f39
2026-10-09T08:16:41.3487730Z From https://github.com/jyqj/codecortex
2026-10-09T08:16:41.3490400Z  * branch            c8be5afaac568ffd40ef86d3795423c3b73c9f39 -> FETCH_HEAD
2026-10-09T08:16:41.3496393Z ##[endgroup]
2026-10-09T08:16:41.3498344Z ##[group]Determining the checkout info
2026-10-09T08:16:41.3500701Z ##[endgroup]
2026-10-09T08:16:41.3502712Z ##[group]Setting up sparse checkout
2026-10-09T08:16:41.3504638Z [command]/usr/bin/git config core.sparseCheckout true
2026-10-09T08:16:41.3539487Z [command]/usr/bin/git rev-parse --git-path info/sparse-checkout
2026-10-09T08:16:41.3562746Z .git/info/sparse-checkout
2026-10-09T08:16:41.3575169Z ##[endgroup]
2026-10-09T08:16:41.3576571Z ##[group]Checking out the ref
2026-10-09T08:16:41.3580293Z [command]/usr/bin/git checkout --progress --force c8be5afaac568ffd40ef86d3795423c3b73c9f39
2026-10-09T08:16:42.7910940Z Updating files:   0% (1/1654)
2026-10-09T08:16:42.7934088Z Updating files:   1% (17/1654)
2026-10-09T08:16:42.7952102Z Updating files:   2% (34/1654)
2026-10-09T08:16:42.7970468Z Updating files:   3% (50/1654)
2026-10-09T08:16:42.7983859Z Updating files:   4% (67/1654)
2026-10-09T08:16:42.7995550Z Updating files:   5% (83/1654)
2026-10-09T08:16:42.8004329Z Updating files:   6% (100/1654)
2026-10-09T08:16:42.8037973Z Updating files:   7% (116/1654)
2026-10-09T08:16:42.8094470Z Updating files:   8% (133/1654)
2026-10-09T08:16:42.8118744Z Updating files:   9% (149/1654)
2026-10-09T08:16:42.8137922Z Updating files:  10% (166/1654)
2026-10-09T08:16:42.8147335Z Updating files:  11% (182/1654)
2026-10-09T08:16:42.8158231Z Updating files:  12% (199/1654)
2026-10-09T08:16:42.8166953Z Updating files:  13% (216/1654)
2026-10-09T08:16:42.8183801Z Updating files:  14% (232/1654)
2026-10-09T08:16:42.8202930Z Updating files:  15% (249/1654)
2026-10-09T08:16:42.8216216Z Updating files:  16% (265/1654)
2026-10-09T08:16:42.8230536Z Updating files:  17% (282/1654)
2026-10-09T08:16:42.8256376Z Updating files:  18% (298/1654)
2026-10-09T08:16:42.8278254Z Updating files:  19% (315/1654)
2026-10-09T08:16:42.8304048Z Updating files:  20% (331/1654)
2026-10-09T08:16:42.8317639Z Updating files:  21% (348/1654)
2026-10-09T08:16:42.8336052Z Updating files:  22% (364/1654)
2026-10-09T08:16:42.8356417Z Updating files:  23% (381/1654)
2026-10-09T08:16:42.8375462Z Updating files:  24% (397/1654)
2026-10-09T08:16:42.8382860Z Updating files:  25% (414/1654)
2026-10-09T08:16:42.8389204Z Updating files:  26% (431/1654)
2026-10-09T08:16:42.8395535Z Updating files:  27% (447/1654)
2026-10-09T08:16:42.8401588Z Updating files:  28% (464/1654)
2026-10-09T08:16:42.8408550Z Updating files:  29% (480/1654)
2026-10-09T08:16:42.8414455Z Updating files:  30% (497/1654)
2026-10-09T08:16:42.8425215Z Updating files:  31% (513/1654)
2026-10-09T08:16:42.8432173Z Updating files:  32% (530/1654)
2026-10-09T08:16:42.8446670Z Updating files:  33% (546/1654)
2026-10-09T08:16:42.8459956Z Updating files:  34% (563/1654)
2026-10-09T08:16:42.8473571Z Updating files:  35% (579/1654)
2026-10-09T08:16:42.8488710Z Updating files:  36% (596/1654)
2026-10-09T08:16:42.8501535Z Updating files:  37% (612/1654)
2026-10-09T08:16:42.8512413Z Updating files:  38% (629/1654)
2026-10-09T08:16:42.8524292Z Updating files:  39% (646/1654)
2026-10-09T08:16:42.8539026Z Updating files:  40% (662/1654)
2026-10-09T08:16:42.8556351Z Updating files:  41% (679/1654)
2026-10-09T08:16:42.8568848Z Updating files:  42% (695/1654)
2026-10-09T08:16:42.8583640Z Updating files:  43% (712/1654)
2026-10-09T08:16:42.8604651Z Updating files:  44% (728/1654)
2026-10-09T08:16:42.8616564Z Updating files:  45% (745/1654)
2026-10-09T08:16:42.8633344Z Updating files:  46% (761/1654)
2026-10-09T08:16:42.8647009Z Updating files:  47% (778/1654)
2026-10-09T08:16:42.8658938Z Updating files:  48% (794/1654)
2026-10-09T08:16:42.8670996Z Updating files:  49% (811/1654)
2026-10-09T08:16:42.8682011Z Updating files:  50% (827/1654)
2026-10-09T08:16:42.8693188Z Updating files:  51% (844/1654)
2026-10-09T08:16:42.8705306Z Updating files:  52% (861/1654)
2026-10-09T08:16:42.8721459Z Updating files:  53% (877/1654)
2026-10-09T08:16:42.8738585Z Updating files:  54% (894/1654)
2026-10-09T08:16:42.8750607Z Updating files:  55% (910/1654)
2026-10-09T08:16:42.8771784Z Updating files:  56% (927/1654)
2026-10-09T08:16:42.8788193Z Updating files:  57% (943/1654)
2026-10-09T08:16:42.8806661Z Updating files:  58% (960/1654)
2026-10-09T08:16:42.8828013Z Updating files:  59% (976/1654)
2026-10-09T08:16:42.8844294Z Updating files:  60% (993/1654)
2026-10-09T08:16:42.8865357Z Updating files:  61% (1009/1654)
2026-10-09T08:16:42.8883271Z Updating files:  62% (1026/1654)
2026-10-09T08:16:42.8894470Z Updating files:  63% (1043/1654)
2026-10-09T08:16:42.8915798Z Updating files:  64% (1059/1654)
2026-10-09T08:16:42.8931703Z Updating files:  65% (1076/1654)
2026-10-09T08:16:42.8948435Z Updating files:  66% (1092/1654)
2026-10-09T08:16:42.8961758Z Updating files:  67% (1109/1654)
2026-10-09T08:16:42.8973919Z Updating files:  68% (1125/1654)
2026-10-09T08:16:42.8992029Z Updating files:  69% (1142/1654)
2026-10-09T08:16:42.9007556Z Updating files:  70% (1158/1654)
2026-10-09T08:16:42.9014179Z Updating files:  71% (1175/1654)
2026-10-09T08:16:42.9049956Z Updating files:  72% (1191/1654)
2026-10-09T08:16:42.9059901Z Updating files:  73% (1208/1654)
2026-10-09T08:16:42.9078498Z Updating files:  74% (1224/1654)
2026-10-09T08:16:42.9088796Z Updating files:  75% (1241/1654)
2026-10-09T08:16:42.9099076Z Updating files:  76% (1258/1654)
2026-10-09T08:16:42.9108207Z Updating files:  77% (1274/1654)
2026-10-09T08:16:42.9120754Z Updating files:  78% (1291/1654)
2026-10-09T08:16:42.9141624Z Updating files:  79% (1307/1654)
2026-10-09T08:16:42.9185200Z Updating files:  80% (1324/1654)
2026-10-09T08:16:42.9186000Z Updating files:  81% (1340/1654)
2026-10-09T08:16:42.9200407Z Updating files:  82% (1357/1654)
2026-10-09T08:16:42.9201428Z Updating files:  83% (1373/1654)
2026-10-09T08:16:42.9210362Z Updating files:  84% (1390/1654)
2026-10-09T08:16:42.9223279Z Updating files:  85% (1406/1654)
2026-10-09T08:16:42.9265972Z Updating files:  86% (1423/1654)
2026-10-09T08:16:42.9277027Z Updating files:  87% (1439/1654)
2026-10-09T08:16:42.9288466Z Updating files:  88% (1456/1654)
2026-10-09T08:16:42.9301282Z Updating files:  89% (1473/1654)
2026-10-09T08:16:42.9317491Z Updating files:  90% (1489/1654)
2026-10-09T08:16:42.9344752Z Updating files:  91% (1506/1654)
2026-10-09T08:16:42.9363491Z Updating files:  92% (1522/1654)
2026-10-09T08:16:42.9385438Z Updating files:  93% (1539/1654)
2026-10-09T08:16:42.9398333Z Updating files:  94% (1555/1654)
2026-10-09T08:16:42.9416454Z Updating files:  95% (1572/1654)
2026-10-09T08:16:42.9430327Z Updating files:  96% (1588/1654)
2026-10-09T08:16:42.9449709Z Updating files:  97% (1605/1654)
2026-10-09T08:16:42.9465401Z Updating files:  98% (1621/1654)
2026-10-09T08:16:42.9476015Z Updating files:  99% (1638/1654)
2026-10-09T08:16:42.9476900Z Updating files: 100% (1654/1654)
2026-10-09T08:16:42.9477619Z Updating files: 100% (1654/1654), done.
2026-10-09T08:16:42.9722610Z Note: switching to 'c8be5afaac568ffd40ef86d3795423c3b73c9f39'.
2026-10-09T08:16:42.9723221Z 
2026-10-09T08:16:42.9723892Z You are in 'detached HEAD' state. You can look around, make experimental
2026-10-09T08:16:42.9724495Z changes and commit them, and you can discard any commits you make in this
2026-10-09T08:16:42.9725072Z state without impacting any branches by switching back to a branch.
2026-10-09T08:16:42.9725401Z 
2026-10-09T08:16:42.9725639Z If you want to create a new branch to retain commits you create, you may
2026-10-09T08:16:42.9726174Z do so (now or later) by using -c with the switch command. Example:
2026-10-09T08:16:42.9726472Z 
2026-10-09T08:16:42.9726622Z   git switch -c <new-branch-name>
2026-10-09T08:16:42.9726836Z 
2026-10-09T08:16:42.9726980Z Or undo this operation with:
2026-10-09T08:16:42.9727240Z 
2026-10-09T08:16:42.9727354Z   git switch -
2026-10-09T08:16:42.9727509Z 
2026-10-09T08:16:42.9727765Z Turn off this advice by setting config variable advice.detachedHead to false
2026-10-09T08:16:42.9728119Z 
2026-10-09T08:16:42.9728423Z HEAD is now at c8be5af chore(p8): bind independently reviewed atomic ready-signal source
2026-10-09T08:16:42.9746170Z ##[endgroup]
2026-10-09T08:16:42.9790226Z [command]/usr/bin/git log -1 --format=%H
2026-10-09T08:16:42.9814341Z c8be5afaac568ffd40ef86d3795423c3b73c9f39
2026-10-09T08:16:43.0203913Z ##[group]Run dtolnay/rust-toolchain@stable
2026-10-09T08:16:43.0204317Z with:
2026-10-09T08:16:43.0204572Z   toolchain: 1.95.0
2026-10-09T08:16:43.0204837Z env:
2026-10-09T08:16:43.0205082Z   CARGO_TERM_COLOR: never
2026-10-09T08:16:43.0205380Z   CARGO_INCREMENTAL: 0
2026-10-09T08:16:43.0205660Z   CARGO_BUILD_JOBS: 2
2026-10-09T08:16:43.0205928Z   RUSTFLAGS: 
2026-10-09T08:16:43.0206177Z ##[endgroup]
2026-10-09T08:16:43.0272530Z ##[start-action display=Parse toolchain version;id=__dtolnay_rust-toolchain.parse]
2026-10-09T08:16:43.0331836Z ##[group]Run if [[ -z $toolchain ]]; then
2026-10-09T08:16:43.0332295Z [36;1mif [[ -z $toolchain ]]; then[0m
2026-10-09T08:16:43.0332910Z [36;1m  # GitHub does not enforce `required: true` inputs itself. https://github.com/actions/runner/issues/1070[0m
2026-10-09T08:16:43.0333724Z [36;1m  echo "'toolchain' is a required input" >&2[0m
2026-10-09T08:16:43.0334086Z [36;1m  exit 1[0m
2026-10-09T08:16:43.0334525Z [36;1melif [[ $toolchain =~ ^stable' '[0-9]+' '(year|month|week|day)s?' 'ago$ ]]; then[0m
2026-10-09T08:16:43.0335007Z [36;1m  if [[ Linux == macOS ]]; then[0m
2026-10-09T08:16:43.0335608Z [36;1m    echo "toolchain=1.$((($(date -v-$(sed 's/stable \([0-9]*\) \(.\).*/\1\2/' <<< $toolchain) +%s)/60/60/24-16569)/7/6))" >> $GITHUB_OUTPUT[0m
2026-10-09T08:16:43.0336190Z [36;1m  else[0m
2026-10-09T08:16:43.0336656Z [36;1m    echo "toolchain=1.$((($(date --date "${toolchain#stable }" +%s)/60/60/24-16569)/7/6))" >> $GITHUB_OUTPUT[0m
2026-10-09T08:16:43.0337186Z [36;1m  fi[0m
2026-10-09T08:16:43.0337535Z [36;1melif [[ $toolchain =~ ^stable' 'minus' '[0-9]+' 'releases?$ ]]; then[0m
2026-10-09T08:16:43.0338124Z [36;1m  echo "toolchain=1.$((($(date +%s)/60/60/24-16569)/7/6-${toolchain//[^0-9]/}))" >> $GITHUB_OUTPUT[0m
2026-10-09T08:16:43.0338644Z [36;1melif [[ $toolchain =~ ^1\.[0-9]+$ ]]; then[0m
2026-10-09T08:16:43.0339230Z [36;1m  echo "toolchain=1.$((i=${toolchain#1.}, c=($(date +%s)/60/60/24-16569)/7/6, i+9*i*(10*i<=c)+90*i*(100*i<=c)))" >> $GITHUB_OUTPUT[0m
2026-10-09T08:16:43.0339782Z [36;1melse[0m
2026-10-09T08:16:43.0340028Z [36;1m  delimiter=EOF[0m
2026-10-09T08:16:43.0340391Z [36;1m  while [[ $toolchain == *$delimiter* ]]; do delimiter+=_; done[0m
2026-10-09T08:16:43.0340963Z [36;1m  printf 'toolchain<<%s\n%s\n%s\n' "$delimiter" "$toolchain" "$delimiter" >> $GITHUB_OUTPUT[0m
2026-10-09T08:16:43.0341453Z [36;1mfi[0m
2026-10-09T08:16:43.0587329Z shell: /usr/bin/bash --noprofile --norc -e -o pipefail {0}
2026-10-09T08:16:43.0588041Z env:
2026-10-09T08:16:43.0588444Z   CARGO_TERM_COLOR: never
2026-10-09T08:16:43.0588900Z   CARGO_INCREMENTAL: 0
2026-10-09T08:16:43.0589326Z   CARGO_BUILD_JOBS: 2
2026-10-09T08:16:43.0589734Z   RUSTFLAGS: 
2026-10-09T08:16:43.0590115Z   toolchain: 1.95.0
2026-10-09T08:16:43.0590505Z ##[endgroup]
2026-10-09T08:16:43.0745649Z ##[end-action id=__dtolnay_rust-toolchain.parse;outcome=success;conclusion=success;duration_ms=47]
2026-10-09T08:16:43.0750632Z ##[start-action display=Set $CARGO_HOME;id=__dtolnay_rust-toolchain.__run]
2026-10-09T08:16:43.0785881Z ##[group]Run echo CARGO_HOME=${CARGO_HOME:-"$HOME/.cargo"} >> $GITHUB_ENV
2026-10-09T08:16:43.0786444Z [36;1mecho CARGO_HOME=${CARGO_HOME:-"$HOME/.cargo"} >> $GITHUB_ENV[0m
2026-10-09T08:16:43.0850079Z shell: /usr/bin/bash --noprofile --norc -e -o pipefail {0}
2026-10-09T08:16:43.0850501Z env:
2026-10-09T08:16:43.0850752Z   CARGO_TERM_COLOR: never
2026-10-09T08:16:43.0851050Z   CARGO_INCREMENTAL: 0
2026-10-09T08:16:43.0851348Z   CARGO_BUILD_JOBS: 2
2026-10-09T08:16:43.0851658Z   RUSTFLAGS: 
2026-10-09T08:16:43.0851906Z ##[endgroup]
2026-10-09T08:16:43.0953306Z ##[end-action id=__dtolnay_rust-toolchain.__run;outcome=success;conclusion=success;duration_ms=20]
2026-10-09T08:16:43.0956627Z ##[start-action display=Install rustup if needed;id=__dtolnay_rust-toolchain.__run_2]
2026-10-09T08:16:43.0986744Z ##[group]Run if ! command -v rustup &>/dev/null; then
2026-10-09T08:16:43.0987231Z [36;1mif ! command -v rustup &>/dev/null; then[0m
2026-10-09T08:16:43.0988260Z [36;1m  curl --proto '=https' --tlsv1.2 --retry 10 --retry-connrefused --location --silent --show-error --fail https://sh.rustup.rs | sh -s -- --default-toolchain none -y[0m
2026-10-09T08:16:43.0989082Z [36;1m  echo "$CARGO_HOME/bin" >> $GITHUB_PATH[0m
2026-10-09T08:16:43.0989417Z [36;1mfi[0m
2026-10-09T08:16:43.1055426Z shell: /usr/bin/bash --noprofile --norc -e -o pipefail {0}
2026-10-09T08:16:43.1055841Z env:
2026-10-09T08:16:43.1056094Z   CARGO_TERM_COLOR: never
2026-10-09T08:16:43.1056563Z   CARGO_INCREMENTAL: 0
2026-10-09T08:16:43.1056840Z   CARGO_BUILD_JOBS: 2
2026-10-09T08:16:43.1057107Z   RUSTFLAGS: 
2026-10-09T08:16:43.1057369Z   CARGO_HOME: /home/runner/.cargo
2026-10-09T08:16:43.1057674Z ##[endgroup]
2026-10-09T08:16:43.1193233Z ##[end-action id=__dtolnay_rust-toolchain.__run_2;outcome=success;conclusion=success;duration_ms=23]
2026-10-09T08:16:43.1196581Z ##[start-action display=Install rustup if needed on windows;id=__dtolnay_rust-toolchain.__run_3]
2026-10-09T08:16:43.1206318Z ##[end-action id=__dtolnay_rust-toolchain.__run_3;outcome=skipped;conclusion=skipped;duration_ms=0]
2026-10-09T08:16:43.1220541Z ##[start-action display=rustup toolchain install 1.95.0;id=__dtolnay_rust-toolchain.__run_4]
2026-10-09T08:16:43.1243447Z ##[group]Run set -f  # split targets and components on commas and whitespace, without glob expansion
2026-10-09T08:16:43.1244498Z [36;1mset -f  # split targets and components on commas and whitespace, without glob expansion[0m
2026-10-09T08:16:43.1245032Z [36;1mflags=()[0m
2026-10-09T08:16:43.1245374Z [36;1mfor t in ${targets//,/ }; do flags+=(--target "$t"); done[0m
2026-10-09T08:16:43.1245854Z [36;1mfor c in ${components//,/ }; do flags+=(--component "$c"); done[0m
2026-10-09T08:16:43.1246420Z [36;1mif [[ $toolchain == nightly && -n $components ]]; then flags+=(--allow-downgrade); fi[0m
2026-10-09T08:16:43.1246910Z [36;1mlog=$(mktemp)[0m
2026-10-09T08:16:43.1247196Z [36;1mtrap 'rm -f "$log"' EXIT[0m
2026-10-09T08:16:43.1247525Z [36;1mfor attempt in 1 2 3 4 5; do[0m
2026-10-09T08:16:43.1248165Z [36;1m  if rustup toolchain install "$toolchain" "${flags[@]}" --profile minimal --no-self-update --force-non-host 2>&1 | tee "$log"; then[0m
2026-10-09T08:16:43.1248793Z [36;1m    break[0m
2026-10-09T08:16:43.1249047Z [36;1m  else[0m
2026-10-09T08:16:43.1249293Z [36;1m    status=$?[0m
2026-10-09T08:16:43.1249556Z [36;1m  fi[0m
2026-10-09T08:16:43.1249898Z [36;1m  if [[ $attempt == 5 ]] || ! grep -Fq 'checksum failed for ' "$log" \[0m
2026-10-09T08:16:43.1250534Z [36;1m      || ! grep -Fq 'this is likely due to an ongoing update of the official release server' "$log"; then[0m
2026-10-09T08:16:43.1251056Z [36;1m    exit "$status"[0m
2026-10-09T08:16:43.1251329Z [36;1m  fi[0m
2026-10-09T08:16:43.1251736Z [36;1m  echo "Retrying rustup toolchain install in 30 seconds (retry $attempt of 4)" >&2[0m
2026-10-09T08:16:43.1252210Z [36;1m  sleep 30[0m
2026-10-09T08:16:43.1252460Z [36;1mdone[0m
2026-10-09T08:16:43.1320643Z shell: /usr/bin/bash --noprofile --norc -e -o pipefail {0}
2026-10-09T08:16:43.1321074Z env:
2026-10-09T08:16:43.1321331Z   CARGO_TERM_COLOR: never
2026-10-09T08:16:43.1321622Z   CARGO_INCREMENTAL: 0
2026-10-09T08:16:43.1321899Z   CARGO_BUILD_JOBS: 2
2026-10-09T08:16:43.1322164Z   RUSTFLAGS: 
2026-10-09T08:16:43.1322430Z   CARGO_HOME: /home/runner/.cargo
2026-10-09T08:16:43.1322733Z   toolchain: 1.95.0
2026-10-09T08:16:43.1322987Z   targets: 
2026-10-09T08:16:43.1323223Z   components: 
2026-10-09T08:16:43.1323941Z   RUSTUP_PERMIT_COPY_RENAME: 1
2026-10-09T08:16:43.1324285Z ##[endgroup]
2026-10-09T08:16:43.1820556Z info: syncing channel updates for 1.95.0-x86_64-unknown-linux-gnu
2026-10-09T08:16:43.2858699Z info: latest update on 2026-04-16 for version 1.95.0 (59807616e 2026-04-14)
2026-10-09T08:16:43.2859602Z info: downloading 3 components
2026-10-09T08:16:50.6856548Z 
2026-10-09T08:16:50.6930241Z   1.95.0-x86_64-unknown-linux-gnu installed - rustc 1.95.0 (59807616e 2026-04-14)
2026-10-09T08:16:50.6930759Z 
2026-10-09T08:16:50.7000367Z ##[end-action id=__dtolnay_rust-toolchain.__run_4;outcome=success;conclusion=success;duration_ms=7577]
2026-10-09T08:16:50.7007812Z ##[start-action display=rustup default 1.95.0;id=__dtolnay_rust-toolchain.__run_5]
2026-10-09T08:16:50.7027992Z ##[group]Run rustup default "$toolchain" --force-non-host
2026-10-09T08:16:50.7028558Z [36;1mrustup default "$toolchain" --force-non-host[0m
2026-10-09T08:16:50.7088611Z shell: /usr/bin/bash --noprofile --norc -e -o pipefail {0}
2026-10-09T08:16:50.7089203Z env:
2026-10-09T08:16:50.7089442Z   CARGO_TERM_COLOR: never
2026-10-09T08:16:50.7089719Z   CARGO_INCREMENTAL: 0
2026-10-09T08:16:50.7089977Z   CARGO_BUILD_JOBS: 2
2026-10-09T08:16:50.7090229Z   RUSTFLAGS: 
2026-10-09T08:16:50.7090482Z   CARGO_HOME: /home/runner/.cargo
2026-10-09T08:16:50.7090776Z   toolchain: 1.95.0
2026-10-09T08:16:50.7091020Z ##[endgroup]
2026-10-09T08:16:50.7215985Z info: using existing install for 1.95.0-x86_64-unknown-linux-gnu
2026-10-09T08:16:50.7270106Z info: default toolchain set to 1.95.0-x86_64-unknown-linux-gnu
2026-10-09T08:16:50.7270513Z 
2026-10-09T08:16:50.7341680Z   1.95.0-x86_64-unknown-linux-gnu unchanged - rustc 1.95.0 (59807616e 2026-04-14)
2026-10-09T08:16:50.7342456Z 
2026-10-09T08:16:50.7359708Z ##[end-action id=__dtolnay_rust-toolchain.__run_5;outcome=success;conclusion=success;duration_ms=35]
2026-10-09T08:16:50.7364171Z ##[start-action display=Create cachekey;id=__dtolnay_rust-toolchain.rustc-version]
2026-10-09T08:16:50.7385738Z ##[group]Run DATE=$(rustc +"$toolchain" --version --verbose | sed -ne 's/^commit-date: \(20[0-9][0-9]\)-\([01][0-9]\)-\([0-3][0-9]\)$/\1\2\3/p')
2026-10-09T08:16:50.7386768Z [36;1mDATE=$(rustc +"$toolchain" --version --verbose | sed -ne 's/^commit-date: \(20[0-9][0-9]\)-\([01][0-9]\)-\([0-3][0-9]\)$/\1\2\3/p')[0m
2026-10-09T08:16:50.7387564Z [36;1mHASH=$(rustc +"$toolchain" --version --verbose | sed -ne 's/^commit-hash: //p')[0m
2026-10-09T08:16:50.7388151Z [36;1mecho "cachekey=$(echo $DATE$HASH | head -c12)" >> $GITHUB_OUTPUT[0m
2026-10-09T08:16:50.7447749Z shell: /usr/bin/bash --noprofile --norc -e -o pipefail {0}
2026-10-09T08:16:50.7448125Z env:
2026-10-09T08:16:50.7448340Z   CARGO_TERM_COLOR: never
2026-10-09T08:16:50.7448605Z   CARGO_INCREMENTAL: 0
2026-10-09T08:16:50.7448847Z   CARGO_BUILD_JOBS: 2
2026-10-09T08:16:50.7449075Z   RUSTFLAGS: 
2026-10-09T08:16:50.7449304Z   CARGO_HOME: /home/runner/.cargo
2026-10-09T08:16:50.7449575Z   toolchain: 1.95.0
2026-10-09T08:16:50.7449795Z ##[endgroup]
2026-10-09T08:16:50.7797649Z ##[end-action id=__dtolnay_rust-toolchain.rustc-version;outcome=success;conclusion=success;duration_ms=43]
2026-10-09T08:16:50.7800487Z ##[start-action display=Disable incremental compilation;id=__dtolnay_rust-toolchain.__run_6]
2026-10-09T08:16:50.7819365Z ##[group]Run if [ -z "${CARGO_INCREMENTAL+set}" ]; then
2026-10-09T08:16:50.7819754Z [36;1mif [ -z "${CARGO_INCREMENTAL+set}" ]; then[0m
2026-10-09T08:16:50.7820083Z [36;1m  echo CARGO_INCREMENTAL=0 >> $GITHUB_ENV[0m
2026-10-09T08:16:50.7820378Z [36;1mfi[0m
2026-10-09T08:16:50.7879958Z shell: /usr/bin/bash --noprofile --norc -e -o pipefail {0}
2026-10-09T08:16:50.7880332Z env:
2026-10-09T08:16:50.7880537Z   CARGO_TERM_COLOR: never
2026-10-09T08:16:50.7880783Z   CARGO_INCREMENTAL: 0
2026-10-09T08:16:50.7881002Z   CARGO_BUILD_JOBS: 2
2026-10-09T08:16:50.7881215Z   RUSTFLAGS: 
2026-10-09T08:16:50.7881430Z   CARGO_HOME: /home/runner/.cargo
2026-10-09T08:16:50.7881680Z ##[endgroup]
2026-10-09T08:16:50.7965802Z ##[end-action id=__dtolnay_rust-toolchain.__run_6;outcome=success;conclusion=success;duration_ms=16]
2026-10-09T08:16:50.7968228Z ##[start-action display=Enable colors in Cargo output;id=__dtolnay_rust-toolchain.__run_7]
2026-10-09T08:16:50.7985387Z ##[group]Run if [ -z "${CARGO_TERM_COLOR+set}" ]; then
2026-10-09T08:16:50.7985772Z [36;1mif [ -z "${CARGO_TERM_COLOR+set}" ]; then[0m
2026-10-09T08:16:50.7986116Z [36;1m  echo CARGO_TERM_COLOR=always >> $GITHUB_ENV[0m
2026-10-09T08:16:50.7986412Z [36;1mfi[0m
2026-10-09T08:16:50.8041726Z shell: /usr/bin/bash --noprofile --norc -e -o pipefail {0}
2026-10-09T08:16:50.8042083Z env:
2026-10-09T08:16:50.8042278Z   CARGO_TERM_COLOR: never
2026-10-09T08:16:50.8042509Z   CARGO_INCREMENTAL: 0
2026-10-09T08:16:50.8042716Z   CARGO_BUILD_JOBS: 2
2026-10-09T08:16:50.8042918Z   RUSTFLAGS: 
2026-10-09T08:16:50.8043131Z   CARGO_HOME: /home/runner/.cargo
2026-10-09T08:16:50.8043383Z ##[endgroup]
2026-10-09T08:16:50.8126710Z ##[end-action id=__dtolnay_rust-toolchain.__run_7;outcome=success;conclusion=success;duration_ms=15]
2026-10-09T08:16:50.8130302Z ##[start-action display=Enable Cargo sparse registry;id=__dtolnay_rust-toolchain.__run_8]
2026-10-09T08:16:50.8148841Z ##[group]Run # implemented in 1.66, stabilized in 1.68, made default in 1.70
2026-10-09T08:16:50.8149383Z [36;1m# implemented in 1.66, stabilized in 1.68, made default in 1.70[0m
2026-10-09T08:16:50.8150099Z [36;1mif [ -z "${CARGO_REGISTRIES_CRATES_IO_PROTOCOL+set}" -o -f "/home/runner/work/_temp"/.implicit_cargo_registries_crates_io_protocol ]; then[0m
2026-10-09T08:16:50.8150864Z [36;1m  if rustc +"$toolchain" --version --verbose | grep -q '^release: 1\.6[89]\.'; then[0m
2026-10-09T08:16:50.8151480Z [36;1m    touch "/home/runner/work/_temp"/.implicit_cargo_registries_crates_io_protocol || true[0m
2026-10-09T08:16:50.8152046Z [36;1m    echo CARGO_REGISTRIES_CRATES_IO_PROTOCOL=sparse >> $GITHUB_ENV[0m
2026-10-09T08:16:50.8152578Z [36;1m  elif rustc +"$toolchain" --version --verbose | grep -q '^release: 1\.6[67]\.'; then[0m
2026-10-09T08:16:50.8153195Z [36;1m    touch "/home/runner/work/_temp"/.implicit_cargo_registries_crates_io_protocol || true[0m
2026-10-09T08:16:50.8154033Z [36;1m    echo CARGO_REGISTRIES_CRATES_IO_PROTOCOL=git >> $GITHUB_ENV[0m
2026-10-09T08:16:50.8154400Z [36;1m  fi[0m
2026-10-09T08:16:50.8154597Z [36;1mfi[0m
2026-10-09T08:16:50.8209937Z shell: /usr/bin/bash --noprofile --norc -e -o pipefail {0}
2026-10-09T08:16:50.8210294Z env:
2026-10-09T08:16:50.8210491Z   CARGO_TERM_COLOR: never
2026-10-09T08:16:50.8210755Z   CARGO_INCREMENTAL: 0
2026-10-09T08:16:50.8210972Z   CARGO_BUILD_JOBS: 2
2026-10-09T08:16:50.8211231Z   RUSTFLAGS: 
2026-10-09T08:16:50.8211440Z   CARGO_HOME: /home/runner/.cargo
2026-10-09T08:16:50.8211689Z   toolchain: 1.95.0
2026-10-09T08:16:50.8211893Z ##[endgroup]
2026-10-09T08:16:50.8538207Z ##[end-action id=__dtolnay_rust-toolchain.__run_8;outcome=success;conclusion=success;duration_ms=40]
2026-10-09T08:16:50.8542558Z ##[start-action display=Work around spurious network errors in curl 8.0;id=__dtolnay_rust-toolchain.__run_9]
2026-10-09T08:16:50.8561376Z ##[group]Run # https://rust-lang.zulipchat.com/#narrow/stream/246057-t-cargo/topic/timeout.20investigation
2026-10-09T08:16:50.8562192Z [36;1m# https://rust-lang.zulipchat.com/#narrow/stream/246057-t-cargo/topic/timeout.20investigation[0m
2026-10-09T08:16:50.8562855Z [36;1mif rustc +"$toolchain" --version --verbose | grep -q '^release: 1\.7[01]\.'; then[0m
2026-10-09T08:16:50.8563358Z [36;1m  echo CARGO_HTTP_MULTIPLEXING=false >> $GITHUB_ENV[0m
2026-10-09T08:16:50.8563981Z [36;1mfi[0m
2026-10-09T08:16:50.8623381Z shell: /usr/bin/bash --noprofile --norc -e -o pipefail {0}
2026-10-09T08:16:50.8624015Z env:
2026-10-09T08:16:50.8624222Z   CARGO_TERM_COLOR: never
2026-10-09T08:16:50.8624458Z   CARGO_INCREMENTAL: 0
2026-10-09T08:16:50.8624673Z   CARGO_BUILD_JOBS: 2
2026-10-09T08:16:50.8624884Z   RUSTFLAGS: 
2026-10-09T08:16:50.8625093Z   CARGO_HOME: /home/runner/.cargo
2026-10-09T08:16:50.8625342Z   toolchain: 1.95.0
2026-10-09T08:16:50.8625553Z ##[endgroup]
2026-10-09T08:16:50.8836005Z ##[end-action id=__dtolnay_rust-toolchain.__run_9;outcome=success;conclusion=success;duration_ms=29]
2026-10-09T08:16:50.8840922Z ##[start-action display=rustc +1.95.0 --version --verbose;id=__dtolnay_rust-toolchain.__run_10]
2026-10-09T08:16:50.8859020Z ##[group]Run rustc +"$toolchain" --version --verbose
2026-10-09T08:16:50.8859395Z [36;1mrustc +"$toolchain" --version --verbose[0m
2026-10-09T08:16:50.8918671Z shell: /usr/bin/bash --noprofile --norc -e -o pipefail {0}
2026-10-09T08:16:50.8919211Z env:
2026-10-09T08:16:50.8919428Z   CARGO_TERM_COLOR: never
2026-10-09T08:16:50.8919690Z   CARGO_INCREMENTAL: 0
2026-10-09T08:16:50.8919933Z   CARGO_BUILD_JOBS: 2
2026-10-09T08:16:50.8920161Z   RUSTFLAGS: 
2026-10-09T08:16:50.8920385Z   CARGO_HOME: /home/runner/.cargo
2026-10-09T08:16:50.8920662Z   toolchain: 1.95.0
2026-10-09T08:16:50.8920883Z ##[endgroup]
2026-10-09T08:16:50.9106934Z rustc 1.95.0 (59807616e 2026-04-14)
2026-10-09T08:16:50.9107602Z binary: rustc
2026-10-09T08:16:50.9108458Z commit-hash: 59807616e1fa2540724bfbac14d7976d7e4a3860
2026-10-09T08:16:50.9109103Z commit-date: 2026-04-14
2026-10-09T08:16:50.9109580Z host: x86_64-unknown-linux-gnu
2026-10-09T08:16:50.9110141Z release: 1.95.0
2026-10-09T08:16:50.9110498Z LLVM version: 22.1.2
2026-10-09T08:16:50.9125142Z ##[end-action id=__dtolnay_rust-toolchain.__run_10;outcome=success;conclusion=success;duration_ms=28]
2026-10-09T08:16:50.9215706Z ##[group]Run actions/download-artifact@v4
2026-10-09T08:16:50.9216020Z with:
2026-10-09T08:16:50.9216230Z   name: p8-scale-build-37902429727
2026-10-09T08:16:50.9216529Z   path: /home/runner/work/_temp/p8-scale-build
2026-10-09T08:16:50.9216831Z   merge-multiple: false
2026-10-09T08:16:50.9217063Z   repository: jyqj/codecortex
2026-10-09T08:16:50.9217306Z   run-id: 37902429727
2026-10-09T08:16:50.9217509Z env:
2026-10-09T08:16:50.9217692Z   CARGO_TERM_COLOR: never
2026-10-09T08:16:50.9217911Z   CARGO_INCREMENTAL: 0
2026-10-09T08:16:50.9218118Z   CARGO_BUILD_JOBS: 2
2026-10-09T08:16:50.9218333Z   RUSTFLAGS: 
2026-10-09T08:16:50.9218537Z   CARGO_HOME: /home/runner/.cargo
2026-10-09T08:16:50.9218774Z ##[endgroup]
2026-10-09T08:16:51.0701616Z Downloading single artifact
2026-10-09T08:16:51.0854187Z (node:2412) [DEP0040] DeprecationWarning: The `punycode` module is deprecated. Please use a userland alternative instead.
2026-10-09T08:16:51.0855799Z (Use `node --trace-deprecation ...` to show where the warning was created)
2026-10-09T08:16:51.2235819Z Preparing to download the following artifacts:
2026-10-09T08:16:51.2238707Z - p8-scale-build-37902429727 (ID: 11603522248, Size: 9223368, Expected Digest: sha256:5addb32810c97eeb46c22d0d359edbce88c97fe8f99153774461e6ec2914c83b)
2026-10-09T08:16:51.3848291Z Redirecting to blob download url: https://productionresultssa3.blob.core.windows.net/actions-results/c13a4187-6f70-41e1-b910-d2e4a2d08f5e/workflow-job-run-e974f9a4-93e7-516d-81f1-6790a0b622e0/artifacts/22a8ddd721f4eb18b7e694b98bdfc1abaeb66596cf651b6fc73b0c671a4c81c9.zip
2026-10-09T08:16:51.3851267Z Starting download of artifact to: /home/runner/work/_temp/p8-scale-build
2026-10-09T08:16:51.5148600Z (node:2412) [DEP0005] DeprecationWarning: Buffer() is deprecated due to security and usability issues. Please use the Buffer.alloc(), Buffer.allocUnsafe(), or Buffer.from() methods instead.
2026-10-09T08:16:51.8434135Z SHA256 digest of downloaded artifact is 5addb32810c97eeb46c22d0d359edbce88c97fe8f99153774461e6ec2914c83b
2026-10-09T08:16:51.8435205Z Artifact download completed successfully.
2026-10-09T08:16:51.8435765Z Total of 1 artifact(s) downloaded
2026-10-09T08:16:51.8444354Z Download artifact has finished successfully
2026-10-09T08:16:51.8586364Z ##[group]Run python3 scripts/p8_runner_capacity.py --scale "$SCALE" \
2026-10-09T08:16:51.8586927Z [36;1mpython3 scripts/p8_runner_capacity.py --scale "$SCALE" \[0m
2026-10-09T08:16:51.8587465Z [36;1m  --output "$RUNNER_TEMP/p8-scale-capacity-$SCALE-$SHARD" --prepare-ephemeral[0m
2026-10-09T08:16:51.8648015Z shell: /usr/bin/bash -e {0}
2026-10-09T08:16:51.8648312Z env:
2026-10-09T08:16:51.8648529Z   CARGO_TERM_COLOR: never
2026-10-09T08:16:51.8648803Z   CARGO_INCREMENTAL: 0
2026-10-09T08:16:51.8649050Z   CARGO_BUILD_JOBS: 2
2026-10-09T08:16:51.8649291Z   RUSTFLAGS: 
2026-10-09T08:16:51.8649540Z   CARGO_HOME: /home/runner/.cargo
2026-10-09T08:16:51.8649824Z   SCALE: 100000
2026-10-09T08:16:51.8650038Z   SHARD: 0
2026-10-09T08:16:51.8650337Z   P8_EXPECTED_SOURCE: c8be5afaac568ffd40ef86d3795423c3b73c9f39
2026-10-09T08:16:51.8650739Z   P8_CAPACITY_PREPARE_ALLOWED: true
2026-10-09T08:16:51.8651030Z ##[endgroup]
2026-10-09T08:16:51.9138623Z {
2026-10-09T08:16:51.9139135Z   "status": "capacity_available",
2026-10-09T08:16:51.9139462Z   "exit_code": 0,
2026-10-09T08:16:51.9139710Z   "error": null,
2026-10-09T08:16:51.9139949Z   "required_free_bytes": 30509367296
2026-10-09T08:16:51.9140220Z }
2026-10-09T08:16:51.9247779Z ##[group]Run actions/upload-artifact@v4
2026-10-09T08:16:51.9248104Z with:
2026-10-09T08:16:51.9248342Z   name: p8-scale-capacity-100000-0-37902429727
2026-10-09T08:16:51.9248978Z   path: /home/runner/work/_temp/p8-scale-capacity-100000-0
2026-10-09T08:16:51.9249329Z   if-no-files-found: error
2026-10-09T08:16:51.9249578Z   compression-level: 6
2026-10-09T08:16:51.9249802Z   overwrite: false
2026-10-09T08:16:51.9250026Z   include-hidden-files: false
2026-10-09T08:16:51.9250263Z env:
2026-10-09T08:16:51.9250461Z   CARGO_TERM_COLOR: never
2026-10-09T08:16:51.9250695Z   CARGO_INCREMENTAL: 0
2026-10-09T08:16:51.9250911Z   CARGO_BUILD_JOBS: 2
2026-10-09T08:16:51.9251120Z   RUSTFLAGS: 
2026-10-09T08:16:51.9251329Z   CARGO_HOME: /home/runner/.cargo
2026-10-09T08:16:51.9251580Z ##[endgroup]
2026-10-09T08:16:52.0886293Z (node:2429) [DEP0040] DeprecationWarning: The `punycode` module is deprecated. Please use a userland alternative instead.
2026-10-09T08:16:52.0887187Z (Use `node --trace-deprecation ...` to show where the warning was created)
2026-10-09T08:16:52.0938669Z With the provided path, there will be 1 file uploaded
2026-10-09T08:16:52.0964349Z Artifact name is valid!
2026-10-09T08:16:52.0965546Z Root directory input is valid!
2026-10-09T08:16:52.3746535Z Beginning upload of artifact content to blob storage
2026-10-09T08:16:52.3933007Z (node:2429) [DEP0169] DeprecationWarning: `url.parse()` behavior is not standardized and prone to errors that have security implications. Use the WHATWG URL API instead. CVEs are not issued for `url.parse()` vulnerabilities.
2026-10-09T08:16:52.4809388Z Uploaded bytes 782
2026-10-09T08:16:52.5118308Z Finished uploading artifact content to blob storage!
2026-10-09T08:16:52.5119637Z SHA256 digest of uploaded artifact zip is 05016c2ea0ccc9afacf3b44bf192ff0211103f0e42b76f952a160e5f1f613ed3
2026-10-09T08:16:52.5121440Z Finalizing artifact upload
2026-10-09T08:16:52.7395140Z Artifact p8-scale-capacity-100000-0-37902429727.zip successfully finalized. Artifact ID 11603463004
2026-10-09T08:16:52.7415150Z Artifact p8-scale-capacity-100000-0-37902429727 has been successfully uploaded! Final size is 782 bytes. Artifact ID is 11603463004
2026-10-09T08:16:52.7416478Z Artifact download URL: https://github.com/jyqj/codecortex/actions/runs/37902429727/artifacts/11603463004
2026-10-09T08:16:52.7533251Z ##[group]Run chmod +x "$RUNNER_TEMP/p8-scale-build/p8-scale"
2026-10-09T08:16:52.7534325Z [36;1mchmod +x "$RUNNER_TEMP/p8-scale-build/p8-scale"[0m
2026-10-09T08:16:52.7535140Z [36;1mpython3 scripts/p8_scale_matrix.py run --root "$GITHUB_WORKSPACE" \[0m
2026-10-09T08:16:52.7535840Z [36;1m  --build "$RUNNER_TEMP/p8-scale-build" \[0m
2026-10-09T08:16:52.7536546Z [36;1m  --scale "$SCALE" --shard-index "$SHARD" --shard-count 30 --repetitions 30 \[0m
2026-10-09T08:16:52.7537303Z [36;1m  --capacity-profile scale_capacity_v1 \[0m
2026-10-09T08:16:52.7537937Z [36;1m  --output "$RUNNER_TEMP/p8-scale-shard-$SCALE-$SHARD"[0m
2026-10-09T08:16:52.7621041Z shell: /usr/bin/bash -e {0}
2026-10-09T08:16:52.7621317Z env:
2026-10-09T08:16:52.7621530Z   CARGO_TERM_COLOR: never
2026-10-09T08:16:52.7621787Z   CARGO_INCREMENTAL: 0
2026-10-09T08:16:52.7622038Z   CARGO_BUILD_JOBS: 2
2026-10-09T08:16:52.7622263Z   RUSTFLAGS: 
2026-10-09T08:16:52.7622488Z   CARGO_HOME: /home/runner/.cargo
2026-10-09T08:16:52.7622776Z   SCALE: 100000
2026-10-09T08:16:52.7622985Z   SHARD: 0
2026-10-09T08:16:52.7623176Z ##[endgroup]
2026-10-09T13:17:13.9692942Z {
2026-10-09T13:17:13.9696672Z   "status": "failed",
2026-10-09T13:17:13.9697110Z   "passed": null,
2026-10-09T13:17:13.9697443Z   "error": "native shard failed",
2026-10-09T13:17:13.9697820Z   "sample_count": null
2026-10-09T13:17:13.9698124Z }
2026-10-09T13:17:14.0863844Z ##[error]Process completed with exit code 1.
2026-10-09T13:17:14.2291783Z ##[group]Run actions/upload-artifact@v4
2026-10-09T13:17:14.2292248Z with:
2026-10-09T13:17:14.2294274Z   name: p8-scale-shard-100000-0-37902429727
2026-10-09T13:17:14.2294798Z   path: /home/runner/work/_temp/p8-scale-shard-100000-0
2026-10-09T13:17:14.2295280Z   if-no-files-found: error
2026-10-09T13:17:14.2295626Z   compression-level: 6
2026-10-09T13:17:14.2295948Z   overwrite: false
2026-10-09T13:17:14.2296527Z   include-hidden-files: false
2026-10-09T13:17:14.2296871Z env:
2026-10-09T13:17:14.2297144Z   CARGO_TERM_COLOR: never
2026-10-09T13:17:14.2297474Z   CARGO_INCREMENTAL: 0
2026-10-09T13:17:14.2297787Z   CARGO_BUILD_JOBS: 2
2026-10-09T13:17:14.2298089Z   RUSTFLAGS: 
2026-10-09T13:17:14.2298388Z   CARGO_HOME: /home/runner/.cargo
2026-10-09T13:17:14.2298758Z ##[endgroup]
2026-10-09T13:17:14.5421210Z (node:12164) [DEP0040] DeprecationWarning: The `punycode` module is deprecated. Please use a userland alternative instead.
2026-10-09T13:17:14.5422890Z (Use `node --trace-deprecation ...` to show where the warning was created)
2026-10-09T13:17:14.5514061Z With the provided path, there will be 12 files uploaded
2026-10-09T13:17:14.5521549Z Artifact name is valid!
2026-10-09T13:17:14.5522066Z Root directory input is valid!
2026-10-09T13:17:14.8326699Z Beginning upload of artifact content to blob storage
2026-10-09T13:17:15.3885763Z (node:12164) [DEP0169] DeprecationWarning: `url.parse()` behavior is not standardized and prone to errors that have security implications. Use the WHATWG URL API instead. CVEs are not issued for `url.parse()` vulnerabilities.
2026-10-09T13:17:15.7325844Z Uploaded bytes 5212266
2026-10-09T13:17:15.7662981Z Finished uploading artifact content to blob storage!
2026-10-09T13:17:15.7664630Z SHA256 digest of uploaded artifact zip is f758ca519a6b5ed90bfe1040944ad32b1daad8248e44b8ea4c7d4840d4a43236
2026-10-09T13:17:15.7666502Z Finalizing artifact upload
2026-10-09T13:17:15.9814885Z Artifact p8-scale-shard-100000-0-37902429727.zip successfully finalized. Artifact ID 11617588539
2026-10-09T13:17:15.9816311Z Artifact p8-scale-shard-100000-0-37902429727 has been successfully uploaded! Final size is 5212266 bytes. Artifact ID is 11617588539
2026-10-09T13:17:15.9817768Z Artifact download URL: https://github.com/jyqj/codecortex/actions/runs/37902429727/artifacts/11617588539
2026-10-09T13:17:16.0168501Z Post job cleanup.
2026-10-09T13:17:16.1055276Z [command]/usr/bin/git version
2026-10-09T13:17:16.1096108Z git version 2.55.0
2026-10-09T13:17:16.1131851Z Temporarily overriding HOME='/home/runner/work/_temp/0806f0d7-79e4-4f0e-b647-780f5dfb0985' before making global git config changes
2026-10-09T13:17:16.1133089Z Adding repository directory to the temporary git global config as a safe directory
2026-10-09T13:17:16.1138127Z [command]/usr/bin/git config --global --add safe.directory /home/runner/work/codecortex/codecortex
2026-10-09T13:17:16.1179656Z [command]/usr/bin/git config --local --name-only --get-regexp core\.sshCommand
2026-10-09T13:17:16.1212523Z [command]/usr/bin/git submodule foreach --recursive sh -c "git config --local --name-only --get-regexp 'core\.sshCommand' && git config --local --unset-all 'core.sshCommand' || :"
2026-10-09T13:17:16.1617213Z [command]/usr/bin/git config --local --name-only --get-regexp http\.https\:\/\/github\.com\/\.extraheader
2026-10-09T13:17:16.1639760Z http.https://github.com/.extraheader
2026-10-09T13:17:16.1650105Z [command]/usr/bin/git config --local --unset-all http.https://github.com/.extraheader
2026-10-09T13:17:16.1681398Z [command]/usr/bin/git submodule foreach --recursive sh -c "git config --local --name-only --get-regexp 'http\.https\:\/\/github\.com\/\.extraheader' && git config --local --unset-all 'http.https://github.com/.extraheader' || :"
2026-10-09T13:17:16.1928150Z [command]/usr/bin/git config --local --name-only --get-regexp ^includeIf\.gitdir:
2026-10-09T13:17:16.1961470Z [command]/usr/bin/git submodule foreach --recursive git config --local --show-origin --name-only --get-regexp remote.origin.url
2026-10-09T13:17:16.2417218Z Cleaning up orphan processes
2026-10-09T13:17:16.3102299Z ##[warning]Node.js 20 is deprecated. The following actions target Node.js 20 but are being forced to run on Node.js 24: actions/checkout@v4, actions/download-artifact@v4, actions/upload-artifact@v4. For more information see: https://github.blog/changelog/2025-09-19-deprecation-of-node-20-on-github-actions-runners/
