   Compiling cc-db v1.0.0 (/workspace/codecortex/artifacts/checkpoints/independent-capability-v2-review-20261003/harness/crates/cc-db)
   Compiling cc-search v1.0.0 (/workspace/codecortex/artifacts/checkpoints/independent-capability-v2-review-20261003/harness/crates/cc-search)
   Compiling cc-semantic v1.0.0 (/workspace/codecortex/artifacts/checkpoints/independent-capability-v2-review-20261003/harness/crates/cc-semantic)
   Compiling cc-index v1.0.0 (/workspace/codecortex/artifacts/checkpoints/independent-capability-v2-review-20261003/harness/crates/cc-index)
   Compiling cc-server v1.0.0 (/workspace/codecortex/artifacts/checkpoints/independent-capability-v2-review-20261003/harness/crates/cc-server)
error[E0308]: mismatched types
   --> crates/cc-server/src/../../../server_checks.rs:73:13
    |
 70 |         crate::semantic_wiring::assemble_with(
    |         ------------------------------------- arguments to this function are incorrect
...
 73 |             db.clone(),
    |             ^^^^^^^^^^ expected `Arc<IndexDb>`, found `&IndexDb`
    |
    = note: expected struct `std::sync::Arc<cc_db::index_db::IndexDb>`
            found reference `&cc_db::index_db::IndexDb`
note: function defined here
   --> crates/cc-server/src/semantic_wiring.rs:230:8
    |
230 | pub fn assemble_with(
    |        ^^^^^^^^^^^^^
...
233 |     db: Arc<IndexDb>,
    |     ----------------

For more information about this error, try `rustc --explain E0308`.
error: could not compile `cc-server` (lib test) due to 1 previous error
