    Blocking waiting for file lock on artifact directory
   Compiling cc-db v1.0.0 (/workspace/codecortex/artifacts/checkpoints/independent-capability-v2-review-20261003/harness/crates/cc-db)
    Finished `test` profile [unoptimized + debuginfo] target(s) in 40.19s
     Running unittests src/lib.rs (/workspace/codecortex/artifacts/checkpoints/independent-capability-v2-review-20261003/target/debug/deps/cc_db-7ad8625c93e44eab)

running 3 tests
test capability_read::independent_v2::independent_has_moved_ffi_lifetime_and_unsupported_vfs ... FFI Linux Unix VFS normal rename rejected; memory unsupported rejected
ok
test capability_read::independent_v2::independent_pool_one_incarnation_and_read_only ... ok
test capability_read::independent_v2::independent_transaction_all_fields_and_actual_split_mutant ... 
thread '<unnamed>' (8498) panicked at crates/cc-db/src/../../../db_checks.rs:33:84:
called `Result::unwrap()` on an `Err` value: SqliteFailure(Error { code: ConstraintViolation, extended_code: 2067 }, Some("UNIQUE constraint failed: semantic_outbox.doc_key, semantic_outbox.space_id"))
note: run with `RUST_BACKTRACE=1` environment variable to display a backtrace

thread 'capability_read::independent_v2::independent_transaction_all_fields_and_actual_split_mutant' (8494) panicked at crates/cc-db/src/../../../db_checks.rs:35:23:
called `Result::unwrap()` on an `Err` value: Any { .. }
FAILED

failures:

failures:
    capability_read::independent_v2::independent_transaction_all_fields_and_actual_split_mutant

test result: FAILED. 2 passed; 1 failed; 0 ignored; 0 measured; 182 filtered out; finished in 0.07s

error: test failed, to rerun pass `-p cc-db --lib`
