   Compiling cc-db v1.0.0 (/workspace/codecortex/artifacts/checkpoints/independent-capability-v2-review-20261003/harness/crates/cc-db)
   Compiling cc-semantic v1.0.0 (/workspace/codecortex/artifacts/checkpoints/independent-capability-v2-review-20261003/harness/crates/cc-semantic)
   Compiling cc-search v1.0.0 (/workspace/codecortex/artifacts/checkpoints/independent-capability-v2-review-20261003/harness/crates/cc-search)
   Compiling cc-index v1.0.0 (/workspace/codecortex/artifacts/checkpoints/independent-capability-v2-review-20261003/harness/crates/cc-index)
   Compiling cc-server v1.0.0 (/workspace/codecortex/artifacts/checkpoints/independent-capability-v2-review-20261003/harness/crates/cc-server)
    Finished `test` profile [unoptimized + debuginfo] target(s) in 4.76s
     Running unittests src/lib.rs (/workspace/codecortex/artifacts/checkpoints/independent-capability-v2-review-20261003/target/debug/deps/cc_server-95cb67417ad6e0e1)

running 1 test
test capability_status::independent_v2::independent_active_configured_space_and_service_priority ... 
thread 'capability_status::independent_v2::independent_active_configured_space_and_service_priority' (18357) panicked at crates/cc-server/src/../../../server_checks.rs:106:5:
assertion `left == right` failed
  left: String("degraded")
 right: "port_attached_unverified"
note: run with `RUST_BACKTRACE=1` environment variable to display a backtrace
FAILED

failures:

failures:
    capability_status::independent_v2::independent_active_configured_space_and_service_priority

test result: FAILED. 0 passed; 1 failed; 0 ignored; 0 measured; 334 filtered out; finished in 0.03s

error: test failed, to rerun pass `-p cc-server --lib`
