 Downloading crates ...
  Downloaded colorchoice v1.0.5
  Downloaded anstream v1.0.0
  Downloaded async-trait v0.1.89
  Downloaded anstyle-query v1.1.5
  Downloaded cpufeatures v0.2.17
  Downloaded crypto-common v0.1.7
  Downloaded clap_lex v1.0.0
  Downloaded cfg_aliases v0.2.1
  Downloaded anstyle v1.0.14
  Downloaded clap_derive v4.6.0
  Downloaded block-buffer v0.10.4
  Downloaded darling v0.23.0
  Downloaded anstyle-parse v1.0.0
  Downloaded clap v4.6.0
  Downloaded darling_macro v0.23.0
  Downloaded clap_builder v4.6.0
  Downloaded dirs v5.0.1
  Downloaded darling_core v0.23.0
  Downloaded digest v0.10.7
  Downloaded futures-channel v0.3.32
  Downloaded dyn-clone v1.0.20
  Downloaded futures v0.3.32
  Downloaded dirs-sys v0.4.1
  Downloaded futures-macro v0.3.32
  Downloaded futures-sink v0.3.32
  Downloaded futures-executor v0.3.32
  Downloaded base64 v0.22.1
  Downloaded futures-core v0.3.32
  Downloaded futures-io v0.3.32
  Downloaded futures-task v0.3.32
  Downloaded inotify-sys v0.1.8
  Downloaded futures-util v0.3.32
  Downloaded lazy_static v1.5.0
  Downloaded heck v0.5.0
  Downloaded is_terminal_polyfill v1.70.2
  Downloaded inotify v0.11.5
  Downloaded generic-array v0.14.7
  Downloaded ident_case v1.0.1
  Downloaded nix v0.31.2
  Downloaded matchers v0.2.0
  Downloaded notify-types v2.1.0
  Downloaded notify v8.2.0
  Downloaded pastey v0.2.1
  Downloaded nu-ansi-term v0.50.3
  Downloaded ref-cast v1.0.25
  Downloaded option-ext v0.2.0
  Downloaded rmcp v2.2.0
  Downloaded ref-cast-impl v1.0.25
  Downloaded schemars_derive v1.2.1
  Downloaded schemars v1.2.1
  Downloaded rmcp-macros v2.2.0
  Downloaded strsim v0.11.1
  Downloaded sharded-slab v0.1.7
  Downloaded sha2 v0.10.9
  Downloaded slab v0.4.12
  Downloaded process-wrap v9.1.0
  Downloaded serde_derive_internals v0.29.1
  Downloaded tokio-stream v0.1.18
  Downloaded tokio-util v0.7.18
  Downloaded tracing-log v0.2.0
  Downloaded thread_local v1.1.9
  Downloaded utf8parse v0.2.2
  Downloaded version_check v0.9.5
  Downloaded typenum v1.20.1
  Downloaded tracing-subscriber v0.3.23
   Compiling libc v0.2.183
   Compiling jobserver v0.1.34
   Compiling cc v1.2.58
    Checking cfg-if v1.0.4
    Checking memchr v2.8.0
   Compiling serde_core v1.0.228
    Checking pin-project-lite v0.2.17
   Compiling serde v1.0.228
    Checking bitflags v2.11.0
    Checking once_cell v1.21.4
    Checking tracing-core v0.1.36
    Checking cpufeatures v0.3.0
    Checking rand_core v0.10.0
   Compiling serde_json v1.0.149
    Checking tracing v0.1.44
    Checking zmij v1.0.21
    Checking itoa v1.0.18
    Checking getrandom v0.4.2
   Compiling blake3 v1.8.4
    Checking thiserror v2.0.18
    Checking arrayvec v0.7.6
    Checking arrayref v0.3.9
    Checking constant_time_eq v0.4.2
    Checking aho-corasick v1.1.4
    Checking cc-model v1.0.0 (/workspace/codecortex/crates/cc-model)
    Checking regex-syntax v0.8.10
    Checking regex-automata v0.4.14
    Checking regex v1.12.3
    Checking log v0.4.29
    Checking smallvec v1.15.1
    Checking equivalent v1.0.2
    Checking scopeguard v1.2.0
    Checking lock_api v0.4.14
    Checking parking_lot_core v0.9.12
    Checking parking_lot v0.12.5
   Compiling zstd-sys v2.0.16+zstd.1.5.7
    Checking allocator-api2 v0.2.21
    Checking foldhash v0.2.0
    Checking hashbrown v0.17.1
   Compiling libsqlite3-sys v0.38.1
    Checking num-traits v0.2.19
    Checking chacha20 v0.10.2
    Checking iana-time-zone v0.1.65
    Checking chrono v0.4.44
    Checking rand v0.10.3
    Checking hashlink v0.12.1
    Checking scheduled-thread-pool v0.2.7
    Checking fallible-streaming-iterator v0.1.9
    Checking fallible-iterator v0.3.0
    Checking rusqlite v0.40.1
    Checking r2d2 v0.8.10
    Checking uuid v1.23.0
    Checking linux-raw-sys v0.12.1
    Checking rustix v1.1.4
    Checking r2d2_sqlite v0.35.0
    Checking fastrand v2.3.0
    Checking tempfile v3.27.0
    Checking tree-sitter-language v0.1.7
   Compiling tree-sitter-cpp v0.23.4
   Compiling tree-sitter-java v0.23.5
   Compiling tree-sitter v0.24.7
   Compiling tree-sitter-rust v0.23.3
   Compiling tree-sitter-python v0.23.6
   Compiling tree-sitter-c v0.23.4
   Compiling zstd-safe v7.2.4
   Compiling tree-sitter-go v0.23.4
    Checking zstd v0.13.3
   Compiling tree-sitter-typescript v0.23.2
   Compiling tree-sitter-javascript v0.23.1
    Checking cc-db v1.0.0 (/workspace/codecortex/crates/cc-db)
    Checking streaming-iterator v0.1.9
    Checking crossbeam-utils v0.8.21
    Checking crossbeam-epoch v0.9.20
    Checking hashbrown v0.16.1
    Checking cc-parsers v1.0.0 (/workspace/codecortex/crates/cc-parsers)
    Checking indexmap v2.13.0
    Checking crossbeam-deque v0.8.6
    Checking same-file v1.0.6
    Checking walkdir v2.5.0
    Checking rayon-core v1.13.0
    Checking toml_datetime v0.6.11
    Checking serde_spanned v0.6.9
    Checking bstr v1.12.1
    Checking toml_write v0.1.2
    Checking either v1.15.0
    Checking winnow v0.7.15
    Checking rayon v1.11.0
    Checking toml_edit v0.22.27
    Checking globset v0.4.18
    Checking lru v0.18.2
    Checking ignore v0.4.25
    Checking toml v0.8.23
    Checking mio v1.2.0
    Checking errno v0.3.14
    Checking cc-index v1.0.0 (/workspace/codecortex/crates/cc-index)
    Checking futures-core v0.3.32
    Checking signal-hook-registry v1.4.8
    Checking socket2 v0.6.3
    Checking bytes v1.11.1
    Checking futures-sink v0.3.32
    Checking futures-channel v0.3.32
    Checking tokio v1.50.0
   Compiling futures-macro v0.3.32
    Checking futures-task v0.3.32
    Checking slab v0.4.12
    Checking futures-io v0.3.32
   Compiling ident_case v1.0.1
    Checking futures-util v0.3.32
   Compiling cfg_aliases v0.2.1
   Compiling strsim v0.11.1
   Compiling darling_core v0.23.0
   Compiling nix v0.31.2
   Compiling ref-cast v1.0.25
   Compiling inotify-sys v0.1.8
    Checking utf8parse v0.2.2
    Checking anstyle-parse v1.0.0
   Compiling darling_macro v0.23.0
    Checking futures-executor v0.3.32
   Compiling serde_derive_internals v0.29.1
   Compiling ref-cast-impl v1.0.25
    Checking anstyle-query v1.1.5
    Checking anstyle v1.0.14
    Checking colorchoice v1.0.5
    Checking is_terminal_polyfill v1.70.2
    Checking anstream v1.0.0
   Compiling schemars_derive v1.2.1
   Compiling darling v0.23.0
    Checking futures v0.3.32
    Checking option-ext v0.2.0
   Compiling heck v0.5.0
    Checking clap_lex v1.0.0
    Checking lazy_static v1.5.0
   Compiling rmcp v2.2.0
    Checking dyn-clone v1.0.20
    Checking schemars v1.2.1
    Checking process-wrap v9.1.0
    Checking sharded-slab v0.1.7
    Checking clap_builder v4.6.0
   Compiling clap_derive v4.6.0
    Checking dirs-sys v0.4.1
    Checking inotify v0.11.5
   Compiling rmcp-macros v2.2.0
    Checking tokio-util v0.7.18
    Checking tokio-stream v0.1.18
    Checking tracing-log v0.2.0
    Checking matchers v0.2.0
    Checking notify-types v2.1.0
    Checking thread_local v1.1.9
   Compiling async-trait v0.1.89
   Compiling pastey v0.2.1
    Checking nu-ansi-term v0.50.3
    Checking base64 v0.22.1
    Checking tracing-subscriber v0.3.23
    Checking notify v8.2.0
    Checking clap v4.6.0
    Checking dirs v5.0.1
    Checking cc-search v1.0.0 (/workspace/codecortex/crates/cc-search)
   Compiling version_check v0.9.5
   Compiling generic-array v0.14.7
    Checking typenum v1.20.1
    Checking block-buffer v0.10.4
    Checking crypto-common v0.1.7
    Checking digest v0.10.7
    Checking cpufeatures v0.2.17
    Checking sha2 v0.10.9
    Checking cc-semantic v1.0.0 (/workspace/codecortex/crates/cc-semantic)
    Checking cc-server v1.0.0 (/workspace/codecortex/crates/cc-server)
    Checking cc-eval v1.0.0 (/workspace/codecortex/crates/cc-eval)
    Finished `dev` profile [unoptimized + debuginfo] target(s) in 1m 22s
