   Compiling libc v0.2.183
   Compiling serde_core v1.0.228
   Compiling tracing-core v0.1.36
   Compiling tracing v0.1.44
   Compiling serde v1.0.228
   Compiling serde_json v1.0.149
   Compiling getrandom v0.4.2
   Compiling blake3 v1.8.4
   Compiling cc-model v1.0.0 (/workspace/codecortex/crates/cc-model)
   Compiling regex-automata v0.4.14
   Compiling regex v1.12.3
   Compiling log v0.4.29
   Compiling parking_lot_core v0.9.12
   Compiling parking_lot v0.12.5
   Compiling chrono v0.4.44
   Compiling rand v0.10.3
   Compiling libsqlite3-sys v0.38.1
   Compiling zstd-sys v2.0.16+zstd.1.5.7
   Compiling scheduled-thread-pool v0.2.7
   Compiling rusqlite v0.40.1
   Compiling r2d2 v0.8.10
   Compiling zstd-safe v7.2.4
   Compiling uuid v1.23.0
   Compiling r2d2_sqlite v0.35.0
   Compiling zstd v0.13.3
   Compiling tempfile v3.27.0
   Compiling cc-db v1.0.0 (/workspace/codecortex/crates/cc-db)
   Compiling tree-sitter v0.24.7
   Compiling tree-sitter-python v0.23.6
   Compiling tree-sitter-typescript v0.23.2
   Compiling tree-sitter-javascript v0.23.1
   Compiling tree-sitter-c v0.23.4
   Compiling tree-sitter-go v0.23.4
   Compiling tree-sitter-java v0.23.5
   Compiling tree-sitter-rust v0.23.3
   Compiling tree-sitter-cpp v0.23.4
   Compiling cc-parsers v1.0.0 (/workspace/codecortex/crates/cc-parsers)
   Compiling serde_spanned v0.6.9
   Compiling toml_datetime v0.6.11
   Compiling toml_edit v0.22.27
   Compiling globset v0.4.18
   Compiling ignore v0.4.25
   Compiling toml v0.8.23
   Compiling cc-index v1.0.0 (/workspace/codecortex/crates/cc-index)
   Compiling mio v1.2.0
   Compiling errno v0.3.14
   Compiling futures-core v0.3.32
   Compiling signal-hook-registry v1.4.8
   Compiling socket2 v0.6.3
   Compiling strsim v0.11.1
   Compiling futures-sink v0.3.32
   Compiling tokio v1.50.0
   Compiling futures-channel v0.3.32
   Compiling slab v0.4.12
   Compiling futures-task v0.3.32
   Compiling futures-io v0.3.32
   Compiling futures-util v0.3.32
   Compiling darling_core v0.23.0
   Compiling utf8parse v0.2.2
   Compiling anstyle-parse v1.0.0
   Compiling darling_macro v0.23.0
   Compiling futures-executor v0.3.32
   Compiling anstyle v1.0.14
   Compiling is_terminal_polyfill v1.70.2
   Compiling colorchoice v1.0.5
   Compiling anstyle-query v1.1.5
   Compiling anstream v1.0.0
   Compiling ref-cast v1.0.25
   Compiling futures v0.3.32
   Compiling darling v0.23.0
   Compiling nix v0.31.2
   Compiling inotify-sys v0.1.8
   Compiling lazy_static v1.5.0
   Compiling option-ext v0.2.0
   Compiling clap_lex v1.0.0
   Compiling dyn-clone v1.0.20
   Compiling schemars v1.2.1
   Compiling process-wrap v9.1.0
   Compiling clap_builder v4.6.0
   Compiling dirs-sys v0.4.1
   Compiling sharded-slab v0.1.7
   Compiling inotify v0.11.5
   Compiling rmcp-macros v2.2.0
   Compiling tokio-util v0.7.18
   Compiling tokio-stream v0.1.18
   Compiling tracing-log v0.2.0
   Compiling matchers v0.2.0
   Compiling notify-types v2.1.0
   Compiling thread_local v1.1.9
   Compiling base64 v0.22.1
   Compiling nu-ansi-term v0.50.3
   Compiling rmcp v2.2.0
   Compiling tracing-subscriber v0.3.23
   Compiling notify v8.2.0
   Compiling clap v4.6.0
   Compiling dirs v5.0.1
   Compiling cc-search v1.0.0 (/workspace/codecortex/crates/cc-search)
   Compiling cc-server v1.0.0 (/workspace/codecortex/crates/cc-server)
   Compiling typenum v1.20.1
   Compiling generic-array v0.14.7
   Compiling block-buffer v0.10.4
   Compiling crypto-common v0.1.7
   Compiling digest v0.10.7
   Compiling cpufeatures v0.2.17
   Compiling sha2 v0.10.9
   Compiling cc-semantic v1.0.0 (/workspace/codecortex/crates/cc-semantic)
   Compiling cc-eval v1.0.0 (/workspace/codecortex/crates/cc-eval)
error: linking with `cc` failed: exit status: 1
  |
  = note:  "cc" "-m64" "/workspace/codecortex/target/query-owner-v3/debug/deps/rustc853Bgx/symbols.o" "<257 object files omitted>" "-Wl,--as-needed" "-Wl,-Bstatic" "/workspace/codecortex/target/query-owner-v3/debug/deps/{libtoml-2cfc5f52c6299088,libtoml_edit-508ee5fa844bfae8,libserde_spanned-fe9d42942986c02b,libindexmap-075c58d222ac4ddc,libhashbrown-1ab04de24f6c5022,libwinnow-4c821fba5e6511f7,libtoml_write-f35c4db2f1b5633f,libtoml_datetime-92a526572e26498a,libignore-fbefccf624d35423,libwalkdir-f83c702250a7b97f,libsame_file-e4e8dba317b28e66,libglobset-ba95f143fe191ca8,libbstr-6579fded296940d6}.rlib" "<sysroot>/lib/rustlib/x86_64-unknown-linux-gnu/lib/{libtest-*,libgetopts-*,librustc_std_workspace_std-*}.rlib" "/workspace/codecortex/target/query-owner-v3/debug/deps/{liblru-a84dcd4374983bd0,librayon-229a7eaf3e566e17,librayon_core-ba856f17b8ed94e9,libcrossbeam_deque-0eadaf170fff34a3,libcrossbeam_epoch-7b4ea3f3be6c7cc4,libcrossbeam_utils-798d90ebf7ba1c99,libeither-f7944c00bb58f6b4,libcc_parsers-48d9940cefe0f17a,libtree_sitter_rust-f921a9eea9534b54,libtree_sitter_python-65016e95edb010d1,libtree_sitter_typescript-92a2880c4bdba8da,libtree_sitter_javascript-bb6e0e983b948d3c,libtree_sitter_java-6d53f16a04244ddf,libtree_sitter_go-27ef532a29cb6a02,libtree_sitter_c-f36f4c5add0ea519,libtree_sitter_cpp-d79bf21715f33dc5,libtree_sitter-1fb1dfde99a8bfa6,libtree_sitter_language-59165428aec6e04a,libstreaming_iterator-953fb8a0436e38a7,libtempfile-6d1ad785f7fb09f3,libfastrand-3fcf033bace603be,librustix-fb483492b9695d31,liblinux_raw_sys-33754a88e289e737,libcc_db-01e4bee2183b299b,libchrono-cac56d7455d77f42,libiana_time_zone-171c40416e0a8cd7,libnum_traits-33262b65603f4471,libzstd-3e3efa363d81bc21,libzstd_safe-a2f2bad9d64cfa10,libzstd_sys-b9059bf20c24adb3,libregex-356502936e7a0bd7,libregex_automata-c78983431a85585d,libaho_corasick-ff515cc0422ff381,libregex_syntax-6c0fc42eb9a7b396,libr2d2_sqlite-45cc1f7070ea38c8,libr2d2-c10104a5323cdd84,libscheduled_thread_pool-be97e6593b831ad9,libparking_lot-23c0e718d01ee179,libparking_lot_core-a2df4d9c79d0d012,liblock_api-371ca4ea31f9ee70,libscopeguard-094b4676443ff474,liblog-06b20b58f54a9048,libuuid-4eb5fcbead5dfec7,librand-f4edebd25654979b,libchacha20-4341f16d2cd524b4,libgetrandom-4defe4631c23c388,librand_core-22bb0398967dfcf8,librusqlite-b0bc8be4c882a112,libbitflags-53ed63b37ca42593,libsmallvec-c85e941a8f6330c7,libhashlink-e70f54de98e961a9,libhashbrown-9d1178748fdc9dcd,libequivalent-09a05a12e658fb17,libfoldhash-3764f06662d6ff75,liballocator_api2-48625379a5c54837,liblibsqlite3_sys-854cc0935f95b7c4,libfallible_streaming_iterator-b9350970096c8cda,libfallible_iterator-537e5f73b7ac961f,libcc_model-f6188cc223001c5c,liblibc-f0dbb7a9db2141ec,libserde_json-c74784839d633be7,libmemchr-1ba191a0e30eb7bf,libzmij-0e702112b516ef8a,libitoa-d62e748016f8bd79,libthiserror-97173aa94ee1c771,libtracing-587306acc0e7d7a3,libpin_project_lite-d7a7c9f9297e44b9,libtracing_core-b06deb30c87cc862,libonce_cell-6fe0e84c103b3d0a,libblake3-c79db3aa7df6172e,libconstant_time_eq-0c7c0a8bac9aab06,libcpufeatures-74701194ceec5438,libcfg_if-595cd1fd9b5b1165,libarrayvec-2ced690b2ba560c8,libarrayref-6cea67aa60f47a68,libserde-adda50dd426c91dc,libserde_core-aaaf9c3a2b49290a}.rlib" "<sysroot>/lib/rustlib/x86_64-unknown-linux-gnu/lib/{libstd-*,libpanic_unwind-*,libobject-*,libmemchr-*,libaddr2line-*,libgimli-*,libcfg_if-*,librustc_demangle-*,libstd_detect-*,libhashbrown-*,librustc_std_workspace_alloc-*,libminiz_oxide-*,libadler2-*,libunwind-*,liblibc-*,librustc_std_workspace_core-*,liballoc-*,libcore-*,libcompiler_builtins-*}.rlib" "-Wl,-Bdynamic" "-lgcc_s" "-lutil" "-lrt" "-lpthread" "-lm" "-ldl" "-lc" "-L" "/workspace/codecortex/target/query-owner-v3/debug/deps/rustc853Bgx/raw-dylibs" "-B<sysroot>/lib/rustlib/x86_64-unknown-linux-gnu/bin/gcc-ld" "-fuse-ld=lld" "-Wl,--eh-frame-hdr" "-Wl,-z,noexecstack" "-L" "/workspace/codecortex/target/query-owner-v3/debug/build/blake3-985a51292f402b12/out" "-L" "/workspace/codecortex/target/query-owner-v3/debug/build/libsqlite3-sys-9dc01de540609ccb/out" "-L" "/workspace/codecortex/target/query-owner-v3/debug/build/zstd-sys-357c8dfbee27b980/out" "-L" "/workspace/codecortex/target/query-owner-v3/debug/build/tree-sitter-fe91025f04af612b/out" "-L" "/workspace/codecortex/target/query-owner-v3/debug/build/tree-sitter-c-2cf333d88c2bf8d9/out" "-L" "/workspace/codecortex/target/query-owner-v3/debug/build/tree-sitter-cpp-59ac3da2ea88d9e1/out" "-L" "/workspace/codecortex/target/query-owner-v3/debug/build/tree-sitter-go-16a765f44aca1121/out" "-L" "/workspace/codecortex/target/query-owner-v3/debug/build/tree-sitter-java-2aca94ea962c875a/out" "-L" "/workspace/codecortex/target/query-owner-v3/debug/build/tree-sitter-javascript-6d692fd0fb4011f4/out" "-L" "/workspace/codecortex/target/query-owner-v3/debug/build/tree-sitter-python-89942375547df67d/out" "-L" "/workspace/codecortex/target/query-owner-v3/debug/build/tree-sitter-rust-0472c33824b353d1/out" "-L" "/workspace/codecortex/target/query-owner-v3/debug/build/tree-sitter-typescript-bea0bccce7c5cc6d/out" "-L" "<sysroot>/lib/rustlib/x86_64-unknown-linux-gnu/lib" "-o" "/workspace/codecortex/target/query-owner-v3/debug/deps/cc_index-308a58c029e42e8d" "-Wl,--gc-sections" "-pie" "-Wl,-z,relro,-z,now" "-nodefaultlibs"
  = note: some arguments are omitted. use `--verbose` to show all linker arguments
  = note: collect2: fatal error: ld terminated with signal 7 [Bus error]
          compilation terminated.
          

error: could not compile `cc-index` (lib test) due to 1 previous error
warning: build failed, waiting for other jobs to finish...
error: couldn't create a temp dir: No space left on device (os error 28) at path "/workspace/codecortex/target/query-owner-v3/debug/deps/rmetavXTtjJ"

error: could not compile `cc-parsers` (test "independent_cpp_final_declarators") due to 1 previous error
