test_all_stopped_seal_contract (test_p8_runtime.OwnedWriterSealControls.test_all_stopped_seal_contract) ... ok
test_comparison_construction_failure_seal_contract (test_p8_runtime.OwnedWriterSealControls.test_comparison_construction_failure_seal_contract) ... ok
test_comparison_reader_alive_seal_contract (test_p8_runtime.OwnedWriterSealControls.test_comparison_reader_alive_seal_contract) ... ok
test_comparison_watcher_alive_seal_contract (test_p8_runtime.OwnedWriterSealControls.test_comparison_watcher_alive_seal_contract) ... ok
test_main_construction_failure_seal_contract (test_p8_runtime.OwnedWriterSealControls.test_main_construction_failure_seal_contract) ... ok
test_main_reader_alive_seal_contract (test_p8_runtime.OwnedWriterSealControls.test_main_reader_alive_seal_contract) ... ok
test_main_watcher_alive_seal_contract (test_p8_runtime.OwnedWriterSealControls.test_main_watcher_alive_seal_contract) ... ok
test_sampler_alive_seal_contract (test_p8_runtime.OwnedWriterSealControls.test_sampler_alive_seal_contract) ... ok
test_stopped_close_error_seal_contract (test_p8_runtime.OwnedWriterSealControls.test_stopped_close_error_seal_contract) ... ok
test_worker_unfinished_seal_contract (test_p8_runtime.OwnedWriterSealControls.test_worker_unfinished_seal_contract) ... ok
test_active_driver_copies_exact_nanosecond_replay_wire (test_p8_runtime.RuntimeDriverControls.test_active_driver_copies_exact_nanosecond_replay_wire) ... ok
test_completed_unequal_oracle_preserves_gate_failure_and_all_statistics (test_p8_runtime.RuntimeDriverControls.test_completed_unequal_oracle_preserves_gate_failure_and_all_statistics) ... ok
test_equal_oracle_retains_successful_observation (test_p8_runtime.RuntimeDriverControls.test_equal_oracle_retains_successful_observation) ... ok
test_existing_drain_deadline_preserves_canceled_outcomes_and_bounds (test_p8_runtime.RuntimeDriverControls.test_existing_drain_deadline_preserves_canceled_outcomes_and_bounds) ... ok
test_keyboard_interrupt_records_failure_before_and_after_drain (test_p8_runtime.RuntimeDriverControls.test_keyboard_interrupt_records_failure_before_and_after_drain) ... ok
test_legacy_copy_rejects_bytes_changed_after_statistics_verification (test_p8_runtime.RuntimeDriverControls.test_legacy_copy_rejects_bytes_changed_after_statistics_verification) ... ok
test_oracle_execution_error_remains_driver_failure (test_p8_runtime.RuntimeDriverControls.test_oracle_execution_error_remains_driver_failure) ... ok
test_raw_budget_failure_cancels_and_joins_before_sealing (test_p8_runtime.RuntimeDriverControls.test_raw_budget_failure_cancels_and_joins_before_sealing) ... ok
test_submit_failure_retains_offered_attempt_and_releases_slot (test_p8_runtime.RuntimeDriverControls.test_submit_failure_retains_offered_attempt_and_releases_slot) ... ok
test_clustered_rss_cannot_certify_an_hour (test_p8_runtime.RuntimeEvidenceTests.test_clustered_rss_cannot_certify_an_hour) ... ok
test_exact_public_hit_rejects_query_echo_and_wrong_path (test_p8_runtime.RuntimeEvidenceTests.test_exact_public_hit_rejects_query_echo_and_wrong_path) ... ok
test_existing_memory_threshold_is_preserved (test_p8_runtime.RuntimeEvidenceTests.test_existing_memory_threshold_is_preserved) ... ok
test_mutations_use_real_git_and_do_not_grow_source (test_p8_runtime.RuntimeEvidenceTests.test_mutations_use_real_git_and_do_not_grow_source) ... ok
test_raw_is_exclusive_and_preserves_every_row (test_p8_runtime.RuntimeEvidenceTests.test_raw_is_exclusive_and_preserves_every_row) ... ok
test_unowned_git_mutation_is_refused (test_p8_runtime.RuntimeEvidenceTests.test_unowned_git_mutation_is_refused) ... ok
test_zero_or_missing_rss_cannot_pass (test_p8_runtime.RuntimeEvidenceTests.test_zero_or_missing_rss_cannot_pass) ... ok
test_equal_oracle_still_keeps_passing_statistics (test_p8_runtime.RuntimeFailureLifecycleTests.test_equal_oracle_still_keeps_passing_statistics) ... ok
test_oracle_difference_keeps_statistics_and_failure_exit_one (test_p8_runtime.RuntimeFailureLifecycleTests.test_oracle_difference_keeps_statistics_and_failure_exit_one) ... ok
test_oracle_infrastructure_failure_stays_exit_two (test_p8_runtime.RuntimeFailureLifecycleTests.test_oracle_infrastructure_failure_stays_exit_two) ... ok
test_original_drain_deadline_has_one_cleanup_wait_and_all_terminal_rows (test_p8_runtime.RuntimeFailureLifecycleTests.test_original_drain_deadline_has_one_cleanup_wait_and_all_terminal_rows) ... ok
test_raw_budget_abort_drains_actual_worker_before_sealing (test_p8_runtime.RuntimeFailureLifecycleTests.test_raw_budget_abort_drains_actual_worker_before_sealing) ... ok
test_unconfirmed_worker_shutdown_cannot_create_a_seal (test_p8_runtime.RuntimeFailureLifecycleTests.test_unconfirmed_worker_shutdown_cannot_create_a_seal) ... ok

----------------------------------------------------------------------
Ran 32 tests in 16.715s

OK
