2026-10-09T16:17:27.9153946Z Current runner version: '2.337.0'
2026-10-09T16:17:27.9191665Z ##[group]Runner Image Provisioner
2026-10-09T16:17:27.9193140Z Hosted Compute Agent
2026-10-09T16:17:27.9194153Z Version: 20261002.596
2026-10-09T16:17:27.9195340Z Commit: c3d12f3313a95f25162a1503be624f3b0617f8c0
2026-10-09T16:17:27.9196546Z Build Date: 2026-10-02T22:28:27Z
2026-10-09T16:17:27.9197776Z Worker ID: {15078a73-f4ea-499c-aec0-7aa9e746de53}
2026-10-09T16:17:27.9199042Z Region: eastus2
2026-10-09T16:17:27.9200430Z Cloud: Azure
2026-10-09T16:17:27.9201373Z ##[endgroup]
2026-10-09T16:17:27.9203666Z ##[group]Operating System
2026-10-09T16:17:27.9204751Z Ubuntu
2026-10-09T16:17:27.9205591Z 24.04.5
2026-10-09T16:17:27.9206463Z LTS
2026-10-09T16:17:27.9207338Z ##[endgroup]
2026-10-09T16:17:27.9208351Z ##[group]Runner Image
2026-10-09T16:17:27.9210218Z Image: ubuntu-24.04
2026-10-09T16:17:27.9211259Z Version: 20261004.327.1
2026-10-09T16:17:27.9213431Z Included Software: https://github.com/actions/runner-images/blob/ubuntu24/20261004.327/images/ubuntu/Ubuntu2404-Readme.md
2026-10-09T16:17:27.9216237Z Image Release: https://github.com/actions/runner-images/releases/tag/ubuntu24%2F20261004.327
2026-10-09T16:17:27.9218094Z ##[endgroup]
2026-10-09T16:17:27.9220539Z ##[group]GITHUB_TOKEN Permissions
2026-10-09T16:17:27.9223646Z Contents: read
2026-10-09T16:17:27.9224855Z Metadata: read
2026-10-09T16:17:27.9225837Z Packages: read
2026-10-09T16:17:27.9226749Z ##[endgroup]
2026-10-09T16:17:27.9230171Z Secret source: Actions
2026-10-09T16:17:27.9231782Z Cache mode: write
2026-10-09T16:17:27.9233068Z Prepare workflow directory
2026-10-09T16:17:27.9807513Z Prepare all required actions
2026-10-09T16:17:27.9879955Z Getting action download info
2026-10-09T16:17:28.2016499Z Download action repository 'actions/checkout@v4' (SHA:11d5960a326750d5838078e36cf38b85af677262)
2026-10-09T16:17:28.3000859Z Download action repository 'dtolnay/rust-toolchain@stable' (SHA:686976e191b89faba57d3206551f0f330d8cb249)
2026-10-09T16:17:28.4071726Z Download action repository 'Swatinem/rust-cache@v2' (SHA:6323deb102c322ba6fcbdcafc7e3dddab59af2b6)
2026-10-09T16:17:28.7490889Z Complete job name: check
2026-10-09T16:17:28.8510597Z ##[group]Run actions/checkout@v4
2026-10-09T16:17:28.8511529Z with:
2026-10-09T16:17:28.8511979Z   repository: jyqj/codecortex
2026-10-09T16:17:28.8515987Z   token: ***
2026-10-09T16:17:28.8516423Z   ssh-strict: true
2026-10-09T16:17:28.8516871Z   ssh-user: git
2026-10-09T16:17:28.8517319Z   persist-credentials: true
2026-10-09T16:17:28.8517806Z   clean: true
2026-10-09T16:17:28.8518256Z   sparse-checkout-cone-mode: true
2026-10-09T16:17:28.8518779Z   fetch-depth: 1
2026-10-09T16:17:28.8519234Z   fetch-tags: false
2026-10-09T16:17:28.8519872Z   show-progress: true
2026-10-09T16:17:28.8520323Z   lfs: false
2026-10-09T16:17:28.8520735Z   submodules: false
2026-10-09T16:17:28.8521195Z   set-safe-directory: true
2026-10-09T16:17:28.8521703Z   allow-unsafe-pr-checkout: false
2026-10-09T16:17:28.8522462Z env:
2026-10-09T16:17:28.8522881Z   CARGO_TERM_COLOR: always
2026-10-09T16:17:28.8523399Z   RUSTFLAGS: -D warnings
2026-10-09T16:17:28.8523862Z ##[endgroup]
2026-10-09T16:17:28.9800004Z Syncing repository: jyqj/codecortex
2026-10-09T16:17:28.9802689Z ##[group]Getting Git version info
2026-10-09T16:17:28.9804148Z Working directory is '/home/runner/work/codecortex/codecortex'
2026-10-09T16:17:28.9806063Z [command]/usr/bin/git version
2026-10-09T16:17:28.9834375Z git version 2.55.0
2026-10-09T16:17:28.9862746Z ##[endgroup]
2026-10-09T16:17:28.9876972Z Temporarily overriding HOME='/home/runner/work/_temp/f82c6e34-68e8-45bc-aa8b-ee32a1daf2c2' before making global git config changes
2026-10-09T16:17:28.9878742Z Adding repository directory to the temporary git global config as a safe directory
2026-10-09T16:17:28.9882724Z [command]/usr/bin/git config --global --add safe.directory /home/runner/work/codecortex/codecortex
2026-10-09T16:17:28.9932519Z Deleting the contents of '/home/runner/work/codecortex/codecortex'
2026-10-09T16:17:28.9936203Z ##[group]Initializing the repository
2026-10-09T16:17:28.9940773Z [command]/usr/bin/git init /home/runner/work/codecortex/codecortex
2026-10-09T16:17:29.0037574Z hint: Using 'master' as the name for the initial branch. This default branch name
2026-10-09T16:17:29.0039380Z hint: will change to "main" in Git 3.0. To configure the initial branch name
2026-10-09T16:17:29.0041490Z hint: to use in all of your new repositories, which will suppress this warning,
2026-10-09T16:17:29.0043062Z hint: call:
2026-10-09T16:17:29.0052637Z hint:
2026-10-09T16:17:29.0059193Z hint: 	git config --global init.defaultBranch <name>
2026-10-09T16:17:29.0060358Z hint:
2026-10-09T16:17:29.0060983Z hint: Names commonly chosen instead of 'master' are 'main', 'trunk' and
2026-10-09T16:17:29.0061937Z hint: 'development'. The just-created branch can be renamed via this command:
2026-10-09T16:17:29.0062679Z hint:
2026-10-09T16:17:29.0063104Z hint: 	git branch -m <name>
2026-10-09T16:17:29.0063583Z hint:
2026-10-09T16:17:29.0064380Z hint: Disable this message with "git config set advice.defaultBranchName false"
2026-10-09T16:17:29.0066334Z Initialized empty Git repository in /home/runner/work/codecortex/codecortex/.git/
2026-10-09T16:17:29.0068217Z [command]/usr/bin/git remote add origin https://github.com/jyqj/codecortex
2026-10-09T16:17:29.0103812Z ##[endgroup]
2026-10-09T16:17:29.0105531Z ##[group]Disabling automatic garbage collection
2026-10-09T16:17:29.0111901Z [command]/usr/bin/git config --local gc.auto 0
2026-10-09T16:17:29.0142793Z ##[endgroup]
2026-10-09T16:17:29.0143534Z ##[group]Setting up auth
2026-10-09T16:17:29.0148867Z [command]/usr/bin/git config --local --name-only --get-regexp core\.sshCommand
2026-10-09T16:17:29.0179363Z [command]/usr/bin/git submodule foreach --recursive sh -c "git config --local --name-only --get-regexp 'core\.sshCommand' && git config --local --unset-all 'core.sshCommand' || :"
2026-10-09T16:17:29.0524811Z [command]/usr/bin/git config --local --name-only --get-regexp http\.https\:\/\/github\.com\/\.extraheader
2026-10-09T16:17:29.0560669Z [command]/usr/bin/git submodule foreach --recursive sh -c "git config --local --name-only --get-regexp 'http\.https\:\/\/github\.com\/\.extraheader' && git config --local --unset-all 'http.https://github.com/.extraheader' || :"
2026-10-09T16:17:29.0779350Z [command]/usr/bin/git config --local --name-only --get-regexp ^includeIf\.gitdir:
2026-10-09T16:17:29.0810467Z [command]/usr/bin/git submodule foreach --recursive git config --local --show-origin --name-only --get-regexp remote.origin.url
2026-10-09T16:17:29.1026538Z [command]/usr/bin/git config --local http.https://github.com/.extraheader AUTHORIZATION: basic ***
2026-10-09T16:17:29.1063181Z ##[endgroup]
2026-10-09T16:17:29.1064054Z ##[group]Fetching the repository
2026-10-09T16:17:29.1072369Z [command]/usr/bin/git -c protocol.version=2 fetch --no-tags --prune --no-recurse-submodules --depth=1 origin +19a8bc964ae766095b45d25acefd3d506a48ed13:refs/remotes/pull/190/merge
2026-10-09T16:17:52.9743217Z From https://github.com/jyqj/codecortex
2026-10-09T16:17:52.9744658Z  * [new ref]           19a8bc964ae766095b45d25acefd3d506a48ed13 -> pull/190/merge
2026-10-09T16:17:52.9748387Z ##[endgroup]
2026-10-09T16:17:52.9749409Z ##[group]Determining the checkout info
2026-10-09T16:17:52.9752344Z ##[endgroup]
2026-10-09T16:17:52.9757948Z [command]/usr/bin/git sparse-checkout disable
2026-10-09T16:17:52.9805138Z [command]/usr/bin/git config --local --unset-all extensions.worktreeConfig
2026-10-09T16:17:52.9840808Z ##[group]Checking out the ref
2026-10-09T16:17:52.9844119Z [command]/usr/bin/git checkout --progress --force refs/remotes/pull/190/merge
2026-10-09T16:17:54.0155052Z Updating files:  42% (10270/24179)
2026-10-09T16:17:54.0291340Z Updating files:  43% (10397/24179)
2026-10-09T16:17:54.0409607Z Updating files:  44% (10639/24179)
2026-10-09T16:17:54.0549338Z Updating files:  45% (10881/24179)
2026-10-09T16:17:54.1279103Z Updating files:  46% (11123/24179)
2026-10-09T16:17:54.1644277Z Updating files:  47% (11365/24179)
2026-10-09T16:17:54.1970060Z Updating files:  48% (11606/24179)
2026-10-09T16:17:54.2335114Z Updating files:  49% (11848/24179)
2026-10-09T16:17:54.2804312Z Updating files:  50% (12090/24179)
2026-10-09T16:17:54.2963659Z Updating files:  51% (12332/24179)
2026-10-09T16:17:54.3131216Z Updating files:  52% (12574/24179)
2026-10-09T16:17:54.3306459Z Updating files:  53% (12815/24179)
2026-10-09T16:17:54.3501017Z Updating files:  54% (13057/24179)
2026-10-09T16:17:54.3639820Z Updating files:  55% (13299/24179)
2026-10-09T16:17:54.3764333Z Updating files:  56% (13541/24179)
2026-10-09T16:17:54.3868580Z Updating files:  57% (13783/24179)
2026-10-09T16:17:54.3978388Z Updating files:  58% (14024/24179)
2026-10-09T16:17:54.4090774Z Updating files:  59% (14266/24179)
2026-10-09T16:17:54.4195604Z Updating files:  60% (14508/24179)
2026-10-09T16:17:54.4304729Z Updating files:  61% (14750/24179)
2026-10-09T16:17:54.4403128Z Updating files:  62% (14991/24179)
2026-10-09T16:17:54.4537626Z Updating files:  63% (15233/24179)
2026-10-09T16:17:54.4693668Z Updating files:  64% (15475/24179)
2026-10-09T16:17:54.6122582Z Updating files:  65% (15717/24179)
2026-10-09T16:17:54.6435148Z Updating files:  66% (15959/24179)
2026-10-09T16:17:54.7147910Z Updating files:  67% (16200/24179)
2026-10-09T16:17:54.7600703Z Updating files:  68% (16442/24179)
2026-10-09T16:17:54.7875762Z Updating files:  69% (16684/24179)
2026-10-09T16:17:54.8261765Z Updating files:  70% (16926/24179)
2026-10-09T16:17:55.0111339Z Updating files:  71% (17168/24179)
2026-10-09T16:17:55.0166789Z Updating files:  71% (17368/24179)
2026-10-09T16:17:55.0795825Z Updating files:  72% (17409/24179)
2026-10-09T16:17:55.3476593Z Updating files:  73% (17651/24179)
2026-10-09T16:17:55.3720359Z Updating files:  74% (17893/24179)
2026-10-09T16:17:55.3970749Z Updating files:  75% (18135/24179)
2026-10-09T16:17:55.4239238Z Updating files:  76% (18377/24179)
2026-10-09T16:17:55.4612616Z Updating files:  77% (18618/24179)
2026-10-09T16:17:55.8870114Z Updating files:  78% (18860/24179)
2026-10-09T16:17:56.0214618Z Updating files:  79% (19102/24179)
2026-10-09T16:17:57.0206827Z Updating files:  79% (19116/24179)
2026-10-09T16:17:57.4267454Z Updating files:  79% (19217/24179)
2026-10-09T16:17:57.4541558Z Updating files:  80% (19344/24179)
2026-10-09T16:17:57.4750234Z Updating files:  81% (19585/24179)
2026-10-09T16:17:57.4928818Z Updating files:  82% (19827/24179)
2026-10-09T16:17:57.5238164Z Updating files:  83% (20069/24179)
2026-10-09T16:17:57.6318244Z Updating files:  84% (20311/24179)
2026-10-09T16:17:57.7469480Z Updating files:  85% (20553/24179)
2026-10-09T16:17:57.7900112Z Updating files:  86% (20794/24179)
2026-10-09T16:17:57.9380768Z Updating files:  87% (21036/24179)
2026-10-09T16:17:57.9604237Z Updating files:  88% (21278/24179)
2026-10-09T16:17:57.9763954Z Updating files:  89% (21520/24179)
2026-10-09T16:17:57.9882433Z Updating files:  90% (21762/24179)
2026-10-09T16:17:58.0103215Z Updating files:  91% (22003/24179)
2026-10-09T16:17:58.0108748Z Updating files:  91% (22233/24179)
2026-10-09T16:17:58.3944988Z Updating files:  92% (22245/24179)
2026-10-09T16:17:58.7093443Z Updating files:  93% (22487/24179)
2026-10-09T16:17:58.7334348Z Updating files:  94% (22729/24179)
2026-10-09T16:17:58.7508199Z Updating files:  95% (22971/24179)
2026-10-09T16:17:58.7703574Z Updating files:  96% (23212/24179)
2026-10-09T16:17:58.7955743Z Updating files:  97% (23454/24179)
2026-10-09T16:17:58.8130176Z Updating files:  98% (23696/24179)
2026-10-09T16:17:59.0561920Z Updating files:  99% (23938/24179)
2026-10-09T16:17:59.0736931Z Updating files:  99% (24037/24179)
2026-10-09T16:17:59.0737806Z Updating files: 100% (24179/24179)
2026-10-09T16:17:59.0738364Z Updating files: 100% (24179/24179), done.
2026-10-09T16:17:59.1017245Z Note: switching to 'refs/remotes/pull/190/merge'.
2026-10-09T16:17:59.1017635Z 
2026-10-09T16:17:59.1017867Z You are in 'detached HEAD' state. You can look around, make experimental
2026-10-09T16:17:59.1018511Z changes and commit them, and you can discard any commits you make in this
2026-10-09T16:17:59.1019002Z state without impacting any branches by switching back to a branch.
2026-10-09T16:17:59.1019865Z 
2026-10-09T16:17:59.1020085Z If you want to create a new branch to retain commits you create, you may
2026-10-09T16:17:59.1020553Z do so (now or later) by using -c with the switch command. Example:
2026-10-09T16:17:59.1020821Z 
2026-10-09T16:17:59.1020936Z   git switch -c <new-branch-name>
2026-10-09T16:17:59.1021107Z 
2026-10-09T16:17:59.1021213Z Or undo this operation with:
2026-10-09T16:17:59.1021371Z 
2026-10-09T16:17:59.1021460Z   git switch -
2026-10-09T16:17:59.1021585Z 
2026-10-09T16:17:59.1021796Z Turn off this advice by setting config variable advice.detachedHead to false
2026-10-09T16:17:59.1022104Z 
2026-10-09T16:17:59.1022441Z HEAD is now at 19a8bc96 Merge eded24951c3e99693410ce959a627ab575f66bec into fffd950d5b34b0180f308db1428a57d5bf358bf1
2026-10-09T16:17:59.1267366Z ##[endgroup]
2026-10-09T16:17:59.1318957Z [command]/usr/bin/git log -1 --format=%H
2026-10-09T16:17:59.1341118Z 19a8bc964ae766095b45d25acefd3d506a48ed13
2026-10-09T16:17:59.1704671Z ##[group]Run dtolnay/rust-toolchain@stable
2026-10-09T16:17:59.1704992Z with:
2026-10-09T16:17:59.1705208Z   components: clippy, rustfmt
2026-10-09T16:17:59.1705455Z   toolchain: stable
2026-10-09T16:17:59.1705660Z env:
2026-10-09T16:17:59.1705851Z   CARGO_TERM_COLOR: always
2026-10-09T16:17:59.1706100Z   RUSTFLAGS: -D warnings
2026-10-09T16:17:59.1706331Z ##[endgroup]
2026-10-09T16:17:59.1769937Z ##[start-action display=Parse toolchain version;id=__dtolnay_rust-toolchain.parse]
2026-10-09T16:17:59.1827662Z ##[group]Run if [[ -z $toolchain ]]; then
2026-10-09T16:17:59.1828065Z [36;1mif [[ -z $toolchain ]]; then[0m
2026-10-09T16:17:59.1828605Z [36;1m  # GitHub does not enforce `required: true` inputs itself. https://github.com/actions/runner/issues/1070[0m
2026-10-09T16:17:59.1829167Z [36;1m  echo "'toolchain' is a required input" >&2[0m
2026-10-09T16:17:59.1829473Z [36;1m  exit 1[0m
2026-10-09T16:17:59.1830095Z [36;1melif [[ $toolchain =~ ^stable' '[0-9]+' '(year|month|week|day)s?' 'ago$ ]]; then[0m
2026-10-09T16:17:59.1830541Z [36;1m  if [[ Linux == macOS ]]; then[0m
2026-10-09T16:17:59.1831082Z [36;1m    echo "toolchain=1.$((($(date -v-$(sed 's/stable \([0-9]*\) \(.\).*/\1\2/' <<< $toolchain) +%s)/60/60/24-16569)/7/6))" >> $GITHUB_OUTPUT[0m
2026-10-09T16:17:59.1831603Z [36;1m  else[0m
2026-10-09T16:17:59.1832022Z [36;1m    echo "toolchain=1.$((($(date --date "${toolchain#stable }" +%s)/60/60/24-16569)/7/6))" >> $GITHUB_OUTPUT[0m
2026-10-09T16:17:59.1832484Z [36;1m  fi[0m
2026-10-09T16:17:59.1832790Z [36;1melif [[ $toolchain =~ ^stable' 'minus' '[0-9]+' 'releases?$ ]]; then[0m
2026-10-09T16:17:59.1833330Z [36;1m  echo "toolchain=1.$((($(date +%s)/60/60/24-16569)/7/6-${toolchain//[^0-9]/}))" >> $GITHUB_OUTPUT[0m
2026-10-09T16:17:59.1833796Z [36;1melif [[ $toolchain =~ ^1\.[0-9]+$ ]]; then[0m
2026-10-09T16:17:59.1834344Z [36;1m  echo "toolchain=1.$((i=${toolchain#1.}, c=($(date +%s)/60/60/24-16569)/7/6, i+9*i*(10*i<=c)+90*i*(100*i<=c)))" >> $GITHUB_OUTPUT[0m
2026-10-09T16:17:59.1834866Z [36;1melse[0m
2026-10-09T16:17:59.1835067Z [36;1m  delimiter=EOF[0m
2026-10-09T16:17:59.1835380Z [36;1m  while [[ $toolchain == *$delimiter* ]]; do delimiter+=_; done[0m
2026-10-09T16:17:59.1835895Z [36;1m  printf 'toolchain<<%s\n%s\n%s\n' "$delimiter" "$toolchain" "$delimiter" >> $GITHUB_OUTPUT[0m
2026-10-09T16:17:59.1836326Z [36;1mfi[0m
2026-10-09T16:17:59.2085514Z shell: /usr/bin/bash --noprofile --norc -e -o pipefail {0}
2026-10-09T16:17:59.2086003Z env:
2026-10-09T16:17:59.2086296Z   CARGO_TERM_COLOR: always
2026-10-09T16:17:59.2086646Z   RUSTFLAGS: -D warnings
2026-10-09T16:17:59.2086971Z   toolchain: stable
2026-10-09T16:17:59.2087260Z ##[endgroup]
2026-10-09T16:17:59.2220891Z ##[end-action id=__dtolnay_rust-toolchain.parse;outcome=success;conclusion=success;duration_ms=44]
2026-10-09T16:17:59.2225308Z ##[start-action display=Set $CARGO_HOME;id=__dtolnay_rust-toolchain.__run]
2026-10-09T16:17:59.2287625Z ##[group]Run echo CARGO_HOME=${CARGO_HOME:-"$HOME/.cargo"} >> $GITHUB_ENV
2026-10-09T16:17:59.2288280Z [36;1mecho CARGO_HOME=${CARGO_HOME:-"$HOME/.cargo"} >> $GITHUB_ENV[0m
2026-10-09T16:17:59.2347244Z shell: /usr/bin/bash --noprofile --norc -e -o pipefail {0}
2026-10-09T16:17:59.2347604Z env:
2026-10-09T16:17:59.2347815Z   CARGO_TERM_COLOR: always
2026-10-09T16:17:59.2348064Z   RUSTFLAGS: -D warnings
2026-10-09T16:17:59.2348295Z ##[endgroup]
2026-10-09T16:17:59.2433613Z ##[end-action id=__dtolnay_rust-toolchain.__run;outcome=success;conclusion=success;duration_ms=20]
2026-10-09T16:17:59.2435916Z ##[start-action display=Install rustup if needed;id=__dtolnay_rust-toolchain.__run_2]
2026-10-09T16:17:59.2465467Z ##[group]Run if ! command -v rustup &>/dev/null; then
2026-10-09T16:17:59.2465858Z [36;1mif ! command -v rustup &>/dev/null; then[0m
2026-10-09T16:17:59.2466656Z [36;1m  curl --proto '=https' --tlsv1.2 --retry 10 --retry-connrefused --location --silent --show-error --fail https://sh.rustup.rs | sh -s -- --default-toolchain none -y[0m
2026-10-09T16:17:59.2467580Z [36;1m  echo "$CARGO_HOME/bin" >> $GITHUB_PATH[0m
2026-10-09T16:17:59.2467872Z [36;1mfi[0m
2026-10-09T16:17:59.2523254Z shell: /usr/bin/bash --noprofile --norc -e -o pipefail {0}
2026-10-09T16:17:59.2523591Z env:
2026-10-09T16:17:59.2523800Z   CARGO_TERM_COLOR: always
2026-10-09T16:17:59.2524039Z   RUSTFLAGS: -D warnings
2026-10-09T16:17:59.2524281Z   CARGO_HOME: /home/runner/.cargo
2026-10-09T16:17:59.2524524Z ##[endgroup]
2026-10-09T16:17:59.2606661Z ##[end-action id=__dtolnay_rust-toolchain.__run_2;outcome=success;conclusion=success;duration_ms=17]
2026-10-09T16:17:59.2608918Z ##[start-action display=Install rustup if needed on windows;id=__dtolnay_rust-toolchain.__run_3]
2026-10-09T16:17:59.2615714Z ##[end-action id=__dtolnay_rust-toolchain.__run_3;outcome=skipped;conclusion=skipped;duration_ms=0]
2026-10-09T16:17:59.2630600Z ##[start-action display=rustup toolchain install stable;id=__dtolnay_rust-toolchain.__run_4]
2026-10-09T16:17:59.2651248Z ##[group]Run set -f  # split targets and components on commas and whitespace, without glob expansion
2026-10-09T16:17:59.2651961Z [36;1mset -f  # split targets and components on commas and whitespace, without glob expansion[0m
2026-10-09T16:17:59.2652403Z [36;1mflags=()[0m
2026-10-09T16:17:59.2652687Z [36;1mfor t in ${targets//,/ }; do flags+=(--target "$t"); done[0m
2026-10-09T16:17:59.2653115Z [36;1mfor c in ${components//,/ }; do flags+=(--component "$c"); done[0m
2026-10-09T16:17:59.2653623Z [36;1mif [[ $toolchain == nightly && -n $components ]]; then flags+=(--allow-downgrade); fi[0m
2026-10-09T16:17:59.2654055Z [36;1mlog=$(mktemp)[0m
2026-10-09T16:17:59.2654287Z [36;1mtrap 'rm -f "$log"' EXIT[0m
2026-10-09T16:17:59.2654549Z [36;1mfor attempt in 1 2 3 4 5; do[0m
2026-10-09T16:17:59.2655124Z [36;1m  if rustup toolchain install "$toolchain" "${flags[@]}" --profile minimal --no-self-update --force-non-host 2>&1 | tee "$log"; then[0m
2026-10-09T16:17:59.2655690Z [36;1m    break[0m
2026-10-09T16:17:59.2655895Z [36;1m  else[0m
2026-10-09T16:17:59.2656109Z [36;1m    status=$?[0m
2026-10-09T16:17:59.2656321Z [36;1m  fi[0m
2026-10-09T16:17:59.2656613Z [36;1m  if [[ $attempt == 5 ]] || ! grep -Fq 'checksum failed for ' "$log" \[0m
2026-10-09T16:17:59.2657172Z [36;1m      || ! grep -Fq 'this is likely due to an ongoing update of the official release server' "$log"; then[0m
2026-10-09T16:17:59.2657631Z [36;1m    exit "$status"[0m
2026-10-09T16:17:59.2657855Z [36;1m  fi[0m
2026-10-09T16:17:59.2658206Z [36;1m  echo "Retrying rustup toolchain install in 30 seconds (retry $attempt of 4)" >&2[0m
2026-10-09T16:17:59.2658625Z [36;1m  sleep 30[0m
2026-10-09T16:17:59.2658825Z [36;1mdone[0m
2026-10-09T16:17:59.2714323Z shell: /usr/bin/bash --noprofile --norc -e -o pipefail {0}
2026-10-09T16:17:59.2714667Z env:
2026-10-09T16:17:59.2714873Z   CARGO_TERM_COLOR: always
2026-10-09T16:17:59.2715116Z   RUSTFLAGS: -D warnings
2026-10-09T16:17:59.2715357Z   CARGO_HOME: /home/runner/.cargo
2026-10-09T16:17:59.2715607Z   toolchain: stable
2026-10-09T16:17:59.2716003Z   targets: 
2026-10-09T16:17:59.2716207Z   components: clippy, rustfmt
2026-10-09T16:17:59.2716462Z   RUSTUP_PERMIT_COPY_RENAME: 1
2026-10-09T16:17:59.2716700Z ##[endgroup]
2026-10-09T16:17:59.4358852Z info: syncing channel updates for stable-x86_64-unknown-linux-gnu
2026-10-09T16:17:59.6062989Z info: latest update on 2026-10-01 for version 1.99.0 (b940084d7 2026-09-28)
2026-10-09T16:17:59.6200281Z info: component clippy is up to date
2026-10-09T16:17:59.6201143Z info: component rustfmt is up to date
2026-10-09T16:17:59.6213326Z 
2026-10-09T16:17:59.6295224Z   stable-x86_64-unknown-linux-gnu unchanged - rustc 1.99.0 (b940084d7 2026-09-28)
2026-10-09T16:17:59.6295822Z 
2026-10-09T16:17:59.6340827Z ##[end-action id=__dtolnay_rust-toolchain.__run_4;outcome=success;conclusion=success;duration_ms=370]
2026-10-09T16:17:59.6348612Z ##[start-action display=rustup default stable;id=__dtolnay_rust-toolchain.__run_5]
2026-10-09T16:17:59.6371490Z ##[group]Run rustup default "$toolchain" --force-non-host
2026-10-09T16:17:59.6371916Z [36;1mrustup default "$toolchain" --force-non-host[0m
2026-10-09T16:17:59.6433536Z shell: /usr/bin/bash --noprofile --norc -e -o pipefail {0}
2026-10-09T16:17:59.6433889Z env:
2026-10-09T16:17:59.6434096Z   CARGO_TERM_COLOR: always
2026-10-09T16:17:59.6434347Z   RUSTFLAGS: -D warnings
2026-10-09T16:17:59.6434606Z   CARGO_HOME: /home/runner/.cargo
2026-10-09T16:17:59.6434863Z   toolchain: stable
2026-10-09T16:17:59.6435074Z ##[endgroup]
2026-10-09T16:17:59.6553930Z info: using existing install for stable-x86_64-unknown-linux-gnu
2026-10-09T16:17:59.6561444Z info: default toolchain set to stable-x86_64-unknown-linux-gnu
2026-10-09T16:17:59.6561815Z 
2026-10-09T16:17:59.6634905Z   stable-x86_64-unknown-linux-gnu unchanged - rustc 1.99.0 (b940084d7 2026-09-28)
2026-10-09T16:17:59.6635489Z 
2026-10-09T16:17:59.6652077Z ##[end-action id=__dtolnay_rust-toolchain.__run_5;outcome=success;conclusion=success;duration_ms=30]
2026-10-09T16:17:59.6656217Z ##[start-action display=Create cachekey;id=__dtolnay_rust-toolchain.rustc-version]
2026-10-09T16:17:59.6678171Z ##[group]Run DATE=$(rustc +"$toolchain" --version --verbose | sed -ne 's/^commit-date: \(20[0-9][0-9]\)-\([01][0-9]\)-\([0-3][0-9]\)$/\1\2\3/p')
2026-10-09T16:17:59.6679018Z [36;1mDATE=$(rustc +"$toolchain" --version --verbose | sed -ne 's/^commit-date: \(20[0-9][0-9]\)-\([01][0-9]\)-\([0-3][0-9]\)$/\1\2\3/p')[0m
2026-10-09T16:17:59.6679965Z [36;1mHASH=$(rustc +"$toolchain" --version --verbose | sed -ne 's/^commit-hash: //p')[0m
2026-10-09T16:17:59.6680496Z [36;1mecho "cachekey=$(echo $DATE$HASH | head -c12)" >> $GITHUB_OUTPUT[0m
2026-10-09T16:17:59.6741146Z shell: /usr/bin/bash --noprofile --norc -e -o pipefail {0}
2026-10-09T16:17:59.6741511Z env:
2026-10-09T16:17:59.6741728Z   CARGO_TERM_COLOR: always
2026-10-09T16:17:59.6741977Z   RUSTFLAGS: -D warnings
2026-10-09T16:17:59.6742224Z   CARGO_HOME: /home/runner/.cargo
2026-10-09T16:17:59.6742482Z   toolchain: stable
2026-10-09T16:17:59.6742697Z ##[endgroup]
2026-10-09T16:17:59.7096767Z ##[end-action id=__dtolnay_rust-toolchain.rustc-version;outcome=success;conclusion=success;duration_ms=43]
2026-10-09T16:17:59.7100171Z ##[start-action display=Disable incremental compilation;id=__dtolnay_rust-toolchain.__run_6]
2026-10-09T16:17:59.7122946Z ##[group]Run if [ -z "${CARGO_INCREMENTAL+set}" ]; then
2026-10-09T16:17:59.7123331Z [36;1mif [ -z "${CARGO_INCREMENTAL+set}" ]; then[0m
2026-10-09T16:17:59.7123657Z [36;1m  echo CARGO_INCREMENTAL=0 >> $GITHUB_ENV[0m
2026-10-09T16:17:59.7123945Z [36;1mfi[0m
2026-10-09T16:17:59.7185056Z shell: /usr/bin/bash --noprofile --norc -e -o pipefail {0}
2026-10-09T16:17:59.7185414Z env:
2026-10-09T16:17:59.7185625Z   CARGO_TERM_COLOR: always
2026-10-09T16:17:59.7185876Z   RUSTFLAGS: -D warnings
2026-10-09T16:17:59.7186133Z   CARGO_HOME: /home/runner/.cargo
2026-10-09T16:17:59.7186392Z ##[endgroup]
2026-10-09T16:17:59.7272520Z ##[end-action id=__dtolnay_rust-toolchain.__run_6;outcome=success;conclusion=success;duration_ms=17]
2026-10-09T16:17:59.7274891Z ##[start-action display=Enable colors in Cargo output;id=__dtolnay_rust-toolchain.__run_7]
2026-10-09T16:17:59.7296200Z ##[group]Run if [ -z "${CARGO_TERM_COLOR+set}" ]; then
2026-10-09T16:17:59.7296559Z [36;1mif [ -z "${CARGO_TERM_COLOR+set}" ]; then[0m
2026-10-09T16:17:59.7296895Z [36;1m  echo CARGO_TERM_COLOR=always >> $GITHUB_ENV[0m
2026-10-09T16:17:59.7297190Z [36;1mfi[0m
2026-10-09T16:17:59.7355258Z shell: /usr/bin/bash --noprofile --norc -e -o pipefail {0}
2026-10-09T16:17:59.7355607Z env:
2026-10-09T16:17:59.7355809Z   CARGO_TERM_COLOR: always
2026-10-09T16:17:59.7356047Z   RUSTFLAGS: -D warnings
2026-10-09T16:17:59.7356290Z   CARGO_HOME: /home/runner/.cargo
2026-10-09T16:17:59.7356543Z   CARGO_INCREMENTAL: 0
2026-10-09T16:17:59.7356759Z ##[endgroup]
2026-10-09T16:17:59.7437681Z ##[end-action id=__dtolnay_rust-toolchain.__run_7;outcome=success;conclusion=success;duration_ms=16]
2026-10-09T16:17:59.7441451Z ##[start-action display=Enable Cargo sparse registry;id=__dtolnay_rust-toolchain.__run_8]
2026-10-09T16:17:59.7463655Z ##[group]Run # implemented in 1.66, stabilized in 1.68, made default in 1.70
2026-10-09T16:17:59.7464183Z [36;1m# implemented in 1.66, stabilized in 1.68, made default in 1.70[0m
2026-10-09T16:17:59.7464888Z [36;1mif [ -z "${CARGO_REGISTRIES_CRATES_IO_PROTOCOL+set}" -o -f "/home/runner/work/_temp"/.implicit_cargo_registries_crates_io_protocol ]; then[0m
2026-10-09T16:17:59.7465618Z [36;1m  if rustc +"$toolchain" --version --verbose | grep -q '^release: 1\.6[89]\.'; then[0m
2026-10-09T16:17:59.7466230Z [36;1m    touch "/home/runner/work/_temp"/.implicit_cargo_registries_crates_io_protocol || true[0m
2026-10-09T16:17:59.7466788Z [36;1m    echo CARGO_REGISTRIES_CRATES_IO_PROTOCOL=sparse >> $GITHUB_ENV[0m
2026-10-09T16:17:59.7467314Z [36;1m  elif rustc +"$toolchain" --version --verbose | grep -q '^release: 1\.6[67]\.'; then[0m
2026-10-09T16:17:59.7467903Z [36;1m    touch "/home/runner/work/_temp"/.implicit_cargo_registries_crates_io_protocol || true[0m
2026-10-09T16:17:59.7468440Z [36;1m    echo CARGO_REGISTRIES_CRATES_IO_PROTOCOL=git >> $GITHUB_ENV[0m
2026-10-09T16:17:59.7468790Z [36;1m  fi[0m
2026-10-09T16:17:59.7468984Z [36;1mfi[0m
2026-10-09T16:17:59.7524882Z shell: /usr/bin/bash --noprofile --norc -e -o pipefail {0}
2026-10-09T16:17:59.7525216Z env:
2026-10-09T16:17:59.7525415Z   CARGO_TERM_COLOR: always
2026-10-09T16:17:59.7525662Z   RUSTFLAGS: -D warnings
2026-10-09T16:17:59.7525901Z   CARGO_HOME: /home/runner/.cargo
2026-10-09T16:17:59.7526150Z   CARGO_INCREMENTAL: 0
2026-10-09T16:17:59.7526368Z   toolchain: stable
2026-10-09T16:17:59.7526568Z ##[endgroup]
2026-10-09T16:17:59.7853017Z ##[end-action id=__dtolnay_rust-toolchain.__run_8;outcome=success;conclusion=success;duration_ms=41]
2026-10-09T16:17:59.7858240Z ##[start-action display=Work around spurious network errors in curl 8.0;id=__dtolnay_rust-toolchain.__run_9]
2026-10-09T16:17:59.7901063Z ##[group]Run # https://rust-lang.zulipchat.com/#narrow/stream/246057-t-cargo/topic/timeout.20investigation
2026-10-09T16:17:59.7901824Z [36;1m# https://rust-lang.zulipchat.com/#narrow/stream/246057-t-cargo/topic/timeout.20investigation[0m
2026-10-09T16:17:59.7902504Z [36;1mif rustc +"$toolchain" --version --verbose | grep -q '^release: 1\.7[01]\.'; then[0m
2026-10-09T16:17:59.7902977Z [36;1m  echo CARGO_HTTP_MULTIPLEXING=false >> $GITHUB_ENV[0m
2026-10-09T16:17:59.7903291Z [36;1mfi[0m
2026-10-09T16:17:59.7964797Z shell: /usr/bin/bash --noprofile --norc -e -o pipefail {0}
2026-10-09T16:17:59.7965152Z env:
2026-10-09T16:17:59.7965359Z   CARGO_TERM_COLOR: always
2026-10-09T16:17:59.7965606Z   RUSTFLAGS: -D warnings
2026-10-09T16:17:59.7965857Z   CARGO_HOME: /home/runner/.cargo
2026-10-09T16:17:59.7966121Z   CARGO_INCREMENTAL: 0
2026-10-09T16:17:59.7966344Z   toolchain: stable
2026-10-09T16:17:59.7966560Z ##[endgroup]
2026-10-09T16:17:59.8184234Z ##[end-action id=__dtolnay_rust-toolchain.__run_9;outcome=success;conclusion=success;duration_ms=32]
2026-10-09T16:17:59.8190301Z ##[start-action display=rustc +stable --version --verbose;id=__dtolnay_rust-toolchain.__run_10]
2026-10-09T16:17:59.8222238Z ##[group]Run rustc +"$toolchain" --version --verbose
2026-10-09T16:17:59.8222611Z [36;1mrustc +"$toolchain" --version --verbose[0m
2026-10-09T16:17:59.8284240Z shell: /usr/bin/bash --noprofile --norc -e -o pipefail {0}
2026-10-09T16:17:59.8284616Z env:
2026-10-09T16:17:59.8284829Z   CARGO_TERM_COLOR: always
2026-10-09T16:17:59.8285094Z   RUSTFLAGS: -D warnings
2026-10-09T16:17:59.8285362Z   CARGO_HOME: /home/runner/.cargo
2026-10-09T16:17:59.8285639Z   CARGO_INCREMENTAL: 0
2026-10-09T16:17:59.8285881Z   toolchain: stable
2026-10-09T16:17:59.8286106Z ##[endgroup]
2026-10-09T16:17:59.8469413Z rustc 1.99.0 (b940084d7 2026-09-28)
2026-10-09T16:17:59.8470802Z binary: rustc
2026-10-09T16:17:59.8471169Z commit-hash: b940084d7eb6a299eb4bfeb8e34901bc051e7ac4
2026-10-09T16:17:59.8471590Z commit-date: 2026-09-28
2026-10-09T16:17:59.8471895Z host: x86_64-unknown-linux-gnu
2026-10-09T16:17:59.8472199Z release: 1.99.0
2026-10-09T16:17:59.8472910Z LLVM version: 23.1.1
2026-10-09T16:17:59.8492680Z ##[end-action id=__dtolnay_rust-toolchain.__run_10;outcome=success;conclusion=success;duration_ms=30]
2026-10-09T16:17:59.8616164Z ##[group]Run Swatinem/rust-cache@v2
2026-10-09T16:17:59.8616466Z with:
2026-10-09T16:17:59.8616672Z   prefix-key: v0-rust
2026-10-09T16:17:59.8616902Z   add-job-id-key: true
2026-10-09T16:17:59.8617147Z   add-rust-environment-hash-key: true
2026-10-09T16:17:59.8617422Z   cache-targets: true
2026-10-09T16:17:59.8617644Z   cache-all-crates: false
2026-10-09T16:17:59.8617887Z   cache-workspace-crates: false
2026-10-09T16:17:59.8618139Z   save-if: true
2026-10-09T16:17:59.8618349Z   cache-provider: github
2026-10-09T16:17:59.8618575Z   cache-bin: true
2026-10-09T16:17:59.8618780Z   lookup-only: false
2026-10-09T16:17:59.8618986Z   cmd-format: {0}
2026-10-09T16:17:59.8619178Z env:
2026-10-09T16:17:59.8619367Z   CARGO_TERM_COLOR: always
2026-10-09T16:17:59.8619934Z   RUSTFLAGS: -D warnings
2026-10-09T16:17:59.8620185Z   CARGO_HOME: /home/runner/.cargo
2026-10-09T16:17:59.8620451Z   CARGO_INCREMENTAL: 0
2026-10-09T16:17:59.8620657Z ##[endgroup]
2026-10-09T16:18:02.2131732Z ##[group]Cache Configuration
2026-10-09T16:18:02.2132387Z Cache Provider:
2026-10-09T16:18:02.2132876Z     github
2026-10-09T16:18:02.2133321Z Workspaces:
2026-10-09T16:18:02.2133804Z     /home/runner/work/codecortex/codecortex
2026-10-09T16:18:02.2134319Z Cache Paths:
2026-10-09T16:18:02.2134773Z     /home/runner/.cargo/bin
2026-10-09T16:18:02.2135266Z     /home/runner/.cargo/.crates.toml
2026-10-09T16:18:02.2135791Z     /home/runner/.cargo/.crates2.json
2026-10-09T16:18:02.2136311Z     /home/runner/.cargo/registry
2026-10-09T16:18:02.2136922Z     /home/runner/.cargo/git
2026-10-09T16:18:02.2137654Z     /home/runner/work/codecortex/codecortex/target
2026-10-09T16:18:02.2138395Z Restore Key:
2026-10-09T16:18:02.2139330Z     v0-rust-check-Linux-x64-cbcac849
2026-10-09T16:18:02.2140242Z Cache Key:
2026-10-09T16:18:02.2140837Z     v0-rust-check-Linux-x64-cbcac849-015a28e6
2026-10-09T16:18:02.2141558Z .. Prefix:
2026-10-09T16:18:02.2142107Z   - v0-rust-check-Linux-x64
2026-10-09T16:18:02.2142722Z .. Environment considered:
2026-10-09T16:18:02.2143324Z   - Rust Versions:
2026-10-09T16:18:02.2144071Z     - 1.99.0 x86_64-unknown-linux-gnu b940084d7eb6a299eb4bfeb8e34901bc051e7ac4
2026-10-09T16:18:02.2144912Z   - CARGO_HOME
2026-10-09T16:18:02.2145444Z   - CARGO_INCREMENTAL
2026-10-09T16:18:02.2146008Z   - CARGO_TERM_COLOR
2026-10-09T16:18:02.2146386Z   - RUSTFLAGS
2026-10-09T16:18:02.2146726Z .. Lockfiles considered:
2026-10-09T16:18:02.2147163Z   - /home/runner/work/codecortex/codecortex/Cargo.lock
2026-10-09T16:18:02.2147780Z   - /home/runner/work/codecortex/codecortex/crates/cc-db/Cargo.toml
2026-10-09T16:18:02.2148374Z   - /home/runner/work/codecortex/codecortex/crates/cc-eval/Cargo.toml
2026-10-09T16:18:02.2148964Z   - /home/runner/work/codecortex/codecortex/crates/cc-index/Cargo.toml
2026-10-09T16:18:02.2149933Z   - /home/runner/work/codecortex/codecortex/crates/cc-model/Cargo.toml
2026-10-09T16:18:02.2151065Z   - /home/runner/work/codecortex/codecortex/crates/cc-parsers/Cargo.toml
2026-10-09T16:18:02.2151822Z   - /home/runner/work/codecortex/codecortex/crates/cc-search/Cargo.toml
2026-10-09T16:18:02.2152645Z   - /home/runner/work/codecortex/codecortex/crates/cc-semantic/Cargo.toml
2026-10-09T16:18:02.2153447Z   - /home/runner/work/codecortex/codecortex/crates/cc-server/Cargo.toml
2026-10-09T16:18:02.2154472Z ##[endgroup]
2026-10-09T16:18:02.2154776Z 
2026-10-09T16:18:02.2155141Z ... Restoring cache ...
2026-10-09T16:18:02.2909483Z Cache hit for restore-key: v0-rust-check-Linux-x64-cbcac849-14b538d7
2026-10-09T16:18:03.3244128Z Received 234881024 of 554473071 (42.4%), 223.3 MBs/sec
2026-10-09T16:18:04.3352695Z Received 494927872 of 554473071 (89.3%), 234.4 MBs/sec
2026-10-09T16:18:04.6489186Z Received 554473071 of 554473071 (100.0%), 227.2 MBs/sec
2026-10-09T16:18:04.6490221Z Cache Size: ~529 MB (554473071 B)
2026-10-09T16:18:04.6621181Z [command]/usr/bin/tar -xf /home/runner/work/_temp/9f70ebb6-8b3f-41cc-8544-f31fab226bc8/cache.tzst -P -C /home/runner/work/codecortex/codecortex --use-compress-program unzstd
2026-10-09T16:18:08.6916050Z Cache restored successfully
2026-10-09T16:18:08.7530311Z Restored from cache key "v0-rust-check-Linux-x64-cbcac849-14b538d7" full match: false.
2026-10-09T16:18:08.9107343Z ##[group]Run cargo fmt --all -- --check
2026-10-09T16:18:08.9107757Z [36;1mcargo fmt --all -- --check[0m
2026-10-09T16:18:08.9179773Z shell: /usr/bin/bash -e {0}
2026-10-09T16:18:08.9180051Z env:
2026-10-09T16:18:08.9180272Z   CARGO_TERM_COLOR: always
2026-10-09T16:18:08.9180544Z   RUSTFLAGS: -D warnings
2026-10-09T16:18:08.9180803Z   CARGO_HOME: /home/runner/.cargo
2026-10-09T16:18:08.9181077Z   CARGO_INCREMENTAL: 0
2026-10-09T16:18:08.9181318Z   CACHE_ON_FAILURE: false
2026-10-09T16:18:08.9181561Z ##[endgroup]
2026-10-09T16:18:10.4172334Z Diff in /home/runner/work/codecortex/codecortex/crates/cc-eval/src/benchmark/oracle.rs:236:
2026-10-09T16:18:10.4173227Z              }
2026-10-09T16:18:10.4173693Z              let borrowed = BorrowedProjectedRow {
2026-10-09T16:18:10.4174247Z                  cols: self.cols,
2026-10-09T16:18:10.4174964Z -                order: self.serialization_order.as_deref().expect("layout initialized"),
2026-10-09T16:18:10.4175851Z +                order: self
2026-10-09T16:18:10.4176303Z +                    .serialization_order
2026-10-09T16:18:10.4176786Z +                    .as_deref()
2026-10-09T16:18:10.4177267Z +                    .expect("layout initialized"),
2026-10-09T16:18:10.4177795Z                  cells: &cells,
2026-10-09T16:18:10.4178210Z              };
2026-10-09T16:18:10.4185045Z              serde_json::to_string(&borrowed).map_err(Into::into)
2026-10-09T16:18:12.5892425Z ##[error]Process completed with exit code 1.
2026-10-09T16:18:12.6119321Z Post job cleanup.
2026-10-09T16:18:12.6983083Z [command]/usr/bin/git version
2026-10-09T16:18:12.7020549Z git version 2.55.0
2026-10-09T16:18:12.7058064Z Temporarily overriding HOME='/home/runner/work/_temp/233a9f08-16ee-478c-b4cf-7472bc61a1c0' before making global git config changes
2026-10-09T16:18:12.7060402Z Adding repository directory to the temporary git global config as a safe directory
2026-10-09T16:18:12.7063777Z [command]/usr/bin/git config --global --add safe.directory /home/runner/work/codecortex/codecortex
2026-10-09T16:18:12.7101120Z [command]/usr/bin/git config --local --name-only --get-regexp core\.sshCommand
2026-10-09T16:18:12.7134747Z [command]/usr/bin/git submodule foreach --recursive sh -c "git config --local --name-only --get-regexp 'core\.sshCommand' && git config --local --unset-all 'core.sshCommand' || :"
2026-10-09T16:18:12.7391703Z [command]/usr/bin/git config --local --name-only --get-regexp http\.https\:\/\/github\.com\/\.extraheader
2026-10-09T16:18:12.7419980Z http.https://github.com/.extraheader
2026-10-09T16:18:12.7430251Z [command]/usr/bin/git config --local --unset-all http.https://github.com/.extraheader
2026-10-09T16:18:12.7462429Z [command]/usr/bin/git submodule foreach --recursive sh -c "git config --local --name-only --get-regexp 'http\.https\:\/\/github\.com\/\.extraheader' && git config --local --unset-all 'http.https://github.com/.extraheader' || :"
2026-10-09T16:18:12.7711710Z [command]/usr/bin/git config --local --name-only --get-regexp ^includeIf\.gitdir:
2026-10-09T16:18:12.7745012Z [command]/usr/bin/git submodule foreach --recursive git config --local --show-origin --name-only --get-regexp remote.origin.url
2026-10-09T16:18:12.8131465Z Cleaning up orphan processes
2026-10-09T16:18:12.8402104Z ##[warning]Node.js 20 is deprecated. The following actions target Node.js 20 but are being forced to run on Node.js 24: actions/checkout@v4. For more information see: https://github.blog/changelog/2025-09-19-deprecation-of-node-20-on-github-actions-runners/
