    Finished `test` profile [unoptimized + debuginfo] target(s) in 0.14s
     Running tests/python_declaration_public.rs (/workspace/scratch/python-kind/target/debug/deps/python_declaration_public-9f672bb7200389cb)

running 2 tests
test decorated_class_identity_is_proved_without_losing_members ... ok
test split_method_local_function_and_replaced_same_name_have_exact_sql_survivors ... ok

test result: ok. 2 passed; 0 failed; 0 ignored; 0 measured; 0 filtered out; finished in 0.38s

     Running tests/qname_identity_lifecycle.rs (/workspace/scratch/python-kind/target/debug/deps/qname_identity_lifecycle-3d89f4e1b70fd517)

running 7 tests
test owned_v24_cache_rebuilds_and_unchanged_source_is_reparsed_at_v25 ... ok
test missing_association_omits_identity_and_hard_scope_never_crosses_file ... ok
test original_snapshot_disk_rejection_incremental_rename_delete_and_reopen ... ok
test concurrent_incremental_reads_never_attach_a_new_qname_to_an_old_source_snapshot ... ok
test pinned_handle_retries_current_generation_after_real_incremental_publication ... ok
test public_python_nested_decorated_split_methods_and_go_receiver_methods_have_exact_owners ... ok
test persisted_identity_corruption_fails_cold_and_warm_final_hydration ... ok

test result: ok. 7 passed; 0 failed; 0 ignored; 0 measured; 0 filtered out; finished in 2.57s

     Running tests/qname_public_diagnostic.rs (/workspace/scratch/python-kind/target/debug/deps/qname_public_diagnostic-1f066667faa1a42c)

running 1 test
test public_hit_carries_only_exact_indexed_parser_qname ... ok

test result: ok. 1 passed; 0 failed; 0 ignored; 0 measured; 0 filtered out; finished in 0.18s

