2026-10-08T05:50:22.1570804Z Current runner version: '2.337.0'
2026-10-08T05:50:22.1606624Z ##[group]Runner Image Provisioner
2026-10-08T05:50:22.1607964Z Hosted Compute Agent
2026-10-08T05:50:22.1608972Z Version: 20260901.588
2026-10-08T05:50:22.1610086Z Commit: f88ec8081b781fac6c440065ac7ff9e710ce3d0b
2026-10-08T05:50:22.1611370Z Build Date: 2026-09-01T19:56:44Z
2026-10-08T05:50:22.1612506Z Worker ID: {fceca35e-f475-4bfc-9555-49451aa58c4b}
2026-10-08T05:50:22.1614154Z Azure Region: eastus
2026-10-08T05:50:22.1615179Z ##[endgroup]
2026-10-08T05:50:22.1617658Z ##[group]Operating System
2026-10-08T05:50:22.1618641Z Ubuntu
2026-10-08T05:50:22.1619542Z 24.04.5
2026-10-08T05:50:22.1620488Z LTS
2026-10-08T05:50:22.1621447Z ##[endgroup]
2026-10-08T05:50:22.1622358Z ##[group]Runner Image
2026-10-08T05:50:22.1623691Z Image: ubuntu-24.04
2026-10-08T05:50:22.1624737Z Version: 20260927.320.1
2026-10-08T05:50:22.1627444Z Included Software: https://github.com/actions/runner-images/blob/ubuntu24/20260927.320/images/ubuntu/Ubuntu2404-Readme.md
2026-10-08T05:50:22.1630239Z Image Release: https://github.com/actions/runner-images/releases/tag/ubuntu24%2F20260927.320
2026-10-08T05:50:22.1631961Z ##[endgroup]
2026-10-08T05:50:22.1634301Z ##[group]GITHUB_TOKEN Permissions
2026-10-08T05:50:22.1637322Z Actions: read
2026-10-08T05:50:22.1638584Z Contents: read
2026-10-08T05:50:22.1639513Z Metadata: read
2026-10-08T05:50:22.1640381Z ##[endgroup]
2026-10-08T05:50:22.1644811Z Secret source: Actions
2026-10-08T05:50:22.1646620Z Cache mode: write
2026-10-08T05:50:22.1648253Z Prepare workflow directory
2026-10-08T05:50:22.2230125Z Prepare all required actions
2026-10-08T05:50:22.2302526Z Getting action download info
2026-10-08T05:50:22.4107916Z Download action repository 'actions/checkout@v4' (SHA:11d5960a326750d5838078e36cf38b85af677262)
2026-10-08T05:50:22.6052520Z Complete job name: export-completed-output (3)
2026-10-08T05:50:22.7024081Z ##[group]Run actions/checkout@v4
2026-10-08T05:50:22.7025168Z with:
2026-10-08T05:50:22.7025851Z   sparse-checkout: artifacts/checkpoints/p7-final-acceptance-20261008/ci-audit
2026-10-08T05:50:22.7026705Z   repository: jyqj/codecortex
2026-10-08T05:50:22.7030774Z   token: ***
2026-10-08T05:50:22.7031215Z   ssh-strict: true
2026-10-08T05:50:22.7031658Z   ssh-user: git
2026-10-08T05:50:22.7032110Z   persist-credentials: true
2026-10-08T05:50:22.7032611Z   clean: true
2026-10-08T05:50:22.7033304Z   sparse-checkout-cone-mode: true
2026-10-08T05:50:22.7033846Z   fetch-depth: 1
2026-10-08T05:50:22.7034297Z   fetch-tags: false
2026-10-08T05:50:22.7034747Z   show-progress: true
2026-10-08T05:50:22.7035296Z   lfs: false
2026-10-08T05:50:22.7035726Z   submodules: false
2026-10-08T05:50:22.7036191Z   set-safe-directory: true
2026-10-08T05:50:22.7036712Z   allow-unsafe-pr-checkout: false
2026-10-08T05:50:22.7037513Z env:
2026-10-08T05:50:22.7037960Z   PYTHONDONTWRITEBYTECODE: 1
2026-10-08T05:50:22.7038569Z   PYTHONOPTIMIZE: 0
2026-10-08T05:50:22.7039017Z ##[endgroup]
2026-10-08T05:50:22.8095676Z Syncing repository: jyqj/codecortex
2026-10-08T05:50:22.8097565Z ##[group]Getting Git version info
2026-10-08T05:50:22.8098348Z Working directory is '/home/runner/work/codecortex/codecortex'
2026-10-08T05:50:22.8099716Z [command]/usr/bin/git version
2026-10-08T05:50:22.8190637Z git version 2.55.0
2026-10-08T05:50:22.8215060Z ##[endgroup]
2026-10-08T05:50:22.8231421Z Temporarily overriding HOME='/home/runner/work/_temp/69d6c4f6-3f02-4a98-8222-d54603b6ce5b' before making global git config changes
2026-10-08T05:50:22.8234051Z Adding repository directory to the temporary git global config as a safe directory
2026-10-08T05:50:22.8237963Z [command]/usr/bin/git config --global --add safe.directory /home/runner/work/codecortex/codecortex
2026-10-08T05:50:22.8293116Z Deleting the contents of '/home/runner/work/codecortex/codecortex'
2026-10-08T05:50:22.8298118Z ##[group]Initializing the repository
2026-10-08T05:50:22.8304168Z [command]/usr/bin/git init /home/runner/work/codecortex/codecortex
2026-10-08T05:50:22.8430042Z hint: Using 'master' as the name for the initial branch. This default branch name
2026-10-08T05:50:22.8431940Z hint: will change to "main" in Git 3.0. To configure the initial branch name
2026-10-08T05:50:22.8433458Z hint: to use in all of your new repositories, which will suppress this warning,
2026-10-08T05:50:22.8434854Z hint: call:
2026-10-08T05:50:22.8435358Z hint:
2026-10-08T05:50:22.8435979Z hint: 	git config --global init.defaultBranch <name>
2026-10-08T05:50:22.8436754Z hint:
2026-10-08T05:50:22.8437467Z hint: Names commonly chosen instead of 'master' are 'main', 'trunk' and
2026-10-08T05:50:22.8438645Z hint: 'development'. The just-created branch can be renamed via this command:
2026-10-08T05:50:22.8439633Z hint:
2026-10-08T05:50:22.8440294Z hint: 	git branch -m <name>
2026-10-08T05:50:22.8440885Z hint:
2026-10-08T05:50:22.8441681Z hint: Disable this message with "git config set advice.defaultBranchName false"
2026-10-08T05:50:22.8443482Z Initialized empty Git repository in /home/runner/work/codecortex/codecortex/.git/
2026-10-08T05:50:22.8446433Z [command]/usr/bin/git remote add origin https://github.com/jyqj/codecortex
2026-10-08T05:50:22.8499636Z ##[endgroup]
2026-10-08T05:50:22.8500446Z ##[group]Disabling automatic garbage collection
2026-10-08T05:50:22.8503728Z [command]/usr/bin/git config --local gc.auto 0
2026-10-08T05:50:22.8535123Z ##[endgroup]
2026-10-08T05:50:22.8535876Z ##[group]Setting up auth
2026-10-08T05:50:22.8542100Z [command]/usr/bin/git config --local --name-only --get-regexp core\.sshCommand
2026-10-08T05:50:22.8574077Z [command]/usr/bin/git submodule foreach --recursive sh -c "git config --local --name-only --get-regexp 'core\.sshCommand' && git config --local --unset-all 'core.sshCommand' || :"
2026-10-08T05:50:22.8938567Z [command]/usr/bin/git config --local --name-only --get-regexp http\.https\:\/\/github\.com\/\.extraheader
2026-10-08T05:50:22.8970609Z [command]/usr/bin/git submodule foreach --recursive sh -c "git config --local --name-only --get-regexp 'http\.https\:\/\/github\.com\/\.extraheader' && git config --local --unset-all 'http.https://github.com/.extraheader' || :"
2026-10-08T05:50:22.9200224Z [command]/usr/bin/git config --local --name-only --get-regexp ^includeIf\.gitdir:
2026-10-08T05:50:22.9233238Z [command]/usr/bin/git submodule foreach --recursive git config --local --show-origin --name-only --get-regexp remote.origin.url
2026-10-08T05:50:22.9457237Z [command]/usr/bin/git config --local http.https://github.com/.extraheader AUTHORIZATION: basic ***
2026-10-08T05:50:22.9494758Z ##[endgroup]
2026-10-08T05:50:22.9495604Z ##[group]Fetching the repository
2026-10-08T05:50:22.9504520Z [command]/usr/bin/git -c protocol.version=2 fetch --no-tags --prune --no-recurse-submodules --filter=blob:none --depth=1 origin +ff3f7e5aa517530fc5580b44872b788008590932:refs/remotes/origin/work/p7-audit-996727-20261008
2026-10-08T05:50:23.2144579Z From https://github.com/jyqj/codecortex
2026-10-08T05:50:23.2146205Z  * [new ref]         ff3f7e5aa517530fc5580b44872b788008590932 -> origin/work/p7-audit-996727-20261008
2026-10-08T05:50:23.2150015Z ##[endgroup]
2026-10-08T05:50:23.2150915Z ##[group]Determining the checkout info
2026-10-08T05:50:23.2152014Z ##[endgroup]
2026-10-08T05:50:23.2153372Z ##[group]Setting up sparse checkout
2026-10-08T05:50:23.2158698Z [command]/usr/bin/git sparse-checkout set artifacts/checkpoints/p7-final-acceptance-20261008/ci-audit
2026-10-08T05:50:23.2212210Z ##[endgroup]
2026-10-08T05:50:23.2213413Z ##[group]Checking out the ref
2026-10-08T05:50:23.2218934Z [command]/usr/bin/git checkout --progress --force -B work/p7-audit-996727-20261008 refs/remotes/origin/work/p7-audit-996727-20261008
2026-10-08T05:50:24.0520968Z Switched to a new branch 'work/p7-audit-996727-20261008'
2026-10-08T05:50:24.0528851Z branch 'work/p7-audit-996727-20261008' set up to track 'origin/work/p7-audit-996727-20261008'.
2026-10-08T05:50:24.0540072Z ##[endgroup]
2026-10-08T05:50:24.0591721Z [command]/usr/bin/git log -1 --format=%H
2026-10-08T05:50:24.0615406Z ff3f7e5aa517530fc5580b44872b788008590932
2026-10-08T05:50:24.0903511Z ##[group]Run python3 artifacts/checkpoints/p7-final-acceptance-20261008/ci-audit/export_completed_finalization.py \
2026-10-08T05:50:24.0907856Z [36;1mpython3 artifacts/checkpoints/p7-final-acceptance-20261008/ci-audit/export_completed_finalization.py \[0m
2026-10-08T05:50:24.0910825Z [36;1m  --part 3 --output "$RUNNER_TEMP/finalization-part-3"[0m
2026-10-08T05:50:24.1206685Z shell: /usr/bin/bash -e {0}
2026-10-08T05:50:24.1208027Z env:
2026-10-08T05:50:24.1209066Z   PYTHONDONTWRITEBYTECODE: 1
2026-10-08T05:50:24.1210312Z   PYTHONOPTIMIZE: 0
2026-10-08T05:50:24.1223374Z   GH_TOKEN: ***
2026-10-08T05:50:24.1224390Z ##[endgroup]
2026-10-08T05:50:24.8375026Z Traceback (most recent call last):
2026-10-08T05:50:24.8376593Z   File "/home/runner/work/codecortex/codecortex/artifacts/checkpoints/p7-final-acceptance-20261008/ci-audit/export_completed_finalization.py", line 62, in <module>
2026-10-08T05:50:24.8378214Z     assert len(rows) == 288, "unexpected completed finalization file inventory"
2026-10-08T05:50:24.8378841Z            ^^^^^^^^^^^^^^^^
2026-10-08T05:50:24.8379402Z AssertionError: unexpected completed finalization file inventory
2026-10-08T05:50:24.8586680Z ##[error]Process completed with exit code 1.
2026-10-08T05:50:24.8737334Z Post job cleanup.
2026-10-08T05:50:24.9600471Z [command]/usr/bin/git version
2026-10-08T05:50:24.9639275Z git version 2.55.0
2026-10-08T05:50:24.9678266Z Temporarily overriding HOME='/home/runner/work/_temp/e6f75ece-2919-46c4-a47b-208e661d73a3' before making global git config changes
2026-10-08T05:50:24.9679676Z Adding repository directory to the temporary git global config as a safe directory
2026-10-08T05:50:24.9684663Z [command]/usr/bin/git config --global --add safe.directory /home/runner/work/codecortex/codecortex
2026-10-08T05:50:24.9725371Z [command]/usr/bin/git config --local --name-only --get-regexp core\.sshCommand
2026-10-08T05:50:24.9760326Z [command]/usr/bin/git submodule foreach --recursive sh -c "git config --local --name-only --get-regexp 'core\.sshCommand' && git config --local --unset-all 'core.sshCommand' || :"
2026-10-08T05:50:25.0017101Z [command]/usr/bin/git config --local --name-only --get-regexp http\.https\:\/\/github\.com\/\.extraheader
2026-10-08T05:50:25.0046016Z http.https://github.com/.extraheader
2026-10-08T05:50:25.0058027Z [command]/usr/bin/git config --local --unset-all http.https://github.com/.extraheader
2026-10-08T05:50:25.0093237Z [command]/usr/bin/git submodule foreach --recursive sh -c "git config --local --name-only --get-regexp 'http\.https\:\/\/github\.com\/\.extraheader' && git config --local --unset-all 'http.https://github.com/.extraheader' || :"
2026-10-08T05:50:25.0338488Z [command]/usr/bin/git config --local --name-only --get-regexp ^includeIf\.gitdir:
2026-10-08T05:50:25.0372422Z [command]/usr/bin/git submodule foreach --recursive git config --local --show-origin --name-only --get-regexp remote.origin.url
2026-10-08T05:50:25.0806991Z Cleaning up orphan processes
2026-10-08T05:50:25.1176093Z ##[warning]Node.js 20 is deprecated. The following actions target Node.js 20 but are being forced to run on Node.js 24: actions/checkout@v4. For more information see: https://github.blog/changelog/2025-09-19-deprecation-of-node-20-on-github-actions-runners/
