2026-10-08T05:50:23.0747796Z Current runner version: '2.337.0'
2026-10-08T05:50:23.0774946Z ##[group]Runner Image Provisioner
2026-10-08T05:50:23.0775848Z Hosted Compute Agent
2026-10-08T05:50:23.0776511Z Version: 20261002.596
2026-10-08T05:50:23.0777171Z Commit: c3d12f3313a95f25162a1503be624f3b0617f8c0
2026-10-08T05:50:23.0777860Z Build Date: 2026-10-02T22:28:27Z
2026-10-08T05:50:23.0778608Z Worker ID: {cded68fb-5bb7-4d28-9abc-9d5171643b4a}
2026-10-08T05:50:23.0779313Z Region: westus
2026-10-08T05:50:23.0779891Z Cloud: Azure
2026-10-08T05:50:23.0780514Z ##[endgroup]
2026-10-08T05:50:23.0782120Z ##[group]Operating System
2026-10-08T05:50:23.0783241Z Ubuntu
2026-10-08T05:50:23.0783891Z 24.04.5
2026-10-08T05:50:23.0784447Z LTS
2026-10-08T05:50:23.0785006Z ##[endgroup]
2026-10-08T05:50:23.0785703Z ##[group]Runner Image
2026-10-08T05:50:23.0786363Z Image: ubuntu-24.04
2026-10-08T05:50:23.0786930Z Version: 20261004.327.1
2026-10-08T05:50:23.0788319Z Included Software: https://github.com/actions/runner-images/blob/ubuntu24/20261004.327/images/ubuntu/Ubuntu2404-Readme.md
2026-10-08T05:50:23.0789861Z Image Release: https://github.com/actions/runner-images/releases/tag/ubuntu24%2F20261004.327
2026-10-08T05:50:23.0790856Z ##[endgroup]
2026-10-08T05:50:23.0792476Z ##[group]GITHUB_TOKEN Permissions
2026-10-08T05:50:23.0795124Z Actions: read
2026-10-08T05:50:23.0795760Z Contents: read
2026-10-08T05:50:23.0796410Z Metadata: read
2026-10-08T05:50:23.0796950Z ##[endgroup]
2026-10-08T05:50:23.0799239Z Secret source: Actions
2026-10-08T05:50:23.0800193Z Cache mode: write
2026-10-08T05:50:23.0800962Z Prepare workflow directory
2026-10-08T05:50:23.1269619Z Prepare all required actions
2026-10-08T05:50:23.1318693Z Getting action download info
2026-10-08T05:50:23.4595113Z Download action repository 'actions/checkout@v4' (SHA:11d5960a326750d5838078e36cf38b85af677262)
2026-10-08T05:50:23.6395918Z Complete job name: export-completed-output (0)
2026-10-08T05:50:23.7292920Z ##[group]Run actions/checkout@v4
2026-10-08T05:50:23.7293874Z with:
2026-10-08T05:50:23.7294593Z   sparse-checkout: artifacts/checkpoints/p7-final-acceptance-20261008/ci-audit
2026-10-08T05:50:23.7295403Z   repository: jyqj/codecortex
2026-10-08T05:50:23.7299478Z   token: ***
2026-10-08T05:50:23.7299920Z   ssh-strict: true
2026-10-08T05:50:23.7300360Z   ssh-user: git
2026-10-08T05:50:23.7300811Z   persist-credentials: true
2026-10-08T05:50:23.7301306Z   clean: true
2026-10-08T05:50:23.7301755Z   sparse-checkout-cone-mode: true
2026-10-08T05:50:23.7302284Z   fetch-depth: 1
2026-10-08T05:50:23.7302896Z   fetch-tags: false
2026-10-08T05:50:23.7303361Z   show-progress: true
2026-10-08T05:50:23.7303818Z   lfs: false
2026-10-08T05:50:23.7304240Z   submodules: false
2026-10-08T05:50:23.7304714Z   set-safe-directory: true
2026-10-08T05:50:23.7305233Z   allow-unsafe-pr-checkout: false
2026-10-08T05:50:23.7306013Z env:
2026-10-08T05:50:23.7306459Z   PYTHONDONTWRITEBYTECODE: 1
2026-10-08T05:50:23.7307020Z   PYTHONOPTIMIZE: 0
2026-10-08T05:50:23.7307467Z ##[endgroup]
2026-10-08T05:50:23.8357940Z Syncing repository: jyqj/codecortex
2026-10-08T05:50:23.8360251Z ##[group]Getting Git version info
2026-10-08T05:50:23.8361030Z Working directory is '/home/runner/work/codecortex/codecortex'
2026-10-08T05:50:23.8362066Z [command]/usr/bin/git version
2026-10-08T05:50:23.8454787Z git version 2.55.0
2026-10-08T05:50:23.8477867Z ##[endgroup]
2026-10-08T05:50:23.8494410Z Temporarily overriding HOME='/home/runner/work/_temp/4f6b6980-7780-4cc6-b50b-27c494724e1e' before making global git config changes
2026-10-08T05:50:23.8496012Z Adding repository directory to the temporary git global config as a safe directory
2026-10-08T05:50:23.8499384Z [command]/usr/bin/git config --global --add safe.directory /home/runner/work/codecortex/codecortex
2026-10-08T05:50:23.8553577Z Deleting the contents of '/home/runner/work/codecortex/codecortex'
2026-10-08T05:50:23.8558257Z ##[group]Initializing the repository
2026-10-08T05:50:23.8562521Z [command]/usr/bin/git init /home/runner/work/codecortex/codecortex
2026-10-08T05:50:23.8681683Z hint: Using 'master' as the name for the initial branch. This default branch name
2026-10-08T05:50:23.8684323Z hint: will change to "main" in Git 3.0. To configure the initial branch name
2026-10-08T05:50:23.8685988Z hint: to use in all of your new repositories, which will suppress this warning,
2026-10-08T05:50:23.8687071Z hint: call:
2026-10-08T05:50:23.8687874Z hint:
2026-10-08T05:50:23.8688506Z hint: 	git config --global init.defaultBranch <name>
2026-10-08T05:50:23.8689145Z hint:
2026-10-08T05:50:23.8689741Z hint: Names commonly chosen instead of 'master' are 'main', 'trunk' and
2026-10-08T05:50:23.8691206Z hint: 'development'. The just-created branch can be renamed via this command:
2026-10-08T05:50:23.8692245Z hint:
2026-10-08T05:50:23.8693221Z hint: 	git branch -m <name>
2026-10-08T05:50:23.8693743Z hint:
2026-10-08T05:50:23.8694421Z hint: Disable this message with "git config set advice.defaultBranchName false"
2026-10-08T05:50:23.8695483Z Initialized empty Git repository in /home/runner/work/codecortex/codecortex/.git/
2026-10-08T05:50:23.8698207Z [command]/usr/bin/git remote add origin https://github.com/jyqj/codecortex
2026-10-08T05:50:23.8747807Z ##[endgroup]
2026-10-08T05:50:23.8748607Z ##[group]Disabling automatic garbage collection
2026-10-08T05:50:23.8751776Z [command]/usr/bin/git config --local gc.auto 0
2026-10-08T05:50:23.8783578Z ##[endgroup]
2026-10-08T05:50:23.8784362Z ##[group]Setting up auth
2026-10-08T05:50:23.8790085Z [command]/usr/bin/git config --local --name-only --get-regexp core\.sshCommand
2026-10-08T05:50:23.8824084Z [command]/usr/bin/git submodule foreach --recursive sh -c "git config --local --name-only --get-regexp 'core\.sshCommand' && git config --local --unset-all 'core.sshCommand' || :"
2026-10-08T05:50:23.9178363Z [command]/usr/bin/git config --local --name-only --get-regexp http\.https\:\/\/github\.com\/\.extraheader
2026-10-08T05:50:23.9213290Z [command]/usr/bin/git submodule foreach --recursive sh -c "git config --local --name-only --get-regexp 'http\.https\:\/\/github\.com\/\.extraheader' && git config --local --unset-all 'http.https://github.com/.extraheader' || :"
2026-10-08T05:50:23.9440671Z [command]/usr/bin/git config --local --name-only --get-regexp ^includeIf\.gitdir:
2026-10-08T05:50:23.9475728Z [command]/usr/bin/git submodule foreach --recursive git config --local --show-origin --name-only --get-regexp remote.origin.url
2026-10-08T05:50:23.9704549Z [command]/usr/bin/git config --local http.https://github.com/.extraheader AUTHORIZATION: basic ***
2026-10-08T05:50:23.9740082Z ##[endgroup]
2026-10-08T05:50:23.9740955Z ##[group]Fetching the repository
2026-10-08T05:50:23.9749728Z [command]/usr/bin/git -c protocol.version=2 fetch --no-tags --prune --no-recurse-submodules --filter=blob:none --depth=1 origin +ff3f7e5aa517530fc5580b44872b788008590932:refs/remotes/origin/work/p7-audit-996727-20261008
2026-10-08T05:50:24.5250580Z From https://github.com/jyqj/codecortex
2026-10-08T05:50:24.5252502Z  * [new ref]         ff3f7e5aa517530fc5580b44872b788008590932 -> origin/work/p7-audit-996727-20261008
2026-10-08T05:50:24.5256337Z ##[endgroup]
2026-10-08T05:50:24.5257668Z ##[group]Determining the checkout info
2026-10-08T05:50:24.5259276Z ##[endgroup]
2026-10-08T05:50:24.5260724Z ##[group]Setting up sparse checkout
2026-10-08T05:50:24.5266506Z [command]/usr/bin/git sparse-checkout set artifacts/checkpoints/p7-final-acceptance-20261008/ci-audit
2026-10-08T05:50:24.5313543Z ##[endgroup]
2026-10-08T05:50:24.5314811Z ##[group]Checking out the ref
2026-10-08T05:50:24.5319589Z [command]/usr/bin/git checkout --progress --force -B work/p7-audit-996727-20261008 refs/remotes/origin/work/p7-audit-996727-20261008
2026-10-08T05:50:25.7347806Z Updating files:   1% (1/57)
2026-10-08T05:50:25.7365858Z Updating files:   3% (2/57)
2026-10-08T05:50:25.7367291Z Updating files:   5% (3/57)
2026-10-08T05:50:25.7368625Z Updating files:   7% (4/57)
2026-10-08T05:50:25.7369980Z Updating files:   8% (5/57)
2026-10-08T05:50:25.7371283Z Updating files:  10% (6/57)
2026-10-08T05:50:25.7372620Z Updating files:  12% (7/57)
2026-10-08T05:50:25.7374549Z Updating files:  14% (8/57)
2026-10-08T05:50:25.7375847Z Updating files:  15% (9/57)
2026-10-08T05:50:25.7377157Z Updating files:  17% (10/57)
2026-10-08T05:50:25.7378449Z Updating files:  19% (11/57)
2026-10-08T05:50:25.7379744Z Updating files:  21% (12/57)
2026-10-08T05:50:25.7381106Z Updating files:  22% (13/57)
2026-10-08T05:50:25.7422298Z Updating files:  24% (14/57)
2026-10-08T05:50:25.7424443Z Updating files:  26% (15/57)
2026-10-08T05:50:25.7426214Z Updating files:  28% (16/57)
2026-10-08T05:50:25.7427765Z Updating files:  29% (17/57)
2026-10-08T05:50:25.7429221Z Updating files:  31% (18/57)
2026-10-08T05:50:25.7434667Z Updating files:  33% (19/57)
2026-10-08T05:50:25.7435690Z Updating files:  35% (20/57)
2026-10-08T05:50:25.7436690Z Updating files:  36% (21/57)
2026-10-08T05:50:25.7447421Z Updating files:  38% (22/57)
2026-10-08T05:50:25.7449291Z Updating files:  40% (23/57)
2026-10-08T05:50:25.7454480Z Updating files:  42% (24/57)
2026-10-08T05:50:25.7455999Z Updating files:  43% (25/57)
2026-10-08T05:50:25.7457289Z Updating files:  45% (26/57)
2026-10-08T05:50:25.7485267Z Updating files:  47% (27/57)
2026-10-08T05:50:25.7487456Z Updating files:  49% (28/57)
2026-10-08T05:50:25.7489050Z Updating files:  50% (29/57)
2026-10-08T05:50:25.7490770Z Updating files:  52% (30/57)
2026-10-08T05:50:25.7668244Z Updating files:  54% (31/57)
2026-10-08T05:50:25.7670292Z Updating files:  56% (32/57)
2026-10-08T05:50:25.7672272Z Updating files:  57% (33/57)
2026-10-08T05:50:25.7674591Z Updating files:  59% (34/57)
2026-10-08T05:50:25.7676503Z Updating files:  61% (35/57)
2026-10-08T05:50:25.7678530Z Updating files:  63% (36/57)
2026-10-08T05:50:25.7680498Z Updating files:  64% (37/57)
2026-10-08T05:50:25.7682389Z Updating files:  66% (38/57)
2026-10-08T05:50:25.7684628Z Updating files:  68% (39/57)
2026-10-08T05:50:25.7686471Z Updating files:  70% (40/57)
2026-10-08T05:50:25.7688674Z Updating files:  71% (41/57)
2026-10-08T05:50:25.7690585Z Updating files:  73% (42/57)
2026-10-08T05:50:25.7692548Z Updating files:  75% (43/57)
2026-10-08T05:50:25.7701526Z Updating files:  77% (44/57)
2026-10-08T05:50:25.7703618Z Updating files:  78% (45/57)
2026-10-08T05:50:25.7705383Z Updating files:  80% (46/57)
2026-10-08T05:50:25.7707112Z Updating files:  82% (47/57)
2026-10-08T05:50:25.7708866Z Updating files:  84% (48/57)
2026-10-08T05:50:25.7710601Z Updating files:  85% (49/57)
2026-10-08T05:50:25.7712311Z Updating files:  87% (50/57)
2026-10-08T05:50:25.7714226Z Updating files:  89% (51/57)
2026-10-08T05:50:25.7715947Z Updating files:  91% (52/57)
2026-10-08T05:50:25.7721704Z Updating files:  92% (53/57)
2026-10-08T05:50:25.7723884Z Updating files:  94% (54/57)
2026-10-08T05:50:25.7731376Z Updating files:  96% (55/57)
2026-10-08T05:50:25.7733500Z Updating files:  98% (56/57)
2026-10-08T05:50:25.7735353Z Updating files: 100% (57/57)
2026-10-08T05:50:25.7737180Z Updating files: 100% (57/57), done.
2026-10-08T05:50:25.7893624Z Switched to a new branch 'work/p7-audit-996727-20261008'
2026-10-08T05:50:25.7900933Z branch 'work/p7-audit-996727-20261008' set up to track 'origin/work/p7-audit-996727-20261008'.
2026-10-08T05:50:25.7913690Z ##[endgroup]
2026-10-08T05:50:25.7953803Z [command]/usr/bin/git log -1 --format=%H
2026-10-08T05:50:25.7976536Z ff3f7e5aa517530fc5580b44872b788008590932
2026-10-08T05:50:25.8249922Z ##[group]Run python3 artifacts/checkpoints/p7-final-acceptance-20261008/ci-audit/export_completed_finalization.py \
2026-10-08T05:50:25.8254090Z [36;1mpython3 artifacts/checkpoints/p7-final-acceptance-20261008/ci-audit/export_completed_finalization.py \[0m
2026-10-08T05:50:25.8256990Z [36;1m  --part 0 --output "$RUNNER_TEMP/finalization-part-0"[0m
2026-10-08T05:50:25.8515467Z shell: /usr/bin/bash -e {0}
2026-10-08T05:50:25.8516719Z env:
2026-10-08T05:50:25.8517732Z   PYTHONDONTWRITEBYTECODE: 1
2026-10-08T05:50:25.8519013Z   PYTHONOPTIMIZE: 0
2026-10-08T05:50:25.8530894Z   GH_TOKEN: ***
2026-10-08T05:50:25.8531838Z ##[endgroup]
2026-10-08T05:50:27.8992309Z Traceback (most recent call last):
2026-10-08T05:50:27.8994855Z   File "/home/runner/work/codecortex/codecortex/artifacts/checkpoints/p7-final-acceptance-20261008/ci-audit/export_completed_finalization.py", line 62, in <module>
2026-10-08T05:50:27.8996609Z     assert len(rows) == 288, "unexpected completed finalization file inventory"
2026-10-08T05:50:27.8997328Z            ^^^^^^^^^^^^^^^^
2026-10-08T05:50:27.8997888Z AssertionError: unexpected completed finalization file inventory
2026-10-08T05:50:27.9190429Z ##[error]Process completed with exit code 1.
2026-10-08T05:50:27.9345573Z Post job cleanup.
2026-10-08T05:50:28.0281049Z [command]/usr/bin/git version
2026-10-08T05:50:28.0320115Z git version 2.55.0
2026-10-08T05:50:28.0358138Z Temporarily overriding HOME='/home/runner/work/_temp/8565f05d-3c26-47ba-8f90-a69c02179854' before making global git config changes
2026-10-08T05:50:28.0359845Z Adding repository directory to the temporary git global config as a safe directory
2026-10-08T05:50:28.0364099Z [command]/usr/bin/git config --global --add safe.directory /home/runner/work/codecortex/codecortex
2026-10-08T05:50:28.0401243Z [command]/usr/bin/git config --local --name-only --get-regexp core\.sshCommand
2026-10-08T05:50:28.0434962Z [command]/usr/bin/git submodule foreach --recursive sh -c "git config --local --name-only --get-regexp 'core\.sshCommand' && git config --local --unset-all 'core.sshCommand' || :"
2026-10-08T05:50:28.0689738Z [command]/usr/bin/git config --local --name-only --get-regexp http\.https\:\/\/github\.com\/\.extraheader
2026-10-08T05:50:28.0716978Z http.https://github.com/.extraheader
2026-10-08T05:50:28.0728064Z [command]/usr/bin/git config --local --unset-all http.https://github.com/.extraheader
2026-10-08T05:50:28.0761715Z [command]/usr/bin/git submodule foreach --recursive sh -c "git config --local --name-only --get-regexp 'http\.https\:\/\/github\.com\/\.extraheader' && git config --local --unset-all 'http.https://github.com/.extraheader' || :"
2026-10-08T05:50:28.1002028Z [command]/usr/bin/git config --local --name-only --get-regexp ^includeIf\.gitdir:
2026-10-08T05:50:28.1039505Z [command]/usr/bin/git submodule foreach --recursive git config --local --show-origin --name-only --get-regexp remote.origin.url
2026-10-08T05:50:28.1437633Z Cleaning up orphan processes
2026-10-08T05:50:28.1740290Z ##[warning]Node.js 20 is deprecated. The following actions target Node.js 20 but are being forced to run on Node.js 24: actions/checkout@v4. For more information see: https://github.blog/changelog/2025-09-19-deprecation-of-node-20-on-github-actions-runners/
