2026-10-09T05:42:30.0659132Z Current runner version: '2.337.0'
2026-10-09T05:42:30.0684702Z ##[group]Runner Image Provisioner
2026-10-09T05:42:30.0685566Z Hosted Compute Agent
2026-10-09T05:42:30.0686278Z Version: 20261002.596
2026-10-09T05:42:30.0686940Z Commit: c3d12f3313a95f25162a1503be624f3b0617f8c0
2026-10-09T05:42:30.0687666Z Build Date: 2026-10-02T22:28:27Z
2026-10-09T05:42:30.0688424Z Worker ID: {31fbd806-43b0-451f-a57f-a0b8ef3b4708}
2026-10-09T05:42:30.0689151Z Region: northcentralus
2026-10-09T05:42:30.0689897Z Cloud: Azure
2026-10-09T05:42:30.0690455Z ##[endgroup]
2026-10-09T05:42:30.0691891Z ##[group]Operating System
2026-10-09T05:42:30.0692643Z Ubuntu
2026-10-09T05:42:30.0693220Z 24.04.5
2026-10-09T05:42:30.0694158Z LTS
2026-10-09T05:42:30.0694814Z ##[endgroup]
2026-10-09T05:42:30.0695425Z ##[group]Runner Image
2026-10-09T05:42:30.0696062Z Image: ubuntu-24.04
2026-10-09T05:42:30.0696665Z Version: 20261004.327.1
2026-10-09T05:42:30.0698038Z Included Software: https://github.com/actions/runner-images/blob/ubuntu24/20261004.327/images/ubuntu/Ubuntu2404-Readme.md
2026-10-09T05:42:30.0699677Z Image Release: https://github.com/actions/runner-images/releases/tag/ubuntu24%2F20261004.327
2026-10-09T05:42:30.0700720Z ##[endgroup]
2026-10-09T05:42:30.0701904Z ##[group]GITHUB_TOKEN Permissions
2026-10-09T05:42:30.0705005Z Contents: read
2026-10-09T05:42:30.0705638Z Metadata: read
2026-10-09T05:42:30.0706191Z ##[endgroup]
2026-10-09T05:42:30.0708343Z Secret source: Actions
2026-10-09T05:42:30.0709306Z Cache mode: write
2026-10-09T05:42:30.0710612Z Prepare workflow directory
2026-10-09T05:42:30.1129710Z Prepare all required actions
2026-10-09T05:42:30.1178911Z Getting action download info
2026-10-09T05:42:30.3810413Z Download action repository 'actions/checkout@v4' (SHA:11d5960a326750d5838078e36cf38b85af677262)
2026-10-09T05:42:30.5096899Z Download action repository 'dtolnay/rust-toolchain@stable' (SHA:686976e191b89faba57d3206551f0f330d8cb249)
2026-10-09T05:42:30.6453522Z Download action repository 'actions/upload-artifact@v4' (SHA:ea165f8d65b6e75b540449e92b4886f43607fa02)
2026-10-09T05:42:30.8910779Z Complete job name: Supervisor observation (ubuntu-latest)
2026-10-09T05:42:30.9645349Z ##[group]Run python3 -B - <<'PY'
2026-10-09T05:42:30.9646456Z [36;1mpython3 -B - <<'PY'[0m
2026-10-09T05:42:30.9647479Z [36;1mimport datetime, json, os, pathlib, platform[0m
2026-10-09T05:42:30.9648751Z [36;1mroot = pathlib.Path(os.environ['RUNNER_TEMP']) / ([0m
2026-10-09T05:42:30.9650182Z [36;1m    'p8-mac-supervisor-diagnosis-' + os.environ['GITHUB_RUN_ID'][0m
2026-10-09T05:42:30.9651590Z [36;1m    + '-attempt' + os.environ['GITHUB_RUN_ATTEMPT'])[0m
2026-10-09T05:42:30.9652709Z [36;1mroot.mkdir()[0m
2026-10-09T05:42:30.9653535Z [36;1m(root / 'run').mkdir()[0m
2026-10-09T05:42:30.9654695Z [36;1mreceipt = {[0m
2026-10-09T05:42:30.9655715Z [36;1m    'schema': 'p8-mac-supervisor-workflow-start-v1',[0m
2026-10-09T05:42:30.9656955Z [36;1m    'status': 'initialized_not_executed',[0m
2026-10-09T05:42:30.9658404Z [36;1m    'recorded_at_utc': datetime.datetime.now(datetime.timezone.utc).isoformat(),[0m
2026-10-09T05:42:30.9660110Z [36;1m    'expected_source': 'a23bb72d3c954f385b99fe81ce9189885c208557',[0m
2026-10-09T05:42:30.9661527Z [36;1m    'controller_commit': os.environ['GITHUB_SHA'],[0m
2026-10-09T05:42:30.9662679Z [36;1m    'platform': platform.platform(),[0m
2026-10-09T05:42:30.9664085Z [36;1m    'metadata': {key: os.environ.get(key) for key in ([0m
2026-10-09T05:42:30.9665472Z [36;1m        'GITHUB_REPOSITORY', 'GITHUB_RUN_ID', 'GITHUB_RUN_ATTEMPT',[0m
2026-10-09T05:42:30.9666919Z [36;1m        'RUNNER_OS', 'RUNNER_ARCH', 'RUNNER_ENVIRONMENT',[0m
2026-10-09T05:42:30.9667974Z [36;1m        'ImageOS', 'ImageVersion', 'SDKROOT', 'DEVELOPER_DIR')},[0m
2026-10-09T05:42:30.9668968Z [36;1m    'scope': 'Two fixed 250ms diagnostic cases; no product benchmark or task acceptance',[0m
2026-10-09T05:42:30.9669784Z [36;1m}[0m
2026-10-09T05:42:30.9670429Z [36;1mwith (root / 'workflow-start.json').open('x', encoding='utf-8') as output:[0m
2026-10-09T05:42:30.9671602Z [36;1m    json.dump(receipt, output, indent=2, allow_nan=False)[0m
2026-10-09T05:42:30.9672287Z [36;1m    output.write('\n')[0m
2026-10-09T05:42:30.9672865Z [36;1mif os.environ['GITHUB_RUN_ATTEMPT'] != '1':[0m
2026-10-09T05:42:30.9673948Z [36;1m    raise RuntimeError('this registered diagnostic only admits workflow attempt 1')[0m
2026-10-09T05:42:30.9674787Z [36;1mPY[0m
2026-10-09T05:42:30.9972990Z shell: /usr/bin/bash --noprofile --norc -e -o pipefail {0}
2026-10-09T05:42:30.9974419Z env:
2026-10-09T05:42:30.9974970Z   PYTHONDONTWRITEBYTECODE: 1
2026-10-09T05:42:30.9975615Z   GIT_OPTIONAL_LOCKS: 0
2026-10-09T05:42:30.9976178Z ##[endgroup]
2026-10-09T05:42:31.0680657Z ##[group]Run actions/checkout@v4
2026-10-09T05:42:31.0681252Z with:
2026-10-09T05:42:31.0681688Z   persist-credentials: false
2026-10-09T05:42:31.0682246Z   ref: 57e478b9fb742d1e3bcb4501c7be299530c0521a
2026-10-09T05:42:31.0682842Z   path: controller
2026-10-09T05:42:31.0683319Z   sparse-checkout-cone-mode: false
2026-10-09T05:42:31.0684894Z   sparse-checkout: /artifacts/checkpoints/p8-mac-supervisor-diagnosis-28fe-20261009/observe.rs
/artifacts/checkpoints/p8-mac-supervisor-diagnosis-28fe-20261009/run.py

2026-10-09T05:42:31.0686241Z   repository: jyqj/codecortex
2026-10-09T05:42:31.0690219Z   token: ***
2026-10-09T05:42:31.0690648Z   ssh-strict: true
2026-10-09T05:42:31.0691081Z   ssh-user: git
2026-10-09T05:42:31.0691506Z   clean: true
2026-10-09T05:42:31.0691925Z   fetch-depth: 1
2026-10-09T05:42:31.0692413Z   fetch-tags: false
2026-10-09T05:42:31.0692860Z   show-progress: true
2026-10-09T05:42:31.0693308Z   lfs: false
2026-10-09T05:42:31.0693881Z   submodules: false
2026-10-09T05:42:31.0694377Z   set-safe-directory: true
2026-10-09T05:42:31.0694891Z   allow-unsafe-pr-checkout: false
2026-10-09T05:42:31.0695388Z env:
2026-10-09T05:42:31.0695808Z   PYTHONDONTWRITEBYTECODE: 1
2026-10-09T05:42:31.0696310Z   GIT_OPTIONAL_LOCKS: 0
2026-10-09T05:42:31.0696769Z ##[endgroup]
2026-10-09T05:42:31.1762369Z Syncing repository: jyqj/codecortex
2026-10-09T05:42:31.1765265Z ##[group]Getting Git version info
2026-10-09T05:42:31.1766113Z Working directory is '/home/runner/work/codecortex/codecortex/controller'
2026-10-09T05:42:31.1767205Z [command]/usr/bin/git version
2026-10-09T05:42:31.1858386Z git version 2.55.0
2026-10-09T05:42:31.1880933Z ##[endgroup]
2026-10-09T05:42:31.1894516Z Temporarily overriding HOME='/home/runner/work/_temp/cc26bb84-4647-48ea-a048-40e370bea9b4' before making global git config changes
2026-10-09T05:42:31.1896303Z Adding repository directory to the temporary git global config as a safe directory
2026-10-09T05:42:31.1899419Z [command]/usr/bin/git config --global --add safe.directory /home/runner/work/codecortex/codecortex/controller
2026-10-09T05:42:31.1947957Z ##[group]Initializing the repository
2026-10-09T05:42:31.1951886Z [command]/usr/bin/git init /home/runner/work/codecortex/codecortex/controller
2026-10-09T05:42:31.2069170Z hint: Using 'master' as the name for the initial branch. This default branch name
2026-10-09T05:42:31.2070588Z hint: will change to "main" in Git 3.0. To configure the initial branch name
2026-10-09T05:42:31.2071778Z hint: to use in all of your new repositories, which will suppress this warning,
2026-10-09T05:42:31.2072809Z hint: call:
2026-10-09T05:42:31.2073513Z hint:
2026-10-09T05:42:31.2074319Z hint: 	git config --global init.defaultBranch <name>
2026-10-09T05:42:31.2075111Z hint:
2026-10-09T05:42:31.2075854Z hint: Names commonly chosen instead of 'master' are 'main', 'trunk' and
2026-10-09T05:42:31.2077178Z hint: 'development'. The just-created branch can be renamed via this command:
2026-10-09T05:42:31.2078802Z hint:
2026-10-09T05:42:31.2079370Z hint: 	git branch -m <name>
2026-10-09T05:42:31.2079989Z hint:
2026-10-09T05:42:31.2080803Z hint: Disable this message with "git config set advice.defaultBranchName false"
2026-10-09T05:42:31.2082490Z Initialized empty Git repository in /home/runner/work/codecortex/codecortex/controller/.git/
2026-10-09T05:42:31.2085811Z [command]/usr/bin/git remote add origin https://github.com/jyqj/codecortex
2026-10-09T05:42:31.2169923Z ##[endgroup]
2026-10-09T05:42:31.2171723Z ##[group]Disabling automatic garbage collection
2026-10-09T05:42:31.2174729Z [command]/usr/bin/git config --local gc.auto 0
2026-10-09T05:42:31.2207814Z ##[endgroup]
2026-10-09T05:42:31.2208985Z ##[group]Setting up auth
2026-10-09T05:42:31.2213525Z [command]/usr/bin/git config --local --name-only --get-regexp core\.sshCommand
2026-10-09T05:42:31.2244447Z [command]/usr/bin/git submodule foreach --recursive sh -c "git config --local --name-only --get-regexp 'core\.sshCommand' && git config --local --unset-all 'core.sshCommand' || :"
2026-10-09T05:42:31.2609369Z [command]/usr/bin/git config --local --name-only --get-regexp http\.https\:\/\/github\.com\/\.extraheader
2026-10-09T05:42:31.2642038Z [command]/usr/bin/git submodule foreach --recursive sh -c "git config --local --name-only --get-regexp 'http\.https\:\/\/github\.com\/\.extraheader' && git config --local --unset-all 'http.https://github.com/.extraheader' || :"
2026-10-09T05:42:31.2857283Z [command]/usr/bin/git config --local --name-only --get-regexp ^includeIf\.gitdir:
2026-10-09T05:42:31.2886479Z [command]/usr/bin/git submodule foreach --recursive git config --local --show-origin --name-only --get-regexp remote.origin.url
2026-10-09T05:42:31.3102065Z [command]/usr/bin/git config --local http.https://github.com/.extraheader AUTHORIZATION: basic ***
2026-10-09T05:42:31.3136542Z ##[endgroup]
2026-10-09T05:42:31.3145130Z ##[group]Fetching the repository
2026-10-09T05:42:31.3147567Z [command]/usr/bin/git -c protocol.version=2 fetch --no-tags --prune --no-recurse-submodules --filter=blob:none --depth=1 origin 57e478b9fb742d1e3bcb4501c7be299530c0521a
2026-10-09T05:42:31.7130691Z From https://github.com/jyqj/codecortex
2026-10-09T05:42:31.7131764Z  * branch            57e478b9fb742d1e3bcb4501c7be299530c0521a -> FETCH_HEAD
2026-10-09T05:42:31.7135454Z ##[endgroup]
2026-10-09T05:42:31.7136381Z ##[group]Determining the checkout info
2026-10-09T05:42:31.7137888Z ##[endgroup]
2026-10-09T05:42:31.7138873Z ##[group]Setting up sparse checkout
2026-10-09T05:42:31.7144164Z [command]/usr/bin/git config core.sparseCheckout true
2026-10-09T05:42:31.7193350Z [command]/usr/bin/git rev-parse --git-path info/sparse-checkout
2026-10-09T05:42:31.7216527Z .git/info/sparse-checkout
2026-10-09T05:42:31.7226189Z ##[endgroup]
2026-10-09T05:42:31.7227867Z ##[group]Checking out the ref
2026-10-09T05:42:31.7241447Z [command]/usr/bin/git checkout --progress --force 57e478b9fb742d1e3bcb4501c7be299530c0521a
2026-10-09T05:42:31.9864202Z Note: switching to '57e478b9fb742d1e3bcb4501c7be299530c0521a'.
2026-10-09T05:42:31.9865314Z 
2026-10-09T05:42:31.9866049Z You are in 'detached HEAD' state. You can look around, make experimental
2026-10-09T05:42:31.9867639Z changes and commit them, and you can discard any commits you make in this
2026-10-09T05:42:31.9869199Z state without impacting any branches by switching back to a branch.
2026-10-09T05:42:31.9870083Z 
2026-10-09T05:42:31.9870719Z If you want to create a new branch to retain commits you create, you may
2026-10-09T05:42:31.9872718Z do so (now or later) by using -c with the switch command. Example:
2026-10-09T05:42:31.9874522Z 
2026-10-09T05:42:31.9875137Z   git switch -c <new-branch-name>
2026-10-09T05:42:31.9876228Z 
2026-10-09T05:42:31.9876790Z Or undo this operation with:
2026-10-09T05:42:31.9877664Z 
2026-10-09T05:42:31.9878172Z   git switch -
2026-10-09T05:42:31.9879012Z 
2026-10-09T05:42:31.9880153Z Turn off this advice by setting config variable advice.detachedHead to false
2026-10-09T05:42:31.9881814Z 
2026-10-09T05:42:31.9883269Z HEAD is now at 57e478b diagnostic: observe fixed A23 shell supervisor phases once per OS
2026-10-09T05:42:31.9888709Z ##[endgroup]
2026-10-09T05:42:31.9924467Z [command]/usr/bin/git log -1 --format=%H
2026-10-09T05:42:31.9947470Z 57e478b9fb742d1e3bcb4501c7be299530c0521a
2026-10-09T05:42:31.9958085Z ##[group]Removing auth
2026-10-09T05:42:31.9961801Z [command]/usr/bin/git config --local --name-only --get-regexp core\.sshCommand
2026-10-09T05:42:31.9990761Z [command]/usr/bin/git submodule foreach --recursive sh -c "git config --local --name-only --get-regexp 'core\.sshCommand' && git config --local --unset-all 'core.sshCommand' || :"
2026-10-09T05:42:32.0230492Z [command]/usr/bin/git config --local --name-only --get-regexp http\.https\:\/\/github\.com\/\.extraheader
2026-10-09T05:42:32.0255041Z http.https://github.com/.extraheader
2026-10-09T05:42:32.0264172Z [command]/usr/bin/git config --local --unset-all http.https://github.com/.extraheader
2026-10-09T05:42:32.0297421Z [command]/usr/bin/git submodule foreach --recursive sh -c "git config --local --name-only --get-regexp 'http\.https\:\/\/github\.com\/\.extraheader' && git config --local --unset-all 'http.https://github.com/.extraheader' || :"
2026-10-09T05:42:32.0532433Z [command]/usr/bin/git config --local --name-only --get-regexp ^includeIf\.gitdir:
2026-10-09T05:42:32.0559925Z [command]/usr/bin/git submodule foreach --recursive git config --local --show-origin --name-only --get-regexp remote.origin.url
2026-10-09T05:42:32.0795582Z ##[endgroup]
2026-10-09T05:42:32.1158931Z ##[group]Run actions/checkout@v4
2026-10-09T05:42:32.1160114Z with:
2026-10-09T05:42:32.1161045Z   persist-credentials: false
2026-10-09T05:42:32.1162276Z   ref: a23bb72d3c954f385b99fe81ce9189885c208557
2026-10-09T05:42:32.1163574Z   path: original
2026-10-09T05:42:32.1164809Z   sparse-checkout-cone-mode: false
2026-10-09T05:42:32.1166747Z   sparse-checkout: /crates/cc-eval/tests/p8_scale.rs
/crates/cc-eval/src/benchmark/p8_scale.rs

2026-10-09T05:42:32.1168791Z   repository: jyqj/codecortex
2026-10-09T05:42:32.1179561Z   token: ***
2026-10-09T05:42:32.1180495Z   ssh-strict: true
2026-10-09T05:42:32.1181447Z   ssh-user: git
2026-10-09T05:42:32.1182359Z   clean: true
2026-10-09T05:42:32.1183265Z   fetch-depth: 1
2026-10-09T05:42:32.1184334Z   fetch-tags: false
2026-10-09T05:42:32.1185307Z   show-progress: true
2026-10-09T05:42:32.1186300Z   lfs: false
2026-10-09T05:42:32.1187238Z   submodules: false
2026-10-09T05:42:32.1188231Z   set-safe-directory: true
2026-10-09T05:42:32.1189404Z   allow-unsafe-pr-checkout: false
2026-10-09T05:42:32.1190555Z env:
2026-10-09T05:42:32.1191469Z   PYTHONDONTWRITEBYTECODE: 1
2026-10-09T05:42:32.1192583Z   GIT_OPTIONAL_LOCKS: 0
2026-10-09T05:42:32.1193581Z ##[endgroup]
2026-10-09T05:42:32.2046361Z Syncing repository: jyqj/codecortex
2026-10-09T05:42:32.2049761Z ##[group]Getting Git version info
2026-10-09T05:42:32.2052575Z Working directory is '/home/runner/work/codecortex/codecortex/original'
2026-10-09T05:42:32.2074766Z [command]/usr/bin/git version
2026-10-09T05:42:32.2115072Z git version 2.55.0
2026-10-09T05:42:32.2138083Z ##[endgroup]
2026-10-09T05:42:32.2151835Z Temporarily overriding HOME='/home/runner/work/_temp/14f9af71-c5a6-47e5-9930-e2110a68f70c' before making global git config changes
2026-10-09T05:42:32.2157511Z Adding repository directory to the temporary git global config as a safe directory
2026-10-09T05:42:32.2162052Z [command]/usr/bin/git config --global --add safe.directory /home/runner/work/codecortex/codecortex/original
2026-10-09T05:42:32.2189408Z ##[group]Initializing the repository
2026-10-09T05:42:32.2194723Z [command]/usr/bin/git init /home/runner/work/codecortex/codecortex/original
2026-10-09T05:42:32.2234651Z hint: Using 'master' as the name for the initial branch. This default branch name
2026-10-09T05:42:32.2240572Z hint: will change to "main" in Git 3.0. To configure the initial branch name
2026-10-09T05:42:32.2245023Z hint: to use in all of your new repositories, which will suppress this warning,
2026-10-09T05:42:32.2248439Z hint: call:
2026-10-09T05:42:32.2250338Z hint:
2026-10-09T05:42:32.2252401Z hint: 	git config --global init.defaultBranch <name>
2026-10-09T05:42:32.2255231Z hint:
2026-10-09T05:42:32.2256596Z hint: Names commonly chosen instead of 'master' are 'main', 'trunk' and
2026-10-09T05:42:32.2258721Z hint: 'development'. The just-created branch can be renamed via this command:
2026-10-09T05:42:32.2261349Z hint:
2026-10-09T05:42:32.2262669Z hint: 	git branch -m <name>
2026-10-09T05:42:32.2263964Z hint:
2026-10-09T05:42:32.2265403Z hint: Disable this message with "git config set advice.defaultBranchName false"
2026-10-09T05:42:32.2267814Z Initialized empty Git repository in /home/runner/work/codecortex/codecortex/original/.git/
2026-10-09T05:42:32.2271462Z [command]/usr/bin/git remote add origin https://github.com/jyqj/codecortex
2026-10-09T05:42:32.2315976Z ##[endgroup]
2026-10-09T05:42:32.2318876Z ##[group]Disabling automatic garbage collection
2026-10-09T05:42:32.2321640Z [command]/usr/bin/git config --local gc.auto 0
2026-10-09T05:42:32.2351064Z ##[endgroup]
2026-10-09T05:42:32.2353952Z ##[group]Setting up auth
2026-10-09T05:42:32.2357680Z [command]/usr/bin/git config --local --name-only --get-regexp core\.sshCommand
2026-10-09T05:42:32.2390726Z [command]/usr/bin/git submodule foreach --recursive sh -c "git config --local --name-only --get-regexp 'core\.sshCommand' && git config --local --unset-all 'core.sshCommand' || :"
2026-10-09T05:42:32.2607623Z [command]/usr/bin/git config --local --name-only --get-regexp http\.https\:\/\/github\.com\/\.extraheader
2026-10-09T05:42:32.2640335Z [command]/usr/bin/git submodule foreach --recursive sh -c "git config --local --name-only --get-regexp 'http\.https\:\/\/github\.com\/\.extraheader' && git config --local --unset-all 'http.https://github.com/.extraheader' || :"
2026-10-09T05:42:32.2882303Z [command]/usr/bin/git config --local --name-only --get-regexp ^includeIf\.gitdir:
2026-10-09T05:42:32.2918862Z [command]/usr/bin/git submodule foreach --recursive git config --local --show-origin --name-only --get-regexp remote.origin.url
2026-10-09T05:42:32.3135970Z [command]/usr/bin/git config --local http.https://github.com/.extraheader AUTHORIZATION: basic ***
2026-10-09T05:42:32.3171323Z ##[endgroup]
2026-10-09T05:42:32.3180200Z ##[group]Fetching the repository
2026-10-09T05:42:32.3181224Z [command]/usr/bin/git -c protocol.version=2 fetch --no-tags --prune --no-recurse-submodules --filter=blob:none --depth=1 origin a23bb72d3c954f385b99fe81ce9189885c208557
2026-10-09T05:42:32.7019424Z From https://github.com/jyqj/codecortex
2026-10-09T05:42:32.7020397Z  * branch            a23bb72d3c954f385b99fe81ce9189885c208557 -> FETCH_HEAD
2026-10-09T05:42:32.7021865Z ##[endgroup]
2026-10-09T05:42:32.7022501Z ##[group]Determining the checkout info
2026-10-09T05:42:32.7022984Z ##[endgroup]
2026-10-09T05:42:32.7023334Z ##[group]Setting up sparse checkout
2026-10-09T05:42:32.7027424Z [command]/usr/bin/git config core.sparseCheckout true
2026-10-09T05:42:32.7059195Z [command]/usr/bin/git rev-parse --git-path info/sparse-checkout
2026-10-09T05:42:32.7079091Z .git/info/sparse-checkout
2026-10-09T05:42:32.7087234Z ##[endgroup]
2026-10-09T05:42:32.7087663Z ##[group]Checking out the ref
2026-10-09T05:42:32.7098600Z [command]/usr/bin/git checkout --progress --force a23bb72d3c954f385b99fe81ce9189885c208557
2026-10-09T05:42:33.0066757Z Note: switching to 'a23bb72d3c954f385b99fe81ce9189885c208557'.
2026-10-09T05:42:33.0067794Z 
2026-10-09T05:42:33.0068702Z You are in 'detached HEAD' state. You can look around, make experimental
2026-10-09T05:42:33.0069825Z changes and commit them, and you can discard any commits you make in this
2026-10-09T05:42:33.0070920Z state without impacting any branches by switching back to a branch.
2026-10-09T05:42:33.0071648Z 
2026-10-09T05:42:33.0072191Z If you want to create a new branch to retain commits you create, you may
2026-10-09T05:42:33.0073201Z do so (now or later) by using -c with the switch command. Example:
2026-10-09T05:42:33.0074148Z 
2026-10-09T05:42:33.0074545Z   git switch -c <new-branch-name>
2026-10-09T05:42:33.0075114Z 
2026-10-09T05:42:33.0075653Z Or undo this operation with:
2026-10-09T05:42:33.0076030Z 
2026-10-09T05:42:33.0076307Z   git switch -
2026-10-09T05:42:33.0076607Z 
2026-10-09T05:42:33.0077009Z Turn off this advice by setting config variable advice.detachedHead to false
2026-10-09T05:42:33.0077507Z 
2026-10-09T05:42:33.0077949Z HEAD is now at a23bb72 test(p8): bind combined source admission for original full execution
2026-10-09T05:42:33.0116587Z ##[endgroup]
2026-10-09T05:42:33.0120036Z [command]/usr/bin/git log -1 --format=%H
2026-10-09T05:42:33.0142926Z a23bb72d3c954f385b99fe81ce9189885c208557
2026-10-09T05:42:33.0153160Z ##[group]Removing auth
2026-10-09T05:42:33.0157328Z [command]/usr/bin/git config --local --name-only --get-regexp core\.sshCommand
2026-10-09T05:42:33.0185416Z [command]/usr/bin/git submodule foreach --recursive sh -c "git config --local --name-only --get-regexp 'core\.sshCommand' && git config --local --unset-all 'core.sshCommand' || :"
2026-10-09T05:42:33.0423370Z [command]/usr/bin/git config --local --name-only --get-regexp http\.https\:\/\/github\.com\/\.extraheader
2026-10-09T05:42:33.0445352Z http.https://github.com/.extraheader
2026-10-09T05:42:33.0455477Z [command]/usr/bin/git config --local --unset-all http.https://github.com/.extraheader
2026-10-09T05:42:33.0487010Z [command]/usr/bin/git submodule foreach --recursive sh -c "git config --local --name-only --get-regexp 'http\.https\:\/\/github\.com\/\.extraheader' && git config --local --unset-all 'http.https://github.com/.extraheader' || :"
2026-10-09T05:42:33.0724096Z [command]/usr/bin/git config --local --name-only --get-regexp ^includeIf\.gitdir:
2026-10-09T05:42:33.0753915Z [command]/usr/bin/git submodule foreach --recursive git config --local --show-origin --name-only --get-regexp remote.origin.url
2026-10-09T05:42:33.0985342Z ##[endgroup]
2026-10-09T05:42:33.1288315Z ##[group]Run dtolnay/rust-toolchain@stable
2026-10-09T05:42:33.1288652Z with:
2026-10-09T05:42:33.1288855Z   toolchain: 1.95.0
2026-10-09T05:42:33.1289076Z env:
2026-10-09T05:42:33.1289290Z   PYTHONDONTWRITEBYTECODE: 1
2026-10-09T05:42:33.1289552Z   GIT_OPTIONAL_LOCKS: 0
2026-10-09T05:42:33.1289776Z ##[endgroup]
2026-10-09T05:42:33.1354613Z ##[start-action display=Parse toolchain version;id=toolchain.parse]
2026-10-09T05:42:33.1402395Z ##[group]Run if [[ -z $toolchain ]]; then
2026-10-09T05:42:33.1402759Z [36;1mif [[ -z $toolchain ]]; then[0m
2026-10-09T05:42:33.1403299Z [36;1m  # GitHub does not enforce `required: true` inputs itself. https://github.com/actions/runner/issues/1070[0m
2026-10-09T05:42:33.1404064Z [36;1m  echo "'toolchain' is a required input" >&2[0m
2026-10-09T05:42:33.1404371Z [36;1m  exit 1[0m
2026-10-09T05:42:33.1404710Z [36;1melif [[ $toolchain =~ ^stable' '[0-9]+' '(year|month|week|day)s?' 'ago$ ]]; then[0m
2026-10-09T05:42:33.1405171Z [36;1m  if [[ Linux == macOS ]]; then[0m
2026-10-09T05:42:33.1405708Z [36;1m    echo "toolchain=1.$((($(date -v-$(sed 's/stable \([0-9]*\) \(.\).*/\1\2/' <<< $toolchain) +%s)/60/60/24-16569)/7/6))" >> $GITHUB_OUTPUT[0m
2026-10-09T05:42:33.1406229Z [36;1m  else[0m
2026-10-09T05:42:33.1406637Z [36;1m    echo "toolchain=1.$((($(date --date "${toolchain#stable }" +%s)/60/60/24-16569)/7/6))" >> $GITHUB_OUTPUT[0m
2026-10-09T05:42:33.1407127Z [36;1m  fi[0m
2026-10-09T05:42:33.1407445Z [36;1melif [[ $toolchain =~ ^stable' 'minus' '[0-9]+' 'releases?$ ]]; then[0m
2026-10-09T05:42:33.1407996Z [36;1m  echo "toolchain=1.$((($(date +%s)/60/60/24-16569)/7/6-${toolchain//[^0-9]/}))" >> $GITHUB_OUTPUT[0m
2026-10-09T05:42:33.1408472Z [36;1melif [[ $toolchain =~ ^1\.[0-9]+$ ]]; then[0m
2026-10-09T05:42:33.1409001Z [36;1m  echo "toolchain=1.$((i=${toolchain#1.}, c=($(date +%s)/60/60/24-16569)/7/6, i+9*i*(10*i<=c)+90*i*(100*i<=c)))" >> $GITHUB_OUTPUT[0m
2026-10-09T05:42:33.1409511Z [36;1melse[0m
2026-10-09T05:42:33.1409724Z [36;1m  delimiter=EOF[0m
2026-10-09T05:42:33.1410039Z [36;1m  while [[ $toolchain == *$delimiter* ]]; do delimiter+=_; done[0m
2026-10-09T05:42:33.1410549Z [36;1m  printf 'toolchain<<%s\n%s\n%s\n' "$delimiter" "$toolchain" "$delimiter" >> $GITHUB_OUTPUT[0m
2026-10-09T05:42:33.1410971Z [36;1mfi[0m
2026-10-09T05:42:33.1474917Z shell: /usr/bin/bash --noprofile --norc -e -o pipefail {0}
2026-10-09T05:42:33.1475277Z env:
2026-10-09T05:42:33.1475514Z   PYTHONDONTWRITEBYTECODE: 1
2026-10-09T05:42:33.1475778Z   GIT_OPTIONAL_LOCKS: 0
2026-10-09T05:42:33.1476192Z   toolchain: 1.95.0
2026-10-09T05:42:33.1500976Z ##[endgroup]
2026-10-09T05:42:33.1606354Z ##[end-action id=toolchain.parse;outcome=success;conclusion=success;duration_ms=25]
2026-10-09T05:42:33.1608970Z ##[start-action display=Set $CARGO_HOME;id=toolchain.__run]
2026-10-09T05:42:33.1644861Z ##[group]Run echo CARGO_HOME=${CARGO_HOME:-"$HOME/.cargo"} >> $GITHUB_ENV
2026-10-09T05:42:33.1645365Z [36;1mecho CARGO_HOME=${CARGO_HOME:-"$HOME/.cargo"} >> $GITHUB_ENV[0m
2026-10-09T05:42:33.1705730Z shell: /usr/bin/bash --noprofile --norc -e -o pipefail {0}
2026-10-09T05:42:33.1706079Z env:
2026-10-09T05:42:33.1706296Z   PYTHONDONTWRITEBYTECODE: 1
2026-10-09T05:42:33.1706556Z   GIT_OPTIONAL_LOCKS: 0
2026-10-09T05:42:33.1706777Z ##[endgroup]
2026-10-09T05:42:33.1793243Z ##[end-action id=toolchain.__run;outcome=success;conclusion=success;duration_ms=18]
2026-10-09T05:42:33.1795850Z ##[start-action display=Install rustup if needed;id=toolchain.__run_2]
2026-10-09T05:42:33.1824957Z ##[group]Run if ! command -v rustup &>/dev/null; then
2026-10-09T05:42:33.1825348Z [36;1mif ! command -v rustup &>/dev/null; then[0m
2026-10-09T05:42:33.1826116Z [36;1m  curl --proto '=https' --tlsv1.2 --retry 10 --retry-connrefused --location --silent --show-error --fail https://sh.rustup.rs | sh -s -- --default-toolchain none -y[0m
2026-10-09T05:42:33.1826852Z [36;1m  echo "$CARGO_HOME/bin" >> $GITHUB_PATH[0m
2026-10-09T05:42:33.1827139Z [36;1mfi[0m
2026-10-09T05:42:33.1885306Z shell: /usr/bin/bash --noprofile --norc -e -o pipefail {0}
2026-10-09T05:42:33.1885663Z env:
2026-10-09T05:42:33.1885886Z   PYTHONDONTWRITEBYTECODE: 1
2026-10-09T05:42:33.1886156Z   GIT_OPTIONAL_LOCKS: 0
2026-10-09T05:42:33.1886398Z   CARGO_HOME: /home/runner/.cargo
2026-10-09T05:42:33.1886656Z ##[endgroup]
2026-10-09T05:42:33.1970498Z ##[end-action id=toolchain.__run_2;outcome=success;conclusion=success;duration_ms=17]
2026-10-09T05:42:33.1972617Z ##[start-action display=Install rustup if needed on windows;id=toolchain.__run_3]
2026-10-09T05:42:33.1979028Z ##[end-action id=toolchain.__run_3;outcome=skipped;conclusion=skipped;duration_ms=0]
2026-10-09T05:42:33.1993943Z ##[start-action display=rustup toolchain install 1.95.0;id=toolchain.__run_4]
2026-10-09T05:42:33.2015065Z ##[group]Run set -f  # split targets and components on commas and whitespace, without glob expansion
2026-10-09T05:42:33.2015745Z [36;1mset -f  # split targets and components on commas and whitespace, without glob expansion[0m
2026-10-09T05:42:33.2016206Z [36;1mflags=()[0m
2026-10-09T05:42:33.2016491Z [36;1mfor t in ${targets//,/ }; do flags+=(--target "$t"); done[0m
2026-10-09T05:42:33.2016914Z [36;1mfor c in ${components//,/ }; do flags+=(--component "$c"); done[0m
2026-10-09T05:42:33.2017437Z [36;1mif [[ $toolchain == nightly && -n $components ]]; then flags+=(--allow-downgrade); fi[0m
2026-10-09T05:42:33.2017901Z [36;1mlog=$(mktemp)[0m
2026-10-09T05:42:33.2018146Z [36;1mtrap 'rm -f "$log"' EXIT[0m
2026-10-09T05:42:33.2018415Z [36;1mfor attempt in 1 2 3 4 5; do[0m
2026-10-09T05:42:33.2018996Z [36;1m  if rustup toolchain install "$toolchain" "${flags[@]}" --profile minimal --no-self-update --force-non-host 2>&1 | tee "$log"; then[0m
2026-10-09T05:42:33.2019564Z [36;1m    break[0m
2026-10-09T05:42:33.2019767Z [36;1m  else[0m
2026-10-09T05:42:33.2019964Z [36;1m    status=$?[0m
2026-10-09T05:42:33.2020185Z [36;1m  fi[0m
2026-10-09T05:42:33.2020483Z [36;1m  if [[ $attempt == 5 ]] || ! grep -Fq 'checksum failed for ' "$log" \[0m
2026-10-09T05:42:33.2021041Z [36;1m      || ! grep -Fq 'this is likely due to an ongoing update of the official release server' "$log"; then[0m
2026-10-09T05:42:33.2021509Z [36;1m    exit "$status"[0m
2026-10-09T05:42:33.2021740Z [36;1m  fi[0m
2026-10-09T05:42:33.2022096Z [36;1m  echo "Retrying rustup toolchain install in 30 seconds (retry $attempt of 4)" >&2[0m
2026-10-09T05:42:33.2022522Z [36;1m  sleep 30[0m
2026-10-09T05:42:33.2022744Z [36;1mdone[0m
2026-10-09T05:42:33.2081447Z shell: /usr/bin/bash --noprofile --norc -e -o pipefail {0}
2026-10-09T05:42:33.2081959Z env:
2026-10-09T05:42:33.2082174Z   PYTHONDONTWRITEBYTECODE: 1
2026-10-09T05:42:33.2082440Z   GIT_OPTIONAL_LOCKS: 0
2026-10-09T05:42:33.2082676Z   CARGO_HOME: /home/runner/.cargo
2026-10-09T05:42:33.2082934Z   toolchain: 1.95.0
2026-10-09T05:42:33.2083137Z   targets: 
2026-10-09T05:42:33.2083329Z   components: 
2026-10-09T05:42:33.2083548Z   RUSTUP_PERMIT_COPY_RENAME: 1
2026-10-09T05:42:33.2084093Z ##[endgroup]
2026-10-09T05:42:33.3949267Z info: syncing channel updates for 1.95.0-x86_64-unknown-linux-gnu
2026-10-09T05:42:33.6928941Z info: latest update on 2026-04-16 for version 1.95.0 (59807616e 2026-04-14)
2026-10-09T05:42:33.6929951Z info: downloading 3 components
2026-10-09T05:42:40.9586409Z 
2026-10-09T05:42:40.9657492Z   1.95.0-x86_64-unknown-linux-gnu installed - rustc 1.95.0 (59807616e 2026-04-14)
2026-10-09T05:42:40.9658034Z 
2026-10-09T05:42:40.9734257Z ##[end-action id=toolchain.__run_4;outcome=success;conclusion=success;duration_ms=7773]
2026-10-09T05:42:40.9742837Z ##[start-action display=rustup default 1.95.0;id=toolchain.__run_5]
2026-10-09T05:42:40.9761106Z ##[group]Run rustup default "$toolchain" --force-non-host
2026-10-09T05:42:40.9761510Z [36;1mrustup default "$toolchain" --force-non-host[0m
2026-10-09T05:42:40.9825324Z shell: /usr/bin/bash --noprofile --norc -e -o pipefail {0}
2026-10-09T05:42:40.9825668Z env:
2026-10-09T05:42:40.9825879Z   PYTHONDONTWRITEBYTECODE: 1
2026-10-09T05:42:40.9826310Z   GIT_OPTIONAL_LOCKS: 0
2026-10-09T05:42:40.9826561Z   CARGO_HOME: /home/runner/.cargo
2026-10-09T05:42:40.9826818Z   toolchain: 1.95.0
2026-10-09T05:42:40.9827026Z ##[endgroup]
2026-10-09T05:42:40.9946109Z info: using existing install for 1.95.0-x86_64-unknown-linux-gnu
2026-10-09T05:42:40.9953121Z info: default toolchain set to 1.95.0-x86_64-unknown-linux-gnu
2026-10-09T05:42:40.9953597Z 
2026-10-09T05:42:41.0020144Z   1.95.0-x86_64-unknown-linux-gnu unchanged - rustc 1.95.0 (59807616e 2026-04-14)
2026-10-09T05:42:41.0020696Z 
2026-10-09T05:42:41.0036130Z ##[end-action id=toolchain.__run_5;outcome=success;conclusion=success;duration_ms=29]
2026-10-09T05:42:41.0039644Z ##[start-action display=Create cachekey;id=toolchain.rustc-version]
2026-10-09T05:42:41.0057110Z ##[group]Run DATE=$(rustc +"$toolchain" --version --verbose | sed -ne 's/^commit-date: \(20[0-9][0-9]\)-\([01][0-9]\)-\([0-3][0-9]\)$/\1\2\3/p')
2026-10-09T05:42:41.0057978Z [36;1mDATE=$(rustc +"$toolchain" --version --verbose | sed -ne 's/^commit-date: \(20[0-9][0-9]\)-\([01][0-9]\)-\([0-3][0-9]\)$/\1\2\3/p')[0m
2026-10-09T05:42:41.0058656Z [36;1mHASH=$(rustc +"$toolchain" --version --verbose | sed -ne 's/^commit-hash: //p')[0m
2026-10-09T05:42:41.0059180Z [36;1mecho "cachekey=$(echo $DATE$HASH | head -c12)" >> $GITHUB_OUTPUT[0m
2026-10-09T05:42:41.0120494Z shell: /usr/bin/bash --noprofile --norc -e -o pipefail {0}
2026-10-09T05:42:41.0120837Z env:
2026-10-09T05:42:41.0121046Z   PYTHONDONTWRITEBYTECODE: 1
2026-10-09T05:42:41.0121301Z   GIT_OPTIONAL_LOCKS: 0
2026-10-09T05:42:41.0121542Z   CARGO_HOME: /home/runner/.cargo
2026-10-09T05:42:41.0121802Z   toolchain: 1.95.0
2026-10-09T05:42:41.0122012Z ##[endgroup]
2026-10-09T05:42:41.0458834Z ##[end-action id=toolchain.rustc-version;outcome=success;conclusion=success;duration_ms=41]
2026-10-09T05:42:41.0461296Z ##[start-action display=Disable incremental compilation;id=toolchain.__run_6]
2026-10-09T05:42:41.0480248Z ##[group]Run if [ -z "${CARGO_INCREMENTAL+set}" ]; then
2026-10-09T05:42:41.0480658Z [36;1mif [ -z "${CARGO_INCREMENTAL+set}" ]; then[0m
2026-10-09T05:42:41.0480997Z [36;1m  echo CARGO_INCREMENTAL=0 >> $GITHUB_ENV[0m
2026-10-09T05:42:41.0481284Z [36;1mfi[0m
2026-10-09T05:42:41.0547936Z shell: /usr/bin/bash --noprofile --norc -e -o pipefail {0}
2026-10-09T05:42:41.0548281Z env:
2026-10-09T05:42:41.0548498Z   PYTHONDONTWRITEBYTECODE: 1
2026-10-09T05:42:41.0548756Z   GIT_OPTIONAL_LOCKS: 0
2026-10-09T05:42:41.0548998Z   CARGO_HOME: /home/runner/.cargo
2026-10-09T05:42:41.0549252Z ##[endgroup]
2026-10-09T05:42:41.0634784Z ##[end-action id=toolchain.__run_6;outcome=success;conclusion=success;duration_ms=17]
2026-10-09T05:42:41.0637075Z ##[start-action display=Enable colors in Cargo output;id=toolchain.__run_7]
2026-10-09T05:42:41.0653304Z ##[group]Run if [ -z "${CARGO_TERM_COLOR+set}" ]; then
2026-10-09T05:42:41.0654012Z [36;1mif [ -z "${CARGO_TERM_COLOR+set}" ]; then[0m
2026-10-09T05:42:41.0654360Z [36;1m  echo CARGO_TERM_COLOR=always >> $GITHUB_ENV[0m
2026-10-09T05:42:41.0654660Z [36;1mfi[0m
2026-10-09T05:42:41.0712942Z shell: /usr/bin/bash --noprofile --norc -e -o pipefail {0}
2026-10-09T05:42:41.0713284Z env:
2026-10-09T05:42:41.0713493Z   PYTHONDONTWRITEBYTECODE: 1
2026-10-09T05:42:41.0714012Z   GIT_OPTIONAL_LOCKS: 0
2026-10-09T05:42:41.0714254Z   CARGO_HOME: /home/runner/.cargo
2026-10-09T05:42:41.0714511Z   CARGO_INCREMENTAL: 0
2026-10-09T05:42:41.0714731Z ##[endgroup]
2026-10-09T05:42:41.0799446Z ##[end-action id=toolchain.__run_7;outcome=success;conclusion=success;duration_ms=16]
2026-10-09T05:42:41.0802428Z ##[start-action display=Enable Cargo sparse registry;id=toolchain.__run_8]
2026-10-09T05:42:41.0821057Z ##[group]Run # implemented in 1.66, stabilized in 1.68, made default in 1.70
2026-10-09T05:42:41.0821588Z [36;1m# implemented in 1.66, stabilized in 1.68, made default in 1.70[0m
2026-10-09T05:42:41.0822291Z [36;1mif [ -z "${CARGO_REGISTRIES_CRATES_IO_PROTOCOL+set}" -o -f "/home/runner/work/_temp"/.implicit_cargo_registries_crates_io_protocol ]; then[0m
2026-10-09T05:42:41.0823186Z [36;1m  if rustc +"$toolchain" --version --verbose | grep -q '^release: 1\.6[89]\.'; then[0m
2026-10-09T05:42:41.0824056Z [36;1m    touch "/home/runner/work/_temp"/.implicit_cargo_registries_crates_io_protocol || true[0m
2026-10-09T05:42:41.0824609Z [36;1m    echo CARGO_REGISTRIES_CRATES_IO_PROTOCOL=sparse >> $GITHUB_ENV[0m
2026-10-09T05:42:41.0825121Z [36;1m  elif rustc +"$toolchain" --version --verbose | grep -q '^release: 1\.6[67]\.'; then[0m
2026-10-09T05:42:41.0825697Z [36;1m    touch "/home/runner/work/_temp"/.implicit_cargo_registries_crates_io_protocol || true[0m
2026-10-09T05:42:41.0826219Z [36;1m    echo CARGO_REGISTRIES_CRATES_IO_PROTOCOL=git >> $GITHUB_ENV[0m
2026-10-09T05:42:41.0826566Z [36;1m  fi[0m
2026-10-09T05:42:41.0826760Z [36;1mfi[0m
2026-10-09T05:42:41.0885226Z shell: /usr/bin/bash --noprofile --norc -e -o pipefail {0}
2026-10-09T05:42:41.0885562Z env:
2026-10-09T05:42:41.0885769Z   PYTHONDONTWRITEBYTECODE: 1
2026-10-09T05:42:41.0886016Z   GIT_OPTIONAL_LOCKS: 0
2026-10-09T05:42:41.0886264Z   CARGO_HOME: /home/runner/.cargo
2026-10-09T05:42:41.0886516Z   CARGO_INCREMENTAL: 0
2026-10-09T05:42:41.0886733Z   CARGO_TERM_COLOR: always
2026-10-09T05:42:41.0886952Z   toolchain: 1.95.0
2026-10-09T05:42:41.0887155Z ##[endgroup]
2026-10-09T05:42:41.1201531Z ##[end-action id=toolchain.__run_8;outcome=success;conclusion=success;duration_ms=39]
2026-10-09T05:42:41.1222057Z ##[start-action display=Work around spurious network errors in curl 8.0;id=toolchain.__run_9]
2026-10-09T05:42:41.1240737Z ##[group]Run # https://rust-lang.zulipchat.com/#narrow/stream/246057-t-cargo/topic/timeout.20investigation
2026-10-09T05:42:41.1241525Z [36;1m# https://rust-lang.zulipchat.com/#narrow/stream/246057-t-cargo/topic/timeout.20investigation[0m
2026-10-09T05:42:41.1242153Z [36;1mif rustc +"$toolchain" --version --verbose | grep -q '^release: 1\.7[01]\.'; then[0m
2026-10-09T05:42:41.1242631Z [36;1m  echo CARGO_HTTP_MULTIPLEXING=false >> $GITHUB_ENV[0m
2026-10-09T05:42:41.1242944Z [36;1mfi[0m
2026-10-09T05:42:41.1309583Z shell: /usr/bin/bash --noprofile --norc -e -o pipefail {0}
2026-10-09T05:42:41.1309916Z env:
2026-10-09T05:42:41.1310127Z   PYTHONDONTWRITEBYTECODE: 1
2026-10-09T05:42:41.1310374Z   GIT_OPTIONAL_LOCKS: 0
2026-10-09T05:42:41.1310602Z   CARGO_HOME: /home/runner/.cargo
2026-10-09T05:42:41.1310857Z   CARGO_INCREMENTAL: 0
2026-10-09T05:42:41.1311081Z   CARGO_TERM_COLOR: always
2026-10-09T05:42:41.1311300Z   toolchain: 1.95.0
2026-10-09T05:42:41.1311501Z ##[endgroup]
2026-10-09T05:42:41.1513124Z ##[end-action id=toolchain.__run_9;outcome=success;conclusion=success;duration_ms=29]
2026-10-09T05:42:41.1518682Z ##[start-action display=rustc +1.95.0 --version --verbose;id=toolchain.__run_10]
2026-10-09T05:42:41.1536555Z ##[group]Run rustc +"$toolchain" --version --verbose
2026-10-09T05:42:41.1536926Z [36;1mrustc +"$toolchain" --version --verbose[0m
2026-10-09T05:42:41.1600899Z shell: /usr/bin/bash --noprofile --norc -e -o pipefail {0}
2026-10-09T05:42:41.1601237Z env:
2026-10-09T05:42:41.1601459Z   PYTHONDONTWRITEBYTECODE: 1
2026-10-09T05:42:41.1601713Z   GIT_OPTIONAL_LOCKS: 0
2026-10-09T05:42:41.1601955Z   CARGO_HOME: /home/runner/.cargo
2026-10-09T05:42:41.1602227Z   CARGO_INCREMENTAL: 0
2026-10-09T05:42:41.1602451Z   CARGO_TERM_COLOR: always
2026-10-09T05:42:41.1602678Z   toolchain: 1.95.0
2026-10-09T05:42:41.1602882Z ##[endgroup]
2026-10-09T05:42:41.1785841Z rustc 1.95.0 (59807616e 2026-04-14)
2026-10-09T05:42:41.1786483Z binary: rustc
2026-10-09T05:42:41.1786940Z commit-hash: 59807616e1fa2540724bfbac14d7976d7e4a3860
2026-10-09T05:42:41.1787362Z commit-date: 2026-04-14
2026-10-09T05:42:41.1787640Z host: x86_64-unknown-linux-gnu
2026-10-09T05:42:41.1787944Z release: 1.95.0
2026-10-09T05:42:41.1788363Z LLVM version: 22.1.2
2026-10-09T05:42:41.1802507Z ##[end-action id=toolchain.__run_10;outcome=success;conclusion=success;duration_ms=28]
2026-10-09T05:42:41.1852271Z ##[group]Run output="$RUNNER_TEMP/p8-mac-supervisor-diagnosis-$GITHUB_RUN_ID-attempt$GITHUB_RUN_ATTEMPT"
2026-10-09T05:42:41.1853055Z [36;1moutput="$RUNNER_TEMP/p8-mac-supervisor-diagnosis-$GITHUB_RUN_ID-attempt$GITHUB_RUN_ATTEMPT"[0m
2026-10-09T05:42:41.1854111Z [36;1mcontroller="$GITHUB_WORKSPACE/controller/artifacts/checkpoints/p8-mac-supervisor-diagnosis-28fe-20261009"[0m
2026-10-09T05:42:41.1854661Z [36;1mset +e[0m
2026-10-09T05:42:41.1854897Z [36;1mpython3 -B "$controller/run.py" \[0m
2026-10-09T05:42:41.1855285Z [36;1m  --source "$GITHUB_WORKSPACE/original" --output "$output/run" \[0m
2026-10-09T05:42:41.1855716Z [36;1m  >"$output/driver.stdout" 2>"$output/driver.stderr"[0m
2026-10-09T05:42:41.1856047Z [36;1mresult=$?[0m
2026-10-09T05:42:41.1856255Z [36;1mset -e[0m
2026-10-09T05:42:41.1856539Z [36;1mprintf '%s\n' "$result" >"$output/driver-exit-code.txt"[0m
2026-10-09T05:42:41.1856889Z [36;1mcat "$output/driver.stdout"[0m
2026-10-09T05:42:41.1857190Z [36;1mcat "$output/driver.stderr" >&2[0m
2026-10-09T05:42:41.1857460Z [36;1mexit "$result"[0m
2026-10-09T05:42:41.1921709Z shell: /usr/bin/bash --noprofile --norc -e -o pipefail {0}
2026-10-09T05:42:41.1922046Z env:
2026-10-09T05:42:41.1922254Z   PYTHONDONTWRITEBYTECODE: 1
2026-10-09T05:42:41.1922506Z   GIT_OPTIONAL_LOCKS: 0
2026-10-09T05:42:41.1922739Z   CARGO_HOME: /home/runner/.cargo
2026-10-09T05:42:41.1922998Z   CARGO_INCREMENTAL: 0
2026-10-09T05:42:41.1923219Z   CARGO_TERM_COLOR: always
2026-10-09T05:42:41.1923443Z ##[endgroup]
2026-10-09T05:42:41.9510890Z {"case_results": [{"case": "original", "command_exit": 0, "diagnostic_assertions_satisfied": true, "report_status": "diagnostic_case_complete"}, {"case": "instrumented", "command_exit": 0, "diagnostic_assertions_satisfied": true, "report_status": "diagnostic_case_complete"}], "certification": "not_run", "exit_code": 0, "status": "diagnostic_completed"}
2026-10-09T05:42:41.9557949Z ##[group]Run python3 -B - <<'PY'
2026-10-09T05:42:41.9558312Z [36;1mpython3 -B - <<'PY'[0m
2026-10-09T05:42:41.9558591Z [36;1mimport datetime, json, os, pathlib[0m
2026-10-09T05:42:41.9558963Z [36;1mroot = pathlib.Path(os.environ['RUNNER_TEMP']) / ([0m
2026-10-09T05:42:41.9559413Z [36;1m    'p8-mac-supervisor-diagnosis-' + os.environ['GITHUB_RUN_ID'][0m
2026-10-09T05:42:41.9559848Z [36;1m    + '-attempt' + os.environ['GITHUB_RUN_ATTEMPT'])[0m
2026-10-09T05:42:41.9560180Z [36;1mif root.is_symlink():[0m
2026-10-09T05:42:41.9560546Z [36;1m    raise RuntimeError('preservation root is a symlink')[0m
2026-10-09T05:42:41.9560893Z [36;1mroot.mkdir(exist_ok=True)[0m
2026-10-09T05:42:41.9561156Z [36;1mreceipt = {[0m
2026-10-09T05:42:41.9561444Z [36;1m    'schema': 'p8-mac-supervisor-workflow-terminal-v1',[0m
2026-10-09T05:42:41.9562113Z [36;1m    'recorded_at_utc': datetime.datetime.now(datetime.timezone.utc).isoformat(),[0m
2026-10-09T05:42:41.9562616Z [36;1m    'controller_commit': os.environ['GITHUB_SHA'],[0m
2026-10-09T05:42:41.9563032Z [36;1m    'expected_source': 'a23bb72d3c954f385b99fe81ce9189885c208557',[0m
2026-10-09T05:42:41.9563475Z [36;1m    'stage_outcomes': {key: os.environ.get(key) for key in ([0m
2026-10-09T05:42:41.9564211Z [36;1m        'P8_INITIALIZE_OUTCOME', 'P8_CONTROLLER_OUTCOME', 'P8_ORIGINAL_OUTCOME',[0m
2026-10-09T05:42:41.9564682Z [36;1m        'P8_TOOLCHAIN_OUTCOME', 'P8_OBSERVATION_OUTCOME',[0m
2026-10-09T05:42:41.9565036Z [36;1m        'P8_JOB_STATUS_BEFORE_UPLOAD')},[0m
2026-10-09T05:42:41.9565595Z [36;1m    'receipt_scope': 'Workflow outcome only; diagnostic sampling success is not original test or TODO acceptance',[0m
2026-10-09T05:42:41.9566130Z [36;1m    'tasks_changed': False,[0m
2026-10-09T05:42:41.9566382Z [36;1m}[0m
2026-10-09T05:42:41.9566728Z [36;1mwith (root / 'workflow-terminal.json').open('x', encoding='utf-8') as output:[0m
2026-10-09T05:42:41.9567217Z [36;1m    json.dump(receipt, output, indent=2, allow_nan=False)[0m
2026-10-09T05:42:41.9567560Z [36;1m    output.write('\n')[0m
2026-10-09T05:42:41.9567792Z [36;1mPY[0m
2026-10-09T05:42:41.9628530Z shell: /usr/bin/bash --noprofile --norc -e -o pipefail {0}
2026-10-09T05:42:41.9628875Z env:
2026-10-09T05:42:41.9629083Z   PYTHONDONTWRITEBYTECODE: 1
2026-10-09T05:42:41.9629343Z   GIT_OPTIONAL_LOCKS: 0
2026-10-09T05:42:41.9629573Z   CARGO_HOME: /home/runner/.cargo
2026-10-09T05:42:41.9629831Z   CARGO_INCREMENTAL: 0
2026-10-09T05:42:41.9630051Z   CARGO_TERM_COLOR: always
2026-10-09T05:42:41.9630290Z   P8_INITIALIZE_OUTCOME: success
2026-10-09T05:42:41.9630537Z   P8_CONTROLLER_OUTCOME: success
2026-10-09T05:42:41.9630776Z   P8_ORIGINAL_OUTCOME: success
2026-10-09T05:42:41.9631012Z   P8_TOOLCHAIN_OUTCOME: success
2026-10-09T05:42:41.9631256Z   P8_OBSERVATION_OUTCOME: success
2026-10-09T05:42:41.9631518Z   P8_JOB_STATUS_BEFORE_UPLOAD: success
2026-10-09T05:42:41.9631777Z ##[endgroup]
2026-10-09T05:42:42.0028257Z ##[group]Run actions/upload-artifact@v4
2026-10-09T05:42:42.0028553Z with:
2026-10-09T05:42:42.0028879Z   name: p8-mac-supervisor-diagnosis-ubuntu-latest-37889857154-attempt1
2026-10-09T05:42:42.0029422Z   path: /home/runner/work/_temp/p8-mac-supervisor-diagnosis-37889857154-attempt1
2026-10-09T05:42:42.0029840Z   include-hidden-files: true
2026-10-09T05:42:42.0030093Z   if-no-files-found: error
2026-10-09T05:42:42.0030324Z   compression-level: 6
2026-10-09T05:42:42.0030539Z   overwrite: false
2026-10-09T05:42:42.0030734Z env:
2026-10-09T05:42:42.0030935Z   PYTHONDONTWRITEBYTECODE: 1
2026-10-09T05:42:42.0031175Z   GIT_OPTIONAL_LOCKS: 0
2026-10-09T05:42:42.0031402Z   CARGO_HOME: /home/runner/.cargo
2026-10-09T05:42:42.0031647Z   CARGO_INCREMENTAL: 0
2026-10-09T05:42:42.0031867Z   CARGO_TERM_COLOR: always
2026-10-09T05:42:42.0032087Z ##[endgroup]
2026-10-09T05:42:42.1686928Z (node:2829) [DEP0040] DeprecationWarning: The `punycode` module is deprecated. Please use a userland alternative instead.
2026-10-09T05:42:42.1688243Z (Use `node --trace-deprecation ...` to show where the warning was created)
2026-10-09T05:42:42.1876168Z With the provided path, there will be 85 files uploaded
2026-10-09T05:42:42.1881574Z Artifact name is valid!
2026-10-09T05:42:42.1882357Z Root directory input is valid!
2026-10-09T05:42:42.4252508Z Beginning upload of artifact content to blob storage
2026-10-09T05:42:42.6458415Z (node:2829) [DEP0169] DeprecationWarning: `url.parse()` behavior is not standardized and prone to errors that have security implications. Use the WHATWG URL API instead. CVEs are not issued for `url.parse()` vulnerabilities.
2026-10-09T05:42:42.9475720Z Uploaded bytes 1338309
2026-10-09T05:42:42.9802456Z Finished uploading artifact content to blob storage!
2026-10-09T05:42:42.9803603Z SHA256 digest of uploaded artifact zip is 0771ee604dec006e800dd390c98fcacb3e7c8ff9d3b63402d921a7c974fde1db
2026-10-09T05:42:42.9805911Z Finalizing artifact upload
2026-10-09T05:42:43.2061049Z Artifact p8-mac-supervisor-diagnosis-ubuntu-latest-37889857154-attempt1.zip successfully finalized. Artifact ID 11598235620
2026-10-09T05:42:43.2062734Z Artifact p8-mac-supervisor-diagnosis-ubuntu-latest-37889857154-attempt1 has been successfully uploaded! Final size is 1338309 bytes. Artifact ID is 11598235620
2026-10-09T05:42:43.2067066Z Artifact download URL: https://github.com/jyqj/codecortex/actions/runs/37889857154/artifacts/11598235620
2026-10-09T05:42:43.2247715Z Post job cleanup.
2026-10-09T05:42:43.3077387Z [command]/usr/bin/git version
2026-10-09T05:42:43.3113374Z git version 2.55.0
2026-10-09T05:42:43.3150066Z Temporarily overriding HOME='/home/runner/work/_temp/7bae2e36-4b4a-4203-b853-e76fd454c76a' before making global git config changes
2026-10-09T05:42:43.3151024Z Adding repository directory to the temporary git global config as a safe directory
2026-10-09T05:42:43.3155372Z [command]/usr/bin/git config --global --add safe.directory /home/runner/work/codecortex/codecortex/original
2026-10-09T05:42:43.3189778Z [command]/usr/bin/git config --local --name-only --get-regexp core\.sshCommand
2026-10-09T05:42:43.3223214Z [command]/usr/bin/git submodule foreach --recursive sh -c "git config --local --name-only --get-regexp 'core\.sshCommand' && git config --local --unset-all 'core.sshCommand' || :"
2026-10-09T05:42:43.3463815Z [command]/usr/bin/git config --local --name-only --get-regexp http\.https\:\/\/github\.com\/\.extraheader
2026-10-09T05:42:43.3494087Z [command]/usr/bin/git submodule foreach --recursive sh -c "git config --local --name-only --get-regexp 'http\.https\:\/\/github\.com\/\.extraheader' && git config --local --unset-all 'http.https://github.com/.extraheader' || :"
2026-10-09T05:42:43.3736199Z [command]/usr/bin/git config --local --name-only --get-regexp ^includeIf\.gitdir:
2026-10-09T05:42:43.3766695Z [command]/usr/bin/git submodule foreach --recursive git config --local --show-origin --name-only --get-regexp remote.origin.url
2026-10-09T05:42:43.4160025Z Post job cleanup.
2026-10-09T05:42:43.5002436Z [command]/usr/bin/git version
2026-10-09T05:42:43.5038819Z git version 2.55.0
2026-10-09T05:42:43.5076633Z Temporarily overriding HOME='/home/runner/work/_temp/349a5e31-12c5-43db-8f77-295e036542ce' before making global git config changes
2026-10-09T05:42:43.5077540Z Adding repository directory to the temporary git global config as a safe directory
2026-10-09T05:42:43.5083369Z [command]/usr/bin/git config --global --add safe.directory /home/runner/work/codecortex/codecortex/controller
2026-10-09T05:42:43.5118255Z [command]/usr/bin/git config --local --name-only --get-regexp core\.sshCommand
2026-10-09T05:42:43.5152486Z [command]/usr/bin/git submodule foreach --recursive sh -c "git config --local --name-only --get-regexp 'core\.sshCommand' && git config --local --unset-all 'core.sshCommand' || :"
2026-10-09T05:42:43.5414924Z [command]/usr/bin/git config --local --name-only --get-regexp http\.https\:\/\/github\.com\/\.extraheader
2026-10-09T05:42:43.5450659Z [command]/usr/bin/git submodule foreach --recursive sh -c "git config --local --name-only --get-regexp 'http\.https\:\/\/github\.com\/\.extraheader' && git config --local --unset-all 'http.https://github.com/.extraheader' || :"
2026-10-09T05:42:43.5717566Z [command]/usr/bin/git config --local --name-only --get-regexp ^includeIf\.gitdir:
2026-10-09T05:42:43.5749340Z [command]/usr/bin/git submodule foreach --recursive git config --local --show-origin --name-only --get-regexp remote.origin.url
2026-10-09T05:42:43.6157811Z Cleaning up orphan processes
2026-10-09T05:42:43.6470331Z ##[warning]Node.js 20 is deprecated. The following actions target Node.js 20 but are being forced to run on Node.js 24: actions/checkout@v4, actions/upload-artifact@v4. For more information see: https://github.blog/changelog/2025-09-19-deprecation-of-node-20-on-github-actions-runners/
