2026-10-09T09:34:41.5386060Z Current runner version: '2.337.0'
2026-10-09T09:34:41.5423301Z ##[group]Runner Image Provisioner
2026-10-09T09:34:41.5423914Z Hosted Compute Agent
2026-10-09T09:34:41.5424358Z Version: 20261002.596
2026-10-09T09:34:41.5424747Z Commit: c3d12f3313a95f25162a1503be624f3b0617f8c0
2026-10-09T09:34:41.5425174Z Build Date: 2026-10-02T22:28:27Z
2026-10-09T09:34:41.5425636Z Worker ID: {6b471a54-0180-4867-aaa4-55d667af3301}
2026-10-09T09:34:41.5426087Z Region: centralus
2026-10-09T09:34:41.5426453Z Cloud: Azure
2026-10-09T09:34:41.5426796Z ##[endgroup]
2026-10-09T09:34:41.5427588Z ##[group]Operating System
2026-10-09T09:34:41.5427998Z Ubuntu
2026-10-09T09:34:41.5428381Z 24.04.5
2026-10-09T09:34:41.5428721Z LTS
2026-10-09T09:34:41.5429050Z ##[endgroup]
2026-10-09T09:34:41.5429392Z ##[group]Runner Image
2026-10-09T09:34:41.5429786Z Image: ubuntu-24.04
2026-10-09T09:34:41.5430166Z Version: 20261004.327.1
2026-10-09T09:34:41.5430972Z Included Software: https://github.com/actions/runner-images/blob/ubuntu24/20261004.327/images/ubuntu/Ubuntu2404-Readme.md
2026-10-09T09:34:41.5432077Z Image Release: https://github.com/actions/runner-images/releases/tag/ubuntu24%2F20261004.327
2026-10-09T09:34:41.5432683Z ##[endgroup]
2026-10-09T09:34:41.5433400Z ##[group]GITHUB_TOKEN Permissions
2026-10-09T09:34:41.5434661Z Contents: read
2026-10-09T09:34:41.5435013Z Metadata: read
2026-10-09T09:34:41.5435343Z ##[endgroup]
2026-10-09T09:34:41.5436760Z Secret source: Actions
2026-10-09T09:34:41.5437354Z Cache mode: write
2026-10-09T09:34:41.5437839Z Prepare workflow directory
2026-10-09T09:34:41.5704073Z Prepare all required actions
2026-10-09T09:34:41.5738305Z Getting action download info
2026-10-09T09:34:41.8134612Z Download action repository 'actions/checkout@v4' (SHA:11d5960a326750d5838078e36cf38b85af677262)
2026-10-09T09:34:41.8848209Z Download action repository 'dtolnay/rust-toolchain@stable' (SHA:686976e191b89faba57d3206551f0f330d8cb249)
2026-10-09T09:34:42.0523252Z Download action repository 'actions/upload-artifact@v4' (SHA:ea165f8d65b6e75b540449e92b4886f43607fa02)
2026-10-09T09:34:42.2712788Z Complete job name: build
2026-10-09T09:34:42.3223450Z ##[group]Run actions/checkout@v4
2026-10-09T09:34:42.3223872Z with:
2026-10-09T09:34:42.3224141Z   ref: 3ffcefc3b28ee1a4ed80caecebd7208a45c3e302
2026-10-09T09:34:42.3224487Z   sparse-checkout-cone-mode: false
2026-10-09T09:34:42.3224796Z   sparse-checkout: /*
!/artifacts/

2026-10-09T09:34:42.3225099Z   repository: jyqj/codecortex
2026-10-09T09:34:42.3227037Z   token: ***
2026-10-09T09:34:42.3227270Z   ssh-strict: true
2026-10-09T09:34:42.3227511Z   ssh-user: git
2026-10-09T09:34:42.3227784Z   persist-credentials: true
2026-10-09T09:34:42.3228050Z   clean: true
2026-10-09T09:34:42.3228278Z   fetch-depth: 1
2026-10-09T09:34:42.3228514Z   fetch-tags: false
2026-10-09T09:34:42.3228754Z   show-progress: true
2026-10-09T09:34:42.3228998Z   lfs: false
2026-10-09T09:34:42.3229225Z   submodules: false
2026-10-09T09:34:42.3229470Z   set-safe-directory: true
2026-10-09T09:34:42.3229748Z   allow-unsafe-pr-checkout: false
2026-10-09T09:34:42.3230117Z env:
2026-10-09T09:34:42.3230392Z   CARGO_TERM_COLOR: never
2026-10-09T09:34:42.3230653Z   CARGO_INCREMENTAL: 0
2026-10-09T09:34:42.3230902Z   CARGO_BUILD_JOBS: 2
2026-10-09T09:34:42.3231280Z   RUSTFLAGS: 
2026-10-09T09:34:42.3231510Z ##[endgroup]
2026-10-09T09:34:42.3850784Z Syncing repository: jyqj/codecortex
2026-10-09T09:34:42.3852043Z ##[group]Getting Git version info
2026-10-09T09:34:42.3852417Z Working directory is '/home/runner/work/codecortex/codecortex'
2026-10-09T09:34:42.3852984Z [command]/usr/bin/git version
2026-10-09T09:34:42.3899653Z git version 2.55.0
2026-10-09T09:34:42.3910389Z ##[endgroup]
2026-10-09T09:34:42.3918710Z Temporarily overriding HOME='/home/runner/work/_temp/372380a4-d016-43e6-8055-7f4d375935cb' before making global git config changes
2026-10-09T09:34:42.3919497Z Adding repository directory to the temporary git global config as a safe directory
2026-10-09T09:34:42.3922185Z [command]/usr/bin/git config --global --add safe.directory /home/runner/work/codecortex/codecortex
2026-10-09T09:34:42.3955557Z Deleting the contents of '/home/runner/work/codecortex/codecortex'
2026-10-09T09:34:42.3957763Z ##[group]Initializing the repository
2026-10-09T09:34:42.3960080Z [command]/usr/bin/git init /home/runner/work/codecortex/codecortex
2026-10-09T09:34:42.4087260Z hint: Using 'master' as the name for the initial branch. This default branch name
2026-10-09T09:34:42.4087925Z hint: will change to "main" in Git 3.0. To configure the initial branch name
2026-10-09T09:34:42.4088493Z hint: to use in all of your new repositories, which will suppress this warning,
2026-10-09T09:34:42.4089128Z hint: call:
2026-10-09T09:34:42.4089454Z hint:
2026-10-09T09:34:42.4089739Z hint: 	git config --global init.defaultBranch <name>
2026-10-09T09:34:42.4090057Z hint:
2026-10-09T09:34:42.4090548Z hint: Names commonly chosen instead of 'master' are 'main', 'trunk' and
2026-10-09T09:34:42.4091464Z hint: 'development'. The just-created branch can be renamed via this command:
2026-10-09T09:34:42.4092111Z hint:
2026-10-09T09:34:42.4092461Z hint: 	git branch -m <name>
2026-10-09T09:34:42.4092854Z hint:
2026-10-09T09:34:42.4093364Z hint: Disable this message with "git config set advice.defaultBranchName false"
2026-10-09T09:34:42.4094244Z Initialized empty Git repository in /home/runner/work/codecortex/codecortex/.git/
2026-10-09T09:34:42.4096679Z [command]/usr/bin/git remote add origin https://github.com/jyqj/codecortex
2026-10-09T09:34:42.4131870Z ##[endgroup]
2026-10-09T09:34:42.4132278Z ##[group]Disabling automatic garbage collection
2026-10-09T09:34:42.4134120Z [command]/usr/bin/git config --local gc.auto 0
2026-10-09T09:34:42.4156007Z ##[endgroup]
2026-10-09T09:34:42.4156389Z ##[group]Setting up auth
2026-10-09T09:34:42.4159871Z [command]/usr/bin/git config --local --name-only --get-regexp core\.sshCommand
2026-10-09T09:34:42.4182017Z [command]/usr/bin/git submodule foreach --recursive sh -c "git config --local --name-only --get-regexp 'core\.sshCommand' && git config --local --unset-all 'core.sshCommand' || :"
2026-10-09T09:34:42.4440727Z [command]/usr/bin/git config --local --name-only --get-regexp http\.https\:\/\/github\.com\/\.extraheader
2026-10-09T09:34:42.4462332Z [command]/usr/bin/git submodule foreach --recursive sh -c "git config --local --name-only --get-regexp 'http\.https\:\/\/github\.com\/\.extraheader' && git config --local --unset-all 'http.https://github.com/.extraheader' || :"
2026-10-09T09:34:42.4624313Z [command]/usr/bin/git config --local --name-only --get-regexp ^includeIf\.gitdir:
2026-10-09T09:34:42.4646308Z [command]/usr/bin/git submodule foreach --recursive git config --local --show-origin --name-only --get-regexp remote.origin.url
2026-10-09T09:34:42.4812408Z [command]/usr/bin/git config --local http.https://github.com/.extraheader AUTHORIZATION: basic ***
2026-10-09T09:34:42.4840147Z ##[endgroup]
2026-10-09T09:34:42.4840647Z ##[group]Fetching the repository
2026-10-09T09:34:42.4845906Z [command]/usr/bin/git -c protocol.version=2 fetch --no-tags --prune --no-recurse-submodules --filter=blob:none --depth=1 origin 3ffcefc3b28ee1a4ed80caecebd7208a45c3e302
2026-10-09T09:34:43.0493592Z From https://github.com/jyqj/codecortex
2026-10-09T09:34:43.0494706Z  * branch            3ffcefc3b28ee1a4ed80caecebd7208a45c3e302 -> FETCH_HEAD
2026-10-09T09:34:43.0496698Z ##[endgroup]
2026-10-09T09:34:43.0497448Z ##[group]Determining the checkout info
2026-10-09T09:34:43.0498249Z ##[endgroup]
2026-10-09T09:34:43.0498944Z ##[group]Setting up sparse checkout
2026-10-09T09:34:43.0508338Z [command]/usr/bin/git config core.sparseCheckout true
2026-10-09T09:34:43.0533389Z [command]/usr/bin/git rev-parse --git-path info/sparse-checkout
2026-10-09T09:34:43.0552685Z .git/info/sparse-checkout
2026-10-09T09:34:43.0562053Z ##[endgroup]
2026-10-09T09:34:43.0563024Z ##[group]Checking out the ref
2026-10-09T09:34:43.0564034Z [command]/usr/bin/git checkout --progress --force 3ffcefc3b28ee1a4ed80caecebd7208a45c3e302
2026-10-09T09:34:44.6384324Z Updating files:   0% (1/1656)
2026-10-09T09:34:44.6385649Z Updating files:   1% (17/1656)
2026-10-09T09:34:44.6398676Z Updating files:   2% (34/1656)
2026-10-09T09:34:44.6399126Z Updating files:   3% (50/1656)
2026-10-09T09:34:44.6399447Z Updating files:   4% (67/1656)
2026-10-09T09:34:44.6399803Z Updating files:   5% (83/1656)
2026-10-09T09:34:44.6400141Z Updating files:   6% (100/1656)
2026-10-09T09:34:44.6429594Z Updating files:   7% (116/1656)
2026-10-09T09:34:44.6473560Z Updating files:   8% (133/1656)
2026-10-09T09:34:44.6490942Z Updating files:   9% (150/1656)
2026-10-09T09:34:44.6505231Z Updating files:  10% (166/1656)
2026-10-09T09:34:44.6511768Z Updating files:  11% (183/1656)
2026-10-09T09:34:44.6519177Z Updating files:  12% (199/1656)
2026-10-09T09:34:44.6525440Z Updating files:  13% (216/1656)
2026-10-09T09:34:44.6537594Z Updating files:  14% (232/1656)
2026-10-09T09:34:44.6551422Z Updating files:  15% (249/1656)
2026-10-09T09:34:44.6560931Z Updating files:  16% (265/1656)
2026-10-09T09:34:44.6571528Z Updating files:  17% (282/1656)
2026-10-09T09:34:44.6589885Z Updating files:  18% (299/1656)
2026-10-09T09:34:44.6606144Z Updating files:  19% (315/1656)
2026-10-09T09:34:44.6625297Z Updating files:  20% (332/1656)
2026-10-09T09:34:44.6637358Z Updating files:  21% (348/1656)
2026-10-09T09:34:44.6648192Z Updating files:  22% (365/1656)
2026-10-09T09:34:44.6663774Z Updating files:  23% (381/1656)
2026-10-09T09:34:44.6677557Z Updating files:  24% (398/1656)
2026-10-09T09:34:44.6682639Z Updating files:  25% (414/1656)
2026-10-09T09:34:44.6686804Z Updating files:  26% (431/1656)
2026-10-09T09:34:44.6690952Z Updating files:  27% (448/1656)
2026-10-09T09:34:44.6695613Z Updating files:  28% (464/1656)
2026-10-09T09:34:44.6699972Z Updating files:  29% (481/1656)
2026-10-09T09:34:44.6704931Z Updating files:  30% (497/1656)
2026-10-09T09:34:44.6712339Z Updating files:  31% (514/1656)
2026-10-09T09:34:44.6717732Z Updating files:  32% (530/1656)
2026-10-09T09:34:44.6728467Z Updating files:  33% (547/1656)
2026-10-09T09:34:44.6738511Z Updating files:  34% (564/1656)
2026-10-09T09:34:44.6749618Z Updating files:  35% (580/1656)
2026-10-09T09:34:44.6760422Z Updating files:  36% (597/1656)
2026-10-09T09:34:44.6770062Z Updating files:  37% (613/1656)
2026-10-09T09:34:44.6777727Z Updating files:  38% (630/1656)
2026-10-09T09:34:44.6787358Z Updating files:  39% (646/1656)
2026-10-09T09:34:44.6797953Z Updating files:  40% (663/1656)
2026-10-09T09:34:44.6811490Z Updating files:  41% (679/1656)
2026-10-09T09:34:44.6820526Z Updating files:  42% (696/1656)
2026-10-09T09:34:44.6831260Z Updating files:  43% (713/1656)
2026-10-09T09:34:44.6847732Z Updating files:  44% (729/1656)
2026-10-09T09:34:44.6856550Z Updating files:  45% (746/1656)
2026-10-09T09:34:44.6869135Z Updating files:  46% (762/1656)
2026-10-09T09:34:44.6879316Z Updating files:  47% (779/1656)
2026-10-09T09:34:44.6888038Z Updating files:  48% (795/1656)
2026-10-09T09:34:44.6897302Z Updating files:  49% (812/1656)
2026-10-09T09:34:44.6905441Z Updating files:  50% (828/1656)
2026-10-09T09:34:44.6914075Z Updating files:  51% (845/1656)
2026-10-09T09:34:44.6922409Z Updating files:  52% (862/1656)
2026-10-09T09:34:44.6934339Z Updating files:  53% (878/1656)
2026-10-09T09:34:44.6947198Z Updating files:  54% (895/1656)
2026-10-09T09:34:44.6956057Z Updating files:  55% (911/1656)
2026-10-09T09:34:44.6970886Z Updating files:  56% (928/1656)
2026-10-09T09:34:44.6983208Z Updating files:  57% (944/1656)
2026-10-09T09:34:44.6998973Z Updating files:  58% (961/1656)
2026-10-09T09:34:44.7015280Z Updating files:  59% (978/1656)
2026-10-09T09:34:44.7028497Z Updating files:  60% (994/1656)
2026-10-09T09:34:44.7043895Z Updating files:  61% (1011/1656)
2026-10-09T09:34:44.7058252Z Updating files:  62% (1027/1656)
2026-10-09T09:34:44.7066009Z Updating files:  63% (1044/1656)
2026-10-09T09:34:44.7082594Z Updating files:  64% (1060/1656)
2026-10-09T09:34:44.7093748Z Updating files:  65% (1077/1656)
2026-10-09T09:34:44.7106775Z Updating files:  66% (1093/1656)
2026-10-09T09:34:44.7116824Z Updating files:  67% (1110/1656)
2026-10-09T09:34:44.7125458Z Updating files:  68% (1127/1656)
2026-10-09T09:34:44.7138786Z Updating files:  69% (1143/1656)
2026-10-09T09:34:44.7150137Z Updating files:  70% (1160/1656)
2026-10-09T09:34:44.7155297Z Updating files:  71% (1176/1656)
2026-10-09T09:34:44.7172033Z Updating files:  72% (1193/1656)
2026-10-09T09:34:44.7184181Z Updating files:  73% (1209/1656)
2026-10-09T09:34:44.7195860Z Updating files:  74% (1226/1656)
2026-10-09T09:34:44.7206006Z Updating files:  75% (1242/1656)
2026-10-09T09:34:44.7213416Z Updating files:  76% (1259/1656)
2026-10-09T09:34:44.7218760Z Updating files:  77% (1276/1656)
2026-10-09T09:34:44.7227154Z Updating files:  78% (1292/1656)
2026-10-09T09:34:44.7235780Z Updating files:  79% (1309/1656)
2026-10-09T09:34:44.7259265Z Updating files:  80% (1325/1656)
2026-10-09T09:34:44.7265394Z Updating files:  81% (1342/1656)
2026-10-09T09:34:44.7273151Z Updating files:  82% (1358/1656)
2026-10-09T09:34:44.7283635Z Updating files:  83% (1375/1656)
2026-10-09T09:34:44.7289380Z Updating files:  84% (1392/1656)
2026-10-09T09:34:44.7298040Z Updating files:  85% (1408/1656)
2026-10-09T09:34:44.7329739Z Updating files:  86% (1425/1656)
2026-10-09T09:34:44.7337745Z Updating files:  87% (1441/1656)
2026-10-09T09:34:44.7345507Z Updating files:  88% (1458/1656)
2026-10-09T09:34:44.7355474Z Updating files:  89% (1474/1656)
2026-10-09T09:34:44.7366735Z Updating files:  90% (1491/1656)
2026-10-09T09:34:44.7387681Z Updating files:  91% (1507/1656)
2026-10-09T09:34:44.7401348Z Updating files:  92% (1524/1656)
2026-10-09T09:34:44.7417763Z Updating files:  93% (1541/1656)
2026-10-09T09:34:44.7427211Z Updating files:  94% (1557/1656)
2026-10-09T09:34:44.7439319Z Updating files:  95% (1574/1656)
2026-10-09T09:34:44.7449630Z Updating files:  96% (1590/1656)
2026-10-09T09:34:44.7461531Z Updating files:  97% (1607/1656)
2026-10-09T09:34:44.7471253Z Updating files:  98% (1623/1656)
2026-10-09T09:34:44.7479032Z Updating files:  99% (1640/1656)
2026-10-09T09:34:44.7479311Z Updating files: 100% (1656/1656)
2026-10-09T09:34:44.7479536Z Updating files: 100% (1656/1656), done.
2026-10-09T09:34:44.7648413Z Note: switching to '3ffcefc3b28ee1a4ed80caecebd7208a45c3e302'.
2026-10-09T09:34:44.7648638Z 
2026-10-09T09:34:44.7648810Z You are in 'detached HEAD' state. You can look around, make experimental
2026-10-09T09:34:44.7649189Z changes and commit them, and you can discard any commits you make in this
2026-10-09T09:34:44.7649561Z state without impacting any branches by switching back to a branch.
2026-10-09T09:34:44.7649769Z 
2026-10-09T09:34:44.7649928Z If you want to create a new branch to retain commits you create, you may
2026-10-09T09:34:44.7650292Z do so (now or later) by using -c with the switch command. Example:
2026-10-09T09:34:44.7650490Z 
2026-10-09T09:34:44.7650594Z   git switch -c <new-branch-name>
2026-10-09T09:34:44.7650737Z 
2026-10-09T09:34:44.7650840Z Or undo this operation with:
2026-10-09T09:34:44.7650967Z 
2026-10-09T09:34:44.7651228Z   git switch -
2026-10-09T09:34:44.7651334Z 
2026-10-09T09:34:44.7651513Z Turn off this advice by setting config variable advice.detachedHead to false
2026-10-09T09:34:44.7651763Z 
2026-10-09T09:34:44.7651963Z HEAD is now at 3ffcefc ci(review): pin independently reviewed PR180 integration inputs
2026-10-09T09:34:44.7667117Z ##[endgroup]
2026-10-09T09:34:44.7702367Z [command]/usr/bin/git log -1 --format=%H
2026-10-09T09:34:44.7722323Z 3ffcefc3b28ee1a4ed80caecebd7208a45c3e302
2026-10-09T09:34:44.7976803Z ##[group]Run dtolnay/rust-toolchain@stable
2026-10-09T09:34:44.7977090Z with:
2026-10-09T09:34:44.7977295Z   toolchain: 1.95.0
2026-10-09T09:34:44.7977497Z env:
2026-10-09T09:34:44.7977696Z   CARGO_TERM_COLOR: never
2026-10-09T09:34:44.7977918Z   CARGO_INCREMENTAL: 0
2026-10-09T09:34:44.7978125Z   CARGO_BUILD_JOBS: 2
2026-10-09T09:34:44.7978333Z   RUSTFLAGS: 
2026-10-09T09:34:44.7978533Z ##[endgroup]
2026-10-09T09:34:44.8024492Z ##[start-action display=Parse toolchain version;id=__dtolnay_rust-toolchain.parse]
2026-10-09T09:34:44.8068267Z ##[group]Run if [[ -z $toolchain ]]; then
2026-10-09T09:34:44.8068643Z [36;1mif [[ -z $toolchain ]]; then[0m
2026-10-09T09:34:44.8069240Z [36;1m  # GitHub does not enforce `required: true` inputs itself. https://github.com/actions/runner/issues/1070[0m
2026-10-09T09:34:44.8069655Z [36;1m  echo "'toolchain' is a required input" >&2[0m
2026-10-09T09:34:44.8069916Z [36;1m  exit 1[0m
2026-10-09T09:34:44.8070236Z [36;1melif [[ $toolchain =~ ^stable' '[0-9]+' '(year|month|week|day)s?' 'ago$ ]]; then[0m
2026-10-09T09:34:44.8070572Z [36;1m  if [[ Linux == macOS ]]; then[0m
2026-10-09T09:34:44.8071126Z [36;1m    echo "toolchain=1.$((($(date -v-$(sed 's/stable \([0-9]*\) \(.\).*/\1\2/' <<< $toolchain) +%s)/60/60/24-16569)/7/6))" >> $GITHUB_OUTPUT[0m
2026-10-09T09:34:44.8071511Z [36;1m  else[0m
2026-10-09T09:34:44.8071840Z [36;1m    echo "toolchain=1.$((($(date --date "${toolchain#stable }" +%s)/60/60/24-16569)/7/6))" >> $GITHUB_OUTPUT[0m
2026-10-09T09:34:44.8072192Z [36;1m  fi[0m
2026-10-09T09:34:44.8072452Z [36;1melif [[ $toolchain =~ ^stable' 'minus' '[0-9]+' 'releases?$ ]]; then[0m
2026-10-09T09:34:44.8072853Z [36;1m  echo "toolchain=1.$((($(date +%s)/60/60/24-16569)/7/6-${toolchain//[^0-9]/}))" >> $GITHUB_OUTPUT[0m
2026-10-09T09:34:44.8073214Z [36;1melif [[ $toolchain =~ ^1\.[0-9]+$ ]]; then[0m
2026-10-09T09:34:44.8073608Z [36;1m  echo "toolchain=1.$((i=${toolchain#1.}, c=($(date +%s)/60/60/24-16569)/7/6, i+9*i*(10*i<=c)+90*i*(100*i<=c)))" >> $GITHUB_OUTPUT[0m
2026-10-09T09:34:44.8073973Z [36;1melse[0m
2026-10-09T09:34:44.8074192Z [36;1m  delimiter=EOF[0m
2026-10-09T09:34:44.8074463Z [36;1m  while [[ $toolchain == *$delimiter* ]]; do delimiter+=_; done[0m
2026-10-09T09:34:44.8074845Z [36;1m  printf 'toolchain<<%s\n%s\n%s\n' "$delimiter" "$toolchain" "$delimiter" >> $GITHUB_OUTPUT[0m
2026-10-09T09:34:44.8075172Z [36;1mfi[0m
2026-10-09T09:34:44.8335421Z shell: /usr/bin/bash --noprofile --norc -e -o pipefail {0}
2026-10-09T09:34:44.8335752Z env:
2026-10-09T09:34:44.8335975Z   CARGO_TERM_COLOR: never
2026-10-09T09:34:44.8336198Z   CARGO_INCREMENTAL: 0
2026-10-09T09:34:44.8336433Z   CARGO_BUILD_JOBS: 2
2026-10-09T09:34:44.8336636Z   RUSTFLAGS: 
2026-10-09T09:34:44.8336833Z   toolchain: 1.95.0
2026-10-09T09:34:44.8337034Z ##[endgroup]
2026-10-09T09:34:44.8456030Z ##[end-action id=__dtolnay_rust-toolchain.parse;outcome=success;conclusion=success;duration_ms=43]
2026-10-09T09:34:44.8459723Z ##[start-action display=Set $CARGO_HOME;id=__dtolnay_rust-toolchain.__run]
2026-10-09T09:34:44.8524464Z ##[group]Run echo CARGO_HOME=${CARGO_HOME:-"$HOME/.cargo"} >> $GITHUB_ENV
2026-10-09T09:34:44.8524858Z [36;1mecho CARGO_HOME=${CARGO_HOME:-"$HOME/.cargo"} >> $GITHUB_ENV[0m
2026-10-09T09:34:44.8578405Z shell: /usr/bin/bash --noprofile --norc -e -o pipefail {0}
2026-10-09T09:34:44.8578680Z env:
2026-10-09T09:34:44.8578883Z   CARGO_TERM_COLOR: never
2026-10-09T09:34:44.8579102Z   CARGO_INCREMENTAL: 0
2026-10-09T09:34:44.8579309Z   CARGO_BUILD_JOBS: 2
2026-10-09T09:34:44.8579511Z   RUSTFLAGS: 
2026-10-09T09:34:44.8579709Z ##[endgroup]
2026-10-09T09:34:44.8653954Z ##[end-action id=__dtolnay_rust-toolchain.__run;outcome=success;conclusion=success;duration_ms=19]
2026-10-09T09:34:44.8656139Z ##[start-action display=Install rustup if needed;id=__dtolnay_rust-toolchain.__run_2]
2026-10-09T09:34:44.8682548Z ##[group]Run if ! command -v rustup &>/dev/null; then
2026-10-09T09:34:44.8682854Z [36;1mif ! command -v rustup &>/dev/null; then[0m
2026-10-09T09:34:44.8683534Z [36;1m  curl --proto '=https' --tlsv1.2 --retry 10 --retry-connrefused --location --silent --show-error --fail https://sh.rustup.rs | sh -s -- --default-toolchain none -y[0m
2026-10-09T09:34:44.8684041Z [36;1m  echo "$CARGO_HOME/bin" >> $GITHUB_PATH[0m
2026-10-09T09:34:44.8684282Z [36;1mfi[0m
2026-10-09T09:34:44.8735595Z shell: /usr/bin/bash --noprofile --norc -e -o pipefail {0}
2026-10-09T09:34:44.8735871Z env:
2026-10-09T09:34:44.8736068Z   CARGO_TERM_COLOR: never
2026-10-09T09:34:44.8736275Z   CARGO_INCREMENTAL: 0
2026-10-09T09:34:44.8736470Z   CARGO_BUILD_JOBS: 2
2026-10-09T09:34:44.8736663Z   RUSTFLAGS: 
2026-10-09T09:34:44.8737028Z   CARGO_HOME: /home/runner/.cargo
2026-10-09T09:34:44.8737247Z ##[endgroup]
2026-10-09T09:34:44.8813691Z ##[end-action id=__dtolnay_rust-toolchain.__run_2;outcome=success;conclusion=success;duration_ms=15]
2026-10-09T09:34:44.8816125Z ##[start-action display=Install rustup if needed on windows;id=__dtolnay_rust-toolchain.__run_3]
2026-10-09T09:34:44.8823160Z ##[end-action id=__dtolnay_rust-toolchain.__run_3;outcome=skipped;conclusion=skipped;duration_ms=0]
2026-10-09T09:34:44.8832718Z ##[start-action display=rustup toolchain install 1.95.0;id=__dtolnay_rust-toolchain.__run_4]
2026-10-09T09:34:44.8851881Z ##[group]Run set -f  # split targets and components on commas and whitespace, without glob expansion
2026-10-09T09:34:44.8852370Z [36;1mset -f  # split targets and components on commas and whitespace, without glob expansion[0m
2026-10-09T09:34:44.8852698Z [36;1mflags=()[0m
2026-10-09T09:34:44.8852932Z [36;1mfor t in ${targets//,/ }; do flags+=(--target "$t"); done[0m
2026-10-09T09:34:44.8853263Z [36;1mfor c in ${components//,/ }; do flags+=(--component "$c"); done[0m
2026-10-09T09:34:44.8853631Z [36;1mif [[ $toolchain == nightly && -n $components ]]; then flags+=(--allow-downgrade); fi[0m
2026-10-09T09:34:44.8853978Z [36;1mlog=$(mktemp)[0m
2026-10-09T09:34:44.8854193Z [36;1mtrap 'rm -f "$log"' EXIT[0m
2026-10-09T09:34:44.8854427Z [36;1mfor attempt in 1 2 3 4 5; do[0m
2026-10-09T09:34:44.8854835Z [36;1m  if rustup toolchain install "$toolchain" "${flags[@]}" --profile minimal --no-self-update --force-non-host 2>&1 | tee "$log"; then[0m
2026-10-09T09:34:44.8855232Z [36;1m    break[0m
2026-10-09T09:34:44.8855423Z [36;1m  else[0m
2026-10-09T09:34:44.8855611Z [36;1m    status=$?[0m
2026-10-09T09:34:44.8855806Z [36;1m  fi[0m
2026-10-09T09:34:44.8856057Z [36;1m  if [[ $attempt == 5 ]] || ! grep -Fq 'checksum failed for ' "$log" \[0m
2026-10-09T09:34:44.8856451Z [36;1m      || ! grep -Fq 'this is likely due to an ongoing update of the official release server' "$log"; then[0m
2026-10-09T09:34:44.8856798Z [36;1m    exit "$status"[0m
2026-10-09T09:34:44.8857004Z [36;1m  fi[0m
2026-10-09T09:34:44.8857286Z [36;1m  echo "Retrying rustup toolchain install in 30 seconds (retry $attempt of 4)" >&2[0m
2026-10-09T09:34:44.8857601Z [36;1m  sleep 30[0m
2026-10-09T09:34:44.8857793Z [36;1mdone[0m
2026-10-09T09:34:44.8907018Z shell: /usr/bin/bash --noprofile --norc -e -o pipefail {0}
2026-10-09T09:34:44.8907284Z env:
2026-10-09T09:34:44.8907477Z   CARGO_TERM_COLOR: never
2026-10-09T09:34:44.8907689Z   CARGO_INCREMENTAL: 0
2026-10-09T09:34:44.8907892Z   CARGO_BUILD_JOBS: 2
2026-10-09T09:34:44.8908088Z   RUSTFLAGS: 
2026-10-09T09:34:44.8908288Z   CARGO_HOME: /home/runner/.cargo
2026-10-09T09:34:44.8908504Z   toolchain: 1.95.0
2026-10-09T09:34:44.8908688Z   targets: 
2026-10-09T09:34:44.8908870Z   components: 
2026-10-09T09:34:44.8909069Z   RUSTUP_PERMIT_COPY_RENAME: 1
2026-10-09T09:34:44.8909286Z ##[endgroup]
2026-10-09T09:34:44.9292318Z info: syncing channel updates for 1.95.0-x86_64-unknown-linux-gnu
2026-10-09T09:34:45.1773565Z info: latest update on 2026-04-16 for version 1.95.0 (59807616e 2026-04-14)
2026-10-09T09:34:45.1774869Z info: downloading 3 components
2026-10-09T09:34:51.2008137Z 
2026-10-09T09:34:51.2064948Z   1.95.0-x86_64-unknown-linux-gnu installed - rustc 1.95.0 (59807616e 2026-04-14)
2026-10-09T09:34:51.2065322Z 
2026-10-09T09:34:51.2137257Z ##[end-action id=__dtolnay_rust-toolchain.__run_4;outcome=success;conclusion=success;duration_ms=6330]
2026-10-09T09:34:51.2145326Z ##[start-action display=rustup default 1.95.0;id=__dtolnay_rust-toolchain.__run_5]
2026-10-09T09:34:51.2167734Z ##[group]Run rustup default "$toolchain" --force-non-host
2026-10-09T09:34:51.2167995Z [36;1mrustup default "$toolchain" --force-non-host[0m
2026-10-09T09:34:51.2222913Z shell: /usr/bin/bash --noprofile --norc -e -o pipefail {0}
2026-10-09T09:34:51.2223110Z env:
2026-10-09T09:34:51.2223240Z   CARGO_TERM_COLOR: never
2026-10-09T09:34:51.2223380Z   CARGO_INCREMENTAL: 0
2026-10-09T09:34:51.2223651Z   CARGO_BUILD_JOBS: 2
2026-10-09T09:34:51.2223785Z   RUSTFLAGS: 
2026-10-09T09:34:51.2223919Z   CARGO_HOME: /home/runner/.cargo
2026-10-09T09:34:51.2224070Z   toolchain: 1.95.0
2026-10-09T09:34:51.2224193Z ##[endgroup]
2026-10-09T09:34:51.2321429Z info: using existing install for 1.95.0-x86_64-unknown-linux-gnu
2026-10-09T09:34:51.2327007Z info: default toolchain set to 1.95.0-x86_64-unknown-linux-gnu
2026-10-09T09:34:51.2327160Z 
2026-10-09T09:34:51.2380718Z   1.95.0-x86_64-unknown-linux-gnu unchanged - rustc 1.95.0 (59807616e 2026-04-14)
2026-10-09T09:34:51.2380953Z 
2026-10-09T09:34:51.2395011Z ##[end-action id=__dtolnay_rust-toolchain.__run_5;outcome=success;conclusion=success;duration_ms=24]
2026-10-09T09:34:51.2397868Z ##[start-action display=Create cachekey;id=__dtolnay_rust-toolchain.rustc-version]
2026-10-09T09:34:51.2453711Z ##[group]Run DATE=$(rustc +"$toolchain" --version --verbose | sed -ne 's/^commit-date: \(20[0-9][0-9]\)-\([01][0-9]\)-\([0-3][0-9]\)$/\1\2\3/p')
2026-10-09T09:34:51.2454231Z [36;1mDATE=$(rustc +"$toolchain" --version --verbose | sed -ne 's/^commit-date: \(20[0-9][0-9]\)-\([01][0-9]\)-\([0-3][0-9]\)$/\1\2\3/p')[0m
2026-10-09T09:34:51.2454614Z [36;1mHASH=$(rustc +"$toolchain" --version --verbose | sed -ne 's/^commit-hash: //p')[0m
2026-10-09T09:34:51.2454907Z [36;1mecho "cachekey=$(echo $DATE$HASH | head -c12)" >> $GITHUB_OUTPUT[0m
2026-10-09T09:34:51.2505238Z shell: /usr/bin/bash --noprofile --norc -e -o pipefail {0}
2026-10-09T09:34:51.2505427Z env:
2026-10-09T09:34:51.2505567Z   CARGO_TERM_COLOR: never
2026-10-09T09:34:51.2505714Z   CARGO_INCREMENTAL: 0
2026-10-09T09:34:51.2505840Z   CARGO_BUILD_JOBS: 2
2026-10-09T09:34:51.2505962Z   RUSTFLAGS: 
2026-10-09T09:34:51.2506087Z   CARGO_HOME: /home/runner/.cargo
2026-10-09T09:34:51.2506277Z   toolchain: 1.95.0
2026-10-09T09:34:51.2506398Z ##[endgroup]
2026-10-09T09:34:51.2776071Z ##[end-action id=__dtolnay_rust-toolchain.rustc-version;outcome=success;conclusion=success;duration_ms=37]
2026-10-09T09:34:51.2778176Z ##[start-action display=Disable incremental compilation;id=__dtolnay_rust-toolchain.__run_6]
2026-10-09T09:34:51.2798951Z ##[group]Run if [ -z "${CARGO_INCREMENTAL+set}" ]; then
2026-10-09T09:34:51.2799183Z [36;1mif [ -z "${CARGO_INCREMENTAL+set}" ]; then[0m
2026-10-09T09:34:51.2799371Z [36;1m  echo CARGO_INCREMENTAL=0 >> $GITHUB_ENV[0m
2026-10-09T09:34:51.2799535Z [36;1mfi[0m
2026-10-09T09:34:51.2855335Z shell: /usr/bin/bash --noprofile --norc -e -o pipefail {0}
2026-10-09T09:34:51.2855533Z env:
2026-10-09T09:34:51.2855655Z   CARGO_TERM_COLOR: never
2026-10-09T09:34:51.2855792Z   CARGO_INCREMENTAL: 0
2026-10-09T09:34:51.2855919Z   CARGO_BUILD_JOBS: 2
2026-10-09T09:34:51.2856042Z   RUSTFLAGS: 
2026-10-09T09:34:51.2856164Z   CARGO_HOME: /home/runner/.cargo
2026-10-09T09:34:51.2856309Z ##[endgroup]
2026-10-09T09:34:51.2927332Z ##[end-action id=__dtolnay_rust-toolchain.__run_6;outcome=success;conclusion=success;duration_ms=14]
2026-10-09T09:34:51.2928827Z ##[start-action display=Enable colors in Cargo output;id=__dtolnay_rust-toolchain.__run_7]
2026-10-09T09:34:51.2947948Z ##[group]Run if [ -z "${CARGO_TERM_COLOR+set}" ]; then
2026-10-09T09:34:51.2948165Z [36;1mif [ -z "${CARGO_TERM_COLOR+set}" ]; then[0m
2026-10-09T09:34:51.2948353Z [36;1m  echo CARGO_TERM_COLOR=always >> $GITHUB_ENV[0m
2026-10-09T09:34:51.2948517Z [36;1mfi[0m
2026-10-09T09:34:51.2999398Z shell: /usr/bin/bash --noprofile --norc -e -o pipefail {0}
2026-10-09T09:34:51.2999588Z env:
2026-10-09T09:34:51.2999705Z   CARGO_TERM_COLOR: never
2026-10-09T09:34:51.2999836Z   CARGO_INCREMENTAL: 0
2026-10-09T09:34:51.2999958Z   CARGO_BUILD_JOBS: 2
2026-10-09T09:34:51.3000080Z   RUSTFLAGS: 
2026-10-09T09:34:51.3000198Z   CARGO_HOME: /home/runner/.cargo
2026-10-09T09:34:51.3000339Z ##[endgroup]
2026-10-09T09:34:51.3068308Z ##[end-action id=__dtolnay_rust-toolchain.__run_7;outcome=success;conclusion=success;duration_ms=13]
2026-10-09T09:34:51.3070671Z ##[start-action display=Enable Cargo sparse registry;id=__dtolnay_rust-toolchain.__run_8]
2026-10-09T09:34:51.3090666Z ##[group]Run # implemented in 1.66, stabilized in 1.68, made default in 1.70
2026-10-09T09:34:51.3090956Z [36;1m# implemented in 1.66, stabilized in 1.68, made default in 1.70[0m
2026-10-09T09:34:51.3091514Z [36;1mif [ -z "${CARGO_REGISTRIES_CRATES_IO_PROTOCOL+set}" -o -f "/home/runner/work/_temp"/.implicit_cargo_registries_crates_io_protocol ]; then[0m
2026-10-09T09:34:51.3091925Z [36;1m  if rustc +"$toolchain" --version --verbose | grep -q '^release: 1\.6[89]\.'; then[0m
2026-10-09T09:34:51.3092249Z [36;1m    touch "/home/runner/work/_temp"/.implicit_cargo_registries_crates_io_protocol || true[0m
2026-10-09T09:34:51.3092541Z [36;1m    echo CARGO_REGISTRIES_CRATES_IO_PROTOCOL=sparse >> $GITHUB_ENV[0m
2026-10-09T09:34:51.3092822Z [36;1m  elif rustc +"$toolchain" --version --verbose | grep -q '^release: 1\.6[67]\.'; then[0m
2026-10-09T09:34:51.3093139Z [36;1m    touch "/home/runner/work/_temp"/.implicit_cargo_registries_crates_io_protocol || true[0m
2026-10-09T09:34:51.3093418Z [36;1m    echo CARGO_REGISTRIES_CRATES_IO_PROTOCOL=git >> $GITHUB_ENV[0m
2026-10-09T09:34:51.3093619Z [36;1m  fi[0m
2026-10-09T09:34:51.3093733Z [36;1mfi[0m
2026-10-09T09:34:51.3143446Z shell: /usr/bin/bash --noprofile --norc -e -o pipefail {0}
2026-10-09T09:34:51.3143632Z env:
2026-10-09T09:34:51.3143758Z   CARGO_TERM_COLOR: never
2026-10-09T09:34:51.3143900Z   CARGO_INCREMENTAL: 0
2026-10-09T09:34:51.3144023Z   CARGO_BUILD_JOBS: 2
2026-10-09T09:34:51.3144143Z   RUSTFLAGS: 
2026-10-09T09:34:51.3144262Z   CARGO_HOME: /home/runner/.cargo
2026-10-09T09:34:51.3144404Z   toolchain: 1.95.0
2026-10-09T09:34:51.3144523Z ##[endgroup]
2026-10-09T09:34:51.3393145Z ##[end-action id=__dtolnay_rust-toolchain.__run_8;outcome=success;conclusion=success;duration_ms=32]
2026-10-09T09:34:51.3396621Z ##[start-action display=Work around spurious network errors in curl 8.0;id=__dtolnay_rust-toolchain.__run_9]
2026-10-09T09:34:51.3416792Z ##[group]Run # https://rust-lang.zulipchat.com/#narrow/stream/246057-t-cargo/topic/timeout.20investigation
2026-10-09T09:34:51.3417234Z [36;1m# https://rust-lang.zulipchat.com/#narrow/stream/246057-t-cargo/topic/timeout.20investigation[0m
2026-10-09T09:34:51.3417604Z [36;1mif rustc +"$toolchain" --version --verbose | grep -q '^release: 1\.7[01]\.'; then[0m
2026-10-09T09:34:51.3417866Z [36;1m  echo CARGO_HTTP_MULTIPLEXING=false >> $GITHUB_ENV[0m
2026-10-09T09:34:51.3418053Z [36;1mfi[0m
2026-10-09T09:34:51.3473811Z shell: /usr/bin/bash --noprofile --norc -e -o pipefail {0}
2026-10-09T09:34:51.3473999Z env:
2026-10-09T09:34:51.3474120Z   CARGO_TERM_COLOR: never
2026-10-09T09:34:51.3474255Z   CARGO_INCREMENTAL: 0
2026-10-09T09:34:51.3474382Z   CARGO_BUILD_JOBS: 2
2026-10-09T09:34:51.3474504Z   RUSTFLAGS: 
2026-10-09T09:34:51.3474626Z   CARGO_HOME: /home/runner/.cargo
2026-10-09T09:34:51.3474768Z   toolchain: 1.95.0
2026-10-09T09:34:51.3474891Z ##[endgroup]
2026-10-09T09:34:51.3632806Z ##[end-action id=__dtolnay_rust-toolchain.__run_9;outcome=success;conclusion=success;duration_ms=23]
2026-10-09T09:34:51.3636171Z ##[start-action display=rustc +1.95.0 --version --verbose;id=__dtolnay_rust-toolchain.__run_10]
2026-10-09T09:34:51.3655020Z ##[group]Run rustc +"$toolchain" --version --verbose
2026-10-09T09:34:51.3655234Z [36;1mrustc +"$toolchain" --version --verbose[0m
2026-10-09T09:34:51.3704420Z shell: /usr/bin/bash --noprofile --norc -e -o pipefail {0}
2026-10-09T09:34:51.3704727Z env:
2026-10-09T09:34:51.3704849Z   CARGO_TERM_COLOR: never
2026-10-09T09:34:51.3704986Z   CARGO_INCREMENTAL: 0
2026-10-09T09:34:51.3705114Z   CARGO_BUILD_JOBS: 2
2026-10-09T09:34:51.3705238Z   RUSTFLAGS: 
2026-10-09T09:34:51.3705363Z   CARGO_HOME: /home/runner/.cargo
2026-10-09T09:34:51.3705504Z   toolchain: 1.95.0
2026-10-09T09:34:51.3705625Z ##[endgroup]
2026-10-09T09:34:51.3843978Z rustc 1.95.0 (59807616e 2026-04-14)
2026-10-09T09:34:51.3844441Z binary: rustc
2026-10-09T09:34:51.3844745Z commit-hash: 59807616e1fa2540724bfbac14d7976d7e4a3860
2026-10-09T09:34:51.3845166Z commit-date: 2026-04-14
2026-10-09T09:34:51.3845457Z host: x86_64-unknown-linux-gnu
2026-10-09T09:34:51.3846122Z release: 1.95.0
2026-10-09T09:34:51.3846352Z LLVM version: 22.1.2
2026-10-09T09:34:51.3858435Z ##[end-action id=__dtolnay_rust-toolchain.__run_10;outcome=success;conclusion=success;duration_ms=22]
2026-10-09T09:34:51.3908685Z ##[group]Run python3 scripts/p8_scale_matrix.py build \
2026-10-09T09:34:51.3908919Z [36;1mpython3 scripts/p8_scale_matrix.py build \[0m
2026-10-09T09:34:51.3909161Z [36;1m  --root "$GITHUB_WORKSPACE" --output "$RUNNER_TEMP/p8-scale-build" \[0m
2026-10-09T09:34:51.3909415Z [36;1m  --target-directory "$RUNNER_TEMP/p8-scale-cargo"[0m
2026-10-09T09:34:51.3960124Z shell: /usr/bin/bash -e {0}
2026-10-09T09:34:51.3960269Z env:
2026-10-09T09:34:51.3960383Z   CARGO_TERM_COLOR: never
2026-10-09T09:34:51.3960516Z   CARGO_INCREMENTAL: 0
2026-10-09T09:34:51.3960645Z   CARGO_BUILD_JOBS: 2
2026-10-09T09:34:51.3960768Z   RUSTFLAGS: 
2026-10-09T09:34:51.3960980Z   CARGO_HOME: /home/runner/.cargo
2026-10-09T09:34:51.3961330Z ##[endgroup]
2026-10-09T09:38:05.9615855Z {
2026-10-09T09:38:05.9616044Z   "status": "passed",
2026-10-09T09:38:05.9616386Z   "passed": null,
2026-10-09T09:38:05.9616580Z   "error": null,
2026-10-09T09:38:05.9616787Z   "sample_count": null
2026-10-09T09:38:05.9616982Z }
2026-10-09T09:38:05.9752067Z ##[group]Run actions/upload-artifact@v4
2026-10-09T09:38:05.9752228Z with:
2026-10-09T09:38:05.9752355Z   name: p8-scale-build-37910924354
2026-10-09T09:38:05.9752539Z   path: /home/runner/work/_temp/p8-scale-build
2026-10-09T09:38:05.9752706Z   if-no-files-found: error
2026-10-09T09:38:05.9752841Z   compression-level: 6
2026-10-09T09:38:05.9752964Z   overwrite: false
2026-10-09T09:38:05.9753088Z   include-hidden-files: false
2026-10-09T09:38:05.9753218Z env:
2026-10-09T09:38:05.9753326Z   CARGO_TERM_COLOR: never
2026-10-09T09:38:05.9753452Z   CARGO_INCREMENTAL: 0
2026-10-09T09:38:05.9753571Z   CARGO_BUILD_JOBS: 2
2026-10-09T09:38:05.9753691Z   RUSTFLAGS: 
2026-10-09T09:38:05.9753807Z   CARGO_HOME: /home/runner/.cargo
2026-10-09T09:38:05.9753956Z ##[endgroup]
2026-10-09T09:38:06.0812250Z (node:5321) [DEP0040] DeprecationWarning: The `punycode` module is deprecated. Please use a userland alternative instead.
2026-10-09T09:38:06.0812833Z (Use `node --trace-deprecation ...` to show where the warning was created)
2026-10-09T09:38:06.0850957Z With the provided path, there will be 6 files uploaded
2026-10-09T09:38:06.0854182Z Artifact name is valid!
2026-10-09T09:38:06.0854645Z Root directory input is valid!
2026-10-09T09:38:06.3717185Z Beginning upload of artifact content to blob storage
2026-10-09T09:38:06.8908069Z (node:5321) [DEP0169] DeprecationWarning: `url.parse()` behavior is not standardized and prone to errors that have security implications. Use the WHATWG URL API instead. CVEs are not issued for `url.parse()` vulnerabilities.
2026-10-09T09:38:07.4069654Z Uploaded bytes 8388608
2026-10-09T09:38:07.5057767Z Uploaded bytes 9224061
2026-10-09T09:38:07.5470059Z Finished uploading artifact content to blob storage!
2026-10-09T09:38:07.5470741Z SHA256 digest of uploaded artifact zip is a1fbe7ea747fe9819ac3ddcb9144c3c3acf554cce843a698e7d796c499eb7e8e
2026-10-09T09:38:07.5472385Z Finalizing artifact upload
2026-10-09T09:38:07.7683500Z Artifact p8-scale-build-37910924354.zip successfully finalized. Artifact ID 11607655032
2026-10-09T09:38:07.7684163Z Artifact p8-scale-build-37910924354 has been successfully uploaded! Final size is 9224061 bytes. Artifact ID is 11607655032
2026-10-09T09:38:07.7687545Z Artifact download URL: https://github.com/jyqj/codecortex/actions/runs/37910924354/artifacts/11607655032
2026-10-09T09:38:07.7848654Z Post job cleanup.
2026-10-09T09:38:07.8381838Z [command]/usr/bin/git version
2026-10-09T09:38:07.8408197Z git version 2.55.0
2026-10-09T09:38:07.8428504Z Temporarily overriding HOME='/home/runner/work/_temp/76ecfcb9-e800-423f-9fb3-f49a71afe62b' before making global git config changes
2026-10-09T09:38:07.8429202Z Adding repository directory to the temporary git global config as a safe directory
2026-10-09T09:38:07.8431624Z [command]/usr/bin/git config --global --add safe.directory /home/runner/work/codecortex/codecortex
2026-10-09T09:38:07.8458069Z [command]/usr/bin/git config --local --name-only --get-regexp core\.sshCommand
2026-10-09T09:38:07.8483297Z [command]/usr/bin/git submodule foreach --recursive sh -c "git config --local --name-only --get-regexp 'core\.sshCommand' && git config --local --unset-all 'core.sshCommand' || :"
2026-10-09T09:38:07.8674231Z [command]/usr/bin/git config --local --name-only --get-regexp http\.https\:\/\/github\.com\/\.extraheader
2026-10-09T09:38:07.8691640Z http.https://github.com/.extraheader
2026-10-09T09:38:07.8698576Z [command]/usr/bin/git config --local --unset-all http.https://github.com/.extraheader
2026-10-09T09:38:07.8723524Z [command]/usr/bin/git submodule foreach --recursive sh -c "git config --local --name-only --get-regexp 'http\.https\:\/\/github\.com\/\.extraheader' && git config --local --unset-all 'http.https://github.com/.extraheader' || :"
2026-10-09T09:38:07.8908859Z [command]/usr/bin/git config --local --name-only --get-regexp ^includeIf\.gitdir:
2026-10-09T09:38:07.8936414Z [command]/usr/bin/git submodule foreach --recursive git config --local --show-origin --name-only --get-regexp remote.origin.url
2026-10-09T09:38:07.9231841Z Cleaning up orphan processes
2026-10-09T09:38:07.9422226Z ##[warning]Node.js 20 is deprecated. The following actions target Node.js 20 but are being forced to run on Node.js 24: actions/checkout@v4, actions/upload-artifact@v4. For more information see: https://github.blog/changelog/2025-09-19-deprecation-of-node-20-on-github-actions-runners/
