    Updating crates.io index
 Downloading crates ...
  Downloaded crossbeam-epoch v0.9.20
  Downloaded rand v0.10.3
  Downloaded chacha20 v0.10.2
  Downloaded lru v0.18.2
   Compiling serde_core v1.0.228
   Compiling serde v1.0.228
   Compiling regex-automata v0.4.14
   Compiling crossbeam-epoch v0.9.20
   Compiling hashbrown v0.17.1
   Compiling serde_json v1.0.149
   Compiling log v0.4.29
   Compiling tracing-core v0.1.36
   Compiling chacha20 v0.10.2
   Compiling rand v0.10.3
   Compiling tracing v0.1.44
   Compiling hashlink v0.12.1
   Compiling crossbeam-deque v0.8.6
   Compiling rusqlite v0.40.1
   Compiling r2d2 v0.8.10
   Compiling regex v1.12.3
   Compiling serde_spanned v0.6.9
   Compiling toml_datetime v0.6.11
   Compiling uuid v1.23.0
   Compiling cc-model v1.0.0 (/tmp/type-atom-pr103/crates/cc-model)
   Compiling toml_edit v0.22.27
   Compiling chrono v0.4.44
   Compiling tree-sitter v0.24.7
   Compiling globset v0.4.18
   Compiling r2d2_sqlite v0.35.0
   Compiling rayon-core v1.13.0
   Compiling tempfile v3.27.0
   Compiling rayon v1.11.0
   Compiling toml v0.8.23
   Compiling ignore v0.4.25
   Compiling lru v0.18.2
   Compiling cc-db v1.0.0 (/tmp/type-atom-pr103/crates/cc-db)
   Compiling cc-parsers v1.0.0 (/tmp/type-atom-pr103/crates/cc-parsers)
   Compiling cc-index v1.0.0 (/tmp/type-atom-pr103/crates/cc-index)
    Finished `test` profile [unoptimized + debuginfo] target(s) in 24.61s
     Running unittests src/lib.rs (/workspace/codecortex/target/debug/deps/cc_index-a48fb0f9c0e2b4e7)

running 3 tests

thread 'resolver::helpers::type_atom_identifier_tests::qualified_generic_union_atoms_and_strict_invalid_keys' (2340) panicked at crates/cc-index/src/resolver/type_atom_identifier_tests.rs:76:5:
assertion `left == right` failed
  left: ["Box", "pkg._", "pkg::__", "Wrap", "数据.类型"]
 right: ["Box", "pkg._", "pkg::__", "Wrap", "$", "℘", "数据.类型"]
note: run with `RUST_BACKTRACE=1` environment variable to display a backtrace
test resolver::helpers::type_atom_identifier_tests::qualified_generic_union_atoms_and_strict_invalid_keys ... FAILED
synthetic.py "_": uses_type=false name_bucket=false
synthetic.py "__": uses_type=false name_bucket=false
synthetic.py "℘": uses_type=false name_bucket=false
synthetic.py "℮": uses_type=false name_bucket=false
synthetic.py "\u{1885}": uses_type=true name_bucket=true
synthetic.py "\u{1886}": uses_type=true name_bucket=true
synthetic.py "A\u{301}": uses_type=true name_bucket=true
synthetic.py "数据": uses_type=true name_bucket=true
synthetic.ts "_": uses_type=false name_bucket=true
synthetic.ts "__": uses_type=false name_bucket=true
synthetic.ts "$": uses_type=false name_bucket=true
synthetic.ts "$$": uses_type=false name_bucket=true
synthetic.ts "_$": uses_type=false name_bucket=true
synthetic.ts "$_": uses_type=false name_bucket=true
synthetic.ts "℘": uses_type=false name_bucket=true
synthetic.ts "A\u{301}": uses_type=true name_bucket=true

thread 'resolver::helpers::type_atom_identifier_tests::parser_identifiers_keep_uses_type_and_name_dependencies' (2339) panicked at crates/cc-index/src/resolver/type_atom_identifier_tests.rs:46:5:
synthetic.py "_": edge=false, dependency=false
synthetic.py "__": edge=false, dependency=false
synthetic.py "℘": edge=false, dependency=false
synthetic.py "℮": edge=false, dependency=false
synthetic.ts "_": edge=false, dependency=true
synthetic.ts "__": edge=false, dependency=true
synthetic.ts "$": edge=false, dependency=true
synthetic.ts "$$": edge=false, dependency=true
synthetic.ts "_$": edge=false, dependency=true
synthetic.ts "$_": edge=false, dependency=true
synthetic.ts "℘": edge=false, dependency=true
test resolver::helpers::type_atom_identifier_tests::parser_identifiers_keep_uses_type_and_name_dependencies ... FAILED
dropped XID_Start scalars: ["℘", "℮"]

thread 'resolver::helpers::type_atom_identifier_tests::unicode_identifier_start_domain_is_preserved' (2341) panicked at crates/cc-index/src/resolver/type_atom_identifier_tests.rs:65:5:
assertion failed: dropped.is_empty()
test resolver::helpers::type_atom_identifier_tests::unicode_identifier_start_domain_is_preserved ... FAILED

failures:

failures:
    resolver::helpers::type_atom_identifier_tests::parser_identifiers_keep_uses_type_and_name_dependencies
    resolver::helpers::type_atom_identifier_tests::qualified_generic_union_atoms_and_strict_invalid_keys
    resolver::helpers::type_atom_identifier_tests::unicode_identifier_start_domain_is_preserved

test result: FAILED. 0 passed; 3 failed; 0 ignored; 0 measured; 383 filtered out; finished in 0.70s

error: test failed, to rerun pass `-p cc-index --lib`
