2026-10-08T03:47:58.4084939Z Current runner version: '2.337.0'
2026-10-08T03:47:58.4104990Z ##[group]Runner Image Provisioner
2026-10-08T03:47:58.4105843Z Hosted Compute Agent
2026-10-08T03:47:58.4106363Z Version: 20261002.596
2026-10-08T03:47:58.4106908Z Commit: c3d12f3313a95f25162a1503be624f3b0617f8c0
2026-10-08T03:47:58.4107690Z Build Date: 2026-10-02T22:28:27Z
2026-10-08T03:47:58.4108259Z Worker ID: {f2cd2bd6-57b3-4ff9-b946-2cfc2f973a25}
2026-10-08T03:47:58.4108876Z Region: westus3
2026-10-08T03:47:58.4109356Z Cloud: Azure
2026-10-08T03:47:58.4109784Z ##[endgroup]
2026-10-08T03:47:58.4110940Z ##[group]Operating System
2026-10-08T03:47:58.4111446Z Ubuntu
2026-10-08T03:47:58.4111975Z 24.04.5
2026-10-08T03:47:58.4112427Z LTS
2026-10-08T03:47:58.4112846Z ##[endgroup]
2026-10-08T03:47:58.4113349Z ##[group]Runner Image
2026-10-08T03:47:58.4113846Z Image: ubuntu-24.04
2026-10-08T03:47:58.4114330Z Version: 20261004.327.1
2026-10-08T03:47:58.4115394Z Included Software: https://github.com/actions/runner-images/blob/ubuntu24/20261004.327/images/ubuntu/Ubuntu2404-Readme.md
2026-10-08T03:47:58.4116671Z Image Release: https://github.com/actions/runner-images/releases/tag/ubuntu24%2F20261004.327
2026-10-08T03:47:58.4117447Z ##[endgroup]
2026-10-08T03:47:58.4118777Z ##[group]GITHUB_TOKEN Permissions
2026-10-08T03:47:58.4120308Z Contents: read
2026-10-08T03:47:58.4120840Z Metadata: read
2026-10-08T03:47:58.4121310Z ##[endgroup]
2026-10-08T03:47:58.4122978Z Secret source: Actions
2026-10-08T03:47:58.4123938Z Cache mode: write
2026-10-08T03:47:58.4124495Z Prepare workflow directory
2026-10-08T03:47:58.4462296Z Prepare all required actions
2026-10-08T03:47:58.4499778Z Getting action download info
2026-10-08T03:47:58.7209492Z Download action repository 'actions/checkout@v4' (SHA:11d5960a326750d5838078e36cf38b85af677262)
2026-10-08T03:47:58.7979543Z Download action repository 'dtolnay/rust-toolchain@1.95.0' (SHA:eb0a44f258ec94ab9ee0f14f998f4cf332c25d3a)
2026-10-08T03:47:59.0362008Z Download action repository 'actions/upload-artifact@v4' (SHA:ea165f8d65b6e75b540449e92b4886f43607fa02)
2026-10-08T03:47:59.2836354Z Complete job name: offline (semantic)
2026-10-08T03:47:59.3442090Z ##[group]Run actions/checkout@v4
2026-10-08T03:47:59.3442781Z with:
2026-10-08T03:47:59.3443166Z   ref: 9ebe1f619a298b9955d576d9d8250368259924d2
2026-10-08T03:47:59.3443650Z   repository: jyqj/codecortex
2026-10-08T03:47:59.3446848Z   token: ***
2026-10-08T03:47:59.3447202Z   ssh-strict: true
2026-10-08T03:47:59.3447758Z   ssh-user: git
2026-10-08T03:47:59.3448140Z   persist-credentials: true
2026-10-08T03:47:59.3448541Z   clean: true
2026-10-08T03:47:59.3448905Z   sparse-checkout-cone-mode: true
2026-10-08T03:47:59.3449319Z   fetch-depth: 1
2026-10-08T03:47:59.3449659Z   fetch-tags: false
2026-10-08T03:47:59.3450008Z   show-progress: true
2026-10-08T03:47:59.3450362Z   lfs: false
2026-10-08T03:47:59.3450690Z   submodules: false
2026-10-08T03:47:59.3451039Z   set-safe-directory: true
2026-10-08T03:47:59.3451427Z   allow-unsafe-pr-checkout: false
2026-10-08T03:47:59.3451991Z env:
2026-10-08T03:47:59.3452347Z   CARGO_TERM_COLOR: never
2026-10-08T03:47:59.3452769Z   PYTHONDONTWRITEBYTECODE: 1
2026-10-08T03:47:59.3453167Z   CARGO_INCREMENTAL: 0
2026-10-08T03:47:59.3453531Z   CARGO_PROFILE_DEV_DEBUG: 0
2026-10-08T03:47:59.3453921Z   CARGO_PROFILE_TEST_DEBUG: 0
2026-10-08T03:47:59.3454308Z   CARGO_BUILD_JOBS: 2
2026-10-08T03:47:59.3454679Z   RUSTFLAGS: -D warnings
2026-10-08T03:47:59.3455056Z ##[endgroup]
2026-10-08T03:47:59.4222258Z Syncing repository: jyqj/codecortex
2026-10-08T03:47:59.4223607Z ##[group]Getting Git version info
2026-10-08T03:47:59.4224188Z Working directory is '/home/runner/work/codecortex/codecortex'
2026-10-08T03:47:59.4225057Z [command]/usr/bin/git version
2026-10-08T03:47:59.4274498Z git version 2.55.0
2026-10-08T03:47:59.4289261Z ##[endgroup]
2026-10-08T03:47:59.4300055Z Temporarily overriding HOME='/home/runner/work/_temp/1d971937-0263-4cc9-93e8-0ee1d5cee1fd' before making global git config changes
2026-10-08T03:47:59.4301553Z Adding repository directory to the temporary git global config as a safe directory
2026-10-08T03:47:59.4304363Z [command]/usr/bin/git config --global --add safe.directory /home/runner/work/codecortex/codecortex
2026-10-08T03:47:59.4337754Z Deleting the contents of '/home/runner/work/codecortex/codecortex'
2026-10-08T03:47:59.4340866Z ##[group]Initializing the repository
2026-10-08T03:47:59.4343868Z [command]/usr/bin/git init /home/runner/work/codecortex/codecortex
2026-10-08T03:47:59.4409026Z hint: Using 'master' as the name for the initial branch. This default branch name
2026-10-08T03:47:59.4409833Z hint: will change to "main" in Git 3.0. To configure the initial branch name
2026-10-08T03:47:59.4410551Z hint: to use in all of your new repositories, which will suppress this warning,
2026-10-08T03:47:59.4411242Z hint: call:
2026-10-08T03:47:59.4411731Z hint:
2026-10-08T03:47:59.4412275Z hint: 	git config --global init.defaultBranch <name>
2026-10-08T03:47:59.4412841Z hint:
2026-10-08T03:47:59.4413530Z hint: Names commonly chosen instead of 'master' are 'main', 'trunk' and
2026-10-08T03:47:59.4414282Z hint: 'development'. The just-created branch can be renamed via this command:
2026-10-08T03:47:59.4414863Z hint:
2026-10-08T03:47:59.4415343Z hint: 	git branch -m <name>
2026-10-08T03:47:59.4415757Z hint:
2026-10-08T03:47:59.4416240Z hint: Disable this message with "git config set advice.defaultBranchName false"
2026-10-08T03:47:59.4417038Z Initialized empty Git repository in /home/runner/work/codecortex/codecortex/.git/
2026-10-08T03:47:59.4419420Z [command]/usr/bin/git remote add origin https://github.com/jyqj/codecortex
2026-10-08T03:47:59.4519076Z ##[endgroup]
2026-10-08T03:47:59.4519710Z ##[group]Disabling automatic garbage collection
2026-10-08T03:47:59.4520302Z [command]/usr/bin/git config --local gc.auto 0
2026-10-08T03:47:59.4521519Z ##[endgroup]
2026-10-08T03:47:59.4522061Z ##[group]Setting up auth
2026-10-08T03:47:59.4522620Z [command]/usr/bin/git config --local --name-only --get-regexp core\.sshCommand
2026-10-08T03:47:59.4524544Z [command]/usr/bin/git submodule foreach --recursive sh -c "git config --local --name-only --get-regexp 'core\.sshCommand' && git config --local --unset-all 'core.sshCommand' || :"
2026-10-08T03:47:59.4784677Z [command]/usr/bin/git config --local --name-only --get-regexp http\.https\:\/\/github\.com\/\.extraheader
2026-10-08T03:47:59.4811063Z [command]/usr/bin/git submodule foreach --recursive sh -c "git config --local --name-only --get-regexp 'http\.https\:\/\/github\.com\/\.extraheader' && git config --local --unset-all 'http.https://github.com/.extraheader' || :"
2026-10-08T03:47:59.5005027Z [command]/usr/bin/git config --local --name-only --get-regexp ^includeIf\.gitdir:
2026-10-08T03:47:59.5030590Z [command]/usr/bin/git submodule foreach --recursive git config --local --show-origin --name-only --get-regexp remote.origin.url
2026-10-08T03:47:59.5215435Z [command]/usr/bin/git config --local http.https://github.com/.extraheader AUTHORIZATION: basic ***
2026-10-08T03:47:59.5245168Z ##[endgroup]
2026-10-08T03:47:59.5246124Z ##[group]Fetching the repository
2026-10-08T03:47:59.5252874Z [command]/usr/bin/git -c protocol.version=2 fetch --no-tags --prune --no-recurse-submodules --depth=1 origin 9ebe1f619a298b9955d576d9d8250368259924d2
2026-10-08T03:48:13.9169557Z From https://github.com/jyqj/codecortex
2026-10-08T03:48:13.9170268Z  * branch            9ebe1f619a298b9955d576d9d8250368259924d2 -> FETCH_HEAD
2026-10-08T03:48:13.9172931Z ##[endgroup]
2026-10-08T03:48:13.9173715Z ##[group]Determining the checkout info
2026-10-08T03:48:13.9175317Z ##[endgroup]
2026-10-08T03:48:13.9179983Z [command]/usr/bin/git sparse-checkout disable
2026-10-08T03:48:13.9222900Z [command]/usr/bin/git config --local --unset-all extensions.worktreeConfig
2026-10-08T03:48:13.9247864Z ##[group]Checking out the ref
2026-10-08T03:48:13.9248702Z [command]/usr/bin/git checkout --progress --force 9ebe1f619a298b9955d576d9d8250368259924d2
2026-10-08T03:48:15.2345923Z Updating files:  89% (11602/13012)
2026-10-08T03:48:15.2427728Z Updating files:  90% (11711/13012)
2026-10-08T03:48:15.2471564Z Updating files:  91% (11841/13012)
2026-10-08T03:48:15.2552025Z Updating files:  92% (11972/13012)
2026-10-08T03:48:15.2636290Z Updating files:  93% (12102/13012)
2026-10-08T03:48:15.2719944Z Updating files:  94% (12232/13012)
2026-10-08T03:48:15.2828849Z Updating files:  95% (12362/13012)
2026-10-08T03:48:15.2908083Z Updating files:  96% (12492/13012)
2026-10-08T03:48:15.2983564Z Updating files:  97% (12622/13012)
2026-10-08T03:48:15.3061870Z Updating files:  98% (12752/13012)
2026-10-08T03:48:15.3191612Z Updating files:  99% (12882/13012)
2026-10-08T03:48:15.3192116Z Updating files: 100% (13012/13012)
2026-10-08T03:48:15.3192555Z Updating files: 100% (13012/13012), done.
2026-10-08T03:48:15.3309441Z Note: switching to '9ebe1f619a298b9955d576d9d8250368259924d2'.
2026-10-08T03:48:15.3309869Z 
2026-10-08T03:48:15.3310226Z You are in 'detached HEAD' state. You can look around, make experimental
2026-10-08T03:48:15.3310783Z changes and commit them, and you can discard any commits you make in this
2026-10-08T03:48:15.3311272Z state without impacting any branches by switching back to a branch.
2026-10-08T03:48:15.3311519Z 
2026-10-08T03:48:15.3311699Z If you want to create a new branch to retain commits you create, you may
2026-10-08T03:48:15.3312128Z do so (now or later) by using -c with the switch command. Example:
2026-10-08T03:48:15.3312362Z 
2026-10-08T03:48:15.3312474Z   git switch -c <new-branch-name>
2026-10-08T03:48:15.3312641Z 
2026-10-08T03:48:15.3312809Z Or undo this operation with:
2026-10-08T03:48:15.3312990Z 
2026-10-08T03:48:15.3313093Z   git switch -
2026-10-08T03:48:15.3313211Z 
2026-10-08T03:48:15.3313408Z Turn off this advice by setting config variable advice.detachedHead to false
2026-10-08T03:48:15.3313658Z 
2026-10-08T03:48:15.3313880Z HEAD is now at 9ebe1f6 ci(source): pin independently reviewed queue and offline IPC fixes
2026-10-08T03:48:15.3384495Z ##[endgroup]
2026-10-08T03:48:15.3428282Z [command]/usr/bin/git log -1 --format=%H
2026-10-08T03:48:15.3447151Z 9ebe1f619a298b9955d576d9d8250368259924d2
2026-10-08T03:48:15.3722126Z ##[group]Run dtolnay/rust-toolchain@1.95.0
2026-10-08T03:48:15.3722431Z with:
2026-10-08T03:48:15.3722631Z env:
2026-10-08T03:48:15.3722834Z   CARGO_TERM_COLOR: never
2026-10-08T03:48:15.3723073Z   PYTHONDONTWRITEBYTECODE: 1
2026-10-08T03:48:15.3723321Z   CARGO_INCREMENTAL: 0
2026-10-08T03:48:15.3723544Z   CARGO_PROFILE_DEV_DEBUG: 0
2026-10-08T03:48:15.3723776Z   CARGO_PROFILE_TEST_DEBUG: 0
2026-10-08T03:48:15.3724010Z   CARGO_BUILD_JOBS: 2
2026-10-08T03:48:15.3724238Z   RUSTFLAGS: -D warnings
2026-10-08T03:48:15.3724462Z ##[endgroup]
2026-10-08T03:48:15.3774751Z ##[start-action display=Parse toolchain version;id=__dtolnay_rust-toolchain.parse]
2026-10-08T03:48:15.3824974Z ##[group]Run if [[ -z $toolchain ]]; then
2026-10-08T03:48:15.3825367Z [36;1mif [[ -z $toolchain ]]; then[0m
2026-10-08T03:48:15.3825862Z [36;1m  # GitHub does not enforce `required: true` inputs itself. https://github.com/actions/runner/issues/1070[0m
2026-10-08T03:48:15.3826411Z [36;1m  echo "'toolchain' is a required input" >&2[0m
2026-10-08T03:48:15.3826698Z [36;1m  exit 1[0m
2026-10-08T03:48:15.3827006Z [36;1melif [[ $toolchain =~ ^stable' '[0-9]+' '(year|month|week|day)s?' 'ago$ ]]; then[0m
2026-10-08T03:48:15.3827366Z [36;1m  if [[ Linux == macOS ]]; then[0m
2026-10-08T03:48:15.3827966Z [36;1m    echo "toolchain=1.$((($(date -v-$(sed 's/stable \([0-9]*\) \(.\).*/\1\2/' <<< $toolchain) +%s)/60/60/24-16569)/7/6))" >> $GITHUB_OUTPUT[0m
2026-10-08T03:48:15.3828417Z [36;1m  else[0m
2026-10-08T03:48:15.3828798Z [36;1m    echo "toolchain=1.$((($(date --date "${toolchain#stable }" +%s)/60/60/24-16569)/7/6))" >> $GITHUB_OUTPUT[0m
2026-10-08T03:48:15.3829192Z [36;1m  fi[0m
2026-10-08T03:48:15.3829475Z [36;1melif [[ $toolchain =~ ^stable' 'minus' '[0-9]+' 'releases?$ ]]; then[0m
2026-10-08T03:48:15.3829934Z [36;1m  echo "toolchain=1.$((($(date +%s)/60/60/24-16569)/7/6-${toolchain//[^0-9]/}))" >> $GITHUB_OUTPUT[0m
2026-10-08T03:48:15.3830317Z [36;1melif [[ $toolchain =~ ^1\.[0-9]+$ ]]; then[0m
2026-10-08T03:48:15.3830947Z [36;1m  echo "toolchain=1.$((i=${toolchain#1.}, c=($(date +%s)/60/60/24-16569)/7/6, i+9*i*(10*i<=c)+90*i*(100*i<=c)))" >> $GITHUB_OUTPUT[0m
2026-10-08T03:48:15.3831356Z [36;1melse[0m
2026-10-08T03:48:15.3831604Z [36;1m  echo "toolchain=$toolchain" >> $GITHUB_OUTPUT[0m
2026-10-08T03:48:15.3831876Z [36;1mfi[0m
2026-10-08T03:48:15.4422814Z shell: /usr/bin/bash --noprofile --norc -e -o pipefail {0}
2026-10-08T03:48:15.4423196Z env:
2026-10-08T03:48:15.4423417Z   CARGO_TERM_COLOR: never
2026-10-08T03:48:15.4423664Z   PYTHONDONTWRITEBYTECODE: 1
2026-10-08T03:48:15.4423902Z   CARGO_INCREMENTAL: 0
2026-10-08T03:48:15.4424119Z   CARGO_PROFILE_DEV_DEBUG: 0
2026-10-08T03:48:15.4424347Z   CARGO_PROFILE_TEST_DEBUG: 0
2026-10-08T03:48:15.4424577Z   CARGO_BUILD_JOBS: 2
2026-10-08T03:48:15.4424789Z   RUSTFLAGS: -D warnings
2026-10-08T03:48:15.4425015Z   toolchain: 1.95.0
2026-10-08T03:48:15.4425231Z ##[endgroup]
2026-10-08T03:48:15.4540046Z ##[end-action id=__dtolnay_rust-toolchain.parse;outcome=success;conclusion=success;duration_ms=76]
2026-10-08T03:48:15.4546160Z ##[start-action display=Construct rustup command line;id=__dtolnay_rust-toolchain.flags]
2026-10-08T03:48:15.4575809Z ##[group]Run echo "targets=$(for t in ${targets//,/ }; do echo -n ' --target' $t; done)" >> $GITHUB_OUTPUT
2026-10-08T03:48:15.4576366Z [36;1mecho "targets=$(for t in ${targets//,/ }; do echo -n ' --target' $t; done)" >> $GITHUB_OUTPUT[0m
2026-10-08T03:48:15.4576873Z [36;1mecho "components=$(for c in ${components//,/ }; do echo -n ' --component' $c; done)" >> $GITHUB_OUTPUT[0m
2026-10-08T03:48:15.4577276Z [36;1mecho "downgrade=" >> $GITHUB_OUTPUT[0m
2026-10-08T03:48:15.4626423Z shell: /usr/bin/bash --noprofile --norc -e -o pipefail {0}
2026-10-08T03:48:15.4626737Z env:
2026-10-08T03:48:15.4626945Z   CARGO_TERM_COLOR: never
2026-10-08T03:48:15.4627183Z   PYTHONDONTWRITEBYTECODE: 1
2026-10-08T03:48:15.4627419Z   CARGO_INCREMENTAL: 0
2026-10-08T03:48:15.4627800Z   CARGO_PROFILE_DEV_DEBUG: 0
2026-10-08T03:48:15.4628220Z   CARGO_PROFILE_TEST_DEBUG: 0
2026-10-08T03:48:15.4628452Z   CARGO_BUILD_JOBS: 2
2026-10-08T03:48:15.4628675Z   RUSTFLAGS: -D warnings
2026-10-08T03:48:15.4628890Z   targets: 
2026-10-08T03:48:15.4629079Z   components: 
2026-10-08T03:48:15.4629276Z ##[endgroup]
2026-10-08T03:48:15.4707938Z ##[end-action id=__dtolnay_rust-toolchain.flags;outcome=success;conclusion=success;duration_ms=16]
2026-10-08T03:48:15.4709968Z ##[start-action display=Set $CARGO_HOME;id=__dtolnay_rust-toolchain.__run]
2026-10-08T03:48:15.4776247Z ##[group]Run echo CARGO_HOME=${CARGO_HOME:-"$HOME/.cargo"} >> $GITHUB_ENV
2026-10-08T03:48:15.4776673Z [36;1mecho CARGO_HOME=${CARGO_HOME:-"$HOME/.cargo"} >> $GITHUB_ENV[0m
2026-10-08T03:48:15.4824616Z shell: /usr/bin/bash --noprofile --norc -e -o pipefail {0}
2026-10-08T03:48:15.4824930Z env:
2026-10-08T03:48:15.4825133Z   CARGO_TERM_COLOR: never
2026-10-08T03:48:15.4825370Z   PYTHONDONTWRITEBYTECODE: 1
2026-10-08T03:48:15.4825605Z   CARGO_INCREMENTAL: 0
2026-10-08T03:48:15.4825845Z   CARGO_PROFILE_DEV_DEBUG: 0
2026-10-08T03:48:15.4826080Z   CARGO_PROFILE_TEST_DEBUG: 0
2026-10-08T03:48:15.4826323Z   CARGO_BUILD_JOBS: 2
2026-10-08T03:48:15.4826535Z   RUSTFLAGS: -D warnings
2026-10-08T03:48:15.4826753Z ##[endgroup]
2026-10-08T03:48:15.4898656Z ##[end-action id=__dtolnay_rust-toolchain.__run;outcome=success;conclusion=success;duration_ms=18]
2026-10-08T03:48:15.4900633Z ##[start-action display=Install rustup if needed;id=__dtolnay_rust-toolchain.__run_2]
2026-10-08T03:48:15.4927815Z ##[group]Run if ! command -v rustup &>/dev/null; then
2026-10-08T03:48:15.4928159Z [36;1mif ! command -v rustup &>/dev/null; then[0m
2026-10-08T03:48:15.4928793Z [36;1m  curl --proto '=https' --tlsv1.2 --retry 10 --retry-connrefused --location --silent --show-error --fail https://sh.rustup.rs | sh -s -- --default-toolchain none -y[0m
2026-10-08T03:48:15.4929405Z [36;1m  echo "$CARGO_HOME/bin" >> $GITHUB_PATH[0m
2026-10-08T03:48:15.4929672Z [36;1mfi[0m
2026-10-08T03:48:15.4977680Z shell: /usr/bin/bash --noprofile --norc -e -o pipefail {0}
2026-10-08T03:48:15.4977997Z env:
2026-10-08T03:48:15.4978200Z   CARGO_TERM_COLOR: never
2026-10-08T03:48:15.4978439Z   PYTHONDONTWRITEBYTECODE: 1
2026-10-08T03:48:15.4978677Z   CARGO_INCREMENTAL: 0
2026-10-08T03:48:15.4978894Z   CARGO_PROFILE_DEV_DEBUG: 0
2026-10-08T03:48:15.4979119Z   CARGO_PROFILE_TEST_DEBUG: 0
2026-10-08T03:48:15.4979346Z   CARGO_BUILD_JOBS: 2
2026-10-08T03:48:15.4979566Z   RUSTFLAGS: -D warnings
2026-10-08T03:48:15.4979791Z   CARGO_HOME: /home/runner/.cargo
2026-10-08T03:48:15.4980023Z ##[endgroup]
2026-10-08T03:48:15.5049511Z ##[end-action id=__dtolnay_rust-toolchain.__run_2;outcome=success;conclusion=success;duration_ms=14]
2026-10-08T03:48:15.5051468Z ##[start-action display=Install rustup if needed on windows;id=__dtolnay_rust-toolchain.__run_3]
2026-10-08T03:48:15.5056946Z ##[end-action id=__dtolnay_rust-toolchain.__run_3;outcome=skipped;conclusion=skipped;duration_ms=0]
2026-10-08T03:48:15.5065765Z ##[start-action display=rustup toolchain install 1.95.0;id=__dtolnay_rust-toolchain.__run_4]
2026-10-08T03:48:15.5107284Z ##[group]Run log=$(mktemp)
2026-10-08T03:48:15.5107707Z [36;1mlog=$(mktemp)[0m
2026-10-08T03:48:15.5107955Z [36;1mtrap 'rm -f "$log"' EXIT[0m
2026-10-08T03:48:15.5108208Z [36;1mfor attempt in 1 2 3 4 5; do[0m
2026-10-08T03:48:15.5108669Z [36;1m  if rustup toolchain install 1.95.0 --profile minimal --no-self-update --force-non-host 2>&1 | tee "$log"; then[0m
2026-10-08T03:48:15.5109100Z [36;1m    break[0m
2026-10-08T03:48:15.5109314Z [36;1m  else[0m
2026-10-08T03:48:15.5109511Z [36;1m    status=$?[0m
2026-10-08T03:48:15.5109727Z [36;1m  fi[0m
2026-10-08T03:48:15.5110000Z [36;1m  if [[ $attempt == 5 ]] || ! grep -Fq 'checksum failed for ' "$log" \[0m
2026-10-08T03:48:15.5110459Z [36;1m      || ! grep -Fq 'this is likely due to an ongoing update of the official release server' "$log"; then[0m
2026-10-08T03:48:15.5110845Z [36;1m    exit "$status"[0m
2026-10-08T03:48:15.5111063Z [36;1m  fi[0m
2026-10-08T03:48:15.5111571Z [36;1m  echo "Retrying rustup toolchain install in 30 seconds (retry $attempt of 4)" >&2[0m
2026-10-08T03:48:15.5111939Z [36;1m  sleep 30[0m
2026-10-08T03:48:15.5112142Z [36;1mdone[0m
2026-10-08T03:48:15.5160584Z shell: /usr/bin/bash --noprofile --norc -e -o pipefail {0}
2026-10-08T03:48:15.5160898Z env:
2026-10-08T03:48:15.5161100Z   CARGO_TERM_COLOR: never
2026-10-08T03:48:15.5161344Z   PYTHONDONTWRITEBYTECODE: 1
2026-10-08T03:48:15.5161580Z   CARGO_INCREMENTAL: 0
2026-10-08T03:48:15.5161801Z   CARGO_PROFILE_DEV_DEBUG: 0
2026-10-08T03:48:15.5162037Z   CARGO_PROFILE_TEST_DEBUG: 0
2026-10-08T03:48:15.5162262Z   CARGO_BUILD_JOBS: 2
2026-10-08T03:48:15.5162473Z   RUSTFLAGS: -D warnings
2026-10-08T03:48:15.5162698Z   CARGO_HOME: /home/runner/.cargo
2026-10-08T03:48:15.5162938Z   RUSTUP_PERMIT_COPY_RENAME: 1
2026-10-08T03:48:15.5163165Z ##[endgroup]
2026-10-08T03:48:15.6638407Z info: syncing channel updates for 1.95.0-x86_64-unknown-linux-gnu
2026-10-08T03:48:15.9008066Z info: latest update on 2026-04-16 for version 1.95.0 (59807616e 2026-04-14)
2026-10-08T03:48:15.9008488Z info: downloading 3 components
2026-10-08T03:48:22.7539126Z 
2026-10-08T03:48:22.7601132Z   1.95.0-x86_64-unknown-linux-gnu installed - rustc 1.95.0 (59807616e 2026-04-14)
2026-10-08T03:48:22.7601587Z 
2026-10-08T03:48:22.7666266Z ##[end-action id=__dtolnay_rust-toolchain.__run_4;outcome=success;conclusion=success;duration_ms=7259]
2026-10-08T03:48:22.7674311Z ##[start-action display=rustup default 1.95.0;id=__dtolnay_rust-toolchain.__run_5]
2026-10-08T03:48:22.7700681Z ##[group]Run rustup default 1.95.0 --force-non-host
2026-10-08T03:48:22.7701007Z [36;1mrustup default 1.95.0 --force-non-host[0m
2026-10-08T03:48:22.7757453Z shell: /usr/bin/bash --noprofile --norc -e -o pipefail {0}
2026-10-08T03:48:22.7758205Z env:
2026-10-08T03:48:22.7758387Z   CARGO_TERM_COLOR: never
2026-10-08T03:48:22.7758598Z   PYTHONDONTWRITEBYTECODE: 1
2026-10-08T03:48:22.7758814Z   CARGO_INCREMENTAL: 0
2026-10-08T03:48:22.7759025Z   CARGO_PROFILE_DEV_DEBUG: 0
2026-10-08T03:48:22.7759462Z   CARGO_PROFILE_TEST_DEBUG: 0
2026-10-08T03:48:22.7759657Z   CARGO_BUILD_JOBS: 2
2026-10-08T03:48:22.7759843Z   RUSTFLAGS: -D warnings
2026-10-08T03:48:22.7760047Z   CARGO_HOME: /home/runner/.cargo
2026-10-08T03:48:22.7760249Z ##[endgroup]
2026-10-08T03:48:22.7864391Z info: using existing install for 1.95.0-x86_64-unknown-linux-gnu
2026-10-08T03:48:22.7869817Z info: default toolchain set to 1.95.0-x86_64-unknown-linux-gnu
2026-10-08T03:48:22.7870176Z 
2026-10-08T03:48:22.7927301Z   1.95.0-x86_64-unknown-linux-gnu unchanged - rustc 1.95.0 (59807616e 2026-04-14)
2026-10-08T03:48:22.7927754Z 
2026-10-08T03:48:22.7941999Z ##[end-action id=__dtolnay_rust-toolchain.__run_5;outcome=success;conclusion=success;duration_ms=26]
2026-10-08T03:48:22.7944191Z ##[start-action display=Create cachekey;id=__dtolnay_rust-toolchain.rustc-version]
2026-10-08T03:48:22.7969017Z ##[group]Run DATE=$(rustc +1.95.0 --version --verbose | sed -ne 's/^commit-date: \(20[0-9][0-9]\)-\([01][0-9]\)-\([0-3][0-9]\)$/\1\2\3/p')
2026-10-08T03:48:22.7969650Z [36;1mDATE=$(rustc +1.95.0 --version --verbose | sed -ne 's/^commit-date: \(20[0-9][0-9]\)-\([01][0-9]\)-\([0-3][0-9]\)$/\1\2\3/p')[0m
2026-10-08T03:48:22.7970167Z [36;1mHASH=$(rustc +1.95.0 --version --verbose | sed -ne 's/^commit-hash: //p')[0m
2026-10-08T03:48:22.7970578Z [36;1mecho "cachekey=$(echo $DATE$HASH | head -c12)" >> $GITHUB_OUTPUT[0m
2026-10-08T03:48:22.8022972Z shell: /usr/bin/bash --noprofile --norc -e -o pipefail {0}
2026-10-08T03:48:22.8023260Z env:
2026-10-08T03:48:22.8023439Z   CARGO_TERM_COLOR: never
2026-10-08T03:48:22.8023684Z   PYTHONDONTWRITEBYTECODE: 1
2026-10-08T03:48:22.8023890Z   CARGO_INCREMENTAL: 0
2026-10-08T03:48:22.8024077Z   CARGO_PROFILE_DEV_DEBUG: 0
2026-10-08T03:48:22.8024274Z   CARGO_PROFILE_TEST_DEBUG: 0
2026-10-08T03:48:22.8024463Z   CARGO_BUILD_JOBS: 2
2026-10-08T03:48:22.8024647Z   RUSTFLAGS: -D warnings
2026-10-08T03:48:22.8024838Z   CARGO_HOME: /home/runner/.cargo
2026-10-08T03:48:22.8025052Z ##[endgroup]
2026-10-08T03:48:22.8311213Z ##[end-action id=__dtolnay_rust-toolchain.rustc-version;outcome=success;conclusion=success;duration_ms=36]
2026-10-08T03:48:22.8313647Z ##[start-action display=Disable incremental compilation;id=__dtolnay_rust-toolchain.__run_6]
2026-10-08T03:48:22.8337051Z ##[group]Run if [ -z "${CARGO_INCREMENTAL+set}" ]; then
2026-10-08T03:48:22.8337371Z [36;1mif [ -z "${CARGO_INCREMENTAL+set}" ]; then[0m
2026-10-08T03:48:22.8337871Z [36;1m  echo CARGO_INCREMENTAL=0 >> $GITHUB_ENV[0m
2026-10-08T03:48:22.8338107Z [36;1mfi[0m
2026-10-08T03:48:22.8395518Z shell: /usr/bin/bash --noprofile --norc -e -o pipefail {0}
2026-10-08T03:48:22.8395802Z env:
2026-10-08T03:48:22.8395972Z   CARGO_TERM_COLOR: never
2026-10-08T03:48:22.8396181Z   PYTHONDONTWRITEBYTECODE: 1
2026-10-08T03:48:22.8396385Z   CARGO_INCREMENTAL: 0
2026-10-08T03:48:22.8396572Z   CARGO_PROFILE_DEV_DEBUG: 0
2026-10-08T03:48:22.8396763Z   CARGO_PROFILE_TEST_DEBUG: 0
2026-10-08T03:48:22.8396956Z   CARGO_BUILD_JOBS: 2
2026-10-08T03:48:22.8397160Z   RUSTFLAGS: -D warnings
2026-10-08T03:48:22.8397356Z   CARGO_HOME: /home/runner/.cargo
2026-10-08T03:48:22.8397756Z ##[endgroup]
2026-10-08T03:48:22.8471207Z ##[end-action id=__dtolnay_rust-toolchain.__run_6;outcome=success;conclusion=success;duration_ms=15]
2026-10-08T03:48:22.8473105Z ##[start-action display=Enable colors in Cargo output;id=__dtolnay_rust-toolchain.__run_7]
2026-10-08T03:48:22.8495385Z ##[group]Run if [ -z "${CARGO_TERM_COLOR+set}" ]; then
2026-10-08T03:48:22.8495707Z [36;1mif [ -z "${CARGO_TERM_COLOR+set}" ]; then[0m
2026-10-08T03:48:22.8495987Z [36;1m  echo CARGO_TERM_COLOR=always >> $GITHUB_ENV[0m
2026-10-08T03:48:22.8496217Z [36;1mfi[0m
2026-10-08T03:48:22.8546942Z shell: /usr/bin/bash --noprofile --norc -e -o pipefail {0}
2026-10-08T03:48:22.8547233Z env:
2026-10-08T03:48:22.8547403Z   CARGO_TERM_COLOR: never
2026-10-08T03:48:22.8547809Z   PYTHONDONTWRITEBYTECODE: 1
2026-10-08T03:48:22.8548016Z   CARGO_INCREMENTAL: 0
2026-10-08T03:48:22.8548210Z   CARGO_PROFILE_DEV_DEBUG: 0
2026-10-08T03:48:22.8548574Z   CARGO_PROFILE_TEST_DEBUG: 0
2026-10-08T03:48:22.8548770Z   CARGO_BUILD_JOBS: 2
2026-10-08T03:48:22.8548956Z   RUSTFLAGS: -D warnings
2026-10-08T03:48:22.8549148Z   CARGO_HOME: /home/runner/.cargo
2026-10-08T03:48:22.8549346Z ##[endgroup]
2026-10-08T03:48:22.8622179Z ##[end-action id=__dtolnay_rust-toolchain.__run_7;outcome=success;conclusion=success;duration_ms=14]
2026-10-08T03:48:22.8624052Z ##[start-action display=Enable Cargo sparse registry;id=__dtolnay_rust-toolchain.__run_8]
2026-10-08T03:48:22.8647227Z ##[group]Run # implemented in 1.66, stabilized in 1.68, made default in 1.70
2026-10-08T03:48:22.8647859Z [36;1m# implemented in 1.66, stabilized in 1.68, made default in 1.70[0m
2026-10-08T03:48:22.8648432Z [36;1mif [ -z "${CARGO_REGISTRIES_CRATES_IO_PROTOCOL+set}" -o -f "/home/runner/work/_temp"/.implicit_cargo_registries_crates_io_protocol ]; then[0m
2026-10-08T03:48:22.8649006Z [36;1m  if rustc +1.95.0 --version --verbose | grep -q '^release: 1\.6[89]\.'; then[0m
2026-10-08T03:48:22.8649491Z [36;1m    touch "/home/runner/work/_temp"/.implicit_cargo_registries_crates_io_protocol || true[0m
2026-10-08T03:48:22.8649930Z [36;1m    echo CARGO_REGISTRIES_CRATES_IO_PROTOCOL=sparse >> $GITHUB_ENV[0m
2026-10-08T03:48:22.8650309Z [36;1m  elif rustc +1.95.0 --version --verbose | grep -q '^release: 1\.6[67]\.'; then[0m
2026-10-08T03:48:22.8650732Z [36;1m    touch "/home/runner/work/_temp"/.implicit_cargo_registries_crates_io_protocol || true[0m
2026-10-08T03:48:22.8651122Z [36;1m    echo CARGO_REGISTRIES_CRATES_IO_PROTOCOL=git >> $GITHUB_ENV[0m
2026-10-08T03:48:22.8651393Z [36;1m  fi[0m
2026-10-08T03:48:22.8651568Z [36;1mfi[0m
2026-10-08T03:48:22.8701768Z shell: /usr/bin/bash --noprofile --norc -e -o pipefail {0}
2026-10-08T03:48:22.8702064Z env:
2026-10-08T03:48:22.8702239Z   CARGO_TERM_COLOR: never
2026-10-08T03:48:22.8702449Z   PYTHONDONTWRITEBYTECODE: 1
2026-10-08T03:48:22.8702650Z   CARGO_INCREMENTAL: 0
2026-10-08T03:48:22.8702838Z   CARGO_PROFILE_DEV_DEBUG: 0
2026-10-08T03:48:22.8703188Z   CARGO_PROFILE_TEST_DEBUG: 0
2026-10-08T03:48:22.8703386Z   CARGO_BUILD_JOBS: 2
2026-10-08T03:48:22.8703570Z   RUSTFLAGS: -D warnings
2026-10-08T03:48:22.8703765Z   CARGO_HOME: /home/runner/.cargo
2026-10-08T03:48:22.8703968Z ##[endgroup]
2026-10-08T03:48:22.8975462Z ##[end-action id=__dtolnay_rust-toolchain.__run_8;outcome=success;conclusion=success;duration_ms=35]
2026-10-08T03:48:22.8978197Z ##[start-action display=Work around spurious network errors in curl 8.0;id=__dtolnay_rust-toolchain.__run_9]
2026-10-08T03:48:22.9002148Z ##[group]Run # https://rust-lang.zulipchat.com/#narrow/stream/246057-t-cargo/topic/timeout.20investigation
2026-10-08T03:48:22.9002726Z [36;1m# https://rust-lang.zulipchat.com/#narrow/stream/246057-t-cargo/topic/timeout.20investigation[0m
2026-10-08T03:48:22.9003190Z [36;1mif rustc +1.95.0 --version --verbose | grep -q '^release: 1\.7[01]\.'; then[0m
2026-10-08T03:48:22.9003553Z [36;1m  echo CARGO_HTTP_MULTIPLEXING=false >> $GITHUB_ENV[0m
2026-10-08T03:48:22.9003839Z [36;1mfi[0m
2026-10-08T03:48:22.9060406Z shell: /usr/bin/bash --noprofile --norc -e -o pipefail {0}
2026-10-08T03:48:22.9060690Z env:
2026-10-08T03:48:22.9060862Z   CARGO_TERM_COLOR: never
2026-10-08T03:48:22.9061069Z   PYTHONDONTWRITEBYTECODE: 1
2026-10-08T03:48:22.9061273Z   CARGO_INCREMENTAL: 0
2026-10-08T03:48:22.9061460Z   CARGO_PROFILE_DEV_DEBUG: 0
2026-10-08T03:48:22.9061658Z   CARGO_PROFILE_TEST_DEBUG: 0
2026-10-08T03:48:22.9061850Z   CARGO_BUILD_JOBS: 2
2026-10-08T03:48:22.9062032Z   RUSTFLAGS: -D warnings
2026-10-08T03:48:22.9062225Z   CARGO_HOME: /home/runner/.cargo
2026-10-08T03:48:22.9062429Z ##[endgroup]
2026-10-08T03:48:22.9232199Z ##[end-action id=__dtolnay_rust-toolchain.__run_9;outcome=success;conclusion=success;duration_ms=25]
2026-10-08T03:48:22.9235221Z ##[start-action display=rustc +1.95.0 --version --verbose;id=__dtolnay_rust-toolchain.__run_10]
2026-10-08T03:48:22.9257384Z ##[group]Run rustc +1.95.0 --version --verbose
2026-10-08T03:48:22.9258050Z [36;1mrustc +1.95.0 --version --verbose[0m
2026-10-08T03:48:22.9310423Z shell: /usr/bin/bash --noprofile --norc -e -o pipefail {0}
2026-10-08T03:48:22.9310710Z env:
2026-10-08T03:48:22.9310883Z   CARGO_TERM_COLOR: never
2026-10-08T03:48:22.9311095Z   PYTHONDONTWRITEBYTECODE: 1
2026-10-08T03:48:22.9311297Z   CARGO_INCREMENTAL: 0
2026-10-08T03:48:22.9311483Z   CARGO_PROFILE_DEV_DEBUG: 0
2026-10-08T03:48:22.9311678Z   CARGO_PROFILE_TEST_DEBUG: 0
2026-10-08T03:48:22.9311865Z   CARGO_BUILD_JOBS: 2
2026-10-08T03:48:22.9312046Z   RUSTFLAGS: -D warnings
2026-10-08T03:48:22.9312237Z   CARGO_HOME: /home/runner/.cargo
2026-10-08T03:48:22.9312439Z ##[endgroup]
2026-10-08T03:48:22.9468321Z rustc 1.95.0 (59807616e 2026-04-14)
2026-10-08T03:48:22.9469054Z binary: rustc
2026-10-08T03:48:22.9469640Z commit-hash: 59807616e1fa2540724bfbac14d7976d7e4a3860
2026-10-08T03:48:22.9470285Z commit-date: 2026-04-14
2026-10-08T03:48:22.9470705Z host: x86_64-unknown-linux-gnu
2026-10-08T03:48:22.9471103Z release: 1.95.0
2026-10-08T03:48:22.9471511Z LLVM version: 22.1.2
2026-10-08T03:48:22.9534692Z ##[end-action id=__dtolnay_rust-toolchain.__run_10;outcome=success;conclusion=success;duration_ms=29]
2026-10-08T03:48:22.9592542Z ##[group]Run set -o pipefail
2026-10-08T03:48:22.9592803Z [36;1mset -o pipefail[0m
2026-10-08T03:48:22.9593028Z [36;1mmkdir -p "$RUNNER_TEMP/p7-offline"[0m
2026-10-08T03:48:22.9593405Z [36;1mpython3 -m unittest discover -s scripts/tests -p test_p7_offline_network.py -v \[0m
2026-10-08T03:48:22.9593810Z [36;1m  2>&1 | tee "$RUNNER_TEMP/p7-offline/network-controls.log"[0m
2026-10-08T03:48:22.9594187Z [36;1mrustc --edition 2021 --test crates/cc-eval/tests/support/p7_procfs.rs \[0m
2026-10-08T03:48:22.9594555Z [36;1m  -o "$RUNNER_TEMP/p7-offline/procfs-controls"[0m
2026-10-08T03:48:22.9594864Z [36;1m"$RUNNER_TEMP/p7-offline/procfs-controls" --nocapture \[0m
2026-10-08T03:48:22.9595187Z [36;1m  2>&1 | tee "$RUNNER_TEMP/p7-offline/procfs-controls.log"[0m
2026-10-08T03:48:22.9649972Z shell: /usr/bin/bash -e {0}
2026-10-08T03:48:22.9650214Z env:
2026-10-08T03:48:22.9650388Z   CARGO_TERM_COLOR: never
2026-10-08T03:48:22.9650602Z   PYTHONDONTWRITEBYTECODE: 1
2026-10-08T03:48:22.9650843Z   CARGO_INCREMENTAL: 0
2026-10-08T03:48:22.9651031Z   CARGO_PROFILE_DEV_DEBUG: 0
2026-10-08T03:48:22.9651228Z   CARGO_PROFILE_TEST_DEBUG: 0
2026-10-08T03:48:22.9651423Z   CARGO_BUILD_JOBS: 2
2026-10-08T03:48:22.9651605Z   RUSTFLAGS: -D warnings
2026-10-08T03:48:22.9651799Z   CARGO_HOME: /home/runner/.cargo
2026-10-08T03:48:22.9652008Z ##[endgroup]
2026-10-08T03:48:23.8463352Z test_actual_ipv4_ipv6_socket_attempts_are_process_fatal (test_p7_offline_network.NetworkGuardTests.test_actual_ipv4_ipv6_socket_attempts_are_process_fatal) ... ok
2026-10-08T03:48:25.2037904Z test_addressed_receives_wrong_flags_and_descriptor_import_remain_fatal (test_p7_offline_network.NetworkGuardTests.test_addressed_receives_wrong_flags_and_descriptor_import_remain_fatal) ... ok
2026-10-08T03:48:25.3858520Z test_anonymous_unix_stream_ipc_works_under_both_network_policies (test_p7_offline_network.NetworkGuardTests.test_anonymous_unix_stream_ipc_works_under_both_network_policies) ... ok
2026-10-08T03:48:25.3876621Z test_early_sigsys_cannot_pass_without_reaching_the_socket (test_p7_offline_network.NetworkGuardTests.test_early_sigsys_cannot_pass_without_reaching_the_socket) ... ok
2026-10-08T03:48:25.4795372Z test_errno_parent_policy_is_inherited_across_exec (test_p7_offline_network.NetworkGuardTests.test_errno_parent_policy_is_inherited_across_exec) ... ok
2026-10-08T03:48:25.5305218Z test_existing_receipt_is_rejected_without_overwrite (test_p7_offline_network.NetworkGuardTests.test_existing_receipt_is_rejected_without_overwrite) ... ok
2026-10-08T03:48:26.2950173Z test_external_pair_addressable_unix_socket_and_connect_are_still_fatal (test_p7_offline_network.NetworkGuardTests.test_external_pair_addressable_unix_socket_and_connect_are_still_fatal) ... ok
2026-10-08T03:48:26.3620227Z test_kill_policy_runs_a_non_network_command_with_distinct_identity (test_p7_offline_network.NetworkGuardTests.test_kill_policy_runs_a_non_network_command_with_distinct_identity) ... ok
2026-10-08T03:48:26.3628381Z test_normal_exit_cannot_pass_the_kill_positive_control (test_p7_offline_network.NetworkGuardTests.test_normal_exit_cannot_pass_the_kill_positive_control) ... ok
2026-10-08T03:48:26.8169579Z test_probes_reach_explicit_ipv4_ipv6_syscalls_with_the_actual_empty_environment (test_p7_offline_network.NetworkGuardTests.test_probes_reach_explicit_ipv4_ipv6_syscalls_with_the_actual_empty_environment) ... ok
2026-10-08T03:48:27.1297357Z test_rust_spawn_anonymous_seqpacket_eof_and_eight_byte_error_under_both_policies (test_p7_offline_network.NetworkGuardTests.test_rust_spawn_anonymous_seqpacket_eof_and_eight_byte_error_under_both_policies) ... ok
2026-10-08T03:48:27.1318309Z 
2026-10-08T03:48:27.1378530Z ----------------------------------------------------------------------
2026-10-08T03:48:27.1411796Z Ran 11 tests in 3.844s
2026-10-08T03:48:27.1457764Z 
2026-10-08T03:48:27.1473792Z OK
2026-10-08T03:48:27.5614451Z 
2026-10-08T03:48:27.5622870Z running 7 tests
2026-10-08T03:48:27.5646696Z test tests::missing_proc_or_child_is_not_an_isolation_pass ... ok
2026-10-08T03:48:27.5648165Z test tests::same_namespace_proc_mount_is_supported ... ok
2026-10-08T03:48:27.5648974Z test tests::namespace_child_resolves_to_host_proc_pid ... ok
2026-10-08T03:48:27.5649779Z test tests::unrelated_numeric_pid_cannot_supply_security_evidence ... ok
2026-10-08T03:48:27.5650472Z test tests::wrong_namespace_or_parent_is_rejected ... ok
2026-10-08T03:48:27.5651138Z test tests::wrong_observer_and_ambiguous_child_are_rejected ... ok
2026-10-08T03:48:27.5752087Z P7_PROC_CHILD_IDENTITY {"NSpid": "2521", "NoNewPrivs": "0", "ObserverProcPid": "2515", "PidNamespace": "pid:[4026531836]", "ProcPid": "2521", "RequestedPid": "2521", "Seccomp": "0", "Seccomp_filters": "0", "identity": "same_pid_namespace_and_direct_parent"}
2026-10-08T03:48:27.5753561Z test tests::actual_sleep_child_has_bound_proc_identity ... ok
2026-10-08T03:48:27.5754077Z 
2026-10-08T03:48:27.5754534Z test result: ok. 7 passed; 0 failed; 0 ignored; 0 measured; 0 filtered out; finished in 0.02s
2026-10-08T03:48:27.5755074Z 
2026-10-08T03:48:27.5795042Z ##[group]Run sudo apt-get update -qq
2026-10-08T03:48:27.5795432Z [36;1msudo apt-get update -qq[0m
2026-10-08T03:48:27.5795753Z [36;1msudo apt-get install -y strace[0m
2026-10-08T03:48:27.5796333Z [36;1mpython3 scripts/p7_offline_trace.py controls --output "$RUNNER_TEMP/p7-offline/trace-controls"[0m
2026-10-08T03:48:27.5869587Z shell: /usr/bin/bash -e {0}
2026-10-08T03:48:27.5869882Z env:
2026-10-08T03:48:27.5870118Z   CARGO_TERM_COLOR: never
2026-10-08T03:48:27.5870407Z   PYTHONDONTWRITEBYTECODE: 1
2026-10-08T03:48:27.5870714Z   CARGO_INCREMENTAL: 0
2026-10-08T03:48:27.5870971Z   CARGO_PROFILE_DEV_DEBUG: 0
2026-10-08T03:48:27.5871241Z   CARGO_PROFILE_TEST_DEBUG: 0
2026-10-08T03:48:27.5871513Z   CARGO_BUILD_JOBS: 2
2026-10-08T03:48:27.5871751Z   RUSTFLAGS: -D warnings
2026-10-08T03:48:27.5872009Z   CARGO_HOME: /home/runner/.cargo
2026-10-08T03:48:27.5872315Z ##[endgroup]
2026-10-08T03:48:38.9394216Z Reading package lists...
2026-10-08T03:48:39.1468260Z Building dependency tree...
2026-10-08T03:48:39.1474000Z Reading state information...
2026-10-08T03:48:39.4046402Z strace is already the newest version (6.8-0ubuntu2).
2026-10-08T03:48:39.4046874Z strace set to manually installed.
2026-10-08T03:48:39.4047314Z 0 upgraded, 0 newly installed, 0 to remove and 17 not upgraded.
2026-10-08T03:48:40.0084892Z {"status": "passed", "output": "/home/runner/work/_temp/p7-offline/trace-controls"}
2026-10-08T03:48:40.0233666Z ##[group]Run python3 scripts/p7_stdio_build_receipt.py --package-kind 'semantic' \
2026-10-08T03:48:40.0234285Z [36;1mpython3 scripts/p7_stdio_build_receipt.py --package-kind 'semantic' \[0m
2026-10-08T03:48:40.0234744Z [36;1m  --output-dir "$RUNNER_TEMP/p7-offline/product" \[0m
2026-10-08T03:48:40.0235140Z [36;1m  > "$RUNNER_TEMP/p7-offline/product-build-summary.json"[0m
2026-10-08T03:48:40.0306818Z shell: /usr/bin/bash -e {0}
2026-10-08T03:48:40.0307318Z env:
2026-10-08T03:48:40.0307973Z   CARGO_TERM_COLOR: never
2026-10-08T03:48:40.0308275Z   PYTHONDONTWRITEBYTECODE: 1
2026-10-08T03:48:40.0308575Z   CARGO_INCREMENTAL: 0
2026-10-08T03:48:40.0308853Z   CARGO_PROFILE_DEV_DEBUG: 0
2026-10-08T03:48:40.0309147Z   CARGO_PROFILE_TEST_DEBUG: 0
2026-10-08T03:48:40.0309452Z   CARGO_BUILD_JOBS: 2
2026-10-08T03:48:40.0309728Z   RUSTFLAGS: -D warnings
2026-10-08T03:48:40.0310025Z   CARGO_HOME: /home/runner/.cargo
2026-10-08T03:48:40.0310340Z ##[endgroup]
2026-10-08T03:49:38.0884669Z ##[group]Run python3 - <<'PY'
2026-10-08T03:49:38.0884982Z [36;1mpython3 - <<'PY'[0m
2026-10-08T03:49:38.0885190Z [36;1mimport os, pathlib, sys[0m
2026-10-08T03:49:38.0885417Z [36;1msys.path.insert(0, 'scripts')[0m
2026-10-08T03:49:38.0885715Z [36;1mfrom p7_build_identity import json_bytes, source_snapshot[0m
2026-10-08T03:49:38.0886063Z [36;1mout = pathlib.Path(os.environ['RUNNER_TEMP']) / 'p7-offline'[0m
2026-10-08T03:49:38.0886527Z [36;1m(out / 'runner-source-before.json').write_bytes(json_bytes(source_snapshot(pathlib.Path.cwd())))[0m
2026-10-08T03:49:38.0886900Z [36;1mPY[0m
2026-10-08T03:49:38.0887163Z [36;1mcargo test -p cc-eval --test benchmark_adapters --locked --no-run \[0m
2026-10-08T03:49:38.0887863Z [36;1m  --message-format=json-render-diagnostics \[0m
2026-10-08T03:49:38.0888169Z [36;1m  > "$RUNNER_TEMP/p7-offline/runner-build.jsonl" \[0m
2026-10-08T03:49:38.0888474Z [36;1m  2> "$RUNNER_TEMP/p7-offline/runner-build.stderr.log"[0m
2026-10-08T03:49:38.0888767Z [36;1mpython3 - <<'PY'[0m
2026-10-08T03:49:38.0888984Z [36;1mimport hashlib, json, os, pathlib, sys[0m
2026-10-08T03:49:38.0889230Z [36;1msys.path.insert(0, 'scripts')[0m
2026-10-08T03:49:38.0889505Z [36;1mfrom p7_build_identity import json_bytes, source_snapshot[0m
2026-10-08T03:49:38.0889843Z [36;1mout = pathlib.Path(os.environ['RUNNER_TEMP']) / 'p7-offline'[0m
2026-10-08T03:49:38.0890205Z [36;1mbefore = json.loads((out / 'runner-source-before.json').read_text())[0m
2026-10-08T03:49:38.0890546Z [36;1mafter = source_snapshot(pathlib.Path.cwd())[0m
2026-10-08T03:49:38.0890867Z [36;1massert before == after, 'runner source changed during compilation'[0m
2026-10-08T03:49:38.0891263Z [36;1m(out / 'runner-source-inputs.json').write_bytes(json_bytes(before['inputs']))[0m
2026-10-08T03:49:38.0891712Z [36;1mrows = [json.loads(line) for line in (out / 'runner-build.jsonl').read_text().splitlines()][0m
2026-10-08T03:49:38.0892137Z [36;1martifacts = [x for x in rows if x.get('reason') == 'compiler-artifact'[0m
2026-10-08T03:49:38.0892502Z [36;1m             and x.get('target', {}).get('name') == 'benchmark_adapters'[0m
2026-10-08T03:49:38.0892795Z [36;1m             and x.get('executable')][0m
2026-10-08T03:49:38.0893044Z [36;1massert len(artifacts) == 1, artifacts[0m
2026-10-08T03:49:38.0893311Z [36;1mbinary = pathlib.Path(artifacts[0]['executable'])[0m
2026-10-08T03:49:38.0893593Z [36;1mreceipt = {'cargo_artifact': artifacts[0],[0m
2026-10-08T03:49:38.0893898Z [36;1m           'sha256': hashlib.sha256(binary.read_bytes()).hexdigest(),[0m
2026-10-08T03:49:38.0894259Z [36;1m           'source_before': {k:v for k,v in before.items() if k != 'inputs'},[0m
2026-10-08T03:49:38.0894616Z [36;1m           'source_after': {k:v for k,v in after.items() if k != 'inputs'}}[0m
2026-10-08T03:49:38.0895000Z [36;1m(out / 'runner-identity.json').write_text(json.dumps(receipt, indent=2) + '\n')[0m
2026-10-08T03:49:38.0895373Z [36;1mwith open(os.environ['GITHUB_ENV'], 'a') as env:[0m
2026-10-08T03:49:38.0895675Z [36;1m    env.write('P7_OFFLINE_RUNNER=' + str(binary) + '\n')[0m
2026-10-08T03:49:38.0895926Z [36;1mPY[0m
2026-10-08T03:49:38.0949659Z shell: /usr/bin/bash -e {0}
2026-10-08T03:49:38.0949862Z env:
2026-10-08T03:49:38.0950030Z   CARGO_TERM_COLOR: never
2026-10-08T03:49:38.0950261Z   PYTHONDONTWRITEBYTECODE: 1
2026-10-08T03:49:38.0950464Z   CARGO_INCREMENTAL: 0
2026-10-08T03:49:38.0950645Z   CARGO_PROFILE_DEV_DEBUG: 0
2026-10-08T03:49:38.0950985Z   CARGO_PROFILE_TEST_DEBUG: 0
2026-10-08T03:49:38.0951175Z   CARGO_BUILD_JOBS: 2
2026-10-08T03:49:38.0951352Z   RUSTFLAGS: -D warnings
2026-10-08T03:49:38.0951542Z   CARGO_HOME: /home/runner/.cargo
2026-10-08T03:49:38.0951827Z   CARGO_TARGET_DIR: /home/runner/work/_temp/p7-offline-runner-target
2026-10-08T03:49:38.0952114Z ##[endgroup]
2026-10-08T03:50:35.7001844Z ##[group]Run set -o pipefail
2026-10-08T03:50:35.7002102Z [36;1mset -o pipefail[0m
2026-10-08T03:50:35.7002400Z [36;1mpython3 scripts/p7_offline_trace.py run --package-kind 'semantic' \[0m
2026-10-08T03:50:35.7002785Z [36;1m  --product "$RUNNER_TEMP/p7-offline/product/codecortex" \[0m
2026-10-08T03:50:35.7003161Z [36;1m  --build-receipt "$RUNNER_TEMP/p7-offline/product/build-receipt.json" \[0m
2026-10-08T03:50:35.7003609Z [36;1m  --runner "$P7_OFFLINE_RUNNER" --runner-receipt "$RUNNER_TEMP/p7-offline/runner-identity.json" \[0m
2026-10-08T03:50:35.7004020Z [36;1m  --output "$RUNNER_TEMP/p7-offline/trace-matrix" \[0m
2026-10-08T03:50:35.7004341Z [36;1m  2>&1 | tee "$RUNNER_TEMP/p7-offline/product-matrix.log"[0m
2026-10-08T03:50:35.7058361Z shell: /usr/bin/bash -e {0}
2026-10-08T03:50:35.7058563Z env:
2026-10-08T03:50:35.7058724Z   CARGO_TERM_COLOR: never
2026-10-08T03:50:35.7058919Z   PYTHONDONTWRITEBYTECODE: 1
2026-10-08T03:50:35.7059116Z   CARGO_INCREMENTAL: 0
2026-10-08T03:50:35.7059318Z   CARGO_PROFILE_DEV_DEBUG: 0
2026-10-08T03:50:35.7059501Z   CARGO_PROFILE_TEST_DEBUG: 0
2026-10-08T03:50:35.7059690Z   CARGO_BUILD_JOBS: 2
2026-10-08T03:50:35.7059861Z   RUSTFLAGS: -D warnings
2026-10-08T03:50:35.7060043Z   CARGO_HOME: /home/runner/.cargo
2026-10-08T03:50:35.7060447Z   P7_OFFLINE_RUNNER: /home/runner/work/_temp/p7-offline-runner-target/debug/deps/benchmark_adapters-8387a61e821cae35
2026-10-08T03:50:35.7060950Z   CODECORTEX_BENCH_BINARY: /home/runner/work/_temp/p7-offline/product/codecortex
2026-10-08T03:50:35.7061267Z   P7_017_PACKAGE_KIND: semantic
2026-10-08T03:50:35.7061567Z   P7_017_BUILD_RECEIPT: /home/runner/work/_temp/p7-offline/product/build-receipt.json
2026-10-08T03:50:35.7061994Z   CODECORTEX_BENCH_OBSERVATIONS: /home/runner/work/_temp/p7-offline/observations.jsonl
2026-10-08T03:50:35.7062315Z ##[endgroup]
2026-10-08T03:50:52.3112887Z {"status": "passed", "output": "/home/runner/work/_temp/p7-offline/trace-matrix"}
2026-10-08T03:50:52.3261435Z ##[group]Run actions/upload-artifact@v4
2026-10-08T03:50:52.3261667Z with:
2026-10-08T03:50:52.3261913Z   name: p7-offline-semantic-9ebe1f619a298b9955d576d9d8250368259924d2
2026-10-08T03:50:52.3262351Z   path: /home/runner/work/_temp/p7-offline
!/home/runner/work/_temp/p7-offline/product/cargo-target

2026-10-08T03:50:52.3262709Z   include-hidden-files: true
2026-10-08T03:50:52.3262916Z   if-no-files-found: error
2026-10-08T03:50:52.3263103Z   compression-level: 6
2026-10-08T03:50:52.3263279Z   overwrite: false
2026-10-08T03:50:52.3263437Z env:
2026-10-08T03:50:52.3263590Z   CARGO_TERM_COLOR: never
2026-10-08T03:50:52.3263779Z   PYTHONDONTWRITEBYTECODE: 1
2026-10-08T03:50:52.3263968Z   CARGO_INCREMENTAL: 0
2026-10-08T03:50:52.3264153Z   CARGO_PROFILE_DEV_DEBUG: 0
2026-10-08T03:50:52.3264338Z   CARGO_PROFILE_TEST_DEBUG: 0
2026-10-08T03:50:52.3264525Z   CARGO_BUILD_JOBS: 2
2026-10-08T03:50:52.3264703Z   RUSTFLAGS: -D warnings
2026-10-08T03:50:52.3264923Z   CARGO_HOME: /home/runner/.cargo
2026-10-08T03:50:52.3265317Z   P7_OFFLINE_RUNNER: /home/runner/work/_temp/p7-offline-runner-target/debug/deps/benchmark_adapters-8387a61e821cae35
2026-10-08T03:50:52.3265707Z ##[endgroup]
2026-10-08T03:50:52.4544788Z (node:11472) [DEP0040] DeprecationWarning: The `punycode` module is deprecated. Please use a userland alternative instead.
2026-10-08T03:50:52.4545355Z (Use `node --trace-deprecation ...` to show where the warning was created)
2026-10-08T03:50:52.5918123Z With the provided path, there will be 164 files uploaded
2026-10-08T03:50:52.5922134Z Artifact name is valid!
2026-10-08T03:50:52.5922580Z Root directory input is valid!
2026-10-08T03:50:52.9497911Z Beginning upload of artifact content to blob storage
2026-10-08T03:50:53.6842555Z (node:11472) [DEP0169] DeprecationWarning: `url.parse()` behavior is not standardized and prone to errors that have security implications. Use the WHATWG URL API instead. CVEs are not issued for `url.parse()` vulnerabilities.
2026-10-08T03:50:54.3829025Z Uploaded bytes 8388608
2026-10-08T03:50:54.7929893Z Uploaded bytes 16777216
2026-10-08T03:50:54.9678302Z Uploaded bytes 18300427
2026-10-08T03:50:55.0244287Z Finished uploading artifact content to blob storage!
2026-10-08T03:50:55.0246819Z SHA256 digest of uploaded artifact zip is f538b8755549d57cbf5333c4ea0fb6be55833dfd44683655571820538fcdbde9
2026-10-08T03:50:55.0248847Z Finalizing artifact upload
2026-10-08T03:50:55.3055978Z Artifact p7-offline-semantic-9ebe1f619a298b9955d576d9d8250368259924d2.zip successfully finalized. Artifact ID 11526858595
2026-10-08T03:50:55.3057318Z Artifact p7-offline-semantic-9ebe1f619a298b9955d576d9d8250368259924d2 has been successfully uploaded! Final size is 18300427 bytes. Artifact ID is 11526858595
2026-10-08T03:50:55.3058711Z Artifact download URL: https://github.com/jyqj/codecortex/actions/runs/37724421493/artifacts/11526858595
2026-10-08T03:50:55.3457728Z Post job cleanup.
2026-10-08T03:50:55.4115925Z [command]/usr/bin/git version
2026-10-08T03:50:55.4146787Z git version 2.55.0
2026-10-08T03:50:55.4174102Z Temporarily overriding HOME='/home/runner/work/_temp/6126424d-03c1-4640-b47f-6b06924cdbd6' before making global git config changes
2026-10-08T03:50:55.4175077Z Adding repository directory to the temporary git global config as a safe directory
2026-10-08T03:50:55.4179150Z [command]/usr/bin/git config --global --add safe.directory /home/runner/work/codecortex/codecortex
2026-10-08T03:50:55.4581610Z [command]/usr/bin/git config --local --name-only --get-regexp core\.sshCommand
2026-10-08T03:50:55.4609930Z [command]/usr/bin/git submodule foreach --recursive sh -c "git config --local --name-only --get-regexp 'core\.sshCommand' && git config --local --unset-all 'core.sshCommand' || :"
2026-10-08T03:50:55.4805556Z [command]/usr/bin/git config --local --name-only --get-regexp http\.https\:\/\/github\.com\/\.extraheader
2026-10-08T03:50:55.4823728Z http.https://github.com/.extraheader
2026-10-08T03:50:55.4831751Z [command]/usr/bin/git config --local --unset-all http.https://github.com/.extraheader
2026-10-08T03:50:55.4858158Z [command]/usr/bin/git submodule foreach --recursive sh -c "git config --local --name-only --get-regexp 'http\.https\:\/\/github\.com\/\.extraheader' && git config --local --unset-all 'http.https://github.com/.extraheader' || :"
2026-10-08T03:50:55.5049137Z [command]/usr/bin/git config --local --name-only --get-regexp ^includeIf\.gitdir:
2026-10-08T03:50:55.5075371Z [command]/usr/bin/git submodule foreach --recursive git config --local --show-origin --name-only --get-regexp remote.origin.url
2026-10-08T03:50:55.5408659Z Cleaning up orphan processes
2026-10-08T03:50:55.5656451Z ##[warning]Node.js 20 is deprecated. The following actions target Node.js 20 but are being forced to run on Node.js 24: actions/checkout@v4, actions/upload-artifact@v4. For more information see: https://github.blog/changelog/2025-09-19-deprecation-of-node-20-on-github-actions-runners/
