   Compiling libc v0.2.183
   Compiling shlex v1.3.0
   Compiling find-msvc-tools v0.1.9
   Compiling proc-macro2 v1.0.106
   Compiling unicode-ident v1.0.24
   Compiling quote v1.0.45
   Compiling cfg-if v1.0.4
   Compiling memchr v2.8.0
   Compiling serde_core v1.0.228
   Compiling syn v2.0.117
   Compiling jobserver v0.1.34
   Compiling cc v1.2.58
   Compiling pin-project-lite v0.2.17
   Compiling serde v1.0.228
   Compiling once_cell v1.21.4
   Compiling zmij v1.0.21
   Compiling bitflags v2.11.0
   Compiling tracing-core v0.1.36
   Compiling itoa v1.0.18
   Compiling getrandom v0.4.2
   Compiling rand_core v0.10.0
   Compiling serde_json v1.0.149
   Compiling thiserror v2.0.18
   Compiling serde_derive v1.0.228
   Compiling tracing-attributes v0.1.31
   Compiling tracing v0.1.44
   Compiling thiserror-impl v2.0.18
   Compiling blake3 v1.8.4
   Compiling arrayvec v0.7.6
   Compiling arrayref v0.3.9
   Compiling constant_time_eq v0.4.2
   Compiling aho-corasick v1.1.4
   Compiling regex-syntax v0.8.10
   Compiling smallvec v1.15.1
   Compiling pkg-config v0.3.32
   Compiling parking_lot_core v0.9.12
   Compiling cc-model v1.0.0 (/Users/jin/Desktop/codecortex-rust/artifacts/benchmarks/p8-bfccb8494ba0/source/crates/cc-model)
   Compiling equivalent v1.0.2
   Compiling scopeguard v1.2.0
   Compiling regex-automata v0.4.14
   Compiling lock_api v0.4.14
   Compiling parking_lot v0.12.5
   Compiling errno v0.3.14
   Compiling log v0.4.29
   Compiling autocfg v1.5.0
   Compiling zstd-sys v2.0.16+zstd.1.5.7
   Compiling num-traits v0.2.19
   Compiling foldhash v0.2.0
   Compiling allocator-api2 v0.2.21
   Compiling vcpkg v0.2.15
   Compiling hashbrown v0.17.1
   Compiling regex v1.12.3
   Compiling libsqlite3-sys v0.38.1
   Compiling core-foundation-sys v0.8.7
   Compiling iana-time-zone v0.1.65
   Compiling chacha20 v0.10.2
   Compiling zstd-safe v7.2.4
   Compiling rand v0.10.3
   Compiling chrono v0.4.44
   Compiling hashlink v0.12.1
   Compiling scheduled-thread-pool v0.2.7
   Compiling fallible-iterator v0.3.0
   Compiling fallible-streaming-iterator v0.1.9
   Compiling rusqlite v0.40.1
   Compiling r2d2 v0.8.10
   Compiling uuid v1.23.0
   Compiling rustix v1.1.4
   Compiling r2d2_sqlite v0.35.0
   Compiling fastrand v2.3.0
   Compiling tree-sitter-language v0.1.7
   Compiling tree-sitter-c v0.23.4
   Compiling tree-sitter-java v0.23.5
   Compiling tree-sitter-rust v0.23.3
   Compiling tree-sitter-javascript v0.23.1
   Compiling tree-sitter-typescript v0.23.2
   Compiling tempfile v3.27.0
   Compiling tree-sitter-cpp v0.23.4
   Compiling tree-sitter v0.24.7
   Compiling tree-sitter-python v0.23.6
   Compiling tree-sitter-go v0.23.4
   Compiling streaming-iterator v0.1.9
   Compiling crossbeam-utils v0.8.21
   Compiling crossbeam-epoch v0.9.20
   Compiling cc-parsers v1.0.0 (/Users/jin/Desktop/codecortex-rust/artifacts/benchmarks/p8-bfccb8494ba0/source/crates/cc-parsers)
   Compiling hashbrown v0.16.1
   Compiling indexmap v2.13.0
   Compiling crossbeam-deque v0.8.6
   Compiling rayon-core v1.13.0
   Compiling same-file v1.0.6
   Compiling walkdir v2.5.0
   Compiling zstd v0.13.3
   Compiling serde_spanned v0.6.9
   Compiling toml_datetime v0.6.11
   Compiling cc-db v1.0.0 (/Users/jin/Desktop/codecortex-rust/artifacts/benchmarks/p8-bfccb8494ba0/source/crates/cc-db)
   Compiling bstr v1.12.1
   Compiling winnow v0.7.15
   Compiling toml_write v0.1.2
   Compiling either v1.15.0
   Compiling rayon v1.11.0
   Compiling toml_edit v0.22.27
   Compiling globset v0.4.18
   Compiling lru v0.18.2
   Compiling ignore v0.4.25
   Compiling toml v0.8.23
   Compiling cc-index v1.0.0 (/Users/jin/Desktop/codecortex-rust/artifacts/benchmarks/p8-bfccb8494ba0/source/crates/cc-index)
warning: unused imports: `config_cache::Loader` and `python`
 --> crates/cc-index/src/project_model/python_inventory.rs:3:13
  |
3 | use super::{config_cache::Loader, python};
  |             ^^^^^^^^^^^^^^^^^^^^  ^^^^^^
  |
  = note: `#[warn(unused_imports)]` (part of `#[warn(unused)]`) on by default

   Compiling signal-hook-registry v1.4.8
   Compiling tokio-macros v2.6.1
   Compiling mio v1.2.0
   Compiling socket2 v0.6.3
   Compiling futures-core v0.3.32
   Compiling bytes v1.11.1
   Compiling futures-sink v0.3.32
   Compiling strsim v0.11.1
   Compiling tokio v1.50.0
   Compiling futures-channel v0.3.32
   Compiling futures-macro v0.3.32
   Compiling slab v0.4.12
warning: function `bound` is never used
  --> crates/cc-index/src/project_model/python_inventory.rs:96:4
   |
96 | fn bound(actual: usize, limit: usize, resource: &'static str) -> Result<()> {
   |    ^^^^^
   |
   = note: `#[warn(dead_code)]` (part of `#[warn(unused)]`) on by default

warning: function `sum` is never used
   --> crates/cc-index/src/project_model/python_inventory.rs:103:4
    |
103 | fn sum(a: usize, b: usize, resource: &'static str) -> Result<usize> {
    |    ^^^

warning: function `supported_document` is never used
   --> crates/cc-index/src/project_model/python_inventory.rs:290:4
    |
290 | fn supported_document(doc: &ConfigDocument) -> Result<()> {
    |    ^^^^^^^^^^^^^^^^^^

warning: struct `OutputMeter` is never constructed
   --> crates/cc-index/src/project_model/python_inventory.rs:331:8
    |
331 | struct OutputMeter {
    |        ^^^^^^^^^^^

   Compiling futures-io v0.3.32
   Compiling futures-task v0.3.32
   Compiling futures-util v0.3.32
   Compiling ident_case v1.0.1
   Compiling cfg_aliases v0.2.1
   Compiling nix v0.31.2
   Compiling darling_core v0.23.0
   Compiling utf8parse v0.2.2
   Compiling ref-cast v1.0.25
   Compiling anstyle-parse v1.0.0
   Compiling darling_macro v0.23.0
   Compiling futures-executor v0.3.32
   Compiling ref-cast-impl v1.0.25
   Compiling serde_derive_internals v0.29.1
   Compiling colorchoice v1.0.5
   Compiling is_terminal_polyfill v1.70.2
   Compiling anstyle v1.0.14
   Compiling anstyle-query v1.1.5
   Compiling schemars_derive v1.2.1
   Compiling anstream v1.0.0
   Compiling futures v0.3.32
   Compiling darling v0.23.0
   Compiling heck v0.5.0
   Compiling rmcp v2.2.0
   Compiling option-ext v0.2.0
   Compiling clap_lex v1.0.0
   Compiling dyn-clone v1.0.20
   Compiling lazy_static v1.5.0
   Compiling sharded-slab v0.1.7
   Compiling clap_builder v4.6.0
   Compiling schemars v1.2.1
   Compiling rmcp-macros v2.2.0
   Compiling dirs-sys v0.4.1
   Compiling clap_derive v4.6.0
   Compiling process-wrap v9.1.0
warning: `cc-index` (lib) generated 5 warnings (run `cargo fix --lib -p cc-index` to apply 1 suggestion)
   Compiling tokio-stream v0.1.18
   Compiling tokio-util v0.7.18
   Compiling cc-search v1.0.0 (/Users/jin/Desktop/codecortex-rust/artifacts/benchmarks/p8-bfccb8494ba0/source/crates/cc-search)
   Compiling matchers v0.2.0
   Compiling tracing-log v0.2.0
   Compiling async-trait v0.1.89
   Compiling notify-types v2.1.0
   Compiling fsevent-sys v4.1.0
   Compiling thread_local v1.1.9
   Compiling pastey v0.2.1
   Compiling nu-ansi-term v0.50.3
   Compiling base64 v0.22.1
   Compiling tracing-subscriber v0.3.23
   Compiling notify v8.2.0
   Compiling clap v4.6.0
   Compiling dirs v5.0.1
   Compiling version_check v0.9.5
   Compiling typenum v1.20.1
   Compiling generic-array v0.14.7
   Compiling cpufeatures v0.2.17
   Compiling cc-semantic v1.0.0 (/Users/jin/Desktop/codecortex-rust/artifacts/benchmarks/p8-bfccb8494ba0/source/crates/cc-semantic)
   Compiling block-buffer v0.10.4
   Compiling crypto-common v0.1.7
   Compiling digest v0.10.7
   Compiling sha2 v0.10.9
   Compiling cc-server v1.0.0 (/Users/jin/Desktop/codecortex-rust/artifacts/benchmarks/p8-bfccb8494ba0/source/crates/cc-server)
warning: unused imports: `Duration`, `Instant`, and `Path`
  --> crates/cc-semantic/tests/p7_cache_allocation_independent_review.rs:11:12
   |
11 |     path::{Path, PathBuf},
   |            ^^^^
12 |     sync::atomic::{AtomicU64, Ordering},
13 |     time::{Duration, Instant},
   |            ^^^^^^^^  ^^^^^^^
   |
   = note: `#[warn(unused_imports)]` (part of `#[warn(unused)]`) on by default

warning: `cc-semantic` (test "p7_cache_allocation_independent_review") generated 1 warning (run `cargo fix --test "p7_cache_allocation_independent_review" -p cc-semantic` to apply 1 suggestion)
   Compiling cc-eval v1.0.0 (/Users/jin/Desktop/codecortex-rust/artifacts/benchmarks/p8-bfccb8494ba0/source/crates/cc-eval)
warning: variant `KillOnNetwork` is never constructed
   --> crates/cc-eval/tests/benchmark_adapters.rs:223:9
    |
221 |     enum SpawnPolicy {
    |          ----------- variant in this enum
222 |         Direct,
223 |         KillOnNetwork {
    |         ^^^^^^^^^^^^^
    |
    = note: `#[warn(dead_code)]` (part of `#[warn(unused)]`) on by default

warning: `cc-eval` (test "benchmark_adapters") generated 1 warning
warning: `cc-index` (lib test) generated 5 warnings (5 duplicates)
    Finished `test` profile [unoptimized + debuginfo] target(s) in 1m 38s
     Running unittests src/lib.rs (/Users/jin/Desktop/codecortex-rust/artifacts/benchmarks/p8-bfccb8494ba0/targets/premerge-workspace-a23-rust195-sdk154-round5/debug/deps/cc_db-d3102a3c45108d29)
     Running tests/ci_schema_guard_contract.rs (/Users/jin/Desktop/codecortex-rust/artifacts/benchmarks/p8-bfccb8494ba0/targets/premerge-workspace-a23-rust195-sdk154-round5/debug/deps/ci_schema_guard_contract-f5ec7400fadc8e2f)
     Running tests/fts_identifier_expansion.rs (/Users/jin/Desktop/codecortex-rust/artifacts/benchmarks/p8-bfccb8494ba0/targets/premerge-workspace-a23-rust195-sdk154-round5/debug/deps/fts_identifier_expansion-c53d3cf9f79ab94d)
     Running tests/incremental_write_bench.rs (/Users/jin/Desktop/codecortex-rust/artifacts/benchmarks/p8-bfccb8494ba0/targets/premerge-workspace-a23-rust195-sdk154-round5/debug/deps/incremental_write_bench-7deb5bfd59f2f25d)
     Running tests/p2b_resolution_store.rs (/Users/jin/Desktop/codecortex-rust/artifacts/benchmarks/p8-bfccb8494ba0/targets/premerge-workspace-a23-rust195-sdk154-round5/debug/deps/p2b_resolution_store-989cd1c68e8246e8)
     Running tests/p2c_freshness_store.rs (/Users/jin/Desktop/codecortex-rust/artifacts/benchmarks/p8-bfccb8494ba0/targets/premerge-workspace-a23-rust195-sdk154-round5/debug/deps/p2c_freshness_store-58fdca8bdc8a3361)
     Running tests/p2d_dependency_cost.rs (/Users/jin/Desktop/codecortex-rust/artifacts/benchmarks/p8-bfccb8494ba0/targets/premerge-workspace-a23-rust195-sdk154-round5/debug/deps/p2d_dependency_cost-88260ae81a060088)
     Running tests/p7_configured_space_transition.rs (/Users/jin/Desktop/codecortex-rust/artifacts/benchmarks/p8-bfccb8494ba0/targets/premerge-workspace-a23-rust195-sdk154-round5/debug/deps/p7_configured_space_transition-cfea6bc014f7337c)
     Running tests/public_surface_store.rs (/Users/jin/Desktop/codecortex-rust/artifacts/benchmarks/p8-bfccb8494ba0/targets/premerge-workspace-a23-rust195-sdk154-round5/debug/deps/public_surface_store-a53b200dd881049c)
     Running tests/resolver_bind_independent_review.rs (/Users/jin/Desktop/codecortex-rust/artifacts/benchmarks/p8-bfccb8494ba0/targets/premerge-workspace-a23-rust195-sdk154-round5/debug/deps/resolver_bind_independent_review-774e338997004243)
     Running tests/resolver_seed_large_exclusion.rs (/Users/jin/Desktop/codecortex-rust/artifacts/benchmarks/p8-bfccb8494ba0/targets/premerge-workspace-a23-rust195-sdk154-round5/debug/deps/resolver_seed_large_exclusion-bb655c3d68de37ef)
     Running tests/semantic_coverage.rs (/Users/jin/Desktop/codecortex-rust/artifacts/benchmarks/p8-bfccb8494ba0/targets/premerge-workspace-a23-rust195-sdk154-round5/debug/deps/semantic_coverage-a54ef7f37c0f7ebc)
     Running tests/semantic_lease.rs (/Users/jin/Desktop/codecortex-rust/artifacts/benchmarks/p8-bfccb8494ba0/targets/premerge-workspace-a23-rust195-sdk154-round5/debug/deps/semantic_lease-4223513a48d7ce0f)
     Running tests/semantic_outbox.rs (/Users/jin/Desktop/codecortex-rust/artifacts/benchmarks/p8-bfccb8494ba0/targets/premerge-workspace-a23-rust195-sdk154-round5/debug/deps/semantic_outbox-12b83b00dd1c8323)
     Running tests/semantic_publish.rs (/Users/jin/Desktop/codecortex-rust/artifacts/benchmarks/p8-bfccb8494ba0/targets/premerge-workspace-a23-rust195-sdk154-round5/debug/deps/semantic_publish-b4c4d2ad8b982245)
     Running tests/semantic_queue.rs (/Users/jin/Desktop/codecortex-rust/artifacts/benchmarks/p8-bfccb8494ba0/targets/premerge-workspace-a23-rust195-sdk154-round5/debug/deps/semantic_queue-2f334a68fb0f0c58)
     Running tests/semantic_rebuild.rs (/Users/jin/Desktop/codecortex-rust/artifacts/benchmarks/p8-bfccb8494ba0/targets/premerge-workspace-a23-rust195-sdk154-round5/debug/deps/semantic_rebuild-b69be78b9b730f2c)
     Running tests/semantic_recovery.rs (/Users/jin/Desktop/codecortex-rust/artifacts/benchmarks/p8-bfccb8494ba0/targets/premerge-workspace-a23-rust195-sdk154-round5/debug/deps/semantic_recovery-73f65c218afe7589)
     Running tests/semantic_schema.rs (/Users/jin/Desktop/codecortex-rust/artifacts/benchmarks/p8-bfccb8494ba0/targets/premerge-workspace-a23-rust195-sdk154-round5/debug/deps/semantic_schema-a552408b60ac79ea)
     Running tests/semantic_space_switch.rs (/Users/jin/Desktop/codecortex-rust/artifacts/benchmarks/p8-bfccb8494ba0/targets/premerge-workspace-a23-rust195-sdk154-round5/debug/deps/semantic_space_switch-c53102d3cda2050c)
     Running tests/test_edge_empty_population.rs (/Users/jin/Desktop/codecortex-rust/artifacts/benchmarks/p8-bfccb8494ba0/targets/premerge-workspace-a23-rust195-sdk154-round5/debug/deps/test_edge_empty_population-0109f5d6beaf6a4f)
     Running unittests src/lib.rs (/Users/jin/Desktop/codecortex-rust/artifacts/benchmarks/p8-bfccb8494ba0/targets/premerge-workspace-a23-rust195-sdk154-round5/debug/deps/cc_eval-76ebcc3d37ad6764)
     Running unittests src/bin/cc-eval.rs (/Users/jin/Desktop/codecortex-rust/artifacts/benchmarks/p8-bfccb8494ba0/targets/premerge-workspace-a23-rust195-sdk154-round5/debug/deps/cc_eval-94f577a2339dc69d)
     Running unittests src/bin/cc-eval-p8-load.rs (/Users/jin/Desktop/codecortex-rust/artifacts/benchmarks/p8-bfccb8494ba0/targets/premerge-workspace-a23-rust195-sdk154-round5/debug/deps/cc_eval_p8_load-559b72e2010d5586)
     Running unittests src/bin/p8-measurements.rs (/Users/jin/Desktop/codecortex-rust/artifacts/benchmarks/p8-bfccb8494ba0/targets/premerge-workspace-a23-rust195-sdk154-round5/debug/deps/p8_measurements-f25e9fc40260b7f4)
     Running unittests src/bin/p8-oracle.rs (/Users/jin/Desktop/codecortex-rust/artifacts/benchmarks/p8-bfccb8494ba0/targets/premerge-workspace-a23-rust195-sdk154-round5/debug/deps/p8_oracle-2a929428b4803ba7)
     Running unittests src/bin/p8-runtime-statistics.rs (/Users/jin/Desktop/codecortex-rust/artifacts/benchmarks/p8-bfccb8494ba0/targets/premerge-workspace-a23-rust195-sdk154-round5/debug/deps/p8_runtime_statistics-563c6c6dcc45eebc)
     Running unittests src/bin/p8-scale.rs (/Users/jin/Desktop/codecortex-rust/artifacts/benchmarks/p8-bfccb8494ba0/targets/premerge-workspace-a23-rust195-sdk154-round5/debug/deps/p8_scale-f7880a3a30239f65)
     Running tests/benchmark_adapters.rs (/Users/jin/Desktop/codecortex-rust/artifacts/benchmarks/p8-bfccb8494ba0/targets/premerge-workspace-a23-rust195-sdk154-round5/debug/deps/benchmark_adapters-51b72767f461e199)
     Running tests/benchmark_cli.rs (/Users/jin/Desktop/codecortex-rust/artifacts/benchmarks/p8-bfccb8494ba0/targets/premerge-workspace-a23-rust195-sdk154-round5/debug/deps/benchmark_cli-c8aac76dad1e0f0c)
     Running tests/benchmark_coverage_diagnostics.rs (/Users/jin/Desktop/codecortex-rust/artifacts/benchmarks/p8-bfccb8494ba0/targets/premerge-workspace-a23-rust195-sdk154-round5/debug/deps/benchmark_coverage_diagnostics-f93fdc7e49a4a217)
     Running tests/benchmark_defects.rs (/Users/jin/Desktop/codecortex-rust/artifacts/benchmarks/p8-bfccb8494ba0/targets/premerge-workspace-a23-rust195-sdk154-round5/debug/deps/benchmark_defects-b0e5da1f60bd4f37)
     Running tests/benchmark_lock.rs (/Users/jin/Desktop/codecortex-rust/artifacts/benchmarks/p8-bfccb8494ba0/targets/premerge-workspace-a23-rust195-sdk154-round5/debug/deps/benchmark_lock-0db81c8bec53c048)
     Running tests/benchmark_oracle_streaming.rs (/Users/jin/Desktop/codecortex-rust/artifacts/benchmarks/p8-bfccb8494ba0/targets/premerge-workspace-a23-rust195-sdk154-round5/debug/deps/benchmark_oracle_streaming-857aafbac890c132)
     Running tests/benchmark_reports.rs (/Users/jin/Desktop/codecortex-rust/artifacts/benchmarks/p8-bfccb8494ba0/targets/premerge-workspace-a23-rust195-sdk154-round5/debug/deps/benchmark_reports-9bb47861148162a5)
/var/folders/g6/80ckk0w918xcr2c7j17wc0jc0000gn/T/.tmpk8f4Vm/missing.json: I/O: No such file or directory (os error 2)
invalid benchmark input: source or query content lock drift
     Running tests/benchmark_scoring.rs (/Users/jin/Desktop/codecortex-rust/artifacts/benchmarks/p8-bfccb8494ba0/targets/premerge-workspace-a23-rust195-sdk154-round5/debug/deps/benchmark_scoring-ea88741848ac26f9)
     Running tests/ci_generation_guard_contract.rs (/Users/jin/Desktop/codecortex-rust/artifacts/benchmarks/p8-bfccb8494ba0/targets/premerge-workspace-a23-rust195-sdk154-round5/debug/deps/ci_generation_guard_contract-3eabc771ad5710b2)
     Running tests/diag_p5e_fix_review_boundary_20261003.rs (/Users/jin/Desktop/codecortex-rust/artifacts/benchmarks/p8-bfccb8494ba0/targets/premerge-workspace-a23-rust195-sdk154-round5/debug/deps/diag_p5e_fix_review_boundary_20261003-080c0491b6d5a3c9)
     Running tests/diag_p5e_fix_review_stage_20261003.rs (/Users/jin/Desktop/codecortex-rust/artifacts/benchmarks/p8-bfccb8494ba0/targets/premerge-workspace-a23-rust195-sdk154-round5/debug/deps/diag_p5e_fix_review_stage_20261003-a15e2174f7a86e84)
     Running tests/diag_p5e_stage_receipts_20261003.rs (/Users/jin/Desktop/codecortex-rust/artifacts/benchmarks/p8-bfccb8494ba0/targets/premerge-workspace-a23-rust195-sdk154-round5/debug/deps/diag_p5e_stage_receipts_20261003-d82cc97ae7901a0e)
     Running tests/document_identity.rs (/Users/jin/Desktop/codecortex-rust/artifacts/benchmarks/p8-bfccb8494ba0/targets/premerge-workspace-a23-rust195-sdk154-round5/debug/deps/document_identity-28aa47c842187b0f)
     Running tests/mcp_dispatch_seam.rs (/Users/jin/Desktop/codecortex-rust/artifacts/benchmarks/p8-bfccb8494ba0/targets/premerge-workspace-a23-rust195-sdk154-round5/debug/deps/mcp_dispatch_seam-b0b6b49cc1ffe908)
     Running tests/p1a_retrieval.rs (/Users/jin/Desktop/codecortex-rust/artifacts/benchmarks/p8-bfccb8494ba0/targets/premerge-workspace-a23-rust195-sdk154-round5/debug/deps/p1a_retrieval-0b09918cd6cdd53e)
     Running tests/p1b_retrieval.rs (/Users/jin/Desktop/codecortex-rust/artifacts/benchmarks/p8-bfccb8494ba0/targets/premerge-workspace-a23-rust195-sdk154-round5/debug/deps/p1b_retrieval-d3b674fa1a161a19)
     Running tests/p1b_scan_accounting.rs (/Users/jin/Desktop/codecortex-rust/artifacts/benchmarks/p8-bfccb8494ba0/targets/premerge-workspace-a23-rust195-sdk154-round5/debug/deps/p1b_scan_accounting-a7c9f01cdd71613d)
     Running tests/p1c_contract.rs (/Users/jin/Desktop/codecortex-rust/artifacts/benchmarks/p8-bfccb8494ba0/targets/premerge-workspace-a23-rust195-sdk154-round5/debug/deps/p1c_contract-92f329a90dc93194)
     Running tests/p1c_retrieval.rs (/Users/jin/Desktop/codecortex-rust/artifacts/benchmarks/p8-bfccb8494ba0/targets/premerge-workspace-a23-rust195-sdk154-round5/debug/deps/p1c_retrieval-bcf9f2234c8495df)
     Running tests/p1d_concurrency.rs (/Users/jin/Desktop/codecortex-rust/artifacts/benchmarks/p8-bfccb8494ba0/targets/premerge-workspace-a23-rust195-sdk154-round5/debug/deps/p1d_concurrency-9c04423f27d47dd7)
     Running tests/p1d_cost.rs (/Users/jin/Desktop/codecortex-rust/artifacts/benchmarks/p8-bfccb8494ba0/targets/premerge-workspace-a23-rust195-sdk154-round5/debug/deps/p1d_cost-dfab2e5cb47a51e6)
     Running tests/p1d_cost_probe.rs (/Users/jin/Desktop/codecortex-rust/artifacts/benchmarks/p8-bfccb8494ba0/targets/premerge-workspace-a23-rust195-sdk154-round5/debug/deps/p1d_cost_probe-438d955ea931c197)
     Running tests/p1d_docs.rs (/Users/jin/Desktop/codecortex-rust/artifacts/benchmarks/p8-bfccb8494ba0/targets/premerge-workspace-a23-rust195-sdk154-round5/debug/deps/p1d_docs-8bb5f3f73b994dcc)
     Running tests/p2a_incremental.rs (/Users/jin/Desktop/codecortex-rust/artifacts/benchmarks/p8-bfccb8494ba0/targets/premerge-workspace-a23-rust195-sdk154-round5/debug/deps/p2a_incremental-0a6cd5164958f612)
     Running tests/p2b_incremental.rs (/Users/jin/Desktop/codecortex-rust/artifacts/benchmarks/p8-bfccb8494ba0/targets/premerge-workspace-a23-rust195-sdk154-round5/debug/deps/p2b_incremental-85020181eb1331bd)
     Running tests/p2c_reconcile.rs (/Users/jin/Desktop/codecortex-rust/artifacts/benchmarks/p8-bfccb8494ba0/targets/premerge-workspace-a23-rust195-sdk154-round5/debug/deps/p2c_reconcile-31aaadfa95edf8ae)
     Running tests/p2d_cost.rs (/Users/jin/Desktop/codecortex-rust/artifacts/benchmarks/p8-bfccb8494ba0/targets/premerge-workspace-a23-rust195-sdk154-round5/debug/deps/p2d_cost-466cf297bfbb598e)
     Running tests/p2d_mutations.rs (/Users/jin/Desktop/codecortex-rust/artifacts/benchmarks/p8-bfccb8494ba0/targets/premerge-workspace-a23-rust195-sdk154-round5/debug/deps/p2d_mutations-1ed900c68519d8fb)
     Running tests/p3a_cost.rs (/Users/jin/Desktop/codecortex-rust/artifacts/benchmarks/p8-bfccb8494ba0/targets/premerge-workspace-a23-rust195-sdk154-round5/debug/deps/p3a_cost-890a5231e89c31f3)
     Running tests/p3a_project_model.rs (/Users/jin/Desktop/codecortex-rust/artifacts/benchmarks/p8-bfccb8494ba0/targets/premerge-workspace-a23-rust195-sdk154-round5/debug/deps/p3a_project_model-ae025ec7629df108)
     Running tests/p3b_cost.rs (/Users/jin/Desktop/codecortex-rust/artifacts/benchmarks/p8-bfccb8494ba0/targets/premerge-workspace-a23-rust195-sdk154-round5/debug/deps/p3b_cost-4947361e18901f59)
     Running tests/p3b_modules.rs (/Users/jin/Desktop/codecortex-rust/artifacts/benchmarks/p8-bfccb8494ba0/targets/premerge-workspace-a23-rust195-sdk154-round5/debug/deps/p3b_modules-22c6949b1abc00a4)
     Running tests/p3c_cost.rs (/Users/jin/Desktop/codecortex-rust/artifacts/benchmarks/p8-bfccb8494ba0/targets/premerge-workspace-a23-rust195-sdk154-round5/debug/deps/p3c_cost-24d9b0f652b8ba85)
     Running tests/p3c_modules.rs (/Users/jin/Desktop/codecortex-rust/artifacts/benchmarks/p8-bfccb8494ba0/targets/premerge-workspace-a23-rust195-sdk154-round5/debug/deps/p3c_modules-06ad3d357d9ea5cd)
     Running tests/p3d_cost.rs (/Users/jin/Desktop/codecortex-rust/artifacts/benchmarks/p8-bfccb8494ba0/targets/premerge-workspace-a23-rust195-sdk154-round5/debug/deps/p3d_cost-8f7e77bf674961e3)
     Running tests/p3d_modules.rs (/Users/jin/Desktop/codecortex-rust/artifacts/benchmarks/p8-bfccb8494ba0/targets/premerge-workspace-a23-rust195-sdk154-round5/debug/deps/p3d_modules-7cc0a20ab1aa04be)
     Running tests/p4a_cost.rs (/Users/jin/Desktop/codecortex-rust/artifacts/benchmarks/p8-bfccb8494ba0/targets/premerge-workspace-a23-rust195-sdk154-round5/debug/deps/p4a_cost-9a05f52e2086ddb1)
     Running tests/p4a_source.rs (/Users/jin/Desktop/codecortex-rust/artifacts/benchmarks/p8-bfccb8494ba0/targets/premerge-workspace-a23-rust195-sdk154-round5/debug/deps/p4a_source-fb9e44b46f8129be)
     Running tests/p4b_chunks.rs (/Users/jin/Desktop/codecortex-rust/artifacts/benchmarks/p8-bfccb8494ba0/targets/premerge-workspace-a23-rust195-sdk154-round5/debug/deps/p4b_chunks-e4d28f583d67cc7a)
     Running tests/p4b_cost.rs (/Users/jin/Desktop/codecortex-rust/artifacts/benchmarks/p8-bfccb8494ba0/targets/premerge-workspace-a23-rust195-sdk154-round5/debug/deps/p4b_cost-a09f1c2acfde08d7)
     Running tests/p4c_cost.rs (/Users/jin/Desktop/codecortex-rust/artifacts/benchmarks/p8-bfccb8494ba0/targets/premerge-workspace-a23-rust195-sdk154-round5/debug/deps/p4c_cost-bde9dc617f53d5ce)
     Running tests/p4c_documents.rs (/Users/jin/Desktop/codecortex-rust/artifacts/benchmarks/p8-bfccb8494ba0/targets/premerge-workspace-a23-rust195-sdk154-round5/debug/deps/p4c_documents-6f254fa7f17975b7)
     Running tests/p4d_cost.rs (/Users/jin/Desktop/codecortex-rust/artifacts/benchmarks/p8-bfccb8494ba0/targets/premerge-workspace-a23-rust195-sdk154-round5/debug/deps/p4d_cost-c2aec933cfad3021)
     Running tests/p4d_quality.rs (/Users/jin/Desktop/codecortex-rust/artifacts/benchmarks/p8-bfccb8494ba0/targets/premerge-workspace-a23-rust195-sdk154-round5/debug/deps/p4d_quality-42fc81596c8467e7)
     Running tests/p5a_boundaries.rs (/Users/jin/Desktop/codecortex-rust/artifacts/benchmarks/p8-bfccb8494ba0/targets/premerge-workspace-a23-rust195-sdk154-round5/debug/deps/p5a_boundaries-d6754e9e5e4bc9dd)
     Running tests/p5a_cost.rs (/Users/jin/Desktop/codecortex-rust/artifacts/benchmarks/p8-bfccb8494ba0/targets/premerge-workspace-a23-rust195-sdk154-round5/debug/deps/p5a_cost-b4aea1bcd4ef889a)
     Running tests/p5a_retrieval.rs (/Users/jin/Desktop/codecortex-rust/artifacts/benchmarks/p8-bfccb8494ba0/targets/premerge-workspace-a23-rust195-sdk154-round5/debug/deps/p5a_retrieval-8c231c2587ff487f)
     Running tests/p5b_cost.rs (/Users/jin/Desktop/codecortex-rust/artifacts/benchmarks/p8-bfccb8494ba0/targets/premerge-workspace-a23-rust195-sdk154-round5/debug/deps/p5b_cost-27c9f9df179aa990)
     Running tests/p5b_execution.rs (/Users/jin/Desktop/codecortex-rust/artifacts/benchmarks/p8-bfccb8494ba0/targets/premerge-workspace-a23-rust195-sdk154-round5/debug/deps/p5b_execution-122810eb122394a9)
     Running tests/p5c_budget.rs (/Users/jin/Desktop/codecortex-rust/artifacts/benchmarks/p8-bfccb8494ba0/targets/premerge-workspace-a23-rust195-sdk154-round5/debug/deps/p5c_budget-a2a4ec8afc8e15cf)
     Running tests/p5c_cost.rs (/Users/jin/Desktop/codecortex-rust/artifacts/benchmarks/p8-bfccb8494ba0/targets/premerge-workspace-a23-rust195-sdk154-round5/debug/deps/p5c_cost-da2e49d0a98edcee)
     Running tests/p5c_hydration.rs (/Users/jin/Desktop/codecortex-rust/artifacts/benchmarks/p8-bfccb8494ba0/targets/premerge-workspace-a23-rust195-sdk154-round5/debug/deps/p5c_hydration-da85e28980e6c9bf)
     Running tests/p5c_selection.rs (/Users/jin/Desktop/codecortex-rust/artifacts/benchmarks/p8-bfccb8494ba0/targets/premerge-workspace-a23-rust195-sdk154-round5/debug/deps/p5c_selection-66c03a1208b9baeb)
     Running tests/p5d_contract.rs (/Users/jin/Desktop/codecortex-rust/artifacts/benchmarks/p8-bfccb8494ba0/targets/premerge-workspace-a23-rust195-sdk154-round5/debug/deps/p5d_contract-836ca8d6a90cf3f8)
     Running tests/p5d_cost.rs (/Users/jin/Desktop/codecortex-rust/artifacts/benchmarks/p8-bfccb8494ba0/targets/premerge-workspace-a23-rust195-sdk154-round5/debug/deps/p5d_cost-d72ebba324751472)
     Running tests/p5d_runtime.rs (/Users/jin/Desktop/codecortex-rust/artifacts/benchmarks/p8-bfccb8494ba0/targets/premerge-workspace-a23-rust195-sdk154-round5/debug/deps/p5d_runtime-996b1c2a9606a552)
     Running tests/p5e_ablation.rs (/Users/jin/Desktop/codecortex-rust/artifacts/benchmarks/p8-bfccb8494ba0/targets/premerge-workspace-a23-rust195-sdk154-round5/debug/deps/p5e_ablation-73c94c2ab53aea67)
     Running tests/p5e_context_facets.rs (/Users/jin/Desktop/codecortex-rust/artifacts/benchmarks/p8-bfccb8494ba0/targets/premerge-workspace-a23-rust195-sdk154-round5/debug/deps/p5e_context_facets-405afd17649bbe88)
     Running tests/p5e_graph_anchor.rs (/Users/jin/Desktop/codecortex-rust/artifacts/benchmarks/p8-bfccb8494ba0/targets/premerge-workspace-a23-rust195-sdk154-round5/debug/deps/p5e_graph_anchor-14f9cdfcac628b97)
     Running tests/p5e_identifier.rs (/Users/jin/Desktop/codecortex-rust/artifacts/benchmarks/p8-bfccb8494ba0/targets/premerge-workspace-a23-rust195-sdk154-round5/debug/deps/p5e_identifier-c4aa26f31e4b2de9)
     Running tests/p5e_path_domain.rs (/Users/jin/Desktop/codecortex-rust/artifacts/benchmarks/p8-bfccb8494ba0/targets/premerge-workspace-a23-rust195-sdk154-round5/debug/deps/p5e_path_domain-3386d9c149bc3191)
     Running tests/p5e_priority_pressure.rs (/Users/jin/Desktop/codecortex-rust/artifacts/benchmarks/p8-bfccb8494ba0/targets/premerge-workspace-a23-rust195-sdk154-round5/debug/deps/p5e_priority_pressure-bfcb56a5975bd8cd)
     Running tests/p7_mechanism_stdio.rs (/Users/jin/Desktop/codecortex-rust/artifacts/benchmarks/p8-bfccb8494ba0/targets/premerge-workspace-a23-rust195-sdk154-round5/debug/deps/p7_mechanism_stdio-e1524292c074d2f8)
     Running tests/p7_partial_budget.rs (/Users/jin/Desktop/codecortex-rust/artifacts/benchmarks/p8-bfccb8494ba0/targets/premerge-workspace-a23-rust195-sdk154-round5/debug/deps/p7_partial_budget-07751b1db81ac7b2)
     Running tests/p7_strategy_ablation.rs (/Users/jin/Desktop/codecortex-rust/artifacts/benchmarks/p8-bfccb8494ba0/targets/premerge-workspace-a23-rust195-sdk154-round5/debug/deps/p7_strategy_ablation-061a6aa17cb824b3)
     Running tests/p7_strategy_stdio.rs (/Users/jin/Desktop/codecortex-rust/artifacts/benchmarks/p8-bfccb8494ba0/targets/premerge-workspace-a23-rust195-sdk154-round5/debug/deps/p7_strategy_stdio-84af8054bb26a71c)
     Running tests/p7_validation_work.rs (/Users/jin/Desktop/codecortex-rust/artifacts/benchmarks/p8-bfccb8494ba0/targets/premerge-workspace-a23-rust195-sdk154-round5/debug/deps/p7_validation_work-11a2a36fb067a2d2)
     Running tests/p7_worker_contention.rs (/Users/jin/Desktop/codecortex-rust/artifacts/benchmarks/p8-bfccb8494ba0/targets/premerge-workspace-a23-rust195-sdk154-round5/debug/deps/p7_worker_contention-19430d3ff1df60ee)
     Running tests/p8_lifecycle_replay.rs (/Users/jin/Desktop/codecortex-rust/artifacts/benchmarks/p8-bfccb8494ba0/targets/premerge-workspace-a23-rust195-sdk154-round5/debug/deps/p8_lifecycle_replay-479a52380f13cb78)
     Running tests/p8_load.rs (/Users/jin/Desktop/codecortex-rust/artifacts/benchmarks/p8-bfccb8494ba0/targets/premerge-workspace-a23-rust195-sdk154-round5/debug/deps/p8_load-8311d00763bef865)
     Running tests/p8_mcp_readiness.rs (/Users/jin/Desktop/codecortex-rust/artifacts/benchmarks/p8-bfccb8494ba0/targets/premerge-workspace-a23-rust195-sdk154-round5/debug/deps/p8_mcp_readiness-4b04533df28d0fa2)
     Running tests/p8_measurements.rs (/Users/jin/Desktop/codecortex-rust/artifacts/benchmarks/p8-bfccb8494ba0/targets/premerge-workspace-a23-rust195-sdk154-round5/debug/deps/p8_measurements-5397a78ef5dbc175)
     Running tests/p8_route_reload.rs (/Users/jin/Desktop/codecortex-rust/artifacts/benchmarks/p8-bfccb8494ba0/targets/premerge-workspace-a23-rust195-sdk154-round5/debug/deps/p8_route_reload-32eb85f31b2ecf29)
     Running tests/p8_scale.rs (/Users/jin/Desktop/codecortex-rust/artifacts/benchmarks/p8-bfccb8494ba0/targets/premerge-workspace-a23-rust195-sdk154-round5/debug/deps/p8_scale-a2f51b686c6f3d87)
error: test failed, to rerun pass `-p cc-eval --test p8_scale`
