   Compiling cc-server v1.0.0 (/workspace/codecortex/crates/cc-server)
error[E0277]: the trait bound `CacheStats: serde::Serialize` is not satisfied
   --> crates/cc-server/tests/v11_consumption_independent_review.rs:103:9
    |
103 |         json!({"score_delta":2,"paths":["a.py","z.py"],"top_k_one":one.0,"warm":warm,"stats":changed.cache_stats()}),
    |         ^^^^^^^^^^^^^^^^^^^^^^^^^^^^^^^^^^^^^^^^^^^^^^^^^^^^^^^^^^^^^^^^^^^^^^^^^^^^^^^^^^^^^^^^^^^^^^^^^^^^^^^^^^^^
    |         |
    |         the trait `serde_core::ser::Serialize` is not implemented for `CacheStats`
    |         required by a bound introduced by this call
    |
    = note: for local types consider adding `#[derive(serde::Serialize)]` to your `CacheStats` type
    = note: for types from other crates check whether the crate offers a `serde` feature flag
    = help: the following other types implement trait `serde_core::ser::Serialize`:
              &'a T
              &'a mut T
              ()
              (T,)
              (T0, T1)
              (T0, T1, T2)
              (T0, T1, T2, T3)
              (T0, T1, T2, T3, T4)
            and 533 others
    = note: required for `&CacheStats` to implement `serde_core::ser::Serialize`
note: required by a bound in `to_value`
   --> /workspace/.cargo/registry/src/index.crates.io-1949cf8c6b5b557f/serde_json-1.0.149/src/value/mod.rs:997:8
    |
995 | pub fn to_value<T>(value: T) -> Result<Value, Error>
    |        -------- required by a bound in this function
996 | where
997 |     T: Serialize,
    |        ^^^^^^^^^ required by this bound in `to_value`
    = note: this error originates in the macro `$crate::json_internal` which comes from the expansion of the macro `json` (in Nightly builds, run with -Z macro-backtrace for more info)

error[E0369]: binary operation `==` cannot be applied to type `Vec<ContextSpan>`
   --> crates/cc-server/tests/v11_consumption_independent_review.rs:204:5
    |
204 |     assert_eq!(current.spans, fresh.spans);
    |     ^^^^^^^^^^^^^^^^^^^^^^^^^^^^^^^^^^^^^^
    |     |
    |     Vec<ContextSpan>
    |     Vec<ContextSpan>
    |
note: `ContextSpan` does not implement `PartialEq`
   --> crates/cc-model/src/context.rs:274:1
    |
274 | pub struct ContextSpan {
    | ^^^^^^^^^^^^^^^^^^^^^^ `ContextSpan` is defined in another crate

error[E0308]: mismatched types
   --> crates/cc-server/tests/v11_consumption_independent_review.rs:257:5
    |
257 |     assert_eq!(small.token_estimate, small_bytes.div_ceil(4));
    |     ^^^^^^^^^^^^^^^^^^^^^^^^^^^^^^^^^^^^^^^^^^^^^^^^^^^^^^^^^ expected `u32`, found `usize`

error[E0277]: can't compare `u32` with `usize`
   --> crates/cc-server/tests/v11_consumption_independent_review.rs:257:5
    |
257 |     assert_eq!(small.token_estimate, small_bytes.div_ceil(4));
    |     ^^^^^^^^^^^^^^^^^^^^^^^^^^^^^^^^^^^^^^^^^^^^^^^^^^^^^^^^^ no implementation for `u32 == usize`
    |
    = help: the trait `PartialEq<usize>` is not implemented for `u32`
help: the following other types implement trait `PartialEq<Rhs>`
   --> /rustc/59807616e1fa2540724bfbac14d7976d7e4a3860/library/core/src/cmp.rs:1876:12
    |
    = note: `u32` implements `PartialEq`
   ::: /rustc/59807616e1fa2540724bfbac14d7976d7e4a3860/library/core/src/cmp.rs:1900:5
    |
    = note: in this macro invocation
    |
   ::: /workspace/.cargo/registry/src/index.crates.io-1949cf8c6b5b557f/serde_json-1.0.149/src/value/partial_eq.rs:76:13
    |
 76 |               impl PartialEq<Value> for $ty {
    |               ^^^^^^^^^^^^^^^^^^^^^^^^^^^^^ `u32` implements `PartialEq<serde_json::Value>`
...
 97 | / partialeq_numeric! {
 98 | |     eq_i64[i8 i16 i32 i64 isize]
 99 | |     eq_u64[u8 u16 u32 u64 usize]
100 | |     eq_f32[f32]
101 | |     eq_f64[f64]
102 | |     eq_bool[bool]
103 | | }
    | |_- in this macro invocation
    = note: this error originates in the macro `assert_eq` which comes from the expansion of the macro `partialeq_numeric` (in Nightly builds, run with -Z macro-backtrace for more info)

Some errors have detailed explanations: E0277, E0308, E0369.
For more information about an error, try `rustc --explain E0277`.
error: could not compile `cc-server` (test "v11_consumption_independent_review") due to 4 previous errors
