2026-10-10T04:41:48.2792112Z Current runner version: '2.337.0'
2026-10-10T04:41:48.2815875Z ##[group]Runner Image Provisioner
2026-10-10T04:41:48.2817030Z Hosted Compute Agent
2026-10-10T04:41:48.2817893Z Version: 20261002.596
2026-10-10T04:41:48.2818525Z Commit: c3d12f3313a95f25162a1503be624f3b0617f8c0
2026-10-10T04:41:48.2819377Z Build Date: 2026-10-02T22:28:27Z
2026-10-10T04:41:48.2820180Z Worker ID: {eee7ff5b-bac8-4a04-9bc0-49a73102a8e6}
2026-10-10T04:41:48.2820947Z Region: eastus
2026-10-10T04:41:48.2821532Z Cloud: Azure
2026-10-10T04:41:48.2822057Z ##[endgroup]
2026-10-10T04:41:48.2823490Z ##[group]Operating System
2026-10-10T04:41:48.2824216Z Ubuntu
2026-10-10T04:41:48.2824732Z 24.04.5
2026-10-10T04:41:48.2825686Z LTS
2026-10-10T04:41:48.2826249Z ##[endgroup]
2026-10-10T04:41:48.2827306Z ##[group]Runner Image
2026-10-10T04:41:48.2828058Z Image: ubuntu-24.04
2026-10-10T04:41:48.2828677Z Version: 20261004.327.1
2026-10-10T04:41:48.2829992Z Included Software: https://github.com/actions/runner-images/blob/ubuntu24/20261004.327/images/ubuntu/Ubuntu2404-Readme.md
2026-10-10T04:41:48.2831523Z Image Release: https://github.com/actions/runner-images/releases/tag/ubuntu24%2F20261004.327
2026-10-10T04:41:48.2832616Z ##[endgroup]
2026-10-10T04:41:48.2833783Z ##[group]GITHUB_TOKEN Permissions
2026-10-10T04:41:48.2835976Z Contents: read
2026-10-10T04:41:48.2836789Z Metadata: read
2026-10-10T04:41:48.2837446Z Packages: read
2026-10-10T04:41:48.2838010Z ##[endgroup]
2026-10-10T04:41:48.2840550Z Secret source: Actions
2026-10-10T04:41:48.2841533Z Cache mode: write
2026-10-10T04:41:48.2842257Z Prepare workflow directory
2026-10-10T04:41:48.3226356Z Prepare all required actions
2026-10-10T04:41:48.3273516Z Getting action download info
2026-10-10T04:41:48.5464313Z Download action repository 'actions/checkout@v4' (SHA:11d5960a326750d5838078e36cf38b85af677262)
2026-10-10T04:41:48.6407874Z Download action repository 'dtolnay/rust-toolchain@stable' (SHA:686976e191b89faba57d3206551f0f330d8cb249)
2026-10-10T04:41:48.7433065Z Download action repository 'Swatinem/rust-cache@v2' (SHA:6323deb102c322ba6fcbdcafc7e3dddab59af2b6)
2026-10-10T04:41:49.0522967Z Complete job name: check
2026-10-10T04:41:49.1536701Z ##[group]Run actions/checkout@v4
2026-10-10T04:41:49.1537619Z with:
2026-10-10T04:41:49.1538062Z   repository: jyqj/codecortex
2026-10-10T04:41:49.1541633Z   token: ***
2026-10-10T04:41:49.1542064Z   ssh-strict: true
2026-10-10T04:41:49.1542488Z   ssh-user: git
2026-10-10T04:41:49.1542922Z   persist-credentials: true
2026-10-10T04:41:49.1543396Z   clean: true
2026-10-10T04:41:49.1543828Z   sparse-checkout-cone-mode: true
2026-10-10T04:41:49.1544331Z   fetch-depth: 1
2026-10-10T04:41:49.1544755Z   fetch-tags: false
2026-10-10T04:41:49.1545196Z   show-progress: true
2026-10-10T04:41:49.1545641Z   lfs: false
2026-10-10T04:41:49.1546047Z   submodules: false
2026-10-10T04:41:49.1546658Z   set-safe-directory: true
2026-10-10T04:41:49.1547161Z   allow-unsafe-pr-checkout: false
2026-10-10T04:41:49.1547899Z env:
2026-10-10T04:41:49.1548317Z   CARGO_TERM_COLOR: always
2026-10-10T04:41:49.1548822Z   RUSTFLAGS: -D warnings
2026-10-10T04:41:49.1549279Z ##[endgroup]
2026-10-10T04:41:49.2555426Z Syncing repository: jyqj/codecortex
2026-10-10T04:41:49.2558320Z ##[group]Getting Git version info
2026-10-10T04:41:49.2559660Z Working directory is '/home/runner/work/codecortex/codecortex'
2026-10-10T04:41:49.2561442Z [command]/usr/bin/git version
2026-10-10T04:41:49.2619947Z git version 2.55.0
2026-10-10T04:41:49.2640603Z ##[endgroup]
2026-10-10T04:41:49.2654225Z Temporarily overriding HOME='/home/runner/work/_temp/3b20b409-851c-4ea2-a156-16953ddee13e' before making global git config changes
2026-10-10T04:41:49.2656159Z Adding repository directory to the temporary git global config as a safe directory
2026-10-10T04:41:49.2658872Z [command]/usr/bin/git config --global --add safe.directory /home/runner/work/codecortex/codecortex
2026-10-10T04:41:49.2710321Z Deleting the contents of '/home/runner/work/codecortex/codecortex'
2026-10-10T04:41:49.2714307Z ##[group]Initializing the repository
2026-10-10T04:41:49.2719367Z [command]/usr/bin/git init /home/runner/work/codecortex/codecortex
2026-10-10T04:41:49.2848720Z hint: Using 'master' as the name for the initial branch. This default branch name
2026-10-10T04:41:49.2850846Z hint: will change to "main" in Git 3.0. To configure the initial branch name
2026-10-10T04:41:49.2852995Z hint: to use in all of your new repositories, which will suppress this warning,
2026-10-10T04:41:49.2854779Z hint: call:
2026-10-10T04:41:49.2855934Z hint:
2026-10-10T04:41:49.2857655Z hint: 	git config --global init.defaultBranch <name>
2026-10-10T04:41:49.2859102Z hint:
2026-10-10T04:41:49.2860532Z hint: Names commonly chosen instead of 'master' are 'main', 'trunk' and
2026-10-10T04:41:49.2862253Z hint: 'development'. The just-created branch can be renamed via this command:
2026-10-10T04:41:49.2863646Z hint:
2026-10-10T04:41:49.2864484Z hint: 	git branch -m <name>
2026-10-10T04:41:49.2865440Z hint:
2026-10-10T04:41:49.2866907Z hint: Disable this message with "git config set advice.defaultBranchName false"
2026-10-10T04:41:49.2868798Z Initialized empty Git repository in /home/runner/work/codecortex/codecortex/.git/
2026-10-10T04:41:49.2871499Z [command]/usr/bin/git remote add origin https://github.com/jyqj/codecortex
2026-10-10T04:41:49.2915759Z ##[endgroup]
2026-10-10T04:41:49.2917376Z ##[group]Disabling automatic garbage collection
2026-10-10T04:41:49.2920627Z [command]/usr/bin/git config --local gc.auto 0
2026-10-10T04:41:49.2955218Z ##[endgroup]
2026-10-10T04:41:49.2957131Z ##[group]Setting up auth
2026-10-10T04:41:49.2964157Z [command]/usr/bin/git config --local --name-only --get-regexp core\.sshCommand
2026-10-10T04:41:49.2997323Z [command]/usr/bin/git submodule foreach --recursive sh -c "git config --local --name-only --get-regexp 'core\.sshCommand' && git config --local --unset-all 'core.sshCommand' || :"
2026-10-10T04:41:49.3392358Z [command]/usr/bin/git config --local --name-only --get-regexp http\.https\:\/\/github\.com\/\.extraheader
2026-10-10T04:41:49.3432191Z [command]/usr/bin/git submodule foreach --recursive sh -c "git config --local --name-only --get-regexp 'http\.https\:\/\/github\.com\/\.extraheader' && git config --local --unset-all 'http.https://github.com/.extraheader' || :"
2026-10-10T04:41:49.3653782Z [command]/usr/bin/git config --local --name-only --get-regexp ^includeIf\.gitdir:
2026-10-10T04:41:49.3685544Z [command]/usr/bin/git submodule foreach --recursive git config --local --show-origin --name-only --get-regexp remote.origin.url
2026-10-10T04:41:49.3907178Z [command]/usr/bin/git config --local http.https://github.com/.extraheader AUTHORIZATION: basic ***
2026-10-10T04:41:49.3941167Z ##[endgroup]
2026-10-10T04:41:49.3941935Z ##[group]Fetching the repository
2026-10-10T04:41:49.3950050Z [command]/usr/bin/git -c protocol.version=2 fetch --no-tags --prune --no-recurse-submodules --depth=1 origin +32cf95ed4e13ffe8600b485be1b6a3cbfd0e8180:refs/remotes/pull/201/merge
2026-10-10T04:42:11.6632580Z From https://github.com/jyqj/codecortex
2026-10-10T04:42:11.6633778Z  * [new ref]           32cf95ed4e13ffe8600b485be1b6a3cbfd0e8180 -> pull/201/merge
2026-10-10T04:42:11.6637234Z ##[endgroup]
2026-10-10T04:42:11.6638230Z ##[group]Determining the checkout info
2026-10-10T04:42:11.6647056Z ##[endgroup]
2026-10-10T04:42:11.6654532Z [command]/usr/bin/git sparse-checkout disable
2026-10-10T04:42:11.6708827Z [command]/usr/bin/git config --local --unset-all extensions.worktreeConfig
2026-10-10T04:42:11.6735543Z ##[group]Checking out the ref
2026-10-10T04:42:11.6739818Z [command]/usr/bin/git checkout --progress --force refs/remotes/pull/201/merge
2026-10-10T04:42:12.7056369Z Updating files:  45% (11030/24252)
2026-10-10T04:42:12.7764129Z Updating files:  46% (11156/24252)
2026-10-10T04:42:12.8124074Z Updating files:  47% (11399/24252)
2026-10-10T04:42:12.8602305Z Updating files:  48% (11641/24252)
2026-10-10T04:42:12.8799217Z Updating files:  49% (11884/24252)
2026-10-10T04:42:12.9289249Z Updating files:  50% (12126/24252)
2026-10-10T04:42:12.9407937Z Updating files:  51% (12369/24252)
2026-10-10T04:42:12.9572126Z Updating files:  52% (12612/24252)
2026-10-10T04:42:12.9758236Z Updating files:  53% (12854/24252)
2026-10-10T04:42:12.9917092Z Updating files:  54% (13097/24252)
2026-10-10T04:42:13.0047498Z Updating files:  55% (13339/24252)
2026-10-10T04:42:13.0180683Z Updating files:  56% (13582/24252)
2026-10-10T04:42:13.0274008Z Updating files:  57% (13824/24252)
2026-10-10T04:42:13.0380011Z Updating files:  58% (14067/24252)
2026-10-10T04:42:13.0484990Z Updating files:  59% (14309/24252)
2026-10-10T04:42:13.0587916Z Updating files:  60% (14552/24252)
2026-10-10T04:42:13.0683683Z Updating files:  61% (14794/24252)
2026-10-10T04:42:13.0775760Z Updating files:  62% (15037/24252)
2026-10-10T04:42:13.0912585Z Updating files:  63% (15279/24252)
2026-10-10T04:42:13.1080188Z Updating files:  64% (15522/24252)
2026-10-10T04:42:13.2316513Z Updating files:  65% (15764/24252)
2026-10-10T04:42:13.2765088Z Updating files:  66% (16007/24252)
2026-10-10T04:42:13.3447335Z Updating files:  67% (16249/24252)
2026-10-10T04:42:13.3883099Z Updating files:  68% (16492/24252)
2026-10-10T04:42:13.4224770Z Updating files:  69% (16734/24252)
2026-10-10T04:42:13.4761384Z Updating files:  70% (16977/24252)
2026-10-10T04:42:13.6432657Z Updating files:  71% (17219/24252)
2026-10-10T04:42:13.6995369Z Updating files:  72% (17462/24252)
2026-10-10T04:42:13.7037511Z Updating files:  72% (17668/24252)
2026-10-10T04:42:13.9818301Z Updating files:  73% (17704/24252)
2026-10-10T04:42:14.0003662Z Updating files:  74% (17947/24252)
2026-10-10T04:42:14.0251364Z Updating files:  75% (18189/24252)
2026-10-10T04:42:14.0533933Z Updating files:  76% (18432/24252)
2026-10-10T04:42:14.0886992Z Updating files:  77% (18675/24252)
2026-10-10T04:42:14.7110896Z Updating files:  78% (18917/24252)
2026-10-10T04:42:14.7243650Z Updating files:  78% (19159/24252)
2026-10-10T04:42:15.7037800Z Updating files:  79% (19160/24252)
2026-10-10T04:42:16.0480488Z Updating files:  79% (19264/24252)
2026-10-10T04:42:16.0745685Z Updating files:  80% (19402/24252)
2026-10-10T04:42:16.1015044Z Updating files:  81% (19645/24252)
2026-10-10T04:42:16.1181219Z Updating files:  82% (19887/24252)
2026-10-10T04:42:16.1716425Z Updating files:  83% (20130/24252)
2026-10-10T04:42:16.2578925Z Updating files:  84% (20372/24252)
2026-10-10T04:42:16.3594255Z Updating files:  85% (20615/24252)
2026-10-10T04:42:16.4075432Z Updating files:  86% (20857/24252)
2026-10-10T04:42:16.5571591Z Updating files:  87% (21100/24252)
2026-10-10T04:42:16.5794685Z Updating files:  88% (21342/24252)
2026-10-10T04:42:16.5955254Z Updating files:  89% (21585/24252)
2026-10-10T04:42:16.6106297Z Updating files:  90% (21827/24252)
2026-10-10T04:42:16.6312133Z Updating files:  91% (22070/24252)
2026-10-10T04:42:16.7790112Z Updating files:  92% (22312/24252)
2026-10-10T04:42:17.0141391Z Updating files:  92% (22476/24252)
2026-10-10T04:42:17.3136025Z Updating files:  93% (22555/24252)
2026-10-10T04:42:17.3342641Z Updating files:  94% (22797/24252)
2026-10-10T04:42:17.3505903Z Updating files:  95% (23040/24252)
2026-10-10T04:42:17.3708088Z Updating files:  96% (23282/24252)
2026-10-10T04:42:17.3936434Z Updating files:  97% (23525/24252)
2026-10-10T04:42:17.4145748Z Updating files:  98% (23767/24252)
2026-10-10T04:42:17.5017059Z Updating files:  99% (24010/24252)
2026-10-10T04:42:17.5017524Z Updating files: 100% (24252/24252)
2026-10-10T04:42:17.5017822Z Updating files: 100% (24252/24252), done.
2026-10-10T04:42:17.5327788Z Note: switching to 'refs/remotes/pull/201/merge'.
2026-10-10T04:42:17.5328397Z 
2026-10-10T04:42:17.5329566Z You are in 'detached HEAD' state. You can look around, make experimental
2026-10-10T04:42:17.5330300Z changes and commit them, and you can discard any commits you make in this
2026-10-10T04:42:17.5330929Z state without impacting any branches by switching back to a branch.
2026-10-10T04:42:17.5331429Z 
2026-10-10T04:42:17.5331645Z If you want to create a new branch to retain commits you create, you may
2026-10-10T04:42:17.5332106Z do so (now or later) by using -c with the switch command. Example:
2026-10-10T04:42:17.5332737Z 
2026-10-10T04:42:17.5332928Z   git switch -c <new-branch-name>
2026-10-10T04:42:17.5333238Z 
2026-10-10T04:42:17.5333345Z Or undo this operation with:
2026-10-10T04:42:17.5333509Z 
2026-10-10T04:42:17.5333595Z   git switch -
2026-10-10T04:42:17.5333721Z 
2026-10-10T04:42:17.5333938Z Turn off this advice by setting config variable advice.detachedHead to false
2026-10-10T04:42:17.5334240Z 
2026-10-10T04:42:17.5334588Z HEAD is now at 32cf95ed Merge 750e5b33a0cbc7702d8c85827763c9a76d4b46ff into b9b089bb4eae072affe9326681d4980eae15fd84
2026-10-10T04:42:17.5579351Z ##[endgroup]
2026-10-10T04:42:17.5619499Z [command]/usr/bin/git log -1 --format=%H
2026-10-10T04:42:17.5642212Z 32cf95ed4e13ffe8600b485be1b6a3cbfd0e8180
2026-10-10T04:42:17.6958576Z ##[group]Run dtolnay/rust-toolchain@stable
2026-10-10T04:42:17.6958895Z with:
2026-10-10T04:42:17.6959107Z   components: clippy, rustfmt
2026-10-10T04:42:17.6959358Z   toolchain: stable
2026-10-10T04:42:17.6959565Z env:
2026-10-10T04:42:17.6959775Z   CARGO_TERM_COLOR: always
2026-10-10T04:42:17.6960021Z   RUSTFLAGS: -D warnings
2026-10-10T04:42:17.6960252Z ##[endgroup]
2026-10-10T04:42:17.7024995Z ##[start-action display=Parse toolchain version;id=__dtolnay_rust-toolchain.parse]
2026-10-10T04:42:17.8403162Z ##[group]Run if [[ -z $toolchain ]]; then
2026-10-10T04:42:17.8403573Z [36;1mif [[ -z $toolchain ]]; then[0m
2026-10-10T04:42:17.8404126Z [36;1m  # GitHub does not enforce `required: true` inputs itself. https://github.com/actions/runner/issues/1070[0m
2026-10-10T04:42:17.8404693Z [36;1m  echo "'toolchain' is a required input" >&2[0m
2026-10-10T04:42:17.8405005Z [36;1m  exit 1[0m
2026-10-10T04:42:17.8405404Z [36;1melif [[ $toolchain =~ ^stable' '[0-9]+' '(year|month|week|day)s?' 'ago$ ]]; then[0m
2026-10-10T04:42:17.8405837Z [36;1m  if [[ Linux == macOS ]]; then[0m
2026-10-10T04:42:17.8406368Z [36;1m    echo "toolchain=1.$((($(date -v-$(sed 's/stable \([0-9]*\) \(.\).*/\1\2/' <<< $toolchain) +%s)/60/60/24-16569)/7/6))" >> $GITHUB_OUTPUT[0m
2026-10-10T04:42:17.8407088Z [36;1m  else[0m
2026-10-10T04:42:17.8407512Z [36;1m    echo "toolchain=1.$((($(date --date "${toolchain#stable }" +%s)/60/60/24-16569)/7/6))" >> $GITHUB_OUTPUT[0m
2026-10-10T04:42:17.8407989Z [36;1m  fi[0m
2026-10-10T04:42:17.8408299Z [36;1melif [[ $toolchain =~ ^stable' 'minus' '[0-9]+' 'releases?$ ]]; then[0m
2026-10-10T04:42:17.8408838Z [36;1m  echo "toolchain=1.$((($(date +%s)/60/60/24-16569)/7/6-${toolchain//[^0-9]/}))" >> $GITHUB_OUTPUT[0m
2026-10-10T04:42:17.8409312Z [36;1melif [[ $toolchain =~ ^1\.[0-9]+$ ]]; then[0m
2026-10-10T04:42:17.8409843Z [36;1m  echo "toolchain=1.$((i=${toolchain#1.}, c=($(date +%s)/60/60/24-16569)/7/6, i+9*i*(10*i<=c)+90*i*(100*i<=c)))" >> $GITHUB_OUTPUT[0m
2026-10-10T04:42:17.8410364Z [36;1melse[0m
2026-10-10T04:42:17.8410576Z [36;1m  delimiter=EOF[0m
2026-10-10T04:42:17.8410898Z [36;1m  while [[ $toolchain == *$delimiter* ]]; do delimiter+=_; done[0m
2026-10-10T04:42:17.8411415Z [36;1m  printf 'toolchain<<%s\n%s\n%s\n' "$delimiter" "$toolchain" "$delimiter" >> $GITHUB_OUTPUT[0m
2026-10-10T04:42:17.8411850Z [36;1mfi[0m
2026-10-10T04:42:18.5430655Z shell: /usr/bin/bash --noprofile --norc -e -o pipefail {0}
2026-10-10T04:42:18.5431022Z env:
2026-10-10T04:42:18.5431242Z   CARGO_TERM_COLOR: always
2026-10-10T04:42:18.5431496Z   RUSTFLAGS: -D warnings
2026-10-10T04:42:18.5431727Z   toolchain: stable
2026-10-10T04:42:18.5431933Z ##[endgroup]
2026-10-10T04:42:18.5571333Z ##[end-action id=__dtolnay_rust-toolchain.parse;outcome=success;conclusion=success;duration_ms=854]
2026-10-10T04:42:18.5576962Z ##[start-action display=Set $CARGO_HOME;id=__dtolnay_rust-toolchain.__run]
2026-10-10T04:42:18.5645659Z ##[group]Run echo CARGO_HOME=${CARGO_HOME:-"$HOME/.cargo"} >> $GITHUB_ENV
2026-10-10T04:42:18.5646771Z [36;1mecho CARGO_HOME=${CARGO_HOME:-"$HOME/.cargo"} >> $GITHUB_ENV[0m
2026-10-10T04:42:18.5710331Z shell: /usr/bin/bash --noprofile --norc -e -o pipefail {0}
2026-10-10T04:42:18.5710680Z env:
2026-10-10T04:42:18.5711057Z   CARGO_TERM_COLOR: always
2026-10-10T04:42:18.5711304Z   RUSTFLAGS: -D warnings
2026-10-10T04:42:18.5711531Z ##[endgroup]
2026-10-10T04:42:18.5799728Z ##[end-action id=__dtolnay_rust-toolchain.__run;outcome=success;conclusion=success;duration_ms=22]
2026-10-10T04:42:18.5801975Z ##[start-action display=Install rustup if needed;id=__dtolnay_rust-toolchain.__run_2]
2026-10-10T04:42:18.5832660Z ##[group]Run if ! command -v rustup &>/dev/null; then
2026-10-10T04:42:18.5833030Z [36;1mif ! command -v rustup &>/dev/null; then[0m
2026-10-10T04:42:18.5833770Z [36;1m  curl --proto '=https' --tlsv1.2 --retry 10 --retry-connrefused --location --silent --show-error --fail https://sh.rustup.rs | sh -s -- --default-toolchain none -y[0m
2026-10-10T04:42:18.5834731Z [36;1m  echo "$CARGO_HOME/bin" >> $GITHUB_PATH[0m
2026-10-10T04:42:18.5835029Z [36;1mfi[0m
2026-10-10T04:42:18.5897700Z shell: /usr/bin/bash --noprofile --norc -e -o pipefail {0}
2026-10-10T04:42:18.5898046Z env:
2026-10-10T04:42:18.5898253Z   CARGO_TERM_COLOR: always
2026-10-10T04:42:18.5898516Z   RUSTFLAGS: -D warnings
2026-10-10T04:42:18.5898766Z   CARGO_HOME: /home/runner/.cargo
2026-10-10T04:42:18.5899015Z ##[endgroup]
2026-10-10T04:42:18.5985681Z ##[end-action id=__dtolnay_rust-toolchain.__run_2;outcome=success;conclusion=success;duration_ms=18]
2026-10-10T04:42:18.5988410Z ##[start-action display=Install rustup if needed on windows;id=__dtolnay_rust-toolchain.__run_3]
2026-10-10T04:42:18.5994995Z ##[end-action id=__dtolnay_rust-toolchain.__run_3;outcome=skipped;conclusion=skipped;duration_ms=0]
2026-10-10T04:42:18.6010033Z ##[start-action display=rustup toolchain install stable;id=__dtolnay_rust-toolchain.__run_4]
2026-10-10T04:42:18.6033401Z ##[group]Run set -f  # split targets and components on commas and whitespace, without glob expansion
2026-10-10T04:42:18.6034067Z [36;1mset -f  # split targets and components on commas and whitespace, without glob expansion[0m
2026-10-10T04:42:18.6034504Z [36;1mflags=()[0m
2026-10-10T04:42:18.6034784Z [36;1mfor t in ${targets//,/ }; do flags+=(--target "$t"); done[0m
2026-10-10T04:42:18.6035203Z [36;1mfor c in ${components//,/ }; do flags+=(--component "$c"); done[0m
2026-10-10T04:42:18.6035704Z [36;1mif [[ $toolchain == nightly && -n $components ]]; then flags+=(--allow-downgrade); fi[0m
2026-10-10T04:42:18.6036136Z [36;1mlog=$(mktemp)[0m
2026-10-10T04:42:18.6036377Z [36;1mtrap 'rm -f "$log"' EXIT[0m
2026-10-10T04:42:18.6036946Z [36;1mfor attempt in 1 2 3 4 5; do[0m
2026-10-10T04:42:18.6037527Z [36;1m  if rustup toolchain install "$toolchain" "${flags[@]}" --profile minimal --no-self-update --force-non-host 2>&1 | tee "$log"; then[0m
2026-10-10T04:42:18.6038093Z [36;1m    break[0m
2026-10-10T04:42:18.6038297Z [36;1m  else[0m
2026-10-10T04:42:18.6038503Z [36;1m    status=$?[0m
2026-10-10T04:42:18.6038721Z [36;1m  fi[0m
2026-10-10T04:42:18.6039014Z [36;1m  if [[ $attempt == 5 ]] || ! grep -Fq 'checksum failed for ' "$log" \[0m
2026-10-10T04:42:18.6039580Z [36;1m      || ! grep -Fq 'this is likely due to an ongoing update of the official release server' "$log"; then[0m
2026-10-10T04:42:18.6040047Z [36;1m    exit "$status"[0m
2026-10-10T04:42:18.6040278Z [36;1m  fi[0m
2026-10-10T04:42:18.6040635Z [36;1m  echo "Retrying rustup toolchain install in 30 seconds (retry $attempt of 4)" >&2[0m
2026-10-10T04:42:18.6041064Z [36;1m  sleep 30[0m
2026-10-10T04:42:18.6041274Z [36;1mdone[0m
2026-10-10T04:42:18.6101092Z shell: /usr/bin/bash --noprofile --norc -e -o pipefail {0}
2026-10-10T04:42:18.6101438Z env:
2026-10-10T04:42:18.6101648Z   CARGO_TERM_COLOR: always
2026-10-10T04:42:18.6101900Z   RUSTFLAGS: -D warnings
2026-10-10T04:42:18.6102152Z   CARGO_HOME: /home/runner/.cargo
2026-10-10T04:42:18.6102410Z   toolchain: stable
2026-10-10T04:42:18.6102632Z   targets: 
2026-10-10T04:42:18.6102842Z   components: clippy, rustfmt
2026-10-10T04:42:18.6103098Z   RUSTUP_PERMIT_COPY_RENAME: 1
2026-10-10T04:42:18.6103335Z ##[endgroup]
2026-10-10T04:42:18.8263452Z info: syncing channel updates for stable-x86_64-unknown-linux-gnu
2026-10-10T04:42:18.9647731Z info: latest update on 2026-10-01 for version 1.99.0 (b940084d7 2026-09-28)
2026-10-10T04:42:18.9894182Z info: component clippy is up to date
2026-10-10T04:42:18.9895293Z info: component rustfmt is up to date
2026-10-10T04:42:18.9912555Z 
2026-10-10T04:42:19.0017987Z   stable-x86_64-unknown-linux-gnu unchanged - rustc 1.99.0 (b940084d7 2026-09-28)
2026-10-10T04:42:19.0019025Z 
2026-10-10T04:42:19.0085498Z ##[end-action id=__dtolnay_rust-toolchain.__run_4;outcome=success;conclusion=success;duration_ms=407]
2026-10-10T04:42:19.0094226Z ##[start-action display=rustup default stable;id=__dtolnay_rust-toolchain.__run_5]
2026-10-10T04:42:19.0121920Z ##[group]Run rustup default "$toolchain" --force-non-host
2026-10-10T04:42:19.0122629Z [36;1mrustup default "$toolchain" --force-non-host[0m
2026-10-10T04:42:19.0206653Z shell: /usr/bin/bash --noprofile --norc -e -o pipefail {0}
2026-10-10T04:42:19.0207235Z env:
2026-10-10T04:42:19.0207590Z   CARGO_TERM_COLOR: always
2026-10-10T04:42:19.0207861Z   RUSTFLAGS: -D warnings
2026-10-10T04:42:19.0208116Z   CARGO_HOME: /home/runner/.cargo
2026-10-10T04:42:19.0208371Z   toolchain: stable
2026-10-10T04:42:19.0208584Z ##[endgroup]
2026-10-10T04:42:19.0332778Z info: using existing install for stable-x86_64-unknown-linux-gnu
2026-10-10T04:42:19.0343268Z info: default toolchain set to stable-x86_64-unknown-linux-gnu
2026-10-10T04:42:19.0343741Z 
2026-10-10T04:42:19.0421430Z   stable-x86_64-unknown-linux-gnu unchanged - rustc 1.99.0 (b940084d7 2026-09-28)
2026-10-10T04:42:19.0422026Z 
2026-10-10T04:42:19.0435760Z ##[end-action id=__dtolnay_rust-toolchain.__run_5;outcome=success;conclusion=success;duration_ms=34]
2026-10-10T04:42:19.0439876Z ##[start-action display=Create cachekey;id=__dtolnay_rust-toolchain.rustc-version]
2026-10-10T04:42:19.0458712Z ##[group]Run DATE=$(rustc +"$toolchain" --version --verbose | sed -ne 's/^commit-date: \(20[0-9][0-9]\)-\([01][0-9]\)-\([0-3][0-9]\)$/\1\2\3/p')
2026-10-10T04:42:19.0459590Z [36;1mDATE=$(rustc +"$toolchain" --version --verbose | sed -ne 's/^commit-date: \(20[0-9][0-9]\)-\([01][0-9]\)-\([0-3][0-9]\)$/\1\2\3/p')[0m
2026-10-10T04:42:19.0460278Z [36;1mHASH=$(rustc +"$toolchain" --version --verbose | sed -ne 's/^commit-hash: //p')[0m
2026-10-10T04:42:19.0460797Z [36;1mecho "cachekey=$(echo $DATE$HASH | head -c12)" >> $GITHUB_OUTPUT[0m
2026-10-10T04:42:19.0520387Z shell: /usr/bin/bash --noprofile --norc -e -o pipefail {0}
2026-10-10T04:42:19.0520731Z env:
2026-10-10T04:42:19.0520937Z   CARGO_TERM_COLOR: always
2026-10-10T04:42:19.0521184Z   RUSTFLAGS: -D warnings
2026-10-10T04:42:19.0521434Z   CARGO_HOME: /home/runner/.cargo
2026-10-10T04:42:19.0521694Z   toolchain: stable
2026-10-10T04:42:19.0521904Z ##[endgroup]
2026-10-10T04:42:19.0932824Z ##[end-action id=__dtolnay_rust-toolchain.rustc-version;outcome=success;conclusion=success;duration_ms=49]
2026-10-10T04:42:19.0935421Z ##[start-action display=Disable incremental compilation;id=__dtolnay_rust-toolchain.__run_6]
2026-10-10T04:42:19.0971878Z ##[group]Run if [ -z "${CARGO_INCREMENTAL+set}" ]; then
2026-10-10T04:42:19.0972488Z [36;1mif [ -z "${CARGO_INCREMENTAL+set}" ]; then[0m
2026-10-10T04:42:19.0973040Z [36;1m  echo CARGO_INCREMENTAL=0 >> $GITHUB_ENV[0m
2026-10-10T04:42:19.0973523Z [36;1mfi[0m
2026-10-10T04:42:19.1051567Z shell: /usr/bin/bash --noprofile --norc -e -o pipefail {0}
2026-10-10T04:42:19.1052121Z env:
2026-10-10T04:42:19.1052451Z   CARGO_TERM_COLOR: always
2026-10-10T04:42:19.1052846Z   RUSTFLAGS: -D warnings
2026-10-10T04:42:19.1053241Z   CARGO_HOME: /home/runner/.cargo
2026-10-10T04:42:19.1053649Z ##[endgroup]
2026-10-10T04:42:19.1156213Z ##[end-action id=__dtolnay_rust-toolchain.__run_6;outcome=success;conclusion=success;duration_ms=21]
2026-10-10T04:42:19.1158829Z ##[start-action display=Enable colors in Cargo output;id=__dtolnay_rust-toolchain.__run_7]
2026-10-10T04:42:19.1176919Z ##[group]Run if [ -z "${CARGO_TERM_COLOR+set}" ]; then
2026-10-10T04:42:19.1177324Z [36;1mif [ -z "${CARGO_TERM_COLOR+set}" ]; then[0m
2026-10-10T04:42:19.1177849Z [36;1m  echo CARGO_TERM_COLOR=always >> $GITHUB_ENV[0m
2026-10-10T04:42:19.1178153Z [36;1mfi[0m
2026-10-10T04:42:19.1235126Z shell: /usr/bin/bash --noprofile --norc -e -o pipefail {0}
2026-10-10T04:42:19.1235475Z env:
2026-10-10T04:42:19.1235678Z   CARGO_TERM_COLOR: always
2026-10-10T04:42:19.1235919Z   RUSTFLAGS: -D warnings
2026-10-10T04:42:19.1236165Z   CARGO_HOME: /home/runner/.cargo
2026-10-10T04:42:19.1236627Z   CARGO_INCREMENTAL: 0
2026-10-10T04:42:19.1236851Z ##[endgroup]
2026-10-10T04:42:19.1318726Z ##[end-action id=__dtolnay_rust-toolchain.__run_7;outcome=success;conclusion=success;duration_ms=15]
2026-10-10T04:42:19.1322097Z ##[start-action display=Enable Cargo sparse registry;id=__dtolnay_rust-toolchain.__run_8]
2026-10-10T04:42:19.1348589Z ##[group]Run # implemented in 1.66, stabilized in 1.68, made default in 1.70
2026-10-10T04:42:19.1349439Z [36;1m# implemented in 1.66, stabilized in 1.68, made default in 1.70[0m
2026-10-10T04:42:19.1350637Z [36;1mif [ -z "${CARGO_REGISTRIES_CRATES_IO_PROTOCOL+set}" -o -f "/home/runner/work/_temp"/.implicit_cargo_registries_crates_io_protocol ]; then[0m
2026-10-10T04:42:19.1351939Z [36;1m  if rustc +"$toolchain" --version --verbose | grep -q '^release: 1\.6[89]\.'; then[0m
2026-10-10T04:42:19.1352946Z [36;1m    touch "/home/runner/work/_temp"/.implicit_cargo_registries_crates_io_protocol || true[0m
2026-10-10T04:42:19.1353872Z [36;1m    echo CARGO_REGISTRIES_CRATES_IO_PROTOCOL=sparse >> $GITHUB_ENV[0m
2026-10-10T04:42:19.1354752Z [36;1m  elif rustc +"$toolchain" --version --verbose | grep -q '^release: 1\.6[67]\.'; then[0m
2026-10-10T04:42:19.1355750Z [36;1m    touch "/home/runner/work/_temp"/.implicit_cargo_registries_crates_io_protocol || true[0m
2026-10-10T04:42:19.1356812Z [36;1m    echo CARGO_REGISTRIES_CRATES_IO_PROTOCOL=git >> $GITHUB_ENV[0m
2026-10-10T04:42:19.1357409Z [36;1m  fi[0m
2026-10-10T04:42:19.1357729Z [36;1mfi[0m
2026-10-10T04:42:19.1429453Z shell: /usr/bin/bash --noprofile --norc -e -o pipefail {0}
2026-10-10T04:42:19.1430018Z env:
2026-10-10T04:42:19.1430341Z   CARGO_TERM_COLOR: always
2026-10-10T04:42:19.1430733Z   RUSTFLAGS: -D warnings
2026-10-10T04:42:19.1431132Z   CARGO_HOME: /home/runner/.cargo
2026-10-10T04:42:19.1431553Z   CARGO_INCREMENTAL: 0
2026-10-10T04:42:19.1431910Z   toolchain: stable
2026-10-10T04:42:19.1432248Z ##[endgroup]
2026-10-10T04:42:19.1769805Z ##[end-action id=__dtolnay_rust-toolchain.__run_8;outcome=success;conclusion=success;duration_ms=44]
2026-10-10T04:42:19.1774625Z ##[start-action display=Work around spurious network errors in curl 8.0;id=__dtolnay_rust-toolchain.__run_9]
2026-10-10T04:42:19.1814530Z ##[group]Run # https://rust-lang.zulipchat.com/#narrow/stream/246057-t-cargo/topic/timeout.20investigation
2026-10-10T04:42:19.1815334Z [36;1m# https://rust-lang.zulipchat.com/#narrow/stream/246057-t-cargo/topic/timeout.20investigation[0m
2026-10-10T04:42:19.1816053Z [36;1mif rustc +"$toolchain" --version --verbose | grep -q '^release: 1\.7[01]\.'; then[0m
2026-10-10T04:42:19.1816811Z [36;1m  echo CARGO_HTTP_MULTIPLEXING=false >> $GITHUB_ENV[0m
2026-10-10T04:42:19.1817146Z [36;1mfi[0m
2026-10-10T04:42:19.1879171Z shell: /usr/bin/bash --noprofile --norc -e -o pipefail {0}
2026-10-10T04:42:19.1879522Z env:
2026-10-10T04:42:19.1879733Z   CARGO_TERM_COLOR: always
2026-10-10T04:42:19.1879986Z   RUSTFLAGS: -D warnings
2026-10-10T04:42:19.1880236Z   CARGO_HOME: /home/runner/.cargo
2026-10-10T04:42:19.1880490Z   CARGO_INCREMENTAL: 0
2026-10-10T04:42:19.1880708Z   toolchain: stable
2026-10-10T04:42:19.1880914Z ##[endgroup]
2026-10-10T04:42:19.2084492Z ##[end-action id=__dtolnay_rust-toolchain.__run_9;outcome=success;conclusion=success;duration_ms=30]
2026-10-10T04:42:19.2091443Z ##[start-action display=rustc +stable --version --verbose;id=__dtolnay_rust-toolchain.__run_10]
2026-10-10T04:42:19.2148494Z ##[group]Run rustc +"$toolchain" --version --verbose
2026-10-10T04:42:19.2149116Z [36;1mrustc +"$toolchain" --version --verbose[0m
2026-10-10T04:42:19.2220234Z shell: /usr/bin/bash --noprofile --norc -e -o pipefail {0}
2026-10-10T04:42:19.2220783Z env:
2026-10-10T04:42:19.2220990Z   CARGO_TERM_COLOR: always
2026-10-10T04:42:19.2221244Z   RUSTFLAGS: -D warnings
2026-10-10T04:42:19.2221509Z   CARGO_HOME: /home/runner/.cargo
2026-10-10T04:42:19.2221768Z   CARGO_INCREMENTAL: 0
2026-10-10T04:42:19.2221985Z   toolchain: stable
2026-10-10T04:42:19.2222194Z ##[endgroup]
2026-10-10T04:42:19.2410668Z rustc 1.99.0 (b940084d7 2026-09-28)
2026-10-10T04:42:19.2411172Z binary: rustc
2026-10-10T04:42:19.2411621Z commit-hash: b940084d7eb6a299eb4bfeb8e34901bc051e7ac4
2026-10-10T04:42:19.2412171Z commit-date: 2026-09-28
2026-10-10T04:42:19.2412577Z host: x86_64-unknown-linux-gnu
2026-10-10T04:42:19.2412978Z release: 1.99.0
2026-10-10T04:42:19.2413581Z LLVM version: 23.1.1
2026-10-10T04:42:19.2432261Z ##[end-action id=__dtolnay_rust-toolchain.__run_10;outcome=success;conclusion=success;duration_ms=33]
2026-10-10T04:42:19.2554183Z ##[group]Run Swatinem/rust-cache@v2
2026-10-10T04:42:19.2554486Z with:
2026-10-10T04:42:19.2554714Z   prefix-key: v0-rust
2026-10-10T04:42:19.2554951Z   add-job-id-key: true
2026-10-10T04:42:19.2555203Z   add-rust-environment-hash-key: true
2026-10-10T04:42:19.2555481Z   cache-targets: true
2026-10-10T04:42:19.2555710Z   cache-all-crates: false
2026-10-10T04:42:19.2555964Z   cache-workspace-crates: false
2026-10-10T04:42:19.2556231Z   save-if: true
2026-10-10T04:42:19.2556746Z   cache-provider: github
2026-10-10T04:42:19.2557047Z   cache-bin: true
2026-10-10T04:42:19.2557256Z   lookup-only: false
2026-10-10T04:42:19.2557465Z   cmd-format: {0}
2026-10-10T04:42:19.2557661Z env:
2026-10-10T04:42:19.2557855Z   CARGO_TERM_COLOR: always
2026-10-10T04:42:19.2558094Z   RUSTFLAGS: -D warnings
2026-10-10T04:42:19.2558336Z   CARGO_HOME: /home/runner/.cargo
2026-10-10T04:42:19.2558592Z   CARGO_INCREMENTAL: 0
2026-10-10T04:42:19.2558807Z ##[endgroup]
2026-10-10T04:42:21.6827585Z ##[group]Cache Configuration
2026-10-10T04:42:21.6828101Z Cache Provider:
2026-10-10T04:42:21.6828454Z     github
2026-10-10T04:42:21.6828800Z Workspaces:
2026-10-10T04:42:21.6829171Z     /home/runner/work/codecortex/codecortex
2026-10-10T04:42:21.6829657Z Cache Paths:
2026-10-10T04:42:21.6829988Z     /home/runner/.cargo/bin
2026-10-10T04:42:21.6830415Z     /home/runner/.cargo/.crates.toml
2026-10-10T04:42:21.6830904Z     /home/runner/.cargo/.crates2.json
2026-10-10T04:42:21.6831388Z     /home/runner/.cargo/registry
2026-10-10T04:42:21.6831946Z     /home/runner/.cargo/git
2026-10-10T04:42:21.6832454Z     /home/runner/work/codecortex/codecortex/target
2026-10-10T04:42:21.6832992Z Restore Key:
2026-10-10T04:42:21.6833390Z     v0-rust-check-Linux-x64-cbcac849
2026-10-10T04:42:21.6833865Z Cache Key:
2026-10-10T04:42:21.6834262Z     v0-rust-check-Linux-x64-cbcac849-015a28e6
2026-10-10T04:42:21.6834762Z .. Prefix:
2026-10-10T04:42:21.6835117Z   - v0-rust-check-Linux-x64
2026-10-10T04:42:21.6835544Z .. Environment considered:
2026-10-10T04:42:21.6835964Z   - Rust Versions:
2026-10-10T04:42:21.6836918Z     - 1.99.0 x86_64-unknown-linux-gnu b940084d7eb6a299eb4bfeb8e34901bc051e7ac4
2026-10-10T04:42:21.6837604Z   - CARGO_HOME
2026-10-10T04:42:21.6837952Z   - CARGO_INCREMENTAL
2026-10-10T04:42:21.6838192Z   - CARGO_TERM_COLOR
2026-10-10T04:42:21.6838403Z   - RUSTFLAGS
2026-10-10T04:42:21.6838609Z .. Lockfiles considered:
2026-10-10T04:42:21.6838908Z   - /home/runner/work/codecortex/codecortex/Cargo.lock
2026-10-10T04:42:21.6839319Z   - /home/runner/work/codecortex/codecortex/crates/cc-db/Cargo.toml
2026-10-10T04:42:21.6839778Z   - /home/runner/work/codecortex/codecortex/crates/cc-eval/Cargo.toml
2026-10-10T04:42:21.6840240Z   - /home/runner/work/codecortex/codecortex/crates/cc-index/Cargo.toml
2026-10-10T04:42:21.6840692Z   - /home/runner/work/codecortex/codecortex/crates/cc-model/Cargo.toml
2026-10-10T04:42:21.6841154Z   - /home/runner/work/codecortex/codecortex/crates/cc-parsers/Cargo.toml
2026-10-10T04:42:21.6841625Z   - /home/runner/work/codecortex/codecortex/crates/cc-search/Cargo.toml
2026-10-10T04:42:21.6842089Z   - /home/runner/work/codecortex/codecortex/crates/cc-semantic/Cargo.toml
2026-10-10T04:42:21.6842856Z   - /home/runner/work/codecortex/codecortex/crates/cc-server/Cargo.toml
2026-10-10T04:42:21.6843424Z ##[endgroup]
2026-10-10T04:42:21.6843545Z 
2026-10-10T04:42:21.6843638Z ... Restoring cache ...
2026-10-10T04:42:21.7449348Z Cache hit for: v0-rust-check-Linux-x64-cbcac849-015a28e6
2026-10-10T04:42:22.7822665Z Received 222298112 of 554480263 (40.1%), 210.7 MBs/sec
2026-10-10T04:42:23.7867635Z Received 499122176 of 554480263 (90.0%), 237.2 MBs/sec
2026-10-10T04:42:23.9926575Z Received 554480263 of 554480263 (100.0%), 238.6 MBs/sec
2026-10-10T04:42:23.9928316Z Cache Size: ~529 MB (554480263 B)
2026-10-10T04:42:24.0035383Z [command]/usr/bin/tar -xf /home/runner/work/_temp/b8125c19-2b5f-432c-ba68-0adaa95484af/cache.tzst -P -C /home/runner/work/codecortex/codecortex --use-compress-program unzstd
2026-10-10T04:42:27.7855210Z Cache restored successfully
2026-10-10T04:42:28.2975699Z Restored from cache key "v0-rust-check-Linux-x64-cbcac849-015a28e6" full match: true.
2026-10-10T04:42:28.3872886Z ##[group]Run cargo fmt --all -- --check
2026-10-10T04:42:28.3873271Z [36;1mcargo fmt --all -- --check[0m
2026-10-10T04:42:28.3950888Z shell: /usr/bin/bash -e {0}
2026-10-10T04:42:28.3951157Z env:
2026-10-10T04:42:28.3951366Z   CARGO_TERM_COLOR: always
2026-10-10T04:42:28.3951626Z   RUSTFLAGS: -D warnings
2026-10-10T04:42:28.3951880Z   CARGO_HOME: /home/runner/.cargo
2026-10-10T04:42:28.3952155Z   CARGO_INCREMENTAL: 0
2026-10-10T04:42:28.3952384Z   CACHE_ON_FAILURE: false
2026-10-10T04:42:28.3952615Z ##[endgroup]
2026-10-10T04:42:30.7711947Z Diff in /home/runner/work/codecortex/codecortex/crates/cc-eval/tests/p8_scale.rs:964:
2026-10-10T04:42:30.7719845Z              wrong_scope.stage_scope = Some(StageScope::ProfileIsolatedV1);
2026-10-10T04:42:30.7720671Z              assert!(wrong_scope.validate().is_err());
2026-10-10T04:42:30.7721268Z              wrong_scope.repetitions = 30;
2026-10-10T04:42:30.7722017Z -            wrong_scope.shard = Some(ScaleShard { index: 0, count: 30 });
2026-10-10T04:42:30.7722718Z +            wrong_scope.shard = Some(ScaleShard {
2026-10-10T04:42:30.7723240Z +                index: 0,
2026-10-10T04:42:30.7723641Z +                count: 30,
2026-10-10T04:42:30.7724047Z +            });
2026-10-10T04:42:30.7724648Z              assert_eq!(wrong_scope.validate().is_ok(), !cfg!(debug_assertions));
2026-10-10T04:42:30.7725606Z              wrong_scope.stage_scope = Some(StageScope::ProfileTaskDescriptiveV1);
2026-10-10T04:42:30.7726406Z              assert!(wrong_scope.validate().is_err());
2026-10-10T04:42:32.5852412Z ##[error]Process completed with exit code 1.
2026-10-10T04:42:32.6084645Z Post job cleanup.
2026-10-10T04:42:32.6900609Z [command]/usr/bin/git version
2026-10-10T04:42:32.6936829Z git version 2.55.0
2026-10-10T04:42:32.6972821Z Temporarily overriding HOME='/home/runner/work/_temp/3e79d929-261c-4c18-ba21-a22d8cfedee8' before making global git config changes
2026-10-10T04:42:32.6974248Z Adding repository directory to the temporary git global config as a safe directory
2026-10-10T04:42:32.6978062Z [command]/usr/bin/git config --global --add safe.directory /home/runner/work/codecortex/codecortex
2026-10-10T04:42:32.7012876Z [command]/usr/bin/git config --local --name-only --get-regexp core\.sshCommand
2026-10-10T04:42:32.7044051Z [command]/usr/bin/git submodule foreach --recursive sh -c "git config --local --name-only --get-regexp 'core\.sshCommand' && git config --local --unset-all 'core.sshCommand' || :"
2026-10-10T04:42:32.7289849Z [command]/usr/bin/git config --local --name-only --get-regexp http\.https\:\/\/github\.com\/\.extraheader
2026-10-10T04:42:32.7313078Z http.https://github.com/.extraheader
2026-10-10T04:42:32.7323720Z [command]/usr/bin/git config --local --unset-all http.https://github.com/.extraheader
2026-10-10T04:42:32.7355131Z [command]/usr/bin/git submodule foreach --recursive sh -c "git config --local --name-only --get-regexp 'http\.https\:\/\/github\.com\/\.extraheader' && git config --local --unset-all 'http.https://github.com/.extraheader' || :"
2026-10-10T04:42:32.7596208Z [command]/usr/bin/git config --local --name-only --get-regexp ^includeIf\.gitdir:
2026-10-10T04:42:32.7627309Z [command]/usr/bin/git submodule foreach --recursive git config --local --show-origin --name-only --get-regexp remote.origin.url
2026-10-10T04:42:32.8005665Z Cleaning up orphan processes
2026-10-10T04:42:32.8390210Z ##[warning]Node.js 20 is deprecated. The following actions target Node.js 20 but are being forced to run on Node.js 24: actions/checkout@v4. For more information see: https://github.blog/changelog/2025-09-19-deprecation-of-node-20-on-github-actions-runners/
