 Downloading crates ...
  Downloaded chacha20 v0.10.2
  Downloaded rand v0.10.3
   Compiling libc v0.2.183
   Compiling find-msvc-tools v0.1.9
   Compiling shlex v1.3.0
   Compiling proc-macro2 v1.0.106
   Compiling pkg-config v0.3.32
   Compiling unicode-ident v1.0.24
   Compiling cfg-if v1.0.4
   Compiling quote v1.0.45
   Compiling parking_lot_core v0.9.12
   Compiling smallvec v1.15.1
   Compiling syn v2.0.117
   Compiling cpufeatures v0.3.0
   Compiling serde_core v1.0.228
   Compiling jobserver v0.1.34
   Compiling vcpkg v0.2.15
   Compiling rand_core v0.10.0
   Compiling cc v1.2.58
   Compiling getrandom v0.4.2
   Compiling memchr v2.8.0
   Compiling scopeguard v1.2.0
   Compiling lock_api v0.4.14
   Compiling autocfg v1.5.0
   Compiling zstd-sys v2.0.16+zstd.1.5.7
   Compiling libsqlite3-sys v0.38.1
   Compiling zmij v1.0.21
   Compiling serde v1.0.228
   Compiling foldhash v0.2.0
   Compiling hashbrown v0.17.1
   Compiling num-traits v0.2.19
   Compiling blake3 v1.8.4
   Compiling parking_lot v0.12.5
   Compiling serde_derive v1.0.228
   Compiling chacha20 v0.10.2
   Compiling serde_json v1.0.149
   Compiling thiserror v2.0.18
   Compiling zstd-safe v7.2.4
   Compiling once_cell v1.21.4
   Compiling tracing-core v0.1.36
   Compiling rand v0.10.3
   Compiling thiserror-impl v2.0.18
   Compiling tracing-attributes v0.1.31
   Compiling scheduled-thread-pool v0.2.7
   Compiling hashlink v0.12.1
   Compiling aho-corasick v1.1.4
   Compiling constant_time_eq v0.4.2
   Compiling pin-project-lite v0.2.17
   Compiling log v0.4.29
   Compiling itoa v1.0.18
   Compiling arrayref v0.3.9
   Compiling arrayvec v0.7.6
   Compiling fallible-streaming-iterator v0.1.9
   Compiling regex-syntax v0.8.10
   Compiling fallible-iterator v0.3.0
   Compiling bitflags v2.11.0
   Compiling regex-automata v0.4.14
   Compiling r2d2 v0.8.10
   Compiling tracing v0.1.44
   Compiling uuid v1.23.0
   Compiling iana-time-zone v0.1.65
   Compiling chrono v0.4.44
   Compiling cc-model v1.0.0 (/workspace/codecortex/artifacts/checkpoints/cache-put-costs-20261003/source/crates/cc-model)
   Compiling regex v1.12.3
   Compiling zstd v0.13.3
   Compiling rusqlite v0.40.1
   Compiling r2d2_sqlite v0.35.0
   Compiling cc-db v1.0.0 (/workspace/codecortex/artifacts/checkpoints/cache-put-costs-20261003/source/crates/cc-db)
   Compiling cc-semantic v1.0.0 (/workspace/codecortex/artifacts/checkpoints/cache-put-costs-20261003/source/crates/cc-semantic)
    Finished `release` profile [optimized] target(s) in 1m 07s
