   Compiling serde_core v1.0.228
   Compiling serde v1.0.228
   Compiling smallvec v1.15.1
   Compiling regex-automata v0.4.14
   Compiling parking_lot_core v0.9.12
   Compiling parking_lot v0.12.5
   Compiling getrandom v0.4.2
   Compiling log v0.4.29
   Compiling serde_json v1.0.149
   Compiling tracing-core v0.1.36
   Compiling tracing v0.1.44
   Compiling rand v0.10.3
   Compiling scheduled-thread-pool v0.2.7
   Compiling regex v1.12.3
   Compiling rusqlite v0.40.1
   Compiling r2d2 v0.8.10
   Compiling uuid v1.23.0
   Compiling cc-model v1.0.0 (/home/runner/work/codecortex/codecortex/crates/cc-model)
   Compiling serde_spanned v0.6.9
   Compiling toml_datetime v0.6.11
   Compiling tree-sitter v0.24.7
   Compiling toml_edit v0.22.27
   Compiling chrono v0.4.44
   Compiling globset v0.4.18
   Compiling r2d2_sqlite v0.35.0
   Compiling errno v0.3.14
   Compiling signal-hook-registry v1.4.8
   Compiling cc-parsers v1.0.0 (/home/runner/work/codecortex/codecortex/crates/cc-parsers)
   Compiling cc-db v1.0.0 (/home/runner/work/codecortex/codecortex/crates/cc-db)
   Compiling ignore v0.4.25
   Compiling toml v0.8.23
   Compiling mio v1.2.0
   Compiling socket2 v0.6.3
   Compiling tokio v1.50.0
   Compiling tempfile v3.27.0
   Compiling cc-index v1.0.0 (/home/runner/work/codecortex/codecortex/crates/cc-index)
   Compiling cc-search v1.0.0 (/home/runner/work/codecortex/codecortex/crates/cc-search)
    Finished `test` profile [unoptimized] target(s) in 15.35s
     Running unittests src/lib.rs (/home/runner/work/_temp/p7-engineering-cargo/debug/deps/cc_search-6c8a7dd56b219064)

running 5 tests
test execution::tests::cancelled_worker_retains_permit_and_cannot_publish_late ... ok
test execution::tests::full_queue_rejects_and_aborted_waiter_releases_admission ... ok
test execution::tests::semantic_lane_share_never_extends_the_total_deadline ... ok
test execution::tests::async_timeout_keeps_parent_usable ... ok
test execution::tests::deadline_discards_late_worker_result_and_reclaims_when_it_exits ... ok

test result: ok. 5 passed; 0 failed; 0 ignored; 0 measured; 314 filtered out; finished in 0.06s

