   Compiling hashbrown v0.17.1
   Compiling aho-corasick v1.1.4
   Compiling hashlink v0.12.1
   Compiling bitflags v2.11.0
   Compiling rusqlite v0.40.1
   Compiling regex-automata v0.4.14
   Compiling serde_json v1.0.149
   Compiling r2d2_sqlite v0.35.0
   Compiling cc-model v1.0.0 (/home/runner/work/codecortex/codecortex/crates/cc-model)
   Compiling regex v1.12.3
   Compiling cc-db v1.0.0 (/home/runner/work/codecortex/codecortex/crates/cc-db)
   Compiling cc-semantic v1.0.0 (/home/runner/work/codecortex/codecortex/crates/cc-semantic)
    Finished `test` profile [unoptimized] target(s) in 7.70s
     Running tests/gc_unlink_accounting.rs (/home/runner/work/_temp/p7-engineering-cargo/debug/deps/gc_unlink_accounting-ed8ea13ca2ad3bdb)

running 5 tests
test failed_first_object_unlink_preserves_counterpart_and_retries ... ok
test failed_half_unlink_is_an_error_and_fresh_collection_recovers ... ok
test failed_second_object_unlink_exposes_partial_deletion_and_retries_as_half ... ok
test failed_temp_unlink_is_an_error_and_fresh_collection_recovers ... ok
test already_absent_halves_are_idempotent_and_never_count_as_unlinks ... ok

test result: ok. 5 passed; 0 failed; 0 ignored; 0 measured; 0 filtered out; finished in 0.09s

     Running tests/semantic_gc.rs (/home/runner/work/_temp/p7-engineering-cargo/debug/deps/semantic_gc-4c47f2f4e2b6c895)

running 8 tests
test fresh_unpublished_object_is_graced_then_reclaimed ... ok
test manifest_referenced_object_is_never_swept ... ok
test corrupt_object_is_swept_after_grace_and_reads_miss_like_discard ... ok
test publish_committing_after_the_sweep_is_covered_by_the_grace ... ok
test bounded_backlog_converges_over_rounds_and_reference_survives_every_round ... ok
test revoked_space_object_stays_protected_by_its_manifest_row ... ok
test publish_committing_between_collect_and_sweep_is_protected_by_the_snapshot ... ok
test temps_and_halves_are_swept_and_emptied_dirs_pruned_without_touching_quarantine ... ok

test result: ok. 8 passed; 0 failed; 0 ignored; 0 measured; 0 filtered out; finished in 0.17s

