 Downloading crates ...
  Downloaded cpufeatures v0.2.17
  Downloaded generic-array v0.14.7
  Downloaded version_check v0.9.5
  Downloaded crypto-common v0.1.7
  Downloaded block-buffer v0.10.4
  Downloaded digest v0.10.7
  Downloaded sha2 v0.10.9
  Downloaded typenum v1.20.1
   Compiling parking_lot_core v0.9.12
   Compiling futures-channel v0.3.32
   Compiling parking_lot v0.12.5
   Compiling version_check v0.9.5
   Compiling scheduled-thread-pool v0.2.7
   Compiling futures-util v0.3.32
   Compiling r2d2 v0.8.10
   Compiling tokio v1.50.0
   Compiling generic-array v0.14.7
   Compiling r2d2_sqlite v0.35.0
   Compiling typenum v1.20.1
   Compiling cc-db v1.0.0 (/home/runner/work/codecortex/codecortex/crates/cc-db)
   Compiling futures-executor v0.3.32
   Compiling futures v0.3.32
   Compiling process-wrap v9.1.0
   Compiling tokio-stream v0.1.18
   Compiling tokio-util v0.7.18
   Compiling crypto-common v0.1.7
   Compiling block-buffer v0.10.4
   Compiling tracing-subscriber v0.3.23
   Compiling rmcp v2.2.0
   Compiling digest v0.10.7
   Compiling cc-search v1.0.0 (/home/runner/work/codecortex/codecortex/crates/cc-search)
   Compiling cc-index v1.0.0 (/home/runner/work/codecortex/codecortex/crates/cc-index)
   Compiling cc-semantic v1.0.0 (/home/runner/work/codecortex/codecortex/crates/cc-semantic)
   Compiling cpufeatures v0.2.17
   Compiling sha2 v0.10.9
   Compiling cc-server v1.0.0 (/home/runner/work/codecortex/codecortex/crates/cc-server)
   Compiling cc-eval v1.0.0 (/home/runner/work/codecortex/codecortex/crates/cc-eval)
    Finished `test` profile [unoptimized] target(s) in 18.91s
     Running tests/p7_strategy_ablation.rs (/home/runner/work/_temp/p7-engineering-cargo/debug/deps/p7_strategy_ablation-0a7738a627fada78)

running 8 tests
test actual_stdio_local_and_auto_have_equal_effective_budget_and_verified_source ... ignored, requires explicit current product path and SHA256; mechanism smoke, no quality certification
test configuration_rejects_implicit_network_remote_endpoint_and_fake_dense_name ... ok
test paired_effects_use_family_units_and_do_not_label_fake_scores_as_quality ... ok
test readiness_requires_checked_space_and_real_dense_coverage_not_file_count ... ok
test public_budget_checks_policy_final_bytes_and_numeric_scope_without_rewriting_partial ... ok
test equal_top_k_does_not_hide_different_output_cap_or_hard_scope ... ok
test strategy_rejection_keeps_original_public_response_and_replay_cannot_self_authorize ... ok
test pending_dense_readiness_is_bounded_and_close_still_releases_client ... ok

test result: ok. 7 passed; 0 failed; 1 ignored; 0 measured; 0 filtered out; finished in 0.01s

     Running tests/p7_worker_contention.rs (/home/runner/work/_temp/p7-engineering-cargo/debug/deps/p7_worker_contention-0b2ed0af9e6c363b)

running 1 test
test real_slow_backfill_preserves_local_progress_and_records_every_request ... ok

test result: ok. 1 passed; 0 failed; 0 ignored; 0 measured; 0 filtered out; finished in 3.06s

     Running tests/semantic_lifecycle.rs (/home/runner/work/_temp/p7-engineering-cargo/debug/deps/semantic_lifecycle-a641bde1dad9be53)

running 2 tests
test partial_backfill_allows_real_local_query_mutation_delete_and_cancel ... ok
test partial_backfill_allows_model_switch_and_new_space_progress ... ok

test result: ok. 2 passed; 0 failed; 0 ignored; 0 measured; 0 filtered out; finished in 0.56s

