2026-10-09T02:57:53.9845163Z Current runner version: '2.337.0'
2026-10-09T02:57:53.9869949Z ##[group]Runner Image Provisioner
2026-10-09T02:57:53.9870820Z Hosted Compute Agent
2026-10-09T02:57:53.9871532Z Version: 20261002.596
2026-10-09T02:57:53.9872194Z Commit: c3d12f3313a95f25162a1503be624f3b0617f8c0
2026-10-09T02:57:53.9872979Z Build Date: 2026-10-02T22:28:27Z
2026-10-09T02:57:53.9873823Z Worker ID: {29af5598-275a-4580-ad39-41530781bdc1}
2026-10-09T02:57:53.9874575Z Region: westcentralus
2026-10-09T02:57:53.9875227Z Cloud: Azure
2026-10-09T02:57:53.9875785Z ##[endgroup]
2026-10-09T02:57:53.9877285Z ##[group]Operating System
2026-10-09T02:57:53.9878010Z Ubuntu
2026-10-09T02:57:53.9878546Z 24.04.5
2026-10-09T02:57:53.9879363Z LTS
2026-10-09T02:57:53.9879915Z ##[endgroup]
2026-10-09T02:57:53.9880461Z ##[group]Runner Image
2026-10-09T02:57:53.9881213Z Image: ubuntu-24.04
2026-10-09T02:57:53.9881806Z Version: 20261004.327.1
2026-10-09T02:57:53.9883075Z Included Software: https://github.com/actions/runner-images/blob/ubuntu24/20261004.327/images/ubuntu/Ubuntu2404-Readme.md
2026-10-09T02:57:53.9884670Z Image Release: https://github.com/actions/runner-images/releases/tag/ubuntu24%2F20261004.327
2026-10-09T02:57:53.9885815Z ##[endgroup]
2026-10-09T02:57:53.9886906Z ##[group]GITHUB_TOKEN Permissions
2026-10-09T02:57:53.9889178Z Contents: read
2026-10-09T02:57:53.9889821Z Metadata: read
2026-10-09T02:57:53.9890521Z ##[endgroup]
2026-10-09T02:57:53.9892576Z Secret source: Actions
2026-10-09T02:57:53.9893641Z Cache mode: write
2026-10-09T02:57:53.9894355Z Prepare workflow directory
2026-10-09T02:57:54.0339637Z Prepare all required actions
2026-10-09T02:57:54.0388198Z Getting action download info
2026-10-09T02:57:54.3384715Z Download action repository 'actions/checkout@v4' (SHA:11d5960a326750d5838078e36cf38b85af677262)
2026-10-09T02:57:54.4280447Z Download action repository 'actions/download-artifact@v4' (SHA:d3f86a106a0bac45b974a628896c90dbdf5c8093)
2026-10-09T02:57:55.0073882Z Download action repository 'actions/upload-artifact@v4' (SHA:ea165f8d65b6e75b540449e92b4886f43607fa02)
2026-10-09T02:57:55.2021715Z Complete job name: all eight platform cells
2026-10-09T02:57:55.2828914Z ##[group]Run actions/checkout@v4
2026-10-09T02:57:55.2829945Z with:
2026-10-09T02:57:55.2830498Z   ref: a23bb72d3c954f385b99fe81ce9189885c208557
2026-10-09T02:57:55.2831180Z   repository: jyqj/codecortex
2026-10-09T02:57:55.2835088Z   token: ***
2026-10-09T02:57:55.2835642Z   ssh-strict: true
2026-10-09T02:57:55.2836144Z   ssh-user: git
2026-10-09T02:57:55.2836651Z   persist-credentials: true
2026-10-09T02:57:55.2837195Z   clean: true
2026-10-09T02:57:55.2837681Z   sparse-checkout-cone-mode: true
2026-10-09T02:57:55.2838260Z   fetch-depth: 1
2026-10-09T02:57:55.2838931Z   fetch-tags: false
2026-10-09T02:57:55.2839460Z   show-progress: true
2026-10-09T02:57:55.2839976Z   lfs: false
2026-10-09T02:57:55.2840438Z   submodules: false
2026-10-09T02:57:55.2840933Z   set-safe-directory: true
2026-10-09T02:57:55.2841507Z   allow-unsafe-pr-checkout: false
2026-10-09T02:57:55.2842358Z env:
2026-10-09T02:57:55.2842856Z   CARGO_TERM_COLOR: never
2026-10-09T02:57:55.2843447Z   CARGO_INCREMENTAL: 0
2026-10-09T02:57:55.2843992Z   PYTHONDONTWRITEBYTECODE: 1
2026-10-09T02:57:55.2844541Z ##[endgroup]
2026-10-09T02:57:55.3807400Z Syncing repository: jyqj/codecortex
2026-10-09T02:57:55.3809808Z ##[group]Getting Git version info
2026-10-09T02:57:55.3810675Z Working directory is '/home/runner/work/codecortex/codecortex'
2026-10-09T02:57:55.3811855Z [command]/usr/bin/git version
2026-10-09T02:57:55.3895411Z git version 2.55.0
2026-10-09T02:57:55.3916545Z ##[endgroup]
2026-10-09T02:57:55.3930350Z Temporarily overriding HOME='/home/runner/work/_temp/d43caf73-d5f5-48dd-a507-175eed1aff48' before making global git config changes
2026-10-09T02:57:55.3932524Z Adding repository directory to the temporary git global config as a safe directory
2026-10-09T02:57:55.3934648Z [command]/usr/bin/git config --global --add safe.directory /home/runner/work/codecortex/codecortex
2026-10-09T02:57:55.3984159Z Deleting the contents of '/home/runner/work/codecortex/codecortex'
2026-10-09T02:57:55.3987236Z ##[group]Initializing the repository
2026-10-09T02:57:55.3992323Z [command]/usr/bin/git init /home/runner/work/codecortex/codecortex
2026-10-09T02:57:55.4104637Z hint: Using 'master' as the name for the initial branch. This default branch name
2026-10-09T02:57:55.4106465Z hint: will change to "main" in Git 3.0. To configure the initial branch name
2026-10-09T02:57:55.4108125Z hint: to use in all of your new repositories, which will suppress this warning,
2026-10-09T02:57:55.4109464Z hint: call:
2026-10-09T02:57:55.4109932Z hint:
2026-10-09T02:57:55.4110512Z hint: 	git config --global init.defaultBranch <name>
2026-10-09T02:57:55.4111199Z hint:
2026-10-09T02:57:55.4111877Z hint: Names commonly chosen instead of 'master' are 'main', 'trunk' and
2026-10-09T02:57:55.4112900Z hint: 'development'. The just-created branch can be renamed via this command:
2026-10-09T02:57:55.4113701Z hint:
2026-10-09T02:57:55.4114176Z hint: 	git branch -m <name>
2026-10-09T02:57:55.4114727Z hint:
2026-10-09T02:57:55.4115446Z hint: Disable this message with "git config set advice.defaultBranchName false"
2026-10-09T02:57:55.4117158Z Initialized empty Git repository in /home/runner/work/codecortex/codecortex/.git/
2026-10-09T02:57:55.4120591Z [command]/usr/bin/git remote add origin https://github.com/jyqj/codecortex
2026-10-09T02:57:55.4164024Z ##[endgroup]
2026-10-09T02:57:55.4164899Z ##[group]Disabling automatic garbage collection
2026-10-09T02:57:55.4167931Z [command]/usr/bin/git config --local gc.auto 0
2026-10-09T02:57:55.4198397Z ##[endgroup]
2026-10-09T02:57:55.4200551Z ##[group]Setting up auth
2026-10-09T02:57:55.4206051Z [command]/usr/bin/git config --local --name-only --get-regexp core\.sshCommand
2026-10-09T02:57:55.4237288Z [command]/usr/bin/git submodule foreach --recursive sh -c "git config --local --name-only --get-regexp 'core\.sshCommand' && git config --local --unset-all 'core.sshCommand' || :"
2026-10-09T02:57:55.4573045Z [command]/usr/bin/git config --local --name-only --get-regexp http\.https\:\/\/github\.com\/\.extraheader
2026-10-09T02:57:55.4602604Z [command]/usr/bin/git submodule foreach --recursive sh -c "git config --local --name-only --get-regexp 'http\.https\:\/\/github\.com\/\.extraheader' && git config --local --unset-all 'http.https://github.com/.extraheader' || :"
2026-10-09T02:57:55.4815657Z [command]/usr/bin/git config --local --name-only --get-regexp ^includeIf\.gitdir:
2026-10-09T02:57:55.4844916Z [command]/usr/bin/git submodule foreach --recursive git config --local --show-origin --name-only --get-regexp remote.origin.url
2026-10-09T02:57:55.5060949Z [command]/usr/bin/git config --local http.https://github.com/.extraheader AUTHORIZATION: basic ***
2026-10-09T02:57:55.5095836Z ##[endgroup]
2026-10-09T02:57:55.5097498Z ##[group]Fetching the repository
2026-10-09T02:57:55.5106144Z [command]/usr/bin/git -c protocol.version=2 fetch --no-tags --prune --no-recurse-submodules --depth=1 origin a23bb72d3c954f385b99fe81ce9189885c208557
2026-10-09T02:58:11.8339216Z From https://github.com/jyqj/codecortex
2026-10-09T02:58:11.8340061Z  * branch            a23bb72d3c954f385b99fe81ce9189885c208557 -> FETCH_HEAD
2026-10-09T02:58:11.8345840Z ##[endgroup]
2026-10-09T02:58:11.8346746Z ##[group]Determining the checkout info
2026-10-09T02:58:11.8347759Z ##[endgroup]
2026-10-09T02:58:11.8352909Z [command]/usr/bin/git sparse-checkout disable
2026-10-09T02:58:11.8401977Z [command]/usr/bin/git config --local --unset-all extensions.worktreeConfig
2026-10-09T02:58:11.8432163Z ##[group]Checking out the ref
2026-10-09T02:58:11.8432933Z [command]/usr/bin/git checkout --progress --force a23bb72d3c954f385b99fe81ce9189885c208557
2026-10-09T02:58:12.9214024Z Updating files:  49% (11089/22303)
2026-10-09T02:58:12.9329106Z Updating files:  50% (11152/22303)
2026-10-09T02:58:12.9684245Z Updating files:  51% (11375/22303)
2026-10-09T02:58:13.0161112Z Updating files:  52% (11598/22303)
2026-10-09T02:58:13.0361567Z Updating files:  53% (11821/22303)
2026-10-09T02:58:13.0837667Z Updating files:  54% (12044/22303)
2026-10-09T02:58:13.0960829Z Updating files:  55% (12267/22303)
2026-10-09T02:58:13.1109516Z Updating files:  56% (12490/22303)
2026-10-09T02:58:13.1251081Z Updating files:  57% (12713/22303)
2026-10-09T02:58:13.1478856Z Updating files:  58% (12936/22303)
2026-10-09T02:58:13.1598507Z Updating files:  59% (13159/22303)
2026-10-09T02:58:13.1699034Z Updating files:  60% (13382/22303)
2026-10-09T02:58:13.1813336Z Updating files:  61% (13605/22303)
2026-10-09T02:58:13.1903567Z Updating files:  62% (13828/22303)
2026-10-09T02:58:13.2009176Z Updating files:  63% (14051/22303)
2026-10-09T02:58:13.2143179Z Updating files:  64% (14274/22303)
2026-10-09T02:58:13.2239877Z Updating files:  65% (14497/22303)
2026-10-09T02:58:13.2331381Z Updating files:  66% (14720/22303)
2026-10-09T02:58:13.2420847Z Updating files:  67% (14944/22303)
2026-10-09T02:58:13.2536228Z Updating files:  68% (15167/22303)
2026-10-09T02:58:13.2669471Z Updating files:  69% (15390/22303)
2026-10-09T02:58:13.2863492Z Updating files:  70% (15613/22303)
2026-10-09T02:58:13.3380287Z Updating files:  71% (15836/22303)
2026-10-09T02:58:13.3626435Z Updating files:  72% (16059/22303)
2026-10-09T02:58:13.4581769Z Updating files:  73% (16282/22303)
2026-10-09T02:58:13.4779984Z Updating files:  74% (16505/22303)
2026-10-09T02:58:13.5011777Z Updating files:  75% (16728/22303)
2026-10-09T02:58:13.5265201Z Updating files:  76% (16951/22303)
2026-10-09T02:58:13.5613401Z Updating files:  77% (17174/22303)
2026-10-09T02:58:13.5830138Z Updating files:  78% (17397/22303)
2026-10-09T02:58:13.6059704Z Updating files:  79% (17620/22303)
2026-10-09T02:58:13.6254097Z Updating files:  80% (17843/22303)
2026-10-09T02:58:13.6414453Z Updating files:  81% (18066/22303)
2026-10-09T02:58:13.6582395Z Updating files:  82% (18289/22303)
2026-10-09T02:58:13.7704907Z Updating files:  83% (18512/22303)
2026-10-09T02:58:13.8231358Z Updating files:  84% (18735/22303)
2026-10-09T02:58:13.8669037Z Updating files:  85% (18958/22303)
2026-10-09T02:58:13.8936182Z Updating files:  85% (18988/22303)
2026-10-09T02:58:14.0379353Z Updating files:  86% (19181/22303)
2026-10-09T02:58:14.0597033Z Updating files:  87% (19404/22303)
2026-10-09T02:58:14.0745441Z Updating files:  88% (19627/22303)
2026-10-09T02:58:14.0849546Z Updating files:  89% (19850/22303)
2026-10-09T02:58:14.1048885Z Updating files:  90% (20073/22303)
2026-10-09T02:58:14.1438339Z Updating files:  91% (20296/22303)
2026-10-09T02:58:14.7759303Z Updating files:  92% (20519/22303)
2026-10-09T02:58:14.7983579Z Updating files:  93% (20742/22303)
2026-10-09T02:58:14.8143530Z Updating files:  94% (20965/22303)
2026-10-09T02:58:14.8325075Z Updating files:  95% (21188/22303)
2026-10-09T02:58:14.8507730Z Updating files:  96% (21411/22303)
2026-10-09T02:58:14.8663485Z Updating files:  97% (21634/22303)
2026-10-09T02:58:14.8711230Z Updating files:  97% (21797/22303)
2026-10-09T02:58:14.8885736Z Updating files:  98% (21857/22303)
2026-10-09T02:58:14.9130136Z Updating files:  99% (22080/22303)
2026-10-09T02:58:14.9130739Z Updating files: 100% (22303/22303)
2026-10-09T02:58:14.9131248Z Updating files: 100% (22303/22303), done.
2026-10-09T02:58:14.9383397Z Note: switching to 'a23bb72d3c954f385b99fe81ce9189885c208557'.
2026-10-09T02:58:14.9383903Z 
2026-10-09T02:58:14.9384176Z You are in 'detached HEAD' state. You can look around, make experimental
2026-10-09T02:58:14.9384805Z changes and commit them, and you can discard any commits you make in this
2026-10-09T02:58:14.9385553Z state without impacting any branches by switching back to a branch.
2026-10-09T02:58:14.9385896Z 
2026-10-09T02:58:14.9386127Z If you want to create a new branch to retain commits you create, you may
2026-10-09T02:58:14.9386684Z do so (now or later) by using -c with the switch command. Example:
2026-10-09T02:58:14.9387002Z 
2026-10-09T02:58:14.9387134Z   git switch -c <new-branch-name>
2026-10-09T02:58:14.9387348Z 
2026-10-09T02:58:14.9387472Z Or undo this operation with:
2026-10-09T02:58:14.9387677Z 
2026-10-09T02:58:14.9387786Z   git switch -
2026-10-09T02:58:14.9388226Z 
2026-10-09T02:58:14.9388507Z Turn off this advice by setting config variable advice.detachedHead to false
2026-10-09T02:58:14.9389313Z 
2026-10-09T02:58:14.9389601Z HEAD is now at a23bb72 test(p8): bind combined source admission for original full execution
2026-10-09T02:58:14.9510833Z ##[endgroup]
2026-10-09T02:58:14.9554285Z [command]/usr/bin/git log -1 --format=%H
2026-10-09T02:58:14.9576833Z a23bb72d3c954f385b99fe81ce9189885c208557
2026-10-09T02:58:14.9829393Z ##[group]Run actions/download-artifact@v4
2026-10-09T02:58:14.9829714Z with:
2026-10-09T02:58:14.9830037Z   pattern: p8-platform-cell-*-a23bb72d3c954f385b99fe81ce9189885c208557
2026-10-09T02:58:14.9830458Z   path: /home/runner/work/_temp/p8-platform-cells
2026-10-09T02:58:14.9830784Z   merge-multiple: false
2026-10-09T02:58:14.9831028Z   repository: jyqj/codecortex
2026-10-09T02:58:14.9831277Z   run-id: 37871838952
2026-10-09T02:58:14.9831478Z env:
2026-10-09T02:58:14.9831667Z   CARGO_TERM_COLOR: never
2026-10-09T02:58:14.9831912Z   CARGO_INCREMENTAL: 0
2026-10-09T02:58:14.9832148Z   PYTHONDONTWRITEBYTECODE: 1
2026-10-09T02:58:14.9832389Z ##[endgroup]
2026-10-09T02:58:15.1527051Z (node:2399) [DEP0040] DeprecationWarning: The `punycode` module is deprecated. Please use a userland alternative instead.
2026-10-09T02:58:15.1528398Z (Use `node --trace-deprecation ...` to show where the warning was created)
2026-10-09T02:58:15.3366951Z Found 17 artifact(s)
2026-10-09T02:58:15.3368438Z Filtering artifacts by pattern 'p8-platform-cell-*-a23bb72d3c954f385b99fe81ce9189885c208557'
2026-10-09T02:58:15.3388893Z Preparing to download the following artifacts:
2026-10-09T02:58:15.3390926Z - p8-platform-cell-linux-stable-semantic-a23bb72d3c954f385b99fe81ce9189885c208557 (ID: 11592990763, Size: 8968832, Expected Digest: sha256:cb2505655a8b3c72bd8caade9b291f05839819fc6b19f0232c36c08854ad8214)
2026-10-09T02:58:15.3400816Z - p8-platform-cell-linux-stable-default-a23bb72d3c954f385b99fe81ce9189885c208557 (ID: 11592750594, Size: 8719713, Expected Digest: sha256:e2d1aa0f541f9cb01899db37339381ae65e9b32df4f7fe094489fc3973790f73)
2026-10-09T02:58:15.3402836Z - p8-platform-cell-macos-stable-semantic-a23bb72d3c954f385b99fe81ce9189885c208557 (ID: 11592465349, Size: 8605542, Expected Digest: sha256:83ffc0a9fbb2c8d4acac780ee427022e5999f2bf89734b539342e03ba602e174)
2026-10-09T02:58:15.3404981Z - p8-platform-cell-linux-1.95-semantic-a23bb72d3c954f385b99fe81ce9189885c208557 (ID: 11592442010, Size: 9022522, Expected Digest: sha256:36fd353584c30d67c3da8b42ed16fdc8709b952a62acf63b562e17e1bbac3edd)
2026-10-09T02:58:15.3407439Z - p8-platform-cell-linux-1.95-default-a23bb72d3c954f385b99fe81ce9189885c208557 (ID: 11591733636, Size: 8768177, Expected Digest: sha256:a828b75ac08249d4cd888d8a14185684b7902842a4afad859a7cee57d507f23b)
2026-10-09T02:58:15.3410261Z - p8-platform-cell-macos-1.95-default-a23bb72d3c954f385b99fe81ce9189885c208557 (ID: 11591229630, Size: 8031708, Expected Digest: sha256:47953cf9b9a630f4b3b2e82dbae632f19c978403198aebb7595489573af37d9e)
2026-10-09T02:58:15.3413025Z - p8-platform-cell-macos-stable-default-a23bb72d3c954f385b99fe81ce9189885c208557 (ID: 11591159319, Size: 8351887, Expected Digest: sha256:b3ea19fa9254adaa4128616eaad557b3e55a36de3ab1563216e96ebd63623d44)
2026-10-09T02:58:15.3415332Z - p8-platform-cell-macos-1.95-semantic-a23bb72d3c954f385b99fe81ce9189885c208557 (ID: 11591108235, Size: 8270537, Expected Digest: sha256:f9709600c728281e9b1f81d0f50c0c6b2e844a497603a449a697d90f759bf6e9)
2026-10-09T02:58:15.5355266Z Redirecting to blob download url: https://productionresultssa7.blob.core.windows.net/actions-results/d104a1dc-adae-8c97-a04c-1ed950e85c3e/workflow-job-run-52ebacc0-2ab7-5d6b-a4e0-f95aad613230/artifacts/d454ffc0e417105884a2effe5e488345fb7ab359642b1e73b77ee7df75705727.zip
2026-10-09T02:58:15.5356970Z Starting download of artifact to: /home/runner/work/_temp/p8-platform-cells/p8-platform-cell-linux-stable-semantic-a23bb72d3c954f385b99fe81ce9189885c208557
2026-10-09T02:58:15.6120439Z Redirecting to blob download url: https://productionresultssa7.blob.core.windows.net/actions-results/d104a1dc-adae-8c97-a04c-1ed950e85c3e/workflow-job-run-51b184c9-6ab2-5826-b905-9a4ce0baad01/artifacts/122c4f4f762ede3a0761dcc9d799552f75ff4e20b7f96297a3ded642ad9263ca.zip
2026-10-09T02:58:15.6124401Z Starting download of artifact to: /home/runner/work/_temp/p8-platform-cells/p8-platform-cell-macos-stable-semantic-a23bb72d3c954f385b99fe81ce9189885c208557
2026-10-09T02:58:15.6285220Z Redirecting to blob download url: https://productionresultssa7.blob.core.windows.net/actions-results/d104a1dc-adae-8c97-a04c-1ed950e85c3e/workflow-job-run-54b53c75-d100-5b68-b9db-1acb0d6b1de6/artifacts/6935d4afe48afef054249fd663f62fada8206b27548415d55dd7aba985b68ed8.zip
2026-10-09T02:58:15.6288932Z Starting download of artifact to: /home/runner/work/_temp/p8-platform-cells/p8-platform-cell-linux-1.95-semantic-a23bb72d3c954f385b99fe81ce9189885c208557
2026-10-09T02:58:15.6323353Z Redirecting to blob download url: https://productionresultssa7.blob.core.windows.net/actions-results/d104a1dc-adae-8c97-a04c-1ed950e85c3e/workflow-job-run-00e22b24-e642-5fe8-93cb-29fbf4305945/artifacts/c99ddea1f8dd51830d612c547a9975b6d40e56bc656e4763b23e60df4fc4745b.zip
2026-10-09T02:58:15.6324997Z Starting download of artifact to: /home/runner/work/_temp/p8-platform-cells/p8-platform-cell-macos-1.95-default-a23bb72d3c954f385b99fe81ce9189885c208557
2026-10-09T02:58:15.6327921Z Redirecting to blob download url: https://productionresultssa7.blob.core.windows.net/actions-results/d104a1dc-adae-8c97-a04c-1ed950e85c3e/workflow-job-run-36535c4b-313b-52df-bd8d-4c4b62213bc1/artifacts/51e08991487bc8ac9fe6fc6ad57c6de801c6696aa51c705090596f6f11439465.zip
2026-10-09T02:58:15.6330731Z Starting download of artifact to: /home/runner/work/_temp/p8-platform-cells/p8-platform-cell-macos-1.95-semantic-a23bb72d3c954f385b99fe81ce9189885c208557
2026-10-09T02:58:15.6507188Z Redirecting to blob download url: https://productionresultssa7.blob.core.windows.net/actions-results/d104a1dc-adae-8c97-a04c-1ed950e85c3e/workflow-job-run-ef3fb44c-42ce-5f77-9e92-a7e209d11466/artifacts/091792e2f5ebe0b2f563c88a5454089b01022473ae6c7cfa5d0f7cf76a701e9d.zip
2026-10-09T02:58:15.6510701Z Starting download of artifact to: /home/runner/work/_temp/p8-platform-cells/p8-platform-cell-linux-stable-default-a23bb72d3c954f385b99fe81ce9189885c208557
2026-10-09T02:58:15.6591617Z Redirecting to blob download url: https://productionresultssa7.blob.core.windows.net/actions-results/d104a1dc-adae-8c97-a04c-1ed950e85c3e/workflow-job-run-703abe2b-3eac-5b51-b4b8-a9a8c2924b84/artifacts/e417534fe4c3614b9a77c5b1e80369ee0de40ca9b46ce6a73dbbec1549bfff8a.zip
2026-10-09T02:58:15.6594796Z Starting download of artifact to: /home/runner/work/_temp/p8-platform-cells/p8-platform-cell-linux-1.95-default-a23bb72d3c954f385b99fe81ce9189885c208557
2026-10-09T02:58:15.6710755Z Redirecting to blob download url: https://productionresultssa7.blob.core.windows.net/actions-results/d104a1dc-adae-8c97-a04c-1ed950e85c3e/workflow-job-run-aafc542e-eab5-5b7d-a03e-76dc51297617/artifacts/afcd3c4d96be0e8ab75c4974e894b8f56b4c80fd5c82712965018b8bc9c1af71.zip
2026-10-09T02:58:15.6714176Z Starting download of artifact to: /home/runner/work/_temp/p8-platform-cells/p8-platform-cell-macos-stable-default-a23bb72d3c954f385b99fe81ce9189885c208557
2026-10-09T02:58:15.7931527Z (node:2399) [DEP0005] DeprecationWarning: Buffer() is deprecated due to security and usability issues. Please use the Buffer.alloc(), Buffer.allocUnsafe(), or Buffer.from() methods instead.
2026-10-09T02:58:16.7714270Z SHA256 digest of downloaded artifact is cb2505655a8b3c72bd8caade9b291f05839819fc6b19f0232c36c08854ad8214
2026-10-09T02:58:16.7715563Z Artifact download completed successfully.
2026-10-09T02:58:16.8203102Z SHA256 digest of downloaded artifact is 36fd353584c30d67c3da8b42ed16fdc8709b952a62acf63b562e17e1bbac3edd
2026-10-09T02:58:16.8204370Z Artifact download completed successfully.
2026-10-09T02:58:16.8564898Z SHA256 digest of downloaded artifact is e2d1aa0f541f9cb01899db37339381ae65e9b32df4f7fe094489fc3973790f73
2026-10-09T02:58:16.9144429Z Artifact download completed successfully.
2026-10-09T02:58:16.9146524Z SHA256 digest of downloaded artifact is a828b75ac08249d4cd888d8a14185684b7902842a4afad859a7cee57d507f23b
2026-10-09T02:58:16.9148445Z Artifact download completed successfully.
2026-10-09T02:58:16.9286966Z SHA256 digest of downloaded artifact is f9709600c728281e9b1f81d0f50c0c6b2e844a497603a449a697d90f759bf6e9
2026-10-09T02:58:16.9288053Z Artifact download completed successfully.
2026-10-09T02:58:16.9507035Z SHA256 digest of downloaded artifact is 83ffc0a9fbb2c8d4acac780ee427022e5999f2bf89734b539342e03ba602e174
2026-10-09T02:58:16.9509242Z Artifact download completed successfully.
2026-10-09T02:58:16.9729522Z SHA256 digest of downloaded artifact is 47953cf9b9a630f4b3b2e82dbae632f19c978403198aebb7595489573af37d9e
2026-10-09T02:58:16.9730756Z Artifact download completed successfully.
2026-10-09T02:58:16.9892831Z SHA256 digest of downloaded artifact is b3ea19fa9254adaa4128616eaad557b3e55a36de3ab1563216e96ebd63623d44
2026-10-09T02:58:16.9893929Z Artifact download completed successfully.
2026-10-09T02:58:16.9894560Z Total of 8 artifact(s) downloaded
2026-10-09T02:58:16.9900316Z Download artifact has finished successfully
2026-10-09T02:58:17.0071506Z ##[group]Run python3 scripts/p8_cold_build.py \
2026-10-09T02:58:17.0072022Z [36;1mpython3 scripts/p8_cold_build.py \[0m
2026-10-09T02:58:17.0072483Z [36;1m  --collect-cells "$RUNNER_TEMP/p8-platform-cells" \[0m
2026-10-09T02:58:17.0072923Z [36;1m  --expected-commit "$EXACT_SOURCE" \[0m
2026-10-09T02:58:17.0073350Z [36;1m  --output-dir "$RUNNER_TEMP/p8-platform-complete"[0m
2026-10-09T02:58:17.0333625Z shell: /usr/bin/bash -e {0}
2026-10-09T02:58:17.0334140Z env:
2026-10-09T02:58:17.0334494Z   CARGO_TERM_COLOR: never
2026-10-09T02:58:17.0334831Z   CARGO_INCREMENTAL: 0
2026-10-09T02:58:17.0335182Z   PYTHONDONTWRITEBYTECODE: 1
2026-10-09T02:58:17.0335602Z   EXACT_SOURCE: a23bb72d3c954f385b99fe81ce9189885c208557
2026-10-09T02:58:17.0336023Z ##[endgroup]
2026-10-09T02:58:18.0592903Z {"status": "passed", "exit_code": 0, "counts": {"passed": 8, "failed": 0, "not_run": 0}}
2026-10-09T02:58:18.0744723Z ##[group]Run actions/upload-artifact@v4
2026-10-09T02:58:18.0745101Z with:
2026-10-09T02:58:18.0745488Z   name: p8-platform-complete-a23bb72d3c954f385b99fe81ce9189885c208557
2026-10-09T02:58:18.0746007Z   path: /home/runner/work/_temp/p8-platform-complete
2026-10-09T02:58:18.0746384Z   if-no-files-found: error
2026-10-09T02:58:18.0746673Z   compression-level: 6
2026-10-09T02:58:18.0746943Z   overwrite: false
2026-10-09T02:58:18.0747208Z   include-hidden-files: false
2026-10-09T02:58:18.0747494Z env:
2026-10-09T02:58:18.0747724Z   CARGO_TERM_COLOR: never
2026-10-09T02:58:18.0748004Z   CARGO_INCREMENTAL: 0
2026-10-09T02:58:18.0748286Z   PYTHONDONTWRITEBYTECODE: 1
2026-10-09T02:58:18.0748577Z ##[endgroup]
2026-10-09T02:58:18.2354355Z (node:2492) [DEP0040] DeprecationWarning: The `punycode` module is deprecated. Please use a userland alternative instead.
2026-10-09T02:58:18.2355282Z (Use `node --trace-deprecation ...` to show where the warning was created)
2026-10-09T02:58:18.2403669Z With the provided path, there will be 1 file uploaded
2026-10-09T02:58:18.2409348Z Artifact name is valid!
2026-10-09T02:58:18.2410059Z Root directory input is valid!
2026-10-09T02:58:18.5398433Z Beginning upload of artifact content to blob storage
2026-10-09T02:58:18.5580758Z (node:2492) [DEP0169] DeprecationWarning: `url.parse()` behavior is not standardized and prone to errors that have security implications. Use the WHATWG URL API instead. CVEs are not issued for `url.parse()` vulnerabilities.
2026-10-09T02:58:18.7568529Z Uploaded bytes 1504
2026-10-09T02:58:18.8142685Z Finished uploading artifact content to blob storage!
2026-10-09T02:58:18.8143610Z SHA256 digest of uploaded artifact zip is 28a2590190645f2e923926097092d6008e3a8c7014dc78b3b832fb6608712700
2026-10-09T02:58:18.8145684Z Finalizing artifact upload
2026-10-09T02:58:19.0331910Z Artifact p8-platform-complete-a23bb72d3c954f385b99fe81ce9189885c208557.zip successfully finalized. Artifact ID 11592498371
2026-10-09T02:58:19.0333828Z Artifact p8-platform-complete-a23bb72d3c954f385b99fe81ce9189885c208557 has been successfully uploaded! Final size is 1504 bytes. Artifact ID is 11592498371
2026-10-09T02:58:19.0337352Z Artifact download URL: https://github.com/jyqj/codecortex/actions/runs/37871838952/artifacts/11592498371
2026-10-09T02:58:19.0537111Z Post job cleanup.
2026-10-09T02:58:19.1372310Z [command]/usr/bin/git version
2026-10-09T02:58:19.1408048Z git version 2.55.0
2026-10-09T02:58:19.1445035Z Temporarily overriding HOME='/home/runner/work/_temp/b0d97b89-05b6-4893-98b8-5294894bbe46' before making global git config changes
2026-10-09T02:58:19.1446482Z Adding repository directory to the temporary git global config as a safe directory
2026-10-09T02:58:19.1449671Z [command]/usr/bin/git config --global --add safe.directory /home/runner/work/codecortex/codecortex
2026-10-09T02:58:19.1484964Z [command]/usr/bin/git config --local --name-only --get-regexp core\.sshCommand
2026-10-09T02:58:19.1517499Z [command]/usr/bin/git submodule foreach --recursive sh -c "git config --local --name-only --get-regexp 'core\.sshCommand' && git config --local --unset-all 'core.sshCommand' || :"
2026-10-09T02:58:19.1767757Z [command]/usr/bin/git config --local --name-only --get-regexp http\.https\:\/\/github\.com\/\.extraheader
2026-10-09T02:58:19.1795651Z http.https://github.com/.extraheader
2026-10-09T02:58:19.1809322Z [command]/usr/bin/git config --local --unset-all http.https://github.com/.extraheader
2026-10-09T02:58:19.1844187Z [command]/usr/bin/git submodule foreach --recursive sh -c "git config --local --name-only --get-regexp 'http\.https\:\/\/github\.com\/\.extraheader' && git config --local --unset-all 'http.https://github.com/.extraheader' || :"
2026-10-09T02:58:19.2100792Z [command]/usr/bin/git config --local --name-only --get-regexp ^includeIf\.gitdir:
2026-10-09T02:58:19.2132844Z [command]/usr/bin/git submodule foreach --recursive git config --local --show-origin --name-only --get-regexp remote.origin.url
2026-10-09T02:58:19.2531661Z Cleaning up orphan processes
2026-10-09T02:58:19.2809933Z ##[warning]Node.js 20 is deprecated. The following actions target Node.js 20 but are being forced to run on Node.js 24: actions/checkout@v4, actions/download-artifact@v4, actions/upload-artifact@v4. For more information see: https://github.blog/changelog/2025-09-19-deprecation-of-node-20-on-github-actions-runners/
