   Compiling libc v0.2.183
   Compiling shlex v1.3.0
   Compiling find-msvc-tools v0.1.9
   Compiling proc-macro2 v1.0.106
   Compiling unicode-ident v1.0.24
   Compiling quote v1.0.45
   Compiling jobserver v0.1.34
   Compiling cc v1.2.58
   Compiling syn v2.0.117
    Checking cfg-if v1.0.4
    Checking memchr v2.8.0
    Checking log v0.4.29
   Compiling serde_core v1.0.228
    Checking pin-project-lite v0.2.17
    Checking smallvec v1.15.1
   Compiling serde v1.0.228
   Compiling pkg-config v0.3.32
   Compiling parking_lot_core v0.9.12
   Compiling serde_derive v1.0.228
    Checking equivalent v1.0.2
   Compiling zmij v1.0.21
    Checking bitflags v2.11.0
    Checking scopeguard v1.2.0
    Checking lock_api v0.4.14
    Checking once_cell v1.21.4
    Checking parking_lot v0.12.5
    Checking aho-corasick v1.1.4
    Checking regex-syntax v0.8.10
    Checking regex-automata v0.4.14
    Checking tracing-core v0.1.36
    Checking cpufeatures v0.3.0
   Compiling tracing-attributes v0.1.31
    Checking rand_core v0.10.0
   Compiling serde_json v1.0.149
   Compiling autocfg v1.5.0
   Compiling getrandom v0.4.2
   Compiling num-traits v0.2.19
    Checking tracing v0.1.44
   Compiling zstd-sys v2.0.16+zstd.1.5.7
    Checking foldhash v0.2.0
    Checking itoa v1.0.18
   Compiling thiserror v2.0.18
   Compiling vcpkg v0.2.15
    Checking allocator-api2 v0.2.21
    Checking hashbrown v0.17.1
   Compiling libsqlite3-sys v0.38.1
   Compiling thiserror-impl v2.0.18
   Compiling blake3 v1.8.4
    Checking chacha20 v0.10.2
   Compiling zstd-safe v7.2.4
    Checking arrayvec v0.7.6
    Checking constant_time_eq v0.4.2
    Checking arrayref v0.3.9
    Checking iana-time-zone v0.1.65
    Checking chrono v0.4.44
    Checking rand v0.10.3
    Checking hashlink v0.12.1
    Checking regex v1.12.3
    Checking scheduled-thread-pool v0.2.7
    Checking fallible-streaming-iterator v0.1.9
    Checking fallible-iterator v0.3.0
    Checking r2d2 v0.8.10
    Checking uuid v1.23.0
    Checking rusqlite v0.40.1
    Checking cc-model v1.0.0 (/home/runner/work/codecortex/codecortex/crates/cc-model)
    Checking r2d2_sqlite v0.35.0
    Checking zstd v0.13.3
   Compiling rustix v1.1.4
    Checking linux-raw-sys v0.12.1
   Compiling tree-sitter-language v0.1.7
    Checking fastrand v2.3.0
    Checking tempfile v3.27.0
   Compiling crossbeam-utils v0.8.21
   Compiling crossbeam-epoch v0.9.20
    Checking hashbrown v0.16.1
    Checking indexmap v2.13.0
    Checking crossbeam-deque v0.8.6
   Compiling rayon-core v1.13.0
   Compiling tree-sitter-python v0.23.6
   Compiling tree-sitter-javascript v0.23.1
   Compiling tree-sitter-java v0.23.5
   Compiling tree-sitter-typescript v0.23.2
   Compiling tree-sitter-cpp v0.23.4
   Compiling tree-sitter-go v0.23.4
   Compiling tree-sitter v0.24.7
   Compiling tree-sitter-rust v0.23.3
   Compiling tree-sitter-c v0.23.4
    Checking same-file v1.0.6
    Checking walkdir v2.5.0
    Checking cc-db v1.0.0 (/home/runner/work/codecortex/codecortex/crates/cc-db)
    Checking serde_spanned v0.6.9
    Checking toml_datetime v0.6.11
    Checking bstr v1.12.1
    Checking streaming-iterator v0.1.9
    Checking either v1.15.0
    Checking winnow v0.7.15
    Checking toml_write v0.1.2
    Checking rayon v1.11.0
    Checking toml_edit v0.22.27
    Checking globset v0.4.18
    Checking lru v0.18.2
    Checking toml v0.8.23
    Checking cc-parsers v1.0.0 (/home/runner/work/codecortex/codecortex/crates/cc-parsers)
    Checking ignore v0.4.25
    Checking futures-core v0.3.32
    Checking mio v1.2.0
    Checking errno v0.3.14
    Checking futures-sink v0.3.32
    Checking futures-channel v0.3.32
    Checking signal-hook-registry v1.4.8
   Compiling tokio-macros v2.6.1
   Compiling futures-macro v0.3.32
    Checking cc-index v1.0.0 (/home/runner/work/codecortex/codecortex/crates/cc-index)
    Checking socket2 v0.6.3
    Checking bytes v1.11.1
    Checking slab v0.4.12
   Compiling version_check v0.9.5
    Checking futures-io v0.3.32
    Checking futures-task v0.3.32
    Checking futures-util v0.3.32
   Compiling generic-array v0.14.7
    Checking tokio v1.50.0
   Compiling ident_case v1.0.1
   Compiling cfg_aliases v0.2.1
   Compiling strsim v0.11.1
   Compiling darling_core v0.23.0
   Compiling nix v0.31.2
    Checking utf8parse v0.2.2
   Compiling ref-cast v1.0.25
   Compiling inotify-sys v0.1.8
    Checking typenum v1.20.1
    Checking anstyle-parse v1.0.0
   Compiling darling_macro v0.23.0
    Checking futures-executor v0.3.32
   Compiling ref-cast-impl v1.0.25
   Compiling serde_derive_internals v0.29.1
    Checking colorchoice v1.0.5
    Checking anstyle v1.0.14
    Checking anstyle-query v1.1.5
    Checking is_terminal_polyfill v1.70.2
    Checking anstream v1.0.0
   Compiling schemars_derive v1.2.1
    Checking futures v0.3.32
   Compiling darling v0.23.0
    Checking option-ext v0.2.0
    Checking dyn-clone v1.0.20
   Compiling heck v0.5.0
    Checking clap_lex v1.0.0
   Compiling rmcp v2.2.0
    Checking lazy_static v1.5.0
    Checking sharded-slab v0.1.7
    Checking process-wrap v9.1.0
    Checking clap_builder v4.6.0
   Compiling clap_derive v4.6.0
    Checking schemars v1.2.1
    Checking dirs-sys v0.4.1
    Checking inotify v0.11.5
   Compiling rmcp-macros v2.2.0
    Checking block-buffer v0.10.4
    Checking crypto-common v0.1.7
    Checking tokio-util v0.7.18
    Checking tokio-stream v0.1.18
    Checking matchers v0.2.0
    Checking tracing-log v0.2.0
    Checking notify-types v2.1.0
   Compiling async-trait v0.1.89
    Checking thread_local v1.1.9
    Checking base64 v0.22.1
    Checking nu-ansi-term v0.50.3
   Compiling pastey v0.2.1
    Checking tracing-subscriber v0.3.23
    Checking notify v8.2.0
    Checking digest v0.10.7
    Checking dirs v5.0.1
    Checking clap v4.6.0
    Checking cc-search v1.0.0 (/home/runner/work/codecortex/codecortex/crates/cc-search)
    Checking cpufeatures v0.2.17
    Checking sha2 v0.10.9
    Checking cc-server v1.0.0 (/home/runner/work/codecortex/codecortex/crates/cc-server)
error[E0282]: type annotations needed
   --> crates/cc-index/tests/snapshot_leaf_batching.rs:149:10
    |
149 |         .collect::<rusqlite::Result<_>>()
    |          ^^^^^^^ cannot infer type of the type parameter `B` declared on the method `collect`
    |
help: consider specifying the generic argument
    |
149 -         .collect::<rusqlite::Result<_>>()
149 +         .collect::<Vec<_>>()
    |

For more information about this error, try `rustc --explain E0282`.
error: could not compile `cc-index` (test "snapshot_leaf_batching") due to 1 previous error
warning: build failed, waiting for other jobs to finish...
