   Compiling cc-parsers v1.0.0 (/workspace/codecortex/crates/cc-parsers)
   Compiling cc-index v1.0.0 (/workspace/codecortex/crates/cc-index)
    Finished `test` profile [unoptimized + debuginfo] target(s) in 3.07s
     Running tests/independent_qname_parser_public.rs (/workspace/scratch/python-kind/target/debug/deps/independent_qname_parser_public-34071c4f9f7197e4)

running 4 tests
test nearest_declaration_and_conditional_classes_preserve_native_scope ... ok
test decorated_classes_are_class_declarations_not_function_or_method ... ok
test unicode_crlf_decorator_is_single_wrapper_and_body_call_owner ... ok
test malformed_and_missing_proofs_omit_identity ... ok

test result: ok. 4 passed; 0 failed; 0 ignored; 0 measured; 0 filtered out; finished in 0.03s

     Running tests/python_declaration_identity.rs (/workspace/scratch/python-kind/target/debug/deps/python_declaration_identity-61282226684dd101)

running 2 tests
test classes_keep_canonical_envelopes_members_uids_and_lexical_parents ... ok
test decorated_class_members_are_not_lost_in_small_or_split_chunks ... ok

test result: ok. 2 passed; 0 failed; 0 ignored; 0 measured; 0 filtered out; finished in 0.04s

     Running tests/qname_identity_proof.rs (/workspace/scratch/python-kind/target/debug/deps/qname_identity_proof-945b041ff9d9cc4f)

running 4 tests
test association_requires_unique_exact_complete_source_and_matching_existing_labels ... ok
test decorated_body_call_owners_use_the_same_canonical_parser_identity ... ok
test parser_lexical_qnames_distinguish_function_locals_class_methods_and_async_decorated_scopes ... ok
test same_name_neighbor_owner_cannot_authorize_a_disjoint_body_chunk ... ok

test result: ok. 4 passed; 0 failed; 0 ignored; 0 measured; 0 filtered out; finished in 0.04s

     Running tests/qname_owner_diagnostic.rs (/workspace/scratch/python-kind/target/debug/deps/qname_owner_diagnostic-13f223c8c990d43a)

running 3 tests
test go_long_method_fragments_have_exact_method_owner_not_neighbor_or_type ... ok
test python_nested_symbol_preserves_lexical_function_scope ... ok
test python_exact_owner_coordinates_distinguish_classes_and_decorated_declarations ... ok

test result: ok. 3 passed; 0 failed; 0 ignored; 0 measured; 0 filtered out; finished in 0.04s

