 Downloading crates ...
  Downloaded allocator-api2 v0.2.21
  Downloaded crossbeam-deque v0.8.6
  Downloaded chacha20 v0.10.2
  Downloaded fallible-iterator v0.3.0
  Downloaded crossbeam-epoch v0.9.20
  Downloaded crossbeam-utils v0.8.21
  Downloaded autocfg v1.5.0
  Downloaded equivalent v1.0.2
  Downloaded either v1.15.0
  Downloaded globset v0.4.18
  Downloaded hashbrown v0.17.1
  Downloaded foldhash v0.2.0
  Downloaded fallible-streaming-iterator v0.1.9
  Downloaded chrono v0.4.44
  Downloaded bstr v1.12.1
  Downloaded hashbrown v0.16.1
  Downloaded hashlink v0.12.1
  Downloaded iana-time-zone v0.1.65
  Downloaded jobserver v0.1.34
  Downloaded indexmap v2.13.0
  Downloaded ignore v0.4.25
  Downloaded lock_api v0.4.14
  Downloaded num-traits v0.2.19
  Downloaded log v0.4.29
  Downloaded pkg-config v0.3.32
  Downloaded parking_lot_core v0.9.12
  Downloaded lru v0.18.2
  Downloaded parking_lot v0.12.5
  Downloaded r2d2 v0.8.10
  Downloaded r2d2_sqlite v0.35.0
  Downloaded rayon-core v1.13.0
  Downloaded same-file v1.0.6
  Downloaded rand_core v0.10.0
  Downloaded rusqlite v0.40.1
  Downloaded rand v0.10.3
  Downloaded rayon v1.11.0
  Downloaded scopeguard v1.2.0
  Downloaded scheduled-thread-pool v0.2.7
  Downloaded serde_spanned v0.6.9
  Downloaded toml_edit v0.22.27
  Downloaded toml_write v0.1.2
  Downloaded uuid v1.23.0
  Downloaded toml_datetime v0.6.11
  Downloaded smallvec v1.15.1
  Downloaded toml v0.8.23
  Downloaded vcpkg v0.2.15
  Downloaded zstd-safe v7.2.4
  Downloaded zstd v0.13.3
  Downloaded walkdir v2.5.0
  Downloaded libsqlite3-sys v0.38.1
  Downloaded winnow v0.7.15
  Downloaded zstd-sys v2.0.16+zstd.1.5.7
   Compiling jobserver v0.1.34
   Compiling pkg-config v0.3.32
   Compiling memchr v2.8.0
   Compiling equivalent v1.0.2
   Compiling smallvec v1.15.1
   Compiling cc v1.2.58
   Compiling rand_core v0.10.0
   Compiling aho-corasick v1.1.4
   Compiling parking_lot_core v0.9.12
   Compiling crossbeam-utils v0.8.21
   Compiling getrandom v0.4.2
   Compiling scopeguard v1.2.0
   Compiling allocator-api2 v0.2.21
   Compiling crossbeam-epoch v0.9.20
   Compiling vcpkg v0.2.15
   Compiling foldhash v0.2.0
   Compiling hashbrown v0.17.1
   Compiling regex-automata v0.4.14
   Compiling zstd-sys v2.0.16+zstd.1.5.7
   Compiling libsqlite3-sys v0.38.1
   Compiling blake3 v1.8.4
   Compiling lock_api v0.4.14
   Compiling autocfg v1.5.0
   Compiling log v0.4.29
   Compiling num-traits v0.2.19
   Compiling parking_lot v0.12.5
   Compiling chacha20 v0.10.2
   Compiling zstd-safe v7.2.4
   Compiling serde_json v1.0.149
   Compiling rand v0.10.3
   Compiling scheduled-thread-pool v0.2.7
   Compiling crossbeam-deque v0.8.6
   Compiling regex v1.12.3
   Compiling hashlink v0.12.1
   Compiling tree-sitter-go v0.23.4
   Compiling tree-sitter v0.24.7
   Compiling tree-sitter-javascript v0.23.1
   Compiling tree-sitter-python v0.23.6
   Compiling tree-sitter-cpp v0.23.4
   Compiling tree-sitter-c v0.23.4
   Compiling tree-sitter-rust v0.23.3
   Compiling tree-sitter-typescript v0.23.2
   Compiling tree-sitter-java v0.23.5
   Compiling hashbrown v0.16.1
   Compiling fallible-streaming-iterator v0.1.9
   Compiling rayon-core v1.13.0
   Compiling fallible-iterator v0.3.0
   Compiling indexmap v2.13.0
   Compiling rusqlite v0.40.1
   Compiling r2d2 v0.8.10
   Compiling uuid v1.23.0
   Compiling cc-model v1.0.0 (/workspace/codecortex/crates/cc-model)
   Compiling bstr v1.12.1
   Compiling toml_datetime v0.6.11
   Compiling serde_spanned v0.6.9
   Compiling iana-time-zone v0.1.65
   Compiling same-file v1.0.6
   Compiling toml_write v0.1.2
   Compiling winnow v0.7.15
   Compiling walkdir v2.5.0
   Compiling chrono v0.4.44
   Compiling toml_edit v0.22.27
   Compiling zstd v0.13.3
   Compiling globset v0.4.18
   Compiling r2d2_sqlite v0.35.0
   Compiling either v1.15.0
   Compiling ignore v0.4.25
   Compiling rayon v1.11.0
   Compiling toml v0.8.23
   Compiling lru v0.18.2
   Compiling tempfile v3.27.0
   Compiling cc-parsers v1.0.0 (/workspace/codecortex/crates/cc-parsers)
   Compiling cc-db v1.0.0 (/workspace/codecortex/crates/cc-db)
   Compiling cc-index v1.0.0 (/workspace/codecortex/crates/cc-index)
    Finished `test` profile [unoptimized + debuginfo] target(s) in 37.79s
     Running tests/independent_qname_parser_public.rs (/workspace/scratch/python-kind/target/debug/deps/independent_qname_parser_public-34071c4f9f7197e4)

running 4 tests
test nearest_declaration_and_conditional_classes_preserve_native_scope ... ok
test decorated_classes_are_class_declarations_not_function_or_method ... ok
test unicode_crlf_decorator_is_single_wrapper_and_body_call_owner ... ok
test malformed_and_missing_proofs_omit_identity ... ok

test result: ok. 4 passed; 0 failed; 0 ignored; 0 measured; 0 filtered out; finished in 0.03s

