   Compiling cc-parsers v1.0.0 (/workspace/codecortex/crates/cc-parsers)
    Finished `test` profile [unoptimized + debuginfo] target(s) in 3.52s
     Running unittests src/lib.rs (/workspace/scratch/python-kind/target/debug/deps/cc_parsers-16ac3129f9ecec15)

running 184 tests
test broker_patterns::tests::match_celery_import ... ok
test broker_patterns::tests::match_broker_object_kafka ... ok
test broker_patterns::tests::match_aws_sqs_import ... ok
test broker_patterns::tests::match_kafka_import ... ok
test broker_patterns::tests::match_pubsub_import ... ok
test broker_patterns::tests::match_rabbitmq_via_pika ... ok
test broker_patterns::tests::match_rq_precise_patterns ... ok
test broker_patterns::tests::match_temporal_import ... ok
test broker_patterns::tests::method_kind_bullmq ... ok
test broker_patterns::tests::method_kind_python_broker ... ok
test broker_patterns::tests::method_kinds ... ok
test broker_patterns::tests::no_match_for_http_library ... ok
test broker_patterns::tests::no_match_channel_false_positives ... ok
test broker_patterns::tests::no_match_generic_client ... ok
test broker_patterns::tests::no_match_rq_false_positives ... ok
test c_cpp::tests::parse_c_function_params ... ok
test c_cpp::tests::parse_call_dispatch_kinds ... ok
test c_cpp::tests::parse_c_function_pointer_member_call ... ok
test c_cpp::tests::parse_cpp_arrow_method_call ... ok
test c_cpp::tests::parse_cpp_method_in_class ... ok
test c_cpp::tests::parse_cpp_qualified_call_name ... ok
test c_cpp::tests::parse_cpp_new_expression_constructor ... ok
test c_cpp::tests::parse_cpp_template_call_strips_args ... ok
test chunker::tests::chunk_by_lines_basic ... ok
test chunker::tests::chunk_ids_stable ... ok
test dataflow_common::tests::find_enclosing_symbol_picks_innermost ... ok
test c_cpp::tests::parse_emits_param_pass_and_return_flow ... ok
test dataflow_common::tests::find_enclosing_symbol_skips_non_callable_and_misses ... ok
test generic::tests::generic_parse_produces_chunks ... ok
test c_cpp::tests::parse_simple_c ... ok
test c_cpp::tests::parse_simple_cpp ... ok
test go::tests::extract_outbound_http_calls ... ok
test go::tests::nested_call_identity_distinguishes_repeated_selector_tokens ... ok
test go::tests::nested_call_identity_multiline_unicode_byte_spans ... ok
test go::tests::parse_call_dispatch_kinds ... ok
test go::tests::parse_echo_route_edges ... ok
test go::tests::nested_call_identity_generic_receiver_and_method_controls ... ok
test go::tests::nested_call_identity_preserves_argument_calls_and_direct_ids ... ok
test go::tests::parse_imports ... ok
test go::tests::parse_method_receiver ... ok
test go::tests::parse_gin_route_edges ... ok
test go::tests::parse_struct_embedded_field ... ok
test go::tests::parse_net_http_route_edges ... ok
test http_call_helpers::tests::test_infer_http_method ... ok
test http_call_helpers::tests::test_is_http_client_object ... ok
test http_call_helpers::tests::test_is_standalone_http_call ... ok
test http_call_helpers::tests::test_looks_like_url_or_path ... ok
test http_call_helpers::tests::test_normalize_template_js ... ok
test http_call_helpers::tests::test_normalize_template_python ... ok
test http_call_helpers::tests::test_strip_string_delimiters ... ok
test import_common::tests::last_segment_splits_on_separator ... ok
test import_common::tests::make_import_sets_constant_tail ... ok
test go::tests::parse_simple_go ... ok
test go::tests::test_go_env_access_lookupenv ... ok
test go::tests::test_go_env_access_getenv ... ok
test java::tests::parse_annotations ... ok
test java::tests::parse_call_dispatch_kinds ... ok
test java::tests::parse_class_with_extends_and_implements ... ok
test java::tests::parse_enum_and_interface ... ok
test java::tests::extract_throw_edges_java ... ok
test java::tests::parse_imports ... ok
test java::tests::extract_outbound_http_calls ... ok
test java::tests::parse_method_details ... ok
test java::tests::parser_tier_is_tree_sitter ... ok
test java::tests::parse_constructor_calls ... ok
test java::tests::parse_simple_java ... ok
test java::tests::test_java_env_access_getproperty ... ok
test java::tests::test_java_env_access_getenv ... ok
test jsts::tests::classify_literal_priority ... ok
test jsts::tests::classify_literal_topic ... ok
test jsts::tests::classify_literal_env_key ... ok
test jsts::tests::classify_literal_queue ... ok
test jsts::tests::classify_literal_config_key ... ok
test jsts::tests::detect_nextjs_route ... ok
test jsts::tests::extract_bullmq_broker_call ... ok
test jsts::tests::extract_call_edges_with_dispatch_kind ... ok
test jsts::tests::extract_express_route ... ok
test jsts::tests::extract_fetch_default_get ... ok
test jsts::tests::extract_http_call_fetch ... ok
test jsts::tests::extract_http_call_axios ... ok
test jsts::tests::extract_fetch_post_method ... ok
test jsts::tests::extract_framework_roles ... ok
test jsts::tests::extract_http_call_template_string ... ok
test jsts::tests::http_call_not_misclassified_as_broker ... ok
test jsts::tests::literal_config_key_has_key_path ... ok
test jsts::tests::extract_literals ... ok
test jsts::tests::local_export_does_not_mark_unrelated_import_as_reexport ... ok
test jsts::tests::literal_enclosing_symbol_uid ... ok
test jsts::tests::no_false_positive_console_log ... ok
test jsts::tests::parse_typescript_arrow ... ok
test jsts::tests::parse_simple_js ... ok
test jsts::tests::pending_exports_applied ... ok
test jsts::tests::extract_kafka_broker_call ... ok
test jsts::tests::test_event_dispatch_variants ... ok
test jsts::tests::test_event_emitter_dispatch_sites ... ok
test jsts::tests::test_jsx_member_expression_tag ... ok
test jsts::tests::test_class_set_state_dispatch_sites ... ok
test jsts::tests::test_event_listener_variants ... ok
test jsts::tests::two_step_forwarding_export_default_of_imported_binding_marks_reexport ... ok
test jsts::tests::test_jsx_tag_dispatch_sites ... ok
test jsts::tests::two_step_forwarding_marks_import_as_reexport ... ok
test lang_spec::tests::spec_lookup_by_extension ... ok
test lang_spec::tests::all_specs_returns_expected_count ... ok
test jsts::tests::test_use_state_setter_dispatch_sites ... ok
test jsts::tests::two_step_forwarding_with_import_alias_marks_reexport ... ok
test lang_spec::tests::specs_have_required_fields ... ok
test lang_spec::tests::specs_have_correct_languages ... ok
test python::tests::extract_celery_broker_call ... ok
test python::tests::extract_django_urlpatterns ... ok
test python::tests::extract_fastapi_routes ... ok
test python::tests::extract_flask_route ... ok
test python::tests::extract_http_call_httpx_request ... ok
test python::tests::extract_http_call_httpx_post ... ok
test python::tests::extract_http_call_requests ... ok
test python::tests::extract_imports_detailed ... ok
test python::tests::extract_http_call_requests_request ... ok
test python::tests::extract_param_types_classmethod_cls ... ok
test python::tests::extract_param_types_no_annotations ... ok
test python::tests::extract_param_types_no_params ... ok
test python::tests::extract_param_types_method_with_self ... ok
test python::tests::extract_param_types_generic_annotations ... ok
test python::tests::extract_param_types_typed_function ... ok
test python::tests::extract_param_types_skip_args_kwargs ... ok
test python::tests::extract_rabbitmq_broker_call ... ok
test python::tests::extract_param_types_with_defaults ... ok
test python::tests::extract_raise_diagnostics ... ok
test python::tests::extract_param_types_tuple_return ... ok
test python::tests::function_extractor_rejects_class_nodes_and_wrappers ... ok
test python::tests::extract_throw_edges_python ... ok
test python::tests::function_signature_includes_return_type ... ok
test python::tests::no_false_positive_dict_get ... ok
test python::tests::split_respecting_brackets_basic ... ok
test python::tests::extract_semantic_edges_inherits ... ok
test python::tests::parse_simple_python ... ok
test python::tests::symbol_uids_are_stable ... ok
test python::tests::test_django_signal_dispatch_sites ... ok
test parse_common::p4a_chunking_reuses_one_language_parse ... ok
test python::tests::test_pyee_event_emitter_dispatch_sites ... ok
test rust::tests::parse_call_edges ... ok
test rust::tests::parse_async_fn ... ok
test rust::tests::parse_call_edges_cross_function ... ok
test rust::tests::parse_calls_ignore_strings_and_comments ... ok
test rust::tests::extract_outbound_http_calls ... ok
test rust::tests::parse_const_and_static ... ok
test rust::tests::parse_complex_use_tree ... ok
test rust::tests::parse_empty_file ... ok
test rust::tests::parse_derive_macros ... ok
test rust::tests::parse_enum_definition ... ok
test rust::tests::parse_emits_param_pass_and_return_flow ... ok
test rust::tests::parse_generic_function ... ok
test rust::tests::parse_macro_call_edges ... ok
test rust::tests::parse_env_var_access ... ok
test rust::tests::parse_method_call_receiver ... ok
test rust::tests::parse_impl_block_and_trait_definition ... ok
test rust::tests::parse_module_and_use_statements ... ok
test rust::tests::parse_parser_tier_and_confidence ... ok
test rust::tests::parse_method_receiver_types ... ok
test rust::tests::parse_return_type_extraction ... ok
test rust::tests::parse_path_and_turbofish_calls ... ok
test rust::tests::parse_nested_impl_methods ... ok
test rust::tests::parse_semantic_edges_impl_trait ... ok
test rust::tests::parse_summary_format ... ok
test rust::tests::parse_multiple_impls_for_same_struct ... ok
test rust::tests::parse_supported_languages ... ok
test rust::tests::parse_semantic_edges_impl_trait_with_generics ... ok
test rust::tests::parse_unresolved_call_edges ... ok
test rust::tests::parse_simple_rust ... ok
test rust::tests::parse_with_timeout_works ... ok
test rust::tests::parse_test_file_detection ... ok
test rust::tests::pub_use_is_extracted_as_reexport_with_clean_import_string ... ok
test spec_driven::tests::kotlin_extracts_class_and_fun ... ok
test spec_driven::tests::lua_emits_intra_file_call_edge ... ok
test spec_driven::tests::csharp_emits_intra_file_call_edge ... ok
test spec_driven::tests::csharp_extracts_class_and_method ... ok
test spec_driven::tests::lua_extracts_functions ... ok
test spec_driven::tests::dart_extracts_class_and_function ... ok
test spec_driven::tests::no_call_edge_for_control_flow_keywords ... ok
test spec_driven::tests::ruby_emits_intra_file_call_edge ... ok
test spec_driven::tests::ruby_extracts_class_and_def ... ok
test spec_driven::tests::spec_driven_produces_chunks ... ok
test spec_driven::tests::php_extracts_class_and_function ... ok
test spec_driven::tests::spec_driven_empty_content ... ok
test spec_driven::tests::swift_extracts_class_and_func ... ok
test spec_driven::tests::scala_extracts_object_and_def ... ok

test result: ok. 184 passed; 0 failed; 0 ignored; 0 measured; 0 filtered out; finished in 0.23s

     Running tests/declaration_boundary_hints.rs (/workspace/scratch/python-kind/target/debug/deps/declaration_boundary_hints-d1327f65c6e41e08)

running 2 tests
test wrong_wrapper_and_inner_hints_cannot_reclassify_python_declarations ... ok
test boundary_guard_preserves_other_languages_native_declaration_kinds ... ok

test result: ok. 2 passed; 0 failed; 0 ignored; 0 measured; 0 filtered out; finished in 0.09s

     Running tests/jsts_call_truth.rs (/workspace/scratch/python-kind/target/debug/deps/jsts_call_truth-7eeea8b4e34741e6)

running 4 tests
test template_substitution_and_await_arguments_keep_real_calls ... ok
test real_calls_are_preserved_without_duplicate_member_leaf_calls ... ok
test nested_and_dynamic_calls_have_real_owners_and_distinct_positions ... ok
test declarations_comments_and_string_bodies_cannot_create_jsts_calls ... ok

test result: ok. 4 passed; 0 failed; 0 ignored; 0 measured; 0 filtered out; finished in 0.03s

     Running tests/p2b_go_surface.rs (/workspace/scratch/python-kind/target/debug/deps/p2b_go_surface-9c89ab82456962cf)

running 5 tests
test go_unmodeled_conditions_and_cgo_are_unknown ... ok
test go_declared_package_surface_is_known_and_body_independent ... ok
test go_types_methods_aliases_and_package_name_change_surface ... ok
test es_import_records_preserve_individual_binding_identity ... ok
test unsupported_surface_names_its_language_and_capability ... ok

test result: ok. 5 passed; 0 failed; 0 ignored; 0 measured; 0 filtered out; finished in 0.07s

     Running tests/p4a_source.rs (/workspace/scratch/python-kind/target/debug/deps/p4a_source-691265984af31c32)

running 14 tests
test consecutive_file_documentation_stays_one_evidence_unit ... ok
test line_fallback_rejects_zero_budget_and_is_total_for_multibyte_and_very_long_lines ... ok
test long_function_uses_statement_spans_and_retains_signature_coordinates ... ok
test detached_configuration_comment_is_not_attached_to_next_definition ... ok
test malformed_tree_coordinates_and_opaque_input_do_not_panic_or_fabricate_source ... ok
test original_crlf_unicode_and_final_newline_are_not_reconstructed ... ok
test arrow_signature_ends_at_the_body_not_at_end_of_implementation ... ok
test oversized_class_splits_on_methods_not_arbitrary_windows ... ok
test long_python_docstring_and_decorator_stay_with_the_signature ... ok
test same_line_symbols_and_multiline_literals_preserve_a_disjoint_union ... ok
test sfc_chunk_text_is_component_source_not_padded_script ... ok
test sfc_two_scripts_keep_original_offsets_after_non_ascii_template ... ok
test small_containers_preserve_member_and_parent_retrieval_identities ... ok
test all_tree_languages_export_owned_structure_without_changing_source ... ok

test result: ok. 14 passed; 0 failed; 0 ignored; 0 measured; 0 filtered out; finished in 0.06s

     Running tests/p4b_chunks.rs (/workspace/scratch/python-kind/target/debug/deps/p4b_chunks-12186d14a7d8ecc9)

running 6 tests
test duplicate_contained_and_crossing_spans_never_duplicate_or_omit_bytes ... ok
test malformed_syntax_is_explicit_partial_while_empty_source_is_empty ... ok
test adjacent_small_statements_are_not_individual_search_candidates ... ok
test independent_control_flow_units_are_not_coalesced_together ... ok
test nested_control_scopes_and_distinct_sibling_symbols_are_merge_barriers ... ok
test every_budget_bounds_head_gaps_symbols_tail_and_unicode_scalar_boundaries ... ok

test result: ok. 6 passed; 0 failed; 0 ignored; 0 measured; 0 filtered out; finished in 0.19s

     Running tests/public_surface.rs (/workspace/scratch/python-kind/target/debug/deps/public_surface-9c83bcfc974e9549)

running 19 tests
test dynamic_commonjs_cannot_masquerade_as_known_empty ... ok
test generic_legacy_and_sfc_are_unknown_not_empty ... ok
test computed_commonjs_keys_with_constant_values_are_unknown ... ok
test commonjs_static_object_and_forwarding ... ok
test local_type_dependencies_cannot_hide_interface_changes ... ok
test python_alias_and_star_forwarding_are_explicit ... ok
test dynamic_or_order_dependent_module_bindings_are_not_certified ... ok
test python_all_never_erases_explicit_private_bindings ... ok
test python_class_members_change_not_method_bodies ... ok
test python_module_bindings_defaults_and_local_body_exclusion ... ok
test restricted_rust_forwarding_is_not_reported_as_unrestricted ... ok
test rust_modules_forwarding_and_unknown_macros ... ok
test rust_signature_changes_but_private_and_public_bodies_do_not ... ok
test rust_lexical_visibility_domains_and_cfg_are_preserved ... ok
test typescript_named_default_type_exports_have_independent_names ... ok
test typescript_direct_and_two_step_forwarding ... ok
test rust_type_members_trait_and_impl_signatures_are_in_surface ... ok
test typescript_shapes_and_returns_vs_bodies ... ok
test surface_is_independent_of_thread_and_declaration_order ... ok

test result: ok. 19 passed; 0 failed; 0 ignored; 0 measured; 0 filtered out; finished in 0.10s

     Running tests/public_surface_edges.rs (/workspace/scratch/python-kind/target/debug/deps/public_surface_edges-ce6b6bb0b2dc41cd)

running 9 tests
test commonjs_detached_exports_alias_is_not_certified ... ok
test dynamic_default_parameter_is_not_skipped_with_function_body ... ok
test ambient_global_augmentation_is_not_known_empty ... ok
test exported_binding_mutability_changes_fingerprint ... ok
test p2a_closeout_es_computed_properties_are_not_certified ... ok
test rust_associated_const_functions_require_evaluation ... ok
test p2a_closeout_nested_rust_attributes_are_not_certified ... ok
test python_generator_shape_changes_without_hashing_ordinary_body ... ok
test python_all_requires_existing_static_sequence_bindings ... ok

test result: ok. 9 passed; 0 failed; 0 ignored; 0 measured; 0 filtered out; finished in 0.06s

     Running tests/python_call_truth.rs (/workspace/scratch/python-kind/target/debug/deps/python_call_truth-8c7d452f8e61a75f)

running 5 tests
test multiline_recursion_and_formatted_string_expressions_are_real_calls ... ok
test nested_body_is_not_duplicated_as_a_call_of_its_outer_function ... ok
test default_expression_belongs_to_outer_scope_and_dynamic_chains_have_unique_ids ... ok
test declarations_comments_and_strings_are_not_calls_or_references ... ok
test parameter_shadow_and_receiver_method_are_not_parser_exact_global_functions ... ok

test result: ok. 5 passed; 0 failed; 0 ignored; 0 measured; 0 filtered out; finished in 0.03s

