    Updating crates.io index
 Downloading crates ...
  Downloaded cfg-if v1.0.4
  Downloaded constant_time_eq v0.4.2
  Downloaded arrayref v0.3.9
  Downloaded arrayvec v0.7.6
  Downloaded getrandom v0.4.2
  Downloaded cpufeatures v0.3.0
  Downloaded errno v0.3.14
  Downloaded bitflags v2.11.0
  Downloaded blake3 v1.8.4
  Downloaded libc v0.2.183
  Downloaded find-msvc-tools v0.1.9
  Downloaded memchr v2.8.0
  Downloaded once_cell v1.21.4
  Downloaded pin-project-lite v0.2.17
  Downloaded regex-automata v0.4.14
  Downloaded quote v1.0.45
  Downloaded regex-syntax v0.8.10
  Downloaded rustix v1.1.4
  Downloaded regex v1.12.3
  Downloaded thiserror v2.0.18
  Downloaded serde_derive v1.0.228
  Downloaded serde_core v1.0.228
  Downloaded serde v1.0.228
  Downloaded itoa v1.0.18
  Downloaded tracing v0.1.44
  Downloaded serde_json v1.0.149
  Downloaded streaming-iterator v0.1.9
  Downloaded cc v1.2.58
  Downloaded aho-corasick v1.1.4
  Downloaded shlex v1.3.0
  Downloaded thiserror-impl v2.0.18
  Downloaded tracing-core v0.1.36
  Downloaded tracing-attributes v0.1.31
  Downloaded tempfile v3.27.0
  Downloaded fastrand v2.3.0
  Downloaded proc-macro2 v1.0.106
  Downloaded tree-sitter v0.24.7
  Downloaded tree-sitter-c v0.23.4
  Downloaded syn v2.0.117
  Downloaded tree-sitter-go v0.23.4
  Downloaded linux-raw-sys v0.12.1
  Downloaded tree-sitter-javascript v0.23.1
  Downloaded tree-sitter-language v0.1.7
  Downloaded tree-sitter-java v0.23.5
  Downloaded tree-sitter-cpp v0.23.4
  Downloaded zmij v1.0.21
  Downloaded unicode-ident v1.0.24
  Downloaded tree-sitter-rust v0.23.3
  Downloaded tree-sitter-python v0.23.6
  Downloaded tree-sitter-typescript v0.23.2
   Compiling shlex v1.3.0
   Compiling find-msvc-tools v0.1.9
   Compiling tree-sitter-language v0.1.7
   Compiling proc-macro2 v1.0.106
   Compiling cc v1.2.58
   Compiling quote v1.0.45
   Compiling unicode-ident v1.0.24
   Compiling memchr v2.8.0
   Compiling serde_core v1.0.228
   Compiling libc v0.2.183
   Compiling cfg-if v1.0.4
   Compiling zmij v1.0.21
   Compiling syn v2.0.117
   Compiling once_cell v1.21.4
   Compiling blake3 v1.8.4
   Compiling aho-corasick v1.1.4
   Compiling getrandom v0.4.2
   Compiling thiserror v2.0.18
   Compiling serde_json v1.0.149
   Compiling regex-syntax v0.8.10
   Compiling serde v1.0.228
   Compiling rustix v1.1.4
   Compiling tracing-core v0.1.36
   Compiling tree-sitter v0.24.7
   Compiling tree-sitter-c v0.23.4
   Compiling tree-sitter-java v0.23.5
   Compiling tree-sitter-python v0.23.6
   Compiling tree-sitter-go v0.23.4
   Compiling tree-sitter-javascript v0.23.1
   Compiling regex-automata v0.4.14
   Compiling tree-sitter-typescript v0.23.2
   Compiling tree-sitter-rust v0.23.3
   Compiling tree-sitter-cpp v0.23.4
   Compiling constant_time_eq v0.4.2
   Compiling bitflags v2.11.0
   Compiling arrayref v0.3.9
   Compiling itoa v1.0.18
   Compiling linux-raw-sys v0.12.1
   Compiling pin-project-lite v0.2.17
   Compiling cpufeatures v0.3.0
   Compiling arrayvec v0.7.6
   Compiling serde_derive v1.0.228
   Compiling tracing-attributes v0.1.31
   Compiling thiserror-impl v2.0.18
   Compiling tracing v0.1.44
   Compiling regex v1.12.3
   Compiling fastrand v2.3.0
   Compiling streaming-iterator v0.1.9
   Compiling tempfile v3.27.0
   Compiling cc-model v1.0.0 (/workspace/codecortex/crates/cc-model)
   Compiling cc-parsers v1.0.0 (/workspace/codecortex/crates/cc-parsers)
    Finished `test` profile [unoptimized + debuginfo] target(s) in 28.65s
     Running unittests src/lib.rs (/workspace/scratch/python-kind/target/debug/deps/cc_parsers-16ac3129f9ecec15)

running 29 tests
test python::tests::extract_celery_broker_call ... ok
test python::tests::extract_django_urlpatterns ... ok
test python::tests::extract_flask_route ... ok
test python::tests::extract_fastapi_routes ... ok
test python::tests::extract_http_call_httpx_request ... ok
test python::tests::extract_http_call_httpx_post ... ok
test python::tests::extract_http_call_requests ... ok
test python::tests::extract_http_call_requests_request ... ok
test python::tests::extract_imports_detailed ... ok
test python::tests::extract_param_types_no_annotations ... ok
test python::tests::extract_param_types_classmethod_cls ... ok
test python::tests::extract_param_types_method_with_self ... ok
test python::tests::extract_param_types_no_params ... ok
test python::tests::extract_param_types_skip_args_kwargs ... ok
test python::tests::extract_param_types_with_defaults ... ok
test python::tests::extract_param_types_typed_function ... ok
test python::tests::extract_param_types_generic_annotations ... ok
test python::tests::extract_rabbitmq_broker_call ... ok
test python::tests::extract_semantic_edges_inherits ... ok
test python::tests::extract_raise_diagnostics ... ok
test python::tests::extract_throw_edges_python ... ok
test python::tests::function_signature_includes_return_type ... ok
test python::tests::no_false_positive_dict_get ... ok
test python::tests::split_respecting_brackets_basic ... ok
test python::tests::extract_param_types_tuple_return ... ok
test python::tests::symbol_uids_are_stable ... ok
test python::tests::test_django_signal_dispatch_sites ... ok
test python::tests::parse_simple_python ... ok
test python::tests::test_pyee_event_emitter_dispatch_sites ... ok

test result: ok. 29 passed; 0 failed; 0 ignored; 0 measured; 154 filtered out; finished in 0.04s

