   Compiling serde_json v1.0.149
   Compiling rand v0.10.3
   Compiling rusqlite v0.40.1
   Compiling ignore v0.4.25
   Compiling uuid v1.23.0
   Compiling cc-model v1.0.0 (/workspace/codecortex/crates/cc-model)
   Compiling r2d2_sqlite v0.35.0
   Compiling inotify-sys v0.1.8
   Compiling schemars v1.2.1
   Compiling inotify v0.11.5
   Compiling notify-types v2.1.0
   Compiling notify v8.2.0
   Compiling typenum v1.20.1
   Compiling rmcp v2.2.0
   Compiling generic-array v0.14.7
   Compiling cpufeatures v0.2.17
   Compiling block-buffer v0.10.4
   Compiling crypto-common v0.1.7
   Compiling digest v0.10.7
   Compiling sha2 v0.10.9
   Compiling cc-db v1.0.0 (/workspace/codecortex/crates/cc-db)
   Compiling cc-parsers v1.0.0 (/workspace/codecortex/crates/cc-parsers)
   Compiling cc-search v1.0.0 (/workspace/codecortex/crates/cc-search)
   Compiling cc-index v1.0.0 (/workspace/codecortex/crates/cc-index)
   Compiling cc-semantic v1.0.0 (/workspace/codecortex/crates/cc-semantic)
   Compiling cc-server v1.0.0 (/workspace/codecortex/crates/cc-server)
   Compiling cc-eval v1.0.0 (/workspace/codecortex/crates/cc-eval)
    Finished `dev` profile [unoptimized + debuginfo] target(s) in 2m 13s
