artifacts/checkpoints/p8-next-ten-20261008/history/local-evidence-history.bundle is okay
The bundle contains these 22 refs:
1077f68e88dbbc22130dc1536ce1cf1003d0fcbb refs/p8-evidence/1077f68e88dbbc22130dc1536ce1cf1003d0fcbb
154eb4e277d6aca88f8b0135a0737d8efa7d6642 refs/p8-evidence/154eb4e277d6aca88f8b0135a0737d8efa7d6642
255d7e2ddfc51ea0f87c5863fdcd76504b980578 refs/p8-evidence/255d7e2ddfc51ea0f87c5863fdcd76504b980578
2812610c35c32e4c3537d871a76e7f11980a8b4f refs/p8-evidence/2812610c35c32e4c3537d871a76e7f11980a8b4f
2d060834de39cf19db67428ec4a2a84050f72b6d refs/p8-evidence/2d060834de39cf19db67428ec4a2a84050f72b6d
2da6fd281cb88042e26f34872dfe4d4c61ba7c4d refs/p8-evidence/2da6fd281cb88042e26f34872dfe4d4c61ba7c4d
2dc4ad6e7bbd03184cf58f17594b7e69431e3bab refs/p8-evidence/2dc4ad6e7bbd03184cf58f17594b7e69431e3bab
3f6cca74c1c9da16cd5eca818c1bce57659d1db0 refs/p8-evidence/3f6cca74c1c9da16cd5eca818c1bce57659d1db0
4cb201b66af2dc6d06b75e5c57a62401aac478a9 refs/p8-evidence/4cb201b66af2dc6d06b75e5c57a62401aac478a9
4ff6df76fcceab832d4fb6727480e8b4a002172f refs/p8-evidence/4ff6df76fcceab832d4fb6727480e8b4a002172f
538d3b3e7be8eedfc6185b6d42f2ccd752bfacba refs/p8-evidence/538d3b3e7be8eedfc6185b6d42f2ccd752bfacba
6031c09289b5575b773f992301fb761480f819e0 refs/p8-evidence/6031c09289b5575b773f992301fb761480f819e0
6149de92f6790b68eca38bb2b91e4c4de352a2e4 refs/p8-evidence/6149de92f6790b68eca38bb2b91e4c4de352a2e4
62883008a1271ac6e2af01e0ad53c83c58c9ae40 refs/p8-evidence/62883008a1271ac6e2af01e0ad53c83c58c9ae40
83dae5a6e12ccf9900971666948bc33a3b99115a refs/p8-evidence/83dae5a6e12ccf9900971666948bc33a3b99115a
8a7e5788585f3d5cdcc960a765a9b26e17e06d0d refs/p8-evidence/8a7e5788585f3d5cdcc960a765a9b26e17e06d0d
a9b6bac1e83f41352dca201a160420a652b787a2 refs/p8-evidence/a9b6bac1e83f41352dca201a160420a652b787a2
b69daccaf1d52899d5c963f085ede154782e9828 refs/p8-evidence/b69daccaf1d52899d5c963f085ede154782e9828
bfc89ce3a5f55ec6505d2801c888a10c7499140e refs/p8-evidence/bfc89ce3a5f55ec6505d2801c888a10c7499140e
c60760fe76723d962fed14a2092d178283f924e2 refs/p8-evidence/c60760fe76723d962fed14a2092d178283f924e2
dd5be5a06fb539ae5b5fb53e05b2d2bf265a4d1b refs/p8-evidence/dd5be5a06fb539ae5b5fb53e05b2d2bf265a4d1b
f99b2dc2cab7c34087c7735f25f5a1147224508e refs/p8-evidence/f99b2dc2cab7c34087c7735f25f5a1147224508e
The bundle requires these 2 refs:
eb7cdc55aa94c8d6865bed14fa37fff08080af33 
ae906513886bef4501d0a1d2ecffd68ef76c3f5d 
The bundle uses this hash algorithm: sha1
