   Compiling libc v0.2.183
   Compiling jobserver v0.1.34
   Compiling cc v1.2.58
   Compiling zstd-sys v2.0.16+zstd.1.5.7
    Checking memchr v2.8.0
   Compiling libsqlite3-sys v0.38.1
    Checking serde_core v1.0.228
    Checking parking_lot_core v0.9.12
    Checking parking_lot v0.12.5
    Checking getrandom v0.4.2
    Checking chacha20 v0.10.2
   Compiling blake3 v1.8.4
    Checking tracing-core v0.1.36
   Compiling zstd-safe v7.2.4
    Checking serde v1.0.228
    Checking rand v0.10.3
    Checking scheduled-thread-pool v0.2.7
    Checking aho-corasick v1.1.4
    Checking log v0.4.29
    Checking bitflags v2.11.0
    Checking rusqlite v0.40.1
    Checking tracing v0.1.44
    Checking r2d2 v0.8.10
    Checking serde_json v1.0.149
    Checking regex-automata v0.4.14
    Checking uuid v1.23.0
    Checking chrono v0.4.44
    Checking r2d2_sqlite v0.35.0
    Checking zstd v0.13.3
    Checking cc-model v1.0.0 (/workspace/codecortex/crates/cc-model)
    Checking regex v1.12.3
    Checking cc-db v1.0.0 (/workspace/codecortex/crates/cc-db)
    Checking cc-semantic v1.0.0 (/workspace/codecortex/crates/cc-semantic)
    Finished `dev` profile [unoptimized + debuginfo] target(s) in 32.07s
