2026-10-09T02:14:46.1389888Z Current runner version: '2.337.0'
2026-10-09T02:14:46.1424801Z ##[group]Runner Image Provisioner
2026-10-09T02:14:46.1426117Z Hosted Compute Agent
2026-10-09T02:14:46.1427040Z Version: 20261002.596
2026-10-09T02:14:46.1428115Z Commit: c3d12f3313a95f25162a1503be624f3b0617f8c0
2026-10-09T02:14:46.1429467Z Build Date: 2026-10-02T22:28:27Z
2026-10-09T02:14:46.1430787Z Worker ID: {1f72a918-1766-4c06-9be9-3ba5d132a300}
2026-10-09T02:14:46.1432196Z Region: eastus
2026-10-09T02:14:46.1433098Z Cloud: Azure
2026-10-09T02:14:46.1434482Z ##[endgroup]
2026-10-09T02:14:46.1436871Z ##[group]Operating System
2026-10-09T02:14:46.1437920Z Ubuntu
2026-10-09T02:14:46.1438808Z 24.04.5
2026-10-09T02:14:46.1439696Z LTS
2026-10-09T02:14:46.1440806Z ##[endgroup]
2026-10-09T02:14:46.1441756Z ##[group]Runner Image
2026-10-09T02:14:46.1442751Z Image: ubuntu-24.04
2026-10-09T02:14:46.1443825Z Version: 20261004.327.1
2026-10-09T02:14:46.1445941Z Included Software: https://github.com/actions/runner-images/blob/ubuntu24/20261004.327/images/ubuntu/Ubuntu2404-Readme.md
2026-10-09T02:14:46.1448695Z Image Release: https://github.com/actions/runner-images/releases/tag/ubuntu24%2F20261004.327
2026-10-09T02:14:46.1450795Z ##[endgroup]
2026-10-09T02:14:46.1452791Z ##[group]GITHUB_TOKEN Permissions
2026-10-09T02:14:46.1455734Z Actions: read
2026-10-09T02:14:46.1456832Z Contents: read
2026-10-09T02:14:46.1457788Z Metadata: read
2026-10-09T02:14:46.1458691Z ##[endgroup]
2026-10-09T02:14:46.1461916Z Secret source: Actions
2026-10-09T02:14:46.1463609Z Cache mode: write
2026-10-09T02:14:46.1464975Z Prepare workflow directory
2026-10-09T02:14:46.2022495Z Prepare all required actions
2026-10-09T02:14:46.2093402Z Getting action download info
2026-10-09T02:14:46.4092131Z Download action repository 'actions/checkout@v4' (SHA:11d5960a326750d5838078e36cf38b85af677262)
2026-10-09T02:14:46.5018278Z Download action repository 'actions/download-artifact@v4' (SHA:d3f86a106a0bac45b974a628896c90dbdf5c8093)
2026-10-09T02:14:46.6748986Z Download action repository 'actions/upload-artifact@v4' (SHA:ea165f8d65b6e75b540449e92b4886f43607fa02)
2026-10-09T02:14:46.8844558Z Complete job name: aggregate
2026-10-09T02:14:46.9510938Z ##[group]Run if [ "${GITHUB_RUN_ATTEMPT:-}" != "1" ]; then
2026-10-09T02:14:46.9511781Z [36;1mif [ "${GITHUB_RUN_ATTEMPT:-}" != "1" ]; then[0m
2026-10-09T02:14:46.9512557Z [36;1m  echo "A later attempt cannot replace this registered study."[0m
2026-10-09T02:14:46.9513258Z [36;1m  exit 2[0m
2026-10-09T02:14:46.9513679Z [36;1mfi[0m
2026-10-09T02:14:46.9777298Z shell: /usr/bin/bash -e {0}
2026-10-09T02:14:46.9778253Z env:
2026-10-09T02:14:46.9778774Z   CARGO_TERM_COLOR: never
2026-10-09T02:14:46.9779378Z   CARGO_INCREMENTAL: 0
2026-10-09T02:14:46.9779953Z   CARGO_BUILD_JOBS: 2
2026-10-09T02:14:46.9780703Z   PYTHONDONTWRITEBYTECODE: 1
2026-10-09T02:14:46.9781228Z   RUSTFLAGS: 
2026-10-09T02:14:46.9781656Z   RUSTC_WRAPPER: 
2026-10-09T02:14:46.9782116Z   RUSTC_WORKSPACE_WRAPPER: 
2026-10-09T02:14:46.9782944Z   P8_REGISTRATION_SHA256: 4a56e31e9838f0db1d83a3efd4a10d0a51f8b443dbce4413e68253881740eebc
2026-10-09T02:14:46.9783845Z ##[endgroup]
2026-10-09T02:14:47.0163313Z ##[group]Run actions/checkout@v4
2026-10-09T02:14:47.0163897Z with:
2026-10-09T02:14:47.0164384Z   ref: d0cb69c601e530dcef738af0c2dffb8d3b8bcf28
2026-10-09T02:14:47.0165004Z   persist-credentials: false
2026-10-09T02:14:47.0165506Z   repository: jyqj/codecortex
2026-10-09T02:14:47.0169117Z   token: ***
2026-10-09T02:14:47.0169537Z   ssh-strict: true
2026-10-09T02:14:47.0169975Z   ssh-user: git
2026-10-09T02:14:47.0170386Z   clean: true
2026-10-09T02:14:47.0171006Z   sparse-checkout-cone-mode: true
2026-10-09T02:14:47.0171522Z   fetch-depth: 1
2026-10-09T02:14:47.0171941Z   fetch-tags: false
2026-10-09T02:14:47.0172396Z   show-progress: true
2026-10-09T02:14:47.0172829Z   lfs: false
2026-10-09T02:14:47.0173229Z   submodules: false
2026-10-09T02:14:47.0173671Z   set-safe-directory: true
2026-10-09T02:14:47.0174298Z   allow-unsafe-pr-checkout: false
2026-10-09T02:14:47.0174802Z env:
2026-10-09T02:14:47.0175442Z   CARGO_TERM_COLOR: never
2026-10-09T02:14:47.0175948Z   CARGO_INCREMENTAL: 0
2026-10-09T02:14:47.0176403Z   CARGO_BUILD_JOBS: 2
2026-10-09T02:14:47.0176866Z   PYTHONDONTWRITEBYTECODE: 1
2026-10-09T02:14:47.0177342Z   RUSTFLAGS: 
2026-10-09T02:14:47.0177746Z   RUSTC_WRAPPER: 
2026-10-09T02:14:47.0178176Z   RUSTC_WORKSPACE_WRAPPER: 
2026-10-09T02:14:47.0178948Z   P8_REGISTRATION_SHA256: 4a56e31e9838f0db1d83a3efd4a10d0a51f8b443dbce4413e68253881740eebc
2026-10-09T02:14:47.0179765Z ##[endgroup]
2026-10-09T02:14:47.1163515Z Syncing repository: jyqj/codecortex
2026-10-09T02:14:47.1166057Z ##[group]Getting Git version info
2026-10-09T02:14:47.1167519Z Working directory is '/home/runner/work/codecortex/codecortex'
2026-10-09T02:14:47.1169460Z [command]/usr/bin/git version
2026-10-09T02:14:47.1271573Z git version 2.55.0
2026-10-09T02:14:47.1302719Z ##[endgroup]
2026-10-09T02:14:47.1309893Z Temporarily overriding HOME='/home/runner/work/_temp/b2e3b2f3-949b-47de-af5b-cdf097823a65' before making global git config changes
2026-10-09T02:14:47.1312799Z Adding repository directory to the temporary git global config as a safe directory
2026-10-09T02:14:47.1315674Z [command]/usr/bin/git config --global --add safe.directory /home/runner/work/codecortex/codecortex
2026-10-09T02:14:47.1368862Z Deleting the contents of '/home/runner/work/codecortex/codecortex'
2026-10-09T02:14:47.1373455Z ##[group]Initializing the repository
2026-10-09T02:14:47.1377474Z [command]/usr/bin/git init /home/runner/work/codecortex/codecortex
2026-10-09T02:14:47.1500119Z hint: Using 'master' as the name for the initial branch. This default branch name
2026-10-09T02:14:47.1502254Z hint: will change to "main" in Git 3.0. To configure the initial branch name
2026-10-09T02:14:47.1503988Z hint: to use in all of your new repositories, which will suppress this warning,
2026-10-09T02:14:47.1505383Z hint: call:
2026-10-09T02:14:47.1506160Z hint:
2026-10-09T02:14:47.1507105Z hint: 	git config --global init.defaultBranch <name>
2026-10-09T02:14:47.1508214Z hint:
2026-10-09T02:14:47.1509291Z hint: Names commonly chosen instead of 'master' are 'main', 'trunk' and
2026-10-09T02:14:47.1511127Z hint: 'development'. The just-created branch can be renamed via this command:
2026-10-09T02:14:47.1512417Z hint:
2026-10-09T02:14:47.1513247Z hint: 	git branch -m <name>
2026-10-09T02:14:47.1514139Z hint:
2026-10-09T02:14:47.1515365Z hint: Disable this message with "git config set advice.defaultBranchName false"
2026-10-09T02:14:47.1517389Z Initialized empty Git repository in /home/runner/work/codecortex/codecortex/.git/
2026-10-09T02:14:47.1520931Z [command]/usr/bin/git remote add origin https://github.com/jyqj/codecortex
2026-10-09T02:14:47.1577876Z ##[endgroup]
2026-10-09T02:14:47.1579261Z ##[group]Disabling automatic garbage collection
2026-10-09T02:14:47.1581822Z [command]/usr/bin/git config --local gc.auto 0
2026-10-09T02:14:47.1615342Z ##[endgroup]
2026-10-09T02:14:47.1617031Z ##[group]Setting up auth
2026-10-09T02:14:47.1623169Z [command]/usr/bin/git config --local --name-only --get-regexp core\.sshCommand
2026-10-09T02:14:47.1657393Z [command]/usr/bin/git submodule foreach --recursive sh -c "git config --local --name-only --get-regexp 'core\.sshCommand' && git config --local --unset-all 'core.sshCommand' || :"
2026-10-09T02:14:47.2068419Z [command]/usr/bin/git config --local --name-only --get-regexp http\.https\:\/\/github\.com\/\.extraheader
2026-10-09T02:14:47.2108845Z [command]/usr/bin/git submodule foreach --recursive sh -c "git config --local --name-only --get-regexp 'http\.https\:\/\/github\.com\/\.extraheader' && git config --local --unset-all 'http.https://github.com/.extraheader' || :"
2026-10-09T02:14:47.2343086Z [command]/usr/bin/git config --local --name-only --get-regexp ^includeIf\.gitdir:
2026-10-09T02:14:47.2377640Z [command]/usr/bin/git submodule foreach --recursive git config --local --show-origin --name-only --get-regexp remote.origin.url
2026-10-09T02:14:47.2602379Z [command]/usr/bin/git config --local http.https://github.com/.extraheader AUTHORIZATION: basic ***
2026-10-09T02:14:47.2640910Z ##[endgroup]
2026-10-09T02:14:47.2641799Z ##[group]Fetching the repository
2026-10-09T02:14:47.2649872Z [command]/usr/bin/git -c protocol.version=2 fetch --no-tags --prune --no-recurse-submodules --depth=1 origin d0cb69c601e530dcef738af0c2dffb8d3b8bcf28
2026-10-09T02:15:03.3482487Z From https://github.com/jyqj/codecortex
2026-10-09T02:15:03.3484714Z  * branch            d0cb69c601e530dcef738af0c2dffb8d3b8bcf28 -> FETCH_HEAD
2026-10-09T02:15:03.3489274Z ##[endgroup]
2026-10-09T02:15:03.3491527Z ##[group]Determining the checkout info
2026-10-09T02:15:03.3493621Z ##[endgroup]
2026-10-09T02:15:03.3496004Z [command]/usr/bin/git sparse-checkout disable
2026-10-09T02:15:03.3550793Z [command]/usr/bin/git config --local --unset-all extensions.worktreeConfig
2026-10-09T02:15:03.3580355Z ##[group]Checking out the ref
2026-10-09T02:15:03.3585388Z [command]/usr/bin/git checkout --progress --force d0cb69c601e530dcef738af0c2dffb8d3b8bcf28
2026-10-09T02:15:04.3885778Z Updating files:  51% (11017/21414)
2026-10-09T02:15:04.4363876Z Updating files:  52% (11136/21414)
2026-10-09T02:15:04.4563055Z Updating files:  53% (11350/21414)
2026-10-09T02:15:04.5019801Z Updating files:  54% (11564/21414)
2026-10-09T02:15:04.5168631Z Updating files:  55% (11778/21414)
2026-10-09T02:15:04.5321120Z Updating files:  56% (11992/21414)
2026-10-09T02:15:04.5417433Z Updating files:  57% (12206/21414)
2026-10-09T02:15:04.5651418Z Updating files:  58% (12421/21414)
2026-10-09T02:15:04.5757462Z Updating files:  59% (12635/21414)
2026-10-09T02:15:04.5882721Z Updating files:  60% (12849/21414)
2026-10-09T02:15:04.5997538Z Updating files:  61% (13063/21414)
2026-10-09T02:15:04.6127668Z Updating files:  62% (13277/21414)
2026-10-09T02:15:04.6256765Z Updating files:  63% (13491/21414)
2026-10-09T02:15:04.6359323Z Updating files:  64% (13705/21414)
2026-10-09T02:15:04.6457416Z Updating files:  65% (13920/21414)
2026-10-09T02:15:04.6548455Z Updating files:  66% (14134/21414)
2026-10-09T02:15:04.6640110Z Updating files:  67% (14348/21414)
2026-10-09T02:15:04.6731262Z Updating files:  68% (14562/21414)
2026-10-09T02:15:04.6855812Z Updating files:  69% (14776/21414)
2026-10-09T02:15:04.7000187Z Updating files:  70% (14990/21414)
2026-10-09T02:15:04.8052927Z Updating files:  71% (15204/21414)
2026-10-09T02:15:04.8462249Z Updating files:  72% (15419/21414)
2026-10-09T02:15:04.8994453Z Updating files:  73% (15633/21414)
2026-10-09T02:15:04.9676294Z Updating files:  74% (15847/21414)
2026-10-09T02:15:04.9901319Z Updating files:  75% (16061/21414)
2026-10-09T02:15:05.0096411Z Updating files:  76% (16275/21414)
2026-10-09T02:15:05.0296944Z Updating files:  77% (16489/21414)
2026-10-09T02:15:05.0639569Z Updating files:  78% (16703/21414)
2026-10-09T02:15:05.0876948Z Updating files:  79% (16918/21414)
2026-10-09T02:15:05.1077668Z Updating files:  80% (17132/21414)
2026-10-09T02:15:05.1267927Z Updating files:  81% (17346/21414)
2026-10-09T02:15:05.1426543Z Updating files:  82% (17560/21414)
2026-10-09T02:15:05.1601685Z Updating files:  83% (17774/21414)
2026-10-09T02:15:05.2509161Z Updating files:  84% (17988/21414)
2026-10-09T02:15:05.3208207Z Updating files:  85% (18202/21414)
2026-10-09T02:15:05.3845499Z Updating files:  86% (18417/21414)
2026-10-09T02:15:05.3914285Z Updating files:  86% (18578/21414)
2026-10-09T02:15:05.4137733Z Updating files:  87% (18631/21414)
2026-10-09T02:15:05.4331597Z Updating files:  88% (18845/21414)
2026-10-09T02:15:05.4463785Z Updating files:  89% (19059/21414)
2026-10-09T02:15:05.4642969Z Updating files:  90% (19273/21414)
2026-10-09T02:15:05.8331675Z Updating files:  91% (19487/21414)
2026-10-09T02:15:06.1481236Z Updating files:  92% (19701/21414)
2026-10-09T02:15:06.1667029Z Updating files:  93% (19916/21414)
2026-10-09T02:15:06.1795931Z Updating files:  94% (20130/21414)
2026-10-09T02:15:06.2008555Z Updating files:  95% (20344/21414)
2026-10-09T02:15:06.2197065Z Updating files:  96% (20558/21414)
2026-10-09T02:15:06.2390041Z Updating files:  97% (20772/21414)
2026-10-09T02:15:06.2560773Z Updating files:  98% (20986/21414)
2026-10-09T02:15:06.2802927Z Updating files:  99% (21200/21414)
2026-10-09T02:15:06.2803984Z Updating files: 100% (21414/21414)
2026-10-09T02:15:06.2804514Z Updating files: 100% (21414/21414), done.
2026-10-09T02:15:06.3048827Z Note: switching to 'd0cb69c601e530dcef738af0c2dffb8d3b8bcf28'.
2026-10-09T02:15:06.3049537Z 
2026-10-09T02:15:06.3050067Z You are in 'detached HEAD' state. You can look around, make experimental
2026-10-09T02:15:06.3051142Z changes and commit them, and you can discard any commits you make in this
2026-10-09T02:15:06.3051721Z state without impacting any branches by switching back to a branch.
2026-10-09T02:15:06.3052064Z 
2026-10-09T02:15:06.3052284Z If you want to create a new branch to retain commits you create, you may
2026-10-09T02:15:06.3052846Z do so (now or later) by using -c with the switch command. Example:
2026-10-09T02:15:06.3053160Z 
2026-10-09T02:15:06.3053293Z   git switch -c <new-branch-name>
2026-10-09T02:15:06.3053504Z 
2026-10-09T02:15:06.3053627Z Or undo this operation with:
2026-10-09T02:15:06.3053881Z 
2026-10-09T02:15:06.3054004Z   git switch -
2026-10-09T02:15:06.3054157Z 
2026-10-09T02:15:06.3054407Z Turn off this advice by setting config variable advice.detachedHead to false
2026-10-09T02:15:06.3054781Z 
2026-10-09T02:15:06.3055140Z HEAD is now at d0cb69c P8 engineering: batch bounded canonical oracle inserts with exact legacy controls
2026-10-09T02:15:06.3181316Z ##[endgroup]
2026-10-09T02:15:06.3226558Z [command]/usr/bin/git log -1 --format=%H
2026-10-09T02:15:06.3250864Z d0cb69c601e530dcef738af0c2dffb8d3b8bcf28
2026-10-09T02:15:06.3261104Z ##[group]Removing auth
2026-10-09T02:15:06.3265573Z [command]/usr/bin/git config --local --name-only --get-regexp core\.sshCommand
2026-10-09T02:15:06.3296992Z [command]/usr/bin/git submodule foreach --recursive sh -c "git config --local --name-only --get-regexp 'core\.sshCommand' && git config --local --unset-all 'core.sshCommand' || :"
2026-10-09T02:15:06.3543644Z [command]/usr/bin/git config --local --name-only --get-regexp http\.https\:\/\/github\.com\/\.extraheader
2026-10-09T02:15:06.3581210Z http.https://github.com/.extraheader
2026-10-09T02:15:06.3591709Z [command]/usr/bin/git config --local --unset-all http.https://github.com/.extraheader
2026-10-09T02:15:06.3624738Z [command]/usr/bin/git submodule foreach --recursive sh -c "git config --local --name-only --get-regexp 'http\.https\:\/\/github\.com\/\.extraheader' && git config --local --unset-all 'http.https://github.com/.extraheader' || :"
2026-10-09T02:15:06.3869089Z [command]/usr/bin/git config --local --name-only --get-regexp ^includeIf\.gitdir:
2026-10-09T02:15:06.3897920Z [command]/usr/bin/git submodule foreach --recursive git config --local --show-origin --name-only --get-regexp remote.origin.url
2026-10-09T02:15:06.4136517Z ##[endgroup]
2026-10-09T02:15:06.4323731Z ##[group]Run actions/download-artifact@v4
2026-10-09T02:15:06.4324071Z with:
2026-10-09T02:15:06.4324301Z   name: p8-scale-build-37854240827
2026-10-09T02:15:06.4324606Z   path: /home/runner/work/_temp/p8-scale-build
2026-10-09T02:15:06.4324943Z   merge-multiple: false
2026-10-09T02:15:06.4325179Z   repository: jyqj/codecortex
2026-10-09T02:15:06.4325420Z   run-id: 37854240827
2026-10-09T02:15:06.4325628Z env:
2026-10-09T02:15:06.4325818Z   CARGO_TERM_COLOR: never
2026-10-09T02:15:06.4326048Z   CARGO_INCREMENTAL: 0
2026-10-09T02:15:06.4326265Z   CARGO_BUILD_JOBS: 2
2026-10-09T02:15:06.4326488Z   PYTHONDONTWRITEBYTECODE: 1
2026-10-09T02:15:06.4326733Z   RUSTFLAGS: 
2026-10-09T02:15:06.4326936Z   RUSTC_WRAPPER: 
2026-10-09T02:15:06.4327150Z   RUSTC_WORKSPACE_WRAPPER: 
2026-10-09T02:15:06.4327565Z   P8_REGISTRATION_SHA256: 4a56e31e9838f0db1d83a3efd4a10d0a51f8b443dbce4413e68253881740eebc
2026-10-09T02:15:06.4328015Z ##[endgroup]
2026-10-09T02:15:06.5865968Z Downloading single artifact
2026-10-09T02:15:06.6022689Z (node:2398) [DEP0040] DeprecationWarning: The `punycode` module is deprecated. Please use a userland alternative instead.
2026-10-09T02:15:06.6023629Z (Use `node --trace-deprecation ...` to show where the warning was created)
2026-10-09T02:15:06.6916324Z Preparing to download the following artifacts:
2026-10-09T02:15:06.6917431Z - p8-scale-build-37854240827 (ID: 11584016580, Size: 9214914, Expected Digest: sha256:f275c4cda8a58fdba0d2734e6673d699ebf4182b238131f428de115484c0a834)
2026-10-09T02:15:06.8286645Z Redirecting to blob download url: https://productionresultssa15.blob.core.windows.net/actions-results/d3b121e2-5c68-8a4f-ac43-4d4b07cd867e/workflow-job-run-9e037bc8-0a01-5452-9ffb-b0fded9ed173/artifacts/c26fea6bd863e289a19dc698a2c76e61522156b9c8c1a6936f83e4be95ce0c06.zip
2026-10-09T02:15:06.8288258Z Starting download of artifact to: /home/runner/work/_temp/p8-scale-build
2026-10-09T02:15:06.9244437Z (node:2398) [DEP0005] DeprecationWarning: Buffer() is deprecated due to security and usability issues. Please use the Buffer.alloc(), Buffer.allocUnsafe(), or Buffer.from() methods instead.
2026-10-09T02:15:07.1847845Z SHA256 digest of downloaded artifact is f275c4cda8a58fdba0d2734e6673d699ebf4182b238131f428de115484c0a834
2026-10-09T02:15:07.1848854Z Artifact download completed successfully.
2026-10-09T02:15:07.1849175Z Total of 1 artifact(s) downloaded
2026-10-09T02:15:07.1855266Z Download artifact has finished successfully
2026-10-09T02:15:07.2038781Z ##[group]Run actions/download-artifact@v4
2026-10-09T02:15:07.2039099Z with:
2026-10-09T02:15:07.2039318Z   pattern: p8-scale-shard-*-37854240827
2026-10-09T02:15:07.2039643Z   path: /home/runner/work/_temp/p8-scale-shards
2026-10-09T02:15:07.2039954Z   merge-multiple: false
2026-10-09T02:15:07.2040195Z   repository: jyqj/codecortex
2026-10-09T02:15:07.2040742Z   run-id: 37854240827
2026-10-09T02:15:07.2040997Z env:
2026-10-09T02:15:07.2041191Z   CARGO_TERM_COLOR: never
2026-10-09T02:15:07.2041419Z   CARGO_INCREMENTAL: 0
2026-10-09T02:15:07.2041636Z   CARGO_BUILD_JOBS: 2
2026-10-09T02:15:07.2041868Z   PYTHONDONTWRITEBYTECODE: 1
2026-10-09T02:15:07.2042109Z   RUSTFLAGS: 
2026-10-09T02:15:07.2042307Z   RUSTC_WRAPPER: 
2026-10-09T02:15:07.2042520Z   RUSTC_WORKSPACE_WRAPPER: 
2026-10-09T02:15:07.2042957Z   P8_REGISTRATION_SHA256: 4a56e31e9838f0db1d83a3efd4a10d0a51f8b443dbce4413e68253881740eebc
2026-10-09T02:15:07.2043402Z ##[endgroup]
2026-10-09T02:15:07.3681331Z (node:2410) [DEP0040] DeprecationWarning: The `punycode` module is deprecated. Please use a userland alternative instead.
2026-10-09T02:15:07.3682310Z (Use `node --trace-deprecation ...` to show where the warning was created)
2026-10-09T02:15:07.4573360Z Found 25 artifact(s)
2026-10-09T02:15:07.4574275Z Filtering artifacts by pattern 'p8-scale-shard-*-37854240827'
2026-10-09T02:15:07.4595561Z Preparing to download the following artifacts:
2026-10-09T02:15:07.4596805Z - p8-scale-shard-100000-10-37854240827 (ID: 11591645982, Size: 4713916, Expected Digest: sha256:7b787b81bd0858e6e265b089afff1285a6a1979ec4452fb6b87c0b4aceba5561)
2026-10-09T02:15:07.4598658Z - p8-scale-shard-100000-6-37854240827 (ID: 11591590457, Size: 4858662, Expected Digest: sha256:75ff84720a7b0efe0242a6a90cabf1c69ca09b9a6f898c164106e540ba4badf5)
2026-10-09T02:15:07.4600711Z - p8-scale-shard-100000-14-37854240827 (ID: 11591505637, Size: 4828691, Expected Digest: sha256:c9809d836383ca9aca32ff9b66b69f1678eded98eb9c5a12699d6d8bd35a4829)
2026-10-09T02:15:07.4602578Z - p8-scale-shard-100000-11-37854240827 (ID: 11591485709, Size: 4852871, Expected Digest: sha256:3c365b198ad7cedd13c02a1b309f9fe8c26e6db5eb6e2b858bd0cf5520b2ff25)
2026-10-09T02:15:07.4604446Z - p8-scale-shard-100000-4-37854240827 (ID: 11591471315, Size: 4979552, Expected Digest: sha256:19b95dc27c2a8804909135ac5081744163983bd9fc6fa70aac9e5f8d9a5335c7)
2026-10-09T02:15:07.4605744Z - p8-scale-shard-100000-15-37854240827 (ID: 11591296599, Size: 4854411, Expected Digest: sha256:3ab10dae46d18805444b58770d6bc8d89180d072cfddbb1bf958accee0cffca3)
2026-10-09T02:15:07.4607675Z - p8-scale-shard-100000-0-37854240827 (ID: 11591206925, Size: 4850793, Expected Digest: sha256:c3c07e271b3972ff5eecfe40ac586ac59d434b50b5d00a8a01d079ef61be3a2d)
2026-10-09T02:15:07.4608864Z - p8-scale-shard-100000-5-37854240827 (ID: 11591186114, Size: 4589669, Expected Digest: sha256:edc52c64503b263d63398cab4ba11fae3978206d8520fa0a026158c1e2568fd0)
2026-10-09T02:15:07.4610890Z - p8-scale-shard-100000-3-37854240827 (ID: 11591054479, Size: 4733998, Expected Digest: sha256:9289f2619ab356aee94539ebf4d20cc2f1c097b9ef47c0ebdbd03ff28cb8eafc)
2026-10-09T02:15:07.4612316Z - p8-scale-shard-100000-13-37854240827 (ID: 11591039584, Size: 4691525, Expected Digest: sha256:15f81058388b275bcbbbe27657b2637ba70b7b35781f85932a6fc7a5de47cf53)
2026-10-09T02:15:07.4613561Z - p8-scale-shard-100000-1-37854240827 (ID: 11591029769, Size: 4989644, Expected Digest: sha256:4b1dd5216bd8d2b63a6ffb5aa4162835b82c8f00c859761cac094800a412ed30)
2026-10-09T02:15:07.5704053Z Redirecting to blob download url: https://productionresultssa15.blob.core.windows.net/actions-results/d3b121e2-5c68-8a4f-ac43-4d4b07cd867e/workflow-job-run-ffc30a49-264a-5931-b6f2-959a974d4367/artifacts/b51c1230c6088eadf78f4a8a558707bf497da830c29be9627c7a88e45f379d7f.zip
2026-10-09T02:15:07.5706073Z Starting download of artifact to: /home/runner/work/_temp/p8-scale-shards/p8-scale-shard-100000-6-37854240827
2026-10-09T02:15:07.6059641Z Redirecting to blob download url: https://productionresultssa15.blob.core.windows.net/actions-results/d3b121e2-5c68-8a4f-ac43-4d4b07cd867e/workflow-job-run-28860dbb-c35c-554f-9ef1-88d924615d2d/artifacts/71c32d99b76e8117a13c5b8ff539b20ae9cfa092bc7e4dc1b17cc42612eca0df.zip
2026-10-09T02:15:07.6062861Z Starting download of artifact to: /home/runner/work/_temp/p8-scale-shards/p8-scale-shard-100000-14-37854240827
2026-10-09T02:15:07.6110194Z Redirecting to blob download url: https://productionresultssa15.blob.core.windows.net/actions-results/d3b121e2-5c68-8a4f-ac43-4d4b07cd867e/workflow-job-run-2750aaa8-396a-5bd0-a7f0-d53dca64cf01/artifacts/ff7287f12c1dc68e1eb55704de522f9b1db2cf32c7a4b2216cd835ea6baa0cf2.zip
2026-10-09T02:15:07.6112787Z Starting download of artifact to: /home/runner/work/_temp/p8-scale-shards/p8-scale-shard-100000-13-37854240827
2026-10-09T02:15:07.6126685Z Redirecting to blob download url: https://productionresultssa15.blob.core.windows.net/actions-results/d3b121e2-5c68-8a4f-ac43-4d4b07cd867e/workflow-job-run-305dbf64-1121-509d-8871-69f7ccff5275/artifacts/dd8e2cab926b9fff8c8a344e8a7ba9ec6631967478cb2c7e1fe4ddc29856ccda.zip
2026-10-09T02:15:07.6129295Z Starting download of artifact to: /home/runner/work/_temp/p8-scale-shards/p8-scale-shard-100000-1-37854240827
2026-10-09T02:15:07.6141383Z Redirecting to blob download url: https://productionresultssa15.blob.core.windows.net/actions-results/d3b121e2-5c68-8a4f-ac43-4d4b07cd867e/workflow-job-run-ee93a032-f1fa-5290-a06c-27c0e50dfb9d/artifacts/e8d61f4aa83c0e83a603a2184a1d407f8cf80104ed6aaef02b4566871cb06d20.zip
2026-10-09T02:15:07.6143182Z Starting download of artifact to: /home/runner/work/_temp/p8-scale-shards/p8-scale-shard-100000-4-37854240827
2026-10-09T02:15:07.6157627Z Redirecting to blob download url: https://productionresultssa15.blob.core.windows.net/actions-results/d3b121e2-5c68-8a4f-ac43-4d4b07cd867e/workflow-job-run-ef21bde3-0853-5096-8516-a63f72f0ecd8/artifacts/64ad91fc3693b9f111aefe8b96389c47b2620714687cb9e9bfca010e31cadfa4.zip
2026-10-09T02:15:07.6160205Z Starting download of artifact to: /home/runner/work/_temp/p8-scale-shards/p8-scale-shard-100000-10-37854240827
2026-10-09T02:15:07.6167809Z Redirecting to blob download url: https://productionresultssa15.blob.core.windows.net/actions-results/d3b121e2-5c68-8a4f-ac43-4d4b07cd867e/workflow-job-run-58c14dbf-0653-51a9-950b-e0643bd29d74/artifacts/e30794c13fb35ee89a3c20bebd1806616942603cd199504258577017b681d003.zip
2026-10-09T02:15:07.6169277Z Starting download of artifact to: /home/runner/work/_temp/p8-scale-shards/p8-scale-shard-100000-0-37854240827
2026-10-09T02:15:07.6184226Z Redirecting to blob download url: https://productionresultssa15.blob.core.windows.net/actions-results/d3b121e2-5c68-8a4f-ac43-4d4b07cd867e/workflow-job-run-ac78144a-10aa-55d8-b207-c5842765a843/artifacts/a46d157abc8dcf65c99af7458d5c1e1c8643bbd7a11f442bec0f0a4c8eeab9ec.zip
2026-10-09T02:15:07.6185954Z Starting download of artifact to: /home/runner/work/_temp/p8-scale-shards/p8-scale-shard-100000-3-37854240827
2026-10-09T02:15:07.6194266Z Redirecting to blob download url: https://productionresultssa15.blob.core.windows.net/actions-results/d3b121e2-5c68-8a4f-ac43-4d4b07cd867e/workflow-job-run-3f85d2e4-0d38-5036-b6c9-50db1735f487/artifacts/67fa275ce7e25a7330a2b8bcce424b527a3da25eb2fe23a9ae31991c201932f7.zip
2026-10-09T02:15:07.6195769Z Starting download of artifact to: /home/runner/work/_temp/p8-scale-shards/p8-scale-shard-100000-15-37854240827
2026-10-09T02:15:07.6215145Z Redirecting to blob download url: https://productionresultssa15.blob.core.windows.net/actions-results/d3b121e2-5c68-8a4f-ac43-4d4b07cd867e/workflow-job-run-fe9681bf-41eb-53bd-84e5-4762e74adfd5/artifacts/6f120c3bf2f6880eaffed98ca0ebc20ee2b708a79503afcf33ca3b1f05254e59.zip
2026-10-09T02:15:07.6216651Z Starting download of artifact to: /home/runner/work/_temp/p8-scale-shards/p8-scale-shard-100000-11-37854240827
2026-10-09T02:15:07.6263707Z Redirecting to blob download url: https://productionresultssa15.blob.core.windows.net/actions-results/d3b121e2-5c68-8a4f-ac43-4d4b07cd867e/workflow-job-run-392417c9-2059-533d-b16c-431434dffbf3/artifacts/28dd0ecff7f6051ae0a1fa34d32d9ad9b792e63c195c7233339aedb7a984cf30.zip
2026-10-09T02:15:07.6265601Z Starting download of artifact to: /home/runner/work/_temp/p8-scale-shards/p8-scale-shard-100000-5-37854240827
2026-10-09T02:15:07.6757358Z (node:2410) [DEP0005] DeprecationWarning: Buffer() is deprecated due to security and usability issues. Please use the Buffer.alloc(), Buffer.allocUnsafe(), or Buffer.from() methods instead.
2026-10-09T02:15:08.3796043Z SHA256 digest of downloaded artifact is 75ff84720a7b0efe0242a6a90cabf1c69ca09b9a6f898c164106e540ba4badf5
2026-10-09T02:15:08.3797379Z Artifact download completed successfully.
2026-10-09T02:15:08.4359344Z SHA256 digest of downloaded artifact is edc52c64503b263d63398cab4ba11fae3978206d8520fa0a026158c1e2568fd0
2026-10-09T02:15:08.4360051Z Artifact download completed successfully.
2026-10-09T02:15:08.4405711Z SHA256 digest of downloaded artifact is 4b1dd5216bd8d2b63a6ffb5aa4162835b82c8f00c859761cac094800a412ed30
2026-10-09T02:15:08.4406424Z Artifact download completed successfully.
2026-10-09T02:15:08.4433180Z SHA256 digest of downloaded artifact is 7b787b81bd0858e6e265b089afff1285a6a1979ec4452fb6b87c0b4aceba5561
2026-10-09T02:15:08.4433978Z Artifact download completed successfully.
2026-10-09T02:15:08.4628120Z SHA256 digest of downloaded artifact is 15f81058388b275bcbbbe27657b2637ba70b7b35781f85932a6fc7a5de47cf53
2026-10-09T02:15:08.4629626Z Artifact download completed successfully.
2026-10-09T02:15:08.4702006Z SHA256 digest of downloaded artifact is 9289f2619ab356aee94539ebf4d20cc2f1c097b9ef47c0ebdbd03ff28cb8eafc
2026-10-09T02:15:08.4702826Z Artifact download completed successfully.
2026-10-09T02:15:08.4777542Z SHA256 digest of downloaded artifact is c3c07e271b3972ff5eecfe40ac586ac59d434b50b5d00a8a01d079ef61be3a2d
2026-10-09T02:15:08.4778659Z Artifact download completed successfully.
2026-10-09T02:15:08.4826198Z SHA256 digest of downloaded artifact is c9809d836383ca9aca32ff9b66b69f1678eded98eb9c5a12699d6d8bd35a4829
2026-10-09T02:15:08.4827406Z Artifact download completed successfully.
2026-10-09T02:15:08.4844968Z SHA256 digest of downloaded artifact is 3c365b198ad7cedd13c02a1b309f9fe8c26e6db5eb6e2b858bd0cf5520b2ff25
2026-10-09T02:15:08.4845767Z Artifact download completed successfully.
2026-10-09T02:15:08.4888686Z SHA256 digest of downloaded artifact is 3ab10dae46d18805444b58770d6bc8d89180d072cfddbb1bf958accee0cffca3
2026-10-09T02:15:08.4911456Z Artifact download completed successfully.
2026-10-09T02:15:08.4957648Z SHA256 digest of downloaded artifact is 19b95dc27c2a8804909135ac5081744163983bd9fc6fa70aac9e5f8d9a5335c7
2026-10-09T02:15:08.4958589Z Artifact download completed successfully.
2026-10-09T02:15:08.4959218Z Total of 11 artifact(s) downloaded
2026-10-09T02:15:08.4966376Z Download artifact has finished successfully
2026-10-09T02:15:08.5182633Z ##[group]Run python3 - <<'PY'
2026-10-09T02:15:08.5183047Z [36;1mpython3 - <<'PY'[0m
2026-10-09T02:15:08.5183387Z [36;1mimport os, pathlib, sys[0m
2026-10-09T02:15:08.5183743Z [36;1msys.path.insert(0, 'scripts')[0m
2026-10-09T02:15:08.5184125Z [36;1mimport p8_scale_matrix as matrix[0m
2026-10-09T02:15:08.5184550Z [36;1mroot = pathlib.Path(os.environ['RUNNER_TEMP'])[0m
2026-10-09T02:15:08.5185008Z [36;1mbinary = root / 'p8-scale-build/p8-scale'[0m
2026-10-09T02:15:08.5185392Z [36;1mif binary.exists():[0m
2026-10-09T02:15:08.5185708Z [36;1m    binary.chmod(0o755)[0m
2026-10-09T02:15:08.5186168Z [36;1minputs = sorted((root / 'p8-scale-shards').glob('p8-scale-shard-*'))[0m
2026-10-09T02:15:08.5186845Z [36;1mresult = matrix.aggregate(root / 'p8-scale-build', inputs, root / 'p8-scale-matrix',[0m
2026-10-09T02:15:08.5187561Z [36;1m                          repetitions=30, shard_count=30, capacity_profile=matrix.CAPACITY_PROFILE)[0m
2026-10-09T02:15:08.5188269Z [36;1mprint({key: result.get(key) for key in ('status', 'error', 'sample_count')})[0m
2026-10-09T02:15:08.5188842Z [36;1msys.exit(0 if result.get('passed') is True else 1)[0m
2026-10-09T02:15:08.5189241Z [36;1mPY[0m
2026-10-09T02:15:08.5253112Z shell: /usr/bin/bash -e {0}
2026-10-09T02:15:08.5253443Z env:
2026-10-09T02:15:08.5253716Z   CARGO_TERM_COLOR: never
2026-10-09T02:15:08.5254032Z   CARGO_INCREMENTAL: 0
2026-10-09T02:15:08.5254325Z   CARGO_BUILD_JOBS: 2
2026-10-09T02:15:08.5254632Z   PYTHONDONTWRITEBYTECODE: 1
2026-10-09T02:15:08.5254966Z   RUSTFLAGS: 
2026-10-09T02:15:08.5255230Z   RUSTC_WRAPPER: 
2026-10-09T02:15:08.5255510Z   RUSTC_WORKSPACE_WRAPPER: 
2026-10-09T02:15:08.5256009Z   P8_REGISTRATION_SHA256: 4a56e31e9838f0db1d83a3efd4a10d0a51f8b443dbce4413e68253881740eebc
2026-10-09T02:15:08.5256536Z ##[endgroup]
2026-10-09T02:15:08.6566180Z {'status': 'failed', 'error': 'missing/nonregular JSON: /home/runner/work/_temp/p8-scale-shards/p8-scale-shard-100000-0-37854240827/shard.json', 'sample_count': None}
2026-10-09T02:15:08.6651432Z ##[error]Process completed with exit code 1.
2026-10-09T02:15:08.6729248Z ##[group]Run actions/upload-artifact@v4
2026-10-09T02:15:08.6729631Z with:
2026-10-09T02:15:08.6729915Z   name: p8-scale-matrix-37854240827
2026-10-09T02:15:08.6730301Z   path: /home/runner/work/_temp/p8-scale-matrix
2026-10-09T02:15:08.6731037Z   if-no-files-found: error
2026-10-09T02:15:08.6731353Z   compression-level: 6
2026-10-09T02:15:08.6731651Z   overwrite: false
2026-10-09T02:15:08.6731942Z   include-hidden-files: false
2026-10-09T02:15:08.6732269Z env:
2026-10-09T02:15:08.6732521Z   CARGO_TERM_COLOR: never
2026-10-09T02:15:08.6732829Z   CARGO_INCREMENTAL: 0
2026-10-09T02:15:08.6733119Z   CARGO_BUILD_JOBS: 2
2026-10-09T02:15:08.6733421Z   PYTHONDONTWRITEBYTECODE: 1
2026-10-09T02:15:08.6733740Z   RUSTFLAGS: 
2026-10-09T02:15:08.6734000Z   RUSTC_WRAPPER: 
2026-10-09T02:15:08.6734288Z   RUSTC_WORKSPACE_WRAPPER: 
2026-10-09T02:15:08.6734780Z   P8_REGISTRATION_SHA256: 4a56e31e9838f0db1d83a3efd4a10d0a51f8b443dbce4413e68253881740eebc
2026-10-09T02:15:08.6735306Z ##[endgroup]
2026-10-09T02:15:08.8452824Z (node:2430) [DEP0040] DeprecationWarning: The `punycode` module is deprecated. Please use a userland alternative instead.
2026-10-09T02:15:08.8453834Z (Use `node --trace-deprecation ...` to show where the warning was created)
2026-10-09T02:15:08.8505323Z With the provided path, there will be 1 file uploaded
2026-10-09T02:15:08.8511006Z Artifact name is valid!
2026-10-09T02:15:08.8512332Z Root directory input is valid!
2026-10-09T02:15:09.0524126Z Beginning upload of artifact content to blob storage
2026-10-09T02:15:09.0724446Z (node:2430) [DEP0169] DeprecationWarning: `url.parse()` behavior is not standardized and prone to errors that have security implications. Use the WHATWG URL API instead. CVEs are not issued for `url.parse()` vulnerabilities.
2026-10-09T02:15:09.1418310Z Uploaded bytes 308
2026-10-09T02:15:09.1602029Z Finished uploading artifact content to blob storage!
2026-10-09T02:15:09.1603546Z SHA256 digest of uploaded artifact zip is 5e318056a58981a16876ca3071cbc9a5f1e472085a359f980d16d4a555a59513
2026-10-09T02:15:09.1605362Z Finalizing artifact upload
2026-10-09T02:15:09.3682770Z Artifact p8-scale-matrix-37854240827.zip successfully finalized. Artifact ID 11591516486
2026-10-09T02:15:09.3684749Z Artifact p8-scale-matrix-37854240827 has been successfully uploaded! Final size is 308 bytes. Artifact ID is 11591516486
2026-10-09T02:15:09.3691315Z Artifact download URL: https://github.com/jyqj/codecortex/actions/runs/37854240827/artifacts/11591516486
2026-10-09T02:15:09.3878857Z Post job cleanup.
2026-10-09T02:15:09.4729561Z [command]/usr/bin/git version
2026-10-09T02:15:09.4767175Z git version 2.55.0
2026-10-09T02:15:09.4807284Z Temporarily overriding HOME='/home/runner/work/_temp/183ac026-8ee6-4e07-b941-3785da66b028' before making global git config changes
2026-10-09T02:15:09.4808796Z Adding repository directory to the temporary git global config as a safe directory
2026-10-09T02:15:09.4814070Z [command]/usr/bin/git config --global --add safe.directory /home/runner/work/codecortex/codecortex
2026-10-09T02:15:09.4851445Z [command]/usr/bin/git config --local --name-only --get-regexp core\.sshCommand
2026-10-09T02:15:09.4885372Z [command]/usr/bin/git submodule foreach --recursive sh -c "git config --local --name-only --get-regexp 'core\.sshCommand' && git config --local --unset-all 'core.sshCommand' || :"
2026-10-09T02:15:09.5136562Z [command]/usr/bin/git config --local --name-only --get-regexp http\.https\:\/\/github\.com\/\.extraheader
2026-10-09T02:15:09.5171073Z [command]/usr/bin/git submodule foreach --recursive sh -c "git config --local --name-only --get-regexp 'http\.https\:\/\/github\.com\/\.extraheader' && git config --local --unset-all 'http.https://github.com/.extraheader' || :"
2026-10-09T02:15:09.5420311Z [command]/usr/bin/git config --local --name-only --get-regexp ^includeIf\.gitdir:
2026-10-09T02:15:09.5454412Z [command]/usr/bin/git submodule foreach --recursive git config --local --show-origin --name-only --get-regexp remote.origin.url
2026-10-09T02:15:09.5843194Z Cleaning up orphan processes
2026-10-09T02:15:09.6146250Z ##[warning]Node.js 20 is deprecated. The following actions target Node.js 20 but are being forced to run on Node.js 24: actions/checkout@v4, actions/download-artifact@v4, actions/upload-artifact@v4. For more information see: https://github.blog/changelog/2025-09-19-deprecation-of-node-20-on-github-actions-runners/
