    Updating crates.io index
 Downloading crates ...
  Downloaded http v1.5.0
  Downloaded http-body-util v0.1.5
  Downloaded http-body v1.1.0
  Downloaded chacha20 v0.10.2
  Downloaded atomic-waker v1.1.2
  Downloaded crossbeam-epoch v0.9.20
  Downloaded displaydoc v0.2.7
  Downloaded httparse v1.10.1
  Downloaded hyper v1.11.1
  Downloaded hyper-rustls v0.27.10
  Downloaded form_urlencoded v1.2.2
  Downloaded icu_collections v2.3.0
  Downloaded icu_locale_core v2.3.0
  Downloaded icu_normalizer_data v2.3.0
  Downloaded hyper-util v0.1.21
  Downloaded base64 v0.23.1
  Downloaded lru v0.18.2
  Downloaded ipnet v2.12.2
  Downloaded icu_properties_data v2.3.0
  Downloaded inotify-sys v0.1.8
  Downloaded inotify v0.11.5
  Downloaded idna_adapter v1.2.2
  Downloaded quinn-udp v0.5.15
  Downloaded potential_utf v0.1.6
  Downloaded percent-encoding v2.3.2
  Downloaded quinn-proto v0.11.18
  Downloaded quinn v0.11.12
  Downloaded notify-types v2.1.0
  Downloaded notify v8.2.0
  Downloaded lru-slab v0.1.3
  Downloaded litemap v0.8.3
  Downloaded idna v1.1.0
  Downloaded icu_provider v2.3.1
  Downloaded icu_properties v2.3.0
  Downloaded icu_normalizer v2.3.0
  Downloaded ryu v1.0.23
  Downloaded rand v0.10.3
  Downloaded rustc-hash v2.1.3
  Downloaded rustls-webpki v0.103.15
  Downloaded tinystr v0.8.4
  Downloaded synstructure v0.14.0
  Downloaded subtle v2.6.1
  Downloaded stable_deref_trait v1.2.1
  Downloaded sync_wrapper v1.0.2
  Downloaded syn v3.0.6
  Downloaded serde_urlencoded v0.7.1
  Downloaded tinyvec v1.13.3
  Downloaded rustls-pki-types v1.15.1
  Downloaded ring v0.17.14
  Downloaded rustls v0.23.45
  Downloaded tower-service v0.3.3
  Downloaded tower-http v0.6.11
  Downloaded tower v0.5.3
  Downloaded tower-layer v0.3.3
  Downloaded tokio-rustls v0.26.5
  Downloaded reqwest v0.12.28
  Downloaded rand_pcg v0.10.2
  Downloaded untrusted v0.9.0
  Downloaded utf8_iter v1.0.4
  Downloaded url v2.5.8
  Downloaded want v0.3.1
  Downloaded try-lock v0.2.5
  Downloaded webpki-roots v1.0.9
  Downloaded writeable v0.6.4
  Downloaded yoke-derive v0.8.4
  Downloaded yoke v0.8.3
  Downloaded zerofrom v0.1.8
  Downloaded zerofrom-derive v0.1.8
  Downloaded zerotrie v0.2.5
  Downloaded zeroize v1.9.0
  Downloaded zerovec-derive v0.11.6
  Downloaded zerovec v0.11.8
   Compiling smallvec v1.15.1
   Compiling syn v3.0.6
   Compiling stable_deref_trait v1.2.1
   Compiling futures-channel v0.3.32
   Compiling serde_json v1.0.149
   Compiling parking_lot_core v0.9.12
   Compiling futures-util v0.3.32
   Compiling writeable v0.6.4
   Compiling parking_lot v0.12.5
   Compiling litemap v0.8.3
   Compiling tokio v1.50.0
   Compiling hashbrown v0.17.1
   Compiling synstructure v0.14.0
   Compiling zerovec-derive v0.11.6
   Compiling displaydoc v0.2.7
   Compiling zerofrom-derive v0.1.8
   Compiling yoke-derive v0.8.4
   Compiling ring v0.17.14
   Compiling zerofrom v0.1.8
   Compiling crossbeam-epoch v0.9.20
   Compiling yoke v0.8.3
   Compiling icu_properties_data v2.3.0
   Compiling zerovec v0.11.8
   Compiling zerotrie v0.2.5
   Compiling icu_normalizer_data v2.3.0
   Compiling utf8_iter v1.0.4
   Compiling chacha20 v0.10.2
   Compiling tinystr v0.8.4
   Compiling icu_locale_core v2.3.0
   Compiling potential_utf v0.1.6
   Compiling icu_collections v2.3.0
   Compiling http v1.5.0
   Compiling icu_provider v2.3.1
   Compiling zeroize v1.9.0
   Compiling percent-encoding v2.3.2
   Compiling rustls-pki-types v1.15.1
   Compiling http-body v1.1.0
   Compiling rand v0.10.3
   Compiling hashlink v0.12.1
   Compiling scheduled-thread-pool v0.2.7
   Compiling getrandom v0.2.17
   Compiling httparse v1.10.1
   Compiling untrusted v0.9.0
   Compiling rusqlite v0.40.1
   Compiling r2d2 v0.8.10
   Compiling icu_normalizer v2.3.0
   Compiling icu_properties v2.3.0
   Compiling uuid v1.23.0
   Compiling crossbeam-deque v0.8.6
   Compiling cc-model v1.0.0 (/workspace/parallel-retry-progress/crates/cc-model)
   Compiling rustls v0.23.45
   Compiling tower-service v0.3.3
   Compiling try-lock v0.2.5
   Compiling want v0.3.1
   Compiling r2d2_sqlite v0.35.0
   Compiling idna_adapter v1.2.2
   Compiling form_urlencoded v1.2.2
   Compiling atomic-waker v1.1.2
   Compiling inotify-sys v0.1.8
   Compiling subtle v2.6.1
   Compiling hyper v1.11.1
   Compiling idna v1.1.0
   Compiling rustls-webpki v0.103.15
   Compiling rayon-core v1.13.0
   Compiling futures-executor v0.3.32
   Compiling sync_wrapper v1.0.2
   Compiling tower-layer v0.3.3
   Compiling ipnet v2.12.2
   Compiling base64 v0.23.1
   Compiling rayon v1.11.0
   Compiling hyper-util v0.1.21
   Compiling tower v0.5.3
   Compiling futures v0.3.32
   Compiling url v2.5.8
   Compiling webpki-roots v1.0.9
   Compiling lru v0.18.2
   Compiling tokio-rustls v0.26.5
   Compiling ryu v1.0.23
   Compiling serde_urlencoded v0.7.1
   Compiling schemars v1.2.1
   Compiling hyper-rustls v0.27.10
   Compiling tower-http v0.6.11
   Compiling inotify v0.11.5
   Compiling cc-db v1.0.0 (/workspace/parallel-retry-progress/crates/cc-db)
   Compiling cc-parsers v1.0.0 (/workspace/parallel-retry-progress/crates/cc-parsers)
   Compiling process-wrap v9.1.0
   Compiling ignore v0.4.25
   Compiling http-body-util v0.1.5
   Compiling tokio-util v0.7.18
   Compiling tokio-stream v0.1.18
   Compiling notify-types v2.1.0
   Compiling tracing-subscriber v0.3.23
   Compiling rmcp v2.2.0
   Compiling notify v8.2.0
   Compiling cc-index v1.0.0 (/workspace/parallel-retry-progress/crates/cc-index)
   Compiling cc-search v1.0.0 (/workspace/parallel-retry-progress/crates/cc-search)
   Compiling cc-semantic v1.0.0 (/workspace/parallel-retry-progress/crates/cc-semantic)
   Compiling reqwest v0.12.28
   Compiling cc-server v1.0.0 (/workspace/parallel-retry-progress/crates/cc-server)
    Finished `test` profile [unoptimized + debuginfo] target(s) in 1m 47s
     Running unittests src/lib.rs (/workspace/codecortex/target/debug/deps/cc_server-95cb67417ad6e0e1)

running 1 test
RETRY_PROGRESS calls=2 done=0 ready_stranded=2 retry_backoff=2 cursor=None requested=false running=false pins=0 rows=[(1, "pending", 1, 1791036990.4758673, None, Some("provider timeout")), (2, "pending", 1, 1791036990.5263107, None, Some("cache put failed: IO error: Read-only file system (os error 30)")), (3, "pending", 0, 1791036960.4742024, None, None), (4, "pending", 0, 1791036960.4742024, None, None)]

thread 'semantic_runtime::tests::recoverable_retry_frozen_parallel_counterexample' (8416) panicked at crates/cc-server/src/semantic_runtime.rs:760:9:
assertion `left == right` failed: one started timeout retains fenced backoff
  left: 2
 right: 1
note: run with `RUST_BACKTRACE=1` environment variable to display a backtrace
test semantic_runtime::tests::recoverable_retry_frozen_parallel_counterexample ... FAILED

failures:

failures:
    semantic_runtime::tests::recoverable_retry_frozen_parallel_counterexample

test result: FAILED. 0 passed; 1 failed; 0 ignored; 0 measured; 336 filtered out; finished in 0.17s

error: test failed, to rerun pass `-p cc-server --lib`
