2026-10-09T02:35:17.6740365Z Current runner version: '2.337.0'
2026-10-09T02:35:17.6765675Z ##[group]Runner Image Provisioner
2026-10-09T02:35:17.6766483Z Hosted Compute Agent
2026-10-09T02:35:17.6767206Z Version: 20261002.596
2026-10-09T02:35:17.6767832Z Commit: c3d12f3313a95f25162a1503be624f3b0617f8c0
2026-10-09T02:35:17.6769262Z Build Date: 2026-10-02T22:28:27Z
2026-10-09T02:35:17.6770382Z Worker ID: {c23ff3bb-e397-4ddf-b55e-ecf9dd2fd180}
2026-10-09T02:35:17.6771495Z Region: eastus2
2026-10-09T02:35:17.6772488Z Cloud: Azure
2026-10-09T02:35:17.6773145Z ##[endgroup]
2026-10-09T02:35:17.6774736Z ##[group]Operating System
2026-10-09T02:35:17.6775432Z Ubuntu
2026-10-09T02:35:17.6775946Z 24.04.5
2026-10-09T02:35:17.6776535Z LTS
2026-10-09T02:35:17.6777141Z ##[endgroup]
2026-10-09T02:35:17.6777685Z ##[group]Runner Image
2026-10-09T02:35:17.6778836Z Image: ubuntu-24.04
2026-10-09T02:35:17.6779420Z Version: 20261004.327.1
2026-10-09T02:35:17.6780782Z Included Software: https://github.com/actions/runner-images/blob/ubuntu24/20261004.327/images/ubuntu/Ubuntu2404-Readme.md
2026-10-09T02:35:17.6782392Z Image Release: https://github.com/actions/runner-images/releases/tag/ubuntu24%2F20261004.327
2026-10-09T02:35:17.6783400Z ##[endgroup]
2026-10-09T02:35:17.6784472Z ##[group]GITHUB_TOKEN Permissions
2026-10-09T02:35:17.6786704Z Contents: read
2026-10-09T02:35:17.6787314Z Metadata: read
2026-10-09T02:35:17.6788299Z ##[endgroup]
2026-10-09T02:35:17.6790622Z Secret source: Actions
2026-10-09T02:35:17.6791698Z Cache mode: write
2026-10-09T02:35:17.6792611Z Prepare workflow directory
2026-10-09T02:35:17.7182295Z Prepare all required actions
2026-10-09T02:35:17.7230779Z Getting action download info
2026-10-09T02:35:17.9796882Z Download action repository 'actions/checkout@v4' (SHA:11d5960a326750d5838078e36cf38b85af677262)
2026-10-09T02:35:18.0756480Z Download action repository 'dtolnay/rust-toolchain@1.95.0' (SHA:1d64bbcee8ef0c191a54710c227fd268a0d5014b)
2026-10-09T02:35:18.1822954Z Download action repository 'actions/upload-artifact@v4' (SHA:ea165f8d65b6e75b540449e92b4886f43607fa02)
2026-10-09T02:35:18.4165301Z Complete job name: offline (default)
2026-10-09T02:35:18.4983093Z ##[group]Run actions/checkout@v4
2026-10-09T02:35:18.4983993Z with:
2026-10-09T02:35:18.4984467Z   ref: a23bb72d3c954f385b99fe81ce9189885c208557
2026-10-09T02:35:18.4985074Z   repository: jyqj/codecortex
2026-10-09T02:35:18.4988938Z   token: ***
2026-10-09T02:35:18.4989367Z   ssh-strict: true
2026-10-09T02:35:18.4989808Z   ssh-user: git
2026-10-09T02:35:18.4990245Z   persist-credentials: true
2026-10-09T02:35:18.4990722Z   clean: true
2026-10-09T02:35:18.4991173Z   sparse-checkout-cone-mode: true
2026-10-09T02:35:18.4991693Z   fetch-depth: 1
2026-10-09T02:35:18.4992117Z   fetch-tags: false
2026-10-09T02:35:18.4992557Z   show-progress: true
2026-10-09T02:35:18.4992991Z   lfs: false
2026-10-09T02:35:18.4993399Z   submodules: false
2026-10-09T02:35:18.4993838Z   set-safe-directory: true
2026-10-09T02:35:18.4994335Z   allow-unsafe-pr-checkout: false
2026-10-09T02:35:18.4995103Z env:
2026-10-09T02:35:18.4995555Z   CARGO_TERM_COLOR: never
2026-10-09T02:35:18.4996083Z   PYTHONDONTWRITEBYTECODE: 1
2026-10-09T02:35:18.4996593Z   CARGO_INCREMENTAL: 0
2026-10-09T02:35:18.4997057Z   CARGO_PROFILE_DEV_DEBUG: 0
2026-10-09T02:35:18.4997556Z   CARGO_PROFILE_TEST_DEBUG: 0
2026-10-09T02:35:18.4998205Z   CARGO_BUILD_JOBS: 2
2026-10-09T02:35:18.4998671Z   RUSTFLAGS: -D warnings
2026-10-09T02:35:18.4999133Z ##[endgroup]
2026-10-09T02:35:18.5973696Z Syncing repository: jyqj/codecortex
2026-10-09T02:35:18.5976483Z ##[group]Getting Git version info
2026-10-09T02:35:18.5977492Z Working directory is '/home/runner/work/codecortex/codecortex'
2026-10-09T02:35:18.5978891Z [command]/usr/bin/git version
2026-10-09T02:35:18.6064458Z git version 2.55.0
2026-10-09T02:35:18.6084758Z ##[endgroup]
2026-10-09T02:35:18.6099868Z Temporarily overriding HOME='/home/runner/work/_temp/57cb2a73-d1ae-4a82-a24d-3adea8cf1c88' before making global git config changes
2026-10-09T02:35:18.6101496Z Adding repository directory to the temporary git global config as a safe directory
2026-10-09T02:35:18.6106009Z [command]/usr/bin/git config --global --add safe.directory /home/runner/work/codecortex/codecortex
2026-10-09T02:35:18.6154871Z Deleting the contents of '/home/runner/work/codecortex/codecortex'
2026-10-09T02:35:18.6159012Z ##[group]Initializing the repository
2026-10-09T02:35:18.6163382Z [command]/usr/bin/git init /home/runner/work/codecortex/codecortex
2026-10-09T02:35:18.6284394Z hint: Using 'master' as the name for the initial branch. This default branch name
2026-10-09T02:35:18.6286100Z hint: will change to "main" in Git 3.0. To configure the initial branch name
2026-10-09T02:35:18.6287280Z hint: to use in all of your new repositories, which will suppress this warning,
2026-10-09T02:35:18.6289023Z hint: call:
2026-10-09T02:35:18.6289549Z hint:
2026-10-09T02:35:18.6290153Z hint: 	git config --global init.defaultBranch <name>
2026-10-09T02:35:18.6290893Z hint:
2026-10-09T02:35:18.6291511Z hint: Names commonly chosen instead of 'master' are 'main', 'trunk' and
2026-10-09T02:35:18.6293351Z hint: 'development'. The just-created branch can be renamed via this command:
2026-10-09T02:35:18.6294579Z hint:
2026-10-09T02:35:18.6295027Z hint: 	git branch -m <name>
2026-10-09T02:35:18.6295534Z hint:
2026-10-09T02:35:18.6296203Z hint: Disable this message with "git config set advice.defaultBranchName false"
2026-10-09T02:35:18.6297865Z Initialized empty Git repository in /home/runner/work/codecortex/codecortex/.git/
2026-10-09T02:35:18.6300228Z [command]/usr/bin/git remote add origin https://github.com/jyqj/codecortex
2026-10-09T02:35:18.6347772Z ##[endgroup]
2026-10-09T02:35:18.6348886Z ##[group]Disabling automatic garbage collection
2026-10-09T02:35:18.6352049Z [command]/usr/bin/git config --local gc.auto 0
2026-10-09T02:35:18.6381840Z ##[endgroup]
2026-10-09T02:35:18.6465572Z ##[group]Setting up auth
2026-10-09T02:35:18.6466458Z [command]/usr/bin/git config --local --name-only --get-regexp core\.sshCommand
2026-10-09T02:35:18.6469735Z [command]/usr/bin/git submodule foreach --recursive sh -c "git config --local --name-only --get-regexp 'core\.sshCommand' && git config --local --unset-all 'core.sshCommand' || :"
2026-10-09T02:35:18.6818350Z [command]/usr/bin/git config --local --name-only --get-regexp http\.https\:\/\/github\.com\/\.extraheader
2026-10-09T02:35:18.6855699Z [command]/usr/bin/git submodule foreach --recursive sh -c "git config --local --name-only --get-regexp 'http\.https\:\/\/github\.com\/\.extraheader' && git config --local --unset-all 'http.https://github.com/.extraheader' || :"
2026-10-09T02:35:18.7096686Z [command]/usr/bin/git config --local --name-only --get-regexp ^includeIf\.gitdir:
2026-10-09T02:35:18.7128919Z [command]/usr/bin/git submodule foreach --recursive git config --local --show-origin --name-only --get-regexp remote.origin.url
2026-10-09T02:35:18.7380978Z [command]/usr/bin/git config --local http.https://github.com/.extraheader AUTHORIZATION: basic ***
2026-10-09T02:35:18.7424579Z ##[endgroup]
2026-10-09T02:35:18.7441931Z ##[group]Fetching the repository
2026-10-09T02:35:18.7444300Z [command]/usr/bin/git -c protocol.version=2 fetch --no-tags --prune --no-recurse-submodules --depth=1 origin a23bb72d3c954f385b99fe81ce9189885c208557
2026-10-09T02:35:34.0298701Z From https://github.com/jyqj/codecortex
2026-10-09T02:35:34.0300127Z  * branch            a23bb72d3c954f385b99fe81ce9189885c208557 -> FETCH_HEAD
2026-10-09T02:35:34.0307404Z ##[endgroup]
2026-10-09T02:35:34.0309435Z ##[group]Determining the checkout info
2026-10-09T02:35:34.0310997Z ##[endgroup]
2026-10-09T02:35:34.0312490Z [command]/usr/bin/git sparse-checkout disable
2026-10-09T02:35:34.0369887Z [command]/usr/bin/git config --local --unset-all extensions.worktreeConfig
2026-10-09T02:35:34.0399607Z ##[group]Checking out the ref
2026-10-09T02:35:34.0402338Z [command]/usr/bin/git checkout --progress --force a23bb72d3c954f385b99fe81ce9189885c208557
2026-10-09T02:35:35.0687870Z Updating files:  48% (10837/22303)
2026-10-09T02:35:35.1423872Z Updating files:  49% (10929/22303)
2026-10-09T02:35:35.1540818Z Updating files:  50% (11152/22303)
2026-10-09T02:35:35.1904417Z Updating files:  51% (11375/22303)
2026-10-09T02:35:35.2387175Z Updating files:  52% (11598/22303)
2026-10-09T02:35:35.2585962Z Updating files:  53% (11821/22303)
2026-10-09T02:35:35.3069627Z Updating files:  54% (12044/22303)
2026-10-09T02:35:35.3197558Z Updating files:  55% (12267/22303)
2026-10-09T02:35:35.3347902Z Updating files:  56% (12490/22303)
2026-10-09T02:35:35.3492859Z Updating files:  57% (12713/22303)
2026-10-09T02:35:35.3741274Z Updating files:  58% (12936/22303)
2026-10-09T02:35:35.3866506Z Updating files:  59% (13159/22303)
2026-10-09T02:35:35.3969369Z Updating files:  60% (13382/22303)
2026-10-09T02:35:35.4086513Z Updating files:  61% (13605/22303)
2026-10-09T02:35:35.4181902Z Updating files:  62% (13828/22303)
2026-10-09T02:35:35.4293198Z Updating files:  63% (14051/22303)
2026-10-09T02:35:35.4390067Z Updating files:  64% (14274/22303)
2026-10-09T02:35:35.4489314Z Updating files:  65% (14497/22303)
2026-10-09T02:35:35.4585565Z Updating files:  66% (14720/22303)
2026-10-09T02:35:35.4673326Z Updating files:  67% (14944/22303)
2026-10-09T02:35:35.4792081Z Updating files:  68% (15167/22303)
2026-10-09T02:35:35.4926943Z Updating files:  69% (15390/22303)
2026-10-09T02:35:35.5123860Z Updating files:  70% (15613/22303)
2026-10-09T02:35:35.5666454Z Updating files:  71% (15836/22303)
2026-10-09T02:35:35.5914844Z Updating files:  72% (16059/22303)
2026-10-09T02:35:35.6892602Z Updating files:  73% (16282/22303)
2026-10-09T02:35:35.7091935Z Updating files:  74% (16505/22303)
2026-10-09T02:35:35.7324504Z Updating files:  75% (16728/22303)
2026-10-09T02:35:35.7555901Z Updating files:  76% (16951/22303)
2026-10-09T02:35:35.7909085Z Updating files:  77% (17174/22303)
2026-10-09T02:35:35.8126601Z Updating files:  78% (17397/22303)
2026-10-09T02:35:35.8357114Z Updating files:  79% (17620/22303)
2026-10-09T02:35:35.8554741Z Updating files:  80% (17843/22303)
2026-10-09T02:35:35.8718316Z Updating files:  81% (18066/22303)
2026-10-09T02:35:35.8889150Z Updating files:  82% (18289/22303)
2026-10-09T02:35:36.0023481Z Updating files:  83% (18512/22303)
2026-10-09T02:35:36.0556840Z Updating files:  84% (18735/22303)
2026-10-09T02:35:36.0645579Z Updating files:  85% (18958/22303)
2026-10-09T02:35:36.1275924Z Updating files:  85% (18970/22303)
2026-10-09T02:35:36.2730989Z Updating files:  86% (19181/22303)
2026-10-09T02:35:36.2947379Z Updating files:  87% (19404/22303)
2026-10-09T02:35:36.3096739Z Updating files:  88% (19627/22303)
2026-10-09T02:35:36.3195100Z Updating files:  89% (19850/22303)
2026-10-09T02:35:36.3397001Z Updating files:  90% (20073/22303)
2026-10-09T02:35:36.3797415Z Updating files:  91% (20296/22303)
2026-10-09T02:35:37.0175398Z Updating files:  92% (20519/22303)
2026-10-09T02:35:37.0401065Z Updating files:  93% (20742/22303)
2026-10-09T02:35:37.0552102Z Updating files:  94% (20965/22303)
2026-10-09T02:35:37.0639335Z Updating files:  95% (21188/22303)
2026-10-09T02:35:37.0731833Z Updating files:  95% (21308/22303)
2026-10-09T02:35:37.0918121Z Updating files:  96% (21411/22303)
2026-10-09T02:35:37.1123472Z Updating files:  97% (21634/22303)
2026-10-09T02:35:37.1304560Z Updating files:  98% (21857/22303)
2026-10-09T02:35:37.1608541Z Updating files:  99% (22080/22303)
2026-10-09T02:35:37.1609412Z Updating files: 100% (22303/22303)
2026-10-09T02:35:37.1609817Z Updating files: 100% (22303/22303), done.
2026-10-09T02:35:37.1916934Z Note: switching to 'a23bb72d3c954f385b99fe81ce9189885c208557'.
2026-10-09T02:35:37.1917327Z 
2026-10-09T02:35:37.1917620Z You are in 'detached HEAD' state. You can look around, make experimental
2026-10-09T02:35:37.1918653Z changes and commit them, and you can discard any commits you make in this
2026-10-09T02:35:37.1919342Z state without impacting any branches by switching back to a branch.
2026-10-09T02:35:37.1919861Z 
2026-10-09T02:35:37.1920125Z If you want to create a new branch to retain commits you create, you may
2026-10-09T02:35:37.1920773Z do so (now or later) by using -c with the switch command. Example:
2026-10-09T02:35:37.1921568Z 
2026-10-09T02:35:37.1921775Z   git switch -c <new-branch-name>
2026-10-09T02:35:37.1922022Z 
2026-10-09T02:35:37.1922164Z Or undo this operation with:
2026-10-09T02:35:37.1922388Z 
2026-10-09T02:35:37.1922517Z   git switch -
2026-10-09T02:35:37.1922685Z 
2026-10-09T02:35:37.1922978Z Turn off this advice by setting config variable advice.detachedHead to false
2026-10-09T02:35:37.1923422Z 
2026-10-09T02:35:37.1923765Z HEAD is now at a23bb72 test(p8): bind combined source admission for original full execution
2026-10-09T02:35:37.2045818Z ##[endgroup]
2026-10-09T02:35:37.2092366Z [command]/usr/bin/git log -1 --format=%H
2026-10-09T02:35:37.2116131Z a23bb72d3c954f385b99fe81ce9189885c208557
2026-10-09T02:35:37.2467632Z ##[group]Run dtolnay/rust-toolchain@1.95.0
2026-10-09T02:35:37.2467948Z with:
2026-10-09T02:35:37.2468337Z env:
2026-10-09T02:35:37.2468540Z   CARGO_TERM_COLOR: never
2026-10-09T02:35:37.2468796Z   PYTHONDONTWRITEBYTECODE: 1
2026-10-09T02:35:37.2469046Z   CARGO_INCREMENTAL: 0
2026-10-09T02:35:37.2469304Z   CARGO_PROFILE_DEV_DEBUG: 0
2026-10-09T02:35:37.2469538Z   CARGO_PROFILE_TEST_DEBUG: 0
2026-10-09T02:35:37.2469772Z   CARGO_BUILD_JOBS: 2
2026-10-09T02:35:37.2469999Z   RUSTFLAGS: -D warnings
2026-10-09T02:35:37.2470224Z ##[endgroup]
2026-10-09T02:35:37.2532582Z ##[start-action display=Parse toolchain version;id=__dtolnay_rust-toolchain.parse]
2026-10-09T02:35:37.2589455Z ##[group]Run if [[ -z $toolchain ]]; then
2026-10-09T02:35:37.2589869Z [36;1mif [[ -z $toolchain ]]; then[0m
2026-10-09T02:35:37.2590425Z [36;1m  # GitHub does not enforce `required: true` inputs itself. https://github.com/actions/runner/issues/1070[0m
2026-10-09T02:35:37.2591057Z [36;1m  echo "'toolchain' is a required input" >&2[0m
2026-10-09T02:35:37.2591356Z [36;1m  exit 1[0m
2026-10-09T02:35:37.2591706Z [36;1melif [[ $toolchain =~ ^stable' '[0-9]+' '(year|month|week|day)s?' 'ago$ ]]; then[0m
2026-10-09T02:35:37.2592133Z [36;1m  if [[ Linux == macOS ]]; then[0m
2026-10-09T02:35:37.2592679Z [36;1m    echo "toolchain=1.$((($(date -v-$(sed 's/stable \([0-9]*\) \(.\).*/\1\2/' <<< $toolchain) +%s)/60/60/24-16569)/7/6))" >> $GITHUB_OUTPUT[0m
2026-10-09T02:35:37.2593204Z [36;1m  else[0m
2026-10-09T02:35:37.2593611Z [36;1m    echo "toolchain=1.$((($(date --date "${toolchain#stable }" +%s)/60/60/24-16569)/7/6))" >> $GITHUB_OUTPUT[0m
2026-10-09T02:35:37.2594072Z [36;1m  fi[0m
2026-10-09T02:35:37.2594373Z [36;1melif [[ $toolchain =~ ^stable' 'minus' '[0-9]+' 'releases?$ ]]; then[0m
2026-10-09T02:35:37.2594932Z [36;1m  echo "toolchain=1.$((($(date +%s)/60/60/24-16569)/7/6-${toolchain//[^0-9]/}))" >> $GITHUB_OUTPUT[0m
2026-10-09T02:35:37.2595409Z [36;1melif [[ $toolchain =~ ^1\.[0-9]+$ ]]; then[0m
2026-10-09T02:35:37.2595947Z [36;1m  echo "toolchain=1.$((i=${toolchain#1.}, c=($(date +%s)/60/60/24-16569)/7/6, i+9*i*(10*i<=c)+90*i*(100*i<=c)))" >> $GITHUB_OUTPUT[0m
2026-10-09T02:35:37.2596470Z [36;1melse[0m
2026-10-09T02:35:37.2596676Z [36;1m  delimiter=EOF[0m
2026-10-09T02:35:37.2597001Z [36;1m  while [[ $toolchain == *$delimiter* ]]; do delimiter+=_; done[0m
2026-10-09T02:35:37.2597519Z [36;1m  printf 'toolchain<<%s\n%s\n%s\n' "$delimiter" "$toolchain" "$delimiter" >> $GITHUB_OUTPUT[0m
2026-10-09T02:35:37.2597948Z [36;1mfi[0m
2026-10-09T02:35:37.2880103Z shell: /usr/bin/bash --noprofile --norc -e -o pipefail {0}
2026-10-09T02:35:37.2880592Z env:
2026-10-09T02:35:37.2880865Z   CARGO_TERM_COLOR: never
2026-10-09T02:35:37.2881214Z   PYTHONDONTWRITEBYTECODE: 1
2026-10-09T02:35:37.2881565Z   CARGO_INCREMENTAL: 0
2026-10-09T02:35:37.2881878Z   CARGO_PROFILE_DEV_DEBUG: 0
2026-10-09T02:35:37.2882222Z   CARGO_PROFILE_TEST_DEBUG: 0
2026-10-09T02:35:37.2882554Z   CARGO_BUILD_JOBS: 2
2026-10-09T02:35:37.2882880Z   RUSTFLAGS: -D warnings
2026-10-09T02:35:37.2883205Z   toolchain: 1.95.0
2026-10-09T02:35:37.2883491Z ##[endgroup]
2026-10-09T02:35:37.3018317Z ##[end-action id=__dtolnay_rust-toolchain.parse;outcome=success;conclusion=success;duration_ms=48]
2026-10-09T02:35:37.3022911Z ##[start-action display=Set $CARGO_HOME;id=__dtolnay_rust-toolchain.__run]
2026-10-09T02:35:37.3055660Z ##[group]Run echo CARGO_HOME=${CARGO_HOME:-"$HOME/.cargo"} >> $GITHUB_ENV
2026-10-09T02:35:37.3056141Z [36;1mecho CARGO_HOME=${CARGO_HOME:-"$HOME/.cargo"} >> $GITHUB_ENV[0m
2026-10-09T02:35:37.3114274Z shell: /usr/bin/bash --noprofile --norc -e -o pipefail {0}
2026-10-09T02:35:37.3114629Z env:
2026-10-09T02:35:37.3114829Z   CARGO_TERM_COLOR: never
2026-10-09T02:35:37.3115122Z   PYTHONDONTWRITEBYTECODE: 1
2026-10-09T02:35:37.3115398Z   CARGO_INCREMENTAL: 0
2026-10-09T02:35:37.3115662Z   CARGO_PROFILE_DEV_DEBUG: 0
2026-10-09T02:35:37.3115908Z   CARGO_PROFILE_TEST_DEBUG: 0
2026-10-09T02:35:37.3116149Z   CARGO_BUILD_JOBS: 2
2026-10-09T02:35:37.3116570Z   RUSTFLAGS: -D warnings
2026-10-09T02:35:37.3116801Z ##[endgroup]
2026-10-09T02:35:37.3205699Z ##[end-action id=__dtolnay_rust-toolchain.__run;outcome=success;conclusion=success;duration_ms=18]
2026-10-09T02:35:37.3208625Z ##[start-action display=Install rustup if needed;id=__dtolnay_rust-toolchain.__run_2]
2026-10-09T02:35:37.3237032Z ##[group]Run if ! command -v rustup &>/dev/null; then
2026-10-09T02:35:37.3237397Z [36;1mif ! command -v rustup &>/dev/null; then[0m
2026-10-09T02:35:37.3238544Z [36;1m  curl --proto '=https' --tlsv1.2 --retry 10 --retry-connrefused --location --silent --show-error --fail https://sh.rustup.rs | sh -s -- --default-toolchain none -y[0m
2026-10-09T02:35:37.3239362Z [36;1m  echo "$CARGO_HOME/bin" >> $GITHUB_PATH[0m
2026-10-09T02:35:37.3239658Z [36;1mfi[0m
2026-10-09T02:35:37.3296824Z shell: /usr/bin/bash --noprofile --norc -e -o pipefail {0}
2026-10-09T02:35:37.3297200Z env:
2026-10-09T02:35:37.3297425Z   CARGO_TERM_COLOR: never
2026-10-09T02:35:37.3297738Z   PYTHONDONTWRITEBYTECODE: 1
2026-10-09T02:35:37.3298317Z   CARGO_INCREMENTAL: 0
2026-10-09T02:35:37.3298581Z   CARGO_PROFILE_DEV_DEBUG: 0
2026-10-09T02:35:37.3298846Z   CARGO_PROFILE_TEST_DEBUG: 0
2026-10-09T02:35:37.3299107Z   CARGO_BUILD_JOBS: 2
2026-10-09T02:35:37.3299354Z   RUSTFLAGS: -D warnings
2026-10-09T02:35:37.3299629Z   CARGO_HOME: /home/runner/.cargo
2026-10-09T02:35:37.3299901Z ##[endgroup]
2026-10-09T02:35:37.3385052Z ##[end-action id=__dtolnay_rust-toolchain.__run_2;outcome=success;conclusion=success;duration_ms=17]
2026-10-09T02:35:37.3387477Z ##[start-action display=Install rustup if needed on windows;id=__dtolnay_rust-toolchain.__run_3]
2026-10-09T02:35:37.3394928Z ##[end-action id=__dtolnay_rust-toolchain.__run_3;outcome=skipped;conclusion=skipped;duration_ms=0]
2026-10-09T02:35:37.3407686Z ##[start-action display=rustup toolchain install 1.95.0;id=__dtolnay_rust-toolchain.__run_4]
2026-10-09T02:35:37.3429393Z ##[group]Run set -f  # split targets and components on commas and whitespace, without glob expansion
2026-10-09T02:35:37.3430071Z [36;1mset -f  # split targets and components on commas and whitespace, without glob expansion[0m
2026-10-09T02:35:37.3430518Z [36;1mflags=()[0m
2026-10-09T02:35:37.3430810Z [36;1mfor t in ${targets//,/ }; do flags+=(--target "$t"); done[0m
2026-10-09T02:35:37.3431242Z [36;1mfor c in ${components//,/ }; do flags+=(--component "$c"); done[0m
2026-10-09T02:35:37.3431756Z [36;1mif [[ $toolchain == nightly && -n $components ]]; then flags+=(--allow-downgrade); fi[0m
2026-10-09T02:35:37.3432198Z [36;1mlog=$(mktemp)[0m
2026-10-09T02:35:37.3432435Z [36;1mtrap 'rm -f "$log"' EXIT[0m
2026-10-09T02:35:37.3432698Z [36;1mfor attempt in 1 2 3 4 5; do[0m
2026-10-09T02:35:37.3433277Z [36;1m  if rustup toolchain install "$toolchain" "${flags[@]}" --profile minimal --no-self-update --force-non-host 2>&1 | tee "$log"; then[0m
2026-10-09T02:35:37.3433850Z [36;1m    break[0m
2026-10-09T02:35:37.3434052Z [36;1m  else[0m
2026-10-09T02:35:37.3434264Z [36;1m    status=$?[0m
2026-10-09T02:35:37.3434478Z [36;1m  fi[0m
2026-10-09T02:35:37.3434778Z [36;1m  if [[ $attempt == 5 ]] || ! grep -Fq 'checksum failed for ' "$log" \[0m
2026-10-09T02:35:37.3435349Z [36;1m      || ! grep -Fq 'this is likely due to an ongoing update of the official release server' "$log"; then[0m
2026-10-09T02:35:37.3435997Z [36;1m    exit "$status"[0m
2026-10-09T02:35:37.3436227Z [36;1m  fi[0m
2026-10-09T02:35:37.3436589Z [36;1m  echo "Retrying rustup toolchain install in 30 seconds (retry $attempt of 4)" >&2[0m
2026-10-09T02:35:37.3437014Z [36;1m  sleep 30[0m
2026-10-09T02:35:37.3437218Z [36;1mdone[0m
2026-10-09T02:35:37.3494292Z shell: /usr/bin/bash --noprofile --norc -e -o pipefail {0}
2026-10-09T02:35:37.3494650Z env:
2026-10-09T02:35:37.3494856Z   CARGO_TERM_COLOR: never
2026-10-09T02:35:37.3495110Z   PYTHONDONTWRITEBYTECODE: 1
2026-10-09T02:35:37.3495360Z   CARGO_INCREMENTAL: 0
2026-10-09T02:35:37.3495597Z   CARGO_PROFILE_DEV_DEBUG: 0
2026-10-09T02:35:37.3496008Z   CARGO_PROFILE_TEST_DEBUG: 0
2026-10-09T02:35:37.3496249Z   CARGO_BUILD_JOBS: 2
2026-10-09T02:35:37.3496465Z   RUSTFLAGS: -D warnings
2026-10-09T02:35:37.3496701Z   CARGO_HOME: /home/runner/.cargo
2026-10-09T02:35:37.3496950Z   toolchain: 1.95.0
2026-10-09T02:35:37.3497148Z   targets: 
2026-10-09T02:35:37.3497345Z   components: 
2026-10-09T02:35:37.3521845Z   RUSTUP_PERMIT_COPY_RENAME: 1
2026-10-09T02:35:37.3522304Z ##[endgroup]
2026-10-09T02:35:37.4126991Z info: syncing channel updates for 1.95.0-x86_64-unknown-linux-gnu
2026-10-09T02:35:37.5936538Z info: latest update on 2026-04-16 for version 1.95.0 (59807616e 2026-04-14)
2026-10-09T02:35:37.5937129Z info: downloading 3 components
2026-10-09T02:35:45.0372649Z 
2026-10-09T02:35:45.0444474Z   1.95.0-x86_64-unknown-linux-gnu installed - rustc 1.95.0 (59807616e 2026-04-14)
2026-10-09T02:35:45.0444991Z 
2026-10-09T02:35:45.0519078Z ##[end-action id=__dtolnay_rust-toolchain.__run_4;outcome=success;conclusion=success;duration_ms=7711]
2026-10-09T02:35:45.0529537Z ##[start-action display=rustup default 1.95.0;id=__dtolnay_rust-toolchain.__run_5]
2026-10-09T02:35:45.0555485Z ##[group]Run rustup default "$toolchain" --force-non-host
2026-10-09T02:35:45.0555901Z [36;1mrustup default "$toolchain" --force-non-host[0m
2026-10-09T02:35:45.0620283Z shell: /usr/bin/bash --noprofile --norc -e -o pipefail {0}
2026-10-09T02:35:45.0620698Z env:
2026-10-09T02:35:45.0620933Z   CARGO_TERM_COLOR: never
2026-10-09T02:35:45.0621227Z   PYTHONDONTWRITEBYTECODE: 1
2026-10-09T02:35:45.0621519Z   CARGO_INCREMENTAL: 0
2026-10-09T02:35:45.0621779Z   CARGO_PROFILE_DEV_DEBUG: 0
2026-10-09T02:35:45.0622064Z   CARGO_PROFILE_TEST_DEBUG: 0
2026-10-09T02:35:45.0622341Z   CARGO_BUILD_JOBS: 2
2026-10-09T02:35:45.0622594Z   RUSTFLAGS: -D warnings
2026-10-09T02:35:45.0622872Z   CARGO_HOME: /home/runner/.cargo
2026-10-09T02:35:45.0623165Z   toolchain: 1.95.0
2026-10-09T02:35:45.0623411Z ##[endgroup]
2026-10-09T02:35:45.0743753Z info: using existing install for 1.95.0-x86_64-unknown-linux-gnu
2026-10-09T02:35:45.0749630Z info: default toolchain set to 1.95.0-x86_64-unknown-linux-gnu
2026-10-09T02:35:45.0749988Z 
2026-10-09T02:35:45.0816785Z   1.95.0-x86_64-unknown-linux-gnu unchanged - rustc 1.95.0 (59807616e 2026-04-14)
2026-10-09T02:35:45.0817424Z 
2026-10-09T02:35:45.0834029Z ##[end-action id=__dtolnay_rust-toolchain.__run_5;outcome=success;conclusion=success;duration_ms=30]
2026-10-09T02:35:45.0838458Z ##[start-action display=Create cachekey;id=__dtolnay_rust-toolchain.rustc-version]
2026-10-09T02:35:45.0863353Z ##[group]Run DATE=$(rustc +"$toolchain" --version --verbose | sed -ne 's/^commit-date: \(20[0-9][0-9]\)-\([01][0-9]\)-\([0-3][0-9]\)$/\1\2\3/p')
2026-10-09T02:35:45.0864244Z [36;1mDATE=$(rustc +"$toolchain" --version --verbose | sed -ne 's/^commit-date: \(20[0-9][0-9]\)-\([01][0-9]\)-\([0-3][0-9]\)$/\1\2\3/p')[0m
2026-10-09T02:35:45.0864938Z [36;1mHASH=$(rustc +"$toolchain" --version --verbose | sed -ne 's/^commit-hash: //p')[0m
2026-10-09T02:35:45.0865477Z [36;1mecho "cachekey=$(echo $DATE$HASH | head -c12)" >> $GITHUB_OUTPUT[0m
2026-10-09T02:35:45.0928554Z shell: /usr/bin/bash --noprofile --norc -e -o pipefail {0}
2026-10-09T02:35:45.0928908Z env:
2026-10-09T02:35:45.0929113Z   CARGO_TERM_COLOR: never
2026-10-09T02:35:45.0929377Z   PYTHONDONTWRITEBYTECODE: 1
2026-10-09T02:35:45.0929811Z   CARGO_INCREMENTAL: 0
2026-10-09T02:35:45.0930040Z   CARGO_PROFILE_DEV_DEBUG: 0
2026-10-09T02:35:45.0930289Z   CARGO_PROFILE_TEST_DEBUG: 0
2026-10-09T02:35:45.0930540Z   CARGO_BUILD_JOBS: 2
2026-10-09T02:35:45.0930764Z   RUSTFLAGS: -D warnings
2026-10-09T02:35:45.0931011Z   CARGO_HOME: /home/runner/.cargo
2026-10-09T02:35:45.0931265Z   toolchain: 1.95.0
2026-10-09T02:35:45.0931474Z ##[endgroup]
2026-10-09T02:35:45.1274885Z ##[end-action id=__dtolnay_rust-toolchain.rustc-version;outcome=success;conclusion=success;duration_ms=43]
2026-10-09T02:35:45.1277822Z ##[start-action display=Disable incremental compilation;id=__dtolnay_rust-toolchain.__run_6]
2026-10-09T02:35:45.1305434Z ##[group]Run if [ -z "${CARGO_INCREMENTAL+set}" ]; then
2026-10-09T02:35:45.1305825Z [36;1mif [ -z "${CARGO_INCREMENTAL+set}" ]; then[0m
2026-10-09T02:35:45.1306167Z [36;1m  echo CARGO_INCREMENTAL=0 >> $GITHUB_ENV[0m
2026-10-09T02:35:45.1306456Z [36;1mfi[0m
2026-10-09T02:35:45.1372993Z shell: /usr/bin/bash --noprofile --norc -e -o pipefail {0}
2026-10-09T02:35:45.1373386Z env:
2026-10-09T02:35:45.1373607Z   CARGO_TERM_COLOR: never
2026-10-09T02:35:45.1373882Z   PYTHONDONTWRITEBYTECODE: 1
2026-10-09T02:35:45.1374156Z   CARGO_INCREMENTAL: 0
2026-10-09T02:35:45.1374400Z   CARGO_PROFILE_DEV_DEBUG: 0
2026-10-09T02:35:45.1374664Z   CARGO_PROFILE_TEST_DEBUG: 0
2026-10-09T02:35:45.1374929Z   CARGO_BUILD_JOBS: 2
2026-10-09T02:35:45.1375179Z   RUSTFLAGS: -D warnings
2026-10-09T02:35:45.1375437Z   CARGO_HOME: /home/runner/.cargo
2026-10-09T02:35:45.1375713Z ##[endgroup]
2026-10-09T02:35:45.1468585Z ##[end-action id=__dtolnay_rust-toolchain.__run_6;outcome=success;conclusion=success;duration_ms=18]
2026-10-09T02:35:45.1471078Z ##[start-action display=Enable colors in Cargo output;id=__dtolnay_rust-toolchain.__run_7]
2026-10-09T02:35:45.1495513Z ##[group]Run if [ -z "${CARGO_TERM_COLOR+set}" ]; then
2026-10-09T02:35:45.1495875Z [36;1mif [ -z "${CARGO_TERM_COLOR+set}" ]; then[0m
2026-10-09T02:35:45.1496217Z [36;1m  echo CARGO_TERM_COLOR=always >> $GITHUB_ENV[0m
2026-10-09T02:35:45.1496525Z [36;1mfi[0m
2026-10-09T02:35:45.1557795Z shell: /usr/bin/bash --noprofile --norc -e -o pipefail {0}
2026-10-09T02:35:45.1558441Z env:
2026-10-09T02:35:45.1558654Z   CARGO_TERM_COLOR: never
2026-10-09T02:35:45.1558938Z   PYTHONDONTWRITEBYTECODE: 1
2026-10-09T02:35:45.1559216Z   CARGO_INCREMENTAL: 0
2026-10-09T02:35:45.1559460Z   CARGO_PROFILE_DEV_DEBUG: 0
2026-10-09T02:35:45.1559725Z   CARGO_PROFILE_TEST_DEBUG: 0
2026-10-09T02:35:45.1559987Z   CARGO_BUILD_JOBS: 2
2026-10-09T02:35:45.1560228Z   RUSTFLAGS: -D warnings
2026-10-09T02:35:45.1560489Z   CARGO_HOME: /home/runner/.cargo
2026-10-09T02:35:45.1560757Z ##[endgroup]
2026-10-09T02:35:45.1647418Z ##[end-action id=__dtolnay_rust-toolchain.__run_7;outcome=success;conclusion=success;duration_ms=17]
2026-10-09T02:35:45.1651609Z ##[start-action display=Enable Cargo sparse registry;id=__dtolnay_rust-toolchain.__run_8]
2026-10-09T02:35:45.1677285Z ##[group]Run # implemented in 1.66, stabilized in 1.68, made default in 1.70
2026-10-09T02:35:45.1677801Z [36;1m# implemented in 1.66, stabilized in 1.68, made default in 1.70[0m
2026-10-09T02:35:45.1678858Z [36;1mif [ -z "${CARGO_REGISTRIES_CRATES_IO_PROTOCOL+set}" -o -f "/home/runner/work/_temp"/.implicit_cargo_registries_crates_io_protocol ]; then[0m
2026-10-09T02:35:45.1679630Z [36;1m  if rustc +"$toolchain" --version --verbose | grep -q '^release: 1\.6[89]\.'; then[0m
2026-10-09T02:35:45.1680236Z [36;1m    touch "/home/runner/work/_temp"/.implicit_cargo_registries_crates_io_protocol || true[0m
2026-10-09T02:35:45.1680781Z [36;1m    echo CARGO_REGISTRIES_CRATES_IO_PROTOCOL=sparse >> $GITHUB_ENV[0m
2026-10-09T02:35:45.1681318Z [36;1m  elif rustc +"$toolchain" --version --verbose | grep -q '^release: 1\.6[67]\.'; then[0m
2026-10-09T02:35:45.1681907Z [36;1m    touch "/home/runner/work/_temp"/.implicit_cargo_registries_crates_io_protocol || true[0m
2026-10-09T02:35:45.1682435Z [36;1m    echo CARGO_REGISTRIES_CRATES_IO_PROTOCOL=git >> $GITHUB_ENV[0m
2026-10-09T02:35:45.1682991Z [36;1m  fi[0m
2026-10-09T02:35:45.1683185Z [36;1mfi[0m
2026-10-09T02:35:45.1744603Z shell: /usr/bin/bash --noprofile --norc -e -o pipefail {0}
2026-10-09T02:35:45.1744950Z env:
2026-10-09T02:35:45.1745150Z   CARGO_TERM_COLOR: never
2026-10-09T02:35:45.1745414Z   PYTHONDONTWRITEBYTECODE: 1
2026-10-09T02:35:45.1745662Z   CARGO_INCREMENTAL: 0
2026-10-09T02:35:45.1745881Z   CARGO_PROFILE_DEV_DEBUG: 0
2026-10-09T02:35:45.1746120Z   CARGO_PROFILE_TEST_DEBUG: 0
2026-10-09T02:35:45.1746358Z   CARGO_BUILD_JOBS: 2
2026-10-09T02:35:45.1746569Z   RUSTFLAGS: -D warnings
2026-10-09T02:35:45.1746802Z   CARGO_HOME: /home/runner/.cargo
2026-10-09T02:35:45.1747053Z   toolchain: 1.95.0
2026-10-09T02:35:45.1747440Z ##[endgroup]
2026-10-09T02:35:45.2067873Z ##[end-action id=__dtolnay_rust-toolchain.__run_8;outcome=success;conclusion=success;duration_ms=41]
2026-10-09T02:35:45.2073012Z ##[start-action display=Work around spurious network errors in curl 8.0;id=__dtolnay_rust-toolchain.__run_9]
2026-10-09T02:35:45.2098326Z ##[group]Run # https://rust-lang.zulipchat.com/#narrow/stream/246057-t-cargo/topic/timeout.20investigation
2026-10-09T02:35:45.2099147Z [36;1m# https://rust-lang.zulipchat.com/#narrow/stream/246057-t-cargo/topic/timeout.20investigation[0m
2026-10-09T02:35:45.2099792Z [36;1mif rustc +"$toolchain" --version --verbose | grep -q '^release: 1\.7[01]\.'; then[0m
2026-10-09T02:35:45.2100280Z [36;1m  echo CARGO_HTTP_MULTIPLEXING=false >> $GITHUB_ENV[0m
2026-10-09T02:35:45.2100596Z [36;1mfi[0m
2026-10-09T02:35:45.2167499Z shell: /usr/bin/bash --noprofile --norc -e -o pipefail {0}
2026-10-09T02:35:45.2167876Z env:
2026-10-09T02:35:45.2168318Z   CARGO_TERM_COLOR: never
2026-10-09T02:35:45.2168632Z   PYTHONDONTWRITEBYTECODE: 1
2026-10-09T02:35:45.2168930Z   CARGO_INCREMENTAL: 0
2026-10-09T02:35:45.2169196Z   CARGO_PROFILE_DEV_DEBUG: 0
2026-10-09T02:35:45.2169479Z   CARGO_PROFILE_TEST_DEBUG: 0
2026-10-09T02:35:45.2169761Z   CARGO_BUILD_JOBS: 2
2026-10-09T02:35:45.2170017Z   RUSTFLAGS: -D warnings
2026-10-09T02:35:45.2170300Z   CARGO_HOME: /home/runner/.cargo
2026-10-09T02:35:45.2170594Z   toolchain: 1.95.0
2026-10-09T02:35:45.2170833Z ##[endgroup]
2026-10-09T02:35:45.2374084Z ##[end-action id=__dtolnay_rust-toolchain.__run_9;outcome=success;conclusion=success;duration_ms=30]
2026-10-09T02:35:45.2379952Z ##[start-action display=rustc +1.95.0 --version --verbose;id=__dtolnay_rust-toolchain.__run_10]
2026-10-09T02:35:45.2404265Z ##[group]Run rustc +"$toolchain" --version --verbose
2026-10-09T02:35:45.2404639Z [36;1mrustc +"$toolchain" --version --verbose[0m
2026-10-09T02:35:45.2469017Z shell: /usr/bin/bash --noprofile --norc -e -o pipefail {0}
2026-10-09T02:35:45.2469376Z env:
2026-10-09T02:35:45.2469601Z   CARGO_TERM_COLOR: never
2026-10-09T02:35:45.2469864Z   PYTHONDONTWRITEBYTECODE: 1
2026-10-09T02:35:45.2470127Z   CARGO_INCREMENTAL: 0
2026-10-09T02:35:45.2470355Z   CARGO_PROFILE_DEV_DEBUG: 0
2026-10-09T02:35:45.2470600Z   CARGO_PROFILE_TEST_DEBUG: 0
2026-10-09T02:35:45.2470843Z   CARGO_BUILD_JOBS: 2
2026-10-09T02:35:45.2471072Z   RUSTFLAGS: -D warnings
2026-10-09T02:35:45.2471322Z   CARGO_HOME: /home/runner/.cargo
2026-10-09T02:35:45.2471576Z   toolchain: 1.95.0
2026-10-09T02:35:45.2471782Z ##[endgroup]
2026-10-09T02:35:45.2682656Z rustc 1.95.0 (59807616e 2026-04-14)
2026-10-09T02:35:45.2683374Z binary: rustc
2026-10-09T02:35:45.2684267Z commit-hash: 59807616e1fa2540724bfbac14d7976d7e4a3860
2026-10-09T02:35:45.2684999Z commit-date: 2026-04-14
2026-10-09T02:35:45.2685595Z host: x86_64-unknown-linux-gnu
2026-10-09T02:35:45.2686295Z release: 1.95.0
2026-10-09T02:35:45.2686691Z LLVM version: 22.1.2
2026-10-09T02:35:45.2701038Z ##[end-action id=__dtolnay_rust-toolchain.__run_10;outcome=success;conclusion=success;duration_ms=32]
2026-10-09T02:35:45.2781290Z ##[group]Run set -o pipefail
2026-10-09T02:35:45.2781614Z [36;1mset -o pipefail[0m
2026-10-09T02:35:45.2781893Z [36;1mmkdir -p "$RUNNER_TEMP/p7-offline"[0m
2026-10-09T02:35:45.2782359Z [36;1mpython3 -m unittest discover -s scripts/tests -p test_p7_offline_network.py -v \[0m
2026-10-09T02:35:45.2783066Z [36;1m  2>&1 | tee "$RUNNER_TEMP/p7-offline/network-controls.log"[0m
2026-10-09T02:35:45.2783570Z [36;1mrustc --edition 2021 --test crates/cc-eval/tests/support/p7_procfs.rs \[0m
2026-10-09T02:35:45.2784032Z [36;1m  -o "$RUNNER_TEMP/p7-offline/procfs-controls"[0m
2026-10-09T02:35:45.2784430Z [36;1m"$RUNNER_TEMP/p7-offline/procfs-controls" --nocapture \[0m
2026-10-09T02:35:45.2784865Z [36;1m  2>&1 | tee "$RUNNER_TEMP/p7-offline/procfs-controls.log"[0m
2026-10-09T02:35:45.2847714Z shell: /usr/bin/bash -e {0}
2026-10-09T02:35:45.2848215Z env:
2026-10-09T02:35:45.2848425Z   CARGO_TERM_COLOR: never
2026-10-09T02:35:45.2848690Z   PYTHONDONTWRITEBYTECODE: 1
2026-10-09T02:35:45.2848975Z   CARGO_INCREMENTAL: 0
2026-10-09T02:35:45.2849200Z   CARGO_PROFILE_DEV_DEBUG: 0
2026-10-09T02:35:45.2849440Z   CARGO_PROFILE_TEST_DEBUG: 0
2026-10-09T02:35:45.2849672Z   CARGO_BUILD_JOBS: 2
2026-10-09T02:35:45.2849888Z   RUSTFLAGS: -D warnings
2026-10-09T02:35:45.2850128Z   CARGO_HOME: /home/runner/.cargo
2026-10-09T02:35:45.2850374Z ##[endgroup]
2026-10-09T02:35:46.0236782Z test_actual_ipv4_ipv6_socket_attempts_are_process_fatal (test_p7_offline_network.NetworkGuardTests.test_actual_ipv4_ipv6_socket_attempts_are_process_fatal) ... ok
2026-10-09T02:35:47.7259549Z test_addressed_receives_wrong_flags_and_descriptor_import_remain_fatal (test_p7_offline_network.NetworkGuardTests.test_addressed_receives_wrong_flags_and_descriptor_import_remain_fatal) ... ok
2026-10-09T02:35:47.9689362Z test_anonymous_unix_stream_ipc_works_under_both_network_policies (test_p7_offline_network.NetworkGuardTests.test_anonymous_unix_stream_ipc_works_under_both_network_policies) ... ok
2026-10-09T02:35:47.9692541Z test_early_sigsys_cannot_pass_without_reaching_the_socket (test_p7_offline_network.NetworkGuardTests.test_early_sigsys_cannot_pass_without_reaching_the_socket) ... ok
2026-10-09T02:35:48.0956819Z test_errno_parent_policy_is_inherited_across_exec (test_p7_offline_network.NetworkGuardTests.test_errno_parent_policy_is_inherited_across_exec) ... ok
2026-10-09T02:35:48.1636689Z test_existing_receipt_is_rejected_without_overwrite (test_p7_offline_network.NetworkGuardTests.test_existing_receipt_is_rejected_without_overwrite) ... ok
2026-10-09T02:35:49.2371794Z test_external_pair_addressable_unix_socket_and_connect_are_still_fatal (test_p7_offline_network.NetworkGuardTests.test_external_pair_addressable_unix_socket_and_connect_are_still_fatal) ... ok
2026-10-09T02:35:49.3227578Z test_kill_policy_runs_a_non_network_command_with_distinct_identity (test_p7_offline_network.NetworkGuardTests.test_kill_policy_runs_a_non_network_command_with_distinct_identity) ... ok
2026-10-09T02:35:49.3237222Z test_normal_exit_cannot_pass_the_kill_positive_control (test_p7_offline_network.NetworkGuardTests.test_normal_exit_cannot_pass_the_kill_positive_control) ... ok
2026-10-09T02:35:49.9299970Z test_probes_reach_explicit_ipv4_ipv6_syscalls_with_the_actual_empty_environment (test_p7_offline_network.NetworkGuardTests.test_probes_reach_explicit_ipv4_ipv6_syscalls_with_the_actual_empty_environment) ... ok
2026-10-09T02:35:50.3664375Z test_rust_spawn_anonymous_seqpacket_eof_and_eight_byte_error_under_both_policies (test_p7_offline_network.NetworkGuardTests.test_rust_spawn_anonymous_seqpacket_eof_and_eight_byte_error_under_both_policies) ... ok
2026-10-09T02:35:50.3668422Z 
2026-10-09T02:35:50.3668696Z ----------------------------------------------------------------------
2026-10-09T02:35:50.3669267Z Ran 11 tests in 4.721s
2026-10-09T02:35:50.3669488Z 
2026-10-09T02:35:50.3669606Z OK
2026-10-09T02:35:51.0448863Z 
2026-10-09T02:35:51.0458784Z running 7 tests
2026-10-09T02:35:51.0491647Z test tests::missing_proc_or_child_is_not_an_isolation_pass ... ok
2026-10-09T02:35:51.0493156Z test tests::namespace_child_resolves_to_host_proc_pid ... ok
2026-10-09T02:35:51.0494209Z test tests::unrelated_numeric_pid_cannot_supply_security_evidence ... ok
2026-10-09T02:35:51.0495513Z test tests::wrong_namespace_or_parent_is_rejected ... ok
2026-10-09T02:35:51.0496630Z test tests::wrong_observer_and_ambiguous_child_are_rejected ... ok
2026-10-09T02:35:51.0548831Z test tests::same_namespace_proc_mount_is_supported ... ok
2026-10-09T02:35:51.0735198Z P7_PROC_CHILD_IDENTITY {"NSpid": "2731", "NoNewPrivs": "0", "ObserverProcPid": "2727", "PidNamespace": "pid:[4026531836]", "ProcPid": "2731", "RequestedPid": "2731", "Seccomp": "0", "Seccomp_filters": "0", "identity": "same_pid_namespace_and_direct_parent"}
2026-10-09T02:35:51.0743531Z test tests::actual_sleep_child_has_bound_proc_identity ... ok
2026-10-09T02:35:51.0759776Z 
2026-10-09T02:35:51.0760627Z test result: ok. 7 passed; 0 failed; 0 ignored; 0 measured; 0 filtered out; finished in 0.03s
2026-10-09T02:35:51.0761460Z 
2026-10-09T02:35:51.1599593Z ##[group]Run sudo apt-get update -qq
2026-10-09T02:35:51.1600165Z [36;1msudo apt-get update -qq[0m
2026-10-09T02:35:51.1600616Z [36;1msudo apt-get install -y strace[0m
2026-10-09T02:35:51.1601450Z [36;1mpython3 scripts/p7_offline_trace.py controls --output "$RUNNER_TEMP/p7-offline/trace-controls"[0m
2026-10-09T02:35:51.1688486Z shell: /usr/bin/bash -e {0}
2026-10-09T02:35:51.1688897Z env:
2026-10-09T02:35:51.1689218Z   CARGO_TERM_COLOR: never
2026-10-09T02:35:51.1689644Z   PYTHONDONTWRITEBYTECODE: 1
2026-10-09T02:35:51.1690068Z   CARGO_INCREMENTAL: 0
2026-10-09T02:35:51.1690463Z   CARGO_PROFILE_DEV_DEBUG: 0
2026-10-09T02:35:51.1690866Z   CARGO_PROFILE_TEST_DEBUG: 0
2026-10-09T02:35:51.1691257Z   CARGO_BUILD_JOBS: 2
2026-10-09T02:35:51.1691629Z   RUSTFLAGS: -D warnings
2026-10-09T02:35:51.1692019Z   CARGO_HOME: /home/runner/.cargo
2026-10-09T02:35:51.1692439Z ##[endgroup]
2026-10-09T02:35:58.7989403Z Reading package lists...
2026-10-09T02:35:59.1499362Z Building dependency tree...
2026-10-09T02:35:59.1518823Z Reading state information...
2026-10-09T02:35:59.6473872Z strace is already the newest version (6.8-0ubuntu2).
2026-10-09T02:35:59.6474800Z strace set to manually installed.
2026-10-09T02:35:59.6487872Z 0 upgraded, 0 newly installed, 0 to remove and 23 not upgraded.
2026-10-09T02:36:00.4012003Z {"status": "passed", "output": "/home/runner/work/_temp/p7-offline/trace-controls"}
2026-10-09T02:36:00.4145993Z ##[group]Run python3 scripts/p7_stdio_build_receipt.py --package-kind 'default' \
2026-10-09T02:36:00.4147044Z [36;1mpython3 scripts/p7_stdio_build_receipt.py --package-kind 'default' \[0m
2026-10-09T02:36:00.4147862Z [36;1m  --output-dir "$RUNNER_TEMP/p7-offline/product" \[0m
2026-10-09T02:36:00.4148862Z [36;1m  > "$RUNNER_TEMP/p7-offline/product-build-summary.json"[0m
2026-10-09T02:36:00.4211111Z shell: /usr/bin/bash -e {0}
2026-10-09T02:36:00.4211371Z env:
2026-10-09T02:36:00.4211575Z   CARGO_TERM_COLOR: never
2026-10-09T02:36:00.4211840Z   PYTHONDONTWRITEBYTECODE: 1
2026-10-09T02:36:00.4212100Z   CARGO_INCREMENTAL: 0
2026-10-09T02:36:00.4212339Z   CARGO_PROFILE_DEV_DEBUG: 0
2026-10-09T02:36:00.4212592Z   CARGO_PROFILE_TEST_DEBUG: 0
2026-10-09T02:36:00.4212834Z   CARGO_BUILD_JOBS: 2
2026-10-09T02:36:00.4213058Z   RUSTFLAGS: -D warnings
2026-10-09T02:36:00.4213361Z   CARGO_HOME: /home/runner/.cargo
2026-10-09T02:36:00.4213611Z ##[endgroup]
2026-10-09T02:37:06.2503354Z ##[group]Run python3 - <<'PY'
2026-10-09T02:37:06.2503717Z [36;1mpython3 - <<'PY'[0m
2026-10-09T02:37:06.2503964Z [36;1mimport os, pathlib, sys[0m
2026-10-09T02:37:06.2504239Z [36;1msys.path.insert(0, 'scripts')[0m
2026-10-09T02:37:06.2504596Z [36;1mfrom p7_build_identity import json_bytes, source_snapshot[0m
2026-10-09T02:37:06.2505050Z [36;1mout = pathlib.Path(os.environ['RUNNER_TEMP']) / 'p7-offline'[0m
2026-10-09T02:37:06.2505639Z [36;1m(out / 'runner-source-before.json').write_bytes(json_bytes(source_snapshot(pathlib.Path.cwd())))[0m
2026-10-09T02:37:06.2506137Z [36;1mPY[0m
2026-10-09T02:37:06.2506461Z [36;1mcargo test -p cc-eval --test benchmark_adapters --locked --no-run \[0m
2026-10-09T02:37:06.2506903Z [36;1m  --message-format=json-render-diagnostics \[0m
2026-10-09T02:37:06.2507280Z [36;1m  > "$RUNNER_TEMP/p7-offline/runner-build.jsonl" \[0m
2026-10-09T02:37:06.2507854Z [36;1m  2> "$RUNNER_TEMP/p7-offline/runner-build.stderr.log"[0m
2026-10-09T02:37:06.2508613Z [36;1mpython3 - <<'PY'[0m
2026-10-09T02:37:06.2508963Z [36;1mimport hashlib, json, os, pathlib, sys[0m
2026-10-09T02:37:06.2509280Z [36;1msys.path.insert(0, 'scripts')[0m
2026-10-09T02:37:06.2509643Z [36;1mfrom p7_build_identity import json_bytes, source_snapshot[0m
2026-10-09T02:37:06.2510102Z [36;1mout = pathlib.Path(os.environ['RUNNER_TEMP']) / 'p7-offline'[0m
2026-10-09T02:37:06.2510590Z [36;1mbefore = json.loads((out / 'runner-source-before.json').read_text())[0m
2026-10-09T02:37:06.2511048Z [36;1mafter = source_snapshot(pathlib.Path.cwd())[0m
2026-10-09T02:37:06.2511468Z [36;1massert before == after, 'runner source changed during compilation'[0m
2026-10-09T02:37:06.2511998Z [36;1m(out / 'runner-source-inputs.json').write_bytes(json_bytes(before['inputs']))[0m
2026-10-09T02:37:06.2512594Z [36;1mrows = [json.loads(line) for line in (out / 'runner-build.jsonl').read_text().splitlines()][0m
2026-10-09T02:37:06.2513190Z [36;1martifacts = [x for x in rows if x.get('reason') == 'compiler-artifact'[0m
2026-10-09T02:37:06.2513673Z [36;1m             and x.get('target', {}).get('name') == 'benchmark_adapters'[0m
2026-10-09T02:37:06.2514052Z [36;1m             and x.get('executable')][0m
2026-10-09T02:37:06.2514367Z [36;1massert len(artifacts) == 1, artifacts[0m
2026-10-09T02:37:06.2514721Z [36;1mbinary = pathlib.Path(artifacts[0]['executable'])[0m
2026-10-09T02:37:06.2515088Z [36;1mreceipt = {'cargo_artifact': artifacts[0],[0m
2026-10-09T02:37:06.2515481Z [36;1m           'sha256': hashlib.sha256(binary.read_bytes()).hexdigest(),[0m
2026-10-09T02:37:06.2515947Z [36;1m           'source_before': {k:v for k,v in before.items() if k != 'inputs'},[0m
2026-10-09T02:37:06.2516419Z [36;1m           'source_after': {k:v for k,v in after.items() if k != 'inputs'}}[0m
2026-10-09T02:37:06.2516929Z [36;1m(out / 'runner-identity.json').write_text(json.dumps(receipt, indent=2) + '\n')[0m
2026-10-09T02:37:06.2517406Z [36;1mwith open(os.environ['GITHUB_ENV'], 'a') as env:[0m
2026-10-09T02:37:06.2517800Z [36;1m    env.write('P7_OFFLINE_RUNNER=' + str(binary) + '\n')[0m
2026-10-09T02:37:06.2518387Z [36;1mPY[0m
2026-10-09T02:37:06.2578686Z shell: /usr/bin/bash -e {0}
2026-10-09T02:37:06.2578944Z env:
2026-10-09T02:37:06.2579149Z   CARGO_TERM_COLOR: never
2026-10-09T02:37:06.2579410Z   PYTHONDONTWRITEBYTECODE: 1
2026-10-09T02:37:06.2579661Z   CARGO_INCREMENTAL: 0
2026-10-09T02:37:06.2579890Z   CARGO_PROFILE_DEV_DEBUG: 0
2026-10-09T02:37:06.2580132Z   CARGO_PROFILE_TEST_DEBUG: 0
2026-10-09T02:37:06.2580365Z   CARGO_BUILD_JOBS: 2
2026-10-09T02:37:06.2580579Z   RUSTFLAGS: -D warnings
2026-10-09T02:37:06.2580829Z   CARGO_HOME: /home/runner/.cargo
2026-10-09T02:37:06.2581190Z   CARGO_TARGET_DIR: /home/runner/work/_temp/p7-offline-runner-target
2026-10-09T02:37:06.2581560Z ##[endgroup]
2026-10-09T02:38:19.1875580Z ##[group]Run set -o pipefail
2026-10-09T02:38:19.1875907Z [36;1mset -o pipefail[0m
2026-10-09T02:38:19.1876307Z [36;1mpython3 scripts/p7_offline_trace.py run --package-kind 'default' \[0m
2026-10-09T02:38:19.1876836Z [36;1m  --product "$RUNNER_TEMP/p7-offline/product/codecortex" \[0m
2026-10-09T02:38:19.1877352Z [36;1m  --build-receipt "$RUNNER_TEMP/p7-offline/product/build-receipt.json" \[0m
2026-10-09T02:38:19.1878246Z [36;1m  --runner "$P7_OFFLINE_RUNNER" --runner-receipt "$RUNNER_TEMP/p7-offline/runner-identity.json" \[0m
2026-10-09T02:38:19.1878850Z [36;1m  --output "$RUNNER_TEMP/p7-offline/trace-matrix" \[0m
2026-10-09T02:38:19.1879254Z [36;1m  2>&1 | tee "$RUNNER_TEMP/p7-offline/product-matrix.log"[0m
2026-10-09T02:38:19.1939759Z shell: /usr/bin/bash -e {0}
2026-10-09T02:38:19.1940031Z env:
2026-10-09T02:38:19.1940244Z   CARGO_TERM_COLOR: never
2026-10-09T02:38:19.1940521Z   PYTHONDONTWRITEBYTECODE: 1
2026-10-09T02:38:19.1940807Z   CARGO_INCREMENTAL: 0
2026-10-09T02:38:19.1941087Z   CARGO_PROFILE_DEV_DEBUG: 0
2026-10-09T02:38:19.1941349Z   CARGO_PROFILE_TEST_DEBUG: 0
2026-10-09T02:38:19.1941793Z   CARGO_BUILD_JOBS: 2
2026-10-09T02:38:19.1942028Z   RUSTFLAGS: -D warnings
2026-10-09T02:38:19.1942288Z   CARGO_HOME: /home/runner/.cargo
2026-10-09T02:38:19.1942862Z   P7_OFFLINE_RUNNER: /home/runner/work/_temp/p7-offline-runner-target/debug/deps/benchmark_adapters-230576f9c95c95fb
2026-10-09T02:38:19.1943647Z   CODECORTEX_BENCH_BINARY: /home/runner/work/_temp/p7-offline/product/codecortex
2026-10-09T02:38:19.1944105Z   P7_017_PACKAGE_KIND: default
2026-10-09T02:38:19.1944534Z   P7_017_BUILD_RECEIPT: /home/runner/work/_temp/p7-offline/product/build-receipt.json
2026-10-09T02:38:19.1945165Z   CODECORTEX_BENCH_OBSERVATIONS: /home/runner/work/_temp/p7-offline/observations.jsonl
2026-10-09T02:38:19.1945641Z ##[endgroup]
2026-10-09T02:38:35.3227368Z {"status": "passed", "output": "/home/runner/work/_temp/p7-offline/trace-matrix"}
2026-10-09T02:38:35.3351785Z ##[group]Run python3 -B scripts/p8_candidate_execution.py build-runner \
2026-10-09T02:38:35.3352347Z [36;1mpython3 -B scripts/p8_candidate_execution.py build-runner \[0m
2026-10-09T02:38:35.3352821Z [36;1m  --output "$RUNNER_TEMP/p7-offline/p8-runner-build" \[0m
2026-10-09T02:38:35.3353265Z [36;1m  --target-dir "$RUNNER_TEMP/p7-offline/product/cargo-target"[0m
2026-10-09T02:38:35.3413381Z shell: /usr/bin/bash -e {0}
2026-10-09T02:38:35.3413650Z env:
2026-10-09T02:38:35.3413862Z   CARGO_TERM_COLOR: never
2026-10-09T02:38:35.3414136Z   PYTHONDONTWRITEBYTECODE: 1
2026-10-09T02:38:35.3414407Z   CARGO_INCREMENTAL: 0
2026-10-09T02:38:35.3414648Z   CARGO_PROFILE_DEV_DEBUG: 0
2026-10-09T02:38:35.3414908Z   CARGO_PROFILE_TEST_DEBUG: 0
2026-10-09T02:38:35.3415163Z   CARGO_BUILD_JOBS: 2
2026-10-09T02:38:35.3415397Z   RUSTFLAGS: -D warnings
2026-10-09T02:38:35.3415650Z   CARGO_HOME: /home/runner/.cargo
2026-10-09T02:38:35.3416266Z   P7_OFFLINE_RUNNER: /home/runner/work/_temp/p7-offline-runner-target/debug/deps/benchmark_adapters-230576f9c95c95fb
2026-10-09T02:38:35.3416855Z ##[endgroup]
2026-10-09T02:39:07.7090052Z {"status": "runner_built", "binary": "/home/runner/work/_temp/p7-offline/p8-runner-build/cc-eval", "receipt": "/home/runner/work/_temp/p7-offline/p8-runner-build/build-receipt.json", "source": {"source_commit": "a23bb72d3c954f385b99fe81ce9189885c208557", "source_tree": "58147c952505c44da1f41eb4b9c31643f2303b96", "input_count": 1087, "manifest_sha256": "4e0aa6bbfd4d5bea00416bca2cd99318d865ffc526fdcb45897c4d300de3ac00"}}
2026-10-09T02:39:07.7221684Z ##[group]Run python3 -B scripts/p8_candidate_execution.py run \
2026-10-09T02:39:07.7222191Z [36;1mpython3 -B scripts/p8_candidate_execution.py run \[0m
2026-10-09T02:39:07.7222637Z [36;1m  --product "$RUNNER_TEMP/p7-offline/product/codecortex" \[0m
2026-10-09T02:39:07.7223186Z [36;1m  --product-build-receipt "$RUNNER_TEMP/p7-offline/product/build-receipt.json" \[0m
2026-10-09T02:39:07.7223735Z [36;1m  --runner "$RUNNER_TEMP/p7-offline/p8-runner-build/cc-eval" \[0m
2026-10-09T02:39:07.7224290Z [36;1m  --runner-build-receipt "$RUNNER_TEMP/p7-offline/p8-runner-build/build-receipt.json" \[0m
2026-10-09T02:39:07.7224814Z [36;1m  --expected-source-commit "$EXACT_SOURCE" \[0m
2026-10-09T02:39:07.7225214Z [36;1m  --output "$RUNNER_TEMP/p7-offline/p8-candidate-execution"[0m
2026-10-09T02:39:07.7287752Z shell: /usr/bin/bash -e {0}
2026-10-09T02:39:07.7288313Z env:
2026-10-09T02:39:07.7288531Z   CARGO_TERM_COLOR: never
2026-10-09T02:39:07.7288814Z   PYTHONDONTWRITEBYTECODE: 1
2026-10-09T02:39:07.7289119Z   CARGO_INCREMENTAL: 0
2026-10-09T02:39:07.7289369Z   CARGO_PROFILE_DEV_DEBUG: 0
2026-10-09T02:39:07.7289636Z   CARGO_PROFILE_TEST_DEBUG: 0
2026-10-09T02:39:07.7289896Z   CARGO_BUILD_JOBS: 2
2026-10-09T02:39:07.7290134Z   RUSTFLAGS: -D warnings
2026-10-09T02:39:07.7290401Z   CARGO_HOME: /home/runner/.cargo
2026-10-09T02:39:07.7291016Z   P7_OFFLINE_RUNNER: /home/runner/work/_temp/p7-offline-runner-target/debug/deps/benchmark_adapters-230576f9c95c95fb
2026-10-09T02:39:07.7291677Z   EXACT_SOURCE: a23bb72d3c954f385b99fe81ce9189885c208557
2026-10-09T02:39:07.7292021Z ##[endgroup]
2026-10-09T02:39:35.8605414Z {"actual_build_profile": "dev", "archive": {"archive": "/home/runner/work/_temp/p7-offline/p8-candidate-execution/archives/p8-candidate-5d9fb39a7b6a-26e7eb140403-9602d8f208c3-8f3c1cead13a", "archive_sha256": "a8366ce58186f8583e937d8229f5793ea9003354b684c778cc72b552586b5da3", "corpus_content_status": "verified_explicit_corpus_files", "gate": {"candidate_sha256": "5d9fb39a7b6a310d1d258e1c36e099f104fe0229b8d48d6ba7004ae6b84362b4", "exit_code": 0, "status": "baseline_recorded_not_quality_certified"}, "latest_updated": false, "scope": "local_engineering_only", "status": "archived_local_evidence"}, "candidate_sha256": "5d9fb39a7b6a310d1d258e1c36e099f104fe0229b8d48d6ba7004ae6b84362b4", "measured_rows": 1, "release_certified": false, "status": "executed_frozen_candidate"}
2026-10-09T02:39:35.8782816Z ##[group]Run actions/upload-artifact@v4
2026-10-09T02:39:35.8783118Z with:
2026-10-09T02:39:35.8783426Z   name: p7-offline-default-a23bb72d3c954f385b99fe81ce9189885c208557
2026-10-09T02:39:35.8784024Z   path: /home/runner/work/_temp/p7-offline
!/home/runner/work/_temp/p7-offline/product/cargo-target

2026-10-09T02:39:35.8784506Z   include-hidden-files: true
2026-10-09T02:39:35.8784759Z   if-no-files-found: error
2026-10-09T02:39:35.8784993Z   compression-level: 6
2026-10-09T02:39:35.8785217Z   overwrite: false
2026-10-09T02:39:35.8785413Z env:
2026-10-09T02:39:35.8785604Z   CARGO_TERM_COLOR: never
2026-10-09T02:39:35.8785846Z   PYTHONDONTWRITEBYTECODE: 1
2026-10-09T02:39:35.8786089Z   CARGO_INCREMENTAL: 0
2026-10-09T02:39:35.8786304Z   CARGO_PROFILE_DEV_DEBUG: 0
2026-10-09T02:39:35.8786535Z   CARGO_PROFILE_TEST_DEBUG: 0
2026-10-09T02:39:35.8786774Z   CARGO_BUILD_JOBS: 2
2026-10-09T02:39:35.8786987Z   RUSTFLAGS: -D warnings
2026-10-09T02:39:35.8787239Z   CARGO_HOME: /home/runner/.cargo
2026-10-09T02:39:35.8787755Z   P7_OFFLINE_RUNNER: /home/runner/work/_temp/p7-offline-runner-target/debug/deps/benchmark_adapters-230576f9c95c95fb
2026-10-09T02:39:35.8788747Z ##[endgroup]
2026-10-09T02:39:36.0500345Z (node:12924) [DEP0040] DeprecationWarning: The `punycode` module is deprecated. Please use a userland alternative instead.
2026-10-09T02:39:36.0501233Z (Use `node --trace-deprecation ...` to show where the warning was created)
2026-10-09T02:39:36.7748791Z With the provided path, there will be 2749 files uploaded
2026-10-09T02:39:36.7754878Z Artifact name is valid!
2026-10-09T02:39:36.7755619Z Root directory input is valid!
2026-10-09T02:39:37.0163822Z Beginning upload of artifact content to blob storage
2026-10-09T02:39:37.9994298Z (node:12924) [DEP0169] DeprecationWarning: `url.parse()` behavior is not standardized and prone to errors that have security implications. Use the WHATWG URL API instead. CVEs are not issued for `url.parse()` vulnerabilities.
2026-10-09T02:39:38.1298059Z Uploaded bytes 8388608
2026-10-09T02:39:39.1825396Z Uploaded bytes 16777216
2026-10-09T02:39:40.2728271Z Uploaded bytes 25165824
2026-10-09T02:39:41.2222424Z Uploaded bytes 33554432
2026-10-09T02:39:42.0639644Z Uploaded bytes 41943040
2026-10-09T02:39:43.1227474Z Uploaded bytes 50331648
2026-10-09T02:39:44.1056962Z Uploaded bytes 58720256
2026-10-09T02:39:45.1944154Z Uploaded bytes 67108864
2026-10-09T02:39:46.4996766Z Uploaded bytes 75497472
2026-10-09T02:39:47.4448251Z Uploaded bytes 83886080
2026-10-09T02:39:48.4413189Z Uploaded bytes 92274688
2026-10-09T02:39:49.3350533Z Uploaded bytes 100663296
2026-10-09T02:39:50.3170963Z Uploaded bytes 109051904
2026-10-09T02:39:51.2561589Z Uploaded bytes 117440512
2026-10-09T02:39:52.3525979Z Uploaded bytes 125829120
2026-10-09T02:39:53.1185248Z Uploaded bytes 134217728
2026-10-09T02:39:54.0987277Z Uploaded bytes 142606336
2026-10-09T02:39:54.5151791Z Uploaded bytes 146036731
2026-10-09T02:39:54.5283165Z Finished uploading artifact content to blob storage!
2026-10-09T02:39:54.5287226Z SHA256 digest of uploaded artifact zip is d4f5afaee250db4c7721335fa5574330ac65ad9fb889ddf90c3dc9c2ebc94a96
2026-10-09T02:39:54.5289752Z Finalizing artifact upload
2026-10-09T02:39:54.7657085Z Artifact p7-offline-default-a23bb72d3c954f385b99fe81ce9189885c208557.zip successfully finalized. Artifact ID 11591814707
2026-10-09T02:39:54.7659365Z Artifact p7-offline-default-a23bb72d3c954f385b99fe81ce9189885c208557 has been successfully uploaded! Final size is 146036731 bytes. Artifact ID is 11591814707
2026-10-09T02:39:54.7665920Z Artifact download URL: https://github.com/jyqj/codecortex/actions/runs/37871838966/artifacts/11591814707
2026-10-09T02:39:54.7975692Z Post job cleanup.
2026-10-09T02:39:54.8837480Z [command]/usr/bin/git version
2026-10-09T02:39:54.8875664Z git version 2.55.0
2026-10-09T02:39:54.8912461Z Temporarily overriding HOME='/home/runner/work/_temp/1b3e6189-be01-4147-88b3-b451f0582927' before making global git config changes
2026-10-09T02:39:54.8913981Z Adding repository directory to the temporary git global config as a safe directory
2026-10-09T02:39:54.8919393Z [command]/usr/bin/git config --global --add safe.directory /home/runner/work/codecortex/codecortex
2026-10-09T02:39:54.8955682Z [command]/usr/bin/git config --local --name-only --get-regexp core\.sshCommand
2026-10-09T02:39:54.8991731Z [command]/usr/bin/git submodule foreach --recursive sh -c "git config --local --name-only --get-regexp 'core\.sshCommand' && git config --local --unset-all 'core.sshCommand' || :"
2026-10-09T02:39:54.9246118Z [command]/usr/bin/git config --local --name-only --get-regexp http\.https\:\/\/github\.com\/\.extraheader
2026-10-09T02:39:54.9269798Z http.https://github.com/.extraheader
2026-10-09T02:39:54.9280998Z [command]/usr/bin/git config --local --unset-all http.https://github.com/.extraheader
2026-10-09T02:39:54.9313834Z [command]/usr/bin/git submodule foreach --recursive sh -c "git config --local --name-only --get-regexp 'http\.https\:\/\/github\.com\/\.extraheader' && git config --local --unset-all 'http.https://github.com/.extraheader' || :"
2026-10-09T02:39:54.9559453Z [command]/usr/bin/git config --local --name-only --get-regexp ^includeIf\.gitdir:
2026-10-09T02:39:54.9592255Z [command]/usr/bin/git submodule foreach --recursive git config --local --show-origin --name-only --get-regexp remote.origin.url
2026-10-09T02:39:54.9996309Z Cleaning up orphan processes
2026-10-09T02:39:55.0327227Z ##[warning]Node.js 20 is deprecated. The following actions target Node.js 20 but are being forced to run on Node.js 24: actions/checkout@v4, actions/upload-artifact@v4. For more information see: https://github.blog/changelog/2025-09-19-deprecation-of-node-20-on-github-actions-runners/
