   Compiling libc v0.2.183
   Compiling shlex v1.3.0
   Compiling find-msvc-tools v0.1.9
   Compiling proc-macro2 v1.0.106
   Compiling unicode-ident v1.0.24
   Compiling quote v1.0.45
   Compiling cfg-if v1.0.4
   Compiling tree-sitter-language v0.1.7
   Compiling memchr v2.8.0
   Compiling jobserver v0.1.34
   Compiling syn v2.0.117
   Compiling cc v1.2.58
   Compiling log v0.4.29
   Compiling serde_core v1.0.228
   Compiling smallvec v1.15.1
   Compiling pin-project-lite v0.2.17
   Compiling serde v1.0.228
   Compiling pkg-config v0.3.32
   Compiling parking_lot_core v0.9.12
   Compiling scopeguard v1.2.0
   Compiling bitflags v2.11.0
   Compiling equivalent v1.0.2
   Compiling lock_api v0.4.14
   Compiling once_cell v1.21.4
   Compiling zmij v1.0.21
   Compiling parking_lot v0.12.5
   Compiling aho-corasick v1.1.4
   Compiling regex-syntax v0.8.10
   Compiling tracing-core v0.1.36
   Compiling cpufeatures v0.3.0
   Compiling itoa v1.0.18
   Compiling crossbeam-utils v0.8.21
   Compiling autocfg v1.5.0
   Compiling regex-automata v0.4.14
   Compiling serde_json v1.0.149
   Compiling getrandom v0.4.2
   Compiling rand_core v0.10.0
   Compiling num-traits v0.2.19
   Compiling zstd-sys v2.0.16+zstd.1.5.7
   Compiling vcpkg v0.2.15
   Compiling futures-core v0.3.32
   Compiling foldhash v0.2.0
   Compiling serde_derive v1.0.228
   Compiling tracing-attributes v0.1.31
   Compiling allocator-api2 v0.2.21
   Compiling crossbeam-epoch v0.9.20
   Compiling thiserror v2.0.18
   Compiling hashbrown v0.17.1
   Compiling tracing v0.1.44
   Compiling libsqlite3-sys v0.38.1
   Compiling thiserror-impl v2.0.18
   Compiling blake3 v1.8.4
   Compiling mio v1.2.0
   Compiling errno v0.3.14
   Compiling futures-sink v0.3.32
   Compiling strsim v0.11.1
   Compiling futures-channel v0.3.32
   Compiling signal-hook-registry v1.4.8
   Compiling tokio-macros v2.6.1
   Compiling futures-macro v0.3.32
   Compiling chacha20 v0.10.2
   Compiling socket2 v0.6.3
   Compiling hashbrown v0.16.1
   Compiling arrayref v0.3.9
   Compiling slab v0.4.12
   Compiling futures-task v0.3.32
   Compiling iana-time-zone v0.1.65
   Compiling bytes v1.11.1
   Compiling zstd-safe v7.2.4
   Compiling constant_time_eq v0.4.2
   Compiling version_check v0.9.5
   Compiling arrayvec v0.7.6
   Compiling futures-io v0.3.32
   Compiling futures-util v0.3.32
   Compiling tokio v1.50.0
   Compiling generic-array v0.14.7
   Compiling chrono v0.4.44
   Compiling indexmap v2.13.0
   Compiling rand v0.10.3
   Compiling crossbeam-deque v0.8.6
   Compiling hashlink v0.12.1
   Compiling regex v1.12.3
   Compiling scheduled-thread-pool v0.2.7
   Compiling ident_case v1.0.1
   Compiling rayon-core v1.13.0
   Compiling fallible-iterator v0.3.0
   Compiling cfg_aliases v0.2.1
   Compiling fallible-streaming-iterator v0.1.9
   Compiling rusqlite v0.40.1
   Compiling nix v0.31.2
   Compiling darling_core v0.23.0
   Compiling r2d2 v0.8.10
   Compiling uuid v1.23.0
   Compiling cc-model v1.0.0 (/workspace/scratch/gin-native-20261004/cand-src/crates/cc-model)
   Compiling tree-sitter-go v0.23.4
   Compiling tree-sitter-c v0.23.4
   Compiling tree-sitter v0.24.7
   Compiling tree-sitter-typescript v0.23.2
   Compiling tree-sitter-javascript v0.23.1
   Compiling tree-sitter-java v0.23.5
   Compiling tree-sitter-rust v0.23.3
   Compiling tree-sitter-cpp v0.23.4
   Compiling tree-sitter-python v0.23.6
   Compiling ref-cast v1.0.25
   Compiling typenum v1.20.1
   Compiling inotify-sys v0.1.8
   Compiling same-file v1.0.6
   Compiling utf8parse v0.2.2
   Compiling anstyle-parse v1.0.0
   Compiling walkdir v2.5.0
   Compiling darling_macro v0.23.0
   Compiling zstd v0.13.3
   Compiling r2d2_sqlite v0.35.0
   Compiling futures-executor v0.3.32
   Compiling serde_spanned v0.6.9
   Compiling toml_datetime v0.6.11
   Compiling ref-cast-impl v1.0.25
   Compiling serde_derive_internals v0.29.1
   Compiling bstr v1.12.1
   Compiling streaming-iterator v0.1.9
   Compiling colorchoice v1.0.5
   Compiling winnow v0.7.15
   Compiling either v1.15.0
   Compiling anstyle-query v1.1.5
   Compiling anstyle v1.0.14
   Compiling is_terminal_polyfill v1.70.2
   Compiling toml_write v0.1.2
   Compiling anstream v1.0.0
   Compiling rayon v1.11.0
   Compiling schemars_derive v1.2.1
   Compiling toml_edit v0.22.27
   Compiling globset v0.4.18
   Compiling futures v0.3.32
   Compiling cc-db v1.0.0 (/workspace/scratch/gin-native-20261004/cand-src/crates/cc-db)
   Compiling darling v0.23.0
   Compiling lru v0.18.2
   Compiling dyn-clone v1.0.20
   Compiling option-ext v0.2.0
   Compiling heck v0.5.0
   Compiling clap_lex v1.0.0
   Compiling lazy_static v1.5.0
   Compiling rmcp v2.2.0
   Compiling rustix v1.1.4
   Compiling clap_builder v4.6.0
   Compiling process-wrap v9.1.0
   Compiling sharded-slab v0.1.7
   Compiling clap_derive v4.6.0
   Compiling dirs-sys v0.4.1
   Compiling schemars v1.2.1
   Compiling inotify v0.11.5
   Compiling rmcp-macros v2.2.0
   Compiling cc-parsers v1.0.0 (/workspace/scratch/gin-native-20261004/cand-src/crates/cc-parsers)
   Compiling ignore v0.4.25
   Compiling toml v0.8.23
   Compiling block-buffer v0.10.4
   Compiling crypto-common v0.1.7
   Compiling tokio-stream v0.1.18
   Compiling tokio-util v0.7.18
   Compiling matchers v0.2.0
   Compiling async-trait v0.1.89
   Compiling tracing-log v0.2.0
   Compiling notify-types v2.1.0
   Compiling thread_local v1.1.9
   Compiling nu-ansi-term v0.50.3
   Compiling base64 v0.22.1
   Compiling linux-raw-sys v0.12.1
   Compiling pastey v0.2.1
   Compiling tracing-subscriber v0.3.23
   Compiling notify v8.2.0
   Compiling digest v0.10.7
   Compiling cc-index v1.0.0 (/workspace/scratch/gin-native-20261004/cand-src/crates/cc-index)
   Compiling clap v4.6.0
   Compiling cc-search v1.0.0 (/workspace/scratch/gin-native-20261004/cand-src/crates/cc-search)
   Compiling dirs v5.0.1
   Compiling cpufeatures v0.2.17
   Compiling fastrand v2.3.0
   Compiling tempfile v3.27.0
   Compiling sha2 v0.10.9
   Compiling cc-server v1.0.0 (/workspace/scratch/gin-native-20261004/cand-src/crates/cc-server)
   Compiling cc-eval v1.0.0 (/workspace/scratch/gin-native-20261004/cand-src/crates/cc-eval)
    Finished `dev` profile [unoptimized] target(s) in 1m 44s
