   Compiling cc-db v1.0.0 (/Users/jin/Desktop/codecortex-rust/crates/cc-db)
    Finished `test` profile [unoptimized + debuginfo] target(s) in 5.61s
     Running unittests src/lib.rs (target/debug/deps/cc_db-42ca02792638ce30)

running 147 tests
test direct_writer::tests::direct_writer_bulk_insert_perf ... ok
test direct_writer::tests::direct_writer_creates_valid_db ... ok
test direct_writer::tests::direct_writer_handles_fts_tables ... ok
test direct_writer::tests::direct_writer_write_fn_error_propagates ... ok
test direct_writer::tests::drop_index_stmts_match_create_set ... ok
test direct_writer::tests::extract_index_stmts ... ok
test direct_writer::tests::extract_table_stmts ... ok
test direct_writer::tests::split_sql_handles_comments_and_strings ... ok
test epoch_rules::tests::boost_http_edge_confidence_bumps_evidence_clock ... ok
test epoch_rules::tests::declared_clock_matches_observed_bump_for_every_table ... ok
test epoch_rules::tests::evidence_method_family_bumps_evidence_only ... ok
test epoch_rules::tests::lookup_covers_known_tables_and_rejects_metadata ... ok
test epoch_rules::tests::unit_of_work_commit_bumps_index_exactly_once ... ok
test file_state_cache::tests::batch_delta_matches_direct_load ... ok
test file_state_cache::tests::cache_hit_shares_the_same_allocation ... ok
test file_state_cache::tests::foreign_files_writer_invalidates_then_rewarns ... ok
test file_state_cache::tests::held_snapshot_is_immutable_across_batches ... ok
test fts::tests::camel_case_split ... ok
test fts::tests::expand_query ... ok
test fts::tests::expand_query_snake_case ... ok
test fts::tests::fts_sanitize_basic ... ok
test index_db::tests::app_maintained_fts_rowids_align_with_base_tables ... ok
test index_db::tests::batched_fts_deletes_cover_all_paths_across_chunk_boundary ... ok
test index_db::tests::chunk_text_encoding_reads_plain_and_zstd ... ok
test index_db::tests::empty_file_state ... ok
test index_db::tests::full_rebuild_advances_both_epochs_past_previous_values ... ok
test index_db::tests::generation_starts_at_zero_and_index_writes_bump_index_epoch ... ok
test index_db::tests::http_call_cross_service_chain ... ok
test index_db::tests::metadata_round_trip ... ok
test index_db::tests::mismatch_rebuild_stress_loop ... ignored
test index_db::tests::open_creates_schema ... ok
test index_db::tests::precompressed_chunk_payloads_match_in_transaction_compression ... ok
test index_db::tests::read_pool_connections_reject_writes ... ok
test index_db::tests::rebuild_generation_exceeds_writes_committed_during_rebuild ... ok
test index_db::tests::replace_in_place_keeps_test_edges_removal_cascades ... ok
test index_db::tests::resolver_seed_symbols_excludes_requested_files ... ok
test index_db::tests::route_edge_resolution_provenance_round_trips ... ok
test index_db::tests::schema_mismatch_rebuild_advances_generation_past_old_values ... ok
test index_db::tests::test_find_symbol_safe_with_injection_string ... ok
test index_db::tests::test_find_symbol_safe_with_null_byte ... ok
test index_db::tests::test_find_symbol_safe_with_unicode_injection ... ok
test index_db::tests::test_find_symbol_safe_with_union_injection ... ok
test index_db::tests::test_metadata_safe_with_injection_key ... ok
test index_db_arch::tests::test_adr_crud ... ok
test index_db_arch::tests::test_adr_upsert_conflict ... ok
test index_db_arch::tests::test_architecture_entry_points ... ok
test index_db_arch::tests::test_architecture_languages ... ok
test index_db_arch::tests::test_architecture_routes ... ok
test index_db_arch::tests::test_extract_package_from_path ... ok
test index_db_edges::tests::evidence_writes_bump_only_evidence_epoch ... ok
test index_db_edges::tests::full_rebuild_matches_incremental_like_semantics ... ok
test index_db_edges::tests::http_edge_match_prefers_method_then_falls_back_to_path ... ok
test index_db_edges::tests::postprocess_writes_bump_index_epoch ... ok
test index_db_edges::tests::route_id_for_normalized_path_returns_first_match ... ok
test index_db_edges::tests::test_co_change_edges_roundtrip ... ok
test index_db_edges::tests::test_dispatch_sites_roundtrip ... ok
test index_db_edges::tests::test_rebuild_test_edges_for_files ... ok
test index_db_edges::tests::test_runtime_evidence_lifecycle ... ok
test index_db_edges::tests::test_semantic_edges_roundtrip ... ok
test index_db_edges::tests::test_stem_to_base_clean ... ok
test index_db_frontier::tests::test_http_calls_by_caller_uid ... ok
test index_db_frontier::tests::test_route_nodes_by_normalized_path ... ok
test index_db_frontier::tests::test_route_rows_by_path ... ok
test index_db_graph::tests::step_error_after_side_connection_drop_is_err_not_empty_ok ... ok
test index_db_graph::tests::test_caller_callee_rows ... ok
test index_db_graph::tests::test_caller_callee_rows_by_uids_match_single_uid_queries ... ok
test index_db_graph::tests::test_find_symbols_by_names_and_kinds_matches_single ... ok
test index_db_graph::tests::test_get_export_fingerprints_batch_matches_single ... ok
test index_db_graph::tests::test_get_export_fingerprints_empty_input ... ok
test index_db_graph::tests::test_reexport_targets_for_files ... ok
test index_db_graph::tests::test_reexport_targets_for_files_empty_input ... ok
test index_db_graph::tests::test_symbol_degree_details ... ok
test index_db_graph::tests::test_symbol_degree_details_batch_matches_single ... ok
test index_db_graph::tests::test_symbols_covering ... ok
test index_db_graph::tests::test_update_communities ... ok
test index_db_graph_read::tests::async_consumer_rows_match_topic_in_name_or_properties ... ok
test index_db_graph_read::tests::call_edge_provenance_counts_breakdowns ... ok
test index_db_graph_read::tests::callees_with_nonself_callers_excludes_self_loops ... ok
test index_db_graph_read::tests::child_symbol_outline_rows_ordered_by_start_line ... ok
test index_db_graph_read::tests::community_adjacency_pairs_cross_community_only ... ok
test index_db_graph_read::tests::cross_file_call_file_pairs_skip_same_file_edges ... ok
test index_db_graph_read::tests::dead_code_symbol_scan_applies_scope_like_filter ... ok
test index_db_graph_read::tests::direct_importers_exclude_self_and_respect_limit ... ok
test index_db_graph_read::tests::env_access_rows_filter_by_key_and_file_patterns ... ok
test index_db_graph_read::tests::file_import_pairs_returns_only_resolved_distinct_pairs ... ok
test index_db_graph_read::tests::import_witness_rows_keeps_import_string ... ok
test index_db_graph_read::tests::importers_of_paths_batches_into_single_query ... ok
test index_db_graph_read::tests::param_counts_for_uids_maps_null_to_none ... ok
test index_db_graph_read::tests::reverse_callers_applies_confidence_and_limit ... ok
test index_db_graph_read::tests::route_handler_rows_filters_by_path_substring ... ok
test index_db_graph_read::tests::service_binding_rows_match_nodes_routes_and_edges ... ok
test index_db_graph_read::tests::suggested_test_files_distinct_and_ordered ... ok
test index_db_graph_read::tests::symbol_kind_counts_orders_by_frequency ... ok
test index_db_graph_read::tests::symbol_names_for_uids_skips_missing ... ok
test index_db_graph_read::tests::symbol_ref_containers_for_targets_returns_uid_container_pairs ... ok
test index_db_graph_read::tests::symbol_source_candidates_rank_exact_before_fuzzy ... ok
test index_db_graph_read::tests::symbols_lite_in_files_skips_files_not_requested_and_uidless ... ok
test index_db_query::tests::count_table_rows_counts_and_errors_on_missing_table ... ok
test index_db_query::tests::read_pool_supports_explicit_read_transaction ... ok
test index_db_query::tests::test_file_summary ... ok
test index_db_query::tests::test_file_symbols ... ok
test index_db_query::tests::test_find_symbol_exact_and_like ... ok
test index_db_query::tests::test_query_json ... ok
test index_db_retrieval::tests::chunk_rows_by_ids_empty_input ... ok
test index_db_retrieval::tests::chunk_rows_by_ids_fetches_batch ... ok
test index_db_retrieval::tests::chunk_rows_by_ids_rejects_unverified_cached_text ... ok
test index_db_retrieval::tests::chunk_rows_by_ids_spans_multiple_in_batches ... ok
test index_db_retrieval::tests::chunk_spans_for_files_groups_by_file ... ok
test index_db_retrieval::tests::fts_chunk_candidates_applies_scope_and_limit ... ok
test index_db_retrieval::tests::fts_file_summaries_applies_prefix_and_limit ... ok
test index_db_retrieval::tests::fts_file_summaries_empty_for_no_match ... ok
test index_db_retrieval::tests::fts_file_summaries_orders_by_bm25 ... ok
test index_db_retrieval::tests::fts_file_summaries_prefix_treats_underscore_as_literal ... ok
test index_db_retrieval::tests::path_token_file_hits_many_substring_match_per_token ... ok
test index_db_retrieval::tests::path_token_file_hits_many_treats_underscore_as_literal ... ok
test index_db_retrieval::tests::recent_indexed_files_newest_first ... ok
test index_db_retrieval::tests::scan_chunks_for_grep_recency_order_early_stop_and_prefix_escaping ... ok
test index_db_retrieval::tests::symbol_seed_hits_exact_first_and_skips_null_uid ... ok
test index_db_retrieval::tests::symbol_seed_hits_mixed_case_token_exact_first ... ok
test index_db_retrieval::tests::symbol_seed_hits_treats_underscore_as_literal ... ok
test index_db_retrieval::tests::symbol_token_hits_many_exact_name_first_per_token ... ok
test index_db_retrieval::tests::symbol_token_hits_many_prefixed_keeps_exact_name_first_ordering ... ok
test index_db_retrieval::tests::symbol_token_hits_many_treats_underscore_as_literal ... ok
test index_db_retrieval::tests::symbol_uids_by_exact_names_matches_only_listed_names ... ok
test index_migrate::tests::fresh_db_initializes_schema ... ok
test index_migrate::tests::matching_version_returns_up_to_date ... ok
test index_migrate::tests::old_version_returns_mismatch ... ok
test read_generation::tests::identity_and_epoch_corruption_never_become_zero_generation ... ok
test read_generation::tests::persisted_identity_survives_reopen_and_differs_at_equal_epochs ... ok
test read_generation::tests::staged_rebuild_gets_fresh_persistent_identity ... ok
test seed_symbol_cache::tests::batch_delta_matches_direct_load ... ok
test seed_symbol_cache::tests::batch_duplicate_uid_folds_like_sql ... ok
test seed_symbol_cache::tests::build_respects_capacity_cap ... ok
test seed_symbol_cache::tests::foreign_symbol_writer_invalidates_then_rewarns ... ok
test seed_symbol_cache::tests::materialize_orders_and_excludes ... ok
test seed_symbol_cache::tests::projection_strips_non_seed_fields ... ok
test signature_agg::tests::empty_batch_initializes_missing_baseline ... ok
test signature_agg::tests::file_scoped_writers_converge ... ok
test signature_agg::tests::incremental_batch_add_modify_remove_converges ... ok
test signature_agg::tests::row_agg_add_remove_round_trips ... ok
test signature_agg::tests::row_agg_distinguishes_duplicate_multisets ... ok
test signature_agg::tests::serialize_round_trips_and_rejects_other_versions ... ok
test signature_agg::tests::synthetic_call_edge_lifecycle_converges ... ok
test signature_agg::tests::unit_of_work_synthesis_writes_converge ... ok
test sql_util::tests::escape_like_escapes_wildcards_and_backslash ... ok
test unit_of_work::tests::commit_applies_all_writes_and_bumps_epoch_once ... ok
test unit_of_work::tests::drop_without_commit_rolls_back_and_leaves_epoch_untouched ... ok

test result: ok. 146 passed; 0 failed; 1 ignored; 0 measured; 0 filtered out; finished in 1.89s

     Running tests/fts_identifier_expansion.rs (target/debug/deps/fts_identifier_expansion-601ef8d9bb08dba5)

running 13 tests
test acronym_and_number_boundaries_preserve_every_distinct_component ... ok
test expansion_requires_all_components_not_just_one ... ok
test full_identifier_and_all_components_are_both_useful ... ok
test independent_natural_words_still_have_or_semantics ... ok
test literal_fts_operators_and_punctuation_cannot_control_match_syntax ... ok
test multiple_groups_share_one_atom_budget_without_dropping_originals ... ok
test one_distinct_component_never_degrades_to_generic_fragment ... ok
test original_terms_have_priority_and_an_expansion_is_never_truncated ... ok
test oversized_identifier_group_is_omitted_as_a_whole ... ok
test snake_whole_preserves_phrase_and_parts_support_reordering ... ok
test source_token_limit_is_explicit_and_does_not_claim_full_input_coverage ... ok
test unicode_original_terms_coexist_with_compound_all_components ... ok
test unknown_identifier_does_not_buy_recall_from_a_generic_fragment ... ok

test result: ok. 13 passed; 0 failed; 0 ignored; 0 measured; 0 filtered out; finished in 0.01s

     Running tests/incremental_write_bench.rs (target/debug/deps/incremental_write_bench-6ded542a676ff23f)

running 2 tests
test bench_concurrent_reads_during_incremental_writes ... ignored, read-during-write micro-benchmark; run explicitly with --release
test bench_incremental_batch_write_10k ... ignored, write-path micro-benchmark; run explicitly with --release

test result: ok. 0 passed; 0 failed; 2 ignored; 0 measured; 0 filtered out; finished in 0.00s

     Running tests/p2b_resolution_store.rs (target/debug/deps/p2b_resolution_store-f0d4307d99785c33)

running 4 tests
test bounded_frontier_excludes_changed_files_before_counting_and_crosses_batches ... ok
test corrupt_payload_is_rejected ... ok
test dependency_manifest_roundtrip_reverse_lookup_delete_and_rollback ... ok
test package_aggregate_tracks_files_and_test_visibility ... ok

test result: ok. 4 passed; 0 failed; 0 ignored; 0 measured; 0 filtered out; finished in 0.13s

     Running tests/p2c_freshness_store.rs (target/debug/deps/p2c_freshness_store-767ddacc3742b789)

running 4 tests
test debt_and_file_facts_share_epoch_and_survive_reopen ... ok
test failed_file_batch_never_acknowledges_or_publishes_debt ... ok
test invalid_frontier_fails_before_file_commit_and_bad_hash_is_not_ready ... ok
test stale_prepare_is_fenced_inside_the_writer_transaction ... ok

test result: ok. 4 passed; 0 failed; 0 ignored; 0 measured; 0 filtered out; finished in 0.08s

     Running tests/p2d_dependency_cost.rs (target/debug/deps/p2d_dependency_cost-c36ea00204024ee6)

running 1 test
test p2d_dependency_queries_bound_rows_across_unrelated_scale_and_completed_prefixes ... ok

test result: ok. 1 passed; 0 failed; 0 ignored; 0 measured; 0 filtered out; finished in 0.75s

     Running tests/public_surface_store.rs (target/debug/deps/public_surface_store-d6344d4fc555ced9)

running 6 tests
test a_bad_surface_rolls_back_the_whole_file_batch ... ok
test batched_surface_reads_cross_placeholder_boundary_without_losing_empty_unknown ... ok
test corrupt_fingerprint_and_new_format_fail_closed ... ok
test nonempty_surface_roundtrip_canonicalizes_declaration_order ... ok
test previous_schema_cannot_reuse_absent_surface_evidence ... ok
test surface_roundtrip_shares_file_epoch_and_cascades_on_delete ... ok

test result: ok. 6 passed; 0 failed; 0 ignored; 0 measured; 0 filtered out; finished in 0.29s

   Doc-tests cc_db

running 0 tests

test result: ok. 0 passed; 0 failed; 0 ignored; 0 measured; 0 filtered out; finished in 0.00s

