   Compiling serde_json v1.0.149
   Compiling cc-model v1.0.0 (/Users/jin/Desktop/codecortex-rust/crates/cc-model)
   Compiling cc-db v1.0.0 (/Users/jin/Desktop/codecortex-rust/crates/cc-db)
    Finished `test` profile [unoptimized + debuginfo] target(s) in 7.43s
     Running tests/fts_identifier_expansion.rs (target/debug/deps/fts_identifier_expansion-601ef8d9bb08dba5)

running 6 tests
test expansion_requires_all_components_not_just_one ... FAILED
test full_identifier_and_all_components_are_both_useful ... ok
test independent_natural_words_still_have_or_semantics ... ok
test one_distinct_component_never_degrades_to_generic_fragment ... FAILED
test snake_whole_preserves_phrase_and_parts_support_reordering ... FAILED
test unknown_identifier_does_not_buy_recall_from_a_generic_fragment ... FAILED

failures:

---- expansion_requires_all_components_not_just_one stdout ----

thread 'expansion_requires_all_components_not_just_one' (1802932) panicked at crates/cc-db/tests/fts_identifier_expansion.rs:40:5:
assertion `left == right` failed
  left: ["all", "widget_only"]
 right: ["all"]
note: run with `RUST_BACKTRACE=1` environment variable to display a backtrace

---- one_distinct_component_never_degrades_to_generic_fragment stdout ----

thread 'one_distinct_component_never_degrades_to_generic_fragment' (1802935) panicked at crates/cc-db/tests/fts_identifier_expansion.rs:85:5:
assertion `left == right` failed
  left: ["part", "whole"]
 right: ["whole"]

---- snake_whole_preserves_phrase_and_parts_support_reordering stdout ----

thread 'snake_whole_preserves_phrase_and_parts_support_reordering' (1802936) panicked at crates/cc-db/tests/fts_identifier_expansion.rs:71:5:
assertion `left == right` failed
  left: ["missing", "parts", "whole"]
 right: ["parts", "whole"]

---- unknown_identifier_does_not_buy_recall_from_a_generic_fragment stdout ----

thread 'unknown_identifier_does_not_buy_recall_from_a_generic_fragment' (1802937) panicked at crates/cc-db/tests/fts_identifier_expansion.rs:30:5:
assertion `left == right` failed
  left: ["loop"]
 right: []


failures:
    expansion_requires_all_components_not_just_one
    one_distinct_component_never_degrades_to_generic_fragment
    snake_whole_preserves_phrase_and_parts_support_reordering
    unknown_identifier_does_not_buy_recall_from_a_generic_fragment

test result: FAILED. 2 passed; 4 failed; 0 ignored; 0 measured; 0 filtered out; finished in 0.01s

error: test failed, to rerun pass `-p cc-db --test fts_identifier_expansion`
