2026-10-08T06:33:10.2640260Z Current runner version: '2.337.0'
2026-10-08T06:33:10.2665922Z ##[group]Runner Image Provisioner
2026-10-08T06:33:10.2666830Z Hosted Compute Agent
2026-10-08T06:33:10.2667407Z Version: 20260901.588
2026-10-08T06:33:10.2668123Z Commit: f88ec8081b781fac6c440065ac7ff9e710ce3d0b
2026-10-08T06:33:10.2668890Z Build Date: 2026-09-01T19:56:44Z
2026-10-08T06:33:10.2669665Z Worker ID: {454852b1-17db-4f54-82c8-b6c2143778a3}
2026-10-08T06:33:10.2670430Z Azure Region: westcentralus
2026-10-08T06:33:10.2671022Z ##[endgroup]
2026-10-08T06:33:10.2672948Z ##[group]Operating System
2026-10-08T06:33:10.2673660Z Ubuntu
2026-10-08T06:33:10.2674242Z 24.04.5
2026-10-08T06:33:10.2674798Z LTS
2026-10-08T06:33:10.2675313Z ##[endgroup]
2026-10-08T06:33:10.2675910Z ##[group]Runner Image
2026-10-08T06:33:10.2676543Z Image: ubuntu-24.04
2026-10-08T06:33:10.2677133Z Version: 20260927.320.1
2026-10-08T06:33:10.2678441Z Included Software: https://github.com/actions/runner-images/blob/ubuntu24/20260927.320/images/ubuntu/Ubuntu2404-Readme.md
2026-10-08T06:33:10.2680443Z Image Release: https://github.com/actions/runner-images/releases/tag/ubuntu24%2F20260927.320
2026-10-08T06:33:10.2681431Z ##[endgroup]
2026-10-08T06:33:10.2682822Z ##[group]GITHUB_TOKEN Permissions
2026-10-08T06:33:10.2684974Z Contents: read
2026-10-08T06:33:10.2685665Z Metadata: read
2026-10-08T06:33:10.2686243Z ##[endgroup]
2026-10-08T06:33:10.2688347Z Secret source: Actions
2026-10-08T06:33:10.2689419Z Cache mode: write
2026-10-08T06:33:10.2690363Z Prepare workflow directory
2026-10-08T06:33:10.3041876Z Prepare all required actions
2026-10-08T06:33:10.3089380Z Getting action download info
2026-10-08T06:33:10.6039221Z Download action repository 'actions/checkout@v4' (SHA:11d5960a326750d5838078e36cf38b85af677262)
2026-10-08T06:33:10.6996227Z Download action repository 'dtolnay/rust-toolchain@stable' (SHA:89b12181fb390509a0842a86cc55eeb8eb928c1d)
2026-10-08T06:33:10.9179746Z Download action repository 'Swatinem/rust-cache@v2' (SHA:6323deb102c322ba6fcbdcafc7e3dddab59af2b6)
2026-10-08T06:33:11.7197906Z Download action repository 'actions/upload-artifact@v4' (SHA:ea165f8d65b6e75b540449e92b4886f43607fa02)
2026-10-08T06:33:12.0007631Z Complete job name: counterexample
2026-10-08T06:33:12.0821613Z ##[group]Run actions/checkout@v4
2026-10-08T06:33:12.0823050Z with:
2026-10-08T06:33:12.0823753Z   path: utility
2026-10-08T06:33:12.0824473Z   repository: jyqj/codecortex
2026-10-08T06:33:12.0827951Z   token: ***
2026-10-08T06:33:12.0828654Z   ssh-strict: true
2026-10-08T06:33:12.0829350Z   ssh-user: git
2026-10-08T06:33:12.0830065Z   persist-credentials: true
2026-10-08T06:33:12.0830827Z   clean: true
2026-10-08T06:33:12.0831553Z   sparse-checkout-cone-mode: true
2026-10-08T06:33:12.0832497Z   fetch-depth: 1
2026-10-08T06:33:12.0833190Z   fetch-tags: false
2026-10-08T06:33:12.0833899Z   show-progress: true
2026-10-08T06:33:12.0834611Z   lfs: false
2026-10-08T06:33:12.0835297Z   submodules: false
2026-10-08T06:33:12.0836020Z   set-safe-directory: true
2026-10-08T06:33:12.0836777Z   allow-unsafe-pr-checkout: false
2026-10-08T06:33:12.0837844Z ##[endgroup]
2026-10-08T06:33:12.1857239Z Syncing repository: jyqj/codecortex
2026-10-08T06:33:12.1859424Z ##[group]Getting Git version info
2026-10-08T06:33:12.1860436Z Working directory is '/home/runner/work/codecortex/codecortex/utility'
2026-10-08T06:33:12.1862218Z [command]/usr/bin/git version
2026-10-08T06:33:12.1932435Z git version 2.55.0
2026-10-08T06:33:12.1955568Z ##[endgroup]
2026-10-08T06:33:12.1969682Z Temporarily overriding HOME='/home/runner/work/_temp/9940bea7-ecb6-49a7-8b94-b9ad70d3603f' before making global git config changes
2026-10-08T06:33:12.1971177Z Adding repository directory to the temporary git global config as a safe directory
2026-10-08T06:33:12.1975115Z [command]/usr/bin/git config --global --add safe.directory /home/runner/work/codecortex/codecortex/utility
2026-10-08T06:33:12.2022597Z ##[group]Initializing the repository
2026-10-08T06:33:12.2027093Z [command]/usr/bin/git init /home/runner/work/codecortex/codecortex/utility
2026-10-08T06:33:12.2122248Z hint: Using 'master' as the name for the initial branch. This default branch name
2026-10-08T06:33:12.2123769Z hint: will change to "main" in Git 3.0. To configure the initial branch name
2026-10-08T06:33:12.2125830Z hint: to use in all of your new repositories, which will suppress this warning,
2026-10-08T06:33:12.2127581Z hint: call:
2026-10-08T06:33:12.2129047Z hint:
2026-10-08T06:33:12.2130452Z hint: 	git config --global init.defaultBranch <name>
2026-10-08T06:33:12.2132181Z hint:
2026-10-08T06:33:12.2133569Z hint: Names commonly chosen instead of 'master' are 'main', 'trunk' and
2026-10-08T06:33:12.2135467Z hint: 'development'. The just-created branch can be renamed via this command:
2026-10-08T06:33:12.2137167Z hint:
2026-10-08T06:33:12.2138344Z hint: 	git branch -m <name>
2026-10-08T06:33:12.2139551Z hint:
2026-10-08T06:33:12.2140949Z hint: Disable this message with "git config set advice.defaultBranchName false"
2026-10-08T06:33:12.2143309Z Initialized empty Git repository in /home/runner/work/codecortex/codecortex/utility/.git/
2026-10-08T06:33:12.2146326Z [command]/usr/bin/git remote add origin https://github.com/jyqj/codecortex
2026-10-08T06:33:12.2184069Z ##[endgroup]
2026-10-08T06:33:12.2186001Z ##[group]Disabling automatic garbage collection
2026-10-08T06:33:12.2187770Z [command]/usr/bin/git config --local gc.auto 0
2026-10-08T06:33:12.2219923Z ##[endgroup]
2026-10-08T06:33:12.2222541Z ##[group]Setting up auth
2026-10-08T06:33:12.2226426Z [command]/usr/bin/git config --local --name-only --get-regexp core\.sshCommand
2026-10-08T06:33:12.2256636Z [command]/usr/bin/git submodule foreach --recursive sh -c "git config --local --name-only --get-regexp 'core\.sshCommand' && git config --local --unset-all 'core.sshCommand' || :"
2026-10-08T06:33:12.2769331Z [command]/usr/bin/git config --local --name-only --get-regexp http\.https\:\/\/github\.com\/\.extraheader
2026-10-08T06:33:12.2876525Z [command]/usr/bin/git submodule foreach --recursive sh -c "git config --local --name-only --get-regexp 'http\.https\:\/\/github\.com\/\.extraheader' && git config --local --unset-all 'http.https://github.com/.extraheader' || :"
2026-10-08T06:33:12.3040852Z [command]/usr/bin/git config --local --name-only --get-regexp ^includeIf\.gitdir:
2026-10-08T06:33:12.3075440Z [command]/usr/bin/git submodule foreach --recursive git config --local --show-origin --name-only --get-regexp remote.origin.url
2026-10-08T06:33:12.3320194Z [command]/usr/bin/git config --local http.https://github.com/.extraheader AUTHORIZATION: basic ***
2026-10-08T06:33:12.3362063Z ##[endgroup]
2026-10-08T06:33:12.3364134Z ##[group]Fetching the repository
2026-10-08T06:33:12.3373151Z [command]/usr/bin/git -c protocol.version=2 fetch --no-tags --prune --no-recurse-submodules --depth=1 origin +955ff523c5da744cde0e79ecaf71ac3182e324fa:refs/remotes/origin/work/p8-product-format-996727-20261008
2026-10-08T06:33:28.5666694Z From https://github.com/jyqj/codecortex
2026-10-08T06:33:28.5668047Z  * [new ref]         955ff523c5da744cde0e79ecaf71ac3182e324fa -> origin/work/p8-product-format-996727-20261008
2026-10-08T06:33:28.5671484Z ##[endgroup]
2026-10-08T06:33:28.5672678Z ##[group]Determining the checkout info
2026-10-08T06:33:28.5675144Z ##[endgroup]
2026-10-08T06:33:28.5682360Z [command]/usr/bin/git sparse-checkout disable
2026-10-08T06:33:28.5730638Z [command]/usr/bin/git config --local --unset-all extensions.worktreeConfig
2026-10-08T06:33:28.5760044Z ##[group]Checking out the ref
2026-10-08T06:33:28.5766831Z [command]/usr/bin/git checkout --progress --force -B work/p8-product-format-996727-20261008 refs/remotes/origin/work/p8-product-format-996727-20261008
2026-10-08T06:33:29.6003845Z Updating files:  81% (11861/14544)
2026-10-08T06:33:29.6082226Z Updating files:  82% (11927/14544)
2026-10-08T06:33:29.6254914Z Updating files:  83% (12072/14544)
2026-10-08T06:33:29.6344978Z Updating files:  84% (12217/14544)
2026-10-08T06:33:29.6420932Z Updating files:  85% (12363/14544)
2026-10-08T06:33:29.6481944Z Updating files:  86% (12508/14544)
2026-10-08T06:33:29.6636529Z Updating files:  87% (12654/14544)
2026-10-08T06:33:29.6733707Z Updating files:  88% (12799/14544)
2026-10-08T06:33:29.7015876Z Updating files:  89% (12945/14544)
2026-10-08T06:33:30.3311383Z Updating files:  90% (13090/14544)
2026-10-08T06:33:30.3422694Z Updating files:  91% (13236/14544)
2026-10-08T06:33:30.3498176Z Updating files:  92% (13381/14544)
2026-10-08T06:33:30.3625671Z Updating files:  93% (13526/14544)
2026-10-08T06:33:30.3733628Z Updating files:  94% (13672/14544)
2026-10-08T06:33:30.3886480Z Updating files:  95% (13817/14544)
2026-10-08T06:33:30.4012851Z Updating files:  96% (13963/14544)
2026-10-08T06:33:30.4134173Z Updating files:  97% (14108/14544)
2026-10-08T06:33:30.4241409Z Updating files:  98% (14254/14544)
2026-10-08T06:33:30.4406226Z Updating files:  99% (14399/14544)
2026-10-08T06:33:30.4406736Z Updating files: 100% (14544/14544)
2026-10-08T06:33:30.4407148Z Updating files: 100% (14544/14544), done.
2026-10-08T06:33:30.4586742Z Switched to a new branch 'work/p8-product-format-996727-20261008'
2026-10-08T06:33:30.4592668Z branch 'work/p8-product-format-996727-20261008' set up to track 'origin/work/p8-product-format-996727-20261008'.
2026-10-08T06:33:30.4688351Z ##[endgroup]
2026-10-08T06:33:30.4739781Z [command]/usr/bin/git log -1 --format=%H
2026-10-08T06:33:30.4767430Z 955ff523c5da744cde0e79ecaf71ac3182e324fa
2026-10-08T06:33:30.5048908Z ##[group]Run actions/checkout@v4
2026-10-08T06:33:30.5049198Z with:
2026-10-08T06:33:30.5049426Z   ref: b608d2639aff026a993d59f1a4ab59e8f7c270f5
2026-10-08T06:33:30.5049723Z   path: tests-only
2026-10-08T06:33:30.5049941Z   repository: jyqj/codecortex
2026-10-08T06:33:30.5053025Z   token: ***
2026-10-08T06:33:30.5053244Z   ssh-strict: true
2026-10-08T06:33:30.5053453Z   ssh-user: git
2026-10-08T06:33:30.5053664Z   persist-credentials: true
2026-10-08T06:33:30.5053899Z   clean: true
2026-10-08T06:33:30.5054107Z   sparse-checkout-cone-mode: true
2026-10-08T06:33:30.5054361Z   fetch-depth: 1
2026-10-08T06:33:30.5054564Z   fetch-tags: false
2026-10-08T06:33:30.5054797Z   show-progress: true
2026-10-08T06:33:30.5055004Z   lfs: false
2026-10-08T06:33:30.5055198Z   submodules: false
2026-10-08T06:33:30.5055418Z   set-safe-directory: true
2026-10-08T06:33:30.5055669Z   allow-unsafe-pr-checkout: false
2026-10-08T06:33:30.5055942Z ##[endgroup]
2026-10-08T06:33:30.5979726Z Syncing repository: jyqj/codecortex
2026-10-08T06:33:30.5987919Z ##[group]Getting Git version info
2026-10-08T06:33:30.5988488Z Working directory is '/home/runner/work/codecortex/codecortex/tests-only'
2026-10-08T06:33:30.6030738Z [command]/usr/bin/git version
2026-10-08T06:33:30.6069995Z git version 2.55.0
2026-10-08T06:33:30.6091077Z ##[endgroup]
2026-10-08T06:33:30.6106034Z Temporarily overriding HOME='/home/runner/work/_temp/1a071733-bc56-4e70-92f7-f3e633e2e329' before making global git config changes
2026-10-08T06:33:30.6106894Z Adding repository directory to the temporary git global config as a safe directory
2026-10-08T06:33:30.6112684Z [command]/usr/bin/git config --global --add safe.directory /home/runner/work/codecortex/codecortex/tests-only
2026-10-08T06:33:30.6147668Z ##[group]Initializing the repository
2026-10-08T06:33:30.6152846Z [command]/usr/bin/git init /home/runner/work/codecortex/codecortex/tests-only
2026-10-08T06:33:30.6192946Z hint: Using 'master' as the name for the initial branch. This default branch name
2026-10-08T06:33:30.6194276Z hint: will change to "main" in Git 3.0. To configure the initial branch name
2026-10-08T06:33:30.6195238Z hint: to use in all of your new repositories, which will suppress this warning,
2026-10-08T06:33:30.6196468Z hint: call:
2026-10-08T06:33:30.6197120Z hint:
2026-10-08T06:33:30.6197890Z hint: 	git config --global init.defaultBranch <name>
2026-10-08T06:33:30.6198799Z hint:
2026-10-08T06:33:30.6199639Z hint: Names commonly chosen instead of 'master' are 'main', 'trunk' and
2026-10-08T06:33:30.6200932Z hint: 'development'. The just-created branch can be renamed via this command:
2026-10-08T06:33:30.6202215Z hint:
2026-10-08T06:33:30.6203166Z hint: 	git branch -m <name>
2026-10-08T06:33:30.6203793Z hint:
2026-10-08T06:33:30.6204595Z hint: Disable this message with "git config set advice.defaultBranchName false"
2026-10-08T06:33:30.6206075Z Initialized empty Git repository in /home/runner/work/codecortex/codecortex/tests-only/.git/
2026-10-08T06:33:30.6208778Z [command]/usr/bin/git remote add origin https://github.com/jyqj/codecortex
2026-10-08T06:33:30.6241991Z ##[endgroup]
2026-10-08T06:33:30.6242665Z ##[group]Disabling automatic garbage collection
2026-10-08T06:33:30.6245889Z [command]/usr/bin/git config --local gc.auto 0
2026-10-08T06:33:30.6276395Z ##[endgroup]
2026-10-08T06:33:30.6277005Z ##[group]Setting up auth
2026-10-08T06:33:30.6284009Z [command]/usr/bin/git config --local --name-only --get-regexp core\.sshCommand
2026-10-08T06:33:30.6314491Z [command]/usr/bin/git submodule foreach --recursive sh -c "git config --local --name-only --get-regexp 'core\.sshCommand' && git config --local --unset-all 'core.sshCommand' || :"
2026-10-08T06:33:30.6540571Z [command]/usr/bin/git config --local --name-only --get-regexp http\.https\:\/\/github\.com\/\.extraheader
2026-10-08T06:33:30.6574715Z [command]/usr/bin/git submodule foreach --recursive sh -c "git config --local --name-only --get-regexp 'http\.https\:\/\/github\.com\/\.extraheader' && git config --local --unset-all 'http.https://github.com/.extraheader' || :"
2026-10-08T06:33:30.6800671Z [command]/usr/bin/git config --local --name-only --get-regexp ^includeIf\.gitdir:
2026-10-08T06:33:30.6834372Z [command]/usr/bin/git submodule foreach --recursive git config --local --show-origin --name-only --get-regexp remote.origin.url
2026-10-08T06:33:30.7061916Z [command]/usr/bin/git config --local http.https://github.com/.extraheader AUTHORIZATION: basic ***
2026-10-08T06:33:30.7106403Z ##[endgroup]
2026-10-08T06:33:30.7106927Z ##[group]Fetching the repository
2026-10-08T06:33:30.7115799Z [command]/usr/bin/git -c protocol.version=2 fetch --no-tags --prune --no-recurse-submodules --depth=1 origin b608d2639aff026a993d59f1a4ab59e8f7c270f5
2026-10-08T06:33:46.2028289Z From https://github.com/jyqj/codecortex
2026-10-08T06:33:46.2028911Z  * branch            b608d2639aff026a993d59f1a4ab59e8f7c270f5 -> FETCH_HEAD
2026-10-08T06:33:46.2033044Z ##[endgroup]
2026-10-08T06:33:46.2033504Z ##[group]Determining the checkout info
2026-10-08T06:33:46.2035584Z ##[endgroup]
2026-10-08T06:33:46.2041221Z [command]/usr/bin/git sparse-checkout disable
2026-10-08T06:33:46.2083780Z [command]/usr/bin/git config --local --unset-all extensions.worktreeConfig
2026-10-08T06:33:46.2113548Z ##[group]Checking out the ref
2026-10-08T06:33:46.2117762Z [command]/usr/bin/git checkout --progress --force b608d2639aff026a993d59f1a4ab59e8f7c270f5
2026-10-08T06:33:47.2445128Z Updating files:  88% (12181/13771)
2026-10-08T06:33:47.5925474Z Updating files:  89% (12257/13771)
2026-10-08T06:33:47.8901397Z Updating files:  90% (12394/13771)
2026-10-08T06:33:47.8962391Z Updating files:  91% (12532/13771)
2026-10-08T06:33:47.9057057Z Updating files:  92% (12670/13771)
2026-10-08T06:33:47.9176216Z Updating files:  93% (12808/13771)
2026-10-08T06:33:47.9279462Z Updating files:  94% (12945/13771)
2026-10-08T06:33:47.9424907Z Updating files:  95% (13083/13771)
2026-10-08T06:33:47.9535252Z Updating files:  96% (13221/13771)
2026-10-08T06:33:47.9645955Z Updating files:  97% (13358/13771)
2026-10-08T06:33:47.9747548Z Updating files:  98% (13496/13771)
2026-10-08T06:33:47.9910340Z Updating files:  99% (13634/13771)
2026-10-08T06:33:47.9910991Z Updating files: 100% (13771/13771)
2026-10-08T06:33:47.9911544Z Updating files: 100% (13771/13771), done.
2026-10-08T06:33:48.0066186Z Note: switching to 'b608d2639aff026a993d59f1a4ab59e8f7c270f5'.
2026-10-08T06:33:48.0066725Z 
2026-10-08T06:33:48.0067094Z You are in 'detached HEAD' state. You can look around, make experimental
2026-10-08T06:33:48.0067934Z changes and commit them, and you can discard any commits you make in this
2026-10-08T06:33:48.0068756Z state without impacting any branches by switching back to a branch.
2026-10-08T06:33:48.0069503Z 
2026-10-08T06:33:48.0069800Z If you want to create a new branch to retain commits you create, you may
2026-10-08T06:33:48.0070528Z do so (now or later) by using -c with the switch command. Example:
2026-10-08T06:33:48.0070964Z 
2026-10-08T06:33:48.0071139Z   git switch -c <new-branch-name>
2026-10-08T06:33:48.0071568Z 
2026-10-08T06:33:48.0071971Z Or undo this operation with:
2026-10-08T06:33:48.0072255Z 
2026-10-08T06:33:48.0072397Z   git switch -
2026-10-08T06:33:48.0072610Z 
2026-10-08T06:33:48.0072975Z Turn off this advice by setting config variable advice.detachedHead to false
2026-10-08T06:33:48.0073510Z 
2026-10-08T06:33:48.0074092Z HEAD is now at b608d26 test(index): require explicit text and hidden source admission across scan and watcher paths
2026-10-08T06:33:48.0154232Z ##[endgroup]
2026-10-08T06:33:48.0194537Z [command]/usr/bin/git log -1 --format=%H
2026-10-08T06:33:48.0218608Z b608d2639aff026a993d59f1a4ab59e8f7c270f5
2026-10-08T06:33:48.0498317Z ##[group]Run dtolnay/rust-toolchain@stable
2026-10-08T06:33:48.0498670Z with:
2026-10-08T06:33:48.0498864Z   toolchain: stable
2026-10-08T06:33:48.0499076Z ##[endgroup]
2026-10-08T06:33:48.0578185Z ##[start-action display=Parse toolchain version;id=__dtolnay_rust-toolchain.parse]
2026-10-08T06:33:48.0635209Z ##[group]Run if [[ -z $toolchain ]]; then
2026-10-08T06:33:48.0635595Z [36;1mif [[ -z $toolchain ]]; then[0m
2026-10-08T06:33:48.0636139Z [36;1m  # GitHub does not enforce `required: true` inputs itself. https://github.com/actions/runner/issues/1070[0m
2026-10-08T06:33:48.0636714Z [36;1m  echo "'toolchain' is a required input" >&2[0m
2026-10-08T06:33:48.0637015Z [36;1m  exit 1[0m
2026-10-08T06:33:48.0637354Z [36;1melif [[ $toolchain =~ ^stable' '[0-9]+' '(year|month|week|day)s?' 'ago$ ]]; then[0m
2026-10-08T06:33:48.0637767Z [36;1m  if [[ Linux == macOS ]]; then[0m
2026-10-08T06:33:48.0638350Z [36;1m    echo "toolchain=1.$((($(date -v-$(sed 's/stable \([0-9]*\) \(.\).*/\1\2/' <<< $toolchain) +%s)/60/60/24-16569)/7/6))" >> $GITHUB_OUTPUT[0m
2026-10-08T06:33:48.0638899Z [36;1m  else[0m
2026-10-08T06:33:48.0639309Z [36;1m    echo "toolchain=1.$((($(date --date "${toolchain#stable }" +%s)/60/60/24-16569)/7/6))" >> $GITHUB_OUTPUT[0m
2026-10-08T06:33:48.0639765Z [36;1m  fi[0m
2026-10-08T06:33:48.0640063Z [36;1melif [[ $toolchain =~ ^stable' 'minus' '[0-9]+' 'releases?$ ]]; then[0m
2026-10-08T06:33:48.0640595Z [36;1m  echo "toolchain=1.$((($(date +%s)/60/60/24-16569)/7/6-${toolchain//[^0-9]/}))" >> $GITHUB_OUTPUT[0m
2026-10-08T06:33:48.0641063Z [36;1melif [[ $toolchain =~ ^1\.[0-9]+$ ]]; then[0m
2026-10-08T06:33:48.0641591Z [36;1m  echo "toolchain=1.$((i=${toolchain#1.}, c=($(date +%s)/60/60/24-16569)/7/6, i+9*i*(10*i<=c)+90*i*(100*i<=c)))" >> $GITHUB_OUTPUT[0m
2026-10-08T06:33:48.0642354Z [36;1melse[0m
2026-10-08T06:33:48.0642603Z [36;1m  echo "toolchain=$toolchain" >> $GITHUB_OUTPUT[0m
2026-10-08T06:33:48.0642904Z [36;1mfi[0m
2026-10-08T06:33:48.0914837Z shell: /usr/bin/bash --noprofile --norc -e -o pipefail {0}
2026-10-08T06:33:48.0915233Z env:
2026-10-08T06:33:48.0915441Z   toolchain: stable
2026-10-08T06:33:48.0915667Z ##[endgroup]
2026-10-08T06:33:48.1058323Z ##[end-action id=__dtolnay_rust-toolchain.parse;outcome=success;conclusion=success;duration_ms=47]
2026-10-08T06:33:48.1070923Z ##[start-action display=Construct rustup command line;id=__dtolnay_rust-toolchain.flags]
2026-10-08T06:33:48.1098727Z ##[group]Run echo "targets=$(for t in ${targets//,/ }; do echo -n ' --target' $t; done)" >> $GITHUB_OUTPUT
2026-10-08T06:33:48.1099409Z [36;1mecho "targets=$(for t in ${targets//,/ }; do echo -n ' --target' $t; done)" >> $GITHUB_OUTPUT[0m
2026-10-08T06:33:48.1100088Z [36;1mecho "components=$(for c in ${components//,/ }; do echo -n ' --component' $c; done)" >> $GITHUB_OUTPUT[0m
2026-10-08T06:33:48.1100586Z [36;1mecho "downgrade=" >> $GITHUB_OUTPUT[0m
2026-10-08T06:33:48.1165251Z shell: /usr/bin/bash --noprofile --norc -e -o pipefail {0}
2026-10-08T06:33:48.1165606Z env:
2026-10-08T06:33:48.1165794Z   targets: 
2026-10-08T06:33:48.1166147Z   components: 
2026-10-08T06:33:48.1166340Z ##[endgroup]
2026-10-08T06:33:48.1297624Z ##[end-action id=__dtolnay_rust-toolchain.flags;outcome=success;conclusion=success;duration_ms=22]
2026-10-08T06:33:48.1299787Z ##[start-action display=Set $CARGO_HOME;id=__dtolnay_rust-toolchain.__run]
2026-10-08T06:33:48.1318783Z ##[group]Run echo CARGO_HOME=${CARGO_HOME:-"$HOME/.cargo"} >> $GITHUB_ENV
2026-10-08T06:33:48.1319259Z [36;1mecho CARGO_HOME=${CARGO_HOME:-"$HOME/.cargo"} >> $GITHUB_ENV[0m
2026-10-08T06:33:48.1383946Z shell: /usr/bin/bash --noprofile --norc -e -o pipefail {0}
2026-10-08T06:33:48.1384298Z ##[endgroup]
2026-10-08T06:33:48.1474444Z ##[end-action id=__dtolnay_rust-toolchain.__run;outcome=success;conclusion=success;duration_ms=17]
2026-10-08T06:33:48.1476529Z ##[start-action display=Install rustup if needed;id=__dtolnay_rust-toolchain.__run_2]
2026-10-08T06:33:48.1500678Z ##[group]Run if ! command -v rustup &>/dev/null; then
2026-10-08T06:33:48.1501081Z [36;1mif ! command -v rustup &>/dev/null; then[0m
2026-10-08T06:33:48.1502173Z [36;1m  curl --proto '=https' --tlsv1.2 --retry 10 --retry-connrefused --location --silent --show-error --fail https://sh.rustup.rs | sh -s -- --default-toolchain none -y[0m
2026-10-08T06:33:48.1502939Z [36;1m  echo "$CARGO_HOME/bin" >> $GITHUB_PATH[0m
2026-10-08T06:33:48.1503228Z [36;1mfi[0m
2026-10-08T06:33:48.1563979Z shell: /usr/bin/bash --noprofile --norc -e -o pipefail {0}
2026-10-08T06:33:48.1564314Z env:
2026-10-08T06:33:48.1564510Z   CARGO_HOME: /home/runner/.cargo
2026-10-08T06:33:48.1564756Z ##[endgroup]
2026-10-08T06:33:48.1652885Z ##[end-action id=__dtolnay_rust-toolchain.__run_2;outcome=success;conclusion=success;duration_ms=17]
2026-10-08T06:33:48.1655035Z ##[start-action display=Install rustup if needed on windows;id=__dtolnay_rust-toolchain.__run_3]
2026-10-08T06:33:48.1661523Z ##[end-action id=__dtolnay_rust-toolchain.__run_3;outcome=skipped;conclusion=skipped;duration_ms=0]
2026-10-08T06:33:48.1673019Z ##[start-action display=rustup toolchain install stable;id=__dtolnay_rust-toolchain.__run_4]
2026-10-08T06:33:48.1691439Z ##[group]Run log=$(mktemp)
2026-10-08T06:33:48.1692048Z [36;1mlog=$(mktemp)[0m
2026-10-08T06:33:48.1692294Z [36;1mtrap 'rm -f "$log"' EXIT[0m
2026-10-08T06:33:48.1692561Z [36;1mfor attempt in 1 2 3 4 5; do[0m
2026-10-08T06:33:48.1693102Z [36;1m  if rustup toolchain install stable --profile minimal --no-self-update --force-non-host 2>&1 | tee "$log"; then[0m
2026-10-08T06:33:48.1693633Z [36;1m    break[0m
2026-10-08T06:33:48.1693834Z [36;1m  else[0m
2026-10-08T06:33:48.1694042Z [36;1m    status=$?[0m
2026-10-08T06:33:48.1694265Z [36;1m  fi[0m
2026-10-08T06:33:48.1694567Z [36;1m  if [[ $attempt == 5 ]] || ! grep -Fq 'checksum failed for ' "$log" \[0m
2026-10-08T06:33:48.1695134Z [36;1m      || ! grep -Fq 'this is likely due to an ongoing update of the official release server' "$log"; then[0m
2026-10-08T06:33:48.1695611Z [36;1m    exit "$status"[0m
2026-10-08T06:33:48.1695841Z [36;1m  fi[0m
2026-10-08T06:33:48.1696214Z [36;1m  echo "Retrying rustup toolchain install in 30 seconds (retry $attempt of 4)" >&2[0m
2026-10-08T06:33:48.1696642Z [36;1m  sleep 30[0m
2026-10-08T06:33:48.1696849Z [36;1mdone[0m
2026-10-08T06:33:48.1757859Z shell: /usr/bin/bash --noprofile --norc -e -o pipefail {0}
2026-10-08T06:33:48.1758193Z env:
2026-10-08T06:33:48.1758392Z   CARGO_HOME: /home/runner/.cargo
2026-10-08T06:33:48.1758661Z   RUSTUP_PERMIT_COPY_RENAME: 1
2026-10-08T06:33:48.1758911Z ##[endgroup]
2026-10-08T06:33:48.3734869Z info: syncing channel updates for stable-x86_64-unknown-linux-gnu
2026-10-08T06:33:48.6903874Z info: latest update on 2026-10-01 for version 1.99.0 (b940084d7 2026-09-28)
2026-10-08T06:33:48.7036830Z info: removing previous version of component rustfmt
2026-10-08T06:33:48.7055484Z info: removing previous version of component clippy
2026-10-08T06:33:48.7068394Z info: removing previous version of component cargo
2026-10-08T06:33:48.7114725Z info: removing previous version of component rust-std
2026-10-08T06:33:48.7160985Z info: removing previous version of component rustc
2026-10-08T06:33:48.7210800Z info: downloading 5 components
2026-10-08T06:33:57.0199660Z 
2026-10-08T06:33:57.0268837Z   stable-x86_64-unknown-linux-gnu updated - rustc 1.99.0 (b940084d7 2026-09-28) (from rustc 1.98.1 (48a229cea 2026-09-01))
2026-10-08T06:33:57.0269621Z 
2026-10-08T06:33:57.0350747Z ##[end-action id=__dtolnay_rust-toolchain.__run_4;outcome=success;conclusion=success;duration_ms=8867]
2026-10-08T06:33:57.0357404Z ##[start-action display=rustup default stable;id=__dtolnay_rust-toolchain.__run_5]
2026-10-08T06:33:57.0376477Z ##[group]Run rustup default stable --force-non-host
2026-10-08T06:33:57.0376866Z [36;1mrustup default stable --force-non-host[0m
2026-10-08T06:33:57.0437894Z shell: /usr/bin/bash --noprofile --norc -e -o pipefail {0}
2026-10-08T06:33:57.0438255Z env:
2026-10-08T06:33:57.0438459Z   CARGO_HOME: /home/runner/.cargo
2026-10-08T06:33:57.0438916Z ##[endgroup]
2026-10-08T06:33:57.0557157Z info: using existing install for stable-x86_64-unknown-linux-gnu
2026-10-08T06:33:57.0562671Z info: default toolchain set to stable-x86_64-unknown-linux-gnu
2026-10-08T06:33:57.0562962Z 
2026-10-08T06:33:57.0625184Z   stable-x86_64-unknown-linux-gnu unchanged - rustc 1.99.0 (b940084d7 2026-09-28)
2026-10-08T06:33:57.0625757Z 
2026-10-08T06:33:57.0642798Z ##[end-action id=__dtolnay_rust-toolchain.__run_5;outcome=success;conclusion=success;duration_ms=28]
2026-10-08T06:33:57.0645309Z ##[start-action display=Create cachekey;id=__dtolnay_rust-toolchain.rustc-version]
2026-10-08T06:33:57.0664896Z ##[group]Run DATE=$(rustc +stable --version --verbose | sed -ne 's/^commit-date: \(20[0-9][0-9]\)-\([01][0-9]\)-\([0-3][0-9]\)$/\1\2\3/p')
2026-10-08T06:33:57.0665753Z [36;1mDATE=$(rustc +stable --version --verbose | sed -ne 's/^commit-date: \(20[0-9][0-9]\)-\([01][0-9]\)-\([0-3][0-9]\)$/\1\2\3/p')[0m
2026-10-08T06:33:57.0666424Z [36;1mHASH=$(rustc +stable --version --verbose | sed -ne 's/^commit-hash: //p')[0m
2026-10-08T06:33:57.0666959Z [36;1mecho "cachekey=$(echo $DATE$HASH | head -c12)" >> $GITHUB_OUTPUT[0m
2026-10-08T06:33:57.0727595Z shell: /usr/bin/bash --noprofile --norc -e -o pipefail {0}
2026-10-08T06:33:57.0727951Z env:
2026-10-08T06:33:57.0728160Z   CARGO_HOME: /home/runner/.cargo
2026-10-08T06:33:57.0728427Z ##[endgroup]
2026-10-08T06:33:57.1052634Z ##[end-action id=__dtolnay_rust-toolchain.rustc-version;outcome=success;conclusion=success;duration_ms=40]
2026-10-08T06:33:57.1055208Z ##[start-action display=Disable incremental compilation;id=__dtolnay_rust-toolchain.__run_6]
2026-10-08T06:33:57.1073590Z ##[group]Run if [ -z "${CARGO_INCREMENTAL+set}" ]; then
2026-10-08T06:33:57.1073978Z [36;1mif [ -z "${CARGO_INCREMENTAL+set}" ]; then[0m
2026-10-08T06:33:57.1074323Z [36;1m  echo CARGO_INCREMENTAL=0 >> $GITHUB_ENV[0m
2026-10-08T06:33:57.1074630Z [36;1mfi[0m
2026-10-08T06:33:57.1135063Z shell: /usr/bin/bash --noprofile --norc -e -o pipefail {0}
2026-10-08T06:33:57.1135423Z env:
2026-10-08T06:33:57.1135637Z   CARGO_HOME: /home/runner/.cargo
2026-10-08T06:33:57.1135890Z ##[endgroup]
2026-10-08T06:33:57.1215655Z ##[end-action id=__dtolnay_rust-toolchain.__run_6;outcome=success;conclusion=success;duration_ms=15]
2026-10-08T06:33:57.1217764Z ##[start-action display=Enable colors in Cargo output;id=__dtolnay_rust-toolchain.__run_7]
2026-10-08T06:33:57.1234053Z ##[group]Run if [ -z "${CARGO_TERM_COLOR+set}" ]; then
2026-10-08T06:33:57.1234428Z [36;1mif [ -z "${CARGO_TERM_COLOR+set}" ]; then[0m
2026-10-08T06:33:57.1234812Z [36;1m  echo CARGO_TERM_COLOR=always >> $GITHUB_ENV[0m
2026-10-08T06:33:57.1235122Z [36;1mfi[0m
2026-10-08T06:33:57.1288287Z shell: /usr/bin/bash --noprofile --norc -e -o pipefail {0}
2026-10-08T06:33:57.1288633Z env:
2026-10-08T06:33:57.1288838Z   CARGO_HOME: /home/runner/.cargo
2026-10-08T06:33:57.1289089Z   CARGO_INCREMENTAL: 0
2026-10-08T06:33:57.1289298Z ##[endgroup]
2026-10-08T06:33:57.1366828Z ##[end-action id=__dtolnay_rust-toolchain.__run_7;outcome=success;conclusion=success;duration_ms=14]
2026-10-08T06:33:57.1368998Z ##[start-action display=Enable Cargo sparse registry;id=__dtolnay_rust-toolchain.__run_8]
2026-10-08T06:33:57.1386349Z ##[group]Run # implemented in 1.66, stabilized in 1.68, made default in 1.70
2026-10-08T06:33:57.1386887Z [36;1m# implemented in 1.66, stabilized in 1.68, made default in 1.70[0m
2026-10-08T06:33:57.1387615Z [36;1mif [ -z "${CARGO_REGISTRIES_CRATES_IO_PROTOCOL+set}" -o -f "/home/runner/work/_temp"/.implicit_cargo_registries_crates_io_protocol ]; then[0m
2026-10-08T06:33:57.1388364Z [36;1m  if rustc +stable --version --verbose | grep -q '^release: 1\.6[89]\.'; then[0m
2026-10-08T06:33:57.1388958Z [36;1m    touch "/home/runner/work/_temp"/.implicit_cargo_registries_crates_io_protocol || true[0m
2026-10-08T06:33:57.1389499Z [36;1m    echo CARGO_REGISTRIES_CRATES_IO_PROTOCOL=sparse >> $GITHUB_ENV[0m
2026-10-08T06:33:57.1390191Z [36;1m  elif rustc +stable --version --verbose | grep -q '^release: 1\.6[67]\.'; then[0m
2026-10-08T06:33:57.1390786Z [36;1m    touch "/home/runner/work/_temp"/.implicit_cargo_registries_crates_io_protocol || true[0m
2026-10-08T06:33:57.1391313Z [36;1m    echo CARGO_REGISTRIES_CRATES_IO_PROTOCOL=git >> $GITHUB_ENV[0m
2026-10-08T06:33:57.1391895Z [36;1m  fi[0m
2026-10-08T06:33:57.1392155Z [36;1mfi[0m
2026-10-08T06:33:57.1444467Z shell: /usr/bin/bash --noprofile --norc -e -o pipefail {0}
2026-10-08T06:33:57.1444806Z env:
2026-10-08T06:33:57.1445002Z   CARGO_HOME: /home/runner/.cargo
2026-10-08T06:33:57.1445251Z   CARGO_INCREMENTAL: 0
2026-10-08T06:33:57.1445472Z   CARGO_TERM_COLOR: always
2026-10-08T06:33:57.1445692Z ##[endgroup]
2026-10-08T06:33:57.1741483Z ##[end-action id=__dtolnay_rust-toolchain.__run_8;outcome=success;conclusion=success;duration_ms=37]
2026-10-08T06:33:57.1744520Z ##[start-action display=Work around spurious network errors in curl 8.0;id=__dtolnay_rust-toolchain.__run_9]
2026-10-08T06:33:57.1783161Z ##[group]Run # https://rust-lang.zulipchat.com/#narrow/stream/246057-t-cargo/topic/timeout.20investigation
2026-10-08T06:33:57.1783946Z [36;1m# https://rust-lang.zulipchat.com/#narrow/stream/246057-t-cargo/topic/timeout.20investigation[0m
2026-10-08T06:33:57.1784565Z [36;1mif rustc +stable --version --verbose | grep -q '^release: 1\.7[01]\.'; then[0m
2026-10-08T06:33:57.1785034Z [36;1m  echo CARGO_HTTP_MULTIPLEXING=false >> $GITHUB_ENV[0m
2026-10-08T06:33:57.1785349Z [36;1mfi[0m
2026-10-08T06:33:57.1846283Z shell: /usr/bin/bash --noprofile --norc -e -o pipefail {0}
2026-10-08T06:33:57.1846646Z env:
2026-10-08T06:33:57.1846853Z   CARGO_HOME: /home/runner/.cargo
2026-10-08T06:33:57.1847127Z   CARGO_INCREMENTAL: 0
2026-10-08T06:33:57.1847353Z   CARGO_TERM_COLOR: always
2026-10-08T06:33:57.1847584Z ##[endgroup]
2026-10-08T06:33:57.2046424Z ##[end-action id=__dtolnay_rust-toolchain.__run_9;outcome=success;conclusion=success;duration_ms=30]
2026-10-08T06:33:57.2050795Z ##[start-action display=rustc +stable --version --verbose;id=__dtolnay_rust-toolchain.__run_10]
2026-10-08T06:33:57.2068730Z ##[group]Run rustc +stable --version --verbose
2026-10-08T06:33:57.2069177Z [36;1mrustc +stable --version --verbose[0m
2026-10-08T06:33:57.2129146Z shell: /usr/bin/bash --noprofile --norc -e -o pipefail {0}
2026-10-08T06:33:57.2129490Z env:
2026-10-08T06:33:57.2129688Z   CARGO_HOME: /home/runner/.cargo
2026-10-08T06:33:57.2129946Z   CARGO_INCREMENTAL: 0
2026-10-08T06:33:57.2130160Z   CARGO_TERM_COLOR: always
2026-10-08T06:33:57.2130380Z ##[endgroup]
2026-10-08T06:33:57.2303264Z rustc 1.99.0 (b940084d7 2026-09-28)
2026-10-08T06:33:57.2304132Z binary: rustc
2026-10-08T06:33:57.2304741Z commit-hash: b940084d7eb6a299eb4bfeb8e34901bc051e7ac4
2026-10-08T06:33:57.2305541Z commit-date: 2026-09-28
2026-10-08T06:33:57.2305904Z host: x86_64-unknown-linux-gnu
2026-10-08T06:33:57.2306318Z release: 1.99.0
2026-10-08T06:33:57.2306542Z LLVM version: 23.1.1
2026-10-08T06:33:57.2321970Z ##[end-action id=__dtolnay_rust-toolchain.__run_10;outcome=success;conclusion=success;duration_ms=27]
2026-10-08T06:33:57.2415395Z ##[group]Run Swatinem/rust-cache@v2
2026-10-08T06:33:57.2415885Z with:
2026-10-08T06:33:57.2416097Z   workspaces: tests-only
2026-10-08T06:33:57.2416344Z   prefix-key: v0-rust
2026-10-08T06:33:57.2416654Z   add-job-id-key: true
2026-10-08T06:33:57.2416936Z   add-rust-environment-hash-key: true
2026-10-08T06:33:57.2417216Z   cache-targets: true
2026-10-08T06:33:57.2417438Z   cache-all-crates: false
2026-10-08T06:33:57.2417680Z   cache-workspace-crates: false
2026-10-08T06:33:57.2417929Z   save-if: true
2026-10-08T06:33:57.2418130Z   cache-provider: github
2026-10-08T06:33:57.2418351Z   cache-bin: true
2026-10-08T06:33:57.2418548Z   lookup-only: false
2026-10-08T06:33:57.2418752Z   cmd-format: {0}
2026-10-08T06:33:57.2418940Z env:
2026-10-08T06:33:57.2419135Z   CARGO_HOME: /home/runner/.cargo
2026-10-08T06:33:57.2419392Z   CARGO_INCREMENTAL: 0
2026-10-08T06:33:57.2419608Z   CARGO_TERM_COLOR: always
2026-10-08T06:33:57.2419829Z ##[endgroup]
2026-10-08T06:33:58.7303568Z ##[group]Cache Configuration
2026-10-08T06:33:58.7304101Z Cache Provider:
2026-10-08T06:33:58.7304452Z     github
2026-10-08T06:33:58.7304770Z Workspaces:
2026-10-08T06:33:58.7305198Z     /home/runner/work/codecortex/codecortex/tests-only
2026-10-08T06:33:58.7305741Z Cache Paths:
2026-10-08T06:33:58.7306086Z     /home/runner/.cargo/bin
2026-10-08T06:33:58.7306515Z     /home/runner/.cargo/.crates.toml
2026-10-08T06:33:58.7306990Z     /home/runner/.cargo/.crates2.json
2026-10-08T06:33:58.7307450Z     /home/runner/.cargo/registry
2026-10-08T06:33:58.7307887Z     /home/runner/.cargo/git
2026-10-08T06:33:58.7308424Z     /home/runner/work/codecortex/codecortex/tests-only/target
2026-10-08T06:33:58.7309002Z Restore Key:
2026-10-08T06:33:58.7309418Z     v0-rust-counterexample-Linux-x64-c7b3ef7d
2026-10-08T06:33:58.7309937Z Cache Key:
2026-10-08T06:33:58.7310419Z     v0-rust-counterexample-Linux-x64-c7b3ef7d-3495a27c
2026-10-08T06:33:58.7310983Z .. Prefix:
2026-10-08T06:33:58.7311357Z   - v0-rust-counterexample-Linux-x64
2026-10-08T06:33:58.7312119Z .. Environment considered:
2026-10-08T06:33:58.7312555Z   - Rust Versions:
2026-10-08T06:33:58.7313134Z     - 1.99.0 x86_64-unknown-linux-gnu b940084d7eb6a299eb4bfeb8e34901bc051e7ac4
2026-10-08T06:33:58.7313820Z   - CARGO_HOME
2026-10-08T06:33:58.7314176Z   - CARGO_INCREMENTAL
2026-10-08T06:33:58.7314538Z   - CARGO_TERM_COLOR
2026-10-08T06:33:58.7314902Z .. Lockfiles considered:
2026-10-08T06:33:58.7315458Z   - /home/runner/work/codecortex/codecortex/tests-only/Cargo.lock
2026-10-08T06:33:58.7316361Z   - /home/runner/work/codecortex/codecortex/tests-only/crates/cc-db/Cargo.toml
2026-10-08T06:33:58.7317345Z   - /home/runner/work/codecortex/codecortex/tests-only/crates/cc-eval/Cargo.toml
2026-10-08T06:33:58.7318348Z   - /home/runner/work/codecortex/codecortex/tests-only/crates/cc-index/Cargo.toml
2026-10-08T06:33:58.7319333Z   - /home/runner/work/codecortex/codecortex/tests-only/crates/cc-model/Cargo.toml
2026-10-08T06:33:58.7320336Z   - /home/runner/work/codecortex/codecortex/tests-only/crates/cc-parsers/Cargo.toml
2026-10-08T06:33:58.7321341Z   - /home/runner/work/codecortex/codecortex/tests-only/crates/cc-search/Cargo.toml
2026-10-08T06:33:58.7322558Z   - /home/runner/work/codecortex/codecortex/tests-only/crates/cc-semantic/Cargo.toml
2026-10-08T06:33:58.7323579Z   - /home/runner/work/codecortex/codecortex/tests-only/crates/cc-server/Cargo.toml
2026-10-08T06:33:58.7324579Z ##[endgroup]
2026-10-08T06:33:58.7324775Z 
2026-10-08T06:33:58.7324918Z ... Restoring cache ...
2026-10-08T06:33:58.9176095Z No cache found.
2026-10-08T06:33:58.9302310Z ##[group]Run python3 ../utility/artifacts/checkpoints/p8-product-repair-20261008/observe_counterexample.py
2026-10-08T06:33:58.9303136Z [36;1mpython3 ../utility/artifacts/checkpoints/p8-product-repair-20261008/observe_counterexample.py[0m
2026-10-08T06:33:58.9364390Z shell: /usr/bin/bash -e {0}
2026-10-08T06:33:58.9364642Z env:
2026-10-08T06:33:58.9364840Z   CARGO_HOME: /home/runner/.cargo
2026-10-08T06:33:58.9365102Z   CARGO_INCREMENTAL: 0
2026-10-08T06:33:58.9365320Z   CARGO_TERM_COLOR: always
2026-10-08T06:33:58.9365721Z   CACHE_ON_FAILURE: false
2026-10-08T06:33:58.9365944Z ##[endgroup]
2026-10-08T06:34:37.6235240Z Missing actual expected runtime test failure; inspect retained log.
2026-10-08T06:34:37.6237958Z P8_COUNTEREXAMPLE {"schema_version":1,"source_commit":"b608d2639aff026a993d59f1a4ab59e8f7c270f5","argv":["cargo","test","-p","cc-index","--test","explicit_text_admission","--","--nocapture"],"returncode":101,"log_bytes":10658,"log_sha256":"f7fd40525016b2ecd28a578414425b4b7d984dadf2e661115c3d06b1347780d2","failure_summary":[],"expected_runtime_counterexample":false,"not_a_fixed_product_result":true}
2026-10-08T06:34:37.6300773Z ##[error]Process completed with exit code 1.
2026-10-08T06:34:37.6366068Z ##[group]Run actions/upload-artifact@v4
2026-10-08T06:34:37.6366369Z with:
2026-10-08T06:34:37.6366606Z   name: p8-original-admission-counterexample
2026-10-08T06:34:37.6367079Z   path: tests-only/artifacts/checkpoints/p8-product-repair-20261008/counterexample
2026-10-08T06:34:37.6367536Z   if-no-files-found: error
2026-10-08T06:34:37.6367802Z   include-hidden-files: true
2026-10-08T06:34:37.6368049Z   compression-level: 6
2026-10-08T06:34:37.6368264Z   overwrite: false
2026-10-08T06:34:37.6368469Z env:
2026-10-08T06:34:37.6368667Z   CARGO_HOME: /home/runner/.cargo
2026-10-08T06:34:37.6368924Z   CARGO_INCREMENTAL: 0
2026-10-08T06:34:37.6369145Z   CARGO_TERM_COLOR: always
2026-10-08T06:34:37.6369375Z   CACHE_ON_FAILURE: false
2026-10-08T06:34:37.6369593Z ##[endgroup]
2026-10-08T06:34:37.8046623Z (node:4543) [DEP0040] DeprecationWarning: The `punycode` module is deprecated. Please use a userland alternative instead.
2026-10-08T06:34:37.8047895Z (Use `node --trace-deprecation ...` to show where the warning was created)
2026-10-08T06:34:37.8103316Z With the provided path, there will be 2 files uploaded
2026-10-08T06:34:37.8107860Z Artifact name is valid!
2026-10-08T06:34:37.8108630Z Root directory input is valid!
2026-10-08T06:34:38.1404042Z Beginning upload of artifact content to blob storage
2026-10-08T06:34:38.1620365Z (node:4543) [DEP0169] DeprecationWarning: `url.parse()` behavior is not standardized and prone to errors that have security implications. Use the WHATWG URL API instead. CVEs are not issued for `url.parse()` vulnerabilities.
2026-10-08T06:34:38.3668274Z Uploaded bytes 2597
2026-10-08T06:34:38.4251474Z Finished uploading artifact content to blob storage!
2026-10-08T06:34:38.4253287Z SHA256 digest of uploaded artifact zip is f7e52bdb07e7b1b18fe5652081e56662cd1e97b376878231ff2fea576c3bb699
2026-10-08T06:34:38.4254695Z Finalizing artifact upload
2026-10-08T06:34:38.6897347Z Artifact p8-original-admission-counterexample.zip successfully finalized. Artifact ID 11531779746
2026-10-08T06:34:38.6899034Z Artifact p8-original-admission-counterexample has been successfully uploaded! Final size is 2597 bytes. Artifact ID is 11531779746
2026-10-08T06:34:38.6906415Z Artifact download URL: https://github.com/jyqj/codecortex/actions/runs/37738228773/artifacts/11531779746
2026-10-08T06:34:38.7114447Z Post job cleanup.
2026-10-08T06:34:38.7970797Z [command]/usr/bin/git version
2026-10-08T06:34:38.8009751Z git version 2.55.0
2026-10-08T06:34:38.8049292Z Temporarily overriding HOME='/home/runner/work/_temp/e5c38bb5-77dd-446c-b318-0986dc7265cc' before making global git config changes
2026-10-08T06:34:38.8050625Z Adding repository directory to the temporary git global config as a safe directory
2026-10-08T06:34:38.8055595Z [command]/usr/bin/git config --global --add safe.directory /home/runner/work/codecortex/codecortex/tests-only
2026-10-08T06:34:38.8093469Z [command]/usr/bin/git config --local --name-only --get-regexp core\.sshCommand
2026-10-08T06:34:38.8127458Z [command]/usr/bin/git submodule foreach --recursive sh -c "git config --local --name-only --get-regexp 'core\.sshCommand' && git config --local --unset-all 'core.sshCommand' || :"
2026-10-08T06:34:38.8373915Z [command]/usr/bin/git config --local --name-only --get-regexp http\.https\:\/\/github\.com\/\.extraheader
2026-10-08T06:34:38.8403265Z http.https://github.com/.extraheader
2026-10-08T06:34:38.8415125Z [command]/usr/bin/git config --local --unset-all http.https://github.com/.extraheader
2026-10-08T06:34:38.8449876Z [command]/usr/bin/git submodule foreach --recursive sh -c "git config --local --name-only --get-regexp 'http\.https\:\/\/github\.com\/\.extraheader' && git config --local --unset-all 'http.https://github.com/.extraheader' || :"
2026-10-08T06:34:38.8689796Z [command]/usr/bin/git config --local --name-only --get-regexp ^includeIf\.gitdir:
2026-10-08T06:34:38.8723735Z [command]/usr/bin/git submodule foreach --recursive git config --local --show-origin --name-only --get-regexp remote.origin.url
2026-10-08T06:34:38.9124050Z Post job cleanup.
2026-10-08T06:34:38.9984559Z [command]/usr/bin/git version
2026-10-08T06:34:39.0022529Z git version 2.55.0
2026-10-08T06:34:39.0059641Z Temporarily overriding HOME='/home/runner/work/_temp/cb03f08d-ca91-4f65-9a26-69083b18d3b0' before making global git config changes
2026-10-08T06:34:39.0060546Z Adding repository directory to the temporary git global config as a safe directory
2026-10-08T06:34:39.0065524Z [command]/usr/bin/git config --global --add safe.directory /home/runner/work/codecortex/codecortex/utility
2026-10-08T06:34:39.0104318Z [command]/usr/bin/git config --local --name-only --get-regexp core\.sshCommand
2026-10-08T06:34:39.0140509Z [command]/usr/bin/git submodule foreach --recursive sh -c "git config --local --name-only --get-regexp 'core\.sshCommand' && git config --local --unset-all 'core.sshCommand' || :"
2026-10-08T06:34:39.0384307Z [command]/usr/bin/git config --local --name-only --get-regexp http\.https\:\/\/github\.com\/\.extraheader
2026-10-08T06:34:39.0409697Z http.https://github.com/.extraheader
2026-10-08T06:34:39.0420939Z [command]/usr/bin/git config --local --unset-all http.https://github.com/.extraheader
2026-10-08T06:34:39.0455743Z [command]/usr/bin/git submodule foreach --recursive sh -c "git config --local --name-only --get-regexp 'http\.https\:\/\/github\.com\/\.extraheader' && git config --local --unset-all 'http.https://github.com/.extraheader' || :"
2026-10-08T06:34:39.0703495Z [command]/usr/bin/git config --local --name-only --get-regexp ^includeIf\.gitdir:
2026-10-08T06:34:39.0738339Z [command]/usr/bin/git submodule foreach --recursive git config --local --show-origin --name-only --get-regexp remote.origin.url
2026-10-08T06:34:39.1118510Z Cleaning up orphan processes
2026-10-08T06:34:39.1495592Z ##[warning]Node.js 20 is deprecated. The following actions target Node.js 20 but are being forced to run on Node.js 24: actions/checkout@v4, actions/upload-artifact@v4. For more information see: https://github.blog/changelog/2025-09-19-deprecation-of-node-20-on-github-actions-runners/
