   Compiling cc-server v1.0.0 (/workspace/parallel-retry-progress/crates/cc-server)
    Finished `test` profile [unoptimized + debuginfo] target(s) in 18.80s
     Running unittests src/lib.rs (/workspace/codecortex/target/debug/deps/cc_server-95cb67417ad6e0e1)

running 1 test
RETRY_PROGRESS calls=2 done=1 ready_stranded=2 retry_backoff=1 cursor=None requested=false running=false pins=0 rows=[(1, "pending", 1, 1791037074.8322184, None, Some("provider timeout")), (2, "done", 1, 1791037044.830452, Some("34bc02aafa1a1c33fa6afac85692b83e"), None), (3, "pending", 0, 1791037044.830452, None, None), (4, "pending", 0, 1791037044.830452, None, None)]
test semantic_runtime::tests::recoverable_retry_frozen_parallel_counterexample ... ok

test result: ok. 1 passed; 0 failed; 0 ignored; 0 measured; 336 filtered out; finished in 0.24s

     Running unittests src/main.rs (/workspace/codecortex/target/debug/deps/codecortex-89882e9071d1aaff)

running 0 tests

test result: ok. 0 passed; 0 failed; 0 ignored; 0 measured; 41 filtered out; finished in 0.00s

     Running tests/cache_key_review_behavior.rs (/workspace/codecortex/target/debug/deps/cache_key_review_behavior-2e14ab0bf6fb372d)

running 0 tests

test result: ok. 0 passed; 0 failed; 0 ignored; 0 measured; 2 filtered out; finished in 0.00s

     Running tests/graph_traversal_bench.rs (/workspace/codecortex/target/debug/deps/graph_traversal_bench-0f49539cede998ef)

running 0 tests

test result: ok. 0 passed; 0 failed; 0 ignored; 0 measured; 1 filtered out; finished in 0.00s

     Running tests/index_fix_pinned_handle.rs (/workspace/codecortex/target/debug/deps/index_fix_pinned_handle-c85c4ae852135caf)

running 0 tests

test result: ok. 0 passed; 0 failed; 0 ignored; 0 measured; 1 filtered out; finished in 0.00s

     Running tests/mcp_stdio.rs (/workspace/codecortex/target/debug/deps/mcp_stdio-69af9d54fd28db8c)

running 0 tests

test result: ok. 0 passed; 0 failed; 0 ignored; 0 measured; 9 filtered out; finished in 0.00s

     Running tests/p7_acceptance_matrix.rs (/workspace/codecortex/target/debug/deps/p7_acceptance_matrix-62ab49ac692d7fb7)

running 0 tests

test result: ok. 0 passed; 0 failed; 0 ignored; 0 measured; 7 filtered out; finished in 0.00s

     Running tests/p7_production_fairness_model_review.rs (/workspace/codecortex/target/debug/deps/p7_production_fairness_model_review-3438413c48f8a3eb)

running 0 tests

test result: ok. 0 passed; 0 failed; 0 ignored; 0 measured; 6 filtered out; finished in 0.00s

     Running tests/p7_query_deadline_public.rs (/workspace/codecortex/target/debug/deps/p7_query_deadline_public-eb79c5fd37b8936c)

running 0 tests

test result: ok. 0 passed; 0 failed; 0 ignored; 0 measured; 2 filtered out; finished in 0.00s

     Running tests/p7_query_production.rs (/workspace/codecortex/target/debug/deps/p7_query_production-f394d8a1892b7a2c)

running 0 tests

test result: ok. 0 passed; 0 failed; 0 ignored; 0 measured; 1 filtered out; finished in 0.00s

     Running tests/p7_runtime_independent_review.rs (/workspace/codecortex/target/debug/deps/p7_runtime_independent_review-f5fcf25458db3af8)

running 0 tests

test result: ok. 0 passed; 0 failed; 0 ignored; 0 measured; 3 filtered out; finished in 0.00s

     Running tests/p7_status_snapshot_independent_review.rs (/workspace/codecortex/target/debug/deps/p7_status_snapshot_independent_review-1a11064950f354cf)

running 0 tests

test result: ok. 0 passed; 0 failed; 0 ignored; 0 measured; 6 filtered out; finished in 0.00s

     Running tests/p7_v05_all_lane_scope.rs (/workspace/codecortex/target/debug/deps/p7_v05_all_lane_scope-8ce8755e38373fe2)

running 0 tests

test result: ok. 0 passed; 0 failed; 0 ignored; 0 measured; 1 filtered out; finished in 0.00s

     Running tests/p7_v05_scope_public.rs (/workspace/codecortex/target/debug/deps/p7_v05_scope_public-c23309398b98023e)

running 0 tests

test result: ok. 0 passed; 0 failed; 0 ignored; 0 measured; 2 filtered out; finished in 0.00s

     Running tests/p7_v05_v11_independent_review.rs (/workspace/codecortex/target/debug/deps/p7_v05_v11_independent_review-d6f3803a4b2b65d0)

running 0 tests

test result: ok. 0 passed; 0 failed; 0 ignored; 0 measured; 6 filtered out; finished in 0.00s

     Running tests/p7_v11_cache_consumption.rs (/workspace/codecortex/target/debug/deps/p7_v11_cache_consumption-18f333f74c5618c4)

running 0 tests

test result: ok. 0 passed; 0 failed; 0 ignored; 0 measured; 3 filtered out; finished in 0.00s

     Running tests/p7_v11_cache_key_matrix.rs (/workspace/codecortex/target/debug/deps/p7_v11_cache_key_matrix-47cea2baedf28135)

running 0 tests

test result: ok. 0 passed; 0 failed; 0 ignored; 0 measured; 3 filtered out; finished in 0.00s

     Running tests/p7_v11_generation_public.rs (/workspace/codecortex/target/debug/deps/p7_v11_generation_public-7801e10dae64b762)

running 0 tests

test result: ok. 0 passed; 0 failed; 0 ignored; 0 measured; 2 filtered out; finished in 0.00s

     Running tests/p7_v11_ready_epoch_independent_review.rs (/workspace/codecortex/target/debug/deps/p7_v11_ready_epoch_independent_review-bdb98234e4b32036)

running 0 tests

test result: ok. 0 passed; 0 failed; 0 ignored; 0 measured; 1 filtered out; finished in 0.00s

     Running tests/p7_v16_exact_oracle.rs (/workspace/codecortex/target/debug/deps/p7_v16_exact_oracle-e413ecad6ec6b556)

running 0 tests

test result: ok. 0 passed; 0 failed; 0 ignored; 0 measured; 1 filtered out; finished in 0.00s

     Running tests/p7_v16_oracle_independent_review.rs (/workspace/codecortex/target/debug/deps/p7_v16_oracle_independent_review-4d68034f4d68183e)

running 0 tests

test result: ok. 0 passed; 0 failed; 0 ignored; 0 measured; 2 filtered out; finished in 0.00s

     Running tests/p7_v18_fault_contract.rs (/workspace/codecortex/target/debug/deps/p7_v18_fault_contract-40be30f7a82a056a)

running 0 tests

test result: ok. 0 passed; 0 failed; 0 ignored; 0 measured; 2 filtered out; finished in 0.00s

     Running tests/p7_v18_parameter_contract.rs (/workspace/codecortex/target/debug/deps/p7_v18_parameter_contract-0c43d74da991f142)

running 0 tests

test result: ok. 0 passed; 0 failed; 0 ignored; 0 measured; 12 filtered out; finished in 0.00s

     Running tests/v11_consumption_independent_review.rs (/workspace/codecortex/target/debug/deps/v11_consumption_independent_review-f6c2641d10773dc6)

running 0 tests

test result: ok. 0 passed; 0 failed; 0 ignored; 0 measured; 2 filtered out; finished in 0.00s

