   Compiling libc v0.2.183
   Compiling serde_core v1.0.228
   Compiling memchr v2.8.0
   Compiling serde v1.0.228
   Compiling hashbrown v0.17.1
   Compiling serde_json v1.0.149
   Compiling hashlink v0.12.1
   Compiling aho-corasick v1.1.4
   Compiling jobserver v0.1.34
   Compiling getrandom v0.4.2
   Compiling cc v1.2.58
   Compiling parking_lot_core v0.9.12
   Compiling parking_lot v0.12.5
   Compiling scheduled-thread-pool v0.2.7
   Compiling rand v0.10.3
   Compiling zstd-sys v2.0.16+zstd.1.5.7
   Compiling libsqlite3-sys v0.38.1
   Compiling blake3 v1.8.4
   Compiling tracing-core v0.1.36
   Compiling log v0.4.29
   Compiling tracing v0.1.44
   Compiling r2d2 v0.8.10
   Compiling regex-automata v0.4.14
   Compiling uuid v1.23.0
   Compiling tempfile v3.27.0
   Compiling chrono v0.4.44
   Compiling regex v1.12.3
   Compiling cc-model v1.0.0 (/workspace/codecortex/crates/cc-model)
   Compiling rusqlite v0.40.1
   Compiling zstd-safe v7.2.4
   Compiling zstd v0.13.3
   Compiling r2d2_sqlite v0.35.0
   Compiling cc-db v1.0.0 (/workspace/codecortex/crates/cc-db)
    Finished `test` profile [unoptimized + debuginfo] target(s) in 23.87s
     Running unittests src/lib.rs (target/debug/deps/cc_db-ee898ddf720dbb7d)
capability_read::tests::all_fields_keep_the_pinned_snapshot_across_a_committed_publication: test
capability_read::tests::incarnation_validation_rejects_in_place_replacement_but_not_epoch_churn: test
capability_read::tests::missing_count_table_errors_are_not_zero_or_a_partial_ready_snapshot: test
capability_read::tests::normal_rename_checks_the_actual_open_file_without_rebuild_or_wal: test
capability_read::tests::unsupported_error_and_undefined_identity_results_are_never_unmoved: test
capability_read::tests::unwired_read_skips_semantic_counts_and_does_not_write: test

6 tests, 0 benchmarks
