   Compiling smallvec v1.15.1
   Compiling syn v3.0.6
   Compiling stable_deref_trait v1.2.1
   Compiling futures-channel v0.3.32
   Compiling litemap v0.8.3
   Compiling parking_lot_core v0.9.12
   Compiling futures-util v0.3.32
   Compiling writeable v0.6.4
   Compiling parking_lot v0.12.5
   Compiling ring v0.17.14
   Compiling tokio v1.50.0
   Compiling icu_properties_data v2.3.0
   Compiling utf8_iter v1.0.4
   Compiling icu_normalizer_data v2.3.0
   Compiling synstructure v0.14.0
   Compiling zerofrom-derive v0.1.8
   Compiling zerofrom v0.1.8
   Compiling yoke-derive v0.8.4
   Compiling zerovec-derive v0.11.6
   Compiling yoke v0.8.3
   Compiling displaydoc v0.2.7
   Compiling zerovec v0.11.8
   Compiling zerotrie v0.2.5
   Compiling http v1.5.0
   Compiling tinystr v0.8.4
   Compiling icu_locale_core v2.3.0
   Compiling potential_utf v0.1.6
   Compiling icu_collections v2.3.0
   Compiling icu_provider v2.3.1
   Compiling zeroize v1.9.0
   Compiling percent-encoding v2.3.2
   Compiling rustls-pki-types v1.15.1
   Compiling http-body v1.1.0
   Compiling scheduled-thread-pool v0.2.7
   Compiling getrandom v0.2.17
   Compiling untrusted v0.9.0
   Compiling httparse v1.10.1
   Compiling rusqlite v0.40.1
   Compiling r2d2 v0.8.10
   Compiling icu_properties v2.3.0
   Compiling icu_normalizer v2.3.0
   Compiling rustls v0.23.45
   Compiling tower-service v0.3.3
   Compiling try-lock v0.2.5
   Compiling want v0.3.1
   Compiling rustls-webpki v0.103.15
   Compiling idna_adapter v1.2.2
   Compiling r2d2_sqlite v0.35.0
   Compiling form_urlencoded v1.2.2
   Compiling atomic-waker v1.1.2
   Compiling subtle v2.6.1
   Compiling hyper v1.11.1
   Compiling cc-db v1.0.0 (/workspace/codecortex/crates/cc-db)
   Compiling idna v1.1.0
   Compiling futures-executor v0.3.32
   Compiling sync_wrapper v1.0.2
   Compiling ipnet v2.12.2
   Compiling tower-layer v0.3.3
   Compiling base64 v0.23.1
   Compiling tower v0.5.3
   Compiling hyper-util v0.1.21
   Compiling tokio-rustls v0.26.5
   Compiling futures v0.3.32
   Compiling url v2.5.8
   Compiling webpki-roots v1.0.9
   Compiling ryu v1.0.23
   Compiling serde_urlencoded v0.7.1
   Compiling hyper-rustls v0.27.10
   Compiling process-wrap v9.1.0
   Compiling tower-http v0.6.11
   Compiling http-body-util v0.1.5
   Compiling tokio-stream v0.1.18
   Compiling tokio-util v0.7.18
   Compiling tracing-subscriber v0.3.23
   Compiling rmcp v2.2.0
   Compiling reqwest v0.12.28
   Compiling cc-index v1.0.0 (/workspace/codecortex/crates/cc-index)
   Compiling cc-search v1.0.0 (/workspace/codecortex/crates/cc-search)
   Compiling cc-semantic v1.0.0 (/workspace/codecortex/crates/cc-semantic)
   Compiling cc-server v1.0.0 (/workspace/codecortex/crates/cc-server)
    Finished `test` profile [unoptimized + debuginfo] target(s) in 48.52s
     Running unittests src/lib.rs (target/debug/deps/cc_server-398f8eaed910ff13)
capability_status::tests::attached_port_with_degradation_reports_degraded_state_and_reasons: test
capability_status::tests::detectable_incarnation_change_retries_then_returns_only_the_new_observation: test
capability_status::tests::identity_churn_is_bounded_and_never_reports_old_database_ready: test
capability_status::tests::old_active_space_cannot_report_configured_new_model_ready: test
capability_status::tests::ordinary_index_churn_returns_one_complete_observation_per_poll: test
capability_status::tests::query_network_authorization_is_separate_and_requires_live_encoder: test
capability_status::tests::real_worker_publication_between_status_reads_never_mixes_epochs: test
capability_status::tests::stale_wiring_metadata_cannot_claim_an_unattached_port_is_ready: test
capability_status::tests::unattached_healthy_or_unreported_states_are_never_degraded: test
capability_status::tests::wired_status_requires_an_active_space_and_reports_publication_gaps: test

10 tests, 0 benchmarks
