    Checking libc v0.2.183
    Checking cfg-if v1.0.4
    Checking memchr v2.8.0
    Checking log v0.4.29
    Checking pin-project-lite v0.2.17
    Checking smallvec v1.15.1
    Checking serde_core v1.0.228
    Checking equivalent v1.0.2
    Checking scopeguard v1.2.0
    Checking bitflags v2.11.0
    Checking lock_api v0.4.14
    Checking serde v1.0.228
    Checking parking_lot_core v0.9.12
    Checking once_cell v1.21.4
    Checking parking_lot v0.12.5
    Checking tree-sitter-language v0.1.7
    Checking aho-corasick v1.1.4
    Checking regex-syntax v0.8.10
    Checking regex-automata v0.4.14
    Checking tracing-core v0.1.36
    Checking cpufeatures v0.3.0
    Checking rand_core v0.10.0
    Checking tracing v0.1.44
    Checking zmij v1.0.21
    Checking futures-core v0.3.32
    Checking allocator-api2 v0.2.21
    Checking foldhash v0.2.0
    Checking itoa v1.0.18
    Checking serde_json v1.0.149
    Checking hashbrown v0.17.1
    Checking crossbeam-utils v0.8.21
    Checking getrandom v0.4.2
    Checking mio v1.2.0
    Checking errno v0.3.14
    Checking futures-sink v0.3.32
    Checking futures-channel v0.3.32
