    Finished `test` profile [unoptimized + debuginfo] target(s) in 0.07s
     Running unittests src/lib.rs (target/debug/deps/cc_semantic-52bd09e05eca4ffb)

running 39 tests
test admission::tests::aggregate_splits_by_space_and_time_window ... ok
test admission::tests::aggregation_sums_outcomes_costs_and_tokens ... ok
test admission::tests::budget_construction_from_capability_rejects_zero_bytes_bound ... ok
test admission::tests::adapter_receives_planned_batches_unsplit_in_request_order ... ok
test admission::tests::cache_reuse_hits_are_counted_and_bill_nothing ... ok
test admission::tests::cost_budget_refuses_at_the_cap_before_any_call ... ok
test admission::tests::degenerate_gate_limits_are_rejected_with_named_reasons ... ok
test admission::tests::duplicate_risk_needs_a_retry_and_unknown_reported_usage ... ok
test admission::tests::digest_binding_and_provider_order_survive_planning ... ok
test admission::tests::empty_project_identity_is_refused ... ok
test admission::tests::empty_input_is_skipped_explicitly ... ok
test admission::tests::empty_set_yields_nothing_and_single_item_yields_one_batch ... ok
test admission::tests::estimator_matches_the_declared_bytes_div_ceil_4_v1 ... ok
test admission::tests::every_planned_batch_respects_every_budget_bound ... ok
test admission::tests::exact_limits_pass_and_one_over_is_skipped ... ok
test admission::tests::foreign_tokenizer_is_refused_not_approximated_silently ... ok
test admission::tests::acquire_times_out_explicitly_when_capacity_is_held ... ok
test admission::tests::from_capability_bounds_flow_through_planning ... ok
test admission::tests::admission_wait_never_spans_a_db_transaction ... ok
test admission::tests::from_provider_config_maps_the_semantic_keys ... ok
test admission::tests::fresh_callers_cannot_barge_ahead_of_the_waiting_queue ... ok
test admission::tests::frozen_input_byte_bound_is_a_backstop_against_a_loose_budget ... ok
test admission::tests::fair_queue_serves_fifo_and_skips_a_blocked_head ... ok
test admission::tests::greedy_fill_matches_the_hand_computed_plan_and_preserves_order ... ok
test admission::tests::ledger_is_bounded_evicts_oldest_but_keeps_lifetime_totals ... ok
test admission::tests::missing_usage_is_unknown_and_never_zero_filled ... ok
test admission::tests::gate_is_send_sync_and_shareable_across_threads ... ok
test admission::tests::permissive_gate_never_makes_anyone_wait ... ok
test admission::tests::planning_is_deterministic_same_input_same_cut ... ok
test admission::tests::query_path_plans_query_inputs_with_the_same_cut ... ok
test admission::tests::global_cap_bounds_total_concurrent_permits_across_projects ... ok
test admission::tests::per_project_cap_binds_independently_of_global_capacity ... ok
test admission::tests::single_project_cannot_starve_the_others ... ok
test admission::tests::skipped_items_never_reach_batches_and_carry_structured_reasons ... ok
test admission::tests::snapshot_reflects_liveness_fairness_and_pause ... ok
test admission::tests::zero_bound_budgets_are_rejected ... ok
test admission::tests::gated_batch_flow_limits_global_concurrency_and_keeps_projects_moving ... ok
test admission::tests::rate_limited_pause_fails_fast_then_expires ... ok
test admission::tests::repeated_rate_limit_reports_extend_the_pause_never_shorten_it ... ok

test result: ok. 39 passed; 0 failed; 0 ignored; 0 measured; 178 filtered out; finished in 0.49s

