    Finished `test` profile [unoptimized + debuginfo] target(s) in 0.10s
     Running unittests src/lib.rs (target/debug/deps/cc_semantic-52bd09e05eca4ffb)

running 16 tests
test providers::fake::tests::armed_fault_without_error_defaults_to_server_error ... ok
test providers::fake::tests::config_defaults_are_naturally_successful ... ok
test providers::fake::tests::batch_order_is_preserved_on_both_paths ... ok
test providers::fake::tests::document_and_query_paths_are_domain_separated ... ok
test providers::fake::tests::different_digests_yield_different_vectors ... ok
test providers::fake::tests::empty_batch_returns_empty_success ... ok
test providers::fake::tests::fault_fires_after_n_calls_with_the_configured_error ... ok
test providers::fake::tests::full_provider_error_matrix_is_injectable_and_distinguishable ... ok
test providers::fake::tests::model_id_and_dimension_are_part_of_the_derivation ... ok
test providers::fake::tests::same_digest_yields_bit_identical_vectors_across_calls_and_instances ... ok
test providers::fake::tests::space_contract_dimension_and_identity_hold ... ok
test providers::fake::tests::embed_put_get_roundtrip_is_bitwise_lossless ... ok
test providers::fake::tests::v1_pipeline_is_bitwise_reproducible_golden ... ok
test providers::fake::tests::vectors_are_unit_length_for_the_frozen_cosine_metric ... ok
test providers::fake::tests::zero_vector_injection_is_rejected_by_the_output_gate ... ok
test providers::fake::tests::delay_is_applied_per_call ... ok

test result: ok. 16 passed; 0 failed; 0 ignored; 0 measured; 201 filtered out; finished in 0.01s

