   Compiling hashbrown v0.17.1
   Compiling crossbeam-epoch v0.9.20
   Compiling chacha20 v0.10.2
   Compiling cc-model v1.0.0 (/workspace/codecortex/crates/cc-model)
   Compiling inotify-sys v0.1.8
   Compiling rand v0.10.3
   Compiling inotify v0.11.5
   Compiling crossbeam-deque v0.8.6
   Compiling hashlink v0.12.1
   Compiling rayon-core v1.13.0
   Compiling lru v0.18.2
   Compiling rusqlite v0.40.1
   Compiling uuid v1.23.0
   Compiling ignore v0.4.25
   Compiling rayon v1.11.0
   Compiling notify-types v2.1.0
   Compiling cc-parsers v1.0.0 (/workspace/codecortex/crates/cc-parsers)
   Compiling r2d2_sqlite v0.35.0
   Compiling cc-db v1.0.0 (/workspace/codecortex/crates/cc-db)
   Compiling notify v8.2.0
   Compiling cc-search v1.0.0 (/workspace/codecortex/crates/cc-search)
   Compiling cc-index v1.0.0 (/workspace/codecortex/crates/cc-index)
   Compiling cc-semantic v1.0.0 (/workspace/codecortex/crates/cc-semantic)
   Compiling cc-server v1.0.0 (/workspace/codecortex/crates/cc-server)
    Finished `test` profile [unoptimized + debuginfo] target(s) in 21.23s
     Running tests/p7_acceptance_matrix.rs (target/debug/deps/p7_acceptance_matrix-74ed71a1c2a625fb)

running 7 tests
test transport::rejected_transport_batch_never_poison_caches_and_recovery_is_reused_without_another_call ... ok
test explicit_empty_hard_scopes_never_invoke_optional_port ... ok
test wired::dense_recall_outside_soft_preselection_survives_final_source_hydration ... ok
test transport::slow_offline_transport_cancellation_keeps_worker_capacity_until_physical_exit ... ok
test wired::hard_scope_filters_stronger_outsider_before_top_k_and_intersects_language ... ok
test wired::uncovered_language_is_partial_and_deleted_document_never_returns_on_second_query ... ok
test same_request_fault_recovery_and_repeated_failure_never_reuses_complete_success ... ok

test result: ok. 7 passed; 0 failed; 0 ignored; 0 measured; 0 filtered out; finished in 0.68s

