   Compiling cc-semantic v1.0.0 (/workspace/codecortex/crates/cc-semantic)
    Finished `test` profile [unoptimized + debuginfo] target(s) in 0.65s
     Running tests/query_cache.rs (target/debug/deps/query_cache-9451c485ecdd2bbd)

running 17 tests
test encode_queries_empty_input_is_a_provider_free_no_op ... ok
test encode_queries_maps_provider_failures_and_caches_nothing ... ok
test encode_queries_leaks_no_query_text_anywhere ... ok
test encode_queries_never_reuses_vectors_across_specs_or_spaces ... ok
test encode_queries_rejects_invalid_vectors_and_caches_nothing ... ok
test encode_queries_rebatches_only_misses_inside_one_planned_batch ... ok
test encode_queries_returns_vectors_in_input_order_across_batches ... ok
test encode_queries_skips_oversized_queries_and_never_sends_them ... ok
test encode_queries_second_pass_hits_cache_without_provider_contact ... ok
test query_cache_key_distinguishes_namespace_spec_and_text ... ok
test query_cache_rejects_invalid_vectors_on_put ... ok
test query_cache_round_trips_and_reports_bounds ... ok
test query_cache_skips_entries_that_cannot_fit ... ok
test query_path_never_touches_the_document_cache ... ok
test query_cache_key_debug_carries_no_query_text ... ok
test query_cache_evicts_lru_within_both_bounds ... ok
test query_cache_concurrent_access_stays_bounded ... ok

test result: ok. 17 passed; 0 failed; 0 ignored; 0 measured; 0 filtered out; finished in 0.00s

