    Finished `test` profile [unoptimized + debuginfo] target(s) in 0.11s
     Running unittests src/lib.rs (target/debug/deps/cc_server-d01c3c71b11b5d90)

running 16 tests
test semantic_wiring::tests::disabled_config_keeps_the_port_unattached_and_v18_wording_unchanged ... ok
test semantic_wiring::tests::capability_mismatch_is_a_config_error_never_a_silent_default ... ok
test semantic_wiring::tests::degradation_ledger_snapshot_bridges_into_the_capability_probe ... ok
test semantic_wiring::tests::enabled_config_assembles_attaches_and_creates_no_cache_path ... ok
test semantic_wiring::tests::local_strategy_never_reaches_the_semantic_port ... ok
test semantic_wiring::tests::degraded_receipt_flows_through_the_lane_adapter_unchanged ... ok
test semantic_wiring::tests::missing_required_keys_are_config_errors_that_name_the_key ... ok
test semantic_wiring::tests::hard_scope_is_applied_before_top_k_on_the_wired_path ... ok
test semantic_wiring::tests::provider_unhealthy_reason_names_the_three_failure_classes_in_priority_order ... ok
test semantic_wiring::tests::fake_provider_full_chain_publish_encode_recall_hit ... ok
test semantic_wiring::tests::partial_publication_coverage_is_declared_never_masqueraded ... ok
test semantic_wiring::tests::recall_from_a_non_active_space_is_unavailable_never_complete_zero ... ok
test semantic_wiring::tests::switching_the_switch_off_detaches_again ... ok
test semantic_wiring::tests::uncached_query_vector_is_unavailable_never_an_inline_encoding ... ok
test semantic_wiring::tests::provider_failure_states_silently_degrade_the_lane_with_distinct_reasons ... ok
test semantic_wiring::tests::recall_worker_timeout_and_cancellation_keep_capacity_until_exit ... ok

test result: ok. 16 passed; 0 failed; 0 ignored; 0 measured; 269 filtered out; finished in 0.39s

