   Compiling serde_core v1.0.228
   Compiling getrandom v0.4.2
   Compiling parking_lot_core v0.9.12
   Compiling serde v1.0.228
   Compiling hashbrown v0.17.1
   Compiling parking_lot v0.12.5
   Compiling serde_json v1.0.149
   Compiling rand v0.10.3
   Compiling scheduled-thread-pool v0.2.7
   Compiling hashlink v0.12.1
   Compiling tracing-core v0.1.36
   Compiling aho-corasick v1.1.4
   Compiling log v0.4.29
   Compiling r2d2 v0.8.10
   Compiling regex-automata v0.4.14
   Compiling tracing v0.1.44
   Compiling rusqlite v0.40.1
   Compiling uuid v1.23.0
   Compiling tempfile v3.27.0
   Compiling chrono v0.4.44
   Compiling r2d2_sqlite v0.35.0
   Compiling cc-model v1.0.0 (/workspace/scratch/68a3b8c4eb43/codecortex/crates/cc-model)
   Compiling regex v1.12.3
   Compiling cc-db v1.0.0 (/workspace/scratch/68a3b8c4eb43/codecortex/crates/cc-db)
    Finished `test` profile [unoptimized] target(s) in 42.71s
     Running unittests src/lib.rs (/workspace/scratch/68a3b8c4eb43/target/debug/deps/cc_db-fbc20d7562261222)

running 7 tests
test index_db_frontier::tests::test_route_rows_by_path ... ok
test index_db_frontier::tests::test_route_nodes_by_normalized_path ... ok
test index_db::tests::route_edge_resolution_provenance_round_trips ... ok
test index_db_graph_read::tests::service_binding_rows_match_nodes_routes_and_edges ... ok
test index_db_edges::tests::route_id_for_normalized_path_returns_first_match ... ok
test index_db_graph_read::tests::route_handler_rows_filters_by_path_substring ... ok
test index_db_arch::tests::test_architecture_routes ... ok

test result: ok. 7 passed; 0 failed; 0 ignored; 0 measured; 179 filtered out; finished in 0.18s

