    Updating crates.io index
 Downloading crates ...
  Downloaded anstream v1.0.0
  Downloaded anstyle-query v1.1.5
  Downloaded arrayref v0.3.9
  Downloaded anstyle-parse v1.0.0
  Downloaded anstyle v1.0.14
  Downloaded arrayvec v0.7.6
  Downloaded allocator-api2 v0.2.21
  Downloaded dirs-sys v0.4.1
  Downloaded option-ext v0.2.0
  Downloaded form_urlencoded v1.2.2
  Downloaded dyn-clone v1.0.20
  Downloaded inotify-sys v0.1.8
  Downloaded futures-sink v0.3.32
  Downloaded either v1.15.0
  Downloaded tower-service v0.3.3
  Downloaded async-trait v0.1.89
  Downloaded strsim v0.11.1
  Downloaded serde_urlencoded v0.7.1
  Downloaded futures-core v0.3.32
  Downloaded errno v0.3.14
  Downloaded futures-macro v0.3.32
  Downloaded darling_macro v0.23.0
  Downloaded darling v0.23.0
  Downloaded nu-ansi-term v0.50.3
  Downloaded rustc-hash v2.1.3
  Downloaded aho-corasick v1.1.4
  Downloaded fallible-iterator v0.3.0
  Downloaded synstructure v0.14.0
  Downloaded quinn-udp v0.5.15
  Downloaded heck v0.5.0
  Downloaded lru-slab v0.1.3
  Downloaded http-body v1.1.0
  Downloaded crossbeam-epoch v0.9.20
  Downloaded r2d2_sqlite v0.35.0
  Downloaded futures-io v0.3.32
  Downloaded notify v8.2.0
  Downloaded num-traits v0.2.19
  Downloaded clap_lex v1.0.0
  Downloaded ident_case v1.0.1
  Downloaded itoa v1.0.18
  Downloaded tokio-stream v0.1.18
  Downloaded inotify v0.11.5
  Downloaded is_terminal_polyfill v1.70.2
  Downloaded scopeguard v1.2.0
  Downloaded utf8_iter v1.0.4
  Downloaded untrusted v0.9.0
  Downloaded try-lock v0.2.5
  Downloaded subtle v2.6.1
  Downloaded same-file v1.0.6
  Downloaded socket2 v0.6.3
  Downloaded utf8parse v0.2.2
  Downloaded ref-cast v1.0.25
  Downloaded thiserror-impl v2.0.18
  Downloaded jobserver v0.1.34
  Downloaded hyper-rustls v0.27.10
  Downloaded zeroize v1.9.0
  Downloaded streaming-iterator v0.1.9
  Downloaded zerofrom v0.1.8
  Downloaded zerofrom-derive v0.1.8
  Downloaded log v0.4.29
  Downloaded zstd v0.13.3
  Downloaded bytes v1.11.1
  Downloaded zstd-safe v7.2.4
  Downloaded icu_locale_core v2.3.0
  Downloaded want v0.3.1
  Downloaded url v2.5.8
  Downloaded tracing-log v0.2.0
  Downloaded idna v1.1.0
  Downloaded toml_datetime v0.6.11
  Downloaded winnow v0.7.15
  Downloaded tracing-core v0.1.36
  Downloaded zerovec v0.11.8
  Downloaded chrono v0.4.44
  Downloaded yoke v0.8.3
  Downloaded vcpkg v0.2.15
  Downloaded tinyvec v1.13.3
  Downloaded tree-sitter-javascript v0.23.1
  Downloaded rand v0.10.3
  Downloaded zerotrie v0.2.5
  Downloaded tree-sitter-go v0.23.4
  Downloaded tokio-util v0.7.18
  Downloaded quinn v0.11.12
  Downloaded tracing-subscriber v0.3.23
  Downloaded tree-sitter-python v0.23.6
  Downloaded tree-sitter v0.24.7
  Downloaded process-wrap v9.1.0
  Downloaded rusqlite v0.40.1
  Downloaded tree-sitter-c v0.23.4
  Downloaded syn v3.0.6
  Downloaded tree-sitter-rust v0.23.3
  Downloaded quinn-proto v0.11.18
  Downloaded syn v2.0.117
  Downloaded nix v0.31.2
  Downloaded rustls v0.23.45
  Downloaded regex-syntax v0.8.10
  Downloaded rmcp v2.2.0
  Downloaded icu_normalizer v2.3.0
  Downloaded rayon v1.11.0
  Downloaded tree-sitter-java v0.23.5
  Downloaded tree-sitter-typescript v0.23.2
  Downloaded tower-http v0.6.11
  Downloaded tracing v0.1.44
  Downloaded serde_json v1.0.149
  Downloaded serde v1.0.228
  Downloaded bstr v1.12.1
  Downloaded libc v0.2.183
  Downloaded schemars v1.2.1
  Downloaded zstd-sys v2.0.16+zstd.1.5.7
  Downloaded regex-automata v0.4.14
  Downloaded reqwest v0.12.28
  Downloaded regex v1.12.3
  Downloaded rayon-core v1.13.0
  Downloaded tracing-attributes v0.1.31
  Downloaded sharded-slab v0.1.7
  Downloaded serde_derive v1.0.228
  Downloaded webpki-roots v1.0.9
  Downloaded toml_edit v0.22.27
  Downloaded smallvec v1.15.1
  Downloaded proc-macro2 v1.0.106
  Downloaded toml v0.8.23
  Downloaded tokio-rustls v0.26.5
  Downloaded tokio v1.50.0
  Downloaded thread_local v1.1.9
  Downloaded serde_core v1.0.228
  Downloaded schemars_derive v1.2.1
  Downloaded ryu v1.0.23
  Downloaded pin-project-lite v0.2.17
  Downloaded blake3 v1.8.4
  Downloaded tokio-macros v2.6.1
  Downloaded tree-sitter-cpp v0.23.4
  Downloaded pkg-config v0.3.32
  Downloaded icu_properties_data v2.3.0
  Downloaded clap_builder v4.6.0
  Downloaded tinystr v0.8.4
  Downloaded rustls-pki-types v1.15.1
  Downloaded rmcp-macros v2.2.0
  Downloaded hyper v1.11.1
  Downloaded futures-util v0.3.32
  Downloaded hyper-util v0.1.21
  Downloaded hashbrown v0.17.1
  Downloaded hashbrown v0.16.1
  Downloaded tower v0.5.3
  Downloaded thiserror v2.0.18
  Downloaded slab v0.4.12
  Downloaded rustls-webpki v0.103.15
  Downloaded rand_core v0.10.0
  Downloaded r2d2 v0.8.10
  Downloaded rand_pcg v0.10.2
  Downloaded quote v1.0.45
  Downloaded mio v1.2.0
  Downloaded memchr v2.8.0
  Downloaded ring v0.17.14
  Downloaded icu_properties v2.3.0
  Downloaded http v1.5.0
  Downloaded cc v1.2.58
  Downloaded base64 v0.23.1
  Downloaded tree-sitter-language v0.1.7
  Downloaded tower-layer v0.3.3
  Downloaded toml_write v0.1.2
  Downloaded sync_wrapper v1.0.2
  Downloaded signal-hook-registry v1.4.8
  Downloaded shlex v1.3.0
  Downloaded scheduled-thread-pool v0.2.7
  Downloaded indexmap v2.13.0
  Downloaded icu_collections v2.3.0
  Downloaded base64 v0.22.1
  Downloaded zerovec-derive v0.11.6
  Downloaded uuid v1.23.0
  Downloaded stable_deref_trait v1.2.1
  Downloaded zmij v1.0.21
  Downloaded unicode-ident v1.0.24
  Downloaded icu_normalizer_data v2.3.0
  Downloaded hashlink v0.12.1
  Downloaded clap v4.6.0
  Downloaded litemap v0.8.3
  Downloaded getrandom v0.4.2
  Downloaded clap_derive v4.6.0
  Downloaded chacha20 v0.10.2
  Downloaded lock_api v0.4.14
  Downloaded iana-time-zone v0.1.65
  Downloaded bitflags v2.11.0
  Downloaded yoke-derive v0.8.4
  Downloaded writeable v0.6.4
  Downloaded walkdir v2.5.0
  Downloaded ignore v0.4.25
  Downloaded icu_provider v2.3.1
  Downloaded serde_spanned v0.6.9
  Downloaded pastey v0.2.1
  Downloaded httparse v1.10.1
  Downloaded lru v0.18.2
  Downloaded getrandom v0.2.17
  Downloaded potential_utf v0.1.6
  Downloaded percent-encoding v2.3.2
  Downloaded matchers v0.2.0
  Downloaded ipnet v2.12.2
  Downloaded darling_core v0.23.0
  Downloaded cfg-if v1.0.4
  Downloaded atomic-waker v1.1.2
  Downloaded ref-cast-impl v1.0.25
  Downloaded lazy_static v1.5.0
  Downloaded cfg_aliases v0.2.1
  Downloaded autocfg v1.5.0
  Downloaded http-body-util v0.1.5
  Downloaded futures v0.3.32
  Downloaded crossbeam-utils v0.8.21
  Downloaded serde_derive_internals v0.29.1
  Downloaded globset v0.4.18
  Downloaded constant_time_eq v0.4.2
  Downloaded cpufeatures v0.3.0
  Downloaded idna_adapter v1.2.2
  Downloaded futures-channel v0.3.32
  Downloaded displaydoc v0.2.7
  Downloaded crossbeam-deque v0.8.6
  Downloaded colorchoice v1.0.5
  Downloaded parking_lot_core v0.9.12
  Downloaded parking_lot v0.12.5
  Downloaded once_cell v1.21.4
  Downloaded notify-types v2.1.0
  Downloaded futures-task v0.3.32
  Downloaded futures-executor v0.3.32
  Downloaded foldhash v0.2.0
  Downloaded find-msvc-tools v0.1.9
  Downloaded fallible-streaming-iterator v0.1.9
  Downloaded equivalent v1.0.2
  Downloaded dirs v5.0.1
  Downloaded libsqlite3-sys v0.38.1
   Compiling libc v0.2.183
   Compiling proc-macro2 v1.0.106
   Compiling unicode-ident v1.0.24
   Compiling quote v1.0.45
   Compiling jobserver v0.1.34
   Compiling find-msvc-tools v0.1.9
   Compiling shlex v1.3.0
   Compiling syn v2.0.117
   Compiling cc v1.2.58
   Compiling cfg-if v1.0.4
   Compiling memchr v2.8.0
   Compiling smallvec v1.15.1
   Compiling log v0.4.29
   Compiling pin-project-lite v0.2.17
   Compiling tree-sitter-language v0.1.7
   Compiling syn v3.0.6
   Compiling itoa v1.0.18
   Compiling parking_lot_core v0.9.12
   Compiling scopeguard v1.2.0
   Compiling serde_core v1.0.228
   Compiling lock_api v0.4.14
   Compiling synstructure v0.14.0
   Compiling parking_lot v0.12.5
   Compiling serde v1.0.228
   Compiling zerofrom-derive v0.1.8
   Compiling serde_derive v1.0.228
   Compiling once_cell v1.21.4
   Compiling zerofrom v0.1.8
   Compiling yoke-derive v0.8.4
   Compiling stable_deref_trait v1.2.1
   Compiling pkg-config v0.3.32
   Compiling yoke v0.8.3
   Compiling futures-core v0.3.32
   Compiling bytes v1.11.1
   Compiling tracing-core v0.1.36
   Compiling zerovec-derive v0.11.6
   Compiling zmij v1.0.21
   Compiling displaydoc v0.2.7
   Compiling zerovec v0.11.8
   Compiling tracing-attributes v0.1.31
   Compiling mio v1.2.0
   Compiling aho-corasick v1.1.4
   Compiling errno v0.3.14
   Compiling futures-sink v0.3.32
   Compiling equivalent v1.0.2
   Compiling regex-syntax v0.8.10
   Compiling futures-channel v0.3.32
   Compiling signal-hook-registry v1.4.8
   Compiling tracing v0.1.44
   Compiling regex-automata v0.4.14
   Compiling tokio-macros v2.6.1
   Compiling socket2 v0.6.3
   Compiling cpufeatures v0.3.0
   Compiling bitflags v2.11.0
   Compiling tokio v1.50.0
   Compiling futures-macro v0.3.32
   Compiling futures-task v0.3.32
   Compiling serde_json v1.0.149
   Compiling futures-io v0.3.32
   Compiling slab v0.4.12
   Compiling autocfg v1.5.0
   Compiling num-traits v0.2.19
   Compiling futures-util v0.3.32
   Compiling tinystr v0.8.4
   Compiling zstd-sys v2.0.16+zstd.1.5.7
   Compiling allocator-api2 v0.2.21
   Compiling litemap v0.8.3
   Compiling rand_core v0.10.0
   Compiling crossbeam-utils v0.8.21
   Compiling thiserror v2.0.18
   Compiling foldhash v0.2.0
   Compiling vcpkg v0.2.15
   Compiling writeable v0.6.4
   Compiling getrandom v0.4.2
   Compiling icu_locale_core v2.3.0
   Compiling libsqlite3-sys v0.38.1
   Compiling hashbrown v0.17.1
   Compiling potential_utf v0.1.6
   Compiling zerotrie v0.2.5
   Compiling thiserror-impl v2.0.18
   Compiling blake3 v1.8.4
   Compiling ring v0.17.14
   Compiling crossbeam-epoch v0.9.20
   Compiling icu_properties_data v2.3.0
   Compiling icu_normalizer_data v2.3.0
   Compiling utf8_iter v1.0.4
   Compiling icu_collections v2.3.0
   Compiling icu_provider v2.3.1
   Compiling chacha20 v0.10.2
   Compiling http v1.5.0
   Compiling strsim v0.11.1
   Compiling iana-time-zone v0.1.65
   Compiling arrayvec v0.7.6
   Compiling arrayref v0.3.9
   Compiling zeroize v1.9.0
   Compiling percent-encoding v2.3.2
   Compiling constant_time_eq v0.4.2
   Compiling zstd-safe v7.2.4
   Compiling rustls-pki-types v1.15.1
   Compiling chrono v0.4.44
   Compiling http-body v1.1.0
   Compiling rand v0.10.3
   Compiling hashlink v0.12.1
   Compiling regex v1.12.3
   Compiling scheduled-thread-pool v0.2.7
   Compiling getrandom v0.2.17
   Compiling httparse v1.10.1
   Compiling fallible-iterator v0.3.0
   Compiling fallible-streaming-iterator v0.1.9
   Compiling untrusted v0.9.0
   Compiling rusqlite v0.40.1
   Compiling r2d2 v0.8.10
   Compiling icu_normalizer v2.3.0
   Compiling icu_properties v2.3.0
   Compiling crossbeam-deque v0.8.6
   Compiling uuid v1.23.0
   Compiling cc-model v1.0.0 (/home/runner/work/_temp/p7-019-build/sources/none/crates/cc-model)
   Compiling rayon-core v1.13.0
   Compiling try-lock v0.2.5
   Compiling ident_case v1.0.1
   Compiling rustls v0.23.45
   Compiling tower-service v0.3.3
   Compiling darling_core v0.23.0
   Compiling want v0.3.1
   Compiling idna_adapter v1.2.2
   Compiling r2d2_sqlite v0.35.0
   Compiling zstd v0.13.3
   Compiling rustls-webpki v0.103.15
   Compiling form_urlencoded v1.2.2
   Compiling tree-sitter-rust v0.23.3
   Compiling tree-sitter-typescript v0.23.2
   Compiling tree-sitter-go v0.23.4
   Compiling tree-sitter v0.24.7
   Compiling tree-sitter-cpp v0.23.4
   Compiling tree-sitter-javascript v0.23.1
   Compiling tree-sitter-java v0.23.5
   Compiling tree-sitter-python v0.23.6
   Compiling tree-sitter-c v0.23.4
   Compiling hashbrown v0.16.1
   Compiling utf8parse v0.2.2
   Compiling ref-cast v1.0.25
   Compiling inotify-sys v0.1.8
   Compiling subtle v2.6.1
   Compiling atomic-waker v1.1.2
   Compiling same-file v1.0.6
   Compiling walkdir v2.5.0
   Compiling hyper v1.11.1
   Compiling anstyle-parse v1.0.0
   Compiling indexmap v2.13.0
   Compiling cc-db v1.0.0 (/home/runner/work/_temp/p7-019-build/sources/none/crates/cc-db)
   Compiling idna v1.1.0
   Compiling darling_macro v0.23.0
   Compiling serde_spanned v0.6.9
   Compiling toml_datetime v0.6.11
   Compiling sync_wrapper v1.0.2
   Compiling ref-cast-impl v1.0.25
   Compiling serde_derive_internals v0.29.1
   Compiling bstr v1.12.1
   Compiling streaming-iterator v0.1.9
   Compiling tower-layer v0.3.3
   Compiling anstyle-query v1.1.5
   Compiling is_terminal_polyfill v1.70.2
   Compiling winnow v0.7.15
   Compiling anstyle v1.0.14
   Compiling colorchoice v1.0.5
   Compiling base64 v0.23.1
   Compiling either v1.15.0
   Compiling toml_write v0.1.2
   Compiling ipnet v2.12.2
   Compiling hyper-util v0.1.21
   Compiling toml_edit v0.22.27
   Compiling rayon v1.11.0
   Compiling anstream v1.0.0
   Compiling tower v0.5.3
   Compiling globset v0.4.18
   Compiling schemars_derive v1.2.1
   Compiling darling v0.23.0
   Compiling url v2.5.8
   Compiling tokio-rustls v0.26.5
   Compiling webpki-roots v1.0.9
   Compiling lru v0.18.2
   Compiling futures-executor v0.3.32
   Compiling option-ext v0.2.0
   Compiling ryu v1.0.23
   Compiling dyn-clone v1.0.20
   Compiling rmcp v2.2.0
   Compiling lazy_static v1.5.0
   Compiling heck v0.5.0
   Compiling clap_lex v1.0.0
   Compiling base64 v0.22.1
   Compiling clap_builder v4.6.0
   Compiling clap_derive v4.6.0
   Compiling sharded-slab v0.1.7
   Compiling serde_urlencoded v0.7.1
   Compiling schemars v1.2.1
   Compiling dirs-sys v0.4.1
   Compiling futures v0.3.32
   Compiling hyper-rustls v0.27.10
   Compiling inotify v0.11.5
   Compiling cc-parsers v1.0.0 (/home/runner/work/_temp/p7-019-build/sources/none/crates/cc-parsers)
   Compiling tower-http v0.6.11
   Compiling rmcp-macros v2.2.0
   Compiling ignore v0.4.25
   Compiling toml v0.8.23
   Compiling http-body-util v0.1.5
   Compiling tokio-util v0.7.18
   Compiling matchers v0.2.0
   Compiling notify-types v2.1.0
   Compiling tracing-log v0.2.0
   Compiling async-trait v0.1.89
   Compiling thread_local v1.1.9
   Compiling nu-ansi-term v0.50.3
   Compiling pastey v0.2.1
   Compiling tracing-subscriber v0.3.23
   Compiling notify v8.2.0
   Compiling reqwest v0.12.28
   Compiling cc-index v1.0.0 (/home/runner/work/_temp/p7-019-build/sources/none/crates/cc-index)
   Compiling dirs v5.0.1
   Compiling clap v4.6.0
   Compiling cc-search v1.0.0 (/home/runner/work/_temp/p7-019-build/sources/none/crates/cc-search)
   Compiling cc-semantic v1.0.0 (/home/runner/work/_temp/p7-019-build/sources/none/crates/cc-semantic)
   Compiling cc-server v1.0.0 (/home/runner/work/_temp/p7-019-build/sources/none/crates/cc-server)
    Finished `dev` profile [unoptimized] target(s) in 1m 04s
