2026-10-09T02:53:44.0371155Z Current runner version: '2.337.0'
2026-10-09T02:53:44.0398641Z ##[group]Runner Image Provisioner
2026-10-09T02:53:44.0399782Z Hosted Compute Agent
2026-10-09T02:53:44.0400590Z Version: 20261002.596
2026-10-09T02:53:44.0401359Z Commit: c3d12f3313a95f25162a1503be624f3b0617f8c0
2026-10-09T02:53:44.0402231Z Build Date: 2026-10-02T22:28:27Z
2026-10-09T02:53:44.0403115Z Worker ID: {422a64e3-4ded-4cff-946d-593347c55743}
2026-10-09T02:53:44.0403972Z Region: eastus
2026-10-09T02:53:44.0404704Z Cloud: Azure
2026-10-09T02:53:44.0405371Z ##[endgroup]
2026-10-09T02:53:44.0406918Z ##[group]Operating System
2026-10-09T02:53:44.0407792Z Ubuntu
2026-10-09T02:53:44.0408409Z 24.04.5
2026-10-09T02:53:44.0409246Z LTS
2026-10-09T02:53:44.0409877Z ##[endgroup]
2026-10-09T02:53:44.0410524Z ##[group]Runner Image
2026-10-09T02:53:44.0411331Z Image: ubuntu-24.04
2026-10-09T02:53:44.0412009Z Version: 20261004.327.1
2026-10-09T02:53:44.0413654Z Included Software: https://github.com/actions/runner-images/blob/ubuntu24/20261004.327/images/ubuntu/Ubuntu2404-Readme.md
2026-10-09T02:53:44.0415597Z Image Release: https://github.com/actions/runner-images/releases/tag/ubuntu24%2F20261004.327
2026-10-09T02:53:44.0416802Z ##[endgroup]
2026-10-09T02:53:44.0418322Z ##[group]GITHUB_TOKEN Permissions
2026-10-09T02:53:44.0420495Z Contents: read
2026-10-09T02:53:44.0421201Z Metadata: read
2026-10-09T02:53:44.0421931Z Packages: read
2026-10-09T02:53:44.0422638Z ##[endgroup]
2026-10-09T02:53:44.0424994Z Secret source: Actions
2026-10-09T02:53:44.0426056Z Cache mode: write
2026-10-09T02:53:44.0426907Z Prepare workflow directory
2026-10-09T02:53:44.0845355Z Prepare all required actions
2026-10-09T02:53:44.0900593Z Getting action download info
2026-10-09T02:53:44.2528372Z Download action repository 'actions/checkout@v4' (SHA:11d5960a326750d5838078e36cf38b85af677262)
2026-10-09T02:53:44.8415701Z Download action repository 'dtolnay/rust-toolchain@1.95.0' (SHA:1d64bbcee8ef0c191a54710c227fd268a0d5014b)
2026-10-09T02:53:44.9424095Z Download action repository 'Swatinem/rust-cache@v2' (SHA:6323deb102c322ba6fcbdcafc7e3dddab59af2b6)
2026-10-09T02:53:45.2761047Z Complete job name: msrv
2026-10-09T02:53:45.3436211Z ##[group]Run actions/checkout@v4
2026-10-09T02:53:45.3437256Z with:
2026-10-09T02:53:45.3437909Z   repository: jyqj/codecortex
2026-10-09T02:53:45.3444778Z   token: ***
2026-10-09T02:53:45.3445597Z   ssh-strict: true
2026-10-09T02:53:45.3446296Z   ssh-user: git
2026-10-09T02:53:45.3446971Z   persist-credentials: true
2026-10-09T02:53:45.3447708Z   clean: true
2026-10-09T02:53:45.3448382Z   sparse-checkout-cone-mode: true
2026-10-09T02:53:45.3449269Z   fetch-depth: 1
2026-10-09T02:53:45.3449935Z   fetch-tags: false
2026-10-09T02:53:45.3450610Z   show-progress: true
2026-10-09T02:53:45.3451312Z   lfs: false
2026-10-09T02:53:45.3451937Z   submodules: false
2026-10-09T02:53:45.3452611Z   set-safe-directory: true
2026-10-09T02:53:45.3453368Z   allow-unsafe-pr-checkout: false
2026-10-09T02:53:45.3454446Z env:
2026-10-09T02:53:45.3455059Z   CARGO_TERM_COLOR: always
2026-10-09T02:53:45.3455899Z   RUSTFLAGS: -D warnings
2026-10-09T02:53:45.3456720Z ##[endgroup]
2026-10-09T02:53:45.4261578Z Syncing repository: jyqj/codecortex
2026-10-09T02:53:45.4263613Z ##[group]Getting Git version info
2026-10-09T02:53:45.4264653Z Working directory is '/home/runner/work/codecortex/codecortex'
2026-10-09T02:53:45.4266180Z [command]/usr/bin/git version
2026-10-09T02:53:45.4299820Z git version 2.55.0
2026-10-09T02:53:45.4315172Z ##[endgroup]
2026-10-09T02:53:45.4327137Z Temporarily overriding HOME='/home/runner/work/_temp/c5ec669e-5b02-4ccd-bfec-87599d9ccf09' before making global git config changes
2026-10-09T02:53:45.4330494Z Adding repository directory to the temporary git global config as a safe directory
2026-10-09T02:53:45.4332193Z [command]/usr/bin/git config --global --add safe.directory /home/runner/work/codecortex/codecortex
2026-10-09T02:53:45.4368798Z Deleting the contents of '/home/runner/work/codecortex/codecortex'
2026-10-09T02:53:45.4374084Z ##[group]Initializing the repository
2026-10-09T02:53:45.4377613Z [command]/usr/bin/git init /home/runner/work/codecortex/codecortex
2026-10-09T02:53:45.4707031Z hint: Using 'master' as the name for the initial branch. This default branch name
2026-10-09T02:53:45.4709442Z hint: will change to "main" in Git 3.0. To configure the initial branch name
2026-10-09T02:53:45.4711087Z hint: to use in all of your new repositories, which will suppress this warning,
2026-10-09T02:53:45.4712680Z hint: call:
2026-10-09T02:53:45.4713353Z hint:
2026-10-09T02:53:45.4714171Z hint: 	git config --global init.defaultBranch <name>
2026-10-09T02:53:45.4715149Z hint:
2026-10-09T02:53:45.4716053Z hint: Names commonly chosen instead of 'master' are 'main', 'trunk' and
2026-10-09T02:53:45.4717896Z hint: 'development'. The just-created branch can be renamed via this command:
2026-10-09T02:53:45.4719018Z hint:
2026-10-09T02:53:45.4719801Z hint: 	git branch -m <name>
2026-10-09T02:53:45.4720537Z hint:
2026-10-09T02:53:45.4721475Z hint: Disable this message with "git config set advice.defaultBranchName false"
2026-10-09T02:53:45.4723145Z Initialized empty Git repository in /home/runner/work/codecortex/codecortex/.git/
2026-10-09T02:53:45.4725642Z [command]/usr/bin/git remote add origin https://github.com/jyqj/codecortex
2026-10-09T02:53:45.4880169Z ##[endgroup]
2026-10-09T02:53:45.4881867Z ##[group]Disabling automatic garbage collection
2026-10-09T02:53:45.4883431Z [command]/usr/bin/git config --local gc.auto 0
2026-10-09T02:53:45.4908419Z ##[endgroup]
2026-10-09T02:53:45.4910212Z ##[group]Setting up auth
2026-10-09T02:53:45.4914367Z [command]/usr/bin/git config --local --name-only --get-regexp core\.sshCommand
2026-10-09T02:53:45.4941706Z [command]/usr/bin/git submodule foreach --recursive sh -c "git config --local --name-only --get-regexp 'core\.sshCommand' && git config --local --unset-all 'core.sshCommand' || :"
2026-10-09T02:53:45.8860291Z [command]/usr/bin/git config --local --name-only --get-regexp http\.https\:\/\/github\.com\/\.extraheader
2026-10-09T02:53:45.8888206Z [command]/usr/bin/git submodule foreach --recursive sh -c "git config --local --name-only --get-regexp 'http\.https\:\/\/github\.com\/\.extraheader' && git config --local --unset-all 'http.https://github.com/.extraheader' || :"
2026-10-09T02:53:45.9072556Z [command]/usr/bin/git config --local --name-only --get-regexp ^includeIf\.gitdir:
2026-10-09T02:53:45.9098494Z [command]/usr/bin/git submodule foreach --recursive git config --local --show-origin --name-only --get-regexp remote.origin.url
2026-10-09T02:53:45.9280193Z [command]/usr/bin/git config --local http.https://github.com/.extraheader AUTHORIZATION: basic ***
2026-10-09T02:53:45.9309667Z ##[endgroup]
2026-10-09T02:53:45.9311350Z ##[group]Fetching the repository
2026-10-09T02:53:45.9318093Z [command]/usr/bin/git -c protocol.version=2 fetch --no-tags --prune --no-recurse-submodules --depth=1 origin +4b79e13c94c564a9a3b1b46c96216c5e68177c2c:refs/remotes/pull/168/merge
2026-10-09T02:54:05.4672265Z From https://github.com/jyqj/codecortex
2026-10-09T02:54:05.4673062Z  * [new ref]         4b79e13c94c564a9a3b1b46c96216c5e68177c2c -> pull/168/merge
2026-10-09T02:54:05.4675240Z ##[endgroup]
2026-10-09T02:54:05.4676210Z ##[group]Determining the checkout info
2026-10-09T02:54:05.4677217Z ##[endgroup]
2026-10-09T02:54:05.4682255Z [command]/usr/bin/git sparse-checkout disable
2026-10-09T02:54:05.4723321Z [command]/usr/bin/git config --local --unset-all extensions.worktreeConfig
2026-10-09T02:54:05.4746100Z ##[group]Checking out the ref
2026-10-09T02:54:05.4748615Z [command]/usr/bin/git checkout --progress --force refs/remotes/pull/168/merge
2026-10-09T02:54:06.4968827Z Updating files:  55% (12510/22501)
2026-10-09T02:54:06.5089750Z Updating files:  56% (12601/22501)
2026-10-09T02:54:06.5253290Z Updating files:  57% (12826/22501)
2026-10-09T02:54:06.5366809Z Updating files:  58% (13051/22501)
2026-10-09T02:54:06.5465330Z Updating files:  59% (13276/22501)
2026-10-09T02:54:06.5556028Z Updating files:  60% (13501/22501)
2026-10-09T02:54:06.5641152Z Updating files:  61% (13726/22501)
2026-10-09T02:54:06.5719680Z Updating files:  62% (13951/22501)
2026-10-09T02:54:06.5797820Z Updating files:  63% (14176/22501)
2026-10-09T02:54:06.5866660Z Updating files:  64% (14401/22501)
2026-10-09T02:54:06.5938357Z Updating files:  65% (14626/22501)
2026-10-09T02:54:06.6018347Z Updating files:  66% (14851/22501)
2026-10-09T02:54:06.6090881Z Updating files:  67% (15076/22501)
2026-10-09T02:54:06.6202780Z Updating files:  68% (15301/22501)
2026-10-09T02:54:06.6341928Z Updating files:  69% (15526/22501)
2026-10-09T02:54:06.6699304Z Updating files:  70% (15751/22501)
2026-10-09T02:54:06.6933105Z Updating files:  71% (15976/22501)
2026-10-09T02:54:06.7449733Z Updating files:  72% (16201/22501)
2026-10-09T02:54:06.7987284Z Updating files:  73% (16426/22501)
2026-10-09T02:54:06.9995403Z Updating files:  74% (16651/22501)
2026-10-09T02:54:07.0518770Z Updating files:  75% (16876/22501)
2026-10-09T02:54:07.0704061Z Updating files:  76% (17101/22501)
2026-10-09T02:54:07.0912583Z Updating files:  77% (17326/22501)
2026-10-09T02:54:07.1081440Z Updating files:  78% (17551/22501)
2026-10-09T02:54:07.1326955Z Updating files:  79% (17776/22501)
2026-10-09T02:54:07.1496485Z Updating files:  80% (18001/22501)
2026-10-09T02:54:07.1618773Z Updating files:  81% (18226/22501)
2026-10-09T02:54:07.1765250Z Updating files:  82% (18451/22501)
2026-10-09T02:54:07.2450831Z Updating files:  83% (18676/22501)
2026-10-09T02:54:07.3113849Z Updating files:  84% (18901/22501)
2026-10-09T02:54:07.3742036Z Updating files:  85% (19126/22501)
2026-10-09T02:54:07.4945472Z Updating files:  86% (19351/22501)
2026-10-09T02:54:07.4968246Z Updating files:  86% (19563/22501)
2026-10-09T02:54:07.5149021Z Updating files:  87% (19576/22501)
2026-10-09T02:54:07.5267271Z Updating files:  88% (19801/22501)
2026-10-09T02:54:07.5338466Z Updating files:  89% (20026/22501)
2026-10-09T02:54:07.5527097Z Updating files:  90% (20251/22501)
2026-10-09T02:54:07.5839826Z Updating files:  91% (20476/22501)
2026-10-09T02:54:08.1275360Z Updating files:  92% (20701/22501)
2026-10-09T02:54:08.1450884Z Updating files:  93% (20926/22501)
2026-10-09T02:54:08.1577481Z Updating files:  94% (21151/22501)
2026-10-09T02:54:08.1718039Z Updating files:  95% (21376/22501)
2026-10-09T02:54:08.1862321Z Updating files:  96% (21601/22501)
2026-10-09T02:54:08.2027830Z Updating files:  97% (21826/22501)
2026-10-09T02:54:08.2156105Z Updating files:  98% (22051/22501)
2026-10-09T02:54:08.2366981Z Updating files:  99% (22276/22501)
2026-10-09T02:54:08.2367329Z Updating files: 100% (22501/22501)
2026-10-09T02:54:08.2367671Z Updating files: 100% (22501/22501), done.
2026-10-09T02:54:08.2576172Z Note: switching to 'refs/remotes/pull/168/merge'.
2026-10-09T02:54:08.2576501Z 
2026-10-09T02:54:08.2579930Z You are in 'detached HEAD' state. You can look around, make experimental
2026-10-09T02:54:08.2580534Z changes and commit them, and you can discard any commits you make in this
2026-10-09T02:54:08.2581088Z state without impacting any branches by switching back to a branch.
2026-10-09T02:54:08.2581458Z 
2026-10-09T02:54:08.2581695Z If you want to create a new branch to retain commits you create, you may
2026-10-09T02:54:08.2582261Z do so (now or later) by using -c with the switch command. Example:
2026-10-09T02:54:08.2582577Z 
2026-10-09T02:54:08.2582704Z   git switch -c <new-branch-name>
2026-10-09T02:54:08.2582924Z 
2026-10-09T02:54:08.2583047Z Or undo this operation with:
2026-10-09T02:54:08.2583248Z 
2026-10-09T02:54:08.2583364Z   git switch -
2026-10-09T02:54:08.2583510Z 
2026-10-09T02:54:08.2583776Z Turn off this advice by setting config variable advice.detachedHead to false
2026-10-09T02:54:08.2584151Z 
2026-10-09T02:54:08.2584593Z HEAD is now at 4b79e13 Merge f3c71a6bbafbc639413c4737c469c3b873a8888f into 4775bf44dc09c11cea88211e06ccec97c4de44aa
2026-10-09T02:54:08.2692316Z ##[endgroup]
2026-10-09T02:54:08.3333605Z [command]/usr/bin/git log -1 --format=%H
2026-10-09T02:54:08.3357699Z 4b79e13c94c564a9a3b1b46c96216c5e68177c2c
2026-10-09T02:54:08.3646334Z ##[group]Run dtolnay/rust-toolchain@1.95.0
2026-10-09T02:54:08.3646763Z with:
2026-10-09T02:54:08.3646927Z env:
2026-10-09T02:54:08.3647100Z   CARGO_TERM_COLOR: always
2026-10-09T02:54:08.3647305Z   RUSTFLAGS: -D warnings
2026-10-09T02:54:08.3647493Z ##[endgroup]
2026-10-09T02:54:08.3697070Z ##[start-action display=Parse toolchain version;id=__dtolnay_rust-toolchain.parse]
2026-10-09T02:54:08.3747980Z ##[group]Run if [[ -z $toolchain ]]; then
2026-10-09T02:54:08.3748315Z [36;1mif [[ -z $toolchain ]]; then[0m
2026-10-09T02:54:08.3748762Z [36;1m  # GitHub does not enforce `required: true` inputs itself. https://github.com/actions/runner/issues/1070[0m
2026-10-09T02:54:08.3749452Z [36;1m  echo "'toolchain' is a required input" >&2[0m
2026-10-09T02:54:08.3749714Z [36;1m  exit 1[0m
2026-10-09T02:54:08.3749994Z [36;1melif [[ $toolchain =~ ^stable' '[0-9]+' '(year|month|week|day)s?' 'ago$ ]]; then[0m
2026-10-09T02:54:08.3750324Z [36;1m  if [[ Linux == macOS ]]; then[0m
2026-10-09T02:54:08.3750786Z [36;1m    echo "toolchain=1.$((($(date -v-$(sed 's/stable \([0-9]*\) \(.\).*/\1\2/' <<< $toolchain) +%s)/60/60/24-16569)/7/6))" >> $GITHUB_OUTPUT[0m
2026-10-09T02:54:08.3751185Z [36;1m  else[0m
2026-10-09T02:54:08.3751509Z [36;1m    echo "toolchain=1.$((($(date --date "${toolchain#stable }" +%s)/60/60/24-16569)/7/6))" >> $GITHUB_OUTPUT[0m
2026-10-09T02:54:08.3751857Z [36;1m  fi[0m
2026-10-09T02:54:08.3752102Z [36;1melif [[ $toolchain =~ ^stable' 'minus' '[0-9]+' 'releases?$ ]]; then[0m
2026-10-09T02:54:08.3752508Z [36;1m  echo "toolchain=1.$((($(date +%s)/60/60/24-16569)/7/6-${toolchain//[^0-9]/}))" >> $GITHUB_OUTPUT[0m
2026-10-09T02:54:08.3752864Z [36;1melif [[ $toolchain =~ ^1\.[0-9]+$ ]]; then[0m
2026-10-09T02:54:08.3753287Z [36;1m  echo "toolchain=1.$((i=${toolchain#1.}, c=($(date +%s)/60/60/24-16569)/7/6, i+9*i*(10*i<=c)+90*i*(100*i<=c)))" >> $GITHUB_OUTPUT[0m
2026-10-09T02:54:08.3753685Z [36;1melse[0m
2026-10-09T02:54:08.3753864Z [36;1m  delimiter=EOF[0m
2026-10-09T02:54:08.3754127Z [36;1m  while [[ $toolchain == *$delimiter* ]]; do delimiter+=_; done[0m
2026-10-09T02:54:08.3754537Z [36;1m  printf 'toolchain<<%s\n%s\n%s\n' "$delimiter" "$toolchain" "$delimiter" >> $GITHUB_OUTPUT[0m
2026-10-09T02:54:08.3754864Z [36;1mfi[0m
2026-10-09T02:54:08.4127029Z shell: /usr/bin/bash --noprofile --norc -e -o pipefail {0}
2026-10-09T02:54:08.4127329Z env:
2026-10-09T02:54:08.4127516Z   CARGO_TERM_COLOR: always
2026-10-09T02:54:08.4127723Z   RUSTFLAGS: -D warnings
2026-10-09T02:54:08.4127913Z   toolchain: 1.95.0
2026-10-09T02:54:08.4128090Z ##[endgroup]
2026-10-09T02:54:08.4245979Z ##[end-action id=__dtolnay_rust-toolchain.parse;outcome=success;conclusion=success;duration_ms=54]
2026-10-09T02:54:08.4250018Z ##[start-action display=Set $CARGO_HOME;id=__dtolnay_rust-toolchain.__run]
2026-10-09T02:54:08.4278651Z ##[group]Run echo CARGO_HOME=${CARGO_HOME:-"$HOME/.cargo"} >> $GITHUB_ENV
2026-10-09T02:54:08.4279053Z [36;1mecho CARGO_HOME=${CARGO_HOME:-"$HOME/.cargo"} >> $GITHUB_ENV[0m
2026-10-09T02:54:08.4330514Z shell: /usr/bin/bash --noprofile --norc -e -o pipefail {0}
2026-10-09T02:54:08.4330802Z env:
2026-10-09T02:54:08.4330977Z   CARGO_TERM_COLOR: always
2026-10-09T02:54:08.4331181Z   RUSTFLAGS: -D warnings
2026-10-09T02:54:08.4331373Z ##[endgroup]
2026-10-09T02:54:08.4406914Z ##[end-action id=__dtolnay_rust-toolchain.__run;outcome=success;conclusion=success;duration_ms=15]
2026-10-09T02:54:08.4408707Z ##[start-action display=Install rustup if needed;id=__dtolnay_rust-toolchain.__run_2]
2026-10-09T02:54:08.4433359Z ##[group]Run if ! command -v rustup &>/dev/null; then
2026-10-09T02:54:08.4433667Z [36;1mif ! command -v rustup &>/dev/null; then[0m
2026-10-09T02:54:08.4434281Z [36;1m  curl --proto '=https' --tlsv1.2 --retry 10 --retry-connrefused --location --silent --show-error --fail https://sh.rustup.rs | sh -s -- --default-toolchain none -y[0m
2026-10-09T02:54:08.4434865Z [36;1m  echo "$CARGO_HOME/bin" >> $GITHUB_PATH[0m
2026-10-09T02:54:08.4435109Z [36;1mfi[0m
2026-10-09T02:54:08.4488339Z shell: /usr/bin/bash --noprofile --norc -e -o pipefail {0}
2026-10-09T02:54:08.4488725Z env:
2026-10-09T02:54:08.4488900Z   CARGO_TERM_COLOR: always
2026-10-09T02:54:08.4489241Z   RUSTFLAGS: -D warnings
2026-10-09T02:54:08.4489459Z   CARGO_HOME: /home/runner/.cargo
2026-10-09T02:54:08.4489666Z ##[endgroup]
2026-10-09T02:54:08.4564416Z ##[end-action id=__dtolnay_rust-toolchain.__run_2;outcome=success;conclusion=success;duration_ms=15]
2026-10-09T02:54:08.4566400Z ##[start-action display=Install rustup if needed on windows;id=__dtolnay_rust-toolchain.__run_3]
2026-10-09T02:54:08.4572848Z ##[end-action id=__dtolnay_rust-toolchain.__run_3;outcome=skipped;conclusion=skipped;duration_ms=0]
2026-10-09T02:54:08.4584389Z ##[start-action display=rustup toolchain install 1.95.0;id=__dtolnay_rust-toolchain.__run_4]
2026-10-09T02:54:08.4603122Z ##[group]Run set -f  # split targets and components on commas and whitespace, without glob expansion
2026-10-09T02:54:08.4603659Z [36;1mset -f  # split targets and components on commas and whitespace, without glob expansion[0m
2026-10-09T02:54:08.4604030Z [36;1mflags=()[0m
2026-10-09T02:54:08.4604266Z [36;1mfor t in ${targets//,/ }; do flags+=(--target "$t"); done[0m
2026-10-09T02:54:08.4604616Z [36;1mfor c in ${components//,/ }; do flags+=(--component "$c"); done[0m
2026-10-09T02:54:08.4605050Z [36;1mif [[ $toolchain == nightly && -n $components ]]; then flags+=(--allow-downgrade); fi[0m
2026-10-09T02:54:08.4605380Z [36;1mlog=$(mktemp)[0m
2026-10-09T02:54:08.4605573Z [36;1mtrap 'rm -f "$log"' EXIT[0m
2026-10-09T02:54:08.4605790Z [36;1mfor attempt in 1 2 3 4 5; do[0m
2026-10-09T02:54:08.4606234Z [36;1m  if rustup toolchain install "$toolchain" "${flags[@]}" --profile minimal --no-self-update --force-non-host 2>&1 | tee "$log"; then[0m
2026-10-09T02:54:08.4606680Z [36;1m    break[0m
2026-10-09T02:54:08.4606851Z [36;1m  else[0m
2026-10-09T02:54:08.4607016Z [36;1m    status=$?[0m
2026-10-09T02:54:08.4607199Z [36;1m  fi[0m
2026-10-09T02:54:08.4607443Z [36;1m  if [[ $attempt == 5 ]] || ! grep -Fq 'checksum failed for ' "$log" \[0m
2026-10-09T02:54:08.4607872Z [36;1m      || ! grep -Fq 'this is likely due to an ongoing update of the official release server' "$log"; then[0m
2026-10-09T02:54:08.4608231Z [36;1m    exit "$status"[0m
2026-10-09T02:54:08.4608416Z [36;1m  fi[0m
2026-10-09T02:54:08.4608700Z [36;1m  echo "Retrying rustup toolchain install in 30 seconds (retry $attempt of 4)" >&2[0m
2026-10-09T02:54:08.4609050Z [36;1m  sleep 30[0m
2026-10-09T02:54:08.4609350Z [36;1mdone[0m
2026-10-09T02:54:08.4662745Z shell: /usr/bin/bash --noprofile --norc -e -o pipefail {0}
2026-10-09T02:54:08.4663030Z env:
2026-10-09T02:54:08.4663204Z   CARGO_TERM_COLOR: always
2026-10-09T02:54:08.4663421Z   RUSTFLAGS: -D warnings
2026-10-09T02:54:08.4663623Z   CARGO_HOME: /home/runner/.cargo
2026-10-09T02:54:08.4663828Z   toolchain: 1.95.0
2026-10-09T02:54:08.4664002Z   targets: 
2026-10-09T02:54:08.4664164Z   components: 
2026-10-09T02:54:08.4664355Z   RUSTUP_PERMIT_COPY_RENAME: 1
2026-10-09T02:54:08.4664555Z ##[endgroup]
2026-10-09T02:54:08.7345328Z info: syncing channel updates for 1.95.0-x86_64-unknown-linux-gnu
2026-10-09T02:54:09.0797000Z info: latest update on 2026-04-16 for version 1.95.0 (59807616e 2026-04-14)
2026-10-09T02:54:09.0797400Z info: downloading 3 components
2026-10-09T02:54:15.7677471Z 
2026-10-09T02:54:15.7742459Z   1.95.0-x86_64-unknown-linux-gnu installed - rustc 1.95.0 (59807616e 2026-04-14)
2026-10-09T02:54:15.7742983Z 
2026-10-09T02:54:15.7819707Z ##[end-action id=__dtolnay_rust-toolchain.__run_4;outcome=success;conclusion=success;duration_ms=7323]
2026-10-09T02:54:15.7825540Z ##[start-action display=rustup default 1.95.0;id=__dtolnay_rust-toolchain.__run_5]
2026-10-09T02:54:15.7882410Z ##[group]Run rustup default "$toolchain" --force-non-host
2026-10-09T02:54:15.7882917Z [36;1mrustup default "$toolchain" --force-non-host[0m
2026-10-09T02:54:15.7939371Z shell: /usr/bin/bash --noprofile --norc -e -o pipefail {0}
2026-10-09T02:54:15.7939847Z env:
2026-10-09T02:54:15.7940030Z   CARGO_TERM_COLOR: always
2026-10-09T02:54:15.7940356Z   RUSTFLAGS: -D warnings
2026-10-09T02:54:15.7940559Z   CARGO_HOME: /home/runner/.cargo
2026-10-09T02:54:15.7940771Z   toolchain: 1.95.0
2026-10-09T02:54:15.7940951Z ##[endgroup]
2026-10-09T02:54:15.8072350Z info: using existing install for 1.95.0-x86_64-unknown-linux-gnu
2026-10-09T02:54:15.8116603Z info: default toolchain set to 1.95.0-x86_64-unknown-linux-gnu
2026-10-09T02:54:15.8116939Z 
2026-10-09T02:54:15.8175597Z   1.95.0-x86_64-unknown-linux-gnu unchanged - rustc 1.95.0 (59807616e 2026-04-14)
2026-10-09T02:54:15.8175869Z 
2026-10-09T02:54:15.8190853Z ##[end-action id=__dtolnay_rust-toolchain.__run_5;outcome=success;conclusion=success;duration_ms=36]
2026-10-09T02:54:15.8194386Z ##[start-action display=Create cachekey;id=__dtolnay_rust-toolchain.rustc-version]
2026-10-09T02:54:15.8222432Z ##[group]Run DATE=$(rustc +"$toolchain" --version --verbose | sed -ne 's/^commit-date: \(20[0-9][0-9]\)-\([01][0-9]\)-\([0-3][0-9]\)$/\1\2\3/p')
2026-10-09T02:54:15.8223107Z [36;1mDATE=$(rustc +"$toolchain" --version --verbose | sed -ne 's/^commit-date: \(20[0-9][0-9]\)-\([01][0-9]\)-\([0-3][0-9]\)$/\1\2\3/p')[0m
2026-10-09T02:54:15.8223617Z [36;1mHASH=$(rustc +"$toolchain" --version --verbose | sed -ne 's/^commit-hash: //p')[0m
2026-10-09T02:54:15.8224027Z [36;1mecho "cachekey=$(echo $DATE$HASH | head -c12)" >> $GITHUB_OUTPUT[0m
2026-10-09T02:54:15.8278495Z shell: /usr/bin/bash --noprofile --norc -e -o pipefail {0}
2026-10-09T02:54:15.8278904Z env:
2026-10-09T02:54:15.8279334Z   CARGO_TERM_COLOR: always
2026-10-09T02:54:15.8279630Z   RUSTFLAGS: -D warnings
2026-10-09T02:54:15.8279940Z   CARGO_HOME: /home/runner/.cargo
2026-10-09T02:54:15.8280240Z   toolchain: 1.95.0
2026-10-09T02:54:15.8280494Z ##[endgroup]
2026-10-09T02:54:15.8586652Z ##[end-action id=__dtolnay_rust-toolchain.rustc-version;outcome=success;conclusion=success;duration_ms=39]
2026-10-09T02:54:15.8588996Z ##[start-action display=Disable incremental compilation;id=__dtolnay_rust-toolchain.__run_6]
2026-10-09T02:54:15.8683598Z ##[group]Run if [ -z "${CARGO_INCREMENTAL+set}" ]; then
2026-10-09T02:54:15.8683944Z [36;1mif [ -z "${CARGO_INCREMENTAL+set}" ]; then[0m
2026-10-09T02:54:15.8684210Z [36;1m  echo CARGO_INCREMENTAL=0 >> $GITHUB_ENV[0m
2026-10-09T02:54:15.8684441Z [36;1mfi[0m
2026-10-09T02:54:15.8738777Z shell: /usr/bin/bash --noprofile --norc -e -o pipefail {0}
2026-10-09T02:54:15.8739060Z env:
2026-10-09T02:54:15.8739399Z   CARGO_TERM_COLOR: always
2026-10-09T02:54:15.8739608Z   RUSTFLAGS: -D warnings
2026-10-09T02:54:15.8739811Z   CARGO_HOME: /home/runner/.cargo
2026-10-09T02:54:15.8740021Z ##[endgroup]
2026-10-09T02:54:15.8884552Z ##[end-action id=__dtolnay_rust-toolchain.__run_6;outcome=success;conclusion=success;duration_ms=29]
2026-10-09T02:54:15.8886447Z ##[start-action display=Enable colors in Cargo output;id=__dtolnay_rust-toolchain.__run_7]
2026-10-09T02:54:15.9003186Z ##[group]Run if [ -z "${CARGO_TERM_COLOR+set}" ]; then
2026-10-09T02:54:15.9003524Z [36;1mif [ -z "${CARGO_TERM_COLOR+set}" ]; then[0m
2026-10-09T02:54:15.9003809Z [36;1m  echo CARGO_TERM_COLOR=always >> $GITHUB_ENV[0m
2026-10-09T02:54:15.9004055Z [36;1mfi[0m
2026-10-09T02:54:15.9051891Z shell: /usr/bin/bash --noprofile --norc -e -o pipefail {0}
2026-10-09T02:54:15.9052169Z env:
2026-10-09T02:54:15.9052337Z   CARGO_TERM_COLOR: always
2026-10-09T02:54:15.9052533Z   RUSTFLAGS: -D warnings
2026-10-09T02:54:15.9052728Z   CARGO_HOME: /home/runner/.cargo
2026-10-09T02:54:15.9052936Z   CARGO_INCREMENTAL: 0
2026-10-09T02:54:15.9053122Z ##[endgroup]
2026-10-09T02:54:15.9158195Z ##[end-action id=__dtolnay_rust-toolchain.__run_7;outcome=success;conclusion=success;duration_ms=27]
2026-10-09T02:54:15.9161012Z ##[start-action display=Enable Cargo sparse registry;id=__dtolnay_rust-toolchain.__run_8]
2026-10-09T02:54:15.9243010Z ##[group]Run # implemented in 1.66, stabilized in 1.68, made default in 1.70
2026-10-09T02:54:15.9243594Z [36;1m# implemented in 1.66, stabilized in 1.68, made default in 1.70[0m
2026-10-09T02:54:15.9244148Z [36;1mif [ -z "${CARGO_REGISTRIES_CRATES_IO_PROTOCOL+set}" -o -f "/home/runner/work/_temp"/.implicit_cargo_registries_crates_io_protocol ]; then[0m
2026-10-09T02:54:15.9244841Z [36;1m  if rustc +"$toolchain" --version --verbose | grep -q '^release: 1\.6[89]\.'; then[0m
2026-10-09T02:54:15.9245323Z [36;1m    touch "/home/runner/work/_temp"/.implicit_cargo_registries_crates_io_protocol || true[0m
2026-10-09T02:54:15.9245751Z [36;1m    echo CARGO_REGISTRIES_CRATES_IO_PROTOCOL=sparse >> $GITHUB_ENV[0m
2026-10-09T02:54:15.9246158Z [36;1m  elif rustc +"$toolchain" --version --verbose | grep -q '^release: 1\.6[67]\.'; then[0m
2026-10-09T02:54:15.9246619Z [36;1m    touch "/home/runner/work/_temp"/.implicit_cargo_registries_crates_io_protocol || true[0m
2026-10-09T02:54:15.9247037Z [36;1m    echo CARGO_REGISTRIES_CRATES_IO_PROTOCOL=git >> $GITHUB_ENV[0m
2026-10-09T02:54:15.9247318Z [36;1m  fi[0m
2026-10-09T02:54:15.9247482Z [36;1mfi[0m
2026-10-09T02:54:15.9294551Z shell: /usr/bin/bash --noprofile --norc -e -o pipefail {0}
2026-10-09T02:54:15.9294835Z env:
2026-10-09T02:54:15.9295005Z   CARGO_TERM_COLOR: always
2026-10-09T02:54:15.9295207Z   RUSTFLAGS: -D warnings
2026-10-09T02:54:15.9295405Z   CARGO_HOME: /home/runner/.cargo
2026-10-09T02:54:15.9295612Z   CARGO_INCREMENTAL: 0
2026-10-09T02:54:15.9295790Z   toolchain: 1.95.0
2026-10-09T02:54:15.9295959Z ##[endgroup]
2026-10-09T02:54:15.9580131Z ##[end-action id=__dtolnay_rust-toolchain.__run_8;outcome=success;conclusion=success;duration_ms=41]
2026-10-09T02:54:15.9583689Z ##[start-action display=Work around spurious network errors in curl 8.0;id=__dtolnay_rust-toolchain.__run_9]
2026-10-09T02:54:15.9725134Z ##[group]Run # https://rust-lang.zulipchat.com/#narrow/stream/246057-t-cargo/topic/timeout.20investigation
2026-10-09T02:54:15.9725762Z [36;1m# https://rust-lang.zulipchat.com/#narrow/stream/246057-t-cargo/topic/timeout.20investigation[0m
2026-10-09T02:54:15.9726268Z [36;1mif rustc +"$toolchain" --version --verbose | grep -q '^release: 1\.7[01]\.'; then[0m
2026-10-09T02:54:15.9726673Z [36;1m  echo CARGO_HTTP_MULTIPLEXING=false >> $GITHUB_ENV[0m
2026-10-09T02:54:15.9726934Z [36;1mfi[0m
2026-10-09T02:54:15.9780829Z shell: /usr/bin/bash --noprofile --norc -e -o pipefail {0}
2026-10-09T02:54:15.9781107Z env:
2026-10-09T02:54:15.9781280Z   CARGO_TERM_COLOR: always
2026-10-09T02:54:15.9781483Z   RUSTFLAGS: -D warnings
2026-10-09T02:54:15.9781684Z   CARGO_HOME: /home/runner/.cargo
2026-10-09T02:54:15.9781893Z   CARGO_INCREMENTAL: 0
2026-10-09T02:54:15.9782074Z   toolchain: 1.95.0
2026-10-09T02:54:15.9782250Z ##[endgroup]
2026-10-09T02:54:16.0142920Z ##[end-action id=__dtolnay_rust-toolchain.__run_9;outcome=success;conclusion=success;duration_ms=55]
2026-10-09T02:54:16.0147119Z ##[start-action display=rustc +1.95.0 --version --verbose;id=__dtolnay_rust-toolchain.__run_10]
2026-10-09T02:54:16.0263282Z ##[group]Run rustc +"$toolchain" --version --verbose
2026-10-09T02:54:16.0263826Z [36;1mrustc +"$toolchain" --version --verbose[0m
2026-10-09T02:54:16.0318352Z shell: /usr/bin/bash --noprofile --norc -e -o pipefail {0}
2026-10-09T02:54:16.0318651Z env:
2026-10-09T02:54:16.0318821Z   CARGO_TERM_COLOR: always
2026-10-09T02:54:16.0319025Z   RUSTFLAGS: -D warnings
2026-10-09T02:54:16.0319388Z   CARGO_HOME: /home/runner/.cargo
2026-10-09T02:54:16.0319600Z   CARGO_INCREMENTAL: 0
2026-10-09T02:54:16.0319784Z   toolchain: 1.95.0
2026-10-09T02:54:16.0319965Z ##[endgroup]
2026-10-09T02:54:16.0725466Z rustc 1.95.0 (59807616e 2026-04-14)
2026-10-09T02:54:16.0726077Z binary: rustc
2026-10-09T02:54:16.0726763Z commit-hash: 59807616e1fa2540724bfbac14d7976d7e4a3860
2026-10-09T02:54:16.0727380Z commit-date: 2026-04-14
2026-10-09T02:54:16.0727835Z host: x86_64-unknown-linux-gnu
2026-10-09T02:54:16.0728320Z release: 1.95.0
2026-10-09T02:54:16.0728761Z LLVM version: 22.1.2
2026-10-09T02:54:16.0739990Z ##[end-action id=__dtolnay_rust-toolchain.__run_10;outcome=success;conclusion=success;duration_ms=59]
2026-10-09T02:54:16.1397545Z ##[group]Run Swatinem/rust-cache@v2
2026-10-09T02:54:16.1397899Z with:
2026-10-09T02:54:16.1398323Z   prefix-key: v0-rust
2026-10-09T02:54:16.1398612Z   add-job-id-key: true
2026-10-09T02:54:16.1398918Z   add-rust-environment-hash-key: true
2026-10-09T02:54:16.1399348Z   cache-targets: true
2026-10-09T02:54:16.1399536Z   cache-all-crates: false
2026-10-09T02:54:16.1399738Z   cache-workspace-crates: false
2026-10-09T02:54:16.1399950Z   save-if: true
2026-10-09T02:54:16.1400126Z   cache-provider: github
2026-10-09T02:54:16.1400323Z   cache-bin: true
2026-10-09T02:54:16.1400505Z   lookup-only: false
2026-10-09T02:54:16.1400685Z   cmd-format: {0}
2026-10-09T02:54:16.1400849Z env:
2026-10-09T02:54:16.1401168Z   CARGO_TERM_COLOR: always
2026-10-09T02:54:16.1401502Z   RUSTFLAGS: -D warnings
2026-10-09T02:54:16.1401938Z   CARGO_HOME: /home/runner/.cargo
2026-10-09T02:54:16.1402287Z   CARGO_INCREMENTAL: 0
2026-10-09T02:54:16.1402567Z ##[endgroup]
2026-10-09T02:54:17.6800662Z ##[group]Cache Configuration
2026-10-09T02:54:17.6801025Z Cache Provider:
2026-10-09T02:54:17.6801309Z     github
2026-10-09T02:54:17.6801563Z Workspaces:
2026-10-09T02:54:17.6801865Z     /home/runner/work/codecortex/codecortex
2026-10-09T02:54:17.6802138Z Cache Paths:
2026-10-09T02:54:17.6802400Z     /home/runner/.cargo/bin
2026-10-09T02:54:17.6802640Z     /home/runner/.cargo/.crates.toml
2026-10-09T02:54:17.6802932Z     /home/runner/.cargo/.crates2.json
2026-10-09T02:54:17.6803211Z     /home/runner/.cargo/registry
2026-10-09T02:54:17.6803470Z     /home/runner/.cargo/git
2026-10-09T02:54:17.6803757Z     /home/runner/work/codecortex/codecortex/target
2026-10-09T02:54:17.6804061Z Restore Key:
2026-10-09T02:54:17.6804295Z     v0-rust-msrv-Linux-x64-5dc78561
2026-10-09T02:54:17.6804572Z Cache Key:
2026-10-09T02:54:17.6804808Z     v0-rust-msrv-Linux-x64-5dc78561-3495a27c
2026-10-09T02:54:17.6805132Z .. Prefix:
2026-10-09T02:54:17.6805339Z   - v0-rust-msrv-Linux-x64
2026-10-09T02:54:17.6805644Z .. Environment considered:
2026-10-09T02:54:17.6805918Z   - Rust Versions:
2026-10-09T02:54:17.6806260Z     - 1.95.0 x86_64-unknown-linux-gnu 59807616e1fa2540724bfbac14d7976d7e4a3860
2026-10-09T02:54:17.6806823Z     - 1.99.0 x86_64-unknown-linux-gnu b940084d7eb6a299eb4bfeb8e34901bc051e7ac4
2026-10-09T02:54:17.6807189Z   - CARGO_HOME
2026-10-09T02:54:17.6807398Z   - CARGO_INCREMENTAL
2026-10-09T02:54:17.6807678Z   - CARGO_TERM_COLOR
2026-10-09T02:54:17.6807855Z   - RUSTFLAGS
2026-10-09T02:54:17.6808026Z .. Lockfiles considered:
2026-10-09T02:54:17.6808253Z   - /home/runner/work/codecortex/codecortex/Cargo.lock
2026-10-09T02:54:17.6808578Z   - /home/runner/work/codecortex/codecortex/crates/cc-db/Cargo.toml
2026-10-09T02:54:17.6808939Z   - /home/runner/work/codecortex/codecortex/crates/cc-eval/Cargo.toml
2026-10-09T02:54:17.6809576Z   - /home/runner/work/codecortex/codecortex/crates/cc-index/Cargo.toml
2026-10-09T02:54:17.6810147Z   - /home/runner/work/codecortex/codecortex/crates/cc-model/Cargo.toml
2026-10-09T02:54:17.6810724Z   - /home/runner/work/codecortex/codecortex/crates/cc-parsers/Cargo.toml
2026-10-09T02:54:17.6811317Z   - /home/runner/work/codecortex/codecortex/crates/cc-search/Cargo.toml
2026-10-09T02:54:17.6811905Z   - /home/runner/work/codecortex/codecortex/crates/cc-semantic/Cargo.toml
2026-10-09T02:54:17.6812486Z   - /home/runner/work/codecortex/codecortex/crates/cc-server/Cargo.toml
2026-10-09T02:54:17.6813005Z ##[endgroup]
2026-10-09T02:54:17.6813114Z 
2026-10-09T02:54:17.6813190Z ... Restoring cache ...
2026-10-09T02:54:17.7413955Z Cache hit for: v0-rust-msrv-Linux-x64-5dc78561-3495a27c
2026-10-09T02:54:18.6448278Z Received 248590139 of 248590139 (100.0%), 270.9 MBs/sec
2026-10-09T02:54:18.6449012Z Cache Size: ~237 MB (248590139 B)
2026-10-09T02:54:18.6474705Z [command]/usr/bin/tar -xf /home/runner/work/_temp/2ef6dea0-c824-4136-afc8-bb99656e3c71/cache.tzst -P -C /home/runner/work/codecortex/codecortex --use-compress-program unzstd
2026-10-09T02:54:19.8150228Z Cache restored successfully
2026-10-09T02:54:19.8247559Z Restored from cache key "v0-rust-msrv-Linux-x64-5dc78561-3495a27c" full match: true.
2026-10-09T02:54:19.8907246Z ##[group]Run cargo check --workspace --all-targets --locked
2026-10-09T02:54:19.8907827Z [36;1mcargo check --workspace --all-targets --locked[0m
2026-10-09T02:54:19.8964209Z shell: /usr/bin/bash -e {0}
2026-10-09T02:54:19.8964429Z env:
2026-10-09T02:54:19.8964604Z   CARGO_TERM_COLOR: always
2026-10-09T02:54:19.8964813Z   RUSTFLAGS: -D warnings
2026-10-09T02:54:19.8965024Z   CARGO_HOME: /home/runner/.cargo
2026-10-09T02:54:19.8965261Z   CARGO_INCREMENTAL: 0
2026-10-09T02:54:19.8965451Z   CACHE_ON_FAILURE: false
2026-10-09T02:54:19.8965645Z ##[endgroup]
2026-10-09T02:54:20.7495626Z [1m[92m    Updating[0m crates.io index
2026-10-09T02:54:21.6659198Z [1m[92m    Checking[0m cc-model v1.0.0 (/home/runner/work/codecortex/codecortex/crates/cc-model)
2026-10-09T02:54:24.3832441Z [1m[92m    Checking[0m cc-db v1.0.0 (/home/runner/work/codecortex/codecortex/crates/cc-db)
2026-10-09T02:54:24.3833923Z [1m[92m    Checking[0m cc-parsers v1.0.0 (/home/runner/work/codecortex/codecortex/crates/cc-parsers)
2026-10-09T02:54:26.4241201Z [1m[92m    Checking[0m cc-index v1.0.0 (/home/runner/work/codecortex/codecortex/crates/cc-index)
2026-10-09T02:54:26.4242612Z [1m[92m    Checking[0m cc-search v1.0.0 (/home/runner/work/codecortex/codecortex/crates/cc-search)
2026-10-09T02:54:26.4243872Z [1m[92m    Checking[0m cc-semantic v1.0.0 (/home/runner/work/codecortex/codecortex/crates/cc-semantic)
2026-10-09T02:54:28.8340583Z [1m[92m    Checking[0m cc-server v1.0.0 (/home/runner/work/codecortex/codecortex/crates/cc-server)
2026-10-09T02:54:28.8830741Z [1m[91merror[E0282][0m[1m: type annotations needed[0m
2026-10-09T02:54:28.8860025Z    [1m[94m--> [0mcrates/cc-index/tests/snapshot_leaf_batching.rs:149:10
2026-10-09T02:54:28.8860770Z     [1m[94m|[0m
2026-10-09T02:54:28.8895804Z [1m[94m149[0m [1m[94m|[0m         .collect::<rusqlite::Result<_>>()
2026-10-09T02:54:28.8920263Z     [1m[94m|[0m          [1m[91m^^^^^^^[0m [1m[91mcannot infer type of the type parameter `B` declared on the method `collect`[0m
2026-10-09T02:54:28.8949728Z     [1m[94m|[0m
2026-10-09T02:54:28.8950381Z [1m[96mhelp[0m: consider specifying the generic argument
2026-10-09T02:54:28.8979660Z     [1m[94m|[0m
2026-10-09T02:54:28.9010021Z [1m[94m149[0m [91m- [0m        .collect[91m::<rusqlite::Result<_>>[0m()
2026-10-09T02:54:28.9039966Z [1m[94m149[0m [92m+ [0m        .collect[92m::<Vec<_>>[0m()
2026-10-09T02:54:28.9040570Z     [1m[94m|[0m
2026-10-09T02:54:28.9069416Z 
2026-10-09T02:54:28.9281620Z [1mFor more information about this error, try `rustc --explain E0282`.[0m
2026-10-09T02:54:28.9310520Z [1m[91merror[0m: could not compile `cc-index` (test "snapshot_leaf_batching") due to 1 previous error
2026-10-09T02:54:28.9330209Z [1m[33mwarning[0m: build failed, waiting for other jobs to finish...
2026-10-09T02:54:31.6096276Z ##[error]Process completed with exit code 101.
2026-10-09T02:54:31.6193732Z Post job cleanup.
2026-10-09T02:54:31.6861069Z [command]/usr/bin/git version
2026-10-09T02:54:31.6891581Z git version 2.55.0
2026-10-09T02:54:31.6920254Z Temporarily overriding HOME='/home/runner/work/_temp/360b7ce1-0736-41dd-b9cd-6f6b156971e7' before making global git config changes
2026-10-09T02:54:31.6921249Z Adding repository directory to the temporary git global config as a safe directory
2026-10-09T02:54:31.6925409Z [command]/usr/bin/git config --global --add safe.directory /home/runner/work/codecortex/codecortex
2026-10-09T02:54:31.6956415Z [command]/usr/bin/git config --local --name-only --get-regexp core\.sshCommand
2026-10-09T02:54:31.6983740Z [command]/usr/bin/git submodule foreach --recursive sh -c "git config --local --name-only --get-regexp 'core\.sshCommand' && git config --local --unset-all 'core.sshCommand' || :"
2026-10-09T02:54:31.7191483Z [command]/usr/bin/git config --local --name-only --get-regexp http\.https\:\/\/github\.com\/\.extraheader
2026-10-09T02:54:31.7212100Z http.https://github.com/.extraheader
2026-10-09T02:54:31.7220769Z [command]/usr/bin/git config --local --unset-all http.https://github.com/.extraheader
2026-10-09T02:54:31.7247723Z [command]/usr/bin/git submodule foreach --recursive sh -c "git config --local --name-only --get-regexp 'http\.https\:\/\/github\.com\/\.extraheader' && git config --local --unset-all 'http.https://github.com/.extraheader' || :"
2026-10-09T02:54:31.7452011Z [command]/usr/bin/git config --local --name-only --get-regexp ^includeIf\.gitdir:
2026-10-09T02:54:31.7477513Z [command]/usr/bin/git submodule foreach --recursive git config --local --show-origin --name-only --get-regexp remote.origin.url
2026-10-09T02:54:31.7812113Z Cleaning up orphan processes
2026-10-09T02:54:31.8036502Z ##[warning]Node.js 20 is deprecated. The following actions target Node.js 20 but are being forced to run on Node.js 24: actions/checkout@v4. For more information see: https://github.blog/changelog/2025-09-19-deprecation-of-node-20-on-github-actions-runners/
