2026-10-09T02:27:36.3296671Z Current runner version: '2.337.0'
2026-10-09T02:27:36.3334050Z ##[group]Runner Image Provisioner
2026-10-09T02:27:36.3335375Z Hosted Compute Agent
2026-10-09T02:27:36.3336336Z Version: 20261002.596
2026-10-09T02:27:36.3337566Z Commit: c3d12f3313a95f25162a1503be624f3b0617f8c0
2026-10-09T02:27:36.3338891Z Build Date: 2026-10-02T22:28:27Z
2026-10-09T02:27:36.3340316Z Worker ID: {7529a253-d797-4fe1-bc0c-2ba2c4af9952}
2026-10-09T02:27:36.3341561Z Region: eastus
2026-10-09T02:27:36.3342935Z Cloud: Azure
2026-10-09T02:27:36.3343889Z ##[endgroup]
2026-10-09T02:27:36.3346613Z ##[group]Operating System
2026-10-09T02:27:36.3347851Z Ubuntu
2026-10-09T02:27:36.3348737Z 24.04.5
2026-10-09T02:27:36.3349677Z LTS
2026-10-09T02:27:36.3350528Z ##[endgroup]
2026-10-09T02:27:36.3351429Z ##[group]Runner Image
2026-10-09T02:27:36.3352950Z Image: ubuntu-24.04
2026-10-09T02:27:36.3354073Z Version: 20261004.327.1
2026-10-09T02:27:36.3356450Z Included Software: https://github.com/actions/runner-images/blob/ubuntu24/20261004.327/images/ubuntu/Ubuntu2404-Readme.md
2026-10-09T02:27:36.3359556Z Image Release: https://github.com/actions/runner-images/releases/tag/ubuntu24%2F20261004.327
2026-10-09T02:27:36.3361392Z ##[endgroup]
2026-10-09T02:27:36.3363725Z ##[group]GITHUB_TOKEN Permissions
2026-10-09T02:27:36.3366640Z Contents: read
2026-10-09T02:27:36.3367620Z Metadata: read
2026-10-09T02:27:36.3368658Z ##[endgroup]
2026-10-09T02:27:36.3371717Z Secret source: Actions
2026-10-09T02:27:36.3373648Z Cache mode: write
2026-10-09T02:27:36.3375401Z Prepare workflow directory
2026-10-09T02:27:36.3965357Z Prepare all required actions
2026-10-09T02:27:36.4038808Z Getting action download info
2026-10-09T02:27:36.5785751Z Download action repository 'actions/checkout@v4' (SHA:11d5960a326750d5838078e36cf38b85af677262)
2026-10-09T02:27:36.6901995Z Download action repository 'actions/upload-artifact@v4' (SHA:ea165f8d65b6e75b540449e92b4886f43607fa02)
2026-10-09T02:27:36.9347453Z Complete job name: python_controls
2026-10-09T02:27:37.0005939Z ##[group]Run test "$GITHUB_RUN_ATTEMPT" = 1
2026-10-09T02:27:37.0006692Z [36;1mtest "$GITHUB_RUN_ATTEMPT" = 1[0m
2026-10-09T02:27:37.0281924Z shell: /usr/bin/bash --noprofile --norc -e -o pipefail {0}
2026-10-09T02:27:37.0283364Z env:
2026-10-09T02:27:37.0283891Z   PYTHONDONTWRITEBYTECODE: 1
2026-10-09T02:27:37.0284486Z ##[endgroup]
2026-10-09T02:27:37.0661463Z ##[group]Run actions/checkout@v4
2026-10-09T02:27:37.0662056Z with:
2026-10-09T02:27:37.0662890Z   ref: f3c71a6bbafbc639413c4737c469c3b873a8888f
2026-10-09T02:27:37.0663660Z   repository: jyqj/codecortex
2026-10-09T02:27:37.0667587Z   token: ***
2026-10-09T02:27:37.0668023Z   ssh-strict: true
2026-10-09T02:27:37.0668466Z   ssh-user: git
2026-10-09T02:27:37.0668925Z   persist-credentials: true
2026-10-09T02:27:37.0669419Z   clean: true
2026-10-09T02:27:37.0669872Z   sparse-checkout-cone-mode: true
2026-10-09T02:27:37.0670415Z   fetch-depth: 1
2026-10-09T02:27:37.0670861Z   fetch-tags: false
2026-10-09T02:27:37.0671305Z   show-progress: true
2026-10-09T02:27:37.0671780Z   lfs: false
2026-10-09T02:27:37.0672199Z   submodules: false
2026-10-09T02:27:37.0672811Z   set-safe-directory: true
2026-10-09T02:27:37.0673333Z   allow-unsafe-pr-checkout: false
2026-10-09T02:27:37.0673837Z env:
2026-10-09T02:27:37.0674257Z   PYTHONDONTWRITEBYTECODE: 1
2026-10-09T02:27:37.0674744Z ##[endgroup]
2026-10-09T02:27:37.1650334Z Syncing repository: jyqj/codecortex
2026-10-09T02:27:37.1652191Z ##[group]Getting Git version info
2026-10-09T02:27:37.1653347Z Working directory is '/home/runner/work/codecortex/codecortex'
2026-10-09T02:27:37.1654383Z [command]/usr/bin/git version
2026-10-09T02:27:37.1720081Z git version 2.55.0
2026-10-09T02:27:37.1740668Z ##[endgroup]
2026-10-09T02:27:37.1755379Z Temporarily overriding HOME='/home/runner/work/_temp/00f0fec6-827b-4284-88a8-b21c160d779a' before making global git config changes
2026-10-09T02:27:37.1757667Z Adding repository directory to the temporary git global config as a safe directory
2026-10-09T02:27:37.1760958Z [command]/usr/bin/git config --global --add safe.directory /home/runner/work/codecortex/codecortex
2026-10-09T02:27:37.1809780Z Deleting the contents of '/home/runner/work/codecortex/codecortex'
2026-10-09T02:27:37.1814261Z ##[group]Initializing the repository
2026-10-09T02:27:37.1818658Z [command]/usr/bin/git init /home/runner/work/codecortex/codecortex
2026-10-09T02:27:37.1919632Z hint: Using 'master' as the name for the initial branch. This default branch name
2026-10-09T02:27:37.1920991Z hint: will change to "main" in Git 3.0. To configure the initial branch name
2026-10-09T02:27:37.1922931Z hint: to use in all of your new repositories, which will suppress this warning,
2026-10-09T02:27:37.1923986Z hint: call:
2026-10-09T02:27:37.1924754Z hint:
2026-10-09T02:27:37.1925706Z hint: 	git config --global init.defaultBranch <name>
2026-10-09T02:27:37.1926890Z hint:
2026-10-09T02:27:37.1927990Z hint: Names commonly chosen instead of 'master' are 'main', 'trunk' and
2026-10-09T02:27:37.1929740Z hint: 'development'. The just-created branch can be renamed via this command:
2026-10-09T02:27:37.1931127Z hint:
2026-10-09T02:27:37.1931871Z hint: 	git branch -m <name>
2026-10-09T02:27:37.1932980Z hint:
2026-10-09T02:27:37.1934153Z hint: Disable this message with "git config set advice.defaultBranchName false"
2026-10-09T02:27:37.1936133Z Initialized empty Git repository in /home/runner/work/codecortex/codecortex/.git/
2026-10-09T02:27:37.1939017Z [command]/usr/bin/git remote add origin https://github.com/jyqj/codecortex
2026-10-09T02:27:37.1982968Z ##[endgroup]
2026-10-09T02:27:37.1984343Z ##[group]Disabling automatic garbage collection
2026-10-09T02:27:37.1987451Z [command]/usr/bin/git config --local gc.auto 0
2026-10-09T02:27:37.2017818Z ##[endgroup]
2026-10-09T02:27:37.2018988Z ##[group]Setting up auth
2026-10-09T02:27:37.2024275Z [command]/usr/bin/git config --local --name-only --get-regexp core\.sshCommand
2026-10-09T02:27:37.2054736Z [command]/usr/bin/git submodule foreach --recursive sh -c "git config --local --name-only --get-regexp 'core\.sshCommand' && git config --local --unset-all 'core.sshCommand' || :"
2026-10-09T02:27:37.2387052Z [command]/usr/bin/git config --local --name-only --get-regexp http\.https\:\/\/github\.com\/\.extraheader
2026-10-09T02:27:37.2418131Z [command]/usr/bin/git submodule foreach --recursive sh -c "git config --local --name-only --get-regexp 'http\.https\:\/\/github\.com\/\.extraheader' && git config --local --unset-all 'http.https://github.com/.extraheader' || :"
2026-10-09T02:27:37.2641142Z [command]/usr/bin/git config --local --name-only --get-regexp ^includeIf\.gitdir:
2026-10-09T02:27:37.2674118Z [command]/usr/bin/git submodule foreach --recursive git config --local --show-origin --name-only --get-regexp remote.origin.url
2026-10-09T02:27:37.2904494Z [command]/usr/bin/git config --local http.https://github.com/.extraheader AUTHORIZATION: basic ***
2026-10-09T02:27:37.2942068Z ##[endgroup]
2026-10-09T02:27:37.2943633Z ##[group]Fetching the repository
2026-10-09T02:27:37.2951508Z [command]/usr/bin/git -c protocol.version=2 fetch --no-tags --prune --no-recurse-submodules --depth=1 origin f3c71a6bbafbc639413c4737c469c3b873a8888f
2026-10-09T02:27:55.6321120Z From https://github.com/jyqj/codecortex
2026-10-09T02:27:55.6322914Z  * branch            f3c71a6bbafbc639413c4737c469c3b873a8888f -> FETCH_HEAD
2026-10-09T02:27:55.6326318Z ##[endgroup]
2026-10-09T02:27:55.6327655Z ##[group]Determining the checkout info
2026-10-09T02:27:55.6329039Z ##[endgroup]
2026-10-09T02:27:55.6334403Z [command]/usr/bin/git sparse-checkout disable
2026-10-09T02:27:55.6383593Z [command]/usr/bin/git config --local --unset-all extensions.worktreeConfig
2026-10-09T02:27:55.6412087Z ##[group]Checking out the ref
2026-10-09T02:27:55.6415649Z [command]/usr/bin/git checkout --progress --force f3c71a6bbafbc639413c4737c469c3b873a8888f
2026-10-09T02:27:56.6744900Z Updating files:  47% (10633/22501)
2026-10-09T02:27:56.6864351Z Updating files:  48% (10801/22501)
2026-10-09T02:27:56.7590862Z Updating files:  49% (11026/22501)
2026-10-09T02:27:56.7933211Z Updating files:  50% (11251/22501)
2026-10-09T02:27:56.8101431Z Updating files:  51% (11476/22501)
2026-10-09T02:27:56.8662310Z Updating files:  52% (11701/22501)
2026-10-09T02:27:56.8831748Z Updating files:  53% (11926/22501)
2026-10-09T02:27:56.9268600Z Updating files:  54% (12151/22501)
2026-10-09T02:27:56.9377041Z Updating files:  55% (12376/22501)
2026-10-09T02:27:56.9538011Z Updating files:  56% (12601/22501)
2026-10-09T02:27:56.9758291Z Updating files:  57% (12826/22501)
2026-10-09T02:27:56.9932167Z Updating files:  58% (13051/22501)
2026-10-09T02:27:57.0072028Z Updating files:  59% (13276/22501)
2026-10-09T02:27:57.0191246Z Updating files:  60% (13501/22501)
2026-10-09T02:27:57.0293857Z Updating files:  61% (13726/22501)
2026-10-09T02:27:57.0450052Z Updating files:  62% (13951/22501)
2026-10-09T02:27:57.0595334Z Updating files:  63% (14176/22501)
2026-10-09T02:27:57.0695329Z Updating files:  64% (14401/22501)
2026-10-09T02:27:57.0795460Z Updating files:  65% (14626/22501)
2026-10-09T02:27:57.0939123Z Updating files:  66% (14851/22501)
2026-10-09T02:27:57.1038418Z Updating files:  67% (15076/22501)
2026-10-09T02:27:57.1189078Z Updating files:  68% (15301/22501)
2026-10-09T02:27:57.1372787Z Updating files:  69% (15526/22501)
2026-10-09T02:27:57.1810037Z Updating files:  70% (15751/22501)
2026-10-09T02:27:57.2107490Z Updating files:  71% (15976/22501)
2026-10-09T02:27:57.2737953Z Updating files:  72% (16201/22501)
2026-10-09T02:27:57.3379102Z Updating files:  73% (16426/22501)
2026-10-09T02:27:57.5752055Z Updating files:  74% (16651/22501)
2026-10-09T02:27:57.6345806Z Updating files:  75% (16876/22501)
2026-10-09T02:27:57.6580099Z Updating files:  76% (17101/22501)
2026-10-09T02:27:57.6667233Z Updating files:  77% (17326/22501)
2026-10-09T02:27:57.6854652Z Updating files:  77% (17416/22501)
2026-10-09T02:27:57.7066757Z Updating files:  78% (17551/22501)
2026-10-09T02:27:57.7371140Z Updating files:  79% (17776/22501)
2026-10-09T02:27:57.7585936Z Updating files:  80% (18001/22501)
2026-10-09T02:27:57.7745314Z Updating files:  81% (18226/22501)
2026-10-09T02:27:57.7935343Z Updating files:  82% (18451/22501)
2026-10-09T02:27:57.8758011Z Updating files:  83% (18676/22501)
2026-10-09T02:27:57.9547149Z Updating files:  84% (18901/22501)
2026-10-09T02:27:58.0273885Z Updating files:  85% (19126/22501)
2026-10-09T02:27:58.1717915Z Updating files:  86% (19351/22501)
2026-10-09T02:27:58.1941997Z Updating files:  87% (19576/22501)
2026-10-09T02:27:58.2095512Z Updating files:  88% (19801/22501)
2026-10-09T02:27:58.2196231Z Updating files:  89% (20026/22501)
2026-10-09T02:27:58.2409004Z Updating files:  90% (20251/22501)
2026-10-09T02:27:58.2853582Z Updating files:  91% (20476/22501)
2026-10-09T02:27:58.7284077Z Updating files:  92% (20701/22501)
2026-10-09T02:27:58.9224277Z Updating files:  92% (20842/22501)
2026-10-09T02:27:58.9443176Z Updating files:  93% (20926/22501)
2026-10-09T02:27:58.9609761Z Updating files:  94% (21151/22501)
2026-10-09T02:27:58.9790448Z Updating files:  95% (21376/22501)
2026-10-09T02:27:58.9975764Z Updating files:  96% (21601/22501)
2026-10-09T02:27:59.0182538Z Updating files:  97% (21826/22501)
2026-10-09T02:27:59.0347656Z Updating files:  98% (22051/22501)
2026-10-09T02:27:59.0610896Z Updating files:  99% (22276/22501)
2026-10-09T02:27:59.0611419Z Updating files: 100% (22501/22501)
2026-10-09T02:27:59.0611920Z Updating files: 100% (22501/22501), done.
2026-10-09T02:27:59.0873302Z Note: switching to 'f3c71a6bbafbc639413c4737c469c3b873a8888f'.
2026-10-09T02:27:59.0873793Z 
2026-10-09T02:27:59.0874138Z You are in 'detached HEAD' state. You can look around, make experimental
2026-10-09T02:27:59.0874848Z changes and commit them, and you can discard any commits you make in this
2026-10-09T02:27:59.0875339Z state without impacting any branches by switching back to a branch.
2026-10-09T02:27:59.0875623Z 
2026-10-09T02:27:59.0875812Z If you want to create a new branch to retain commits you create, you may
2026-10-09T02:27:59.0876253Z do so (now or later) by using -c with the switch command. Example:
2026-10-09T02:27:59.0876797Z 
2026-10-09T02:27:59.0876903Z   git switch -c <new-branch-name>
2026-10-09T02:27:59.0877077Z 
2026-10-09T02:27:59.0877179Z Or undo this operation with:
2026-10-09T02:27:59.0877329Z 
2026-10-09T02:27:59.0877418Z   git switch -
2026-10-09T02:27:59.0877531Z 
2026-10-09T02:27:59.0877754Z Turn off this advice by setting config variable advice.detachedHead to false
2026-10-09T02:27:59.0878054Z 
2026-10-09T02:27:59.0878281Z HEAD is now at f3c71a6 build(p8): pin the independently reviewed integrated source
2026-10-09T02:27:59.1017694Z ##[endgroup]
2026-10-09T02:27:59.1068773Z [command]/usr/bin/git log -1 --format=%H
2026-10-09T02:27:59.1092851Z f3c71a6bbafbc639413c4737c469c3b873a8888f
2026-10-09T02:27:59.1304667Z ##[group]Run python3 -B -u - <<'P8_CONTROLLER'
2026-10-09T02:27:59.1305534Z [36;1mpython3 -B -u - <<'P8_CONTROLLER'[0m
2026-10-09T02:27:59.1305865Z [36;1mfrom pathlib import Path[0m
2026-10-09T02:27:59.1306138Z [36;1mimport os[0m
2026-10-09T02:27:59.1306356Z [36;1mimport subprocess[0m
2026-10-09T02:27:59.1306610Z [36;1mimport sys[0m
2026-10-09T02:27:59.1306843Z [36;1mpayload = r'''#!/usr/bin/env python3[0m
2026-10-09T02:27:59.1307287Z [36;1m"""Fixed pure-Python auxiliary controls; no Cargo or product workload."""[0m
2026-10-09T02:27:59.1307716Z [36;1mimport argparse[0m
2026-10-09T02:27:59.1307950Z [36;1mimport datetime[0m
2026-10-09T02:27:59.1308172Z [36;1mimport hashlib[0m
2026-10-09T02:27:59.1308394Z [36;1mimport importlib[0m
2026-10-09T02:27:59.1308616Z [36;1mimport json[0m
2026-10-09T02:27:59.1308822Z [36;1mimport os[0m
2026-10-09T02:27:59.1309037Z [36;1mfrom pathlib import Path[0m
2026-10-09T02:27:59.1309302Z [36;1mimport subprocess[0m
2026-10-09T02:27:59.1309564Z [36;1mimport sys[0m
2026-10-09T02:27:59.1309764Z [36;1mimport time[0m
2026-10-09T02:27:59.1309971Z [36;1mimport unittest[0m
2026-10-09T02:27:59.1310181Z [36;1m[0m
2026-10-09T02:27:59.1310472Z [36;1mROOT = Path(os.environ['GITHUB_WORKSPACE']).resolve(strict=True)[0m
2026-10-09T02:27:59.1310873Z [36;1mEXPECTED_SOURCE = os.environ['GITHUB_SHA'][0m
2026-10-09T02:27:59.1311500Z [36;1mRELATIVE_MANIFEST = 'artifacts/checkpoints/p8-completion-20261009/integrated-runtime-controls/test-expectations.json'[0m
2026-10-09T02:27:59.1312105Z [36;1mMANIFEST = ROOT / RELATIVE_MANIFEST[0m
2026-10-09T02:27:59.1312837Z [36;1mMANIFEST_SHA = '11300b2e9dc47d5a8f1fa39e9a5da0d5b27d90cd34a31108f4340b084a96afad'[0m
2026-10-09T02:27:59.1313410Z [36;1mWORKFLOW = '.github/workflows/p8-integrated-runtime-controls.yml'[0m
2026-10-09T02:27:59.1314040Z [36;1mMODULES = ['test_p8_runtime','test_p8_runtime_evidence','test_p8_runtime_cache','test_p8_runtime_finalization'][0m
2026-10-09T02:27:59.1314664Z [36;1msys.path[:0] = [str(ROOT/'scripts'), str(ROOT/'scripts/tests')][0m
2026-10-09T02:27:59.1315100Z [36;1mfrom p7_build_identity import json_bytes, source_snapshot[0m
2026-10-09T02:27:59.1315556Z [36;1mfrom p8_runtime_build import artifact_inventory, observer_snapshot[0m
2026-10-09T02:27:59.1315927Z [36;1m[0m
2026-10-09T02:27:59.1316130Z [36;1mdef require(ok, reason):[0m
2026-10-09T02:27:59.1316411Z [36;1m    if not ok: raise ValueError(reason)[0m
2026-10-09T02:27:59.1316688Z [36;1m[0m
2026-10-09T02:27:59.1316875Z [36;1mdef sha(path):[0m
2026-10-09T02:27:59.1317133Z [36;1m    with Path(path).open('rb') as stream:[0m
2026-10-09T02:27:59.1317515Z [36;1m        return hashlib.file_digest(stream, 'sha256').hexdigest()[0m
2026-10-09T02:27:59.1317854Z [36;1m[0m
2026-10-09T02:27:59.1318039Z [36;1mdef read(path):[0m
2026-10-09T02:27:59.1318419Z [36;1m    require(Path(path).is_file() and not Path(path).is_symlink(), 'nonregular JSON')[0m
2026-10-09T02:27:59.1318887Z [36;1m    return json.loads(Path(path).read_bytes())[0m
2026-10-09T02:27:59.1319189Z [36;1m[0m
2026-10-09T02:27:59.1319380Z [36;1mdef write_new(path, value):[0m
2026-10-09T02:27:59.1319748Z [36;1m    with Path(path).open('xb') as stream:stream.write(json_bytes(value))[0m
2026-10-09T02:27:59.1320111Z [36;1m[0m
2026-10-09T02:27:59.1320426Z [36;1mdef utc():return datetime.datetime.now(datetime.timezone.utc).isoformat()[0m
2026-10-09T02:27:59.1321012Z [36;1m[0m
2026-10-09T02:27:59.1321195Z [36;1mdef git_bytes(path):[0m
2026-10-09T02:27:59.1321654Z [36;1m    return subprocess.check_output(['git','-C',str(ROOT),'show',EXPECTED_SOURCE+':'+path])[0m
2026-10-09T02:27:59.1322119Z [36;1m[0m
2026-10-09T02:27:59.1322310Z [36;1mdef fixed_inputs(manifest):[0m
2026-10-09T02:27:59.1322998Z [36;1m    paths = [entry['source'] for entry in manifest['modules']] + manifest['fixed_observer_files'][0m
2026-10-09T02:27:59.1323454Z [36;1m    result={}[0m
2026-10-09T02:27:59.1323679Z [36;1m    for entry in paths:[0m
2026-10-09T02:27:59.1324167Z [36;1m        path=ROOT/entry['path'];body=path.read_bytes()[0m
2026-10-09T02:27:59.1324711Z [36;1m        require(path.is_file() and not path.is_symlink() and path.resolve()==path, 'aliased fixed input')[0m
2026-10-09T02:27:59.1325499Z [36;1m        require(len(body)==entry['bytes'] and hashlib.sha256(body).hexdigest()==entry['sha256'], 'fixed input bytes changed: '+entry['path'])[0m
2026-10-09T02:27:59.1326280Z [36;1m        require(body==git_bytes(entry['path']), 'fixed input differs from actual committed source')[0m
2026-10-09T02:27:59.1327035Z [36;1m        mode=subprocess.check_output(['git','-C',str(ROOT),'ls-tree',EXPECTED_SOURCE,'--',entry['path']],text=True).split()[0][0m
2026-10-09T02:27:59.1327671Z [36;1m        require(mode==entry['mode'], 'fixed input Git mode changed')[0m
2026-10-09T02:27:59.1328055Z [36;1m        result[entry['path']]=entry[0m
2026-10-09T02:27:59.1328694Z [36;1m    require(MANIFEST.read_bytes()==git_bytes(RELATIVE_MANIFEST) and sha(MANIFEST)==MANIFEST_SHA, 'static population differs from actual commit')[0m
2026-10-09T02:27:59.1329514Z [36;1m    require((ROOT/WORKFLOW).read_bytes()==git_bytes(WORKFLOW), 'workflow differs from actual commit')[0m
2026-10-09T02:27:59.1330164Z [36;1m    result[RELATIVE_MANIFEST]={'bytes':MANIFEST.stat().st_size,'sha256':sha(MANIFEST)}[0m
2026-10-09T02:27:59.1330754Z [36;1m    result[WORKFLOW]={'bytes':(ROOT/WORKFLOW).stat().st_size,'sha256':sha(ROOT/WORKFLOW)}[0m
2026-10-09T02:27:59.1331186Z [36;1m    return result[0m
2026-10-09T02:27:59.1331409Z [36;1m[0m
2026-10-09T02:27:59.1331595Z [36;1mdef load_manifest():[0m
2026-10-09T02:27:59.1331923Z [36;1m    require(not sys.flags.optimize, 'ordinary Python required')[0m
2026-10-09T02:27:59.1332414Z [36;1m    require(sha(MANIFEST)==MANIFEST_SHA, 'expected static population changed')[0m
2026-10-09T02:27:59.1333096Z [36;1m    manifest=read(MANIFEST)[0m
2026-10-09T02:27:59.1333663Z [36;1m    require(manifest['expected_methods']==50 and manifest['expected_explicit_subtests']==24, 'fixed method/subtest denominator')[0m
2026-10-09T02:27:59.1334433Z [36;1m    require([m['expected_count'] for m in manifest['modules']]==[14,15,13,8], 'fixed module denominator')[0m
2026-10-09T02:27:59.1335062Z [36;1m    require(len(manifest['fixed_observer_files'])==9, 'fixed observer denominator')[0m
2026-10-09T02:27:59.1335484Z [36;1m    return manifest[0m
2026-10-09T02:27:59.1335708Z [36;1m[0m
2026-10-09T02:27:59.1335907Z [36;1mdef normalize(value):[0m
2026-10-09T02:27:59.1336261Z [36;1m    if value is None or type(value) in (str,bool,int,float):return value[0m
2026-10-09T02:27:59.1336746Z [36;1m    if isinstance(value,(list,tuple)):return [normalize(x) for x in value][0m
2026-10-09T02:27:59.1337272Z [36;1m    if isinstance(value,dict):return {str(k):normalize(v) for k,v in value.items()}[0m
2026-10-09T02:27:59.1337739Z [36;1m    if callable(value) and hasattr(value,'__code__'):[0m
2026-10-09T02:27:59.1338361Z [36;1m        return {'kind':'callable','module':value.__module__,'qualname':value.__qualname__,'first_line':value.__code__.co_firstlineno}[0m
2026-10-09T02:27:59.1339072Z [36;1m    raise ValueError('unregistered subtest parameter type: '+type(value).__name__)[0m
2026-10-09T02:27:59.1339484Z [36;1m[0m
2026-10-09T02:27:59.1339676Z [36;1mdef flatten(suite):[0m
2026-10-09T02:27:59.1340065Z [36;1m    for test in suite:[0m
2026-10-09T02:27:59.1340417Z [36;1m        if isinstance(test,unittest.TestSuite):yield from flatten(test)[0m
2026-10-09T02:27:59.1340792Z [36;1m        else:yield test[0m
2026-10-09T02:27:59.1341020Z [36;1m[0m
2026-10-09T02:27:59.1341214Z [36;1mdef one_module(name, out):[0m
2026-10-09T02:27:59.1341473Z [36;1m    manifest=load_manifest()[0m
2026-10-09T02:27:59.1341736Z [36;1m    fixed_inputs(manifest)[0m
2026-10-09T02:27:59.1342091Z [36;1m    expected=next(m for m in manifest['modules'] if m['module']==name)[0m
2026-10-09T02:27:59.1342659Z [36;1m    out.mkdir(exist_ok=False)[0m
2026-10-09T02:27:59.1343159Z [36;1m    module=importlib.import_module(name)[0m
2026-10-09T02:27:59.1343770Z [36;1m    require(Path(module.__file__).resolve()==ROOT/expected['source']['path'], 'test module loaded from another checkout')[0m
2026-10-09T02:27:59.1344389Z [36;1m    suite=unittest.TestLoader().loadTestsFromModule(module)[0m
2026-10-09T02:27:59.1344812Z [36;1m    wanted=[x['id'] for x in expected['expected_methods']][0m
2026-10-09T02:27:59.1345386Z [36;1m    require(sorted(test.id() for test in flatten(suite))==wanted, 'loaded suite does not equal all fixed methods')[0m
2026-10-09T02:27:59.1345885Z [36;1m    events=[][0m
2026-10-09T02:27:59.1346131Z [36;1m    subtests={name:[] for name in wanted}[0m
2026-10-09T02:27:59.1346643Z [36;1m    summary={'module':name,'status':'running','expected_ids':wanted,'loaded_ids':wanted,'started_utc':utc()}[0m
2026-10-09T02:27:59.1347127Z [36;1m    code=2[0m
2026-10-09T02:27:59.1347376Z [36;1m    with (out/'events.jsonl').open('x') as log:[0m
2026-10-09T02:27:59.1347705Z [36;1m        def emit(kind, **fields):[0m
2026-10-09T02:27:59.1348032Z [36;1m            row={'kind':kind,**fields};events.append(row)[0m
2026-10-09T02:27:59.1348493Z [36;1m            log.write(json.dumps(row,sort_keys=True,ensure_ascii=False)+'\n');log.flush()[0m
2026-10-09T02:27:59.1348954Z [36;1m        class Result(unittest.TextTestResult):[0m
2026-10-09T02:27:59.1349284Z [36;1m            def startTest(self,test):[0m
2026-10-09T02:27:59.1349662Z [36;1m                emit('test_started',test_id=test.id());super().startTest(test)[0m
2026-10-09T02:27:59.1350056Z [36;1m            def stopTest(self,test):[0m
2026-10-09T02:27:59.1350429Z [36;1m                emit('test_stopped',test_id=test.id());super().stopTest(test)[0m
2026-10-09T02:27:59.1350826Z [36;1m            def addSuccess(self,test):[0m
2026-10-09T02:27:59.1351210Z [36;1m                emit('test_success',test_id=test.id());super().addSuccess(test)[0m
2026-10-09T02:27:59.1351616Z [36;1m            def addFailure(self,test,err):[0m
2026-10-09T02:27:59.1352081Z [36;1m                emit('test_failure',test_id=test.id(),error=repr(err[1]));super().addFailure(test,err)[0m
2026-10-09T02:27:59.1352796Z [36;1m            def addError(self,test,err):[0m
2026-10-09T02:27:59.1353263Z [36;1m                emit('test_error',test_id=test.id(),error=repr(err[1]));super().addError(test,err)[0m
2026-10-09T02:27:59.1353758Z [36;1m            def addSkip(self,test,reason):[0m
2026-10-09T02:27:59.1354220Z [36;1m                emit('test_skipped',test_id=test.id(),reason=reason);super().addSkip(test,reason)[0m
2026-10-09T02:27:59.1354699Z [36;1m            def addExpectedFailure(self,test,err):[0m
2026-10-09T02:27:59.1355242Z [36;1m                emit('test_expected_failure',test_id=test.id(),error=repr(err[1]));super().addExpectedFailure(test,err)[0m
2026-10-09T02:27:59.1355785Z [36;1m            def addUnexpectedSuccess(self,test):[0m
2026-10-09T02:27:59.1356274Z [36;1m                emit('test_unexpected_success',test_id=test.id());super().addUnexpectedSuccess(test)[0m
2026-10-09T02:27:59.1356765Z [36;1m            def addSubTest(self,test,subtest,err):[0m
2026-10-09T02:27:59.1357228Z [36;1m                params=normalize(dict(subtest.params));subtests[test.id()].append(params)[0m
2026-10-09T02:27:59.1357924Z [36;1m                emit('subtest',test_id=test.id(),parameters=params,passed=err is None,error=None if err is None else repr(err[1]))[0m
2026-10-09T02:27:59.1358653Z [36;1m                super().addSubTest(test,subtest,err)[0m
2026-10-09T02:27:59.1358951Z [36;1m        try:[0m
2026-10-09T02:27:59.1359313Z [36;1m            result=unittest.TextTestRunner(verbosity=2,resultclass=Result).run(suite)[0m
2026-10-09T02:27:59.1359834Z [36;1m            starts=[e['test_id'] for e in events if e['kind']=='test_started'][0m
2026-10-09T02:27:59.1360298Z [36;1m            stops=[e['test_id'] for e in events if e['kind']=='test_stopped'][0m
2026-10-09T02:27:59.1360885Z [36;1m            successes=[e['test_id'] for e in events if e['kind']=='test_success'][0m
2026-10-09T02:27:59.1361444Z [36;1m            exact=(sorted(starts)==wanted and sorted(stops)==wanted and sorted(successes)==wanted[0m
2026-10-09T02:27:59.1362047Z [36;1m                   and result.testsRun==expected['expected_count'] and result.wasSuccessful()[0m
2026-10-09T02:27:59.1362899Z [36;1m                   and not result.skipped and not result.expectedFailures and not result.unexpectedSuccesses)[0m
2026-10-09T02:27:59.1363582Z [36;1m            expected_subtests={m['id']:m['expected_subtests'] for m in expected['expected_methods']}[0m
2026-10-09T02:27:59.1364271Z [36;1m            exact=exact and subtests==expected_subtests and all(e['passed'] for e in events if e['kind']=='subtest')[0m
2026-10-09T02:27:59.1365021Z [36;1m            summary.update(tests_run=result.testsRun,started_ids=starts,stopped_ids=stops,success_ids=successes,[0m
2026-10-09T02:27:59.1365748Z [36;1m                           failed=len(result.failures),errors=len(result.errors),skipped=len(result.skipped),[0m
2026-10-09T02:27:59.1366477Z [36;1m                           expected_failures=len(result.expectedFailures),unexpected_successes=len(result.unexpectedSuccesses),[0m
2026-10-09T02:27:59.1367142Z [36;1m                           actual_subtests=subtests,expected_subtests=expected_subtests,[0m
2026-10-09T02:27:59.1367730Z [36;1m                           status='passed_exact_population' if exact else 'failed_or_incomplete_population')[0m
2026-10-09T02:27:59.1368202Z [36;1m            code=0 if exact else 1[0m
2026-10-09T02:27:59.1368502Z [36;1m        except BaseException as error:[0m
2026-10-09T02:27:59.1369001Z [36;1m            summary.update(status='invalid_or_interrupted_control',error=f'{type(error).__name__}: {error}')[0m
2026-10-09T02:27:59.1369547Z [36;1m            emit('runner_exception',error=summary['error'])[0m
2026-10-09T02:27:59.1369875Z [36;1m        finally:[0m
2026-10-09T02:27:59.1370181Z [36;1m            summary.update(exit_code=code,finished_utc=utc())[0m
2026-10-09T02:27:59.1370544Z [36;1m    write_new(out/'summary.json',summary)[0m
2026-10-09T02:27:59.1370834Z [36;1m    return code[0m
2026-10-09T02:27:59.1371047Z [36;1m[0m
2026-10-09T02:27:59.1371234Z [36;1mdef all_modules():[0m
2026-10-09T02:27:59.1371578Z [36;1m    out=Path(os.environ['RUNNER_TEMP'])/'integrated-runtime-controls'[0m
2026-10-09T02:27:59.1371975Z [36;1m    out.mkdir(exist_ok=False)[0m
2026-10-09T02:27:59.1372229Z [36;1m    commands=[][0m
2026-10-09T02:27:59.1372690Z [36;1m    for index,module in enumerate(MODULES):[0m
2026-10-09T02:27:59.1373317Z [36;1m        commands.append([sys.executable,'-B','-u',str(Path(__file__).resolve()),'--module',module,'--out',str(out/f'module-{index:02}')])[0m
2026-10-09T02:27:59.1374134Z [36;1m    record=dict(schema_version=1,status='running',expected_source=EXPECTED_SOURCE,commands=commands,results=[],[0m
2026-10-09T02:27:59.1374831Z [36;1m                expected_methods=50,expected_explicit_subtests=24,manifest_sha256=MANIFEST_SHA,[0m
2026-10-09T02:27:59.1375552Z [36;1m                scope='Pure Python protocol/regression controls only; no Cargo, product workload, N30, task or release approval.',[0m
2026-10-09T02:27:59.1376341Z [36;1m                environment={k:os.environ.get(k) for k in ('GITHUB_RUN_ID','GITHUB_RUN_ATTEMPT','GITHUB_REF','RUNNER_OS')},[0m
2026-10-09T02:27:59.1377160Z [36;1m                python=dict(executable=sys.executable,version=sys.version),started_utc=utc())[0m
2026-10-09T02:27:59.1377616Z [36;1m    write_new(out/'plan.json',record)[0m
2026-10-09T02:27:59.1377923Z [36;1m    before=observer=inputs=manifest=None[0m
2026-10-09T02:27:59.1378202Z [36;1m    code=2[0m
2026-10-09T02:27:59.1378422Z [36;1m    child_confirmed_stopped=True[0m
2026-10-09T02:27:59.1378683Z [36;1m    try:[0m
2026-10-09T02:27:59.1378891Z [36;1m        manifest=load_manifest()[0m
2026-10-09T02:27:59.1379340Z [36;1m        require([m['module'] for m in manifest['modules']]==MODULES,'unexpected planned module')[0m
2026-10-09T02:27:59.1380321Z [36;1m        require(os.environ['GITHUB_RUN_ATTEMPT']=='1' and os.environ['GITHUB_REF']=='refs/heads/task/p8-snapshot-leaf-engineering-20261009', 'wrong attempt or branch')[0m
2026-10-09T02:27:59.1381222Z [36;1m        before=source_snapshot(ROOT);observer=observer_snapshot(ROOT);inputs=fixed_inputs(manifest)[0m
2026-10-09T02:27:59.1382281Z [36;1m        require(before['source_commit']==EXPECTED_SOURCE and before['input_count']==1089 and before['manifest_sha256']==manifest['source_manifest_sha256'],'actual complete source does not match fixed production inputs')[0m
2026-10-09T02:27:59.1383817Z [36;1m        write_new(out/'source-before.json',before);write_new(out/'observer-before.json',observer);write_new(out/'validation-before.json',inputs)[0m
2026-10-09T02:27:59.1384972Z [36;1m        (out/'controller.py').write_bytes(Path(__file__).read_bytes());(out/'workflow.yml').write_bytes((ROOT/WORKFLOW).read_bytes());(out/'test-expectations.json').write_bytes(MANIFEST.read_bytes())[0m
2026-10-09T02:27:59.1385799Z [36;1m        for index,command in enumerate(commands):[0m
2026-10-09T02:27:59.1386389Z [36;1m            row=dict(argv=command,started_utc=utc(),stdout=f'{index:02}.stdout',stderr=f'{index:02}.stderr',status='started')[0m
2026-10-09T02:27:59.1386948Z [36;1m            record['results'].append(row)[0m
2026-10-09T02:27:59.1387321Z [36;1m            (out/'progress.json').write_bytes(json_bytes(record))[0m
2026-10-09T02:27:59.1387685Z [36;1m            env=dict(os.environ)[0m
2026-10-09T02:27:59.1388142Z [36;1m            env['P8_RUNTIME_CONTROL_EVIDENCE_DIR']=str(out/'protocol-fixtures'/f'module-{index:02}')[0m
2026-10-09T02:27:59.1388636Z [36;1m            env['PYTHONDONTWRITEBYTECODE']='1'[0m
2026-10-09T02:27:59.1389069Z [36;1m            row['retained_protocol_fixtures']=env['P8_RUNTIME_CONTROL_EVIDENCE_DIR'][0m
2026-10-09T02:27:59.1389502Z [36;1m            begun=time.monotonic_ns()[0m
2026-10-09T02:27:59.1389962Z [36;1m            with (out/row['stdout']).open('xb') as stdout,(out/row['stderr']).open('xb') as stderr:[0m
2026-10-09T02:27:59.1390427Z [36;1m                child_confirmed_stopped=False[0m
2026-10-09T02:27:59.1390922Z [36;1m                process=subprocess.run(command,cwd=ROOT,env=env,stdout=stdout,stderr=stderr,check=False)[0m
2026-10-09T02:27:59.1391419Z [36;1m                child_confirmed_stopped=True[0m
2026-10-09T02:27:59.1391938Z [36;1m            row.update(status='finished',exit_code=process.returncode,elapsed_ns=time.monotonic_ns()-begun)[0m
2026-10-09T02:27:59.1392655Z [36;1m            (out/'progress.json').write_bytes(json_bytes(record))[0m
2026-10-09T02:27:59.1393041Z [36;1m            if process.returncode:break[0m
2026-10-09T02:27:59.1393532Z [36;1m        code=0 if len(record['results'])==4 and all(row.get('exit_code')==0 for row in record['results']) else 1[0m
2026-10-09T02:27:59.1394121Z [36;1m        record['status']='commands_completed' if code==0 else 'command_failed'[0m
2026-10-09T02:27:59.1394520Z [36;1m        if code==0:[0m
2026-10-09T02:27:59.1394882Z [36;1m            summaries=[read(out/f'module-{i:02}'/'summary.json') for i in range(4)][0m
2026-10-09T02:27:59.1395693Z [36;1m            require(sum(s['tests_run'] for s in summaries)==50 and sum(sum(len(v) for v in s['actual_subtests'].values()) for s in summaries)==24,'actual aggregate population differs')[0m
2026-10-09T02:27:59.1396801Z [36;1m            require(all(s['status']=='passed_exact_population' and s['exit_code']==0 for s in summaries),'partial child result')[0m
2026-10-09T02:27:59.1397497Z [36;1m            record.update(actual_methods=50,actual_explicit_subtests=24,failed=0,skipped=0)[0m
2026-10-09T02:27:59.1397951Z [36;1m    except BaseException as error:[0m
2026-10-09T02:27:59.1398470Z [36;1m        code=2;record.update(status='invalid_or_interrupted_execution',error=f'{type(error).__name__}: {error}')[0m
2026-10-09T02:27:59.1398976Z [36;1m    finally:[0m
2026-10-09T02:27:59.1399180Z [36;1m        try:[0m
2026-10-09T02:27:59.1399625Z [36;1m            after=source_snapshot(ROOT);observer_after=observer_snapshot(ROOT)[0m
2026-10-09T02:27:59.1400160Z [36;1m            inputs_after=fixed_inputs(manifest) if manifest is not None else None[0m
2026-10-09T02:27:59.1400944Z [36;1m            write_new(out/'source-after.json',after);write_new(out/'observer-after.json',observer_after);write_new(out/'validation-after.json',inputs_after)[0m
2026-10-09T02:27:59.1401847Z [36;1m            record['source_and_observer_unchanged']=before==after and observer==observer_after and inputs==inputs_after[0m
2026-10-09T02:27:59.1402725Z [36;1m            if not record['source_and_observer_unchanged']:code=2;record['status']='invalid_source_or_observer_change'[0m
2026-10-09T02:27:59.1403263Z [36;1m        except BaseException as error:[0m
2026-10-09T02:27:59.1403860Z [36;1m            code=2;record.update(status='invalid_final_source_check',source_and_observer_unchanged=False,final_source_error=repr(error))[0m
2026-10-09T02:27:59.1404700Z [36;1m        record.update(exit_code=code,finished_utc=utc(),child_process_confirmed_stopped=child_confirmed_stopped,[0m
2026-10-09T02:27:59.1405379Z [36;1m                      not_run_command_indices=list(range(len(record['results']),len(commands))),[0m
2026-10-09T02:27:59.1406102Z [36;1m                      evidence_status='closed_control_inventory' if child_confirmed_stopped else 'unsealed_child_termination_unconfirmed',[0m
2026-10-09T02:27:59.1407008Z [36;1m                      hard_termination_limit='Runner shutdown or job hard timeout can prevent final receipt/upload; missing evidence never passes.',[0m
2026-10-09T02:27:59.1407819Z [36;1m                      Cargo_executed=False,new_product_workload_executed=False,new_TODO_done=0,TODO_remaining=29)[0m
2026-10-09T02:27:59.1408398Z [36;1m        try:record['files']=artifact_inventory(out,exclude=None)[0m
2026-10-09T02:27:59.1408770Z [36;1m        except BaseException as error:[0m
2026-10-09T02:27:59.1409402Z [36;1m            code=2;record.update(status='invalid_inventory',exit_code=2,inventory_error=repr(error),evidence_status='unsealed_inventory_error')[0m
2026-10-09T02:27:59.1410036Z [36;1m        write_new(out/'receipt.json',record)[0m
2026-10-09T02:27:59.1410814Z [36;1m    print(json.dumps({'status':record['status'],'exit_code':code,'actual_methods':record.get('actual_methods'),'receipt_sha256':sha(out/'receipt.json'),'new_TODO_done':0,'TODO_remaining':29}))[0m
2026-10-09T02:27:59.1411571Z [36;1m    return code[0m
2026-10-09T02:27:59.1411799Z [36;1m[0m
2026-10-09T02:27:59.1411991Z [36;1mif __name__=='__main__':[0m
2026-10-09T02:27:59.1412270Z [36;1m    parser=argparse.ArgumentParser()[0m
2026-10-09T02:27:59.1412741Z [36;1m    parser.add_argument('--module')[0m
2026-10-09T02:27:59.1413059Z [36;1m    parser.add_argument('--out',type=Path)[0m
2026-10-09T02:27:59.1413359Z [36;1m    args=parser.parse_args()[0m
2026-10-09T02:27:59.1413619Z [36;1m    if args.module:[0m
2026-10-09T02:27:59.1413937Z [36;1m        require(args.out is not None,'module output missing')[0m
2026-10-09T02:27:59.1414354Z [36;1m        raise SystemExit(one_module(args.module,args.out))[0m
2026-10-09T02:27:59.1414714Z [36;1m    raise SystemExit(all_modules())[0m
2026-10-09T02:27:59.1414982Z [36;1m'''[0m
2026-10-09T02:27:59.1415321Z [36;1mpath = Path(os.environ['RUNNER_TEMP']) / 'p8-integrated-runtime-controller.py'[0m
2026-10-09T02:27:59.1415893Z [36;1mwith path.open('x') as stream:[0m
2026-10-09T02:27:59.1416167Z [36;1m    stream.write(payload)[0m
2026-10-09T02:27:59.1416627Z [36;1mraise SystemExit(subprocess.run([sys.executable, '-B', '-u', str(path)], check=False).returncode)[0m
2026-10-09T02:27:59.1417102Z [36;1mP8_CONTROLLER[0m
2026-10-09T02:27:59.1480797Z shell: /usr/bin/bash --noprofile --norc -e -o pipefail {0}
2026-10-09T02:27:59.1481161Z env:
2026-10-09T02:27:59.1481385Z   PYTHONDONTWRITEBYTECODE: 1
2026-10-09T02:27:59.1481627Z ##[endgroup]
2026-10-09T02:28:04.0999641Z {"status": "commands_completed", "exit_code": 0, "actual_methods": 50, "receipt_sha256": "cce65cbb9b55b4574dc3f5bf504e5c00033575ab47a38c6c0dd4bfeabad2d501", "new_TODO_done": 0, "TODO_remaining": 29}
2026-10-09T02:28:04.1258705Z ##[group]Run actions/upload-artifact@v4
2026-10-09T02:28:04.1259016Z with:
2026-10-09T02:28:04.1259267Z   name: p8-integrated-runtime-controls-37874665224
2026-10-09T02:28:04.1259904Z   path: /home/runner/work/_temp/integrated-runtime-controls
/home/runner/work/_temp/p8-integrated-runtime-controller.py

2026-10-09T02:28:04.1260468Z   if-no-files-found: error
2026-10-09T02:28:04.1260707Z   include-hidden-files: true
2026-10-09T02:28:04.1260947Z   compression-level: 6
2026-10-09T02:28:04.1261168Z   overwrite: false
2026-10-09T02:28:04.1261361Z env:
2026-10-09T02:28:04.1261549Z   PYTHONDONTWRITEBYTECODE: 1
2026-10-09T02:28:04.1261785Z ##[endgroup]
2026-10-09T02:28:04.2976482Z (node:3958) [DEP0040] DeprecationWarning: The `punycode` module is deprecated. Please use a userland alternative instead.
2026-10-09T02:28:04.2977211Z (Use `node --trace-deprecation ...` to show where the warning was created)
2026-10-09T02:28:04.7505500Z Multiple search paths detected. Calculating the least common ancestor of all paths
2026-10-09T02:28:04.7507798Z The least common ancestor is /home/runner/work/_temp. This will be the root directory of the artifact
2026-10-09T02:28:04.7508781Z With the provided path, there will be 1659 files uploaded
2026-10-09T02:28:04.7516128Z Artifact name is valid!
2026-10-09T02:28:04.7516429Z Root directory input is valid!
2026-10-09T02:28:04.9662324Z Beginning upload of artifact content to blob storage
2026-10-09T02:28:05.8249758Z (node:3958) [DEP0169] DeprecationWarning: `url.parse()` behavior is not standardized and prone to errors that have security implications. Use the WHATWG URL API instead. CVEs are not issued for `url.parse()` vulnerabilities.
2026-10-09T02:28:05.8908494Z Uploaded bytes 1241560
2026-10-09T02:28:05.9068910Z Finished uploading artifact content to blob storage!
2026-10-09T02:28:05.9070038Z SHA256 digest of uploaded artifact zip is b9aebbb62ccd5b815876d12968fc9bb251235a185c777071edd8eca91398d05f
2026-10-09T02:28:05.9073476Z Finalizing artifact upload
2026-10-09T02:28:06.0982802Z Artifact p8-integrated-runtime-controls-37874665224.zip successfully finalized. Artifact ID 11591747962
2026-10-09T02:28:06.0984503Z Artifact p8-integrated-runtime-controls-37874665224 has been successfully uploaded! Final size is 1241560 bytes. Artifact ID is 11591747962
2026-10-09T02:28:06.0991033Z Artifact download URL: https://github.com/jyqj/codecortex/actions/runs/37874665224/artifacts/11591747962
2026-10-09T02:28:06.1311564Z Post job cleanup.
2026-10-09T02:28:06.2155824Z [command]/usr/bin/git version
2026-10-09T02:28:06.2196225Z git version 2.55.0
2026-10-09T02:28:06.2237351Z Temporarily overriding HOME='/home/runner/work/_temp/6ff16a2b-d7f1-4285-b744-15f9c41d28f6' before making global git config changes
2026-10-09T02:28:06.2238315Z Adding repository directory to the temporary git global config as a safe directory
2026-10-09T02:28:06.2243461Z [command]/usr/bin/git config --global --add safe.directory /home/runner/work/codecortex/codecortex
2026-10-09T02:28:06.2283915Z [command]/usr/bin/git config --local --name-only --get-regexp core\.sshCommand
2026-10-09T02:28:06.2319093Z [command]/usr/bin/git submodule foreach --recursive sh -c "git config --local --name-only --get-regexp 'core\.sshCommand' && git config --local --unset-all 'core.sshCommand' || :"
2026-10-09T02:28:06.2603515Z [command]/usr/bin/git config --local --name-only --get-regexp http\.https\:\/\/github\.com\/\.extraheader
2026-10-09T02:28:06.2628400Z http.https://github.com/.extraheader
2026-10-09T02:28:06.2639847Z [command]/usr/bin/git config --local --unset-all http.https://github.com/.extraheader
2026-10-09T02:28:06.2673230Z [command]/usr/bin/git submodule foreach --recursive sh -c "git config --local --name-only --get-regexp 'http\.https\:\/\/github\.com\/\.extraheader' && git config --local --unset-all 'http.https://github.com/.extraheader' || :"
2026-10-09T02:28:06.2921704Z [command]/usr/bin/git config --local --name-only --get-regexp ^includeIf\.gitdir:
2026-10-09T02:28:06.2956474Z [command]/usr/bin/git submodule foreach --recursive git config --local --show-origin --name-only --get-regexp remote.origin.url
2026-10-09T02:28:06.3344463Z Cleaning up orphan processes
2026-10-09T02:28:06.3621238Z ##[warning]Node.js 20 is deprecated. The following actions target Node.js 20 but are being forced to run on Node.js 24: actions/checkout@v4, actions/upload-artifact@v4. For more information see: https://github.blog/changelog/2025-09-19-deprecation-of-node-20-on-github-actions-runners/
