   Compiling libc v0.2.183
   Compiling bitflags v2.11.0
   Compiling version_check v0.9.5
   Compiling rusqlite v0.40.1
   Compiling parking_lot_core v0.9.12
   Compiling getrandom v0.4.2
   Compiling parking_lot v0.12.5
   Compiling mio v1.2.0
   Compiling errno v0.3.14
   Compiling signal-hook-registry v1.4.8
   Compiling scheduled-thread-pool v0.2.7
   Compiling rand v0.10.3
   Compiling socket2 v0.6.3
   Compiling tokio v1.50.0
   Compiling uuid v1.23.0
   Compiling r2d2 v0.8.10
   Compiling cc-model v1.0.0 (/workspace/scratch/ebaceea9b709/codecortex-platform/crates/cc-model)
   Compiling generic-array v0.14.7
   Compiling cfg_aliases v0.2.1
   Compiling nix v0.31.2
   Compiling r2d2_sqlite v0.35.0
   Compiling typenum v1.20.1
   Compiling cc-db v1.0.0 (/workspace/scratch/ebaceea9b709/codecortex-platform/crates/cc-db)
   Compiling inotify-sys v0.1.8
   Compiling rmcp v2.2.0
   Compiling rustix v1.1.4
   Compiling dirs-sys v0.4.1
   Compiling inotify v0.11.5
   Compiling cc-parsers v1.0.0 (/workspace/scratch/ebaceea9b709/codecortex-platform/crates/cc-parsers)
   Compiling process-wrap v9.1.0
   Compiling block-buffer v0.10.4
   Compiling crypto-common v0.1.7
   Compiling tokio-util v0.7.18
   Compiling tokio-stream v0.1.18
   Compiling notify-types v2.1.0
   Compiling linux-raw-sys v0.12.1
   Compiling notify v8.2.0
   Compiling digest v0.10.7
   Compiling cc-index v1.0.0 (/workspace/scratch/ebaceea9b709/codecortex-platform/crates/cc-index)
   Compiling cc-search v1.0.0 (/workspace/scratch/ebaceea9b709/codecortex-platform/crates/cc-search)
   Compiling cc-semantic v1.0.0 (/workspace/scratch/ebaceea9b709/codecortex-platform/crates/cc-semantic)
   Compiling dirs v5.0.1
   Compiling fastrand v2.3.0
   Compiling cpufeatures v0.2.17
   Compiling sha2 v0.10.9
   Compiling tempfile v3.27.0
   Compiling cc-server v1.0.0 (/workspace/scratch/ebaceea9b709/codecortex-platform/crates/cc-server)
   Compiling cc-eval v1.0.0 (/workspace/scratch/ebaceea9b709/codecortex-platform/crates/cc-eval)
    Finished `dev` profile [unoptimized] target(s) in 1m 26s
     Running tests/p7_worker_contention.rs (/dev/shm/codecortex-p8-cold-default-ebacee/run-01/linux-1.95-default/target/x86_64-unknown-linux-gnu/debug/deps/p7_worker_contention-0a83e40a40096e9b)
