warning: unused imports: `config_cache::Loader` and `python`
 --> crates/cc-index/src/project_model/python_inventory.rs:3:13
  |
3 | use super::{config_cache::Loader, python};
  |             ^^^^^^^^^^^^^^^^^^^^  ^^^^^^
  |
  = note: `#[warn(unused_imports)]` (part of `#[warn(unused)]`) on by default

warning: function `bound` is never used
  --> crates/cc-index/src/project_model/python_inventory.rs:96:4
   |
96 | fn bound(actual: usize, limit: usize, resource: &'static str) -> Result<()> {
   |    ^^^^^
   |
   = note: `#[warn(dead_code)]` (part of `#[warn(unused)]`) on by default

warning: function `sum` is never used
   --> crates/cc-index/src/project_model/python_inventory.rs:103:4
    |
103 | fn sum(a: usize, b: usize, resource: &'static str) -> Result<usize> {
    |    ^^^

warning: function `supported_document` is never used
   --> crates/cc-index/src/project_model/python_inventory.rs:290:4
    |
290 | fn supported_document(doc: &ConfigDocument) -> Result<()> {
    |    ^^^^^^^^^^^^^^^^^^

warning: struct `OutputMeter` is never constructed
   --> crates/cc-index/src/project_model/python_inventory.rs:331:8
    |
331 | struct OutputMeter {
    |        ^^^^^^^^^^^

warning: `cc-index` (lib) generated 5 warnings (run `cargo fix --lib -p cc-index` to apply 1 suggestion)
   Compiling cc-eval v1.0.0 (/Users/jin/Desktop/codecortex-rust/artifacts/benchmarks/p8-bfccb8494ba0/candidate-oracle/crates/cc-eval)
    Finished `release` profile [optimized] target(s) in 3m 37s
     Running tests/benchmark_oracle_streaming.rs (/Users/jin/Desktop/codecortex-rust/artifacts/benchmarks/p8-bfccb8494ba0/oracle-prototype-target/release/deps/benchmark_oracle_streaming-13bc650328d7ffcc)
