2026-10-09T04:58:58.9320758Z Current runner version: '2.337.0'
2026-10-09T04:58:58.9336548Z ##[group]Runner Image Provisioner
2026-10-09T04:58:58.9337183Z Hosted Compute Agent
2026-10-09T04:58:58.9337559Z Version: 20261002.596
2026-10-09T04:58:58.9337952Z Commit: c3d12f3313a95f25162a1503be624f3b0617f8c0
2026-10-09T04:58:58.9338428Z Build Date: 2026-10-02T22:28:27Z
2026-10-09T04:58:58.9339048Z Worker ID: {9c474ea8-67a0-4264-ac49-f84136d5c6a4}
2026-10-09T04:58:58.9339469Z Region: centralus
2026-10-09T04:58:58.9339896Z Cloud: Azure
2026-10-09T04:58:58.9340260Z ##[endgroup]
2026-10-09T04:58:58.9341045Z ##[group]Operating System
2026-10-09T04:58:58.9341418Z Ubuntu
2026-10-09T04:58:58.9341762Z 24.04.5
2026-10-09T04:58:58.9342130Z LTS
2026-10-09T04:58:58.9342454Z ##[endgroup]
2026-10-09T04:58:58.9342815Z ##[group]Runner Image
2026-10-09T04:58:58.9343199Z Image: ubuntu-24.04
2026-10-09T04:58:58.9343580Z Version: 20261004.327.1
2026-10-09T04:58:58.9344388Z Included Software: https://github.com/actions/runner-images/blob/ubuntu24/20261004.327/images/ubuntu/Ubuntu2404-Readme.md
2026-10-09T04:58:58.9345293Z Image Release: https://github.com/actions/runner-images/releases/tag/ubuntu24%2F20261004.327
2026-10-09T04:58:58.9345876Z ##[endgroup]
2026-10-09T04:58:58.9346656Z ##[group]GITHUB_TOKEN Permissions
2026-10-09T04:58:58.9347800Z Contents: read
2026-10-09T04:58:58.9348175Z Metadata: read
2026-10-09T04:58:58.9348589Z Packages: read
2026-10-09T04:58:58.9349074Z ##[endgroup]
2026-10-09T04:58:58.9350387Z Secret source: Actions
2026-10-09T04:58:58.9350935Z Cache mode: write
2026-10-09T04:58:58.9351407Z Prepare workflow directory
2026-10-09T04:58:59.0520668Z Prepare all required actions
2026-10-09T04:58:59.0567652Z Getting action download info
2026-10-09T04:58:59.2864482Z Download action repository 'actions/checkout@v4' (SHA:11d5960a326750d5838078e36cf38b85af677262)
2026-10-09T04:58:59.7367663Z Download action repository 'dtolnay/rust-toolchain@1.95.0' (SHA:1d64bbcee8ef0c191a54710c227fd268a0d5014b)
2026-10-09T04:59:00.0220714Z Download action repository 'Swatinem/rust-cache@v2' (SHA:6323deb102c322ba6fcbdcafc7e3dddab59af2b6)
2026-10-09T04:59:00.8581340Z Complete job name: msrv
2026-10-09T04:59:00.9347276Z ##[group]Run actions/checkout@v4
2026-10-09T04:59:00.9347562Z with:
2026-10-09T04:59:00.9347722Z   repository: jyqj/codecortex
2026-10-09T04:59:00.9349321Z   token: ***
2026-10-09T04:59:00.9349465Z   ssh-strict: true
2026-10-09T04:59:00.9349607Z   ssh-user: git
2026-10-09T04:59:00.9349758Z   persist-credentials: true
2026-10-09T04:59:00.9349919Z   clean: true
2026-10-09T04:59:00.9350070Z   sparse-checkout-cone-mode: true
2026-10-09T04:59:00.9350243Z   fetch-depth: 1
2026-10-09T04:59:00.9350386Z   fetch-tags: false
2026-10-09T04:59:00.9350533Z   show-progress: true
2026-10-09T04:59:00.9350686Z   lfs: false
2026-10-09T04:59:00.9350829Z   submodules: false
2026-10-09T04:59:00.9350977Z   set-safe-directory: true
2026-10-09T04:59:00.9351142Z   allow-unsafe-pr-checkout: false
2026-10-09T04:59:00.9351380Z env:
2026-10-09T04:59:00.9351519Z   CARGO_TERM_COLOR: always
2026-10-09T04:59:00.9351703Z   RUSTFLAGS: -D warnings
2026-10-09T04:59:00.9351856Z ##[endgroup]
2026-10-09T04:59:00.9978167Z Syncing repository: jyqj/codecortex
2026-10-09T04:59:00.9979157Z ##[group]Getting Git version info
2026-10-09T04:59:00.9979403Z Working directory is '/home/runner/work/codecortex/codecortex'
2026-10-09T04:59:00.9979740Z [command]/usr/bin/git version
2026-10-09T04:59:01.0053018Z git version 2.55.0
2026-10-09T04:59:01.0063679Z ##[endgroup]
2026-10-09T04:59:01.0071869Z Temporarily overriding HOME='/home/runner/work/_temp/605dad05-f919-4066-8817-c76f674ba2c1' before making global git config changes
2026-10-09T04:59:01.0072337Z Adding repository directory to the temporary git global config as a safe directory
2026-10-09T04:59:01.0075431Z [command]/usr/bin/git config --global --add safe.directory /home/runner/work/codecortex/codecortex
2026-10-09T04:59:01.0114967Z Deleting the contents of '/home/runner/work/codecortex/codecortex'
2026-10-09T04:59:01.0117341Z ##[group]Initializing the repository
2026-10-09T04:59:01.0119720Z [command]/usr/bin/git init /home/runner/work/codecortex/codecortex
2026-10-09T04:59:01.0812646Z hint: Using 'master' as the name for the initial branch. This default branch name
2026-10-09T04:59:01.0813243Z hint: will change to "main" in Git 3.0. To configure the initial branch name
2026-10-09T04:59:01.0813551Z hint: to use in all of your new repositories, which will suppress this warning,
2026-10-09T04:59:01.0813834Z hint: call:
2026-10-09T04:59:01.0813985Z hint:
2026-10-09T04:59:01.0814183Z hint: 	git config --global init.defaultBranch <name>
2026-10-09T04:59:01.0814383Z hint:
2026-10-09T04:59:01.0814626Z hint: Names commonly chosen instead of 'master' are 'main', 'trunk' and
2026-10-09T04:59:01.0814967Z hint: 'development'. The just-created branch can be renamed via this command:
2026-10-09T04:59:01.0815238Z hint:
2026-10-09T04:59:01.0815502Z hint: 	git branch -m <name>
2026-10-09T04:59:01.0816042Z hint:
2026-10-09T04:59:01.0816700Z hint: Disable this message with "git config set advice.defaultBranchName false"
2026-10-09T04:59:01.0817474Z Initialized empty Git repository in /home/runner/work/codecortex/codecortex/.git/
2026-10-09T04:59:01.0822877Z [command]/usr/bin/git remote add origin https://github.com/jyqj/codecortex
2026-10-09T04:59:01.1593732Z ##[endgroup]
2026-10-09T04:59:01.1594035Z ##[group]Disabling automatic garbage collection
2026-10-09T04:59:01.1597614Z [command]/usr/bin/git config --local gc.auto 0
2026-10-09T04:59:01.1798853Z ##[endgroup]
2026-10-09T04:59:01.1799262Z ##[group]Setting up auth
2026-10-09T04:59:01.1804056Z [command]/usr/bin/git config --local --name-only --get-regexp core\.sshCommand
2026-10-09T04:59:01.1827560Z [command]/usr/bin/git submodule foreach --recursive sh -c "git config --local --name-only --get-regexp 'core\.sshCommand' && git config --local --unset-all 'core.sshCommand' || :"
2026-10-09T04:59:01.2447436Z [command]/usr/bin/git config --local --name-only --get-regexp http\.https\:\/\/github\.com\/\.extraheader
2026-10-09T04:59:01.2468380Z [command]/usr/bin/git submodule foreach --recursive sh -c "git config --local --name-only --get-regexp 'http\.https\:\/\/github\.com\/\.extraheader' && git config --local --unset-all 'http.https://github.com/.extraheader' || :"
2026-10-09T04:59:01.2625989Z [command]/usr/bin/git config --local --name-only --get-regexp ^includeIf\.gitdir:
2026-10-09T04:59:01.2647308Z [command]/usr/bin/git submodule foreach --recursive git config --local --show-origin --name-only --get-regexp remote.origin.url
2026-10-09T04:59:01.2803837Z [command]/usr/bin/git config --local http.https://github.com/.extraheader AUTHORIZATION: basic ***
2026-10-09T04:59:01.3307119Z ##[endgroup]
2026-10-09T04:59:01.3307551Z ##[group]Fetching the repository
2026-10-09T04:59:01.3313312Z [command]/usr/bin/git -c protocol.version=2 fetch --no-tags --prune --no-recurse-submodules --depth=1 origin +5aacfec719a369d86688987ce8eea96116edeb33:refs/remotes/pull/170/merge
2026-10-09T04:59:20.7346609Z From https://github.com/jyqj/codecortex
2026-10-09T04:59:20.7347172Z  * [new ref]         5aacfec719a369d86688987ce8eea96116edeb33 -> pull/170/merge
2026-10-09T04:59:20.7355270Z ##[endgroup]
2026-10-09T04:59:20.7355695Z ##[group]Determining the checkout info
2026-10-09T04:59:20.7355926Z ##[endgroup]
2026-10-09T04:59:20.7357056Z [command]/usr/bin/git sparse-checkout disable
2026-10-09T04:59:20.7430758Z [command]/usr/bin/git config --local --unset-all extensions.worktreeConfig
2026-10-09T04:59:20.7452667Z ##[group]Checking out the ref
2026-10-09T04:59:20.7455641Z [command]/usr/bin/git checkout --progress --force refs/remotes/pull/170/merge
2026-10-09T04:59:21.7642387Z Updating files:  69% (15704/22497)
2026-10-09T04:59:21.7945800Z Updating files:  70% (15748/22497)
2026-10-09T04:59:21.8164049Z Updating files:  71% (15973/22497)
2026-10-09T04:59:21.8590642Z Updating files:  72% (16198/22497)
2026-10-09T04:59:21.9015446Z Updating files:  73% (16423/22497)
2026-10-09T04:59:22.0886764Z Updating files:  74% (16648/22497)
2026-10-09T04:59:22.1120080Z Updating files:  75% (16873/22497)
2026-10-09T04:59:22.1289322Z Updating files:  76% (17098/22497)
2026-10-09T04:59:22.2290208Z Updating files:  77% (17323/22497)
2026-10-09T04:59:22.2438704Z Updating files:  78% (17548/22497)
2026-10-09T04:59:22.2663001Z Updating files:  79% (17773/22497)
2026-10-09T04:59:22.2817626Z Updating files:  80% (17998/22497)
2026-10-09T04:59:22.2931433Z Updating files:  81% (18223/22497)
2026-10-09T04:59:22.3066789Z Updating files:  82% (18448/22497)
2026-10-09T04:59:22.3715039Z Updating files:  83% (18673/22497)
2026-10-09T04:59:22.4242592Z Updating files:  84% (18898/22497)
2026-10-09T04:59:22.4758275Z Updating files:  85% (19123/22497)
2026-10-09T04:59:22.5822376Z Updating files:  86% (19348/22497)
2026-10-09T04:59:22.6001147Z Updating files:  87% (19573/22497)
2026-10-09T04:59:22.6104956Z Updating files:  88% (19798/22497)
2026-10-09T04:59:22.6172469Z Updating files:  89% (20023/22497)
2026-10-09T04:59:22.6314959Z Updating files:  90% (20248/22497)
2026-10-09T04:59:22.6561191Z Updating files:  91% (20473/22497)
2026-10-09T04:59:22.8832474Z Updating files:  92% (20698/22497)
2026-10-09T04:59:23.1321422Z Updating files:  92% (20755/22497)
2026-10-09T04:59:23.1486301Z Updating files:  93% (20923/22497)
2026-10-09T04:59:23.1604347Z Updating files:  94% (21148/22497)
2026-10-09T04:59:23.1735366Z Updating files:  95% (21373/22497)
2026-10-09T04:59:23.1869503Z Updating files:  96% (21598/22497)
2026-10-09T04:59:23.2021832Z Updating files:  97% (21823/22497)
2026-10-09T04:59:23.2152569Z Updating files:  98% (22048/22497)
2026-10-09T04:59:23.2330954Z Updating files:  99% (22273/22497)
2026-10-09T04:59:23.2331178Z Updating files: 100% (22497/22497)
2026-10-09T04:59:23.2335872Z Updating files: 100% (22497/22497), done.
2026-10-09T04:59:23.2898155Z Note: switching to 'refs/remotes/pull/170/merge'.
2026-10-09T04:59:23.2898316Z 
2026-10-09T04:59:23.2898426Z You are in 'detached HEAD' state. You can look around, make experimental
2026-10-09T04:59:23.2898815Z changes and commit them, and you can discard any commits you make in this
2026-10-09T04:59:23.2899087Z state without impacting any branches by switching back to a branch.
2026-10-09T04:59:23.2899390Z 
2026-10-09T04:59:23.2899490Z If you want to create a new branch to retain commits you create, you may
2026-10-09T04:59:23.2899722Z do so (now or later) by using -c with the switch command. Example:
2026-10-09T04:59:23.2899854Z 
2026-10-09T04:59:23.2899917Z   git switch -c <new-branch-name>
2026-10-09T04:59:23.2900007Z 
2026-10-09T04:59:23.2900065Z Or undo this operation with:
2026-10-09T04:59:23.2900167Z 
2026-10-09T04:59:23.2900214Z   git switch -
2026-10-09T04:59:23.2900280Z 
2026-10-09T04:59:23.2900391Z Turn off this advice by setting config variable advice.detachedHead to false
2026-10-09T04:59:23.2900550Z 
2026-10-09T04:59:23.2900729Z HEAD is now at 5aacfec Merge 26768b5e38ed1784bf77a8c4fe57baf01a19c626 into b21cce4c8661589267ad5719f850accbec088d2f
2026-10-09T04:59:23.3512187Z ##[endgroup]
2026-10-09T04:59:23.3921954Z [command]/usr/bin/git log -1 --format=%H
2026-10-09T04:59:23.3940068Z 5aacfec719a369d86688987ce8eea96116edeb33
2026-10-09T04:59:23.4607413Z ##[group]Run dtolnay/rust-toolchain@1.95.0
2026-10-09T04:59:23.4607577Z with:
2026-10-09T04:59:23.4607678Z env:
2026-10-09T04:59:23.4607786Z   CARGO_TERM_COLOR: always
2026-10-09T04:59:23.4607914Z   RUSTFLAGS: -D warnings
2026-10-09T04:59:23.4608034Z ##[endgroup]
2026-10-09T04:59:23.4645289Z ##[start-action display=Parse toolchain version;id=__dtolnay_rust-toolchain.parse]
2026-10-09T04:59:23.4711630Z ##[group]Run if [[ -z $toolchain ]]; then
2026-10-09T04:59:23.4711840Z [36;1mif [[ -z $toolchain ]]; then[0m
2026-10-09T04:59:23.4712128Z [36;1m  # GitHub does not enforce `required: true` inputs itself. https://github.com/actions/runner/issues/1070[0m
2026-10-09T04:59:23.4712421Z [36;1m  echo "'toolchain' is a required input" >&2[0m
2026-10-09T04:59:23.4712583Z [36;1m  exit 1[0m
2026-10-09T04:59:23.4712764Z [36;1melif [[ $toolchain =~ ^stable' '[0-9]+' '(year|month|week|day)s?' 'ago$ ]]; then[0m
2026-10-09T04:59:23.4713138Z [36;1m  if [[ Linux == macOS ]]; then[0m
2026-10-09T04:59:23.4713450Z [36;1m    echo "toolchain=1.$((($(date -v-$(sed 's/stable \([0-9]*\) \(.\).*/\1\2/' <<< $toolchain) +%s)/60/60/24-16569)/7/6))" >> $GITHUB_OUTPUT[0m
2026-10-09T04:59:23.4713718Z [36;1m  else[0m
2026-10-09T04:59:23.4713931Z [36;1m    echo "toolchain=1.$((($(date --date "${toolchain#stable }" +%s)/60/60/24-16569)/7/6))" >> $GITHUB_OUTPUT[0m
2026-10-09T04:59:23.4714167Z [36;1m  fi[0m
2026-10-09T04:59:23.4714327Z [36;1melif [[ $toolchain =~ ^stable' 'minus' '[0-9]+' 'releases?$ ]]; then[0m
2026-10-09T04:59:23.4714633Z [36;1m  echo "toolchain=1.$((($(date +%s)/60/60/24-16569)/7/6-${toolchain//[^0-9]/}))" >> $GITHUB_OUTPUT[0m
2026-10-09T04:59:23.4714876Z [36;1melif [[ $toolchain =~ ^1\.[0-9]+$ ]]; then[0m
2026-10-09T04:59:23.4715151Z [36;1m  echo "toolchain=1.$((i=${toolchain#1.}, c=($(date +%s)/60/60/24-16569)/7/6, i+9*i*(10*i<=c)+90*i*(100*i<=c)))" >> $GITHUB_OUTPUT[0m
2026-10-09T04:59:23.4715407Z [36;1melse[0m
2026-10-09T04:59:23.4715520Z [36;1m  delimiter=EOF[0m
2026-10-09T04:59:23.4715693Z [36;1m  while [[ $toolchain == *$delimiter* ]]; do delimiter+=_; done[0m
2026-10-09T04:59:23.4715963Z [36;1m  printf 'toolchain<<%s\n%s\n%s\n' "$delimiter" "$toolchain" "$delimiter" >> $GITHUB_OUTPUT[0m
2026-10-09T04:59:23.4716179Z [36;1mfi[0m
2026-10-09T04:59:23.4964553Z shell: /usr/bin/bash --noprofile --norc -e -o pipefail {0}
2026-10-09T04:59:23.4964737Z env:
2026-10-09T04:59:23.4964852Z   CARGO_TERM_COLOR: always
2026-10-09T04:59:23.4964980Z   RUSTFLAGS: -D warnings
2026-10-09T04:59:23.4965100Z   toolchain: 1.95.0
2026-10-09T04:59:23.4965208Z ##[endgroup]
2026-10-09T04:59:23.5125589Z ##[end-action id=__dtolnay_rust-toolchain.parse;outcome=success;conclusion=success;duration_ms=47]
2026-10-09T04:59:23.5128021Z ##[start-action display=Set $CARGO_HOME;id=__dtolnay_rust-toolchain.__run]
2026-10-09T04:59:23.5199109Z ##[group]Run echo CARGO_HOME=${CARGO_HOME:-"$HOME/.cargo"} >> $GITHUB_ENV
2026-10-09T04:59:23.5199375Z [36;1mecho CARGO_HOME=${CARGO_HOME:-"$HOME/.cargo"} >> $GITHUB_ENV[0m
2026-10-09T04:59:23.5241173Z shell: /usr/bin/bash --noprofile --norc -e -o pipefail {0}
2026-10-09T04:59:23.5241348Z env:
2026-10-09T04:59:23.5241454Z   CARGO_TERM_COLOR: always
2026-10-09T04:59:23.5241579Z   RUSTFLAGS: -D warnings
2026-10-09T04:59:23.5241698Z ##[endgroup]
2026-10-09T04:59:23.5303882Z ##[end-action id=__dtolnay_rust-toolchain.__run;outcome=success;conclusion=success;duration_ms=17]
2026-10-09T04:59:23.5305099Z ##[start-action display=Install rustup if needed;id=__dtolnay_rust-toolchain.__run_2]
2026-10-09T04:59:23.5372009Z ##[group]Run if ! command -v rustup &>/dev/null; then
2026-10-09T04:59:23.5372206Z [36;1mif ! command -v rustup &>/dev/null; then[0m
2026-10-09T04:59:23.5372601Z [36;1m  curl --proto '=https' --tlsv1.2 --retry 10 --retry-connrefused --location --silent --show-error --fail https://sh.rustup.rs | sh -s -- --default-toolchain none -y[0m
2026-10-09T04:59:23.5372974Z [36;1m  echo "$CARGO_HOME/bin" >> $GITHUB_PATH[0m
2026-10-09T04:59:23.5373134Z [36;1mfi[0m
2026-10-09T04:59:23.5414269Z shell: /usr/bin/bash --noprofile --norc -e -o pipefail {0}
2026-10-09T04:59:23.5414442Z env:
2026-10-09T04:59:23.5414549Z   CARGO_TERM_COLOR: always
2026-10-09T04:59:23.5414675Z   RUSTFLAGS: -D warnings
2026-10-09T04:59:23.5414805Z   CARGO_HOME: /home/runner/.cargo
2026-10-09T04:59:23.5414934Z ##[endgroup]
2026-10-09T04:59:23.5505876Z ##[end-action id=__dtolnay_rust-toolchain.__run_2;outcome=success;conclusion=success;duration_ms=20]
2026-10-09T04:59:23.5507139Z ##[start-action display=Install rustup if needed on windows;id=__dtolnay_rust-toolchain.__run_3]
2026-10-09T04:59:23.5510942Z ##[end-action id=__dtolnay_rust-toolchain.__run_3;outcome=skipped;conclusion=skipped;duration_ms=0]
2026-10-09T04:59:23.5518375Z ##[start-action display=rustup toolchain install 1.95.0;id=__dtolnay_rust-toolchain.__run_4]
2026-10-09T04:59:23.5594148Z ##[group]Run set -f  # split targets and components on commas and whitespace, without glob expansion
2026-10-09T04:59:23.5594597Z [36;1mset -f  # split targets and components on commas and whitespace, without glob expansion[0m
2026-10-09T04:59:23.5594823Z [36;1mflags=()[0m
2026-10-09T04:59:23.5594973Z [36;1mfor t in ${targets//,/ }; do flags+=(--target "$t"); done[0m
2026-10-09T04:59:23.5595192Z [36;1mfor c in ${components//,/ }; do flags+=(--component "$c"); done[0m
2026-10-09T04:59:23.5595458Z [36;1mif [[ $toolchain == nightly && -n $components ]]; then flags+=(--allow-downgrade); fi[0m
2026-10-09T04:59:23.5595699Z [36;1mlog=$(mktemp)[0m
2026-10-09T04:59:23.5595859Z [36;1mtrap 'rm -f "$log"' EXIT[0m
2026-10-09T04:59:23.5595998Z [36;1mfor attempt in 1 2 3 4 5; do[0m
2026-10-09T04:59:23.5596291Z [36;1m  if rustup toolchain install "$toolchain" "${flags[@]}" --profile minimal --no-self-update --force-non-host 2>&1 | tee "$log"; then[0m
2026-10-09T04:59:23.5596580Z [36;1m    break[0m
2026-10-09T04:59:23.5596689Z [36;1m  else[0m
2026-10-09T04:59:23.5596795Z [36;1m    status=$?[0m
2026-10-09T04:59:23.5596915Z [36;1m  fi[0m
2026-10-09T04:59:23.5597074Z [36;1m  if [[ $attempt == 5 ]] || ! grep -Fq 'checksum failed for ' "$log" \[0m
2026-10-09T04:59:23.5597360Z [36;1m      || ! grep -Fq 'this is likely due to an ongoing update of the official release server' "$log"; then[0m
2026-10-09T04:59:23.5597600Z [36;1m    exit "$status"[0m
2026-10-09T04:59:23.5597720Z [36;1m  fi[0m
2026-10-09T04:59:23.5597907Z [36;1m  echo "Retrying rustup toolchain install in 30 seconds (retry $attempt of 4)" >&2[0m
2026-10-09T04:59:23.5598123Z [36;1m  sleep 30[0m
2026-10-09T04:59:23.5598233Z [36;1mdone[0m
2026-10-09T04:59:23.5638412Z shell: /usr/bin/bash --noprofile --norc -e -o pipefail {0}
2026-10-09T04:59:23.5638582Z env:
2026-10-09T04:59:23.5638820Z   CARGO_TERM_COLOR: always
2026-10-09T04:59:23.5638951Z   RUSTFLAGS: -D warnings
2026-10-09T04:59:23.5639076Z   CARGO_HOME: /home/runner/.cargo
2026-10-09T04:59:23.5639204Z   toolchain: 1.95.0
2026-10-09T04:59:23.5639311Z   targets: 
2026-10-09T04:59:23.5639416Z   components: 
2026-10-09T04:59:23.5639533Z   RUSTUP_PERMIT_COPY_RENAME: 1
2026-10-09T04:59:23.5639662Z ##[endgroup]
2026-10-09T04:59:23.6110183Z info: syncing channel updates for 1.95.0-x86_64-unknown-linux-gnu
2026-10-09T04:59:23.9891656Z info: latest update on 2026-04-16 for version 1.95.0 (59807616e 2026-04-14)
2026-10-09T04:59:23.9892028Z info: downloading 3 components
2026-10-09T04:59:31.2642479Z 
2026-10-09T04:59:31.2701085Z   1.95.0-x86_64-unknown-linux-gnu installed - rustc 1.95.0 (59807616e 2026-04-14)
2026-10-09T04:59:31.2701328Z 
2026-10-09T04:59:31.3865487Z ##[end-action id=__dtolnay_rust-toolchain.__run_4;outcome=success;conclusion=success;duration_ms=7834]
2026-10-09T04:59:31.3871040Z ##[start-action display=rustup default 1.95.0;id=__dtolnay_rust-toolchain.__run_5]
2026-10-09T04:59:31.5053382Z ##[group]Run rustup default "$toolchain" --force-non-host
2026-10-09T04:59:31.5053617Z [36;1mrustup default "$toolchain" --force-non-host[0m
2026-10-09T04:59:31.5101849Z shell: /usr/bin/bash --noprofile --norc -e -o pipefail {0}
2026-10-09T04:59:31.5102163Z env:
2026-10-09T04:59:31.5102275Z   CARGO_TERM_COLOR: always
2026-10-09T04:59:31.5102403Z   RUSTFLAGS: -D warnings
2026-10-09T04:59:31.5102532Z   CARGO_HOME: /home/runner/.cargo
2026-10-09T04:59:31.5102661Z   toolchain: 1.95.0
2026-10-09T04:59:31.5102773Z ##[endgroup]
2026-10-09T04:59:31.5193091Z info: using existing install for 1.95.0-x86_64-unknown-linux-gnu
2026-10-09T04:59:31.5849205Z info: default toolchain set to 1.95.0-x86_64-unknown-linux-gnu
2026-10-09T04:59:31.5849427Z 
2026-10-09T04:59:31.5902314Z   1.95.0-x86_64-unknown-linux-gnu unchanged - rustc 1.95.0 (59807616e 2026-04-14)
2026-10-09T04:59:31.5902595Z 
2026-10-09T04:59:31.5923609Z ##[end-action id=__dtolnay_rust-toolchain.__run_5;outcome=success;conclusion=success;duration_ms=205]
2026-10-09T04:59:31.5926403Z ##[start-action display=Create cachekey;id=__dtolnay_rust-toolchain.rustc-version]
2026-10-09T04:59:31.5950762Z ##[group]Run DATE=$(rustc +"$toolchain" --version --verbose | sed -ne 's/^commit-date: \(20[0-9][0-9]\)-\([01][0-9]\)-\([0-3][0-9]\)$/\1\2\3/p')
2026-10-09T04:59:31.5951595Z [36;1mDATE=$(rustc +"$toolchain" --version --verbose | sed -ne 's/^commit-date: \(20[0-9][0-9]\)-\([01][0-9]\)-\([0-3][0-9]\)$/\1\2\3/p')[0m
2026-10-09T04:59:31.5952126Z [36;1mHASH=$(rustc +"$toolchain" --version --verbose | sed -ne 's/^commit-hash: //p')[0m
2026-10-09T04:59:31.5952531Z [36;1mecho "cachekey=$(echo $DATE$HASH | head -c12)" >> $GITHUB_OUTPUT[0m
2026-10-09T04:59:31.6003800Z shell: /usr/bin/bash --noprofile --norc -e -o pipefail {0}
2026-10-09T04:59:31.6003975Z env:
2026-10-09T04:59:31.6004089Z   CARGO_TERM_COLOR: always
2026-10-09T04:59:31.6004219Z   RUSTFLAGS: -D warnings
2026-10-09T04:59:31.6004347Z   CARGO_HOME: /home/runner/.cargo
2026-10-09T04:59:31.6004477Z   toolchain: 1.95.0
2026-10-09T04:59:31.6004591Z ##[endgroup]
2026-10-09T04:59:31.7359020Z ##[end-action id=__dtolnay_rust-toolchain.rustc-version;outcome=success;conclusion=success;duration_ms=143]
2026-10-09T04:59:31.7361141Z ##[start-action display=Disable incremental compilation;id=__dtolnay_rust-toolchain.__run_6]
2026-10-09T04:59:31.8351339Z ##[group]Run if [ -z "${CARGO_INCREMENTAL+set}" ]; then
2026-10-09T04:59:31.8351662Z [36;1mif [ -z "${CARGO_INCREMENTAL+set}" ]; then[0m
2026-10-09T04:59:31.8351943Z [36;1m  echo CARGO_INCREMENTAL=0 >> $GITHUB_ENV[0m
2026-10-09T04:59:31.8352192Z [36;1mfi[0m
2026-10-09T04:59:31.8402992Z shell: /usr/bin/bash --noprofile --norc -e -o pipefail {0}
2026-10-09T04:59:31.8403258Z env:
2026-10-09T04:59:31.8403421Z   CARGO_TERM_COLOR: always
2026-10-09T04:59:31.8403606Z   RUSTFLAGS: -D warnings
2026-10-09T04:59:31.8403795Z   CARGO_HOME: /home/runner/.cargo
2026-10-09T04:59:31.8403993Z ##[endgroup]
2026-10-09T04:59:31.9682492Z ##[end-action id=__dtolnay_rust-toolchain.__run_6;outcome=success;conclusion=success;duration_ms=232]
2026-10-09T04:59:31.9683779Z ##[start-action display=Enable colors in Cargo output;id=__dtolnay_rust-toolchain.__run_7]
2026-10-09T04:59:32.0952578Z ##[group]Run if [ -z "${CARGO_TERM_COLOR+set}" ]; then
2026-10-09T04:59:32.0952811Z [36;1mif [ -z "${CARGO_TERM_COLOR+set}" ]; then[0m
2026-10-09T04:59:32.0952990Z [36;1m  echo CARGO_TERM_COLOR=always >> $GITHUB_ENV[0m
2026-10-09T04:59:32.0953147Z [36;1mfi[0m
2026-10-09T04:59:32.0994406Z shell: /usr/bin/bash --noprofile --norc -e -o pipefail {0}
2026-10-09T04:59:32.0994583Z env:
2026-10-09T04:59:32.0994695Z   CARGO_TERM_COLOR: always
2026-10-09T04:59:32.0994820Z   RUSTFLAGS: -D warnings
2026-10-09T04:59:32.0994948Z   CARGO_HOME: /home/runner/.cargo
2026-10-09T04:59:32.0995079Z   CARGO_INCREMENTAL: 0
2026-10-09T04:59:32.0995192Z ##[endgroup]
2026-10-09T04:59:32.1973854Z ##[end-action id=__dtolnay_rust-toolchain.__run_7;outcome=success;conclusion=success;duration_ms=228]
2026-10-09T04:59:32.1975837Z ##[start-action display=Enable Cargo sparse registry;id=__dtolnay_rust-toolchain.__run_8]
2026-10-09T04:59:32.2353737Z ##[group]Run # implemented in 1.66, stabilized in 1.68, made default in 1.70
2026-10-09T04:59:32.2354149Z [36;1m# implemented in 1.66, stabilized in 1.68, made default in 1.70[0m
2026-10-09T04:59:32.2354512Z [36;1mif [ -z "${CARGO_REGISTRIES_CRATES_IO_PROTOCOL+set}" -o -f "/home/runner/work/_temp"/.implicit_cargo_registries_crates_io_protocol ]; then[0m
2026-10-09T04:59:32.2354891Z [36;1m  if rustc +"$toolchain" --version --verbose | grep -q '^release: 1\.6[89]\.'; then[0m
2026-10-09T04:59:32.2355197Z [36;1m    touch "/home/runner/work/_temp"/.implicit_cargo_registries_crates_io_protocol || true[0m
2026-10-09T04:59:32.2355476Z [36;1m    echo CARGO_REGISTRIES_CRATES_IO_PROTOCOL=sparse >> $GITHUB_ENV[0m
2026-10-09T04:59:32.2355744Z [36;1m  elif rustc +"$toolchain" --version --verbose | grep -q '^release: 1\.6[67]\.'; then[0m
2026-10-09T04:59:32.2356041Z [36;1m    touch "/home/runner/work/_temp"/.implicit_cargo_registries_crates_io_protocol || true[0m
2026-10-09T04:59:32.2356303Z [36;1m    echo CARGO_REGISTRIES_CRATES_IO_PROTOCOL=git >> $GITHUB_ENV[0m
2026-10-09T04:59:32.2356481Z [36;1m  fi[0m
2026-10-09T04:59:32.2356680Z [36;1mfi[0m
2026-10-09T04:59:32.2398050Z shell: /usr/bin/bash --noprofile --norc -e -o pipefail {0}
2026-10-09T04:59:32.2398219Z env:
2026-10-09T04:59:32.2398328Z   CARGO_TERM_COLOR: always
2026-10-09T04:59:32.2398455Z   RUSTFLAGS: -D warnings
2026-10-09T04:59:32.2398579Z   CARGO_HOME: /home/runner/.cargo
2026-10-09T04:59:32.2398779Z   CARGO_INCREMENTAL: 0
2026-10-09T04:59:32.2398893Z   toolchain: 1.95.0
2026-10-09T04:59:32.2399001Z ##[endgroup]
2026-10-09T04:59:32.2633455Z ##[end-action id=__dtolnay_rust-toolchain.__run_8;outcome=success;conclusion=success;duration_ms=65]
2026-10-09T04:59:32.2636375Z ##[start-action display=Work around spurious network errors in curl 8.0;id=__dtolnay_rust-toolchain.__run_9]
2026-10-09T04:59:32.2658937Z ##[group]Run # https://rust-lang.zulipchat.com/#narrow/stream/246057-t-cargo/topic/timeout.20investigation
2026-10-09T04:59:32.2659429Z [36;1m# https://rust-lang.zulipchat.com/#narrow/stream/246057-t-cargo/topic/timeout.20investigation[0m
2026-10-09T04:59:32.2659783Z [36;1mif rustc +"$toolchain" --version --verbose | grep -q '^release: 1\.7[01]\.'; then[0m
2026-10-09T04:59:32.2660040Z [36;1m  echo CARGO_HTTP_MULTIPLEXING=false >> $GITHUB_ENV[0m
2026-10-09T04:59:32.2660210Z [36;1mfi[0m
2026-10-09T04:59:32.2710314Z shell: /usr/bin/bash --noprofile --norc -e -o pipefail {0}
2026-10-09T04:59:32.2710494Z env:
2026-10-09T04:59:32.2710606Z   CARGO_TERM_COLOR: always
2026-10-09T04:59:32.2710734Z   RUSTFLAGS: -D warnings
2026-10-09T04:59:32.2710867Z   CARGO_HOME: /home/runner/.cargo
2026-10-09T04:59:32.2711006Z   CARGO_INCREMENTAL: 0
2026-10-09T04:59:32.2711122Z   toolchain: 1.95.0
2026-10-09T04:59:32.2711236Z ##[endgroup]
2026-10-09T04:59:32.3071522Z ##[end-action id=__dtolnay_rust-toolchain.__run_9;outcome=success;conclusion=success;duration_ms=43]
2026-10-09T04:59:32.3076041Z ##[start-action display=rustc +1.95.0 --version --verbose;id=__dtolnay_rust-toolchain.__run_10]
2026-10-09T04:59:32.3452067Z ##[group]Run rustc +"$toolchain" --version --verbose
2026-10-09T04:59:32.3452311Z [36;1mrustc +"$toolchain" --version --verbose[0m
2026-10-09T04:59:32.3500807Z shell: /usr/bin/bash --noprofile --norc -e -o pipefail {0}
2026-10-09T04:59:32.3501087Z env:
2026-10-09T04:59:32.3501260Z   CARGO_TERM_COLOR: always
2026-10-09T04:59:32.3501464Z   RUSTFLAGS: -D warnings
2026-10-09T04:59:32.3501674Z   CARGO_HOME: /home/runner/.cargo
2026-10-09T04:59:32.3501894Z   CARGO_INCREMENTAL: 0
2026-10-09T04:59:32.3502051Z   toolchain: 1.95.0
2026-10-09T04:59:32.3502168Z ##[endgroup]
2026-10-09T04:59:32.3646026Z rustc 1.95.0 (59807616e 2026-04-14)
2026-10-09T04:59:32.3646373Z binary: rustc
2026-10-09T04:59:32.3646600Z commit-hash: 59807616e1fa2540724bfbac14d7976d7e4a3860
2026-10-09T04:59:32.3646904Z commit-date: 2026-04-14
2026-10-09T04:59:32.3647112Z host: x86_64-unknown-linux-gnu
2026-10-09T04:59:32.3647371Z release: 1.95.0
2026-10-09T04:59:32.3647548Z LLVM version: 22.1.2
2026-10-09T04:59:32.3658304Z ##[end-action id=__dtolnay_rust-toolchain.__run_10;outcome=success;conclusion=success;duration_ms=58]
2026-10-09T04:59:32.3768382Z ##[group]Run Swatinem/rust-cache@v2
2026-10-09T04:59:32.3768786Z with:
2026-10-09T04:59:32.3769087Z   prefix-key: v0-rust
2026-10-09T04:59:32.3769278Z   add-job-id-key: true
2026-10-09T04:59:32.3769504Z   add-rust-environment-hash-key: true
2026-10-09T04:59:32.3769731Z   cache-targets: true
2026-10-09T04:59:32.3769923Z   cache-all-crates: false
2026-10-09T04:59:32.3770188Z   cache-workspace-crates: false
2026-10-09T04:59:32.3770390Z   save-if: true
2026-10-09T04:59:32.3770563Z   cache-provider: github
2026-10-09T04:59:32.3770794Z   cache-bin: true
2026-10-09T04:59:32.3770974Z   lookup-only: false
2026-10-09T04:59:32.3782238Z   cmd-format: {0}
2026-10-09T04:59:32.3782350Z env:
2026-10-09T04:59:32.3782456Z   CARGO_TERM_COLOR: always
2026-10-09T04:59:32.3782587Z   RUSTFLAGS: -D warnings
2026-10-09T04:59:32.3782715Z   CARGO_HOME: /home/runner/.cargo
2026-10-09T04:59:32.3782851Z   CARGO_INCREMENTAL: 0
2026-10-09T04:59:32.3782984Z ##[endgroup]
2026-10-09T04:59:33.5282924Z ##[group]Cache Configuration
2026-10-09T04:59:33.5283299Z Cache Provider:
2026-10-09T04:59:33.5283481Z     github
2026-10-09T04:59:33.5283681Z Workspaces:
2026-10-09T04:59:33.5283870Z     /home/runner/work/codecortex/codecortex
2026-10-09T04:59:33.5284115Z Cache Paths:
2026-10-09T04:59:33.5284303Z     /home/runner/.cargo/bin
2026-10-09T04:59:33.5309409Z     /home/runner/.cargo/.crates.toml
2026-10-09T04:59:33.5312873Z     /home/runner/.cargo/.crates2.json
2026-10-09T04:59:33.5313158Z     /home/runner/.cargo/registry
2026-10-09T04:59:33.5313561Z     /home/runner/.cargo/git
2026-10-09T04:59:33.5313835Z     /home/runner/work/codecortex/codecortex/target
2026-10-09T04:59:33.5314143Z Restore Key:
2026-10-09T04:59:33.5323851Z     v0-rust-msrv-Linux-x64-5dc78561
2026-10-09T04:59:33.5324288Z Cache Key:
2026-10-09T04:59:33.5324731Z     v0-rust-msrv-Linux-x64-5dc78561-3495a27c
2026-10-09T04:59:33.5324976Z .. Prefix:
2026-10-09T04:59:33.5325150Z   - v0-rust-msrv-Linux-x64
2026-10-09T04:59:33.5325360Z .. Environment considered:
2026-10-09T04:59:33.5325575Z   - Rust Versions:
2026-10-09T04:59:33.5325836Z     - 1.95.0 x86_64-unknown-linux-gnu 59807616e1fa2540724bfbac14d7976d7e4a3860
2026-10-09T04:59:33.5326231Z     - 1.99.0 x86_64-unknown-linux-gnu b940084d7eb6a299eb4bfeb8e34901bc051e7ac4
2026-10-09T04:59:33.5326535Z   - CARGO_HOME
2026-10-09T04:59:33.5326709Z   - CARGO_INCREMENTAL
2026-10-09T04:59:33.5326890Z   - CARGO_TERM_COLOR
2026-10-09T04:59:33.5327064Z   - RUSTFLAGS
2026-10-09T04:59:33.5327225Z .. Lockfiles considered:
2026-10-09T04:59:33.5327453Z   - /home/runner/work/codecortex/codecortex/Cargo.lock
2026-10-09T04:59:33.5327765Z   - /home/runner/work/codecortex/codecortex/crates/cc-db/Cargo.toml
2026-10-09T04:59:33.5328120Z   - /home/runner/work/codecortex/codecortex/crates/cc-eval/Cargo.toml
2026-10-09T04:59:33.5328485Z   - /home/runner/work/codecortex/codecortex/crates/cc-index/Cargo.toml
2026-10-09T04:59:33.5329012Z   - /home/runner/work/codecortex/codecortex/crates/cc-model/Cargo.toml
2026-10-09T04:59:33.5329395Z   - /home/runner/work/codecortex/codecortex/crates/cc-parsers/Cargo.toml
2026-10-09T04:59:33.5329798Z   - /home/runner/work/codecortex/codecortex/crates/cc-search/Cargo.toml
2026-10-09T04:59:33.5330176Z   - /home/runner/work/codecortex/codecortex/crates/cc-semantic/Cargo.toml
2026-10-09T04:59:33.5330551Z   - /home/runner/work/codecortex/codecortex/crates/cc-server/Cargo.toml
2026-10-09T04:59:33.5331134Z ##[endgroup]
2026-10-09T04:59:33.5331236Z 
2026-10-09T04:59:33.5331311Z ... Restoring cache ...
2026-10-09T04:59:33.6873026Z Cache hit for: v0-rust-msrv-Linux-x64-5dc78561-3495a27c
2026-10-09T04:59:34.8050183Z Received 117440512 of 248590139 (47.2%), 112.0 MBs/sec
2026-10-09T04:59:35.5039922Z Received 248590139 of 248590139 (100.0%), 139.5 MBs/sec
2026-10-09T04:59:35.5040679Z Cache Size: ~237 MB (248590139 B)
2026-10-09T04:59:35.5115698Z [command]/usr/bin/tar -xf /home/runner/work/_temp/671218b1-1094-49d4-a0a6-d6d90e46a27d/cache.tzst -P -C /home/runner/work/codecortex/codecortex --use-compress-program unzstd
2026-10-09T04:59:36.4540637Z Cache restored successfully
2026-10-09T04:59:36.4637566Z Restored from cache key "v0-rust-msrv-Linux-x64-5dc78561-3495a27c" full match: true.
2026-10-09T04:59:36.4990882Z ##[group]Run cargo check --workspace --all-targets --locked
2026-10-09T04:59:36.4991273Z [36;1mcargo check --workspace --all-targets --locked[0m
2026-10-09T04:59:36.5046803Z shell: /usr/bin/bash -e {0}
2026-10-09T04:59:36.5046950Z env:
2026-10-09T04:59:36.5047233Z   CARGO_TERM_COLOR: always
2026-10-09T04:59:36.5047475Z   RUSTFLAGS: -D warnings
2026-10-09T04:59:36.5047641Z   CARGO_HOME: /home/runner/.cargo
2026-10-09T04:59:36.5047782Z   CARGO_INCREMENTAL: 0
2026-10-09T04:59:36.5047908Z   CACHE_ON_FAILURE: false
2026-10-09T04:59:36.5048039Z ##[endgroup]
2026-10-09T04:59:36.9592284Z [1m[92m    Updating[0m crates.io index
2026-10-09T04:59:37.7851626Z [1m[92m    Checking[0m cc-model v1.0.0 (/home/runner/work/codecortex/codecortex/crates/cc-model)
2026-10-09T04:59:39.9187052Z [1m[92m    Checking[0m cc-db v1.0.0 (/home/runner/work/codecortex/codecortex/crates/cc-db)
2026-10-09T04:59:39.9188358Z [1m[92m    Checking[0m cc-parsers v1.0.0 (/home/runner/work/codecortex/codecortex/crates/cc-parsers)
2026-10-09T04:59:41.6987361Z [1m[92m    Checking[0m cc-index v1.0.0 (/home/runner/work/codecortex/codecortex/crates/cc-index)
2026-10-09T04:59:41.6988419Z [1m[92m    Checking[0m cc-search v1.0.0 (/home/runner/work/codecortex/codecortex/crates/cc-search)
2026-10-09T04:59:41.6989541Z [1m[92m    Checking[0m cc-semantic v1.0.0 (/home/runner/work/codecortex/codecortex/crates/cc-semantic)
2026-10-09T04:59:43.6740683Z [1m[92m    Checking[0m cc-server v1.0.0 (/home/runner/work/codecortex/codecortex/crates/cc-server)
2026-10-09T04:59:45.5320321Z [1m[92m    Checking[0m cc-eval v1.0.0 (/home/runner/work/codecortex/codecortex/crates/cc-eval)
2026-10-09T04:59:50.9034471Z [1m[92m    Finished[0m `dev` profile [unoptimized + debuginfo] target(s) in 14.37s
2026-10-09T04:59:51.0953679Z ##[group]Run cargo check -p cc-eval --all-targets --features eval-http --locked
2026-10-09T04:59:51.0954046Z [36;1mcargo check -p cc-eval --all-targets --features eval-http --locked[0m
2026-10-09T04:59:51.1005208Z shell: /usr/bin/bash -e {0}
2026-10-09T04:59:51.1005351Z env:
2026-10-09T04:59:51.1005466Z   CARGO_TERM_COLOR: always
2026-10-09T04:59:51.1005599Z   RUSTFLAGS: -D warnings
2026-10-09T04:59:51.1005737Z   CARGO_HOME: /home/runner/.cargo
2026-10-09T04:59:51.1005883Z   CARGO_INCREMENTAL: 0
2026-10-09T04:59:51.1006008Z   CACHE_ON_FAILURE: false
2026-10-09T04:59:51.1006135Z ##[endgroup]
2026-10-09T04:59:51.8532983Z [1m[92m    Checking[0m cc-db v1.0.0 (/home/runner/work/codecortex/codecortex/crates/cc-db)
2026-10-09T04:59:52.8333665Z [1m[92m    Checking[0m cc-index v1.0.0 (/home/runner/work/codecortex/codecortex/crates/cc-index)
2026-10-09T04:59:54.0161475Z [1m[92m    Checking[0m cc-search v1.0.0 (/home/runner/work/codecortex/codecortex/crates/cc-search)
2026-10-09T04:59:54.0162351Z [1m[92m    Checking[0m cc-server v1.0.0 (/home/runner/work/codecortex/codecortex/crates/cc-server)
2026-10-09T04:59:55.1334053Z [1m[92m    Checking[0m cc-eval v1.0.0 (/home/runner/work/codecortex/codecortex/crates/cc-eval)
2026-10-09T04:59:59.3482875Z [1m[92m    Finished[0m `dev` profile [unoptimized + debuginfo] target(s) in 8.12s
2026-10-09T04:59:59.4037641Z Post job cleanup.
2026-10-09T04:59:59.4869016Z Cache up-to-date.
2026-10-09T04:59:59.4976880Z Post job cleanup.
2026-10-09T04:59:59.5502704Z [command]/usr/bin/git version
2026-10-09T04:59:59.5529474Z git version 2.55.0
2026-10-09T04:59:59.5550004Z Temporarily overriding HOME='/home/runner/work/_temp/3d13fabf-d0b7-4b7d-b1e6-cc63cc5bbb57' before making global git config changes
2026-10-09T04:59:59.5550592Z Adding repository directory to the temporary git global config as a safe directory
2026-10-09T04:59:59.5553034Z [command]/usr/bin/git config --global --add safe.directory /home/runner/work/codecortex/codecortex
2026-10-09T04:59:59.5580517Z [command]/usr/bin/git config --local --name-only --get-regexp core\.sshCommand
2026-10-09T04:59:59.5604264Z [command]/usr/bin/git submodule foreach --recursive sh -c "git config --local --name-only --get-regexp 'core\.sshCommand' && git config --local --unset-all 'core.sshCommand' || :"
2026-10-09T04:59:59.5790821Z [command]/usr/bin/git config --local --name-only --get-regexp http\.https\:\/\/github\.com\/\.extraheader
2026-10-09T04:59:59.5811041Z http.https://github.com/.extraheader
2026-10-09T04:59:59.5819144Z [command]/usr/bin/git config --local --unset-all http.https://github.com/.extraheader
2026-10-09T04:59:59.5844057Z [command]/usr/bin/git submodule foreach --recursive sh -c "git config --local --name-only --get-regexp 'http\.https\:\/\/github\.com\/\.extraheader' && git config --local --unset-all 'http.https://github.com/.extraheader' || :"
2026-10-09T04:59:59.6028089Z [command]/usr/bin/git config --local --name-only --get-regexp ^includeIf\.gitdir:
2026-10-09T04:59:59.6054054Z [command]/usr/bin/git submodule foreach --recursive git config --local --show-origin --name-only --get-regexp remote.origin.url
2026-10-09T04:59:59.6378100Z Cleaning up orphan processes
2026-10-09T04:59:59.6569072Z ##[warning]Node.js 20 is deprecated. The following actions target Node.js 20 but are being forced to run on Node.js 24: actions/checkout@v4. For more information see: https://github.blog/changelog/2025-09-19-deprecation-of-node-20-on-github-actions-runners/
