2026-10-09T06:14:16.1856089Z Current runner version: '2.337.0'
2026-10-09T06:14:16.1881621Z ##[group]Runner Image Provisioner
2026-10-09T06:14:16.1882574Z Hosted Compute Agent
2026-10-09T06:14:16.1883183Z Version: 20261002.596
2026-10-09T06:14:16.1883962Z Commit: c3d12f3313a95f25162a1503be624f3b0617f8c0
2026-10-09T06:14:16.1884703Z Build Date: 2026-10-02T22:28:27Z
2026-10-09T06:14:16.1885403Z Worker ID: {9981f550-ecbb-40e4-818b-8e4ba3117a41}
2026-10-09T06:14:16.1886199Z Region: northcentralus
2026-10-09T06:14:16.1886789Z Cloud: Azure
2026-10-09T06:14:16.1887391Z ##[endgroup]
2026-10-09T06:14:16.1889171Z ##[group]Operating System
2026-10-09T06:14:16.1890012Z Ubuntu
2026-10-09T06:14:16.1890633Z 24.04.5
2026-10-09T06:14:16.1891162Z LTS
2026-10-09T06:14:16.1891787Z ##[endgroup]
2026-10-09T06:14:16.1892358Z ##[group]Runner Image
2026-10-09T06:14:16.1892958Z Image: ubuntu-24.04
2026-10-09T06:14:16.1893567Z Version: 20261004.327.1
2026-10-09T06:14:16.1894869Z Included Software: https://github.com/actions/runner-images/blob/ubuntu24/20261004.327/images/ubuntu/Ubuntu2404-Readme.md
2026-10-09T06:14:16.1896525Z Image Release: https://github.com/actions/runner-images/releases/tag/ubuntu24%2F20261004.327
2026-10-09T06:14:16.1897503Z ##[endgroup]
2026-10-09T06:14:16.1898655Z ##[group]GITHUB_TOKEN Permissions
2026-10-09T06:14:16.1901012Z Contents: read
2026-10-09T06:14:16.1901720Z Metadata: read
2026-10-09T06:14:16.1902295Z ##[endgroup]
2026-10-09T06:14:16.1904379Z Secret source: Actions
2026-10-09T06:14:16.1905478Z Cache mode: write
2026-10-09T06:14:16.1906206Z Prepare workflow directory
2026-10-09T06:14:16.2325877Z Prepare all required actions
2026-10-09T06:14:16.2376875Z Getting action download info
2026-10-09T06:14:16.5111889Z Download action repository 'actions/checkout@v4' (SHA:11d5960a326750d5838078e36cf38b85af677262)
2026-10-09T06:14:16.6151583Z Download action repository 'actions/download-artifact@v4' (SHA:d3f86a106a0bac45b974a628896c90dbdf5c8093)
2026-10-09T06:14:17.0054768Z Download action repository 'actions/upload-artifact@v4' (SHA:ea165f8d65b6e75b540449e92b4886f43607fa02)
2026-10-09T06:14:17.2147944Z Complete job name: aggregate
2026-10-09T06:14:17.2998076Z ##[group]Run actions/checkout@v4
2026-10-09T06:14:17.2999077Z with:
2026-10-09T06:14:17.2999858Z   ref: a23bb72d3c954f385b99fe81ce9189885c208557
2026-10-09T06:14:17.3000567Z   sparse-checkout-cone-mode: false
2026-10-09T06:14:17.3001200Z   sparse-checkout: /*
!/artifacts/

2026-10-09T06:14:17.3001818Z   repository: jyqj/codecortex
2026-10-09T06:14:17.3006062Z   token: ***
2026-10-09T06:14:17.3006563Z   ssh-strict: true
2026-10-09T06:14:17.3007071Z   ssh-user: git
2026-10-09T06:14:17.3007584Z   persist-credentials: true
2026-10-09T06:14:17.3008140Z   clean: true
2026-10-09T06:14:17.3008632Z   fetch-depth: 1
2026-10-09T06:14:17.3009135Z   fetch-tags: false
2026-10-09T06:14:17.3009785Z   show-progress: true
2026-10-09T06:14:17.3010297Z   lfs: false
2026-10-09T06:14:17.3010765Z   submodules: false
2026-10-09T06:14:17.3011286Z   set-safe-directory: true
2026-10-09T06:14:17.3011868Z   allow-unsafe-pr-checkout: false
2026-10-09T06:14:17.3012772Z env:
2026-10-09T06:14:17.3013304Z   CARGO_TERM_COLOR: never
2026-10-09T06:14:17.3013858Z   CARGO_INCREMENTAL: 0
2026-10-09T06:14:17.3014380Z   CARGO_BUILD_JOBS: 2
2026-10-09T06:14:17.3014877Z   RUSTFLAGS: 
2026-10-09T06:14:17.3015374Z ##[endgroup]
2026-10-09T06:14:17.4046833Z Syncing repository: jyqj/codecortex
2026-10-09T06:14:17.4048896Z ##[group]Getting Git version info
2026-10-09T06:14:17.4050360Z Working directory is '/home/runner/work/codecortex/codecortex'
2026-10-09T06:14:17.4051583Z [command]/usr/bin/git version
2026-10-09T06:14:17.4137399Z git version 2.55.0
2026-10-09T06:14:17.4159816Z ##[endgroup]
2026-10-09T06:14:17.4174581Z Temporarily overriding HOME='/home/runner/work/_temp/7ca70cc2-6fde-43d6-9251-6d5a673b426b' before making global git config changes
2026-10-09T06:14:17.4177188Z Adding repository directory to the temporary git global config as a safe directory
2026-10-09T06:14:17.4181279Z [command]/usr/bin/git config --global --add safe.directory /home/runner/work/codecortex/codecortex
2026-10-09T06:14:17.4252046Z Deleting the contents of '/home/runner/work/codecortex/codecortex'
2026-10-09T06:14:17.4256288Z ##[group]Initializing the repository
2026-10-09T06:14:17.4260381Z [command]/usr/bin/git init /home/runner/work/codecortex/codecortex
2026-10-09T06:14:17.4389296Z hint: Using 'master' as the name for the initial branch. This default branch name
2026-10-09T06:14:17.4391200Z hint: will change to "main" in Git 3.0. To configure the initial branch name
2026-10-09T06:14:17.4392617Z hint: to use in all of your new repositories, which will suppress this warning,
2026-10-09T06:14:17.4394569Z hint: call:
2026-10-09T06:14:17.4395266Z hint:
2026-10-09T06:14:17.4396628Z hint: 	git config --global init.defaultBranch <name>
2026-10-09T06:14:17.4398434Z hint:
2026-10-09T06:14:17.4400293Z hint: Names commonly chosen instead of 'master' are 'main', 'trunk' and
2026-10-09T06:14:17.4402578Z hint: 'development'. The just-created branch can be renamed via this command:
2026-10-09T06:14:17.4404537Z hint:
2026-10-09T06:14:17.4405530Z hint: 	git branch -m <name>
2026-10-09T06:14:17.4406723Z hint:
2026-10-09T06:14:17.4408230Z hint: Disable this message with "git config set advice.defaultBranchName false"
2026-10-09T06:14:17.4410854Z Initialized empty Git repository in /home/runner/work/codecortex/codecortex/.git/
2026-10-09T06:14:17.4413986Z [command]/usr/bin/git remote add origin https://github.com/jyqj/codecortex
2026-10-09T06:14:17.4459877Z ##[endgroup]
2026-10-09T06:14:17.4461461Z ##[group]Disabling automatic garbage collection
2026-10-09T06:14:17.4465215Z [command]/usr/bin/git config --local gc.auto 0
2026-10-09T06:14:17.4496388Z ##[endgroup]
2026-10-09T06:14:17.4498129Z ##[group]Setting up auth
2026-10-09T06:14:17.4504050Z [command]/usr/bin/git config --local --name-only --get-regexp core\.sshCommand
2026-10-09T06:14:17.4535683Z [command]/usr/bin/git submodule foreach --recursive sh -c "git config --local --name-only --get-regexp 'core\.sshCommand' && git config --local --unset-all 'core.sshCommand' || :"
2026-10-09T06:14:17.4905565Z [command]/usr/bin/git config --local --name-only --get-regexp http\.https\:\/\/github\.com\/\.extraheader
2026-10-09T06:14:17.4940771Z [command]/usr/bin/git submodule foreach --recursive sh -c "git config --local --name-only --get-regexp 'http\.https\:\/\/github\.com\/\.extraheader' && git config --local --unset-all 'http.https://github.com/.extraheader' || :"
2026-10-09T06:14:17.5163325Z [command]/usr/bin/git config --local --name-only --get-regexp ^includeIf\.gitdir:
2026-10-09T06:14:17.5194617Z [command]/usr/bin/git submodule foreach --recursive git config --local --show-origin --name-only --get-regexp remote.origin.url
2026-10-09T06:14:17.5411735Z [command]/usr/bin/git config --local http.https://github.com/.extraheader AUTHORIZATION: basic ***
2026-10-09T06:14:17.5446822Z ##[endgroup]
2026-10-09T06:14:17.5455765Z ##[group]Fetching the repository
2026-10-09T06:14:17.5457413Z [command]/usr/bin/git -c protocol.version=2 fetch --no-tags --prune --no-recurse-submodules --filter=blob:none --depth=1 origin a23bb72d3c954f385b99fe81ce9189885c208557
2026-10-09T06:14:18.0029352Z From https://github.com/jyqj/codecortex
2026-10-09T06:14:18.0031081Z  * branch            a23bb72d3c954f385b99fe81ce9189885c208557 -> FETCH_HEAD
2026-10-09T06:14:18.0034801Z ##[endgroup]
2026-10-09T06:14:18.0036394Z ##[group]Determining the checkout info
2026-10-09T06:14:18.0038281Z ##[endgroup]
2026-10-09T06:14:18.0039967Z ##[group]Setting up sparse checkout
2026-10-09T06:14:18.0043180Z [command]/usr/bin/git config core.sparseCheckout true
2026-10-09T06:14:18.0078713Z [command]/usr/bin/git rev-parse --git-path info/sparse-checkout
2026-10-09T06:14:18.0108627Z .git/info/sparse-checkout
2026-10-09T06:14:18.0117138Z ##[endgroup]
2026-10-09T06:14:18.0118533Z ##[group]Checking out the ref
2026-10-09T06:14:18.0128148Z [command]/usr/bin/git checkout --progress --force a23bb72d3c954f385b99fe81ce9189885c208557
2026-10-09T06:14:19.8859785Z Updating files:   0% (1/1650)
2026-10-09T06:14:19.8883385Z Updating files:   1% (17/1650)
2026-10-09T06:14:19.8904625Z Updating files:   2% (33/1650)
2026-10-09T06:14:19.8921380Z Updating files:   3% (50/1650)
2026-10-09T06:14:19.8935745Z Updating files:   4% (66/1650)
2026-10-09T06:14:19.8946241Z Updating files:   5% (83/1650)
2026-10-09T06:14:19.8961625Z Updating files:   6% (99/1650)
2026-10-09T06:14:19.8996203Z Updating files:   7% (116/1650)
2026-10-09T06:14:19.9054922Z Updating files:   8% (132/1650)
2026-10-09T06:14:19.9080019Z Updating files:   9% (149/1650)
2026-10-09T06:14:19.9098286Z Updating files:  10% (165/1650)
2026-10-09T06:14:19.9107928Z Updating files:  11% (182/1650)
2026-10-09T06:14:19.9118821Z Updating files:  12% (198/1650)
2026-10-09T06:14:19.9130801Z Updating files:  13% (215/1650)
2026-10-09T06:14:19.9145632Z Updating files:  14% (231/1650)
2026-10-09T06:14:19.9165240Z Updating files:  15% (248/1650)
2026-10-09T06:14:19.9179361Z Updating files:  16% (264/1650)
2026-10-09T06:14:19.9193422Z Updating files:  17% (281/1650)
2026-10-09T06:14:19.9219608Z Updating files:  18% (297/1650)
2026-10-09T06:14:19.9244043Z Updating files:  19% (314/1650)
2026-10-09T06:14:19.9269753Z Updating files:  20% (330/1650)
2026-10-09T06:14:19.9286267Z Updating files:  21% (347/1650)
2026-10-09T06:14:19.9303990Z Updating files:  22% (363/1650)
2026-10-09T06:14:19.9324204Z Updating files:  23% (380/1650)
2026-10-09T06:14:19.9343725Z Updating files:  24% (396/1650)
2026-10-09T06:14:19.9351004Z Updating files:  25% (413/1650)
2026-10-09T06:14:19.9357421Z Updating files:  26% (429/1650)
2026-10-09T06:14:19.9363905Z Updating files:  27% (446/1650)
2026-10-09T06:14:19.9370989Z Updating files:  28% (462/1650)
2026-10-09T06:14:19.9377735Z Updating files:  29% (479/1650)
2026-10-09T06:14:19.9386545Z Updating files:  30% (495/1650)
2026-10-09T06:14:19.9396339Z Updating files:  31% (512/1650)
2026-10-09T06:14:19.9404113Z Updating files:  32% (528/1650)
2026-10-09T06:14:19.9418836Z Updating files:  33% (545/1650)
2026-10-09T06:14:19.9433636Z Updating files:  34% (561/1650)
2026-10-09T06:14:19.9447291Z Updating files:  35% (578/1650)
2026-10-09T06:14:19.9462842Z Updating files:  36% (594/1650)
2026-10-09T06:14:19.9475806Z Updating files:  37% (611/1650)
2026-10-09T06:14:19.9487223Z Updating files:  38% (627/1650)
2026-10-09T06:14:19.9499946Z Updating files:  39% (644/1650)
2026-10-09T06:14:19.9515173Z Updating files:  40% (660/1650)
2026-10-09T06:14:19.9532679Z Updating files:  41% (677/1650)
2026-10-09T06:14:19.9545959Z Updating files:  42% (693/1650)
2026-10-09T06:14:19.9560460Z Updating files:  43% (710/1650)
2026-10-09T06:14:19.9582176Z Updating files:  44% (726/1650)
2026-10-09T06:14:19.9595074Z Updating files:  45% (743/1650)
2026-10-09T06:14:19.9612652Z Updating files:  46% (759/1650)
2026-10-09T06:14:19.9626754Z Updating files:  47% (776/1650)
2026-10-09T06:14:19.9639572Z Updating files:  48% (792/1650)
2026-10-09T06:14:19.9653153Z Updating files:  49% (809/1650)
2026-10-09T06:14:19.9665344Z Updating files:  50% (825/1650)
2026-10-09T06:14:19.9675700Z Updating files:  51% (842/1650)
2026-10-09T06:14:19.9689282Z Updating files:  52% (858/1650)
2026-10-09T06:14:19.9705972Z Updating files:  53% (875/1650)
2026-10-09T06:14:19.9724877Z Updating files:  54% (891/1650)
2026-10-09T06:14:19.9735636Z Updating files:  55% (908/1650)
2026-10-09T06:14:19.9758940Z Updating files:  56% (924/1650)
2026-10-09T06:14:19.9773780Z Updating files:  57% (941/1650)
2026-10-09T06:14:19.9794046Z Updating files:  58% (957/1650)
2026-10-09T06:14:19.9814626Z Updating files:  59% (974/1650)
2026-10-09T06:14:19.9834093Z Updating files:  60% (990/1650)
2026-10-09T06:14:19.9854582Z Updating files:  61% (1007/1650)
2026-10-09T06:14:19.9872768Z Updating files:  62% (1023/1650)
2026-10-09T06:14:19.9884156Z Updating files:  63% (1040/1650)
2026-10-09T06:14:19.9906384Z Updating files:  64% (1056/1650)
2026-10-09T06:14:19.9922200Z Updating files:  65% (1073/1650)
2026-10-09T06:14:19.9939212Z Updating files:  66% (1089/1650)
2026-10-09T06:14:19.9952800Z Updating files:  67% (1106/1650)
2026-10-09T06:14:19.9965834Z Updating files:  68% (1122/1650)
2026-10-09T06:14:19.9984153Z Updating files:  69% (1139/1650)
2026-10-09T06:14:19.9999251Z Updating files:  70% (1155/1650)
2026-10-09T06:14:20.0006776Z Updating files:  71% (1172/1650)
2026-10-09T06:14:20.0030767Z Updating files:  72% (1188/1650)
2026-10-09T06:14:20.0046166Z Updating files:  73% (1205/1650)
2026-10-09T06:14:20.0062596Z Updating files:  74% (1221/1650)
2026-10-09T06:14:20.0076771Z Updating files:  75% (1238/1650)
2026-10-09T06:14:20.0087144Z Updating files:  76% (1254/1650)
2026-10-09T06:14:20.0095536Z Updating files:  77% (1271/1650)
2026-10-09T06:14:20.0107442Z Updating files:  78% (1287/1650)
2026-10-09T06:14:20.0119366Z Updating files:  79% (1304/1650)
2026-10-09T06:14:20.0151522Z Updating files:  80% (1320/1650)
2026-10-09T06:14:20.0160122Z Updating files:  81% (1337/1650)
2026-10-09T06:14:20.0172116Z Updating files:  82% (1353/1650)
2026-10-09T06:14:20.0184855Z Updating files:  83% (1370/1650)
2026-10-09T06:14:20.0195001Z Updating files:  84% (1386/1650)
2026-10-09T06:14:20.0206876Z Updating files:  85% (1403/1650)
2026-10-09T06:14:20.0239654Z Updating files:  86% (1419/1650)
2026-10-09T06:14:20.0250394Z Updating files:  87% (1436/1650)
2026-10-09T06:14:20.0261918Z Updating files:  88% (1452/1650)
2026-10-09T06:14:20.0274724Z Updating files:  89% (1469/1650)
2026-10-09T06:14:20.0290738Z Updating files:  90% (1485/1650)
2026-10-09T06:14:20.0332753Z Updating files:  91% (1502/1650)
2026-10-09T06:14:20.0351057Z Updating files:  92% (1518/1650)
2026-10-09T06:14:20.0372916Z Updating files:  93% (1535/1650)
2026-10-09T06:14:20.0385769Z Updating files:  94% (1551/1650)
2026-10-09T06:14:20.0403364Z Updating files:  95% (1568/1650)
2026-10-09T06:14:20.0418072Z Updating files:  96% (1584/1650)
2026-10-09T06:14:20.0432254Z Updating files:  97% (1601/1650)
2026-10-09T06:14:20.0446755Z Updating files:  98% (1617/1650)
2026-10-09T06:14:20.0457504Z Updating files:  99% (1634/1650)
2026-10-09T06:14:20.0458219Z Updating files: 100% (1650/1650)
2026-10-09T06:14:20.0458807Z Updating files: 100% (1650/1650), done.
2026-10-09T06:14:20.0704966Z Note: switching to 'a23bb72d3c954f385b99fe81ce9189885c208557'.
2026-10-09T06:14:20.0705556Z 
2026-10-09T06:14:20.0705828Z You are in 'detached HEAD' state. You can look around, make experimental
2026-10-09T06:14:20.0706560Z changes and commit them, and you can discard any commits you make in this
2026-10-09T06:14:20.0707461Z state without impacting any branches by switching back to a branch.
2026-10-09T06:14:20.0708012Z 
2026-10-09T06:14:20.0708391Z If you want to create a new branch to retain commits you create, you may
2026-10-09T06:14:20.0709160Z do so (now or later) by using -c with the switch command. Example:
2026-10-09T06:14:20.0709459Z 
2026-10-09T06:14:20.0709857Z   git switch -c <new-branch-name>
2026-10-09T06:14:20.0710090Z 
2026-10-09T06:14:20.0710230Z Or undo this operation with:
2026-10-09T06:14:20.0710425Z 
2026-10-09T06:14:20.0710544Z   git switch -
2026-10-09T06:14:20.0710698Z 
2026-10-09T06:14:20.0710958Z Turn off this advice by setting config variable advice.detachedHead to false
2026-10-09T06:14:20.0711331Z 
2026-10-09T06:14:20.0711634Z HEAD is now at a23bb72 test(p8): bind combined source admission for original full execution
2026-10-09T06:14:20.0733801Z ##[endgroup]
2026-10-09T06:14:20.0777860Z [command]/usr/bin/git log -1 --format=%H
2026-10-09T06:14:20.0802853Z a23bb72d3c954f385b99fe81ce9189885c208557
2026-10-09T06:14:20.1073056Z ##[group]Run actions/download-artifact@v4
2026-10-09T06:14:20.1073528Z with:
2026-10-09T06:14:20.1073798Z   name: p8-scale-build-37872522779
2026-10-09T06:14:20.1074162Z   path: /home/runner/work/_temp/p8-scale-build
2026-10-09T06:14:20.1074517Z   merge-multiple: false
2026-10-09T06:14:20.1074804Z   repository: jyqj/codecortex
2026-10-09T06:14:20.1075093Z   run-id: 37872522779
2026-10-09T06:14:20.1075343Z env:
2026-10-09T06:14:20.1075581Z   CARGO_TERM_COLOR: never
2026-10-09T06:14:20.1075863Z   CARGO_INCREMENTAL: 0
2026-10-09T06:14:20.1076137Z   CARGO_BUILD_JOBS: 2
2026-10-09T06:14:20.1076393Z   RUSTFLAGS: 
2026-10-09T06:14:20.1076834Z ##[endgroup]
2026-10-09T06:14:20.2570516Z Downloading single artifact
2026-10-09T06:14:20.2751869Z (node:2298) [DEP0040] DeprecationWarning: The `punycode` module is deprecated. Please use a userland alternative instead.
2026-10-09T06:14:20.2753051Z (Use `node --trace-deprecation ...` to show where the warning was created)
2026-10-09T06:14:20.3964421Z Preparing to download the following artifacts:
2026-10-09T06:14:20.3965661Z - p8-scale-build-37872522779 (ID: 11591482043, Size: 9214568, Expected Digest: sha256:d84d66e9048aa2849d037af9df06fcc34423ca7a4e7937f3e79e4d77b441afed)
2026-10-09T06:14:20.5573757Z Redirecting to blob download url: https://productionresultssa2.blob.core.windows.net/actions-results/e0b39521-4842-8e3d-bf84-86a7898495b1/workflow-job-run-48c7893a-7b9b-51db-a4ca-ccba0c627724/artifacts/eb1849271af9601d123e9cca40b982b306566e86bb7ee39aaad6340db81a4d1f.zip
2026-10-09T06:14:20.5575728Z Starting download of artifact to: /home/runner/work/_temp/p8-scale-build
2026-10-09T06:14:20.7044505Z (node:2298) [DEP0005] DeprecationWarning: Buffer() is deprecated due to security and usability issues. Please use the Buffer.alloc(), Buffer.allocUnsafe(), or Buffer.from() methods instead.
2026-10-09T06:14:21.1389978Z SHA256 digest of downloaded artifact is d84d66e9048aa2849d037af9df06fcc34423ca7a4e7937f3e79e4d77b441afed
2026-10-09T06:14:21.1391055Z Artifact download completed successfully.
2026-10-09T06:14:21.1391608Z Total of 1 artifact(s) downloaded
2026-10-09T06:14:21.1396403Z Download artifact has finished successfully
2026-10-09T06:14:21.1576501Z ##[group]Run actions/download-artifact@v4
2026-10-09T06:14:21.1576824Z with:
2026-10-09T06:14:21.1577061Z   pattern: p8-scale-shard-*-37872522779
2026-10-09T06:14:21.1577397Z   path: /home/runner/work/_temp/p8-scale-shards
2026-10-09T06:14:21.1577733Z   merge-multiple: false
2026-10-09T06:14:21.1577985Z   repository: jyqj/codecortex
2026-10-09T06:14:21.1578237Z   run-id: 37872522779
2026-10-09T06:14:21.1578457Z env:
2026-10-09T06:14:21.1578692Z   CARGO_TERM_COLOR: never
2026-10-09T06:14:21.1578938Z   CARGO_INCREMENTAL: 0
2026-10-09T06:14:21.1579167Z   CARGO_BUILD_JOBS: 2
2026-10-09T06:14:21.1579388Z   RUSTFLAGS: 
2026-10-09T06:14:21.1579927Z ##[endgroup]
2026-10-09T06:14:21.3254675Z (node:2311) [DEP0040] DeprecationWarning: The `punycode` module is deprecated. Please use a userland alternative instead.
2026-10-09T06:14:21.3256278Z (Use `node --trace-deprecation ...` to show where the warning was created)
2026-10-09T06:14:21.4555197Z Found 10 artifact(s)
2026-10-09T06:14:21.4556244Z Filtering artifacts by pattern 'p8-scale-shard-*-37872522779'
2026-10-09T06:14:21.4577621Z Preparing to download the following artifacts:
2026-10-09T06:14:21.4579152Z - p8-scale-shard-50000-0-37872522779 (ID: 11593548201, Size: 2964759, Expected Digest: sha256:d0163f3421ea9abf3d544edad56a9386aec2db55fef0aa11155e30e10a27b06d)
2026-10-09T06:14:21.4581823Z - p8-scale-shard-10000-0-37872522779 (ID: 11591693031, Size: 853798, Expected Digest: sha256:d5a73580784d5bb247adf0d0e6d189f45215600df62bc94e4ca88bdf0ab6a444)
2026-10-09T06:14:21.4584300Z - p8-scale-shard-5000-0-37872522779 (ID: 11591464502, Size: 583603, Expected Digest: sha256:cfc34907c79a13ceede8ad7a892af2d0861ddd2b978ba36105ad26fba2da010f)
2026-10-09T06:14:21.4586830Z - p8-scale-shard-1000-0-37872522779 (ID: 11591367982, Size: 952631, Expected Digest: sha256:a5eeda7a03131fd0d5cebfd26bbcdfb0ff07db32f303593219665f0aa7d2b5b6)
2026-10-09T06:14:21.6103513Z Redirecting to blob download url: https://productionresultssa2.blob.core.windows.net/actions-results/e0b39521-4842-8e3d-bf84-86a7898495b1/workflow-job-run-41ae9404-b2b4-5d79-9471-8a2de36fc135/artifacts/3003f42ba638b7bdfe028f585f390863213bc1a8694e3f6d5db7d5682529a11f.zip
2026-10-09T06:14:21.6106594Z Starting download of artifact to: /home/runner/work/_temp/p8-scale-shards/p8-scale-shard-50000-0-37872522779
2026-10-09T06:14:21.6482233Z Redirecting to blob download url: https://productionresultssa2.blob.core.windows.net/actions-results/e0b39521-4842-8e3d-bf84-86a7898495b1/workflow-job-run-28b5400d-dc5f-5f57-9f59-6c957a6303c1/artifacts/50bc115ca28cf7c9b13551e6dfff20f39a52dc7b53567d2dbf70293146b11fa5.zip
2026-10-09T06:14:21.6485164Z Starting download of artifact to: /home/runner/work/_temp/p8-scale-shards/p8-scale-shard-1000-0-37872522779
2026-10-09T06:14:21.6551910Z Redirecting to blob download url: https://productionresultssa2.blob.core.windows.net/actions-results/e0b39521-4842-8e3d-bf84-86a7898495b1/workflow-job-run-52aef1f3-38fc-5052-90ce-f76b13bd338b/artifacts/fd380e9cab3dde110658485904fb13d309c620366593e9e9ec74fd21826782dd.zip
2026-10-09T06:14:21.6554125Z Starting download of artifact to: /home/runner/work/_temp/p8-scale-shards/p8-scale-shard-10000-0-37872522779
2026-10-09T06:14:21.6586214Z Redirecting to blob download url: https://productionresultssa2.blob.core.windows.net/actions-results/e0b39521-4842-8e3d-bf84-86a7898495b1/workflow-job-run-d7584ece-e33e-53d2-b260-113e2e9a076e/artifacts/13aafd4ce0ce1c66d6a64a9c41bdcaf45e4aefdc0a973efc45763ab85e408975.zip
2026-10-09T06:14:21.6588012Z Starting download of artifact to: /home/runner/work/_temp/p8-scale-shards/p8-scale-shard-5000-0-37872522779
2026-10-09T06:14:21.7643844Z (node:2311) [DEP0005] DeprecationWarning: Buffer() is deprecated due to security and usability issues. Please use the Buffer.alloc(), Buffer.allocUnsafe(), or Buffer.from() methods instead.
2026-10-09T06:14:21.9001626Z SHA256 digest of downloaded artifact is cfc34907c79a13ceede8ad7a892af2d0861ddd2b978ba36105ad26fba2da010f
2026-10-09T06:14:21.9002330Z Artifact download completed successfully.
2026-10-09T06:14:21.9429052Z SHA256 digest of downloaded artifact is d5a73580784d5bb247adf0d0e6d189f45215600df62bc94e4ca88bdf0ab6a444
2026-10-09T06:14:21.9430083Z Artifact download completed successfully.
2026-10-09T06:14:22.0056056Z SHA256 digest of downloaded artifact is a5eeda7a03131fd0d5cebfd26bbcdfb0ff07db32f303593219665f0aa7d2b5b6
2026-10-09T06:14:22.0057493Z Artifact download completed successfully.
2026-10-09T06:14:22.0365797Z SHA256 digest of downloaded artifact is d0163f3421ea9abf3d544edad56a9386aec2db55fef0aa11155e30e10a27b06d
2026-10-09T06:14:22.0366807Z Artifact download completed successfully.
2026-10-09T06:14:22.0367381Z Total of 4 artifact(s) downloaded
2026-10-09T06:14:22.0372574Z Download artifact has finished successfully
2026-10-09T06:14:22.0525759Z ##[group]Run python3 - <<'PY'
2026-10-09T06:14:22.0526191Z [36;1mpython3 - <<'PY'[0m
2026-10-09T06:14:22.0526495Z [36;1mimport os, pathlib, sys[0m
2026-10-09T06:14:22.0526806Z [36;1msys.path.insert(0, 'scripts')[0m
2026-10-09T06:14:22.0527135Z [36;1mimport p8_scale_matrix as matrix[0m
2026-10-09T06:14:22.0527529Z [36;1mroot = pathlib.Path(os.environ['RUNNER_TEMP'])[0m
2026-10-09T06:14:22.0527939Z [36;1mbinary = root / 'p8-scale-build/p8-scale'[0m
2026-10-09T06:14:22.0528282Z [36;1mif binary.exists():[0m
2026-10-09T06:14:22.0528682Z [36;1m    binary.chmod(0o755)[0m
2026-10-09T06:14:22.0529320Z [36;1minputs = sorted((root / 'p8-scale-shards').glob('p8-scale-shard-*'))[0m
2026-10-09T06:14:22.0530291Z [36;1mresult = matrix.aggregate(root / 'p8-scale-build', inputs, root / 'p8-scale-matrix',[0m
2026-10-09T06:14:22.0531278Z [36;1m                          repetitions=30, shard_count=30, capacity_profile=matrix.CAPACITY_PROFILE)[0m
2026-10-09T06:14:22.0531999Z [36;1mprint({key: result.get(key) for key in ('status', 'error', 'sample_count')})[0m
2026-10-09T06:14:22.0532522Z [36;1msys.exit(0 if result.get('passed') is True else 1)[0m
2026-10-09T06:14:22.0532870Z [36;1mPY[0m
2026-10-09T06:14:22.0841519Z shell: /usr/bin/bash -e {0}
2026-10-09T06:14:22.0841915Z env:
2026-10-09T06:14:22.0842237Z   CARGO_TERM_COLOR: never
2026-10-09T06:14:22.0842613Z   CARGO_INCREMENTAL: 0
2026-10-09T06:14:22.0842958Z   CARGO_BUILD_JOBS: 2
2026-10-09T06:14:22.0843287Z   RUSTFLAGS: 
2026-10-09T06:14:22.0843588Z ##[endgroup]
2026-10-09T06:14:22.6938727Z {'status': 'failed', 'error': 'missing matrix shards: [(1000, 1), (1000, 2), (1000, 3), (1000, 4), (1000, 5), (1000, 6), (1000, 7), (1000, 8), (1000, 9), (1000, 10), (1000, 11), (1000, 12), (1000, 13), (1000, 14), (1000, 15), (1000, 16), (1000, 17), (1000, 18), (1000, 19), (1000, 20), (1000, 21), (1000, 22), (1000, 23), (1000, 24), (1000, 25), (1000, 26), (1000, 27), (1000, 28), (1000, 29), (5000, 1), (5000, 2), (5000, 3), (5000, 4), (5000, 5), (5000, 6), (5000, 7), (5000, 8), (5000, 9), (5000, 10), (5000, 11), (5000, 12), (5000, 13), (5000, 14), (5000, 15), (5000, 16), (5000, 17), (5000, 18), (5000, 19), (5000, 20), (5000, 21), (5000, 22), (5000, 23), (5000, 24), (5000, 25), (5000, 26), (5000, 27), (5000, 28), (5000, 29), (10000, 1), (10000, 2), (10000, 3), (10000, 4), (10000, 5), (10000, 6), (10000, 7), (10000, 8), (10000, 9), (10000, 10), (10000, 11), (10000, 12), (10000, 13), (10000, 14), (10000, 15), (10000, 16), (10000, 17), (10000, 18), (10000, 19), (10000, 20), (10000, 21), (10000, 22), (10000, 23), (10000, 24), (10000, 25), (10000, 26), (10000, 27), (10000, 28), (10000, 29), (50000, 1), (50000, 2), (50000, 3), (50000, 4), (50000, 5), (50000, 6), (50000, 7), (50000, 8), (50000, 9), (50000, 10), (50000, 11), (50000, 12), (50000, 13), (50000, 14), (50000, 15), (50000, 16), (50000, 17), (50000, 18), (50000, 19), (50000, 20), (50000, 21), (50000, 22), (50000, 23), (50000, 24), (50000, 25), (50000, 26), (50000, 27), (50000, 28), (50000, 29), (100000, 0), (100000, 1), (100000, 2), (100000, 3), (100000, 4), (100000, 5), (100000, 6), (100000, 7), (100000, 8), (100000, 9), (100000, 10), (100000, 11), (100000, 12), (100000, 13), (100000, 14), (100000, 15), (100000, 16), (100000, 17), (100000, 18), (100000, 19), (100000, 20), (100000, 21), (100000, 22), (100000, 23), (100000, 24), (100000, 25), (100000, 26), (100000, 27), (100000, 28), (100000, 29)]', 'sample_count': None}
2026-10-09T06:14:22.7026175Z ##[error]Process completed with exit code 1.
2026-10-09T06:14:22.7121306Z ##[group]Run actions/upload-artifact@v4
2026-10-09T06:14:22.7121660Z with:
2026-10-09T06:14:22.7121922Z   name: p8-scale-matrix-37872522779
2026-10-09T06:14:22.7122274Z   path: /home/runner/work/_temp/p8-scale-matrix
2026-10-09T06:14:22.7122646Z   if-no-files-found: error
2026-10-09T06:14:22.7122937Z   compression-level: 6
2026-10-09T06:14:22.7123206Z   overwrite: false
2026-10-09T06:14:22.7123471Z   include-hidden-files: false
2026-10-09T06:14:22.7123747Z env:
2026-10-09T06:14:22.7123981Z   CARGO_TERM_COLOR: never
2026-10-09T06:14:22.7124259Z   CARGO_INCREMENTAL: 0
2026-10-09T06:14:22.7124520Z   CARGO_BUILD_JOBS: 2
2026-10-09T06:14:22.7124765Z   RUSTFLAGS: 
2026-10-09T06:14:22.7125007Z ##[endgroup]
2026-10-09T06:14:22.8811149Z (node:2338) [DEP0040] DeprecationWarning: The `punycode` module is deprecated. Please use a userland alternative instead.
2026-10-09T06:14:22.8812407Z (Use `node --trace-deprecation ...` to show where the warning was created)
2026-10-09T06:14:22.8860267Z With the provided path, there will be 1 file uploaded
2026-10-09T06:14:22.8865935Z Artifact name is valid!
2026-10-09T06:14:22.8866499Z Root directory input is valid!
2026-10-09T06:14:23.1546230Z Beginning upload of artifact content to blob storage
2026-10-09T06:14:23.1736087Z (node:2338) [DEP0169] DeprecationWarning: `url.parse()` behavior is not standardized and prone to errors that have security implications. Use the WHATWG URL API instead. CVEs are not issued for `url.parse()` vulnerabilities.
2026-10-09T06:14:23.2755113Z Uploaded bytes 580
2026-10-09T06:14:23.3101012Z Finished uploading artifact content to blob storage!
2026-10-09T06:14:23.3102585Z SHA256 digest of uploaded artifact zip is 6585b064492fba4b0f1cd8f10cfeb304ee63fa15851ede907c20a012780902e3
2026-10-09T06:14:23.3104204Z Finalizing artifact upload
2026-10-09T06:14:23.5196176Z Artifact p8-scale-matrix-37872522779.zip successfully finalized. Artifact ID 11599136237
2026-10-09T06:14:23.5198324Z Artifact p8-scale-matrix-37872522779 has been successfully uploaded! Final size is 580 bytes. Artifact ID is 11599136237
2026-10-09T06:14:23.5205395Z Artifact download URL: https://github.com/jyqj/codecortex/actions/runs/37872522779/artifacts/11599136237
2026-10-09T06:14:23.5399326Z Post job cleanup.
2026-10-09T06:14:23.6252906Z [command]/usr/bin/git version
2026-10-09T06:14:23.6290066Z git version 2.55.0
2026-10-09T06:14:23.6328012Z Temporarily overriding HOME='/home/runner/work/_temp/4b9ad370-6221-4f1a-8899-a26495b6bcbe' before making global git config changes
2026-10-09T06:14:23.6330010Z Adding repository directory to the temporary git global config as a safe directory
2026-10-09T06:14:23.6333524Z [command]/usr/bin/git config --global --add safe.directory /home/runner/work/codecortex/codecortex
2026-10-09T06:14:23.6371275Z [command]/usr/bin/git config --local --name-only --get-regexp core\.sshCommand
2026-10-09T06:14:23.6405055Z [command]/usr/bin/git submodule foreach --recursive sh -c "git config --local --name-only --get-regexp 'core\.sshCommand' && git config --local --unset-all 'core.sshCommand' || :"
2026-10-09T06:14:23.6658693Z [command]/usr/bin/git config --local --name-only --get-regexp http\.https\:\/\/github\.com\/\.extraheader
2026-10-09T06:14:23.6687791Z http.https://github.com/.extraheader
2026-10-09T06:14:23.6698809Z [command]/usr/bin/git config --local --unset-all http.https://github.com/.extraheader
2026-10-09T06:14:23.6732657Z [command]/usr/bin/git submodule foreach --recursive sh -c "git config --local --name-only --get-regexp 'http\.https\:\/\/github\.com\/\.extraheader' && git config --local --unset-all 'http.https://github.com/.extraheader' || :"
2026-10-09T06:14:23.6987158Z [command]/usr/bin/git config --local --name-only --get-regexp ^includeIf\.gitdir:
2026-10-09T06:14:23.7023089Z [command]/usr/bin/git submodule foreach --recursive git config --local --show-origin --name-only --get-regexp remote.origin.url
2026-10-09T06:14:23.7413317Z Cleaning up orphan processes
2026-10-09T06:14:23.7695844Z ##[warning]Node.js 20 is deprecated. The following actions target Node.js 20 but are being forced to run on Node.js 24: actions/checkout@v4, actions/download-artifact@v4, actions/upload-artifact@v4. For more information see: https://github.blog/changelog/2025-09-19-deprecation-of-node-20-on-github-actions-runners/
