   Compiling libc v0.2.183
   Compiling shlex v1.3.0
   Compiling find-msvc-tools v0.1.9
   Compiling tree-sitter-language v0.1.7
   Compiling proc-macro2 v1.0.106
   Compiling quote v1.0.45
   Compiling unicode-ident v1.0.24
   Compiling cfg-if v1.0.4
   Compiling serde_core v1.0.228
   Compiling pkg-config v0.3.32
   Compiling memchr v2.8.0
   Compiling syn v2.0.117
   Compiling jobserver v0.1.34
   Compiling serde v1.0.228
   Compiling cc v1.2.58
   Compiling equivalent v1.0.2
   Compiling cpufeatures v0.3.0
   Compiling aho-corasick v1.1.4
   Compiling rand_core v0.10.0
   Compiling crossbeam-utils v0.8.21
   Compiling smallvec v1.15.1
   Compiling regex-syntax v0.8.10
   Compiling parking_lot_core v0.9.12
   Compiling getrandom v0.4.2
   Compiling zstd-sys v2.0.16+zstd.1.5.7
   Compiling foldhash v0.2.0
   Compiling allocator-api2 v0.2.21
   Compiling once_cell v1.21.4
   Compiling crossbeam-epoch v0.9.20
   Compiling scopeguard v1.2.0
   Compiling vcpkg v0.2.15
   Compiling zmij v1.0.21
   Compiling lock_api v0.4.14
   Compiling hashbrown v0.17.1
   Compiling libsqlite3-sys v0.38.1
   Compiling regex-automata v0.4.14
   Compiling serde_derive v1.0.228
   Compiling blake3 v1.8.4
   Compiling bitflags v2.11.0
   Compiling autocfg v1.5.0
   Compiling thiserror v2.0.18
   Compiling serde_json v1.0.149
   Compiling log v0.4.29
   Compiling num-traits v0.2.19
   Compiling parking_lot v0.12.5
   Compiling tracing-attributes v0.1.31
   Compiling thiserror-impl v2.0.18
   Compiling tracing-core v0.1.36
   Compiling chacha20 v0.10.2
   Compiling arrayref v0.3.9
   Compiling pin-project-lite v0.2.17
   Compiling itoa v1.0.18
   Compiling constant_time_eq v0.4.2
   Compiling zstd-safe v7.2.4
   Compiling arrayvec v0.7.6
   Compiling tracing v0.1.44
   Compiling rand v0.10.3
   Compiling crossbeam-deque v0.8.6
   Compiling scheduled-thread-pool v0.2.7
   Compiling regex v1.12.3
   Compiling hashlink v0.12.1
   Compiling tree-sitter-java v0.23.5
   Compiling tree-sitter-cpp v0.23.4
   Compiling tree-sitter-c v0.23.4
   Compiling tree-sitter-typescript v0.23.2
   Compiling tree-sitter-python v0.23.6
   Compiling tree-sitter-go v0.23.4
   Compiling tree-sitter v0.24.7
   Compiling tree-sitter-javascript v0.23.1
   Compiling tree-sitter-rust v0.23.3
   Compiling fallible-iterator v0.3.0
   Compiling rayon-core v1.13.0
   Compiling fallible-streaming-iterator v0.1.9
   Compiling hashbrown v0.16.1
   Compiling indexmap v2.13.0
   Compiling rusqlite v0.40.1
   Compiling r2d2 v0.8.10
   Compiling cc-model v1.0.0 (/workspace/codecortex/crates/cc-model)
   Compiling uuid v1.23.0
   Compiling toml_datetime v0.6.11
   Compiling serde_spanned v0.6.9
   Compiling bstr v1.12.1
   Compiling same-file v1.0.6
   Compiling winnow v0.7.15
   Compiling iana-time-zone v0.1.65
   Compiling toml_write v0.1.2
   Compiling streaming-iterator v0.1.9
   Compiling rustix v1.1.4
   Compiling chrono v0.4.44
   Compiling zstd v0.13.3
   Compiling globset v0.4.18
   Compiling toml_edit v0.22.27
   Compiling walkdir v2.5.0
   Compiling r2d2_sqlite v0.35.0
   Compiling linux-raw-sys v0.12.1
   Compiling either v1.15.0
   Compiling rayon v1.11.0
   Compiling toml v0.8.23
   Compiling ignore v0.4.25
   Compiling lru v0.18.2
   Compiling fastrand v2.3.0
   Compiling tempfile v3.27.0
   Compiling cc-parsers v1.0.0 (/workspace/codecortex/crates/cc-parsers)
   Compiling cc-db v1.0.0 (/workspace/codecortex/crates/cc-db)
   Compiling cc-index v1.0.0 (/workspace/codecortex/crates/cc-index)
error[E0277]: the trait bound `usize: FromSql` is not satisfied
   --> crates/cc-index/tests/qname_db_independent_review.rs:78:92
    |
 78 |     assert_eq!(conn.query_row("SELECT count(*) FROM chunk_symbol_identity",[],|r|r.get::<_,usize>(0)).unwrap(),0);
    |                                                                                    ---     ^^^^^ the trait `FromSql` is not implemented for `usize`
    |                                                                                    |
    |                                                                                    required by a bound introduced by this call
    |
    = help: the following other types implement trait `FromSql`:
              f32
              f64
              i16
              i32
              i64
              i8
              isize
              u16
            and 2 others
note: required by a bound in `Row::<'_>::get`
   --> /workspace/scratch/qname-db-cargo/registry/src/index.crates.io-1949cf8c6b5b557f/rusqlite-0.40.1/src/row.rs:285:32
    |
285 |     pub fn get<I: RowIndex, T: FromSql>(&self, idx: I) -> Result<T> {
    |                                ^^^^^^^ required by this bound in `Row::<'_>::get`

For more information about this error, try `rustc --explain E0277`.
error: could not compile `cc-index` (test "qname_db_independent_review") due to 1 previous error
