   Compiling cc-index v1.0.0 (/workspace/codecortex/crates/cc-index)
   Compiling cc-server v1.0.0 (/workspace/codecortex/crates/cc-server)
error[E0433]: cannot find `symbol_identity` in `documents`
  --> crates/cc-index/tests/qname_db_independent_review.rs:14:30
   |
14 |         cc_index::documents::symbol_identity::prepare(&source, &outcome).unwrap();
   |                              ^^^^^^^^^^^^^^^ could not find `symbol_identity` in `documents`

error[E0433]: cannot find `symbol_identity` in `documents`
  --> crates/cc-index/tests/qname_db_independent_review.rs:46:30
   |
46 |         cc_index::documents::symbol_identity::prepare(&source, &original.outcome).unwrap();
   |                              ^^^^^^^^^^^^^^^ could not find `symbol_identity` in `documents`

error[E0433]: cannot find `symbol_identity` in `documents`
   --> crates/cc-index/tests/qname_db_independent_review.rs:186:34
    |
186 |             cc_index::documents::symbol_identity::prepare(&source, &outcome)
    |                                  ^^^^^^^^^^^^^^^ could not find `symbol_identity` in `documents`

error[E0433]: cannot find `symbol_identity` in `documents`
   --> crates/cc-index/tests/qname_db_independent_review.rs:202:30
    |
202 |         cc_index::documents::symbol_identity::prepare(&source, &invalid)
    |                              ^^^^^^^^^^^^^^^ could not find `symbol_identity` in `documents`

error[E0609]: no field `symbol_identities` on type `ParseOutcome`
  --> crates/cc-index/tests/qname_db_independent_review.rs:13:13
   |
13 |     outcome.symbol_identities =
   |             ^^^^^^^^^^^^^^^^^ unknown field
   |
   = note: available fields are: `document_spec`, `documents`, `chunk_policy`, `source_structure`, `resolution` ... and 19 others

error[E0609]: no field `symbol_identities` on type `ParseOutcome`
  --> crates/cc-index/tests/qname_db_independent_review.rs:45:22
   |
45 |     original.outcome.symbol_identities =
   |                      ^^^^^^^^^^^^^^^^^ unknown field
   |
   = note: available fields are: `document_spec`, `documents`, `chunk_policy`, `source_structure`, `resolution` ... and 19 others

error[E0609]: no field `symbol_identities` on type `ParseOutcome`
  --> crates/cc-index/tests/qname_db_independent_review.rs:49:10
   |
49 |         .symbol_identities
   |          ^^^^^^^^^^^^^^^^^ unknown field
   |
   = note: available fields are: `document_spec`, `documents`, `chunk_policy`, `source_structure`, `resolution` ... and 19 others

error[E0609]: no field `qname` on type `&&ChunkDetailRow`
  --> crates/cc-index/tests/qname_db_independent_review.rs:61:53
   |
61 |     let present = hydrated.rows.iter().filter(|r| r.qname.is_some()).count();
   |                                                     ^^^^^ unknown field
   |
   = note: available fields are: `document`, `source_evidence`, `chunk_id`, `file_path`, `language` ... and 6 others

error[E0609]: no field `qname` on type `&ChunkDetailRow`
  --> crates/cc-index/tests/qname_db_independent_review.rs:66:66
   |
66 |         .any(|r| r.symbol_name.as_deref() == Some("beacon") && r.qname.is_none()));
   |                                                                  ^^^^^ unknown field
   |
   = note: available fields are: `document`, `source_evidence`, `chunk_id`, `file_path`, `language` ... and 6 others

error[E0609]: no field `symbol_identities` on type `ParseOutcome`
  --> crates/cc-index/tests/qname_db_independent_review.rs:77:33
   |
77 |     assert_eq!(repeated.outcome.symbol_identities.len(), 2);
   |                                 ^^^^^^^^^^^^^^^^^ unknown field
   |
   = note: available fields are: `document_spec`, `documents`, `chunk_policy`, `source_structure`, `resolution` ... and 19 others

error[E0609]: no field `qname` on type `&ChunkDetailRow`
  --> crates/cc-index/tests/qname_db_independent_review.rs:87:48
   |
87 |         .any(|r| r.text.contains("first") && r.qname.is_none()));
   |                                                ^^^^^ unknown field
   |
   = note: available fields are: `document`, `source_evidence`, `chunk_id`, `file_path`, `language` ... and 6 others

error[E0609]: no field `qname` on type `&ChunkDetailRow`
  --> crates/cc-index/tests/qname_db_independent_review.rs:90:49
   |
90 |         .any(|r| r.text.contains("second") && r.qname.as_deref() == Some("beacon")));
   |                                                 ^^^^^ unknown field
   |
   = note: available fields are: `document`, `source_evidence`, `chunk_id`, `file_path`, `language` ... and 6 others

error[E0609]: no field `symbol_identities` on type `ParseOutcome`
   --> crates/cc-index/tests/qname_db_independent_review.rs:146:17
    |
146 |     bad.outcome.symbol_identities[0].document.doc_version = "broken".into();
    |                 ^^^^^^^^^^^^^^^^^ unknown field
    |
    = note: available fields are: `document_spec`, `documents`, `chunk_policy`, `source_structure`, `resolution` ... and 19 others

error[E0609]: no field `symbol_identities` on type `ParseOutcome`
   --> crates/cc-index/tests/qname_db_independent_review.rs:167:32
    |
167 |     for i in &original.outcome.symbol_identities {
    |                                ^^^^^^^^^^^^^^^^^ unknown field
    |
    = note: available fields are: `document_spec`, `documents`, `chunk_policy`, `source_structure`, `resolution` ... and 19 others

error[E0609]: no field `symbol_identities` on type `ParseOutcome`
   --> crates/cc-index/tests/qname_db_independent_review.rs:227:18
    |
227 |                 .symbol_identities
    |                  ^^^^^^^^^^^^^^^^^ unknown field
    |
    = note: available fields are: `document_spec`, `documents`, `chunk_policy`, `source_structure`, `resolution` ... and 19 others

error[E0599]: no method named `clone` found for struct `IndexDb` in the current scope
   --> crates/cc-index/tests/qname_db_independent_review.rs:232:24
    |
232 |     let reader_db = db.clone();
    |                        ^^^^^ method not found in `IndexDb`

Some errors have detailed explanations: E0433, E0599, E0609.
For more information about an error, try `rustc --explain E0433`.
error: could not compile `cc-index` (test "qname_db_independent_review") due to 16 previous errors
warning: build failed, waiting for other jobs to finish...
