   Compiling libc v0.2.183
   Compiling serde_core v1.0.228
   Compiling log v0.4.29
   Compiling serde v1.0.228
   Compiling regex-automata v0.4.14
   Compiling jobserver v0.1.34
   Compiling cc v1.2.58
   Compiling parking_lot_core v0.9.12
   Compiling parking_lot v0.12.5
   Compiling tracing-core v0.1.36
   Compiling serde_json v1.0.149
   Compiling tracing v0.1.44
   Compiling zstd-sys v2.0.16+zstd.1.5.7
   Compiling futures-core v0.3.32
   Compiling libsqlite3-sys v0.38.1
   Compiling getrandom v0.4.2
   Compiling blake3 v1.8.4
   Compiling mio v1.2.0
   Compiling errno v0.3.14
   Compiling futures-sink v0.3.32
   Compiling strsim v0.11.1
   Compiling futures-channel v0.3.32
   Compiling signal-hook-registry v1.4.8
   Compiling socket2 v0.6.3
   Compiling futures-macro v0.3.32
   Compiling tokio-macros v2.6.1
   Compiling futures-io v0.3.32
   Compiling slab v0.4.12
   Compiling futures-task v0.3.32
   Compiling bytes v1.11.1
   Compiling futures-util v0.3.32
   Compiling tokio v1.50.0
   Compiling chrono v0.4.44
   Compiling rand v0.10.3
   Compiling regex v1.12.3
   Compiling scheduled-thread-pool v0.2.7
   Compiling ident_case v1.0.1
   Compiling cfg_aliases v0.2.1
   Compiling nix v0.31.2
   Compiling rusqlite v0.40.1
   Compiling darling_core v0.23.0
   Compiling r2d2 v0.8.10
   Compiling uuid v1.23.0
   Compiling cc-model v1.0.0 (/workspace/codecortex/crates/cc-model)
   Compiling tree-sitter-c v0.23.4
   Compiling tree-sitter v0.24.7
   Compiling tree-sitter-python v0.23.6
   Compiling tree-sitter-javascript v0.23.1
   Compiling tree-sitter-go v0.23.4
   Compiling tree-sitter-cpp v0.23.4
   Compiling tree-sitter-rust v0.23.3
   Compiling tree-sitter-java v0.23.5
   Compiling tree-sitter-typescript v0.23.2
   Compiling inotify-sys v0.1.8
   Compiling ref-cast v1.0.25
   Compiling utf8parse v0.2.2
   Compiling anstyle-parse v1.0.0
   Compiling darling_macro v0.23.0
   Compiling zstd-safe v7.2.4
   Compiling zstd v0.13.3
   Compiling r2d2_sqlite v0.35.0
   Compiling futures-executor v0.3.32
   Compiling serde_spanned v0.6.9
   Compiling toml_datetime v0.6.11
   Compiling serde_derive_internals v0.29.1
   Compiling ref-cast-impl v1.0.25
   Compiling anstyle v1.0.14
   Compiling colorchoice v1.0.5
   Compiling anstyle-query v1.1.5
   Compiling memchr v2.8.0
   Compiling is_terminal_polyfill v1.70.2
   Compiling anstream v1.0.0
   Compiling schemars_derive v1.2.1
   Compiling toml_edit v0.22.27
   Compiling globset v0.4.18
   Compiling cc-db v1.0.0 (/workspace/codecortex/crates/cc-db)
   Compiling futures v0.3.32
   Compiling darling v0.23.0
   Compiling rmcp v2.2.0
   Compiling option-ext v0.2.0
   Compiling dyn-clone v1.0.20
   Compiling lazy_static v1.5.0
   Compiling heck v0.5.0
   Compiling clap_lex v1.0.0
   Compiling clap_builder v4.6.0
   Compiling clap_derive v4.6.0
   Compiling process-wrap v9.1.0
   Compiling sharded-slab v0.1.7
   Compiling schemars v1.2.1
   Compiling dirs-sys v0.4.1
   Compiling inotify v0.11.5
   Compiling rmcp-macros v2.2.0
   Compiling cc-parsers v1.0.0 (/workspace/codecortex/crates/cc-parsers)
   Compiling toml v0.8.23
   Compiling ignore v0.4.25
   Compiling tokio-util v0.7.18
   Compiling tokio-stream v0.1.18
   Compiling matchers v0.2.0
   Compiling tracing-log v0.2.0
   Compiling notify-types v2.1.0
   Compiling async-trait v0.1.89
   Compiling thread_local v1.1.9
   Compiling base64 v0.22.1
   Compiling nu-ansi-term v0.50.3
   Compiling pastey v0.2.1
   Compiling tracing-subscriber v0.3.23
   Compiling notify v8.2.0
   Compiling cc-index v1.0.0 (/workspace/codecortex/crates/cc-index)
   Compiling cc-search v1.0.0 (/workspace/codecortex/crates/cc-search)
   Compiling clap v4.6.0
   Compiling dirs v5.0.1
   Compiling tempfile v3.27.0
   Compiling cc-server v1.0.0 (/workspace/codecortex/crates/cc-server)
error[E0308]: mismatched types
  --> crates/cc-server/tests/qname_db_independent_review.rs:39:5
   |
38 |   fn cold(index: &CodeIndex) -> cc_model::CcResult<Vec<cc_model::SearchHit>> {
   |                                 -------------------------------------------- expected `Result<Vec<cc_model::SearchHit>, CcError>` because of return type
39 | /     cc_search::SearchEngine::new(index.index_db().unwrap().clone(), &Default::default(), None)
40 | |         .search(&SearchRequest {
41 | |             query: "beacon".into(),
42 | |             top_k: 10,
43 | |             ..Default::default()
44 | |         })
   | |__________^ expected `Result<Vec<SearchHit>, CcError>`, found `Result<Arc<[SearchHit]>, CcError>`
   |
   = note: expected enum `Result<Vec<cc_model::SearchHit>, _>`
              found enum `Result<Arc<[cc_model::SearchHit]>, _>`

error[E0277]: the trait bound `usize: FromSql` is not satisfied
   --> crates/cc-server/tests/qname_db_independent_review.rs:161:23
    |
161 |             .get::<_, usize>(0))
    |              ---      ^^^^^ the trait `FromSql` is not implemented for `usize`
    |              |
    |              required by a bound introduced by this call
    |
    = help: the following other types implement trait `FromSql`:
              f32
              f64
              i16
              i32
              i64
              i8
              isize
              u16
            and 2 others
note: required by a bound in `Row::<'_>::get`
   --> /workspace/scratch/qname-db-cargo/registry/src/index.crates.io-1949cf8c6b5b557f/rusqlite-0.40.1/src/row.rs:285:32
    |
285 |     pub fn get<I: RowIndex, T: FromSql>(&self, idx: I) -> Result<T> {
    |                                ^^^^^^^ required by this bound in `Row::<'_>::get`

Some errors have detailed explanations: E0277, E0308.
For more information about an error, try `rustc --explain E0277`.
error: could not compile `cc-server` (test "qname_db_independent_review") due to 2 previous errors
warning: build failed, waiting for other jobs to finish...
