    Checking memchr v2.8.0
    Checking tree-sitter-language v0.1.7
    Checking equivalent v1.0.2
    Checking allocator-api2 v0.2.21
    Checking aho-corasick v1.1.4
    Checking hashbrown v0.17.1
    Checking crossbeam-utils v0.8.21
    Checking regex-automata v0.4.14
    Checking crossbeam-epoch v0.9.20
    Checking serde_json v1.0.149
    Checking crossbeam-deque v0.8.6
    Checking hashlink v0.12.1
    Checking regex v1.12.3
   Compiling tree-sitter-c v0.23.4
   Compiling tree-sitter-rust v0.23.3
   Compiling tree-sitter-typescript v0.23.2
   Compiling tree-sitter v0.24.7
   Compiling tree-sitter-python v0.23.6
   Compiling tree-sitter-javascript v0.23.1
   Compiling tree-sitter-cpp v0.23.4
   Compiling tree-sitter-go v0.23.4
   Compiling tree-sitter-java v0.23.5
    Checking hashbrown v0.16.1
    Checking rusqlite v0.40.1
    Checking indexmap v2.13.0
    Checking cc-model v1.0.0 (/Users/jin/Desktop/codecortex-rust/artifacts/benchmarks/p8-bfccb8494ba0/candidate-fts/crates/cc-model)
    Checking bstr v1.12.1
    Checking toml_datetime v0.6.11
    Checking serde_spanned v0.6.9
    Checking streaming-iterator v0.1.9
    Checking toml_write v0.1.2
    Checking winnow v0.7.15
    Checking same-file v1.0.6
    Checking walkdir v2.5.0
    Checking toml_edit v0.22.27
    Checking globset v0.4.18
    Checking r2d2_sqlite v0.35.0
    Checking rayon-core v1.13.0
    Checking either v1.15.0
    Checking rayon v1.11.0
    Checking ignore v0.4.25
    Checking cc-parsers v1.0.0 (/Users/jin/Desktop/codecortex-rust/artifacts/benchmarks/p8-bfccb8494ba0/candidate-fts/crates/cc-parsers)
    Checking cc-db v1.0.0 (/Users/jin/Desktop/codecortex-rust/artifacts/benchmarks/p8-bfccb8494ba0/candidate-fts/crates/cc-db)
    Checking toml v0.8.23
    Checking lru v0.18.2
    Checking cc-index v1.0.0 (/Users/jin/Desktop/codecortex-rust/artifacts/benchmarks/p8-bfccb8494ba0/candidate-fts/crates/cc-index)
error: unused imports: `config_cache::Loader` and `python`
 --> crates/cc-index/src/project_model/python_inventory.rs:3:13
  |
3 | use super::{config_cache::Loader, python};
  |             ^^^^^^^^^^^^^^^^^^^^  ^^^^^^
  |
  = note: `-D unused-imports` implied by `-D warnings`
  = help: to override `-D warnings` add `#[allow(unused_imports)]`

error: function `bound` is never used
  --> crates/cc-index/src/project_model/python_inventory.rs:96:4
   |
96 | fn bound(actual: usize, limit: usize, resource: &'static str) -> Result<()> {
   |    ^^^^^
   |
   = note: `-D dead-code` implied by `-D warnings`
   = help: to override `-D warnings` add `#[expect(dead_code)]` or `#[allow(dead_code)]`

error: function `sum` is never used
   --> crates/cc-index/src/project_model/python_inventory.rs:103:4
    |
103 | fn sum(a: usize, b: usize, resource: &'static str) -> Result<usize> {
    |    ^^^

error: function `supported_document` is never used
   --> crates/cc-index/src/project_model/python_inventory.rs:290:4
    |
290 | fn supported_document(doc: &ConfigDocument) -> Result<()> {
    |    ^^^^^^^^^^^^^^^^^^

error: struct `OutputMeter` is never constructed
   --> crates/cc-index/src/project_model/python_inventory.rs:331:8
    |
331 | struct OutputMeter {
    |        ^^^^^^^^^^^

error: could not compile `cc-index` (lib) due to 5 previous errors
