   Compiling tree-sitter-language v0.1.7
   Compiling memchr v2.8.0
   Compiling equivalent v1.0.2
   Compiling aho-corasick v1.1.4
   Compiling crossbeam-utils v0.8.21
   Compiling regex-automata v0.4.14
   Compiling crossbeam-epoch v0.9.20
   Compiling allocator-api2 v0.2.21
   Compiling hashbrown v0.17.1
   Compiling serde_json v1.0.149
   Compiling crossbeam-deque v0.8.6
   Compiling hashlink v0.12.1
   Compiling regex v1.12.3
   Compiling tree-sitter-go v0.23.4
   Compiling tree-sitter v0.24.7
   Compiling tree-sitter-java v0.23.5
   Compiling tree-sitter-cpp v0.23.4
   Compiling tree-sitter-c v0.23.4
   Compiling tree-sitter-typescript v0.23.2
   Compiling tree-sitter-javascript v0.23.1
   Compiling tree-sitter-rust v0.23.3
   Compiling tree-sitter-python v0.23.6
   Compiling hashbrown v0.16.1
   Compiling rayon-core v1.13.0
   Compiling rusqlite v0.40.1
   Compiling indexmap v2.13.0
   Compiling cc-model v1.0.0 (/Users/jin/Desktop/codecortex-rust/artifacts/benchmarks/p8-bfccb8494ba0/candidate-fts/crates/cc-model)
   Compiling toml_datetime v0.6.11
   Compiling serde_spanned v0.6.9
   Compiling bstr v1.12.1
   Compiling toml_write v0.1.2
   Compiling winnow v0.7.15
   Compiling streaming-iterator v0.1.9
   Compiling same-file v1.0.6
   Compiling walkdir v2.5.0
   Compiling toml_edit v0.22.27
   Compiling globset v0.4.18
   Compiling r2d2_sqlite v0.35.0
   Compiling either v1.15.0
   Compiling rayon v1.11.0
   Compiling cc-parsers v1.0.0 (/Users/jin/Desktop/codecortex-rust/artifacts/benchmarks/p8-bfccb8494ba0/candidate-fts/crates/cc-parsers)
   Compiling cc-db v1.0.0 (/Users/jin/Desktop/codecortex-rust/artifacts/benchmarks/p8-bfccb8494ba0/candidate-fts/crates/cc-db)
   Compiling ignore v0.4.25
   Compiling toml v0.8.23
   Compiling lru v0.18.2
   Compiling cc-index v1.0.0 (/Users/jin/Desktop/codecortex-rust/artifacts/benchmarks/p8-bfccb8494ba0/candidate-fts/crates/cc-index)
warning: unused imports: `config_cache::Loader` and `python`
 --> crates/cc-index/src/project_model/python_inventory.rs:3:13
  |
3 | use super::{config_cache::Loader, python};
  |             ^^^^^^^^^^^^^^^^^^^^  ^^^^^^
  |
  = note: `#[warn(unused_imports)]` (part of `#[warn(unused)]`) on by default

warning: function `bound` is never used
  --> crates/cc-index/src/project_model/python_inventory.rs:96:4
   |
96 | fn bound(actual: usize, limit: usize, resource: &'static str) -> Result<()> {
   |    ^^^^^
   |
   = note: `#[warn(dead_code)]` (part of `#[warn(unused)]`) on by default

warning: function `sum` is never used
   --> crates/cc-index/src/project_model/python_inventory.rs:103:4
    |
103 | fn sum(a: usize, b: usize, resource: &'static str) -> Result<usize> {
    |    ^^^

warning: function `supported_document` is never used
   --> crates/cc-index/src/project_model/python_inventory.rs:290:4
    |
290 | fn supported_document(doc: &ConfigDocument) -> Result<()> {
    |    ^^^^^^^^^^^^^^^^^^

warning: struct `OutputMeter` is never constructed
   --> crates/cc-index/src/project_model/python_inventory.rs:331:8
    |
331 | struct OutputMeter {
    |        ^^^^^^^^^^^

warning: `cc-index` (lib) generated 5 warnings (run `cargo fix --lib -p cc-index` to apply 1 suggestion)
    Finished `test` profile [unoptimized + debuginfo] target(s) in 27.32s
     Running tests/snapshot_leaf_batching.rs (/Users/jin/Desktop/codecortex-rust/artifacts/benchmarks/p8-bfccb8494ba0/fts-prototype-target/debug/deps/snapshot_leaf_batching-1cb0f4f78038e7d5)
