   Compiling serde_core v1.0.228
   Compiling cc v1.2.58
   Compiling getrandom v0.4.2
   Compiling serde v1.0.228
   Compiling serde_json v1.0.149
   Compiling tracing-core v0.1.36
   Compiling memchr v2.8.0
   Compiling tempfile v3.27.0
   Compiling tracing v0.1.44
   Compiling blake3 v1.8.4
   Compiling cc-model v1.0.0 (/workspace/codecortex/crates/cc-model)
    Finished `test` profile [unoptimized + debuginfo] target(s) in 9.16s
     Running unittests src/lib.rs (target/debug/deps/cc_model-78e50aba07b8196e)

running 1 test
test config::tests::find_project_root_with_marker_returns_none_without_marker ... FAILED

failures:

---- config::tests::find_project_root_with_marker_returns_none_without_marker stdout ----

thread 'config::tests::find_project_root_with_marker_returns_none_without_marker' (51030) panicked at crates/cc-model/src/config.rs:1742:9:
assertion failed: find_project_root_with_marker(Some(&project_dir)).is_none()
note: run with `RUST_BACKTRACE=1` environment variable to display a backtrace


failures:
    config::tests::find_project_root_with_marker_returns_none_without_marker

test result: FAILED. 0 passed; 1 failed; 0 ignored; 0 measured; 86 filtered out; finished in 0.00s

error: test failed, to rerun pass `-p cc-model --lib`
