    Blocking waiting for file lock on build directory
    Checking cc-server v1.0.0 (/workspace/codecortex/crates/cc-server)
warning: unused import: `InputDigest`
  --> crates/cc-server/src/semantic_wiring.rs:86:41
   |
86 | use cc_semantic::types::{DocSpecDigest, InputDigest};
   |                                         ^^^^^^^^^^^
   |
   = note: `#[warn(unused_imports)]` (part of `#[warn(unused)]`) on by default

error[E0599]: no method named `semantic_active_space` found for struct `ReadOps<'a>` in the current scope
   --> crates/cc-server/src/semantic_wiring.rs:647:19
    |
647 |     if db.reads().semantic_active_space()?.as_deref() == Some(space_id) {
    |        --         ^^^^^^^^^^^^^^^^^^^^^
    |        |
    |        method `semantic_active_space` is available on `&IndexDb`
    |
help: there is a method `semantic_coverage` with a similar name
    |
647 -     if db.reads().semantic_active_space()?.as_deref() == Some(space_id) {
647 +     if db.reads().semantic_coverage()?.as_deref() == Some(space_id) {
    |

error[E0599]: no method named `semantic_active_space` found for struct `ReadOps<'a>` in the current scope
   --> crates/cc-server/src/semantic_wiring.rs:647:19
    |
647 |     if db.reads().semantic_active_space()?.as_deref() == Some(space_id) {
    |        --         ^^^^^^^^^^^^^^^^^^^^^
    |        |
    |        method `semantic_active_space` is available on `&cc_db::index_db::IndexDb`
    |
help: there is a method `semantic_coverage` with a similar name
    |
647 -     if db.reads().semantic_active_space()?.as_deref() == Some(space_id) {
647 +     if db.reads().semantic_coverage()?.as_deref() == Some(space_id) {
    |

warning: unused variable: `exhausted`
   --> crates/cc-server/src/semantic_wiring.rs:604:32
    |
604 |         let (counters, resume, exhausted) = run_gc_pass(db, &subsystem.cache, &cfg, after.as_ref())?;
    |                                ^^^^^^^^^ help: if this is intentional, prefix it with an underscore: `_exhausted`
    |
    = note: `#[warn(unused_variables)]` (part of `#[warn(unused)]`) on by default

For more information about this error, try `rustc --explain E0599`.
warning: `cc-server` (lib) generated 2 warnings
error: could not compile `cc-server` (lib) due to 1 previous error; 2 warnings emitted
warning: build failed, waiting for other jobs to finish...
warning: `cc-server` (lib test) generated 2 warnings (2 duplicates)
error: could not compile `cc-server` (lib test) due to 1 previous error; 2 warnings emitted
