    Updating crates.io index
 Downloading crates ...
  Downloaded clap_lex v1.0.0
  Downloaded anstyle-query v1.1.5
  Downloaded block-buffer v0.10.4
  Downloaded arrayref v0.3.9
  Downloaded serde_spanned v0.6.9
  Downloaded ref-cast-impl v1.0.25
  Downloaded socket2 v0.6.3
  Downloaded option-ext v0.2.0
  Downloaded ref-cast v1.0.25
  Downloaded version_check v0.9.5
  Downloaded zstd-safe v7.2.4
  Downloaded zstd v0.13.3
  Downloaded tracing-core v0.1.36
  Downloaded uuid v1.23.0
  Downloaded toml_edit v0.22.27
  Downloaded typenum v1.20.1
  Downloaded tree-sitter-go v0.23.4
  Downloaded tree-sitter-javascript v0.23.1
  Downloaded tree-sitter-java v0.23.5
  Downloaded tree-sitter-python v0.23.6
  Downloaded winnow v0.7.15
  Downloaded tracing-subscriber v0.3.23
  Downloaded chrono v0.4.44
  Downloaded vcpkg v0.2.15
  Downloaded tree-sitter-c v0.23.4
  Downloaded rayon v1.11.0
  Downloaded syn v2.0.117
  Downloaded clap_builder v4.6.0
  Downloaded blake3 v1.8.4
  Downloaded tree-sitter-rust v0.23.3
  Downloaded rmcp v2.2.0
  Downloaded regex-syntax v0.8.10
  Downloaded rustix v1.1.4
  Downloaded nix v0.31.2
  Downloaded bstr v1.12.1
  Downloaded tracing v0.1.44
  Downloaded tree-sitter v0.24.7
  Downloaded rusqlite v0.40.1
  Downloaded serde_json v1.0.149
  Downloaded regex v1.12.3
  Downloaded process-wrap v9.1.0
  Downloaded regex-automata v0.4.14
  Downloaded hashbrown v0.17.1
  Downloaded hashbrown v0.16.1
  Downloaded futures-util v0.3.32
  Downloaded aho-corasick v1.1.4
  Downloaded tokio-util v0.7.18
  Downloaded schemars v1.2.1
  Downloaded rand v0.10.3
  Downloaded indexmap v2.13.0
  Downloaded sharded-slab v0.1.7
  Downloaded serde v1.0.228
  Downloaded zstd-sys v2.0.16+zstd.1.5.7
  Downloaded mio v1.2.0
  Downloaded tree-sitter-typescript v0.23.2
  Downloaded memchr v2.8.0
  Downloaded tokio v1.50.0
  Downloaded libc v0.2.183
  Downloaded cc v1.2.58
  Downloaded base64 v0.22.1
  Downloaded serde_core v1.0.228
  Downloaded rayon-core v1.13.0
  Downloaded log v0.4.29
  Downloaded futures v0.3.32
  Downloaded darling_core v0.23.0
  Downloaded tree-sitter-cpp v0.23.4
  Downloaded clap v4.6.0
  Downloaded chacha20 v0.10.2
  Downloaded bytes v1.11.1
  Downloaded unicode-ident v1.0.24
  Downloaded serde_derive v1.0.228
  Downloaded proc-macro2 v1.0.106
  Downloaded num-traits v0.2.19
  Downloaded notify v8.2.0
  Downloaded ignore v0.4.25
  Downloaded tracing-attributes v0.1.31
  Downloaded toml v0.8.23
  Downloaded tokio-stream v0.1.18
  Downloaded tempfile v3.27.0
  Downloaded smallvec v1.15.1
  Downloaded shlex v1.3.0
  Downloaded hashlink v0.12.1
  Downloaded getrandom v0.4.2
  Downloaded futures-channel v0.3.32
  Downloaded darling_macro v0.23.0
  Downloaded crossbeam-utils v0.8.21
  Downloaded crossbeam-epoch v0.9.20
  Downloaded core-foundation-sys v0.8.7
  Downloaded clap_derive v4.6.0
  Downloaded allocator-api2 v0.2.21
  Downloaded tokio-macros v2.6.1
  Downloaded thread_local v1.1.9
  Downloaded thiserror v2.0.18
  Downloaded streaming-iterator v0.1.9
  Downloaded schemars_derive v1.2.1
  Downloaded rmcp-macros v2.2.0
  Downloaded pin-project-lite v0.2.17
  Downloaded parking_lot_core v0.9.12
  Downloaded parking_lot v0.12.5
  Downloaded once_cell v1.21.4
  Downloaded iana-time-zone v0.1.65
  Downloaded foldhash v0.2.0
  Downloaded digest v0.10.7
  Downloaded darling v0.23.0
  Downloaded crossbeam-deque v0.8.6
  Downloaded cfg-if v1.0.4
  Downloaded bitflags v2.11.0
  Downloaded zmij v1.0.21
  Downloaded walkdir v2.5.0
  Downloaded utf8parse v0.2.2
  Downloaded tracing-log v0.2.0
  Downloaded thiserror-impl v2.0.18
  Downloaded slab v0.4.12
  Downloaded signal-hook-registry v1.4.8
  Downloaded sha2 v0.10.9
  Downloaded serde_derive_internals v0.29.1
  Downloaded rand_core v0.10.0
  Downloaded r2d2 v0.8.10
  Downloaded quote v1.0.45
  Downloaded pastey v0.2.1
  Downloaded nu-ansi-term v0.50.3
  Downloaded notify-types v2.1.0
  Downloaded lru v0.18.2
  Downloaded lock_api v0.4.14
  Downloaded jobserver v0.1.34
  Downloaded globset v0.4.18
  Downloaded futures-executor v0.3.32
  Downloaded find-msvc-tools v0.1.9
  Downloaded fallible-iterator v0.3.0
  Downloaded either v1.15.0
  Downloaded dirs v5.0.1
  Downloaded constant_time_eq v0.4.2
  Downloaded cfg_aliases v0.2.1
  Downloaded autocfg v1.5.0
  Downloaded anstyle v1.0.14
  Downloaded anstream v1.0.0
  Downloaded tree-sitter-language v0.1.7
  Downloaded toml_write v0.1.2
  Downloaded toml_datetime v0.6.11
  Downloaded strsim v0.11.1
  Downloaded scopeguard v1.2.0
  Downloaded scheduled-thread-pool v0.2.7
  Downloaded same-file v1.0.6
  Downloaded pkg-config v0.3.32
  Downloaded itoa v1.0.18
  Downloaded ident_case v1.0.1
  Downloaded futures-core v0.3.32
  Downloaded fallible-streaming-iterator v0.1.9
  Downloaded dyn-clone v1.0.20
  Downloaded crypto-common v0.1.7
  Downloaded r2d2_sqlite v0.35.0
  Downloaded is_terminal_polyfill v1.70.2
  Downloaded futures-macro v0.3.32
  Downloaded colorchoice v1.0.5
  Downloaded matchers v0.2.0
  Downloaded heck v0.5.0
  Downloaded generic-array v0.14.7
  Downloaded futures-task v0.3.32
  Downloaded futures-sink v0.3.32
  Downloaded futures-io v0.3.32
  Downloaded fsevent-sys v4.1.0
  Downloaded fastrand v2.3.0
  Downloaded errno v0.3.14
  Downloaded dirs-sys v0.4.1
  Downloaded cpufeatures v0.2.17
  Downloaded arrayvec v0.7.6
  Downloaded lazy_static v1.5.0
  Downloaded async-trait v0.1.89
  Downloaded anstyle-parse v1.0.0
  Downloaded equivalent v1.0.2
  Downloaded libsqlite3-sys v0.38.1
   Compiling libc v0.2.183
   Compiling shlex v1.3.0
   Compiling find-msvc-tools v0.1.9
   Compiling proc-macro2 v1.0.106
   Compiling quote v1.0.45
   Compiling unicode-ident v1.0.24
   Compiling jobserver v0.1.34
   Compiling cc v1.2.58
   Compiling syn v2.0.117
   Compiling cfg-if v1.0.4
   Compiling memchr v2.8.0
   Compiling tree-sitter-language v0.1.7
   Compiling serde_core v1.0.228
   Compiling smallvec v1.15.1
   Compiling pin-project-lite v0.2.17
   Compiling serde v1.0.228
   Compiling pkg-config v0.3.32
   Compiling parking_lot_core v0.9.12
   Compiling scopeguard v1.2.0
   Compiling equivalent v1.0.2
   Compiling lock_api v0.4.14
   Compiling bitflags v2.11.0
   Compiling once_cell v1.21.4
   Compiling zmij v1.0.21
   Compiling parking_lot v0.12.5
   Compiling aho-corasick v1.1.4
   Compiling regex-syntax v0.8.10
   Compiling serde_derive v1.0.228
   Compiling regex-automata v0.4.14
   Compiling tracing-core v0.1.36
   Compiling itoa v1.0.18
   Compiling log v0.4.29
   Compiling tracing-attributes v0.1.31
   Compiling errno v0.3.14
   Compiling serde_json v1.0.149
   Compiling crossbeam-utils v0.8.21
   Compiling getrandom v0.4.2
   Compiling rand_core v0.10.0
   Compiling autocfg v1.5.0
   Compiling num-traits v0.2.19
   Compiling tracing v0.1.44
   Compiling zstd-sys v2.0.16+zstd.1.5.7
   Compiling futures-core v0.3.32
   Compiling allocator-api2 v0.2.21
   Compiling foldhash v0.2.0
   Compiling vcpkg v0.2.15
   Compiling thiserror v2.0.18
   Compiling crossbeam-epoch v0.9.20
   Compiling hashbrown v0.17.1
   Compiling libsqlite3-sys v0.38.1
   Compiling thiserror-impl v2.0.18
   Compiling blake3 v1.8.4
   Compiling core-foundation-sys v0.8.7
   Compiling strsim v0.11.1
   Compiling futures-sink v0.3.32
   Compiling futures-channel v0.3.32
   Compiling iana-time-zone v0.1.65
   Compiling chacha20 v0.10.2
   Compiling signal-hook-registry v1.4.8
   Compiling futures-macro v0.3.32
   Compiling tokio-macros v2.6.1
   Compiling mio v1.2.0
   Compiling socket2 v0.6.3
   Compiling constant_time_eq v0.4.2
   Compiling version_check v0.9.5
   Compiling arrayvec v0.7.6
   Compiling slab v0.4.12
   Compiling futures-task v0.3.32
   Compiling futures-io v0.3.32
   Compiling zstd-safe v7.2.4
   Compiling hashbrown v0.16.1
   Compiling arrayref v0.3.9
   Compiling bytes v1.11.1
   Compiling indexmap v2.13.0
   Compiling tokio v1.50.0
   Compiling futures-util v0.3.32
   Compiling generic-array v0.14.7
   Compiling rand v0.10.3
   Compiling crossbeam-deque v0.8.6
   Compiling chrono v0.4.44
   Compiling hashlink v0.12.1
   Compiling regex v1.12.3
   Compiling scheduled-thread-pool v0.2.7
   Compiling fallible-streaming-iterator v0.1.9
   Compiling ident_case v1.0.1
   Compiling cfg_aliases v0.2.1
   Compiling fallible-iterator v0.3.0
   Compiling rayon-core v1.13.0
   Compiling rusqlite v0.40.1
   Compiling nix v0.31.2
   Compiling darling_core v0.23.0
   Compiling r2d2 v0.8.10
   Compiling uuid v1.23.0
   Compiling cc-model v1.0.0 (/Users/runner/work/codecortex/codecortex/original/crates/cc-model)
   Compiling tree-sitter-cpp v0.23.4
   Compiling tree-sitter-go v0.23.4
   Compiling tree-sitter-c v0.23.4
   Compiling tree-sitter-rust v0.23.3
   Compiling tree-sitter v0.24.7
   Compiling tree-sitter-javascript v0.23.1
   Compiling tree-sitter-java v0.23.5
   Compiling tree-sitter-python v0.23.6
   Compiling tree-sitter-typescript v0.23.2
   Compiling typenum v1.20.1
   Compiling ref-cast v1.0.25
   Compiling same-file v1.0.6
   Compiling utf8parse v0.2.2
   Compiling anstyle-parse v1.0.0
   Compiling walkdir v2.5.0
   Compiling darling_macro v0.23.0
   Compiling r2d2_sqlite v0.35.0
   Compiling zstd v0.13.3
   Compiling futures-executor v0.3.32
   Compiling serde_spanned v0.6.9
   Compiling toml_datetime v0.6.11
   Compiling ref-cast-impl v1.0.25
   Compiling serde_derive_internals v0.29.1
   Compiling bstr v1.12.1
   Compiling toml_write v0.1.2
   Compiling anstyle-query v1.1.5
   Compiling streaming-iterator v0.1.9
   Compiling winnow v0.7.15
   Compiling either v1.15.0
   Compiling is_terminal_polyfill v1.70.2
   Compiling anstyle v1.0.14
   Compiling colorchoice v1.0.5
   Compiling anstream v1.0.0
   Compiling rayon v1.11.0
   Compiling toml_edit v0.22.27
   Compiling schemars_derive v1.2.1
   Compiling globset v0.4.18
   Compiling futures v0.3.32
   Compiling cc-db v1.0.0 (/Users/runner/work/codecortex/codecortex/original/crates/cc-db)
   Compiling darling v0.23.0
   Compiling lru v0.18.2
   Compiling heck v0.5.0
   Compiling lazy_static v1.5.0
   Compiling rmcp v2.2.0
   Compiling clap_lex v1.0.0
   Compiling option-ext v0.2.0
   Compiling rustix v1.1.4
   Compiling dyn-clone v1.0.20
   Compiling schemars v1.2.1
   Compiling dirs-sys v0.4.1
   Compiling clap_builder v4.6.0
   Compiling clap_derive v4.6.0
   Compiling sharded-slab v0.1.7
   Compiling cc-parsers v1.0.0 (/Users/runner/work/codecortex/codecortex/original/crates/cc-parsers)
   Compiling rmcp-macros v2.2.0
   Compiling process-wrap v9.1.0
   Compiling toml v0.8.23
   Compiling ignore v0.4.25
   Compiling crypto-common v0.1.7
   Compiling block-buffer v0.10.4
   Compiling tokio-stream v0.1.18
   Compiling tokio-util v0.7.18
   Compiling matchers v0.2.0
   Compiling tracing-log v0.2.0
   Compiling async-trait v0.1.89
   Compiling notify-types v2.1.0
   Compiling thread_local v1.1.9
   Compiling fsevent-sys v4.1.0
   Compiling nu-ansi-term v0.50.3
   Compiling pastey v0.2.1
   Compiling base64 v0.22.1
   Compiling tracing-subscriber v0.3.23
   Compiling notify v8.2.0
   Compiling digest v0.10.7
   Compiling cc-index v1.0.0 (/Users/runner/work/codecortex/codecortex/original/crates/cc-index)
warning: unused imports: `config_cache::Loader` and `python`
 --> crates/cc-index/src/project_model/python_inventory.rs:3:13
  |
3 | use super::{config_cache::Loader, python};
  |             ^^^^^^^^^^^^^^^^^^^^  ^^^^^^
  |
  = note: `#[warn(unused_imports)]` (part of `#[warn(unused)]`) on by default

   Compiling clap v4.6.0
   Compiling cc-search v1.0.0 (/Users/runner/work/codecortex/codecortex/original/crates/cc-search)
warning: function `bound` is never used
  --> crates/cc-index/src/project_model/python_inventory.rs:96:4
   |
96 | fn bound(actual: usize, limit: usize, resource: &'static str) -> Result<()> {
   |    ^^^^^
   |
   = note: `#[warn(dead_code)]` (part of `#[warn(unused)]`) on by default

warning: function `sum` is never used
   --> crates/cc-index/src/project_model/python_inventory.rs:103:4
    |
103 | fn sum(a: usize, b: usize, resource: &'static str) -> Result<usize> {
    |    ^^^

warning: function `supported_document` is never used
   --> crates/cc-index/src/project_model/python_inventory.rs:290:4
    |
290 | fn supported_document(doc: &ConfigDocument) -> Result<()> {
    |    ^^^^^^^^^^^^^^^^^^

warning: struct `OutputMeter` is never constructed
   --> crates/cc-index/src/project_model/python_inventory.rs:331:8
    |
331 | struct OutputMeter {
    |        ^^^^^^^^^^^

   Compiling dirs v5.0.1
   Compiling cpufeatures v0.2.17
   Compiling fastrand v2.3.0
   Compiling tempfile v3.27.0
   Compiling sha2 v0.10.9
   Compiling cc-server v1.0.0 (/Users/runner/work/codecortex/codecortex/original/crates/cc-server)
warning: `cc-index` (lib) generated 5 warnings (run `cargo fix --lib -p cc-index` to apply 1 suggestion)
   Compiling cc-eval v1.0.0 (/Users/runner/work/codecortex/codecortex/original/crates/cc-eval)
    Finished `test` profile [unoptimized + debuginfo] target(s) in 1m 38s
     Running tests/p8_scale.rs (/Users/runner/work/_temp/p8-mac-original-supervisor-37891034688-attempt1-target/debug/deps/p8_scale-2e1d6a779b7501c7)
