    Checking memchr v2.8.0
    Checking serde_core v1.0.228
    Checking libc v0.2.183
    Checking tracing-core v0.1.36
    Checking blake3 v1.8.4
    Checking aho-corasick v1.1.4
    Checking tracing v0.1.44
    Checking tree-sitter-go v0.23.4
    Checking tree-sitter-javascript v0.23.1
    Checking tree-sitter-rust v0.23.3
    Checking getrandom v0.4.2
    Checking tree-sitter-c v0.23.4
    Checking tree-sitter-typescript v0.23.2
    Checking tree-sitter-python v0.23.6
    Checking tree-sitter-cpp v0.23.4
    Checking tree-sitter-java v0.23.5
    Checking tempfile v3.27.0
    Checking regex-automata v0.4.14
    Checking serde_json v1.0.149
    Checking serde v1.0.228
    Checking cc-model v1.0.0 (/workspace/codecortex/crates/cc-model)
    Checking regex v1.12.3
    Checking tree-sitter v0.24.7
    Checking cc-parsers v1.0.0 (/workspace/codecortex/crates/cc-parsers)
    Finished `dev` profile [unoptimized + debuginfo] target(s) in 11.02s
