    Blocking waiting for file lock on artifact directory
   Compiling regex-automata v0.4.14
   Compiling log v0.4.29
   Compiling serde_json v1.0.149
   Compiling rand v0.10.3
   Compiling rusqlite v0.40.1
   Compiling uuid v1.23.0
   Compiling r2d2 v0.8.10
   Compiling toml_datetime v0.6.11
   Compiling serde_spanned v0.6.9
   Compiling cc-model v1.0.0 (/workspace/codecortex/crates/cc-model)
   Compiling toml_edit v0.22.27
   Compiling chrono v0.4.44
   Compiling regex v1.12.3
   Compiling tree-sitter v0.24.7
   Compiling globset v0.4.18
   Compiling r2d2_sqlite v0.35.0
   Compiling toml v0.8.23
   Compiling ignore v0.4.25
   Compiling tempfile v3.27.0
   Compiling cc-parsers v1.0.0 (/workspace/codecortex/crates/cc-parsers)
   Compiling cc-db v1.0.0 (/workspace/codecortex/crates/cc-db)
   Compiling cc-index v1.0.0 (/workspace/codecortex/crates/cc-index)
    Finished `test` profile [unoptimized + debuginfo] target(s) in 31.84s
     Running tests/independent_qname_parser_public.rs (target/debug/deps/independent_qname_parser_public-34071c4f9f7197e4)

running 4 tests
test nearest_declaration_and_conditional_classes_preserve_native_scope ... ok
test decorated_classes_are_class_declarations_not_function_or_method ... ok
test unicode_crlf_decorator_is_single_wrapper_and_body_call_owner ... ok
test malformed_and_missing_proofs_omit_identity ... ok

test result: ok. 4 passed; 0 failed; 0 ignored; 0 measured; 0 filtered out; finished in 0.04s

     Running tests/independent_qname_repair_guard.rs (target/debug/deps/independent_qname_repair_guard-33dedf7e700ff37f)

running 3 tests
test cpp_rejected_kind_hint_keeps_actual_function_name_not_return_type ... ok
test decorator_owners_and_canonical_class_method_are_not_duplicated ... ok
test real_language_guard_snapshot ... ok

test result: ok. 3 passed; 0 failed; 0 ignored; 0 measured; 0 filtered out; finished in 0.11s

     Running tests/p3d_boundaries.rs (target/debug/deps/p3d_boundaries-25c8ca1a860b5125)

running 12 tests
test application_configuration_fifo_is_also_bounded ... ok
test directory_symlink_and_final_symlink_never_load_external_configuration ... ok
test configuration_directory_is_not_a_regular_file ... ok
test foreign_language_import_must_not_resolve_using_javascript_suffixes ... ok
test excessive_go_package_members_are_unknown_not_an_invalid_resolved_set ... ok
test absolute_and_url_extends_never_fetch_or_execute ... ok
test fifo_configuration_is_rejected_without_waiting_for_a_writer ... ok
test rust_alias_entry_index_preserves_ambiguity_and_rebuilds_after_removal ... ok
test special_config_child ... ignored, child-process harness exercised by the bounded FIFO parent tests
test rejected_import_previews_do_not_collapse_distinct_request_identities ... ok
test sfc_script_imports_use_the_same_captured_typescript_rules ... ok
test ordinary_extends_filename_suffix_is_not_a_package_manifest_identity ... ok

test result: ok. 11 passed; 0 failed; 1 ignored; 0 measured; 0 filtered out; finished in 0.07s

     Running tests/python_declaration_identity.rs (target/debug/deps/python_declaration_identity-61282226684dd101)

running 3 tests
test decorator_references_and_calls_are_real_and_evaluated_in_enclosing_scope ... ok
test classes_keep_canonical_envelopes_members_uids_and_lexical_parents ... ok
test decorated_class_members_are_not_lost_in_small_or_split_chunks ... ok

test result: ok. 3 passed; 0 failed; 0 ignored; 0 measured; 0 filtered out; finished in 0.09s

     Running tests/qname_identity_proof.rs (target/debug/deps/qname_identity_proof-945b041ff9d9cc4f)

running 4 tests
test same_name_neighbor_owner_cannot_authorize_a_disjoint_body_chunk ... ok
test parser_lexical_qnames_distinguish_function_locals_class_methods_and_async_decorated_scopes ... ok
test association_requires_unique_exact_complete_source_and_matching_existing_labels ... ok
test decorated_body_call_owners_use_the_same_canonical_parser_identity ... ok

test result: ok. 4 passed; 0 failed; 0 ignored; 0 measured; 0 filtered out; finished in 0.08s

     Running tests/qname_identity_transaction.rs (target/debug/deps/qname_identity_transaction-445b2729fccc7174)

running 2 tests
test real_file_transaction_rejects_changed_relation_and_preserves_previous_generation ... ok
test only_the_real_sql_surviving_declaration_gets_identity_without_candidate_deduplication ... ok

test result: ok. 2 passed; 0 failed; 0 ignored; 0 measured; 0 filtered out; finished in 0.11s

     Running tests/qname_owner_diagnostic.rs (target/debug/deps/qname_owner_diagnostic-13f223c8c990d43a)

running 3 tests
test go_long_method_fragments_have_exact_method_owner_not_neighbor_or_type ... ok
test python_exact_owner_coordinates_distinguish_classes_and_decorated_declarations ... ok
test python_nested_symbol_preserves_lexical_function_scope ... ok

test result: ok. 3 passed; 0 failed; 0 ignored; 0 measured; 0 filtered out; finished in 0.05s

