 Downloading crates ...
  Downloaded http-body v1.1.0
  Downloaded http v1.5.0
  Downloaded hyper-rustls v0.27.10
  Downloaded displaydoc v0.2.7
  Downloaded icu_normalizer_data v2.3.0
  Downloaded hyper-util v0.1.21
  Downloaded icu_collections v2.3.0
  Downloaded crossbeam-epoch v0.9.20
  Downloaded base64 v0.23.1
  Downloaded atomic-waker v1.1.2
  Downloaded icu_provider v2.3.1
  Downloaded idna v1.1.0
  Downloaded form_urlencoded v1.2.2
  Downloaded icu_properties_data v2.3.0
  Downloaded icu_properties v2.3.0
  Downloaded icu_normalizer v2.3.0
  Downloaded lru v0.18.2
  Downloaded lru-slab v0.1.3
  Downloaded rand_pcg v0.10.2
  Downloaded quinn-udp v0.5.15
  Downloaded quinn-proto v0.11.18
  Downloaded potential_utf v0.1.6
  Downloaded notify-types v2.1.0
  Downloaded notify v8.2.0
  Downloaded idna_adapter v1.2.2
  Downloaded inotify v0.11.5
  Downloaded httparse v1.10.1
  Downloaded percent-encoding v2.3.2
  Downloaded reqwest v0.12.28
  Downloaded http-body-util v0.1.5
  Downloaded rustls-pki-types v1.15.1
  Downloaded hyper v1.11.1
  Downloaded rustls v0.23.45
  Downloaded icu_locale_core v2.3.0
  Downloaded sync_wrapper v1.0.2
  Downloaded serde_urlencoded v0.7.1
  Downloaded synstructure v0.14.0
  Downloaded ring v0.17.14
  Downloaded litemap v0.8.3
  Downloaded tokio-rustls v0.26.5
  Downloaded tinyvec v1.13.3
  Downloaded tinystr v0.8.4
  Downloaded syn v3.0.6
  Downloaded try-lock v0.2.5
  Downloaded stable_deref_trait v1.2.1
  Downloaded rustls-webpki v0.103.15
  Downloaded rustc-hash v2.1.3
  Downloaded url v2.5.8
  Downloaded tower-http v0.6.11
  Downloaded untrusted v0.9.0
  Downloaded tower v0.5.3
  Downloaded utf8_iter v1.0.4
  Downloaded ryu v1.0.23
  Downloaded quinn v0.11.12
  Downloaded inotify-sys v0.1.8
  Downloaded zerofrom-derive v0.1.8
  Downloaded want v0.3.1
  Downloaded webpki-roots v1.0.9
  Downloaded zeroize v1.9.0
  Downloaded zerofrom v0.1.8
  Downloaded tower-service v0.3.3
  Downloaded tower-layer v0.3.3
  Downloaded subtle v2.6.1
  Downloaded ipnet v2.12.2
  Downloaded writeable v0.6.4
  Downloaded zerotrie v0.2.5
  Downloaded zerovec-derive v0.11.6
  Downloaded zerovec v0.11.8
  Downloaded yoke-derive v0.8.4
  Downloaded yoke v0.8.3
   Compiling libc v0.2.183
   Compiling memchr v2.8.0
   Compiling smallvec v1.15.1
   Compiling log v0.4.29
   Compiling tree-sitter-language v0.1.7
   Compiling syn v3.0.6
   Compiling jobserver v0.1.34
   Compiling cc v1.2.58
   Compiling serde_core v1.0.228
   Compiling parking_lot_core v0.9.12
   Compiling parking_lot v0.12.5
   Compiling serde v1.0.228
   Compiling futures-core v0.3.32
   Compiling bytes v1.11.1
   Compiling stable_deref_trait v1.2.1
   Compiling mio v1.2.0
   Compiling errno v0.3.14
   Compiling tracing-core v0.1.36
   Compiling synstructure v0.14.0
   Compiling equivalent v1.0.2
   Compiling signal-hook-registry v1.4.8
   Compiling socket2 v0.6.3
   Compiling tokio-macros v2.6.1
   Compiling futures-sink v0.3.32
   Compiling futures-channel v0.3.32
   Compiling tracing v0.1.44
   Compiling zerofrom-derive v0.1.8
   Compiling yoke-derive v0.8.4
   Compiling zerovec-derive v0.11.6
   Compiling tokio v1.50.0
   Compiling zerofrom v0.1.8
   Compiling displaydoc v0.2.7
   Compiling yoke v0.8.3
   Compiling aho-corasick v1.1.4
   Compiling zerovec v0.11.8
   Compiling futures-macro v0.3.32
   Compiling futures-task v0.3.32
   Compiling slab v0.4.12
   Compiling regex-automata v0.4.14
   Compiling futures-io v0.3.32
   Compiling futures-util v0.3.32
   Compiling serde_json v1.0.149
   Compiling tinystr v0.8.4
   Compiling zstd-sys v2.0.16+zstd.1.5.7
   Compiling writeable v0.6.4
   Compiling allocator-api2 v0.2.21
   Compiling litemap v0.8.3
   Compiling crossbeam-utils v0.8.21
   Compiling icu_locale_core v2.3.0
   Compiling hashbrown v0.17.1
   Compiling libsqlite3-sys v0.38.1
   Compiling getrandom v0.4.2
   Compiling potential_utf v0.1.6
   Compiling zerotrie v0.2.5
   Compiling blake3 v1.8.4
   Compiling ring v0.17.14
   Compiling crossbeam-epoch v0.9.20
   Compiling utf8_iter v1.0.4
   Compiling icu_properties_data v2.3.0
   Compiling icu_normalizer_data v2.3.0
   Compiling icu_collections v2.3.0
   Compiling icu_provider v2.3.1
   Compiling http v1.5.0
   Compiling zeroize v1.9.0
   Compiling percent-encoding v2.3.2
   Compiling strsim v0.11.1
   Compiling rustls-pki-types v1.15.1
   Compiling chrono v0.4.44
   Compiling http-body v1.1.0
   Compiling rand v0.10.3
   Compiling hashlink v0.12.1
   Compiling regex v1.12.3
   Compiling scheduled-thread-pool v0.2.7
   Compiling getrandom v0.2.17
   Compiling hashbrown v0.16.1
   Compiling untrusted v0.9.0
   Compiling httparse v1.10.1
   Compiling indexmap v2.13.0
   Compiling r2d2 v0.8.10
   Compiling icu_properties v2.3.0
   Compiling icu_normalizer v2.3.0
   Compiling crossbeam-deque v0.8.6
   Compiling uuid v1.23.0
   Compiling cc-model v1.0.0 (/workspace/codecortex/crates/cc-model)
   Compiling rusqlite v0.40.1
   Compiling tower-service v0.3.3
   Compiling cfg_aliases v0.2.1
   Compiling try-lock v0.2.5
   Compiling rustls v0.23.45
   Compiling rayon-core v1.13.0
   Compiling ident_case v1.0.1
   Compiling darling_core v0.23.0
   Compiling r2d2_sqlite v0.35.0
   Compiling want v0.3.1
   Compiling nix v0.31.2
   Compiling idna_adapter v1.2.2
   Compiling rustls-webpki v0.103.15
   Compiling form_urlencoded v1.2.2
   Compiling tree-sitter v0.24.7
   Compiling tree-sitter-python v0.23.6
   Compiling zstd-safe v7.2.4
   Compiling tree-sitter-c v0.23.4
   Compiling tree-sitter-go v0.23.4
   Compiling tree-sitter-typescript v0.23.2
   Compiling zstd v0.13.3
   Compiling tree-sitter-cpp v0.23.4
   Compiling tree-sitter-rust v0.23.3
   Compiling tree-sitter-javascript v0.23.1
   Compiling tree-sitter-java v0.23.5
   Compiling ref-cast v1.0.25
   Compiling subtle v2.6.1
   Compiling atomic-waker v1.1.2
   Compiling same-file v1.0.6
   Compiling utf8parse v0.2.2
   Compiling inotify-sys v0.1.8
   Compiling anstyle-parse v1.0.0
   Compiling walkdir v2.5.0
   Compiling hyper v1.11.1
   Compiling cc-db v1.0.0 (/workspace/codecortex/crates/cc-db)
   Compiling darling_macro v0.23.0
   Compiling idna v1.1.0
   Compiling futures-executor v0.3.32
   Compiling toml_datetime v0.6.11
   Compiling serde_spanned v0.6.9
   Compiling sync_wrapper v1.0.2
   Compiling bstr v1.12.1
   Compiling ref-cast-impl v1.0.25
   Compiling serde_derive_internals v0.29.1
   Compiling ipnet v2.12.2
   Compiling anstyle v1.0.14
   Compiling colorchoice v1.0.5
   Compiling tower-layer v0.3.3
   Compiling streaming-iterator v0.1.9
   Compiling toml_write v0.1.2
   Compiling anstyle-query v1.1.5
   Compiling either v1.15.0
   Compiling is_terminal_polyfill v1.70.2
   Compiling base64 v0.23.1
   Compiling winnow v0.7.15
   Compiling hyper-util v0.1.21
   Compiling rayon v1.11.0
   Compiling anstream v1.0.0
   Compiling toml_edit v0.22.27
   Compiling tower v0.5.3
   Compiling schemars_derive v1.2.1
   Compiling globset v0.4.18
   Compiling futures v0.3.32
   Compiling url v2.5.8
   Compiling darling v0.23.0
   Compiling tokio-rustls v0.26.5
   Compiling webpki-roots v1.0.9
   Compiling lru v0.18.2
   Compiling base64 v0.22.1
   Compiling lazy_static v1.5.0
   Compiling heck v0.5.0
   Compiling dyn-clone v1.0.20
   Compiling clap_lex v1.0.0
   Compiling option-ext v0.2.0
   Compiling ryu v1.0.23
   Compiling rmcp v2.2.0
   Compiling clap_builder v4.6.0
   Compiling serde_urlencoded v0.7.1
   Compiling dirs-sys v0.4.1
   Compiling schemars v1.2.1
   Compiling clap_derive v4.6.0
   Compiling sharded-slab v0.1.7
   Compiling process-wrap v9.1.0
   Compiling hyper-rustls v0.27.10
   Compiling inotify v0.11.5
   Compiling cc-parsers v1.0.0 (/workspace/codecortex/crates/cc-parsers)
   Compiling rmcp-macros v2.2.0
   Compiling tower-http v0.6.11
   Compiling ignore v0.4.25
   Compiling toml v0.8.23
   Compiling http-body-util v0.1.5
   Compiling tokio-util v0.7.18
   Compiling matchers v0.2.0
   Compiling tokio-stream v0.1.18
   Compiling tracing-log v0.2.0
   Compiling notify-types v2.1.0
   Compiling thread_local v1.1.9
   Compiling async-trait v0.1.89
   Compiling pastey v0.2.1
   Compiling nu-ansi-term v0.50.3
   Compiling tracing-subscriber v0.3.23
   Compiling tempfile v3.27.0
   Compiling notify v8.2.0
   Compiling cc-index v1.0.0 (/workspace/codecortex/crates/cc-index)
   Compiling reqwest v0.12.28
   Compiling clap v4.6.0
   Compiling dirs v5.0.1
   Compiling cc-search v1.0.0 (/workspace/codecortex/crates/cc-search)
   Compiling cc-semantic v1.0.0 (/workspace/codecortex/crates/cc-semantic)
   Compiling cc-server v1.0.0 (/workspace/codecortex/crates/cc-server)
    Finished `test` profile [unoptimized + debuginfo] target(s) in 1m 25s
     Running unittests src/lib.rs (target/debug/deps/cc_server-398f8eaed910ff13)
capability_status::tests::attached_port_with_degradation_reports_degraded_state_and_reasons: test
capability_status::tests::detectable_incarnation_change_retries_then_returns_only_the_new_observation: test
capability_status::tests::identity_churn_is_bounded_and_never_reports_old_database_ready: test
capability_status::tests::old_active_space_cannot_report_configured_new_model_ready: test
capability_status::tests::ordinary_index_churn_returns_one_complete_observation_per_poll: test
capability_status::tests::query_network_authorization_is_separate_and_requires_live_encoder: test
capability_status::tests::real_worker_publication_between_status_reads_never_mixes_epochs: test
capability_status::tests::stale_wiring_metadata_cannot_claim_an_unattached_port_is_ready: test
capability_status::tests::unattached_healthy_or_unreported_states_are_never_degraded: test
capability_status::tests::wired_status_requires_an_active_space_and_reports_publication_gaps: test

10 tests, 0 benchmarks
