   Compiling parking_lot_core v0.9.12
   Compiling mio v1.2.0
   Compiling parking_lot v0.12.5
   Compiling errno v0.3.14
   Compiling signal-hook-registry v1.4.8
   Compiling socket2 v0.6.3
   Compiling scheduled-thread-pool v0.2.7
   Compiling tokio v1.50.0
   Compiling getrandom v0.2.17
   Compiling rusqlite v0.40.1
   Compiling ring v0.17.14
   Compiling r2d2 v0.8.10
   Compiling cc-model v1.0.0 (/home/runner/work/codecortex/codecortex/crates/cc-model)
   Compiling r2d2_sqlite v0.35.0
   Compiling rustls-webpki v0.103.15
   Compiling rustls v0.23.45
   Compiling cc-db v1.0.0 (/home/runner/work/codecortex/codecortex/crates/cc-db)
   Compiling hyper v1.11.1
   Compiling hyper-util v0.1.21
   Compiling tower v0.5.3
   Compiling inotify-sys v0.1.8
   Compiling tokio-rustls v0.26.5
   Compiling rmcp v2.2.0
   Compiling dirs-sys v0.4.1
   Compiling hyper-rustls v0.27.10
   Compiling inotify v0.11.5
   Compiling cc-parsers v1.0.0 (/home/runner/work/codecortex/codecortex/crates/cc-parsers)
   Compiling tower-http v0.6.11
   Compiling tokio-util v0.7.18
   Compiling notify-types v2.1.0
   Compiling notify v8.2.0
   Compiling reqwest v0.12.28
   Compiling cc-index v1.0.0 (/home/runner/work/codecortex/codecortex/crates/cc-index)
   Compiling cc-semantic v1.0.0 (/home/runner/work/codecortex/codecortex/crates/cc-semantic)
   Compiling cc-search v1.0.0 (/home/runner/work/codecortex/codecortex/crates/cc-search)
   Compiling dirs v5.0.1
   Compiling cc-server v1.0.0 (/home/runner/work/codecortex/codecortex/crates/cc-server)
    Finished `dev` profile [unoptimized] target(s) in 22.53s
