 Downloading crates ...
  Downloaded sha2 v0.10.9
  Downloaded version_check v0.9.5
  Downloaded cpufeatures v0.2.17
  Downloaded digest v0.10.7
  Downloaded block-buffer v0.10.4
  Downloaded typenum v1.20.1
  Downloaded generic-array v0.14.7
  Downloaded crypto-common v0.1.7
   Compiling version_check v0.9.5
   Compiling typenum v1.20.1
   Compiling generic-array v0.14.7
   Compiling cpufeatures v0.2.17
   Compiling crypto-common v0.1.7
   Compiling block-buffer v0.10.4
   Compiling digest v0.10.7
   Compiling sha2 v0.10.9
   Compiling cc-eval v1.0.0 (/home/runner/work/codecortex/codecortex/crates/cc-eval)
    Finished `test` profile [unoptimized] target(s) in 5.95s
     Running unittests src/lib.rs (/home/runner/work/_temp/p7-closeout-target/debug/deps/cc_eval-2d0767e51ab47614)

running 1 test
test benchmark::sampler::process_probe_tests::self_usage_has_direct_identity_and_monotonic_cpu_without_procfs_lookup ... ok

test result: ok. 1 passed; 0 failed; 0 ignored; 0 measured; 53 filtered out; finished in 0.03s

