unsupported-example 2
p0-smoke-validate 0
p0-smoke-run 0
p0-smoke-replay 0
p1b-exact-validate 0
p1b-exact-run 0
p1b-exact-replay 0
p1c-intents-validate 0
p1c-intents-run 1
p1c-intents-replay 1
p0-codecortex-subset-validate 0
p0-codecortex-subset-run 1
p0-codecortex-subset-replay 1
p0-rust-api-validate 0
p0-rust-api-run 0
p0-rust-api-replay 0
p0-python-api-validate 0
p0-python-api-run 0
p0-python-api-replay 0
p1c-softscope-validate 0
p1c-softscope-run 0
p1c-softscope-replay 0
p1c-bm25-validate 0
p1c-bm25-run 0
p1c-bm25-replay 0
COMPLETE clean current run
