   Compiling serde_core v1.0.228
   Compiling smallvec v1.15.1
   Compiling memchr v2.8.0
   Compiling bitflags v2.11.0
   Compiling parking_lot_core v0.9.12
   Compiling serde v1.0.228
   Compiling parking_lot v0.12.5
   Compiling hashbrown v0.17.1
   Compiling serde_json v1.0.149
   Compiling scheduled-thread-pool v0.2.7
   Compiling aho-corasick v1.1.4
   Compiling hashlink v0.12.1
   Compiling tracing-core v0.1.36
   Compiling rustix v1.1.4
   Compiling log v0.4.29
   Compiling r2d2 v0.8.10
   Compiling tracing v0.1.44
   Compiling rusqlite v0.40.1
   Compiling regex-automata v0.4.14
   Compiling linux-raw-sys v0.12.1
   Compiling chrono v0.4.44
   Compiling regex v1.12.3
   Compiling r2d2_sqlite v0.35.0
   Compiling cc-model v1.0.0 (/workspace/codecortex/artifacts/checkpoints/backfill-phase-costs-v2-20261003/source/crates/cc-model)
   Compiling fastrand v2.3.0
   Compiling tempfile v3.27.0
   Compiling cc-db v1.0.0 (/workspace/codecortex/artifacts/checkpoints/backfill-phase-costs-v2-20261003/source/crates/cc-db)
    Finished `release` profile [optimized] target(s) in 32.36s
