   Compiling serde_core v1.0.228
   Compiling serde v1.0.228
   Compiling regex-automata v0.4.14
   Compiling log v0.4.29
   Compiling serde_json v1.0.149
   Compiling tracing-core v0.1.36
   Compiling tracing v0.1.44
   Compiling regex v1.12.3
   Compiling r2d2 v0.8.10
   Compiling cc-model v1.0.0 (/home/runner/work/codecortex/codecortex/candidate/crates/cc-model)
   Compiling serde_spanned v0.6.9
   Compiling toml_datetime v0.6.11
   Compiling toml_edit v0.22.27
   Compiling chrono v0.4.44
   Compiling tree-sitter v0.24.7
   Compiling globset v0.4.18
   Compiling r2d2_sqlite v0.35.0
   Compiling cc-parsers v1.0.0 (/home/runner/work/codecortex/codecortex/candidate/crates/cc-parsers)
   Compiling cc-db v1.0.0 (/home/runner/work/codecortex/codecortex/candidate/crates/cc-db)
   Compiling ignore v0.4.25
   Compiling toml v0.8.23
   Compiling tempfile v3.27.0
   Compiling cc-index v1.0.0 (/home/runner/work/codecortex/codecortex/candidate/crates/cc-index)
    Finished `release` profile [optimized] target(s) in 1m 30s
     Running tests/explicit_text_admission.rs (/home/runner/work/_temp/p8-release-external/builds/product/cargo-target/release/deps/explicit_text_admission-16db6a0b318dfd4c)

running 5 tests
test defaults_and_the_two_opt_ins_remain_independent ... ok
test explicit_text_cannot_read_an_environment_file_through_a_symlink_alias ... ok
test explicit_text_rejects_binary_invalid_utf8_and_over_limit_on_every_entrypoint ... ok
test opt_in_full_directory_and_single_event_scans_share_admission ... ok
test real_generic_chunks_fts_updates_hidden_moves_and_deletes_stay_coherent ... ok

test result: ok. 5 passed; 0 failed; 0 ignored; 0 measured; 0 filtered out; finished in 0.23s

