    Updating crates.io index
 Downloading crates ...
  Downloaded chacha20 v0.10.2
  Downloaded rand v0.10.3
   Compiling serde_core v1.0.228
   Compiling memchr v2.8.0
   Compiling serde v1.0.228
   Compiling chacha20 v0.10.2
   Compiling serde_json v1.0.149
   Compiling rand v0.10.3
   Compiling tracing-core v0.1.36
   Compiling aho-corasick v1.1.4
   Compiling log v0.4.29
   Compiling rusqlite v0.40.1
   Compiling r2d2 v0.8.10
   Compiling tracing v0.1.44
   Compiling uuid v1.23.0
   Compiling regex-automata v0.4.14
   Compiling chrono v0.4.44
   Compiling r2d2_sqlite v0.35.0
   Compiling tempfile v3.27.0
   Compiling cc-model v1.0.0 (/workspace/codecortex/crates/cc-model)
   Compiling regex v1.12.3
   Compiling cc-db v1.0.0 (/workspace/codecortex/crates/cc-db)
    Finished `test` profile [unoptimized + debuginfo] target(s) in 15.41s
     Running tests/ci_schema_guard_contract.rs (target/debug/deps/ci_schema_guard_contract-755e6049218e957a)

running 3 tests
test fresh_index_really_initializes_declared_v24 ... ok
test committed_v21_upgrade_invalidates_legacy_rows_and_incarnation ... ok
test nonadjacent_versions_still_require_rebuild ... ok

test result: ok. 3 passed; 0 failed; 0 ignored; 0 measured; 0 filtered out; finished in 0.08s
