2026-10-09T21:20:07.2296548Z Current runner version: '2.337.0'
2026-10-09T21:20:07.2320977Z ##[group]Runner Image Provisioner
2026-10-09T21:20:07.2321840Z Hosted Compute Agent
2026-10-09T21:20:07.2322407Z Version: 20261002.596
2026-10-09T21:20:07.2323181Z Commit: c3d12f3313a95f25162a1503be624f3b0617f8c0
2026-10-09T21:20:07.2324098Z Build Date: 2026-10-02T22:28:27Z
2026-10-09T21:20:07.2324833Z Worker ID: {e19089f8-460e-49e1-ba38-91a2ef864ef5}
2026-10-09T21:20:07.2325556Z Region: centralus
2026-10-09T21:20:07.2326100Z Cloud: Azure
2026-10-09T21:20:07.2326670Z ##[endgroup]
2026-10-09T21:20:07.2327997Z ##[group]Operating System
2026-10-09T21:20:07.2328616Z Ubuntu
2026-10-09T21:20:07.2329132Z 24.04.5
2026-10-09T21:20:07.2329632Z LTS
2026-10-09T21:20:07.2330150Z ##[endgroup]
2026-10-09T21:20:07.2330676Z ##[group]Runner Image
2026-10-09T21:20:07.2331262Z Image: ubuntu-24.04
2026-10-09T21:20:07.2331834Z Version: 20261004.327.1
2026-10-09T21:20:07.2333053Z Included Software: https://github.com/actions/runner-images/blob/ubuntu24/20261004.327/images/ubuntu/Ubuntu2404-Readme.md
2026-10-09T21:20:07.2334804Z Image Release: https://github.com/actions/runner-images/releases/tag/ubuntu24%2F20261004.327
2026-10-09T21:20:07.2335723Z ##[endgroup]
2026-10-09T21:20:07.2336932Z ##[group]GITHUB_TOKEN Permissions
2026-10-09T21:20:07.2338890Z Contents: read
2026-10-09T21:20:07.2339518Z Metadata: read
2026-10-09T21:20:07.2340162Z Packages: read
2026-10-09T21:20:07.2340711Z ##[endgroup]
2026-10-09T21:20:07.2343129Z Secret source: Actions
2026-10-09T21:20:07.2344354Z Cache mode: write
2026-10-09T21:20:07.2345147Z Prepare workflow directory
2026-10-09T21:20:07.2764202Z Prepare all required actions
2026-10-09T21:20:07.2816106Z Getting action download info
2026-10-09T21:20:07.5311999Z Download action repository 'actions/checkout@v4' (SHA:11d5960a326750d5838078e36cf38b85af677262)
2026-10-09T21:20:07.6217786Z Download action repository 'dtolnay/rust-toolchain@stable' (SHA:686976e191b89faba57d3206551f0f330d8cb249)
2026-10-09T21:20:07.8041273Z Download action repository 'Swatinem/rust-cache@v2' (SHA:6323deb102c322ba6fcbdcafc7e3dddab59af2b6)
2026-10-09T21:20:08.4774470Z Complete job name: check
2026-10-09T21:20:08.5621167Z ##[group]Run actions/checkout@v4
2026-10-09T21:20:08.5622158Z with:
2026-10-09T21:20:08.5622740Z   repository: jyqj/codecortex
2026-10-09T21:20:08.5627291Z   token: ***
2026-10-09T21:20:08.5627939Z   ssh-strict: true
2026-10-09T21:20:08.5628560Z   ssh-user: git
2026-10-09T21:20:08.5629114Z   persist-credentials: true
2026-10-09T21:20:08.5629718Z   clean: true
2026-10-09T21:20:08.5630310Z   sparse-checkout-cone-mode: true
2026-10-09T21:20:08.5630942Z   fetch-depth: 1
2026-10-09T21:20:08.5631506Z   fetch-tags: false
2026-10-09T21:20:08.5632058Z   show-progress: true
2026-10-09T21:20:08.5632595Z   lfs: false
2026-10-09T21:20:08.5633182Z   submodules: false
2026-10-09T21:20:08.5633927Z   set-safe-directory: true
2026-10-09T21:20:08.5634609Z   allow-unsafe-pr-checkout: false
2026-10-09T21:20:08.5635443Z env:
2026-10-09T21:20:08.5635946Z   CARGO_TERM_COLOR: always
2026-10-09T21:20:08.5636652Z   RUSTFLAGS: -D warnings
2026-10-09T21:20:08.5637226Z ##[endgroup]
2026-10-09T21:20:08.6636398Z Syncing repository: jyqj/codecortex
2026-10-09T21:20:08.6638724Z ##[group]Getting Git version info
2026-10-09T21:20:08.6639670Z Working directory is '/home/runner/work/codecortex/codecortex'
2026-10-09T21:20:08.6641112Z [command]/usr/bin/git version
2026-10-09T21:20:08.6704742Z git version 2.55.0
2026-10-09T21:20:08.6722430Z ##[endgroup]
2026-10-09T21:20:08.6736898Z Temporarily overriding HOME='/home/runner/work/_temp/c04d33a4-12f7-4b81-b8a9-acbcc908bba3' before making global git config changes
2026-10-09T21:20:08.6738829Z Adding repository directory to the temporary git global config as a safe directory
2026-10-09T21:20:08.6741054Z [command]/usr/bin/git config --global --add safe.directory /home/runner/work/codecortex/codecortex
2026-10-09T21:20:08.6793505Z Deleting the contents of '/home/runner/work/codecortex/codecortex'
2026-10-09T21:20:08.6797130Z ##[group]Initializing the repository
2026-10-09T21:20:08.6801043Z [command]/usr/bin/git init /home/runner/work/codecortex/codecortex
2026-10-09T21:20:08.6905761Z hint: Using 'master' as the name for the initial branch. This default branch name
2026-10-09T21:20:08.6908177Z hint: will change to "main" in Git 3.0. To configure the initial branch name
2026-10-09T21:20:08.6909992Z hint: to use in all of your new repositories, which will suppress this warning,
2026-10-09T21:20:08.6911348Z hint: call:
2026-10-09T21:20:08.6912146Z hint:
2026-10-09T21:20:08.6913063Z hint: 	git config --global init.defaultBranch <name>
2026-10-09T21:20:08.6914947Z hint:
2026-10-09T21:20:08.6916158Z hint: Names commonly chosen instead of 'master' are 'main', 'trunk' and
2026-10-09T21:20:08.6917806Z hint: 'development'. The just-created branch can be renamed via this command:
2026-10-09T21:20:08.6919061Z hint:
2026-10-09T21:20:08.6919906Z hint: 	git branch -m <name>
2026-10-09T21:20:08.6920789Z hint:
2026-10-09T21:20:08.6921975Z hint: Disable this message with "git config set advice.defaultBranchName false"
2026-10-09T21:20:08.6923698Z Initialized empty Git repository in /home/runner/work/codecortex/codecortex/.git/
2026-10-09T21:20:08.6927522Z [command]/usr/bin/git remote add origin https://github.com/jyqj/codecortex
2026-10-09T21:20:08.6972621Z ##[endgroup]
2026-10-09T21:20:08.6974270Z ##[group]Disabling automatic garbage collection
2026-10-09T21:20:08.6976351Z [command]/usr/bin/git config --local gc.auto 0
2026-10-09T21:20:08.7004907Z ##[endgroup]
2026-10-09T21:20:08.7005817Z ##[group]Setting up auth
2026-10-09T21:20:08.7010399Z [command]/usr/bin/git config --local --name-only --get-regexp core\.sshCommand
2026-10-09T21:20:08.7038158Z [command]/usr/bin/git submodule foreach --recursive sh -c "git config --local --name-only --get-regexp 'core\.sshCommand' && git config --local --unset-all 'core.sshCommand' || :"
2026-10-09T21:20:08.7351390Z [command]/usr/bin/git config --local --name-only --get-regexp http\.https\:\/\/github\.com\/\.extraheader
2026-10-09T21:20:08.7378671Z [command]/usr/bin/git submodule foreach --recursive sh -c "git config --local --name-only --get-regexp 'http\.https\:\/\/github\.com\/\.extraheader' && git config --local --unset-all 'http.https://github.com/.extraheader' || :"
2026-10-09T21:20:08.7567988Z [command]/usr/bin/git config --local --name-only --get-regexp ^includeIf\.gitdir:
2026-10-09T21:20:08.7595108Z [command]/usr/bin/git submodule foreach --recursive git config --local --show-origin --name-only --get-regexp remote.origin.url
2026-10-09T21:20:08.7780587Z [command]/usr/bin/git config --local http.https://github.com/.extraheader AUTHORIZATION: basic ***
2026-10-09T21:20:08.7819809Z ##[endgroup]
2026-10-09T21:20:08.7821388Z ##[group]Fetching the repository
2026-10-09T21:20:08.7829580Z [command]/usr/bin/git -c protocol.version=2 fetch --no-tags --prune --no-recurse-submodules --depth=1 origin +385c95a827285c168926980fb00180e21947ccc4:refs/remotes/pull/195/merge
2026-10-09T21:20:38.4299176Z From https://github.com/jyqj/codecortex
2026-10-09T21:20:38.4300198Z  * [new ref]           385c95a827285c168926980fb00180e21947ccc4 -> pull/195/merge
2026-10-09T21:20:38.4302835Z ##[endgroup]
2026-10-09T21:20:38.4303709Z ##[group]Determining the checkout info
2026-10-09T21:20:38.4310983Z ##[endgroup]
2026-10-09T21:20:38.4312753Z [command]/usr/bin/git sparse-checkout disable
2026-10-09T21:20:38.4378883Z [command]/usr/bin/git config --local --unset-all extensions.worktreeConfig
2026-10-09T21:20:38.4410270Z ##[group]Checking out the ref
2026-10-09T21:20:38.4414381Z [command]/usr/bin/git checkout --progress --force refs/remotes/pull/195/merge
2026-10-09T21:20:39.4851846Z Updating files:  46% (11210/24218)
2026-10-09T21:20:39.5248503Z Updating files:  47% (11383/24218)
2026-10-09T21:20:39.5692028Z Updating files:  48% (11625/24218)
2026-10-09T21:20:39.5944984Z Updating files:  49% (11867/24218)
2026-10-09T21:20:39.6468207Z Updating files:  50% (12109/24218)
2026-10-09T21:20:39.6544416Z Updating files:  51% (12352/24218)
2026-10-09T21:20:39.6671611Z Updating files:  52% (12594/24218)
2026-10-09T21:20:39.6819594Z Updating files:  53% (12836/24218)
2026-10-09T21:20:39.6946627Z Updating files:  54% (13078/24218)
2026-10-09T21:20:39.7033539Z Updating files:  55% (13320/24218)
2026-10-09T21:20:39.7117055Z Updating files:  56% (13563/24218)
2026-10-09T21:20:39.7180858Z Updating files:  57% (13805/24218)
2026-10-09T21:20:39.7245543Z Updating files:  58% (14047/24218)
2026-10-09T21:20:39.7304876Z Updating files:  59% (14289/24218)
2026-10-09T21:20:39.7362427Z Updating files:  60% (14531/24218)
2026-10-09T21:20:39.7414036Z Updating files:  61% (14773/24218)
2026-10-09T21:20:39.7461932Z Updating files:  62% (15016/24218)
2026-10-09T21:20:39.7552653Z Updating files:  63% (15258/24218)
2026-10-09T21:20:39.7658600Z Updating files:  64% (15500/24218)
2026-10-09T21:20:39.9214870Z Updating files:  65% (15742/24218)
2026-10-09T21:20:39.9525492Z Updating files:  66% (15984/24218)
2026-10-09T21:20:40.0377394Z Updating files:  67% (16227/24218)
2026-10-09T21:20:40.0879008Z Updating files:  68% (16469/24218)
2026-10-09T21:20:40.1102699Z Updating files:  69% (16711/24218)
2026-10-09T21:20:40.1513425Z Updating files:  70% (16953/24218)
2026-10-09T21:20:40.3936664Z Updating files:  71% (17195/24218)
2026-10-09T21:20:40.4608715Z Updating files:  72% (17437/24218)
2026-10-09T21:20:40.4680138Z Updating files:  73% (17680/24218)
2026-10-09T21:20:40.8006136Z Updating files:  73% (17794/24218)
2026-10-09T21:20:40.8297506Z Updating files:  74% (17922/24218)
2026-10-09T21:20:40.8507634Z Updating files:  75% (18164/24218)
2026-10-09T21:20:40.8763089Z Updating files:  76% (18406/24218)
2026-10-09T21:20:40.9149277Z Updating files:  77% (18648/24218)
2026-10-09T21:20:41.4715507Z Updating files:  78% (18891/24218)
2026-10-09T21:20:41.4868061Z Updating files:  78% (19130/24218)
2026-10-09T21:20:42.4724541Z Updating files:  79% (19133/24218)
2026-10-09T21:20:43.4693188Z Updating files:  79% (19205/24218)
2026-10-09T21:20:43.6287715Z Updating files:  79% (19283/24218)
2026-10-09T21:20:43.6511045Z Updating files:  80% (19375/24218)
2026-10-09T21:20:43.6694097Z Updating files:  81% (19617/24218)
2026-10-09T21:20:43.6822194Z Updating files:  82% (19859/24218)
2026-10-09T21:20:43.7212257Z Updating files:  83% (20101/24218)
2026-10-09T21:20:43.8306587Z Updating files:  84% (20344/24218)
2026-10-09T21:20:43.9555818Z Updating files:  85% (20586/24218)
2026-10-09T21:20:44.0020255Z Updating files:  86% (20828/24218)
2026-10-09T21:20:44.1959696Z Updating files:  87% (21070/24218)
2026-10-09T21:20:44.2177384Z Updating files:  88% (21312/24218)
2026-10-09T21:20:44.2305570Z Updating files:  89% (21555/24218)
2026-10-09T21:20:44.2392599Z Updating files:  90% (21797/24218)
2026-10-09T21:20:44.2616309Z Updating files:  91% (22039/24218)
2026-10-09T21:20:44.7112513Z Updating files:  92% (22281/24218)
2026-10-09T21:20:44.7726008Z Updating files:  92% (22462/24218)
2026-10-09T21:20:45.1770977Z Updating files:  93% (22523/24218)
2026-10-09T21:20:45.1946742Z Updating files:  94% (22765/24218)
2026-10-09T21:20:45.2070050Z Updating files:  95% (23008/24218)
2026-10-09T21:20:45.2239920Z Updating files:  96% (23250/24218)
2026-10-09T21:20:45.2462820Z Updating files:  97% (23492/24218)
2026-10-09T21:20:45.2598673Z Updating files:  98% (23734/24218)
2026-10-09T21:20:45.2876796Z Updating files:  99% (23976/24218)
2026-10-09T21:20:45.2877291Z Updating files: 100% (24218/24218)
2026-10-09T21:20:45.2877562Z Updating files: 100% (24218/24218), done.
2026-10-09T21:20:45.3437814Z Note: switching to 'refs/remotes/pull/195/merge'.
2026-10-09T21:20:45.3438200Z 
2026-10-09T21:20:45.3438449Z You are in 'detached HEAD' state. You can look around, make experimental
2026-10-09T21:20:45.3438900Z changes and commit them, and you can discard any commits you make in this
2026-10-09T21:20:45.3439334Z state without impacting any branches by switching back to a branch.
2026-10-09T21:20:45.3440367Z 
2026-10-09T21:20:45.3440602Z If you want to create a new branch to retain commits you create, you may
2026-10-09T21:20:45.3441148Z do so (now or later) by using -c with the switch command. Example:
2026-10-09T21:20:45.3441789Z 
2026-10-09T21:20:45.3441941Z   git switch -c <new-branch-name>
2026-10-09T21:20:45.3442208Z 
2026-10-09T21:20:45.3442349Z Or undo this operation with:
2026-10-09T21:20:45.3442574Z 
2026-10-09T21:20:45.3442713Z   git switch -
2026-10-09T21:20:45.3442875Z 
2026-10-09T21:20:45.3443174Z Turn off this advice by setting config variable advice.detachedHead to false
2026-10-09T21:20:45.3443570Z 
2026-10-09T21:20:45.3444150Z HEAD is now at 385c95a8 Merge 1434317f54beee5fb78731dbe6df8a16511dbe9e into 23eab8a7ea1fdfd6333c2e5a001cfb41e2a10d69
2026-10-09T21:20:45.3591820Z ##[endgroup]
2026-10-09T21:20:45.3855764Z [command]/usr/bin/git log -1 --format=%H
2026-10-09T21:20:45.3878268Z 385c95a827285c168926980fb00180e21947ccc4
2026-10-09T21:20:45.4851594Z ##[group]Run dtolnay/rust-toolchain@stable
2026-10-09T21:20:45.4851900Z with:
2026-10-09T21:20:45.4852133Z   components: clippy, rustfmt
2026-10-09T21:20:45.4852381Z   toolchain: stable
2026-10-09T21:20:45.4852581Z env:
2026-10-09T21:20:45.4852794Z   CARGO_TERM_COLOR: always
2026-10-09T21:20:45.4853034Z   RUSTFLAGS: -D warnings
2026-10-09T21:20:45.4853260Z ##[endgroup]
2026-10-09T21:20:45.4921919Z ##[start-action display=Parse toolchain version;id=__dtolnay_rust-toolchain.parse]
2026-10-09T21:20:45.5164414Z ##[group]Run if [[ -z $toolchain ]]; then
2026-10-09T21:20:45.5164834Z [36;1mif [[ -z $toolchain ]]; then[0m
2026-10-09T21:20:45.5165363Z [36;1m  # GitHub does not enforce `required: true` inputs itself. https://github.com/actions/runner/issues/1070[0m
2026-10-09T21:20:45.5165890Z [36;1m  echo "'toolchain' is a required input" >&2[0m
2026-10-09T21:20:45.5166198Z [36;1m  exit 1[0m
2026-10-09T21:20:45.5166595Z [36;1melif [[ $toolchain =~ ^stable' '[0-9]+' '(year|month|week|day)s?' 'ago$ ]]; then[0m
2026-10-09T21:20:45.5167010Z [36;1m  if [[ Linux == macOS ]]; then[0m
2026-10-09T21:20:45.5167518Z [36;1m    echo "toolchain=1.$((($(date -v-$(sed 's/stable \([0-9]*\) \(.\).*/\1\2/' <<< $toolchain) +%s)/60/60/24-16569)/7/6))" >> $GITHUB_OUTPUT[0m
2026-10-09T21:20:45.5168026Z [36;1m  else[0m
2026-10-09T21:20:45.5168422Z [36;1m    echo "toolchain=1.$((($(date --date "${toolchain#stable }" +%s)/60/60/24-16569)/7/6))" >> $GITHUB_OUTPUT[0m
2026-10-09T21:20:45.5168857Z [36;1m  fi[0m
2026-10-09T21:20:45.5169164Z [36;1melif [[ $toolchain =~ ^stable' 'minus' '[0-9]+' 'releases?$ ]]; then[0m
2026-10-09T21:20:45.5169666Z [36;1m  echo "toolchain=1.$((($(date +%s)/60/60/24-16569)/7/6-${toolchain//[^0-9]/}))" >> $GITHUB_OUTPUT[0m
2026-10-09T21:20:45.5170136Z [36;1melif [[ $toolchain =~ ^1\.[0-9]+$ ]]; then[0m
2026-10-09T21:20:45.5170645Z [36;1m  echo "toolchain=1.$((i=${toolchain#1.}, c=($(date +%s)/60/60/24-16569)/7/6, i+9*i*(10*i<=c)+90*i*(100*i<=c)))" >> $GITHUB_OUTPUT[0m
2026-10-09T21:20:45.5171111Z [36;1melse[0m
2026-10-09T21:20:45.5171324Z [36;1m  delimiter=EOF[0m
2026-10-09T21:20:45.5171634Z [36;1m  while [[ $toolchain == *$delimiter* ]]; do delimiter+=_; done[0m
2026-10-09T21:20:45.5172122Z [36;1m  printf 'toolchain<<%s\n%s\n%s\n' "$delimiter" "$toolchain" "$delimiter" >> $GITHUB_OUTPUT[0m
2026-10-09T21:20:45.5172527Z [36;1mfi[0m
2026-10-09T21:20:45.5504341Z shell: /usr/bin/bash --noprofile --norc -e -o pipefail {0}
2026-10-09T21:20:45.5504811Z env:
2026-10-09T21:20:45.5505047Z   CARGO_TERM_COLOR: always
2026-10-09T21:20:45.5505299Z   RUSTFLAGS: -D warnings
2026-10-09T21:20:45.5505533Z   toolchain: stable
2026-10-09T21:20:45.5505751Z ##[endgroup]
2026-10-09T21:20:45.5796237Z ##[end-action id=__dtolnay_rust-toolchain.parse;outcome=success;conclusion=success;duration_ms=87]
2026-10-09T21:20:45.5801290Z ##[start-action display=Set $CARGO_HOME;id=__dtolnay_rust-toolchain.__run]
2026-10-09T21:20:45.6358514Z ##[group]Run echo CARGO_HOME=${CARGO_HOME:-"$HOME/.cargo"} >> $GITHUB_ENV
2026-10-09T21:20:45.6359456Z [36;1mecho CARGO_HOME=${CARGO_HOME:-"$HOME/.cargo"} >> $GITHUB_ENV[0m
2026-10-09T21:20:45.6405496Z shell: /usr/bin/bash --noprofile --norc -e -o pipefail {0}
2026-10-09T21:20:45.6405834Z env:
2026-10-09T21:20:45.6406249Z   CARGO_TERM_COLOR: always
2026-10-09T21:20:45.6406487Z   RUSTFLAGS: -D warnings
2026-10-09T21:20:45.6406714Z ##[endgroup]
2026-10-09T21:20:45.6565860Z ##[end-action id=__dtolnay_rust-toolchain.__run;outcome=success;conclusion=success;duration_ms=76]
2026-10-09T21:20:45.6568464Z ##[start-action display=Install rustup if needed;id=__dtolnay_rust-toolchain.__run_2]
2026-10-09T21:20:45.7036545Z ##[group]Run if ! command -v rustup &>/dev/null; then
2026-10-09T21:20:45.7036946Z [36;1mif ! command -v rustup &>/dev/null; then[0m
2026-10-09T21:20:45.7037666Z [36;1m  curl --proto '=https' --tlsv1.2 --retry 10 --retry-connrefused --location --silent --show-error --fail https://sh.rustup.rs | sh -s -- --default-toolchain none -y[0m
2026-10-09T21:20:45.7038568Z [36;1m  echo "$CARGO_HOME/bin" >> $GITHUB_PATH[0m
2026-10-09T21:20:45.7038857Z [36;1mfi[0m
2026-10-09T21:20:45.7085314Z shell: /usr/bin/bash --noprofile --norc -e -o pipefail {0}
2026-10-09T21:20:45.7085658Z env:
2026-10-09T21:20:45.7085989Z   CARGO_TERM_COLOR: always
2026-10-09T21:20:45.7086268Z   RUSTFLAGS: -D warnings
2026-10-09T21:20:45.7086507Z   CARGO_HOME: /home/runner/.cargo
2026-10-09T21:20:45.7086756Z ##[endgroup]
2026-10-09T21:20:45.7162947Z ##[end-action id=__dtolnay_rust-toolchain.__run_2;outcome=success;conclusion=success;duration_ms=59]
2026-10-09T21:20:45.7165921Z ##[start-action display=Install rustup if needed on windows;id=__dtolnay_rust-toolchain.__run_3]
2026-10-09T21:20:45.7174486Z ##[end-action id=__dtolnay_rust-toolchain.__run_3;outcome=skipped;conclusion=skipped;duration_ms=0]
2026-10-09T21:20:45.7188528Z ##[start-action display=rustup toolchain install stable;id=__dtolnay_rust-toolchain.__run_4]
2026-10-09T21:20:45.7544776Z ##[group]Run set -f  # split targets and components on commas and whitespace, without glob expansion
2026-10-09T21:20:45.7545419Z [36;1mset -f  # split targets and components on commas and whitespace, without glob expansion[0m
2026-10-09T21:20:45.7545822Z [36;1mflags=()[0m
2026-10-09T21:20:45.7546092Z [36;1mfor t in ${targets//,/ }; do flags+=(--target "$t"); done[0m
2026-10-09T21:20:45.7546485Z [36;1mfor c in ${components//,/ }; do flags+=(--component "$c"); done[0m
2026-10-09T21:20:45.7546939Z [36;1mif [[ $toolchain == nightly && -n $components ]]; then flags+=(--allow-downgrade); fi[0m
2026-10-09T21:20:45.7547438Z [36;1mlog=$(mktemp)[0m
2026-10-09T21:20:45.7547706Z [36;1mtrap 'rm -f "$log"' EXIT[0m
2026-10-09T21:20:45.7547958Z [36;1mfor attempt in 1 2 3 4 5; do[0m
2026-10-09T21:20:45.7548466Z [36;1m  if rustup toolchain install "$toolchain" "${flags[@]}" --profile minimal --no-self-update --force-non-host 2>&1 | tee "$log"; then[0m
2026-10-09T21:20:45.7548965Z [36;1m    break[0m
2026-10-09T21:20:45.7549166Z [36;1m  else[0m
2026-10-09T21:20:45.7549374Z [36;1m    status=$?[0m
2026-10-09T21:20:45.7549583Z [36;1m  fi[0m
2026-10-09T21:20:45.7549861Z [36;1m  if [[ $attempt == 5 ]] || ! grep -Fq 'checksum failed for ' "$log" \[0m
2026-10-09T21:20:45.7550373Z [36;1m      || ! grep -Fq 'this is likely due to an ongoing update of the official release server' "$log"; then[0m
2026-10-09T21:20:45.7550851Z [36;1m    exit "$status"[0m
2026-10-09T21:20:45.7551115Z [36;1m  fi[0m
2026-10-09T21:20:45.7551441Z [36;1m  echo "Retrying rustup toolchain install in 30 seconds (retry $attempt of 4)" >&2[0m
2026-10-09T21:20:45.7551821Z [36;1m  sleep 30[0m
2026-10-09T21:20:45.7552022Z [36;1mdone[0m
2026-10-09T21:20:45.7598582Z shell: /usr/bin/bash --noprofile --norc -e -o pipefail {0}
2026-10-09T21:20:45.7598928Z env:
2026-10-09T21:20:45.7599155Z   CARGO_TERM_COLOR: always
2026-10-09T21:20:45.7599395Z   RUSTFLAGS: -D warnings
2026-10-09T21:20:45.7599636Z   CARGO_HOME: /home/runner/.cargo
2026-10-09T21:20:45.7599884Z   toolchain: stable
2026-10-09T21:20:45.7600106Z   targets: 
2026-10-09T21:20:45.7600316Z   components: clippy, rustfmt
2026-10-09T21:20:45.7600566Z   RUSTUP_PERMIT_COPY_RENAME: 1
2026-10-09T21:20:45.7600803Z ##[endgroup]
2026-10-09T21:20:46.1376479Z info: syncing channel updates for stable-x86_64-unknown-linux-gnu
2026-10-09T21:20:46.5235033Z info: latest update on 2026-10-01 for version 1.99.0 (b940084d7 2026-09-28)
2026-10-09T21:20:46.5873160Z info: component clippy is up to date
2026-10-09T21:20:46.5873636Z info: component rustfmt is up to date
2026-10-09T21:20:46.5886869Z 
2026-10-09T21:20:46.5963027Z   stable-x86_64-unknown-linux-gnu unchanged - rustc 1.99.0 (b940084d7 2026-09-28)
2026-10-09T21:20:46.5963357Z 
2026-10-09T21:20:46.6155623Z ##[end-action id=__dtolnay_rust-toolchain.__run_4;outcome=success;conclusion=success;duration_ms=896]
2026-10-09T21:20:46.6162532Z ##[start-action display=rustup default stable;id=__dtolnay_rust-toolchain.__run_5]
2026-10-09T21:20:46.6732699Z ##[group]Run rustup default "$toolchain" --force-non-host
2026-10-09T21:20:46.6733120Z [36;1mrustup default "$toolchain" --force-non-host[0m
2026-10-09T21:20:46.6772685Z shell: /usr/bin/bash --noprofile --norc -e -o pipefail {0}
2026-10-09T21:20:46.6773021Z env:
2026-10-09T21:20:46.6773242Z   CARGO_TERM_COLOR: always
2026-10-09T21:20:46.6773504Z   RUSTFLAGS: -D warnings
2026-10-09T21:20:46.6773753Z   CARGO_HOME: /home/runner/.cargo
2026-10-09T21:20:46.6774313Z   toolchain: stable
2026-10-09T21:20:46.6774572Z ##[endgroup]
2026-10-09T21:20:46.7093616Z info: using existing install for stable-x86_64-unknown-linux-gnu
2026-10-09T21:20:46.8929308Z info: default toolchain set to stable-x86_64-unknown-linux-gnu
2026-10-09T21:20:46.8932392Z 
2026-10-09T21:20:46.9010267Z   stable-x86_64-unknown-linux-gnu unchanged - rustc 1.99.0 (b940084d7 2026-09-28)
2026-10-09T21:20:46.9010809Z 
2026-10-09T21:20:46.9025229Z ##[end-action id=__dtolnay_rust-toolchain.__run_5;outcome=success;conclusion=success;duration_ms=286]
2026-10-09T21:20:46.9030389Z ##[start-action display=Create cachekey;id=__dtolnay_rust-toolchain.rustc-version]
2026-10-09T21:20:46.9236559Z ##[group]Run DATE=$(rustc +"$toolchain" --version --verbose | sed -ne 's/^commit-date: \(20[0-9][0-9]\)-\([01][0-9]\)-\([0-3][0-9]\)$/\1\2\3/p')
2026-10-09T21:20:46.9237380Z [36;1mDATE=$(rustc +"$toolchain" --version --verbose | sed -ne 's/^commit-date: \(20[0-9][0-9]\)-\([01][0-9]\)-\([0-3][0-9]\)$/\1\2\3/p')[0m
2026-10-09T21:20:46.9238010Z [36;1mHASH=$(rustc +"$toolchain" --version --verbose | sed -ne 's/^commit-hash: //p')[0m
2026-10-09T21:20:46.9238472Z [36;1mecho "cachekey=$(echo $DATE$HASH | head -c12)" >> $GITHUB_OUTPUT[0m
2026-10-09T21:20:46.9277761Z shell: /usr/bin/bash --noprofile --norc -e -o pipefail {0}
2026-10-09T21:20:46.9278093Z env:
2026-10-09T21:20:46.9278299Z   CARGO_TERM_COLOR: always
2026-10-09T21:20:46.9278534Z   RUSTFLAGS: -D warnings
2026-10-09T21:20:46.9278772Z   CARGO_HOME: /home/runner/.cargo
2026-10-09T21:20:46.9279018Z   toolchain: stable
2026-10-09T21:20:46.9279224Z ##[endgroup]
2026-10-09T21:20:47.0656897Z ##[end-action id=__dtolnay_rust-toolchain.rustc-version;outcome=success;conclusion=success;duration_ms=162]
2026-10-09T21:20:47.0659749Z ##[start-action display=Disable incremental compilation;id=__dtolnay_rust-toolchain.__run_6]
2026-10-09T21:20:47.1338289Z ##[group]Run if [ -z "${CARGO_INCREMENTAL+set}" ]; then
2026-10-09T21:20:47.1338686Z [36;1mif [ -z "${CARGO_INCREMENTAL+set}" ]; then[0m
2026-10-09T21:20:47.1339000Z [36;1m  echo CARGO_INCREMENTAL=0 >> $GITHUB_ENV[0m
2026-10-09T21:20:47.1339280Z [36;1mfi[0m
2026-10-09T21:20:47.1379665Z shell: /usr/bin/bash --noprofile --norc -e -o pipefail {0}
2026-10-09T21:20:47.1379994Z env:
2026-10-09T21:20:47.1380199Z   CARGO_TERM_COLOR: always
2026-10-09T21:20:47.1380433Z   RUSTFLAGS: -D warnings
2026-10-09T21:20:47.1380667Z   CARGO_HOME: /home/runner/.cargo
2026-10-09T21:20:47.1380902Z ##[endgroup]
2026-10-09T21:20:47.1460665Z ##[end-action id=__dtolnay_rust-toolchain.__run_6;outcome=success;conclusion=success;duration_ms=80]
2026-10-09T21:20:47.1462916Z ##[start-action display=Enable colors in Cargo output;id=__dtolnay_rust-toolchain.__run_7]
2026-10-09T21:20:47.1645780Z ##[group]Run if [ -z "${CARGO_TERM_COLOR+set}" ]; then
2026-10-09T21:20:47.1646154Z [36;1mif [ -z "${CARGO_TERM_COLOR+set}" ]; then[0m
2026-10-09T21:20:47.1646632Z [36;1m  echo CARGO_TERM_COLOR=always >> $GITHUB_ENV[0m
2026-10-09T21:20:47.1646928Z [36;1mfi[0m
2026-10-09T21:20:47.1698797Z shell: /usr/bin/bash --noprofile --norc -e -o pipefail {0}
2026-10-09T21:20:47.1699306Z env:
2026-10-09T21:20:47.1699628Z   CARGO_TERM_COLOR: always
2026-10-09T21:20:47.1699997Z   RUSTFLAGS: -D warnings
2026-10-09T21:20:47.1700368Z   CARGO_HOME: /home/runner/.cargo
2026-10-09T21:20:47.1700771Z   CARGO_INCREMENTAL: 0
2026-10-09T21:20:47.1701106Z ##[endgroup]
2026-10-09T21:20:47.1867647Z ##[end-action id=__dtolnay_rust-toolchain.__run_7;outcome=success;conclusion=success;duration_ms=40]
2026-10-09T21:20:47.1872742Z ##[start-action display=Enable Cargo sparse registry;id=__dtolnay_rust-toolchain.__run_8]
2026-10-09T21:20:47.2447487Z ##[group]Run # implemented in 1.66, stabilized in 1.68, made default in 1.70
2026-10-09T21:20:47.2447988Z [36;1m# implemented in 1.66, stabilized in 1.68, made default in 1.70[0m
2026-10-09T21:20:47.2448619Z [36;1mif [ -z "${CARGO_REGISTRIES_CRATES_IO_PROTOCOL+set}" -o -f "/home/runner/work/_temp"/.implicit_cargo_registries_crates_io_protocol ]; then[0m
2026-10-09T21:20:47.2449303Z [36;1m  if rustc +"$toolchain" --version --verbose | grep -q '^release: 1\.6[89]\.'; then[0m
2026-10-09T21:20:47.2449877Z [36;1m    touch "/home/runner/work/_temp"/.implicit_cargo_registries_crates_io_protocol || true[0m
2026-10-09T21:20:47.2450426Z [36;1m    echo CARGO_REGISTRIES_CRATES_IO_PROTOCOL=sparse >> $GITHUB_ENV[0m
2026-10-09T21:20:47.2450904Z [36;1m  elif rustc +"$toolchain" --version --verbose | grep -q '^release: 1\.6[67]\.'; then[0m
2026-10-09T21:20:47.2451418Z [36;1m    touch "/home/runner/work/_temp"/.implicit_cargo_registries_crates_io_protocol || true[0m
2026-10-09T21:20:47.2451891Z [36;1m    echo CARGO_REGISTRIES_CRATES_IO_PROTOCOL=git >> $GITHUB_ENV[0m
2026-10-09T21:20:47.2452241Z [36;1m  fi[0m
2026-10-09T21:20:47.2452439Z [36;1mfi[0m
2026-10-09T21:20:47.2491979Z shell: /usr/bin/bash --noprofile --norc -e -o pipefail {0}
2026-10-09T21:20:47.2492341Z env:
2026-10-09T21:20:47.2492555Z   CARGO_TERM_COLOR: always
2026-10-09T21:20:47.2492796Z   RUSTFLAGS: -D warnings
2026-10-09T21:20:47.2493039Z   CARGO_HOME: /home/runner/.cargo
2026-10-09T21:20:47.2493292Z   CARGO_INCREMENTAL: 0
2026-10-09T21:20:47.2493520Z   toolchain: stable
2026-10-09T21:20:47.2493729Z ##[endgroup]
2026-10-09T21:20:47.3303061Z ##[end-action id=__dtolnay_rust-toolchain.__run_8;outcome=success;conclusion=success;duration_ms=142]
2026-10-09T21:20:47.3306654Z ##[start-action display=Work around spurious network errors in curl 8.0;id=__dtolnay_rust-toolchain.__run_9]
2026-10-09T21:20:47.3737274Z ##[group]Run # https://rust-lang.zulipchat.com/#narrow/stream/246057-t-cargo/topic/timeout.20investigation
2026-10-09T21:20:47.3737994Z [36;1m# https://rust-lang.zulipchat.com/#narrow/stream/246057-t-cargo/topic/timeout.20investigation[0m
2026-10-09T21:20:47.3738561Z [36;1mif rustc +"$toolchain" --version --verbose | grep -q '^release: 1\.7[01]\.'; then[0m
2026-10-09T21:20:47.3739014Z [36;1m  echo CARGO_HTTP_MULTIPLEXING=false >> $GITHUB_ENV[0m
2026-10-09T21:20:47.3739310Z [36;1mfi[0m
2026-10-09T21:20:47.3777831Z shell: /usr/bin/bash --noprofile --norc -e -o pipefail {0}
2026-10-09T21:20:47.3778161Z env:
2026-10-09T21:20:47.3778373Z   CARGO_TERM_COLOR: always
2026-10-09T21:20:47.3778616Z   RUSTFLAGS: -D warnings
2026-10-09T21:20:47.3778852Z   CARGO_HOME: /home/runner/.cargo
2026-10-09T21:20:47.3779097Z   CARGO_INCREMENTAL: 0
2026-10-09T21:20:47.3779309Z   toolchain: stable
2026-10-09T21:20:47.3779509Z ##[endgroup]
2026-10-09T21:20:47.4089639Z ##[end-action id=__dtolnay_rust-toolchain.__run_9;outcome=success;conclusion=success;duration_ms=78]
2026-10-09T21:20:47.4093627Z ##[start-action display=rustc +stable --version --verbose;id=__dtolnay_rust-toolchain.__run_10]
2026-10-09T21:20:47.4447564Z ##[group]Run rustc +"$toolchain" --version --verbose
2026-10-09T21:20:47.4447923Z [36;1mrustc +"$toolchain" --version --verbose[0m
2026-10-09T21:20:47.4486926Z shell: /usr/bin/bash --noprofile --norc -e -o pipefail {0}
2026-10-09T21:20:47.4487490Z env:
2026-10-09T21:20:47.4487708Z   CARGO_TERM_COLOR: always
2026-10-09T21:20:47.4487946Z   RUSTFLAGS: -D warnings
2026-10-09T21:20:47.4488200Z   CARGO_HOME: /home/runner/.cargo
2026-10-09T21:20:47.4488451Z   CARGO_INCREMENTAL: 0
2026-10-09T21:20:47.4488676Z   toolchain: stable
2026-10-09T21:20:47.4488884Z ##[endgroup]
2026-10-09T21:20:47.5369271Z rustc 1.99.0 (b940084d7 2026-09-28)
2026-10-09T21:20:47.5369721Z binary: rustc
2026-10-09T21:20:47.5370081Z commit-hash: b940084d7eb6a299eb4bfeb8e34901bc051e7ac4
2026-10-09T21:20:47.5370506Z commit-date: 2026-09-28
2026-10-09T21:20:47.5370821Z host: x86_64-unknown-linux-gnu
2026-10-09T21:20:47.5371139Z release: 1.99.0
2026-10-09T21:20:47.5371813Z LLVM version: 23.1.1
2026-10-09T21:20:47.5388774Z ##[end-action id=__dtolnay_rust-toolchain.__run_10;outcome=success;conclusion=success;duration_ms=129]
2026-10-09T21:20:47.6058678Z ##[group]Run Swatinem/rust-cache@v2
2026-10-09T21:20:47.6059330Z with:
2026-10-09T21:20:47.6059554Z   prefix-key: v0-rust
2026-10-09T21:20:47.6059774Z   add-job-id-key: true
2026-10-09T21:20:47.6060021Z   add-rust-environment-hash-key: true
2026-10-09T21:20:47.6060289Z   cache-targets: true
2026-10-09T21:20:47.6060510Z   cache-all-crates: false
2026-10-09T21:20:47.6060752Z   cache-workspace-crates: false
2026-10-09T21:20:47.6060988Z   save-if: true
2026-10-09T21:20:47.6061196Z   cache-provider: github
2026-10-09T21:20:47.6061414Z   cache-bin: true
2026-10-09T21:20:47.6061621Z   lookup-only: false
2026-10-09T21:20:47.6061824Z   cmd-format: {0}
2026-10-09T21:20:47.6062018Z env:
2026-10-09T21:20:47.6062208Z   CARGO_TERM_COLOR: always
2026-10-09T21:20:47.6062438Z   RUSTFLAGS: -D warnings
2026-10-09T21:20:47.6062670Z   CARGO_HOME: /home/runner/.cargo
2026-10-09T21:20:47.6062908Z   CARGO_INCREMENTAL: 0
2026-10-09T21:20:47.6063118Z ##[endgroup]
2026-10-09T21:20:50.5379794Z ##[group]Cache Configuration
2026-10-09T21:20:50.5380654Z Cache Provider:
2026-10-09T21:20:50.5382259Z     github
2026-10-09T21:20:50.5382991Z Workspaces:
2026-10-09T21:20:50.5383600Z     /home/runner/work/codecortex/codecortex
2026-10-09T21:20:50.5384653Z Cache Paths:
2026-10-09T21:20:50.5385175Z     /home/runner/.cargo/bin
2026-10-09T21:20:50.5385808Z     /home/runner/.cargo/.crates.toml
2026-10-09T21:20:50.5386456Z     /home/runner/.cargo/.crates2.json
2026-10-09T21:20:50.5387113Z     /home/runner/.cargo/registry
2026-10-09T21:20:50.5387783Z     /home/runner/.cargo/git
2026-10-09T21:20:50.5388552Z     /home/runner/work/codecortex/codecortex/target
2026-10-09T21:20:50.5389236Z Restore Key:
2026-10-09T21:20:50.5389806Z     v0-rust-check-Linux-x64-cbcac849
2026-10-09T21:20:50.5390439Z Cache Key:
2026-10-09T21:20:50.5391036Z     v0-rust-check-Linux-x64-cbcac849-015a28e6
2026-10-09T21:20:50.5391696Z .. Prefix:
2026-10-09T21:20:50.5392261Z   - v0-rust-check-Linux-x64
2026-10-09T21:20:50.5392962Z .. Environment considered:
2026-10-09T21:20:50.5393564Z   - Rust Versions:
2026-10-09T21:20:50.5394543Z     - 1.99.0 x86_64-unknown-linux-gnu b940084d7eb6a299eb4bfeb8e34901bc051e7ac4
2026-10-09T21:20:50.5395364Z   - CARGO_HOME
2026-10-09T21:20:50.5396099Z   - CARGO_INCREMENTAL
2026-10-09T21:20:50.5396663Z   - CARGO_TERM_COLOR
2026-10-09T21:20:50.5397311Z   - RUSTFLAGS
2026-10-09T21:20:50.5398329Z .. Lockfiles considered:
2026-10-09T21:20:50.5399312Z   - /home/runner/work/codecortex/codecortex/Cargo.lock
2026-10-09T21:20:50.5400226Z   - /home/runner/work/codecortex/codecortex/crates/cc-db/Cargo.toml
2026-10-09T21:20:50.5401318Z   - /home/runner/work/codecortex/codecortex/crates/cc-eval/Cargo.toml
2026-10-09T21:20:50.5402228Z   - /home/runner/work/codecortex/codecortex/crates/cc-index/Cargo.toml
2026-10-09T21:20:50.5403138Z   - /home/runner/work/codecortex/codecortex/crates/cc-model/Cargo.toml
2026-10-09T21:20:50.5404317Z   - /home/runner/work/codecortex/codecortex/crates/cc-parsers/Cargo.toml
2026-10-09T21:20:50.5406116Z   - /home/runner/work/codecortex/codecortex/crates/cc-search/Cargo.toml
2026-10-09T21:20:50.5407109Z   - /home/runner/work/codecortex/codecortex/crates/cc-semantic/Cargo.toml
2026-10-09T21:20:50.5408312Z   - /home/runner/work/codecortex/codecortex/crates/cc-server/Cargo.toml
2026-10-09T21:20:50.5409415Z ##[endgroup]
2026-10-09T21:20:50.5409668Z 
2026-10-09T21:20:50.5409837Z ... Restoring cache ...
2026-10-09T21:20:50.6841516Z Cache hit for: v0-rust-check-Linux-x64-cbcac849-015a28e6
2026-10-09T21:20:51.8396119Z Received 79691776 of 554480263 (14.4%), 76.1 MBs/sec
2026-10-09T21:20:52.8394899Z Received 251658240 of 554480263 (45.4%), 120.1 MBs/sec
2026-10-09T21:20:53.8405446Z Received 411041792 of 554480263 (74.1%), 130.7 MBs/sec
2026-10-09T21:20:54.6362844Z Received 554480263 of 554480263 (100.0%), 139.3 MBs/sec
2026-10-09T21:20:54.6364285Z Cache Size: ~529 MB (554480263 B)
2026-10-09T21:20:54.6480057Z [command]/usr/bin/tar -xf /home/runner/work/_temp/2bb73125-b1df-42ae-a309-d099974db44f/cache.tzst -P -C /home/runner/work/codecortex/codecortex --use-compress-program unzstd
2026-10-09T21:21:03.0178587Z Cache restored successfully
2026-10-09T21:21:03.0388059Z Restored from cache key "v0-rust-check-Linux-x64-cbcac849-015a28e6" full match: true.
2026-10-09T21:21:03.0726766Z ##[group]Run cargo fmt --all -- --check
2026-10-09T21:21:03.0727399Z [36;1mcargo fmt --all -- --check[0m
2026-10-09T21:21:03.0779407Z shell: /usr/bin/bash -e {0}
2026-10-09T21:21:03.0779923Z env:
2026-10-09T21:21:03.0780260Z   CARGO_TERM_COLOR: always
2026-10-09T21:21:03.0780647Z   RUSTFLAGS: -D warnings
2026-10-09T21:21:03.0781052Z   CARGO_HOME: /home/runner/.cargo
2026-10-09T21:21:03.0781404Z   CARGO_INCREMENTAL: 0
2026-10-09T21:21:03.0781728Z   CACHE_ON_FAILURE: false
2026-10-09T21:21:03.0782079Z ##[endgroup]
2026-10-09T21:21:05.7671941Z Diff in /home/runner/work/codecortex/codecortex/crates/cc-eval/tests/benchmark_oracle_streaming.rs:102:
2026-10-09T21:21:05.7672924Z          let same_source_row = table(&same_source, name);
2026-10-09T21:21:05.7673676Z          assert_eq!(same_source_row["incremental_rows"], row["incremental_rows"]);
2026-10-09T21:21:05.7674620Z          assert_eq!(same_source_row["full_rows"], row["incremental_rows"]);
2026-10-09T21:21:05.7675589Z -        assert_eq!(same_source_row["incremental_digest"], row["incremental_digest"]);
2026-10-09T21:21:05.7676247Z +        assert_eq!(
2026-10-09T21:21:05.7676733Z +            same_source_row["incremental_digest"],
2026-10-09T21:21:05.7677300Z +            row["incremental_digest"]
2026-10-09T21:21:05.7677819Z +        );
2026-10-09T21:21:05.7678348Z          assert_eq!(same_source_row["full_digest"], row["incremental_digest"]);
2026-10-09T21:21:05.7679058Z          assert_eq!(row["incremental_rows"], legacy_a[*name].len());
2026-10-09T21:21:05.7679808Z          assert_eq!(row["full_rows"], legacy_b[*name].len());
2026-10-09T21:21:07.9036765Z ##[error]Process completed with exit code 1.
2026-10-09T21:21:07.9256301Z Post job cleanup.
2026-10-09T21:21:08.0057345Z [command]/usr/bin/git version
2026-10-09T21:21:08.0090274Z git version 2.55.0
2026-10-09T21:21:08.0120263Z Temporarily overriding HOME='/home/runner/work/_temp/d0a02d28-51dc-42b6-a61c-40a179328a68' before making global git config changes
2026-10-09T21:21:08.0121605Z Adding repository directory to the temporary git global config as a safe directory
2026-10-09T21:21:08.0125614Z [command]/usr/bin/git config --global --add safe.directory /home/runner/work/codecortex/codecortex
2026-10-09T21:21:08.0157628Z [command]/usr/bin/git config --local --name-only --get-regexp core\.sshCommand
2026-10-09T21:21:08.0188424Z [command]/usr/bin/git submodule foreach --recursive sh -c "git config --local --name-only --get-regexp 'core\.sshCommand' && git config --local --unset-all 'core.sshCommand' || :"
2026-10-09T21:21:08.0399030Z [command]/usr/bin/git config --local --name-only --get-regexp http\.https\:\/\/github\.com\/\.extraheader
2026-10-09T21:21:08.0421684Z http.https://github.com/.extraheader
2026-10-09T21:21:08.0430001Z [command]/usr/bin/git config --local --unset-all http.https://github.com/.extraheader
2026-10-09T21:21:08.0460017Z [command]/usr/bin/git submodule foreach --recursive sh -c "git config --local --name-only --get-regexp 'http\.https\:\/\/github\.com\/\.extraheader' && git config --local --unset-all 'http.https://github.com/.extraheader' || :"
2026-10-09T21:21:08.0672131Z [command]/usr/bin/git config --local --name-only --get-regexp ^includeIf\.gitdir:
2026-10-09T21:21:08.0698466Z [command]/usr/bin/git submodule foreach --recursive git config --local --show-origin --name-only --get-regexp remote.origin.url
2026-10-09T21:21:08.1031807Z Cleaning up orphan processes
2026-10-09T21:21:08.1268821Z ##[warning]Node.js 20 is deprecated. The following actions target Node.js 20 but are being forced to run on Node.js 24: actions/checkout@v4. For more information see: https://github.blog/changelog/2025-09-19-deprecation-of-node-20-on-github-actions-runners/
