{
  "passed": true,
  "receipt": "/dev/shm/codecortex-closeout-996727/validation/ci9ebe-p7-016-root-replay.json",
  "receipt_sha256": "04c319ab3aeb149ad69ac3eb1a1c9437b9a1139e05a27540f90c42fe8081ad46",
  "seed_results": [
    {
      "seed": 197,
      "actual_exit_sequence": 151,
      "actual_exit_unix_time": 1791431742.1700578,
      "claimed_sequence": 150,
      "lease_expires_at": 1791431744.1455739,
      "exit_precedes_expiry_seconds": 1.9755160808563232,
      "recovery_spawn_unix_time": 1791431744.1963797,
      "retry_scheduled_delay_seconds": 30.00047469139099,
      "actual_http_retry_gap_seconds": 30.063380241394043,
      "observed_document_posts": 5,
      "zero_post_warm_restarts": 2,
      "readonly_pending_status_observations": 36,
      "local_query_observations": 12,
      "gc_deleted_objects": 2,
      "gc_log_unix_time": 1791431712.087722,
      "final_cache_objects": 1,
      "exits": {
        "seed-197-initial": 0,
        "seed-197-warm-restart": -9,
        "seed-197-crash-recovery": 0,
        "seed-197-final-cache-reuse": 0
      },
      "attempts": [
        1,
        2,
        3
      ],
      "result_sha256": "eb6d39b585d3ecda517f9671f90c0e08edd3763323cdf5a42b0be7932de29753"
    },
    {
      "seed": 199,
      "actual_exit_sequence": 375,
      "actual_exit_unix_time": 1791431776.376509,
      "claimed_sequence": 374,
      "lease_expires_at": 1791431778.351919,
      "exit_precedes_expiry_seconds": 1.975409984588623,
      "recovery_spawn_unix_time": 1791431778.402721,
      "retry_scheduled_delay_seconds": 30.000444889068604,
      "actual_http_retry_gap_seconds": 30.063328504562378,
      "observed_document_posts": 5,
      "zero_post_warm_restarts": 2,
      "readonly_pending_status_observations": 36,
      "local_query_observations": 12,
      "gc_deleted_objects": 2,
      "gc_log_unix_time": 1791431746.294207,
      "final_cache_objects": 1,
      "exits": {
        "seed-199-initial": 0,
        "seed-199-warm-restart": -9,
        "seed-199-crash-recovery": 0,
        "seed-199-final-cache-reuse": 0
      },
      "attempts": [
        1,
        2,
        3
      ],
      "result_sha256": "f973a34f8e0643237d7bd8665c172f0a2b45970e16c68addd06ba2ed1b8317a5"
    },
    {
      "seed": 211,
      "actual_exit_sequence": 603,
      "actual_exit_unix_time": 1791431810.757178,
      "claimed_sequence": 602,
      "lease_expires_at": 1791431812.732657,
      "exit_precedes_expiry_seconds": 1.9754788875579834,
      "recovery_spawn_unix_time": 1791431812.7834506,
      "retry_scheduled_delay_seconds": 30.000417470932007,
      "actual_http_retry_gap_seconds": 30.062401294708252,
      "observed_document_posts": 5,
      "zero_post_warm_restarts": 2,
      "readonly_pending_status_observations": 36,
      "local_query_observations": 12,
      "gc_deleted_objects": 2,
      "gc_log_unix_time": 1791431780.675774,
      "final_cache_objects": 1,
      "exits": {
        "seed-211-initial": 0,
        "seed-211-warm-restart": -9,
        "seed-211-crash-recovery": 0,
        "seed-211-final-cache-reuse": 0
      },
      "attempts": [
        1,
        2,
        3
      ],
      "result_sha256": "44ecc562d11ea812f706e9aecc37dc146f81258c7f94b54a3d00f6a1e25ce038"
    }
  ]
}
