["cargo", "test", "--locked", "-j", "2", "-p", "cc-parsers", "--test", "independent_cpp_final_declarators"]
   Compiling cc v1.2.58
   Compiling getrandom v0.4.2
   Compiling tempfile v3.27.0
   Compiling blake3 v1.8.4
   Compiling tree-sitter-typescript v0.23.2
   Compiling tree-sitter v0.24.7
   Compiling tree-sitter-c v0.23.4
   Compiling tree-sitter-go v0.23.4
   Compiling tree-sitter-rust v0.23.3
   Compiling tree-sitter-cpp v0.23.4
   Compiling tree-sitter-python v0.23.6
   Compiling tree-sitter-java v0.23.5
   Compiling tree-sitter-javascript v0.23.1
   Compiling cc-model v1.0.0 (/workspace/codecortex/crates/cc-model)
   Compiling cc-parsers v1.0.0 (/workspace/codecortex/crates/cc-parsers)
    Finished `test` profile [unoptimized + debuginfo] target(s) in 15.43s
     Running tests/independent_cpp_final_declarators.rs (/workspace/target-packing-integration/debug/deps/independent_cpp_final_declarators-b69f4beb0c08d87c)

running 3 tests
test excessive_declarator_edges_omit_name_without_type_or_parameter_fallback ... ok
test unknown_conversion_operator_keeps_name_omitted_even_with_poisoned_native_hint ... ok
test parenthesized_pointer_return_does_not_accept_return_or_parameter_poison ... ok

test result: ok. 3 passed; 0 failed; 0 ignored; 0 measured; 0 filtered out; finished in 0.01s

